≡ƒ¢░∩╕Å  SCENARIO: Near-collision test
   Satellite SAT-ALPHA-04 at [6800, 0, 0] km heading +Y
   Debris    DEB-THREAT-01 at [6800.03, 0.02, 0.01] km heading -Y
   Initial separation: ~36 meters (below 100m collision threshold)

============================================================
  Step 1: Telemetry Ingestion  [HTTP 200]
============================================================
{
  "status": "ACK",
  "processed_count": 2,
  "active_cdm_warnings": 1
}

============================================================
  Step 2: Snapshot (before sim)  [HTTP 200]
============================================================
{
  "timestamp": "2026-03-12T08:00:00.000Z",
  "satellites": [
    {
      "id": "SAT-CAE89DB8",
      "lat": 61.63146493446727,
      "lon": 11.156520308397393,
      "alt": 253.75447749956493,
      "fuel_kg": 50.0,
      "status": "NOMINAL"
    },
    {
      "id": "SAT-A3110208",
      "lat": -28.14240024517195,
      "lon": 101.25191899928733,
      "alt": 268.6705071997876,
      "fuel_kg": 50.0,
      "status": "NOMINAL"
    },
    {
      "id": "SAT-98F72BF0",
      "lat": 22.939147141278607,
      "lon": 37.828686496419856,
      "alt": 403.3387156153758,
      "fuel_kg": 50.0,
      "status": "NOMINAL"
    },
    {
      "id": "SAT-C105782E",
      "lat": -17.83106937713906,
      "lon": -75.25304663037913,
      "alt": 744.207204488478,
      "fuel_kg": 50.0,
      "status": "NOMINAL"
    },
    {
      "id": "SAT-C3AA3761",
      "lat": 83.24911268991579,
      "lon": -132.5627646723347,
      "alt": 643.4262452909388,
      "fuel_kg": 50.0,
      "status": "NOMINAL"
    },
    {
      "id": "SAT-92617C72",
      "lat": -51.36066050038357,
      "lon": -33.32940582258019,
      "alt": 456.1615915979328,
      "fuel_kg": 50.0,
      "status": "NOMINAL"
    },
    {
      "id": "SAT-C9F4C57E",
      "lat": -13.692793489192244,
      "lon": 48.627768189362996,
      "alt": 535.2690929093178,
      "fuel_kg": 50.0,
      "status": "NOMINAL"
    },
    {
      "id": "SAT-9B1193A3",
      "lat": -67.88119768495915,
      "lon": -173.10101361129375,
      "alt": 292.8080536328598,
      "fuel_kg": 50.0,
      "status": "NOMINAL"
    },
    {
      "id": "SAT-F4DBC9D3",
      "lat": -66.58564242808289,
      "lon": 131.59792462542623,
      "alt": 494.61260326107913,
      "fuel_kg": 50.0,
      "status": "NOMINAL"
    },
    {
      "id": "SAT-5DBB4BD0",
      "lat": 8.740816106747172,
      "lon": 53.918708258925214,
      "alt": 325.89959620949594,
      "fuel_kg": 50.0,
      "status": "NOMINAL"
    },
    {
      "id": "SAT-E92698A3",
      "lat": -7.1745169588620525,
      "lon": 169.40228454855628,
      "alt": 247.85519974595627,
      "fuel_kg": 50.0,
      "status": "NOMINAL"
    },
    {
      "id": "SAT-84175DC6",
      "lat": 9.176470947782375,
      "lon": -83.21410824971497,
      "alt": 413.3691713677599,
      "fuel_kg": 50.0,
      "status": "NOMINAL"
    },
    {
      "id": "SAT-1F028013",
      "lat": -83.73521838492691,
      "lon": 86.35563534286372,
      "alt": 575.5851911704794,
      "fuel_kg": 50.0,
      "status": "NOMINAL"
    },
    {
      "id": "SAT-54D80E64",
      "lat": 6.236356069778164,
      "lon": -122.9094114338457,
      "alt": 455.0381556733382,
      "fuel_kg": 50.0,
      "status": "NOMINAL"
    },
    {
      "id": "SAT-B24E0C7B",
      "lat": -50.75561373954214,
      "lon": -92.45470505711765,
      "alt": 520.2386595889211,
      "fuel_kg": 50.0,
      "status": "NOMINAL"
    },
    {
      "id": "SAT-0600A1C4",
      "lat": 54.866337843770516,
      "lon": 173.1768890505885,
      "alt": 519.7426679942309,
      "fuel_kg": 50.0,
      "status": "NOMINAL"
    },
    {
      "id": "SAT-1C22E010",
      "lat": 50.160608826513986,
      "lon": -86.50963652389376,
      "alt": 738.8949630379366,
      "fuel_kg": 50.0,
      "status": "NOMINAL"
    },
    {
      "id": "SAT-FCE54EDD",
      "lat": -67.35218743586957,
      "lon": -64.29926298251476,
      "alt": 764.9458079626584,
      "fuel_kg": 50.0,
      "status": "NOMINAL"
    },
    {
      "id": "SAT-A4027C61",
      "lat": 22.78319641546298,
      "lon": 42.30593675536836,
      "alt": 613.2903366130095,
      "fuel_kg": 50.0,
      "status": "NOMINAL"
    },
    {
      "id": "SAT-11412017",
      "lat": 12.039283438646345,
      "lon": -8.554883285782847,
      "alt": 309.9101282832871,
      "fuel_kg": 50.0,
      "status": "NOMINAL"
    },
    {
      "id": "SAT-90F9716E",
      "lat": -34.272224366769336,
      "lon": 114.13845552953826,
      "alt": 317.73368981532167,
      "fuel_kg": 50.0,
      "status": "NOMINAL"
    },
    {
      "id": "SAT-DCE46395",
      "lat": 49.28159342743476,
      "lon": -148.31414921838413,
      "alt": 649.3927803461256,
      "fuel_kg": 50.0,
      "status": "NOMINAL"
    },
    {
      "id": "SAT-EB6FE4C8",
      "lat": 3.7339625048905543,
      "lon": 134.30857631028528,
      "alt": 673.1147778002542,
      "fuel_kg": 50.0,
      "status": "NOMINAL"
    },
    {
      "id": "SAT-3EDD7EFE",
      "lat": 49.75508879927487,
      "lon": -132.1870555468862,
      "alt": 783.5349945001935,
      "fuel_kg": 50.0,
      "status": "NOMINAL"
    },
    {
      "id": "SAT-91A8A573",
      "lat": -18.112216846487456,
      "lon": -9.663744813583744,
      "alt": 364.4325120328158,
      "fuel_kg": 50.0,
      "status": "NOMINAL"
    },
    {
      "id": "SAT-16F06E11",
      "lat": 67.3234350600323,
      "lon": -114.79350326439058,
      "alt": 789.1306697857981,
      "fuel_kg": 50.0,
      "status": "NOMINAL"
    },
    {
      "id": "SAT-B9A52310",
      "lat": 58.58548950271185,
      "lon": 55.776145257846345,
      "alt": 780.0953279054811,
      "fuel_kg": 50.0,
      "status": "NOMINAL"
    },
    {
      "id": "SAT-2F05300C",
      "lat": -37.202215620498926,
      "lon": 101.17309585892419,
      "alt": 254.96685577412882,
      "fuel_kg": 50.0,
      "status": "NOMINAL"
    },
    {
      "id": "SAT-D074A3D5",
      "lat": -55.03998092326395,
      "lon": 88.39663978873956,
      "alt": 729.3808316132463,
      "fuel_kg": 50.0,
      "status": "NOMINAL"
    },
    {
      "id": "SAT-C83A849B",
      "lat": -19.573260430162666,
      "lon": 5.022307733824712,
      "alt": 577.9647299163935,
      "fuel_kg": 50.0,
      "status": "NOMINAL"
    },
    {
      "id": "SAT-1706660D",
      "lat": -42.91369726525025,
      "lon": -162.2438664418184,
      "alt": 551.3176529517414,
      "fuel_kg": 50.0,
      "status": "NOMINAL"
    },
    {
      "id": "SAT-682B81ED",
      "lat": 36.31691969328741,
      "lon": 84.51569299284272,
      "alt": 367.4986909543877,
      "fuel_kg": 50.0,
      "status": "NOMINAL"
    },
    {
      "id": "SAT-6EBA2AF7",
      "lat": 19.261861166592094,
      "lon": -57.869101041816464,
      "alt": 624.8056513694037,
      "fuel_kg": 50.0,
      "status": "NOMINAL"
    },
    {
      "id": "SAT-A70995B3",
      "lat": 7.670394110932734,
      "lon": 128.53782514293675,
      "alt": 594.8569046720668,
      "fuel_kg": 50.0,
      "status": "NOMINAL"
    },
    {
      "id": "SAT-E481AF0D",
      "lat": 7.422946038610506,
      "lon": 48.8475007432972,
      "alt": 709.390535915998,
      "fuel_kg": 50.0,
      "status": "NOMINAL"
    },
    {
      "id": "SAT-4B3B26D3",
      "lat": -58.472909338008606,
      "lon": 75.32334165584231,
      "alt": 322.5830581074106,
      "fuel_kg": 50.0,
      "status": "NOMINAL"
    },
    {
      "id": "SAT-5E1B9572",
      "lat": 68.55295515535288,
      "lon": -12.016471765453913,
      "alt": 217.48674795989064,
      "fuel_kg": 50.0,
      "status": "NOMINAL"
    },
    {
      "id": "SAT-1AE0B9DB",
      "lat": -60.528022288098995,
      "lon": -7.477719756458766,
      "alt": 740.9525592914033,
      "fuel_kg": 50.0,
      "status": "NOMINAL"
    },
    {
      "id": "SAT-F6E35A9A",
      "lat": 11.150917808749046,
      "lon": 28.471487991071868,
      "alt": 477.50705502763685,
      "fuel_kg": 50.0,
      "status": "NOMINAL"
    },
    {
      "id": "SAT-2E544139",
      "lat": -48.21432415014822,
      "lon": -154.54459806712677,
      "alt": 638.1123958051412,
      "fuel_kg": 50.0,
      "status": "NOMINAL"
    },
    {
      "id": "SAT-9C59E492",
      "lat": 65.40206592281253,
      "lon": 169.1875562274757,
      "alt": 428.3232062743773,
      "fuel_kg": 50.0,
      "status": "NOMINAL"
    },
    {
      "id": "SAT-623C4640",
      "lat": -43.94882911298054,
      "lon": -46.71255475376203,
      "alt": 552.8254511894138,
      "fuel_kg": 50.0,
      "status": "NOMINAL"
    },
    {
      "id": "SAT-E31D6810",
      "lat": -39.05823774462795,
      "lon": 165.97343157553354,
      "alt": 519.0326866776304,
      "fuel_kg": 50.0,
      "status": "NOMINAL"
    },
    {
      "id": "SAT-0380CD5E",
      "lat": -58.60461350297309,
      "lon": -75.3930776437674,
      "alt": 391.8368179618092,
      "fuel_kg": 50.0,
      "status": "NOMINAL"
    },
    {
      "id": "SAT-67222273",
      "lat": -18.620618971646007,
      "lon": -144.43500029263777,
      "alt": 697.035617934308,
      "fuel_kg": 50.0,
      "status": "NOMINAL"
    },
    {
      "id": "SAT-542B8812",
      "lat": 30.53524302427948,
      "lon": 119.3053203342593,
      "alt": 436.9456644952261,
      "fuel_kg": 50.0,
      "status": "NOMINAL"
    },
    {
      "id": "SAT-ED524B4C",
      "lat": -18.352755061479606,
      "lon": 93.50036109708856,
      "alt": 504.3633646622484,
      "fuel_kg": 50.0,
      "status": "NOMINAL"
    },
    {
      "id": "SAT-3D76D7E3",
      "lat": 7.5386626328940585,
      "lon": -134.41074630521646,
      "alt": 603.2095271774679,
      "fuel_kg": 50.0,
      "status": "NOMINAL"
    },
    {
      "id": "SAT-DF60F2AF",
      "lat": -55.76244598025118,
      "lon": -153.3697598456083,
      "alt": 242.06805888912095,
      "fuel_kg": 50.0,
      "status": "NOMINAL"
    },
    {
      "id": "SAT-483E722B",
      "lat": 4.30100538406197,
      "lon": 84.69388014900653,
      "alt": 549.6642540984121,
      "fuel_kg": 50.0,
      "status": "NOMINAL"
    },
    {
      "id": "SAT-C2AB5100",
      "lat": 26.61076219976016,
      "lon": 90.82492954327134,
      "alt": 594.7447959074243,
      "fuel_kg": 50.0,
      "status": "NOMINAL"
    },
    {
      "id": "SAT-5FBAAF09",
      "lat": -2.693563714265094,
      "lon": -163.2358633758214,
      "alt": 619.7716677775352,
      "fuel_kg": 50.0,
      "status": "NOMINAL"
    },
    {
      "id": "SAT-2450DC5E",
      "lat": 70.0978731262419,
      "lon": 171.09718434958225,
      "alt": 717.8435625715783,
      "fuel_kg": 50.0,
      "status": "NOMINAL"
    },
    {
      "id": "SAT-7791560A",
      "lat": -35.890723369946706,
      "lon": 99.49595502907756,
      "alt": 236.0365583902567,
      "fuel_kg": 50.0,
      "status": "NOMINAL"
    },
    {
      "id": "SAT-143C1FD2",
      "lat": -68.58234835949014,
      "lon": -122.138260384258,
      "alt": 690.6806535930355,
      "fuel_kg": 50.0,
      "status": "NOMINAL"
    },
    {
      "id": "SAT-E057F284",
      "lat": -58.31804285144355,
      "lon": -107.7350877920286,
      "alt": 330.87032825691585,
      "fuel_kg": 50.0,
      "status": "NOMINAL"
    },
    {
      "id": "SAT-686D4244",
      "lat": -36.82781846078306,
      "lon": 127.11912916391367,
      "alt": 268.55254172028526,
      "fuel_kg": 50.0,
      "status": "NOMINAL"
    },
    {
      "id": "SAT-5830B428",
      "lat": -48.84762543339521,
      "lon": -21.287929043637938,
      "alt": 259.4884410389841,
      "fuel_kg": 50.0,
      "status": "NOMINAL"
    },
    {
      "id": "SAT-A64D3AB9",
      "lat": -30.04473362884458,
      "lon": 53.307411196369344,
      "alt": 724.219007900052,
      "fuel_kg": 50.0,
      "status": "NOMINAL"
    },
    {
      "id": "SAT-EB1F3DC8",
      "lat": -67.78044316561876,
      "lon": -109.58773963205392,
      "alt": 661.8153848549073,
      "fuel_kg": 50.0,
      "status": "NOMINAL"
    },
    {
      "id": "SAT-C8431456",
      "lat": -41.82224597530611,
      "lon": -131.20190514502232,
      "alt": 812.266048751414,
      "fuel_kg": 50.0,
      "status": "NOMINAL"
    },
    {
      "id": "SAT-B1A5C18B",
      "lat": -24.01881253769547,
      "lon": -32.29130641595374,
      "alt": 297.4264852635497,
      "fuel_kg": 50.0,
      "status": "NOMINAL"
    },
    {
      "id": "SAT-BC3CF6CC",
      "lat": -32.686876438646586,
      "lon": -87.61613851269843,
      "alt": 796.0190479563389,
      "fuel_kg": 50.0,
      "status": "NOMINAL"
    },
    {
      "id": "SAT-E8635A67",
      "lat": 43.43161745798944,
      "lon": 140.6199293819921,
      "alt": 528.7059807047381,
      "fuel_kg": 50.0,
      "status": "NOMINAL"
    },
    {
      "id": "SAT-EF8C93BB",
      "lat": -14.588351184199295,
      "lon": -105.18748308503262,
      "alt": 529.4696649745956,
      "fuel_kg": 50.0,
      "status": "NOMINAL"
    },
    {
      "id": "SAT-B590F099",
      "lat": 7.56600803410254,
      "lon": 74.98234418377162,
      "alt": 714.8990684994105,
      "fuel_kg": 50.0,
      "status": "NOMINAL"
    },
    {
      "id": "SAT-3A66F038",
      "lat": 44.809488768280914,
      "lon": -90.00966585949713,
      "alt": 480.496758374572,
      "fuel_kg": 50.0,
      "status": "NOMINAL"
    },
    {
      "id": "SAT-E83480A8",
      "lat": -38.822599848018484,
      "lon": 125.32157661790885,
      "alt": 324.6889690526277,
      "fuel_kg": 50.0,
      "status": "NOMINAL"
    },
    {
      "id": "SAT-0F7571FC",
      "lat": 26.861142627921758,
      "lon": 94.15266885172773,
      "alt": 351.63582253686945,
      "fuel_kg": 50.0,
      "status": "NOMINAL"
    },
    {
      "id": "SAT-86F19B14",
      "lat": -63.10529208460136,
      "lon": -160.31213717486574,
      "alt": 578.7278005526014,
      "fuel_kg": 50.0,
      "status": "NOMINAL"
    },
    {
      "id": "SAT-10815A32",
      "lat": 38.620772288491295,
      "lon": -79.56047714190863,
      "alt": 296.59005730028,
      "fuel_kg": 50.0,
      "status": "NOMINAL"
    },
    {
      "id": "SAT-FD7E80C9",
      "lat": -10.060931839025626,
      "lon": -158.34481134769158,
      "alt": 407.7895289336411,
      "fuel_kg": 50.0,
      "status": "NOMINAL"
    },
    {
      "id": "SAT-0DF55F83",
      "lat": -61.783401838511324,
      "lon": -81.68232227988865,
      "alt": 485.9279142640007,
      "fuel_kg": 50.0,
      "status": "NOMINAL"
    },
    {
      "id": "SAT-E6519DFF",
      "lat": -76.84271895946067,
      "lon": -163.00405358400553,
      "alt": 305.8203239624936,
      "fuel_kg": 50.0,
      "status": "NOMINAL"
    },
    {
      "id": "SAT-9CFB4537",
      "lat": 53.03734296730914,
      "lon": 44.31195879682876,
      "alt": 468.9613505568868,
      "fuel_kg": 50.0,
      "status": "NOMINAL"
    },
    {
      "id": "SAT-08B234FA",
      "lat": -73.16955774656252,
      "lon": -17.339299965298633,
      "alt": 511.8522981782562,
      "fuel_kg": 50.0,
      "status": "NOMINAL"
    },
    {
      "id": "SAT-68C1DB28",
      "lat": 32.75020616488427,
      "lon": -113.75052185817215,
      "alt": 680.8940437263427,
      "fuel_kg": 50.0,
      "status": "NOMINAL"
    },
    {
      "id": "SAT-0E14820C",
      "lat": -43.7882276949095,
      "lon": -100.59936041783341,
      "alt": 812.0040566830085,
      "fuel_kg": 50.0,
      "status": "NOMINAL"
    },
    {
      "id": "SAT-33F9F6F1",
      "lat": 40.79003600391499,
      "lon": -152.20049234414307,
      "alt": 298.78719165435905,
      "fuel_kg": 50.0,
      "status": "NOMINAL"
    },
    {
      "id": "SAT-37A980B1",
      "lat": -7.684666156672003,
      "lon": 177.6057598168767,
      "alt": 765.7385020487909,
      "fuel_kg": 50.0,
      "status": "NOMINAL"
    },
    {
      "id": "SAT-8F7ED45F",
      "lat": 51.95772219609739,
      "lon": -76.9505361963127,
      "alt": 759.7481895677802,
      "fuel_kg": 50.0,
      "status": "NOMINAL"
    },
    {
      "id": "SAT-ED5570F9",
      "lat": 36.44827693181625,
      "lon": 33.04541454308336,
      "alt": 771.5961475293288,
      "fuel_kg": 50.0,
      "status": "NOMINAL"
    },
    {
      "id": "SAT-E190386C",
      "lat": 77.80303212801878,
      "lon": -104.8691090475588,
      "alt": 682.1840144735861,
      "fuel_kg": 50.0,
      "status": "NOMINAL"
    },
    {
      "id": "SAT-72C7CE80",
      "lat": 58.8541115671531,
      "lon": -92.203292644962,
      "alt": 484.67223754041606,
      "fuel_kg": 50.0,
      "status": "NOMINAL"
    },
    {
      "id": "SAT-92E9BE9D",
      "lat": -29.93316602373613,
      "lon": 45.06828691366331,
      "alt": 222.73882960993978,
      "fuel_kg": 50.0,
      "status": "NOMINAL"
    },
    {
      "id": "SAT-2CBC2EE5",
      "lat": 21.491010949685613,
      "lon": -83.38420692876244,
      "alt": 770.4960140528265,
      "fuel_kg": 50.0,
      "status": "NOMINAL"
    },
    {
      "id": "SAT-5BC09899",
      "lat": -18.81872245152798,
      "lon": -137.94407456202111,
      "alt": 601.4215629961918,
      "fuel_kg": 50.0,
      "status": "NOMINAL"
    },
    {
      "id": "SAT-4740A446",
      "lat": 40.87905852579304,
      "lon": -3.5815238657821076,
      "alt": 258.75218327978655,
      "fuel_kg": 50.0,
      "status": "NOMINAL"
    },
    {
      "id": "SAT-583FA65C",
      "lat": -57.40534540552317,
      "lon": -36.91254682642561,
      "alt": 784.2858171233529,
      "fuel_kg": 50.0,
      "status": "NOMINAL"
    },
    {
      "id": "SAT-FB80CD4F",
      "lat": 23.962537009250262,
      "lon": 132.7869702005325,
      "alt": 374.60112865819883,
      "fuel_kg": 50.0,
      "status": "NOMINAL"
    },
    {
      "id": "SAT-1E322E76",
      "lat": 26.206179197840207,
      "lon": -116.36100260373809,
      "alt": 236.35359716472158,
      "fuel_kg": 50.0,
      "status": "NOMINAL"
    },
    {
      "id": "SAT-EAE8D1EA",
      "lat": 64.61519337997514,
      "lon": -161.20114488795716,
      "alt": 459.67813924831535,
      "fuel_kg": 50.0,
      "status": "NOMINAL"
    },
    {
      "id": "SAT-6D77171F",
      "lat": -35.405127155394766,
      "lon": 73.44352477821008,
      "alt": 422.99694993419234,
      "fuel_kg": 50.0,
      "status": "NOMINAL"
    },
    {
      "id": "SAT-57A05C8B",
      "lat": -12.348635348893938,
      "lon": -4.7465689454050475,
      "alt": 723.9062559706999,
      "fuel_kg": 50.0,
      "status": "NOMINAL"
    },
    {
      "id": "SAT-D60A2F2E",
      "lat": 75.0279019373215,
      "lon": 98.58761245832206,
      "alt": 550.1348162967433,
      "fuel_kg": 50.0,
      "status": "NOMINAL"
    },
    {
      "id": "SAT-C474C54C",
      "lat": -52.43355449032025,
      "lon": -103.78864647140207,
      "alt": 504.8549350083531,
      "fuel_kg": 50.0,
      "status": "NOMINAL"
    },
    {
      "id": "SAT-0C659CB0",
      "lat": -53.86311766797918,
      "lon": -134.86381048824927,
      "alt": 584.7810524399174,
      "fuel_kg": 50.0,
      "status": "NOMINAL"
    },
    {
      "id": "SAT-FDBCAFCF",
      "lat": 45.321640070167724,
      "lon": -59.02926015703342,
      "alt": 530.648462611809,
      "fuel_kg": 50.0,
      "status": "NOMINAL"
    },
    {
      "id": "SAT-F2CE5C65",
      "lat": -7.238075135753366,
      "lon": -36.50175329100127,
      "alt": 270.639888732755,
      "fuel_kg": 50.0,
      "status": "NOMINAL"
    },
    {
      "id": "SAT-AADDA112",
      "lat": -49.70624799493133,
      "lon": -14.092238502671314,
      "alt": 512.6571431251778,
      "fuel_kg": 50.0,
      "status": "NOMINAL"
    },
    {
      "id": "SAT-ALPHA-04",
      "lat": 0.0,
      "lon": 0.0,
      "alt": 421.8630000000003,
      "fuel_kg": 50.0,
      "status": "NOMINAL"
    }
  ],
  "debris_cloud": [
    [
      "DEB-BE77077B",
      -6.606065999115041,
      -97.30224374159476,
      901.211248203902
    ],
    [
      "DEB-A87D8679",
      65.16950866069979,
      85.65566184836622,
      788.6433975187547
    ],
    [
      "DEB-622EFECA",
      73.54183505334568,
      -102.74917059984797,
      181.08788892990015
    ],
    [
      "DEB-705BC3E4",
      19.20344558465206,
      66.3912034569268,
      448.2846311328576
    ],
    [
      "DEB-9B3DF07A",
      -14.71575902012443,
      177.2505829198771,
      745.225677436656
    ],
    [
      "DEB-559BB858",
      -17.030043659334446,
      -176.5072673575759,
      698.4201863707076
    ],
    [
      "DEB-7759C2A9",
      -23.940034457072578,
      -133.28113950278396,
      553.0059206294673
    ],
    [
      "DEB-0CF1BAC4",
      -12.934624472677871,
      36.89713651893707,
      751.494006760684
    ],
    [
      "DEB-1F6E9F34",
      -1.6016244054116922,
      136.6802111209669,
      130.50809502340326
    ],
    [
      "DEB-B48666F2",
      32.67119986783781,
      -107.62165653211662,
      630.7429296857235
    ],
    [
      "DEB-E4F8BCCE",
      2.624865517320967,
      81.07820563809264,
      387.49244246809394
    ],
    [
      "DEB-F59D30EE",
      6.689353676287153,
      -58.78427192631495,
      247.42374894895602
    ],
    [
      "DEB-5C7ED841",
      -9.72162901192785,
      169.76719322039446,
      133.72936583812861
    ],
    [
      "DEB-0E35B83B",
      46.178872088225376,
      177.82268274279505,
      538.9030331552485
    ],
    [
      "DEB-67570F37",
      -12.892712966849322,
      -111.88772507516309,
      622.5166954510078
    ],
    [
      "DEB-1EE7011D",
      -25.17949436797735,
      -82.11753081644055,
      752.6195040759603
    ],
    [
      "DEB-2CBD86BB",
      -22.067773925479504,
      -151.15270269957736,
      479.8773602752326
    ],
    [
      "DEB-E234697B",
      6.670594985210496,
      -64.45918153331425,
      221.1331928300542
    ],
    [
      "DEB-2FC9334B",
      -0.7489800862569171,
      160.73685609601154,
      889.0366401868587
    ],
    [
      "DEB-68E2502A",
      61.16221439010283,
      -95.96972053360247,
      136.24276185917915
    ],
    [
      "DEB-0B32DBD3",
      -33.156110493304816,
      -21.76224842216413,
      526.93547742183
    ],
    [
      "DEB-53EC95EF",
      -34.39519098340009,
      17.24761434833908,
      379.37928971571637
    ],
    [
      "DEB-715BB8B6",
      53.355861953381506,
      -150.99876089569258,
      676.0379851471571
    ],
    [
      "DEB-BF108603",
      -44.64001148716698,
      -143.412743800721,
      906.5990266577828
    ],
    [
      "DEB-EF669568",
      3.779346884999638,
      -174.8039817148757,
      176.65802176198395
    ],
    [
      "DEB-DEF1C34B",
      -45.96570335373031,
      -158.87847457756516,
      310.54208914120227
    ],
    [
      "DEB-C539BE54",
      48.1396889195897,
      -102.73058697901126,
      236.48378769404826
    ],
    [
      "DEB-E85A5530",
      5.208459675601792,
      -139.9254652524269,
      699.7635496175872
    ],
    [
      "DEB-7C87E1C5",
      -14.416022566717869,
      47.34969991705309,
      783.1459737884061
    ],
    [
      "DEB-811AB00F",
      -36.74165720394651,
      -155.3041953526763,
      531.0234411511856
    ],
    [
      "DEB-D7F92144",
      -9.966635000452733,
      -154.2998018648165,
      192.52703852671766
    ],
    [
      "DEB-BA140636",
      -7.573267103391147,
      -45.29160681035284,
      134.0716740794851
    ],
    [
      "DEB-BC0A9519",
      -47.10263676484153,
      -63.896727379697865,
      703.2717764100407
    ],
    [
      "DEB-48842EA5",
      -29.647188682401183,
      143.94556691421158,
      801.5699324618199
    ],
    [
      "DEB-31DCF724",
      -35.512220580021086,
      143.10530938110065,
      265.4479153113789
    ],
    [
      "DEB-206DC361",
      23.54916919991498,
      78.73443485837167,
      203.85826863142756
    ],
    [
      "DEB-A8801202",
      14.029482397163806,
      -40.994185657452704,
      630.7824131235448
    ],
    [
      "DEB-D69CE79D",
      -29.74777030771484,
      17.79710176040739,
      201.89815783350332
    ],
    [
      "DEB-BAB8FAF8",
      -62.972188044924025,
      -98.1769002164734,
      357.69294327451826
    ],
    [
      "DEB-C458E649",
      50.99887420435678,
      18.455319081602568,
      696.9777415241224
    ],
    [
      "DEB-6C17CC34",
      -84.16028772180724,
      -68.27052654074393,
      779.165656083027
    ],
    [
      "DEB-F3581417",
      63.37804226637012,
      90.57794880972757,
      331.82368735386626
    ],
    [
      "DEB-3E26BB17",
      53.814683311467654,
      134.26430905648422,
      361.13463302065975
    ],
    [
      "DEB-5FCD510C",
      43.6890953730956,
      -111.83296662089131,
      421.78990953314405
    ],
    [
      "DEB-6C17C9D4",
      -6.583915088387341,
      -54.88914387856808,
      184.9842196276304
    ],
    [
      "DEB-9238558B",
      42.456741717301426,
      162.47442430932617,
      735.2442094344697
    ],
    [
      "DEB-F33A66D3",
      -2.0373428997156657,
      8.217906767293101,
      445.17934345846606
    ],
    [
      "DEB-3CC3D915",
      60.548896281528464,
      -63.05206454733184,
      813.3302280871476
    ],
    [
      "DEB-2D1CDBAB",
      47.7472092771709,
      56.41138608883134,
      775.4635017962028
    ],
    [
      "DEB-259BD289",
      -7.094290188546689,
      -157.47128049211338,
      341.61728332214534
    ],
    [
      "DEB-2401D9FB",
      18.72411683694716,
      167.97358491330232,
      885.6772986122187
    ],
    [
      "DEB-91CB4721",
      3.4276684605395644,
      74.63496481608605,
      170.01837124970007
    ],
    [
      "DEB-EB6951EB",
      -7.378400417770523,
      13.934954345516275,
      633.8921865320062
    ],
    [
      "DEB-9A7FF4A2",
      -0.018816671884928308,
      -47.522472247988524,
      567.8707073504074
    ],
    [
      "DEB-057B8268",
      33.77251346553081,
      138.1496949646769,
      830.3323695724066
    ],
    [
      "DEB-0D0B8F02",
      48.76841744696207,
      83.27556845850668,
      896.164253946451
    ],
    [
      "DEB-989268F1",
      -33.82565625085778,
      132.1487519984081,
      224.94374941262322
    ],
    [
      "DEB-7CA294AF",
      28.083243869128815,
      -5.5732765689619015,
      673.5736510685374
    ],
    [
      "DEB-BE1B6368",
      -33.37875781454469,
      -56.61215528901056,
      542.564959790745
    ],
    [
      "DEB-EB72363E",
      -33.816877741904825,
      -146.99380347510004,
      807.2020745299806
    ],
    [
      "DEB-1A124260",
      -25.503061030488198,
      -69.99488848625273,
      124.59388579040751
    ],
    [
      "DEB-96DDA266",
      34.35085342142668,
      -159.14534297584134,
      541.4134955272821
    ],
    [
      "DEB-7A2D5678",
      -0.833313752465555,
      -77.78808624665017,
      481.0489669728204
    ],
    [
      "DEB-E7F09D07",
      38.21998404606636,
      99.27553049547274,
      429.08290912118446
    ],
    [
      "DEB-2F7203C9",
      -71.07262307531721,
      -36.1903397922232,
      897.811829015448
    ],
    [
      "DEB-0CF74951",
      -72.08769792001391,
      32.44812899185817,
      509.25246928321303
    ],
    [
      "DEB-1DE8EB65",
      4.8112596382193304,
      88.41245051538351,
      764.6064117858332
    ],
    [
      "DEB-6C339ABC",
      -18.331262847829574,
      65.2744519140009,
      595.7742155074757
    ],
    [
      "DEB-E262E193",
      -46.80536682221206,
      65.11044227278556,
      594.7539969355266
    ],
    [
      "DEB-369CBB4D",
      30.49496622973265,
      -66.52554013315951,
      260.0348031878375
    ],
    [
      "DEB-0A5B7119",
      -27.29076556734606,
      7.913690650892913,
      269.5272109516354
    ],
    [
      "DEB-2B28A29B",
      15.723698847602778,
      -107.02075081139482,
      699.3915921373336
    ],
    [
      "DEB-4F40829E",
      87.23227550423076,
      -35.89684722006534,
      759.2566890274056
    ],
    [
      "DEB-5D052561",
      18.481372483465176,
      -115.93992711908881,
      870.091453203564
    ],
    [
      "DEB-5BE1680B",
      79.7797248789315,
      98.39125867897837,
      354.1184521805326
    ],
    [
      "DEB-38D016D1",
      42.331384202959875,
      168.07597266630904,
      618.8964349725738
    ],
    [
      "DEB-DB3F928D",
      -43.6204266326322,
      145.88787335200755,
      762.7165583946962
    ],
    [
      "DEB-955BCDE0",
      16.847617732956593,
      85.83607347850841,
      502.48330302664
    ],
    [
      "DEB-C9ED2281",
      18.01046647098849,
      111.33284027535706,
      340.4478382656416
    ],
    [
      "DEB-A61E512A",
      28.63297997434381,
      174.95481285465408,
      818.994691885744
    ],
    [
      "DEB-27CA5C94",
      34.38440386307601,
      -11.22261660038151,
      118.47343151574478
    ],
    [
      "DEB-721F1E7C",
      4.310885253152177,
      20.576739047621526,
      122.062874398438
    ],
    [
      "DEB-B5F67583",
      35.68438575338671,
      94.78030767416067,
      366.65944604341166
    ],
    [
      "DEB-26A6D528",
      -23.85289423740183,
      145.56561664901778,
      162.36817446211262
    ],
    [
      "DEB-F0D083B3",
      35.13261472187376,
      7.529768189007721,
      548.547154187373
    ],
    [
      "DEB-60FE4393",
      29.59865394694783,
      64.5689045614801,
      561.0357345421025
    ],
    [
      "DEB-541C71AA",
      -52.88943570513657,
      84.22797735911448,
      559.903956892429
    ],
    [
      "DEB-C7E0A989",
      31.365831923243167,
      -52.21643973663495,
      381.81336683681457
    ],
    [
      "DEB-ACE929FC",
      -5.71661601721939,
      -38.895857224348234,
      554.8984947466697
    ],
    [
      "DEB-7820D804",
      7.6887867601136985,
      122.08005272764032,
      859.3655109849742
    ],
    [
      "DEB-4D00072E",
      -29.92936762640119,
      63.01468642481673,
      873.5432856863654
    ],
    [
      "DEB-725A5F2C",
      -73.83255418991864,
      116.33896616920109,
      896.2978870430379
    ],
    [
      "DEB-955AC737",
      -66.68517004861876,
      -78.36171036282522,
      566.5621753313308
    ],
    [
      "DEB-FDD9E177",
      57.107991310149565,
      28.75798996985008,
      197.17904975138845
    ],
    [
      "DEB-0FD57251",
      -6.37006343214891,
      14.78279699520483,
      139.37677061598788
    ],
    [
      "DEB-3D7548D5",
      47.348414232841094,
      28.774471375536862,
      837.3862258468998
    ],
    [
      "DEB-C993DAB0",
      3.5049040711997304,
      -79.92087473564965,
      623.0233068407433
    ],
    [
      "DEB-903E0508",
      24.147264186802662,
      30.1842979545754,
      300.40216969087305
    ],
    [
      "DEB-322C576A",
      -50.82447216382794,
      60.91935375414103,
      686.2451861487625
    ],
    [
      "DEB-261088F6",
      -75.70559531669062,
      -99.87542691509583,
      477.23130133658105
    ],
    [
      "DEB-A55D6FE7",
      -66.82287817818786,
      -145.5367510928702,
      668.3462129416503
    ],
    [
      "DEB-C94EFE4C",
      84.56451546360341,
      108.02686384710734,
      675.778070544653
    ],
    [
      "DEB-AC879DA3",
      -69.9546686054729,
      65.25128242903033,
      811.7598438087625
    ],
    [
      "DEB-6B97E42A",
      57.92603264909973,
      86.44765484778941,
      248.57128819770514
    ],
    [
      "DEB-E6B0837D",
      55.66745285186147,
      -129.31579113319387,
      479.9065824830859
    ],
    [
      "DEB-E7EA3152",
      59.09106232092849,
      -53.301943937876835,
      434.4189640594286
    ],
    [
      "DEB-D5F3538D",
      29.723442674969032,
      146.17496812570488,
      769.9585722236816
    ],
    [
      "DEB-F928D480",
      -24.6689375930165,
      122.2484114841963,
      400.88767231637576
    ],
    [
      "DEB-CE06195A",
      30.795000262792115,
      -144.73527768689902,
      887.4482436897724
    ],
    [
      "DEB-31E94ED3",
      73.56716556359513,
      71.79816706436506,
      725.195357047477
    ],
    [
      "DEB-D55A8791",
      -17.732501542679962,
      -174.32380778946893,
      872.0537242777227
    ],
    [
      "DEB-14A2E5BC",
      5.136352285277105,
      71.99449558392304,
      794.3852801275634
    ],
    [
      "DEB-BDEE0E9A",
      65.62527081674082,
      -88.31267015844082,
      648.2003784724848
    ],
    [
      "DEB-AE49DF4E",
      2.7115338058870475,
      81.22154886496732,
      417.3386785720195
    ],
    [
      "DEB-577F509F",
      29.846761985431986,
      102.01816121369984,
      476.1266052136307
    ],
    [
      "DEB-4FBAED83",
      40.120268633996716,
      37.52843197819014,
      603.1269616833442
    ],
    [
      "DEB-B27898D5",
      76.66696103639288,
      62.28846661635276,
      269.5876832207723
    ],
    [
      "DEB-F7383820",
      -47.31658679574762,
      -10.904889004892397,
      187.85566061041754
    ],
    [
      "DEB-79B87BA3",
      65.47167763335524,
      73.7414756452998,
      558.0081920324583
    ],
    [
      "DEB-CFEC8C8F",
      6.719958256840297,
      28.67506725251544,
      408.7844007967933
    ],
    [
      "DEB-732D4DE2",
      -9.772810259069496,
      -109.42773336216909,
      231.1331784511085
    ],
    [
      "DEB-9260C1A7",
      56.981642636210736,
      141.0119090555017,
      157.99376850894896
    ],
    [
      "DEB-DAC7DCFA",
      -47.009587018323494,
      -13.432316243069788,
      671.6888456241168
    ],
    [
      "DEB-1A13AF4E",
      -34.99682930570125,
      -54.07882261614528,
      313.7703469246753
    ],
    [
      "DEB-21EA216C",
      -11.22574679172287,
      170.15753407513708,
      176.45155664994581
    ],
    [
      "DEB-6FBF8B88",
      61.4867979594505,
      33.12048209506956,
      621.7864051165598
    ],
    [
      "DEB-A2F46B49",
      -30.642365639555734,
      -118.17984238669737,
      820.3718443425323
    ],
    [
      "DEB-17004065",
      -32.50823699383624,
      -177.70565933420778,
      685.3245012611242
    ],
    [
      "DEB-B3683A24",
      47.63319924783419,
      29.85316139416287,
      201.1124286863951
    ],
    [
      "DEB-FC2F1A4D",
      -12.486540870043633,
      123.44387278890534,
      636.649794679146
    ],
    [
      "DEB-52DFF734",
      -26.822801205649192,
      67.21218693269365,
      279.7212147113114
    ],
    [
      "DEB-EC34FAF2",
      43.11606280945496,
      66.21627914028532,
      436.5526741789963
    ],
    [
      "DEB-8CC08A62",
      -13.911330604043677,
      164.58389178453567,
      608.8766073582774
    ],
    [
      "DEB-AF92E09E",
      -28.39387637346136,
      97.66676694491153,
      633.3445278135132
    ],
    [
      "DEB-DAD99A72",
      6.351636947724982,
      115.27275737948867,
      643.6962348991729
    ],
    [
      "DEB-CBD26A83",
      41.05825110110596,
      85.57845716333536,
      787.5286372570508
    ],
    [
      "DEB-D61B2FAB",
      -55.34696230196232,
      65.72055156467941,
      702.1107362778857
    ],
    [
      "DEB-485421B7",
      -1.7757611173487406,
      158.97760498413558,
      565.2246145835716
    ],
    [
      "DEB-6E9101C0",
      56.5517518823672,
      96.17164835720916,
      823.5124635052225
    ],
    [
      "DEB-19D9E179",
      37.985664142542106,
      -136.15695683901745,
      750.5716101780818
    ],
    [
      "DEB-33C40E03",
      -72.29207927432374,
      39.75615873699632,
      474.9187592878461
    ],
    [
      "DEB-6B64FF53",
      -23.413972933577362,
      65.33515193616698,
      502.52928849305226
    ],
    [
      "DEB-65EDD873",
      26.36395870724027,
      63.97964602589973,
      242.3145099661815
    ],
    [
      "DEB-F2F1CED8",
      -26.912182179788175,
      -78.91367731121835,
      762.9557088975544
    ],
    [
      "DEB-F6458B5D",
      64.74816797813122,
      -144.21168272846165,
      599.9599789454023
    ],
    [
      "DEB-332624E7",
      24.816616698503907,
      -88.98916489425983,
      342.97358447009174
    ],
    [
      "DEB-AB98C745",
      30.1708756760979,
      -43.92878822411779,
      241.57825056437832
    ],
    [
      "DEB-7A833022",
      -21.46869733138357,
      117.8787815168447,
      549.333010269449
    ],
    [
      "DEB-BBD6A315",
      -38.62224054723099,
      2.425327742447613,
      538.8961484255096
    ],
    [
      "DEB-975B4754",
      -54.45779013427964,
      45.19294594010043,
      542.0112441198817
    ],
    [
      "DEB-3E8F51B3",
      -49.742822150607395,
      142.9118035155951,
      517.2969283807797
    ],
    [
      "DEB-C83AB7AB",
      -27.344311622342584,
      -134.59827488743753,
      822.7271742438043
    ],
    [
      "DEB-E327374B",
      -26.18557533002734,
      -118.66025526721037,
      126.67020327933824
    ],
    [
      "DEB-AEAEF3C4",
      -47.176268729497394,
      -104.24814406454013,
      358.5691488736402
    ],
    [
      "DEB-34C311BD",
      -48.93558633793647,
      5.914701815327484,
      747.0974422328391
    ],
    [
      "DEB-EC30D736",
      -46.338643089555276,
      -143.97704238814885,
      812.5169030216593
    ],
    [
      "DEB-2842E6AD",
      -50.27082550324434,
      -12.37098198849256,
      345.35574312409517
    ],
    [
      "DEB-9A4F271D",
      34.963772865917505,
      -118.6567915843141,
      556.4436433373776
    ],
    [
      "DEB-9915437E",
      18.06225130059305,
      -121.95800194560425,
      480.4570610365636
    ],
    [
      "DEB-5DF37DF9",
      -13.61657759408171,
      -163.15695761383483,
      890.5471456061323
    ],
    [
      "DEB-086297D0",
      -72.87555261962271,
      106.63141971545724,
      769.0032613536496
    ],
    [
      "DEB-9C0F37B9",
      -24.90122839324228,
      38.14685735915605,
      748.6666315487264
    ],
    [
      "DEB-AF5989B8",
      -7.677471123998942,
      153.5611025856235,
      749.3633487783645
    ],
    [
      "DEB-9E04053F",
      26.092547877611352,
      -165.19540739151,
      744.2369557593674
    ],
    [
      "DEB-C7BED8BB",
      -1.5168586531976749,
      -137.63076407882,
      757.6100088817338
    ],
    [
      "DEB-A4180F64",
      -14.127964100242119,
      91.81959226939509,
      925.7987805997627
    ],
    [
      "DEB-4E960546",
      -6.375770023591284,
      -14.910394861950989,
      569.0971085556766
    ],
    [
      "DEB-6147EDBC",
      -35.14101948042314,
      -16.315970856424784,
      524.4970627369739
    ],
    [
      "DEB-B51C96FA",
      -51.539824753257626,
      143.42132827664807,
      898.9163124388688
    ],
    [
      "DEB-9B20E74C",
      25.282015359699024,
      -133.35556522732486,
      388.68141567324164
    ],
    [
      "DEB-0633D729",
      21.94382904987558,
      102.39559114144211,
      486.9647336310045
    ],
    [
      "DEB-729BB547",
      -36.51107554285744,
      175.37029190629164,
      508.5974183555945
    ],
    [
      "DEB-4C4E12C6",
      29.922859592815627,
      -82.8826916503033,
      500.106531164799
    ],
    [
      "DEB-321CCEBF",
      -67.432619636586,
      125.83534644091256,
      398.64939817559844
    ],
    [
      "DEB-8CFC7A90",
      6.656596575978754,
      74.93913062767719,
      530.1369004917524
    ],
    [
      "DEB-35871EC9",
      27.77999522907179,
      -131.42609173618058,
      163.23072330731065
    ],
    [
      "DEB-CE3D4F0D",
      -0.7782276620462232,
      21.714770326923723,
      380.2757190341317
    ],
    [
      "DEB-6B0A821D",
      72.57777424810054,
      -11.125494788674606,
      414.43396100368864
    ],
    [
      "DEB-59269D8F",
      21.933171474720307,
      50.20134144626913,
      320.56478692591736
    ],
    [
      "DEB-A2E67978",
      30.50403594796231,
      81.71957813747424,
      284.6245419793195
    ],
    [
      "DEB-A29BBA2B",
      0.5393173263417502,
      45.51774328507121,
      470.32914299417826
    ],
    [
      "DEB-70A36524",
      23.74489362363002,
      -133.11796769006392,
      449.2009367894598
    ],
    [
      "DEB-2AD73108",
      -17.25567991418606,
      -149.84856473747405,
      116.25246428764603
    ],
    [
      "DEB-9E786050",
      81.47835249774538,
      106.55112554814596,
      149.27904015889817
    ],
    [
      "DEB-B31BB8BA",
      -23.472869124184832,
      -71.9594801848245,
      333.8045334751059
    ],
    [
      "DEB-596B4523",
      34.74918620670139,
      -52.91035031955209,
      227.929119594236
    ],
    [
      "DEB-3BE6E9BF",
      -5.288231932923041,
      43.397316055670004,
      272.6292528531267
    ],
    [
      "DEB-5490FB31",
      -28.809049183027394,
      -130.40400426673003,
      217.47463894611883
    ],
    [
      "DEB-26FE87C8",
      -9.793253866043386,
      -92.87619620427999,
      880.2555445229445
    ],
    [
      "DEB-4119E2B0",
      63.8547317996873,
      -140.61492965288795,
      415.53499228193414
    ],
    [
      "DEB-177E22CD",
      -25.563781463956722,
      1.832871510300907,
      908.9988568114632
    ],
    [
      "DEB-C2481AED",
      -29.766600963240244,
      163.1815566429454,
      504.32036684896866
    ],
    [
      "DEB-DCE359B2",
      -11.34872040977248,
      -92.99910402158719,
      897.6357686920746
    ],
    [
      "DEB-A5E1ABCD",
      53.87703082112143,
      137.51944100241369,
      453.5813802996963
    ],
    [
      "DEB-3CA987FF",
      34.30382907414771,
      -113.64826801083625,
      262.9838050790222
    ],
    [
      "DEB-1258C629",
      66.10265726242511,
      60.35625610273436,
      299.2808103942334
    ],
    [
      "DEB-39E3D953",
      -26.60251677851373,
      102.29904966076079,
      883.1809377615309
    ],
    [
      "DEB-20479E94",
      -39.84671473080448,
      -99.11771463153717,
      361.8390372936565
    ],
    [
      "DEB-E733877D",
      16.220012919186253,
      -138.71694885653113,
      854.5935268785024
    ],
    [
      "DEB-4D1603CF",
      31.70870376799872,
      122.05783024178987,
      373.22442372865135
    ],
    [
      "DEB-6A3FA9A7",
      18.59674828552093,
      15.3708385879048,
      815.2457080034537
    ],
    [
      "DEB-C6338C08",
      32.57235535895526,
      -157.95025290560528,
      548.5334175622347
    ],
    [
      "DEB-5DE73B9E",
      13.599799354886297,
      -4.151486810065248,
      705.5716846814794
    ],
    [
      "DEB-9B285876",
      30.146758136902903,
      2.9760148629862133,
      720.697826161776
    ],
    [
      "DEB-7A62DE87",
      36.57927656757911,
      62.78027649137556,
      853.2690660494891
    ],
    [
      "DEB-72140647",
      37.908191050549995,
      -0.600911814478865,
      867.5516056168053
    ],
    [
      "DEB-952ABE9A",
      21.87037808391594,
      136.3089559637382,
      676.40073501811
    ],
    [
      "DEB-AFE206C2",
      9.40567684935694,
      -176.4004390450777,
      846.0382527052916
    ],
    [
      "DEB-C146C364",
      19.442696298039696,
      112.05314544745875,
      379.1605061547598
    ],
    [
      "DEB-04C6502E",
      43.48221336227327,
      -129.49981570327745,
      876.0337245111104
    ],
    [
      "DEB-FDA6481D",
      35.78224446713205,
      134.4352481249497,
      861.8565019075659
    ],
    [
      "DEB-3E912317",
      -29.96301505501022,
      -8.448228442151166,
      794.903497494277
    ],
    [
      "DEB-54DA35EF",
      -20.893946554091595,
      -120.80007532945812,
      719.7843065846628
    ],
    [
      "DEB-97EA0148",
      -69.2328990510707,
      75.94855763073669,
      901.2445686231886
    ],
    [
      "DEB-DE4412F8",
      -44.19037779457323,
      91.89417179645217,
      623.5878279503695
    ],
    [
      "DEB-F5863FE6",
      24.070552022464607,
      -123.42674004701088,
      862.5912295464032
    ],
    [
      "DEB-0E73BF2C",
      -72.59365106020331,
      -37.863940012861526,
      711.2914590557557
    ],
    [
      "DEB-2641A331",
      3.119649475720416,
      41.298006763169546,
      153.1520902321572
    ],
    [
      "DEB-16D1D655",
      28.130131351388997,
      44.551493618224946,
      495.5632144492947
    ],
    [
      "DEB-7C17ED95",
      3.37268991331747,
      36.57153266443876,
      578.0778344068331
    ],
    [
      "DEB-0A83797E",
      2.8309264084997703,
      152.1687060322146,
      182.1585522903024
    ],
    [
      "DEB-FFD5F77A",
      -33.08127981957367,
      3.7292682872962812,
      836.1071022954866
    ],
    [
      "DEB-4A2E875F",
      -53.940270918676696,
      134.66672413854403,
      581.5962603899843
    ],
    [
      "DEB-78F1E8A4",
      -25.188820674746996,
      37.817720806166776,
      731.8058412317359
    ],
    [
      "DEB-F1919664",
      32.7534791788394,
      83.09880732224133,
      887.7879200645848
    ],
    [
      "DEB-069E0A40",
      20.997631353875743,
      -24.983885584760998,
      326.03813618713593
    ],
    [
      "DEB-EA4D0210",
      -56.975698492288316,
      -50.251525075686516,
      308.05902782936573
    ],
    [
      "DEB-7661EBF9",
      56.93149839236492,
      -159.62016648303361,
      689.4210209685898
    ],
    [
      "DEB-B49391AF",
      -80.1418697786043,
      -120.48652723597382,
      674.8001395014317
    ],
    [
      "DEB-6064E26B",
      34.43111567502919,
      163.8900563201798,
      383.91875462709686
    ],
    [
      "DEB-DA773C18",
      -30.266127958127395,
      -145.8639468979685,
      395.86408360362384
    ],
    [
      "DEB-6AD03BFF",
      26.230102945920375,
      -8.256183402324398,
      378.5437788155268
    ],
    [
      "DEB-8B08385B",
      24.365046042535756,
      -151.15473585546286,
      783.0304606325772
    ],
    [
      "DEB-B0F9A602",
      36.811625847556364,
      159.5610416765231,
      620.0271232124287
    ],
    [
      "DEB-F7D52EDB",
      -60.48613573046096,
      93.01473631347959,
      474.803716917947
    ],
    [
      "DEB-8612177F",
      -18.247138544666246,
      11.496200269431972,
      295.25224906852964
    ],
    [
      "DEB-0CC8A531",
      22.82854135341893,
      -127.601052227205,
      570.854422651294
    ],
    [
      "DEB-A8E5466A",
      7.082920544147042,
      84.2345537899566,
      413.28410050925504
    ],
    [
      "DEB-A1D0E0D1",
      19.9064173979602,
      29.537790400516464,
      375.30922435475804
    ],
    [
      "DEB-9F4C56AF",
      -56.13946244010596,
      147.20750645902982,
      416.92320408602427
    ],
    [
      "DEB-C1E6433F",
      -3.5120786428144424,
      -66.58652645575718,
      712.2074016983461
    ],
    [
      "DEB-1546D6CB",
      -3.266582161567172,
      133.06407788545678,
      930.637940460997
    ],
    [
      "DEB-BD8DE26A",
      -27.927077756381266,
      -52.42393956082026,
      481.60644368340127
    ],
    [
      "DEB-724C66AF",
      -2.5903734377623,
      -165.8121813553681,
      546.3630260491473
    ],
    [
      "DEB-14D369CB",
      -2.8108918696179694,
      165.73751047264716,
      884.1148059620091
    ],
    [
      "DEB-CE49727C",
      24.740011862429075,
      83.70003880316277,
      141.43448395624455
    ],
    [
      "DEB-14697626",
      -61.81350531015827,
      -25.802477381207304,
      655.6422939369586
    ],
    [
      "DEB-F6883FE5",
      -36.43841238421872,
      66.38297983756765,
      575.5613988508903
    ],
    [
      "DEB-66AF76E2",
      14.002162286302337,
      170.71590406891823,
      125.45797895333544
    ],
    [
      "DEB-440E6CE3",
      23.32309122934415,
      132.87288000407548,
      215.2363289854593
    ],
    [
      "DEB-9E9E4275",
      66.15755172159679,
      -94.69447457069276,
      330.95700535429114
    ],
    [
      "DEB-A643E9EF",
      30.557705339975207,
      -121.90397700663733,
      144.08527123902695
    ],
    [
      "DEB-29E3A8F9",
      -41.62522466426782,
      -7.27206212883312,
      396.04675772722385
    ],
    [
      "DEB-6CF0B80D",
      -52.30480269776393,
      -142.1959329445527,
      127.86419702537478
    ],
    [
      "DEB-3417EAF3",
      -18.226037721117265,
      24.837472489231683,
      293.98336271366315
    ],
    [
      "DEB-EC23D316",
      27.669528593423532,
      73.6032657860619,
      771.6471874059098
    ],
    [
      "DEB-8712BF1C",
      17.50553510901974,
      -13.094752020690052,
      670.9257918621788
    ],
    [
      "DEB-6351036F",
      -21.30672658014866,
      -176.43238990075324,
      268.48051855708854
    ],
    [
      "DEB-8F371C72",
      -34.41615972041699,
      -122.9460136638317,
      696.7616360839238
    ],
    [
      "DEB-0D3A60A8",
      -27.578094747866555,
      -144.79784506947078,
      299.72337136243095
    ],
    [
      "DEB-FD432287",
      27.35473079446443,
      -55.57604792500555,
      152.30561923276946
    ],
    [
      "DEB-A214507C",
      -9.470494600200773,
      32.23141818941923,
      131.08960854474844
    ],
    [
      "DEB-08DF6F5C",
      7.671765536133974,
      9.993722950547264,
      693.551891037655
    ],
    [
      "DEB-6DE884BD",
      -41.06793917683804,
      144.6738607090667,
      832.8073785572387
    ],
    [
      "DEB-2EBD9A7A",
      34.25503748030781,
      60.35174144453108,
      781.8933455790129
    ],
    [
      "DEB-BF8F7309",
      49.765298785229746,
      -113.72405011273688,
      802.7596287688821
    ],
    [
      "DEB-83C78125",
      -8.053645494276642,
      -145.10944034602818,
      772.4216889279778
    ],
    [
      "DEB-0B523DEB",
      54.46596606033344,
      111.47313224241462,
      214.63906437495734
    ],
    [
      "DEB-84C48771",
      39.713721172909814,
      -102.99388145534004,
      379.5413631794181
    ],
    [
      "DEB-7E2086B1",
      -51.76558261473189,
      -178.095593035152,
      736.3499444821009
    ],
    [
      "DEB-547B40E2",
      52.97782423005476,
      -78.46502612454252,
      595.2295357212788
    ],
    [
      "DEB-00EAF980",
      -49.62187172566696,
      -86.0130332101987,
      430.201234758586
    ],
    [
      "DEB-236AEDFD",
      -38.38597304413613,
      -25.48360645719233,
      256.8101252917386
    ],
    [
      "DEB-2D0220D7",
      62.71357989533171,
      -95.54172216157113,
      133.04444948199034
    ],
    [
      "DEB-15EF69A7",
      -53.64104392350649,
      -110.37017663537453,
      748.9009569155369
    ],
    [
      "DEB-B1A69A16",
      63.8917082731656,
      63.37863120254108,
      469.50864505000936
    ],
    [
      "DEB-AA85AFC1",
      85.84413973155286,
      -135.29779739752925,
      487.4173840284375
    ],
    [
      "DEB-A216863E",
      49.978867492547444,
      -84.2923750598766,
      834.5961970305243
    ],
    [
      "DEB-2F3620E6",
      73.86176045064495,
      -115.65419948044884,
      423.2859078699785
    ],
    [
      "DEB-991100B4",
      53.933510083159234,
      150.34951051589135,
      240.31999601111056
    ],
    [
      "DEB-159C59D9",
      -81.18662307179058,
      -35.52220876740683,
      557.7849618934915
    ],
    [
      "DEB-ADE64A27",
      -11.688606739865588,
      -109.12913633220423,
      776.4144851376359
    ],
    [
      "DEB-D0C891D5",
      56.844596505866726,
      -33.67365242697542,
      157.94059715678486
    ],
    [
      "DEB-2DA89243",
      9.232811702101301,
      -101.5519004951613,
      512.151144709931
    ],
    [
      "DEB-24F3EBAE",
      -51.45246398102528,
      -56.06370277968624,
      305.8676725028881
    ],
    [
      "DEB-B1E8F149",
      47.15199241654506,
      67.11628550370305,
      537.0393069871561
    ],
    [
      "DEB-C6624F86",
      11.177819336807087,
      8.031630485421706,
      669.3317798664639
    ],
    [
      "DEB-21E743AD",
      14.364769345485952,
      134.77335176382323,
      822.0788085929153
    ],
    [
      "DEB-7CFA9AA4",
      76.57598640671372,
      134.65188641588878,
      135.15436835597393
    ],
    [
      "DEB-E97EA37B",
      -17.647326210225504,
      -148.33449918771373,
      757.676915157349
    ],
    [
      "DEB-AD14C039",
      -49.99565747086952,
      54.2499681861751,
      939.5024999442257
    ],
    [
      "DEB-F499F36D",
      -51.99822794138031,
      103.09534163597118,
      545.9576746349185
    ],
    [
      "DEB-38FDA3C6",
      5.135289107653747,
      -94.59535450798462,
      633.5972816325993
    ],
    [
      "DEB-39E144CB",
      -1.3656789750656708,
      -176.90267641665446,
      468.816276772739
    ],
    [
      "DEB-C6DD4D11",
      41.790982207092725,
      -80.70391591528127,
      723.5038191781914
    ],
    [
      "DEB-BEC64B97",
      -33.9530255664907,
      5.565382085227203,
      458.02641591110205
    ],
    [
      "DEB-353B66AC",
      -31.70834211454714,
      -62.40802727849464,
      131.96315380097167
    ],
    [
      "DEB-166695DE",
      36.91697604049495,
      -51.58304777151545,
      764.4816843134258
    ],
    [
      "DEB-DFFEF3F2",
      -39.7955816061965,
      -88.47094272410257,
      546.4381989594731
    ],
    [
      "DEB-13A4A5BE",
      -11.594085419354743,
      -56.86808326190797,
      185.40085978266416
    ],
    [
      "DEB-42EB71AC",
      21.41293654711158,
      -124.16302503123141,
      860.3284237867138
    ],
    [
      "DEB-9DD6F0C2",
      -26.497837161853425,
      -135.65125895588315,
      716.8407979231379
    ],
    [
      "DEB-7D430743",
      1.2172835543486071,
      108.90711541964079,
      212.64477056458054
    ],
    [
      "DEB-3410CB50",
      75.53586968578352,
      127.74148053354737,
      392.13294624226273
    ],
    [
      "DEB-27ED13DF",
      14.76080284780386,
      -54.12384920680827,
      803.7212922798444
    ],
    [
      "DEB-2B23AB9C",
      8.66438403874071,
      -155.71974102483495,
      715.4413970201158
    ],
    [
      "DEB-057A0FD9",
      17.17759495266944,
      34.34516908425501,
      194.9743917741007
    ],
    [
      "DEB-0364EEC5",
      -37.8602520350385,
      55.75623024577357,
      423.10457712131483
    ],
    [
      "DEB-B3187DA6",
      -78.21978500373791,
      -152.1529248600201,
      142.2738562039849
    ],
    [
      "DEB-FE00223E",
      19.39702871588876,
      28.325392325401072,
      514.6797721890889
    ],
    [
      "DEB-49A5AF2B",
      81.19583916182953,
      -54.61621489225978,
      581.1140502478374
    ],
    [
      "DEB-AA975262",
      -28.23733195341024,
      -132.10192518622065,
      639.2259619705455
    ],
    [
      "DEB-74CAD6EA",
      29.75506879893133,
      148.02631365534532,
      811.383002027891
    ],
    [
      "DEB-752FFE24",
      -38.65300885429891,
      62.5197509199011,
      876.1871557682589
    ],
    [
      "DEB-4B8001F5",
      45.42483638628694,
      -148.2329696580993,
      311.71199106417225
    ],
    [
      "DEB-8B0CD4D0",
      49.398212319575386,
      167.88587919166557,
      611.3527391380057
    ],
    [
      "DEB-1E1AB220",
      -50.795029865283645,
      -138.24687522227694,
      523.8679722249799
    ],
    [
      "DEB-9C7F906E",
      22.982572424746678,
      107.325036950558,
      467.4759344316517
    ],
    [
      "DEB-7E1B3F5D",
      2.048988220707199,
      -32.75949064722314,
      554.4526808213695
    ],
    [
      "DEB-1AB8BC46",
      41.139898313786155,
      117.96044488006282,
      903.9859229768654
    ],
    [
      "DEB-355167A2",
      49.34449319893293,
      123.63073446590617,
      733.098518960076
    ],
    [
      "DEB-57105054",
      26.777341921715234,
      28.174817987641827,
      679.5875792818961
    ],
    [
      "DEB-B3954764",
      -7.900932614161109,
      -0.35175877444611114,
      181.7169182951111
    ],
    [
      "DEB-7031CDF6",
      -53.40223625462139,
      -71.11313744927018,
      472.9836630535183
    ],
    [
      "DEB-8CCE987A",
      49.91066451181784,
      64.17261586049929,
      490.5217375102193
    ],
    [
      "DEB-31C84B3E",
      -42.955354855546,
      -131.68811434582383,
      884.6266260956581
    ],
    [
      "DEB-4CD17868",
      -61.05367659696541,
      -174.14586993545606,
      421.840240504358
    ],
    [
      "DEB-98028EBC",
      9.686965621526637,
      -61.811554472710775,
      622.3332433963024
    ],
    [
      "DEB-1A4666CF",
      42.062126953719165,
      155.13638610983944,
      838.2021409447652
    ],
    [
      "DEB-336BB64A",
      -53.66061341490067,
      104.15864826224153,
      605.5249283957892
    ],
    [
      "DEB-62BCA336",
      32.849882586281744,
      34.17136898235541,
      301.71651243736324
    ],
    [
      "DEB-DDD80928",
      42.809070822990506,
      91.14689289749471,
      873.8770295237446
    ],
    [
      "DEB-A1270394",
      41.69358528503132,
      -60.04568303886962,
      111.02233028526007
    ],
    [
      "DEB-9D236F99",
      -27.780509746248374,
      -41.42830199197686,
      323.67748571603715
    ],
    [
      "DEB-E16CEE10",
      -42.41004669019069,
      76.04580785657251,
      646.1600942360328
    ],
    [
      "DEB-DDF12D16",
      18.326871036955815,
      103.28283797540568,
      794.0780109531461
    ],
    [
      "DEB-9ABC7E72",
      1.5160704013107469,
      -124.68234875032313,
      738.1182403453577
    ],
    [
      "DEB-4588745A",
      25.82660400745702,
      -86.39133836787582,
      516.0011359397831
    ],
    [
      "DEB-949CBC3A",
      42.91442822906661,
      -29.538916480557024,
      339.2702934497338
    ],
    [
      "DEB-C5A97C49",
      18.112961127319476,
      -117.97206570291348,
      850.7320530785846
    ],
    [
      "DEB-F879F676",
      -21.59188686561927,
      -150.16348051025352,
      207.67374282938272
    ],
    [
      "DEB-8BF389AF",
      -60.87869108297527,
      61.50149981015145,
      734.6932914456311
    ],
    [
      "DEB-0B0773DC",
      83.2422972933243,
      70.27297217555586,
      653.7117044331217
    ],
    [
      "DEB-72A71583",
      1.927749949086432,
      106.74274370939519,
      855.7519831826248
    ],
    [
      "DEB-F71D24E1",
      4.404290664746583,
      37.285519492823894,
      224.11842345808418
    ],
    [
      "DEB-BA38F5F3",
      -37.90703796226596,
      -119.65706056954764,
      314.83121824972295
    ],
    [
      "DEB-D55D0C50",
      -21.05726392057632,
      173.11352593385456,
      898.2781338913182
    ],
    [
      "DEB-1CD26812",
      10.135906863908062,
      41.00664112629347,
      611.6281698941184
    ],
    [
      "DEB-3D899576",
      6.454276423553109,
      -178.76396572132165,
      703.104852416056
    ],
    [
      "DEB-B80A1DFF",
      52.18376175035695,
      143.57952044216256,
      664.4421865596014
    ],
    [
      "DEB-2A6F72C4",
      36.33411454881517,
      21.125874741919475,
      619.7288532987104
    ],
    [
      "DEB-74378114",
      -32.62538024039183,
      129.25282008813798,
      538.629485242479
    ],
    [
      "DEB-C70CAD1C",
      13.292394370087642,
      -101.58172416151699,
      902.7477347936565
    ],
    [
      "DEB-5E0CBE3E",
      -22.434016690072916,
      -130.15143167029942,
      723.8038048631197
    ],
    [
      "DEB-E302A2AA",
      -69.57299217949416,
      -159.067000981496,
      336.47986646005756
    ],
    [
      "DEB-0F992C8D",
      -68.34970842237934,
      -46.2620808103507,
      311.75874130201646
    ],
    [
      "DEB-31F14CBF",
      -12.655122944891298,
      9.169356752602308,
      598.8395639522514
    ],
    [
      "DEB-F59B2E91",
      -31.532788742886524,
      -35.992773124595395,
      455.1608721022385
    ],
    [
      "DEB-A2F74140",
      -10.691126074883474,
      -78.2167985722288,
      743.5742364947573
    ],
    [
      "DEB-65DD67A6",
      -20.30394283587948,
      -118.16778469390805,
      301.3242457757815
    ],
    [
      "DEB-543CBBAE",
      44.3154218354785,
      13.1262418747593,
      818.1442153280568
    ],
    [
      "DEB-B286FA39",
      68.27784552161744,
      -64.06741418464296,
      422.0406415175112
    ],
    [
      "DEB-EDA7908C",
      -16.40185148968112,
      24.511146621369694,
      615.5616207222029
    ],
    [
      "DEB-DF935EE8",
      -67.93607694502168,
      105.48849245179306,
      222.84799998650578
    ],
    [
      "DEB-B95A3241",
      10.632126213507366,
      -77.86880592813701,
      528.8276599638621
    ],
    [
      "DEB-89EEE9E2",
      -29.945945701511256,
      0.5852953294065084,
      913.9822031148487
    ],
    [
      "DEB-670AE83D",
      -20.78027281921375,
      57.339779824904454,
      364.83922391102897
    ],
    [
      "DEB-D261872E",
      -37.27765789261293,
      91.16266612082997,
      708.5491014787658
    ],
    [
      "DEB-FB178025",
      -67.60624847316403,
      45.97339526049354,
      907.5261232395369
    ],
    [
      "DEB-03905555",
      -10.18137185471616,
      -37.70738429836862,
      528.7597692007057
    ],
    [
      "DEB-A3AD2025",
      -16.6123235996902,
      161.30840968793436,
      919.0998395977731
    ],
    [
      "DEB-552D39CD",
      -29.193209633827415,
      137.41172793589794,
      583.3670363283854
    ],
    [
      "DEB-C20C945C",
      6.118338191166499,
      162.667692283046,
      609.1494527249024
    ],
    [
      "DEB-723ECE78",
      51.87879421354205,
      -15.733700675638683,
      575.9040469418715
    ],
    [
      "DEB-B2CB8013",
      -53.41630188245281,
      -38.43226616698723,
      580.5356616407344
    ],
    [
      "DEB-67C1A8F3",
      30.04554587064435,
      38.02682992048796,
      817.7080255199107
    ],
    [
      "DEB-231CEF9F",
      31.04760647529497,
      123.50856537283636,
      363.03502360102175
    ],
    [
      "DEB-EDE1F1B3",
      17.054014238364744,
      117.20661620171406,
      744.1338808728724
    ],
    [
      "DEB-1C5A38DF",
      44.756615152656074,
      154.78531084326556,
      698.8233118310109
    ],
    [
      "DEB-483E6D6A",
      -26.60827550309732,
      10.71915098902502,
      412.43364401378403
    ],
    [
      "DEB-8455BE89",
      44.96371596659596,
      -90.41331679408758,
      873.7489832704559
    ],
    [
      "DEB-06E02A59",
      -45.061671997668284,
      -108.05471304833551,
      799.8148403871992
    ],
    [
      "DEB-7E88A412",
      -20.23936083530535,
      -170.93386075795567,
      910.8238407558429
    ],
    [
      "DEB-7C130952",
      -6.134307692543091,
      -9.566916279312705,
      387.0820122167106
    ],
    [
      "DEB-7592054D",
      -17.035892157271277,
      -117.9928328460308,
      768.3259573905352
    ],
    [
      "DEB-F4CD5459",
      -4.688690669893282,
      -87.28503493071698,
      259.5547384904339
    ],
    [
      "DEB-AA0F824C",
      -60.51710310908684,
      95.15946922912966,
      657.9678707870271
    ],
    [
      "DEB-E8566AFB",
      45.36954862922507,
      -52.13713427468724,
      443.15382203408444
    ],
    [
      "DEB-1E576688",
      37.63545135688509,
      75.0108973968083,
      501.93078454266106
    ],
    [
      "DEB-1E81B003",
      -3.0918933553293875,
      -32.58472059397649,
      444.1228478841049
    ],
    [
      "DEB-5242CEFF",
      17.02345285111055,
      50.5137002737775,
      284.16455994083753
    ],
    [
      "DEB-D05B5340",
      7.344865183148526,
      -86.31289888845302,
      777.762349688106
    ],
    [
      "DEB-3CA59951",
      -17.361232597960026,
      -127.56354224099096,
      113.93695488430876
    ],
    [
      "DEB-D0C48185",
      -71.2011972071067,
      -121.9677859430849,
      423.25555617571536
    ],
    [
      "DEB-EF19EC55",
      45.851275882454786,
      -164.96943617952533,
      821.3702714859783
    ],
    [
      "DEB-0A634867",
      46.299569735179965,
      -132.50498494736905,
      311.1110268293587
    ],
    [
      "DEB-31F28E2E",
      8.198672278457233,
      105.46032124682735,
      560.3445408192374
    ],
    [
      "DEB-FC05BED4",
      -77.68894113105594,
      129.97838977760063,
      432.8706099292358
    ],
    [
      "DEB-F13A0A75",
      27.82715001204819,
      119.94613646648334,
      743.8658870043373
    ],
    [
      "DEB-A50E278C",
      -9.029203208563807,
      -173.53333696887904,
      186.49154310772155
    ],
    [
      "DEB-6E547B9F",
      59.27185589178983,
      -113.45671540491713,
      674.5557599612566
    ],
    [
      "DEB-3B2A8F84",
      26.90256946644618,
      41.51500447218192,
      491.6345267810002
    ],
    [
      "DEB-9454B601",
      9.01347362184721,
      -3.2499900301571696,
      616.0389368024944
    ],
    [
      "DEB-B3EF1FA6",
      -57.04447418175614,
      173.00351612660015,
      167.43110860448087
    ],
    [
      "DEB-EA7C6247",
      48.49998188288398,
      -27.35054221984367,
      756.0907967318508
    ],
    [
      "DEB-0BD0166C",
      42.930552772724326,
      39.03097652447708,
      823.5629010803341
    ],
    [
      "DEB-32A33216",
      -10.314519766202652,
      -23.667694923594986,
      346.49726563635704
    ],
    [
      "DEB-8EB37295",
      13.10922408038475,
      56.69841329492299,
      317.98828878181575
    ],
    [
      "DEB-146A1ADE",
      -0.4736288517730856,
      -154.827222831685,
      713.8776286741504
    ],
    [
      "DEB-1C80ACEA",
      -1.0011645536169933,
      -31.54655121148705,
      251.36897034144295
    ],
    [
      "DEB-22328230",
      -71.14927492878914,
      -5.334309370984801,
      180.39400134542302
    ],
    [
      "DEB-2C17F0E0",
      -1.1018267455139736,
      -168.56443267778187,
      811.8286614378567
    ],
    [
      "DEB-52727B1A",
      -66.2525704972364,
      -28.870611027313227,
      243.03093385653756
    ],
    [
      "DEB-0C67A1AB",
      10.080970692471803,
      -150.2478525539809,
      695.0439362370225
    ],
    [
      "DEB-6F317619",
      -18.933844776718566,
      117.46869033374767,
      711.3140501524849
    ],
    [
      "DEB-3D7FF1B3",
      65.2985259257424,
      82.34324989849728,
      334.4469252068693
    ],
    [
      "DEB-C2F12C07",
      70.65856512189008,
      -26.8732789398825,
      163.55536445237067
    ],
    [
      "DEB-0738EF31",
      -39.46120392531542,
      121.93426728575332,
      389.9566927993692
    ],
    [
      "DEB-C4A07D67",
      6.08679670200663,
      -167.6348904579902,
      398.3693754389533
    ],
    [
      "DEB-4E5359CC",
      -12.985484238148553,
      -57.66472373002859,
      325.9741245505975
    ],
    [
      "DEB-CB06315A",
      1.0443852247843193,
      -134.54554688907325,
      281.0103909113586
    ],
    [
      "DEB-981FEE07",
      34.81309267908644,
      4.218716081316979,
      700.2625832189788
    ],
    [
      "DEB-02DD935B",
      -26.088177243318082,
      -99.18102490965691,
      870.3104115173501
    ],
    [
      "DEB-508397CD",
      27.23899649019227,
      -87.89698726544582,
      481.61929788788893
    ],
    [
      "DEB-126BAD2A",
      -79.09942793799043,
      75.73710158114265,
      743.7810785709253
    ],
    [
      "DEB-B401371A",
      10.106458217062974,
      153.82224894519635,
      244.70015630579655
    ],
    [
      "DEB-B7183FFA",
      83.56218263031069,
      -35.447889364743595,
      201.01541713099232
    ],
    [
      "DEB-2C2908AB",
      -26.76447696809268,
      -121.54836934232853,
      364.3704315333507
    ],
    [
      "DEB-13715588",
      -39.42941622895794,
      90.85116973114822,
      462.5939836662983
    ],
    [
      "DEB-8D4FB71F",
      -52.39734603997242,
      -98.68641712669442,
      412.89041984183496
    ],
    [
      "DEB-FE6293C5",
      -13.996482876931788,
      -83.46635876844486,
      904.2118013389318
    ],
    [
      "DEB-4D7F62FB",
      -34.373966972881675,
      -115.7103661617337,
      463.5479859029656
    ],
    [
      "DEB-1913FF07",
      -2.205583399060914,
      -53.71442464297996,
      252.3943620611035
    ],
    [
      "DEB-ABAC72E5",
      -32.91062060937576,
      -111.661728535846,
      774.7845230582552
    ],
    [
      "DEB-29424755",
      75.56937728810772,
      86.27736614055287,
      588.4732171682072
    ],
    [
      "DEB-FE0E8942",
      -3.2326846045536595,
      79.03587640151899,
      594.0294151347816
    ],
    [
      "DEB-FB089225",
      28.597632783171093,
      -90.97242671020359,
      938.7140960999113
    ],
    [
      "DEB-7D4D91FD",
      -13.21153493042384,
      41.91550603688042,
      850.9509850339791
    ],
    [
      "DEB-080F9DCB",
      42.10135902317235,
      -94.55130171472312,
      765.8905547732038
    ],
    [
      "DEB-B3553D7E",
      60.91284626288618,
      -80.34306496331276,
      283.7857897152826
    ],
    [
      "DEB-2ECC49A9",
      -49.553120611248076,
      86.59696082454954,
      599.6104317151821
    ],
    [
      "DEB-56103903",
      -4.871769930537081,
      -49.900722960975266,
      620.2691690727343
    ],
    [
      "DEB-C86B9D18",
      -27.333267652073143,
      56.449902556577754,
      224.95000558057473
    ],
    [
      "DEB-A9360B84",
      5.171046254270993,
      -115.35006961940687,
      872.8376858158081
    ],
    [
      "DEB-084BA34F",
      -45.070585546784805,
      -106.8203827091595,
      432.08591993226037
    ],
    [
      "DEB-5C305C83",
      -3.4812184381648743,
      -89.90712550226151,
      900.7651651313108
    ],
    [
      "DEB-CA9CD198",
      -32.35644253757192,
      46.846806817940525,
      568.9998647499251
    ],
    [
      "DEB-CFDF4C68",
      -5.879951884324564,
      -140.17801628589413,
      389.715369111972
    ],
    [
      "DEB-1B1B9806",
      -14.406245866417352,
      90.50294168834627,
      662.2471034307937
    ],
    [
      "DEB-7851E783",
      9.468621551058234,
      61.18912382269187,
      693.1879457576179
    ],
    [
      "DEB-E4897753",
      -3.045653326830848,
      110.85745949972164,
      875.4519437384843
    ],
    [
      "DEB-3B2F1A97",
      23.24658613677084,
      89.46124503328312,
      457.5763222284768
    ],
    [
      "DEB-B8E2089C",
      -56.262342972075906,
      126.56975479453521,
      352.0742072698413
    ],
    [
      "DEB-B820D72C",
      -36.445362002805076,
      25.834829938408767,
      361.4242603634166
    ],
    [
      "DEB-3E5F5D4B",
      -6.352796124334268,
      99.94048173069804,
      371.66778218120726
    ],
    [
      "DEB-F34CB6E3",
      37.25803332167742,
      102.88797896102034,
      234.1089317755759
    ],
    [
      "DEB-07C2E606",
      -11.85990761809191,
      54.734488838345676,
      478.4569647366425
    ],
    [
      "DEB-94F5B452",
      42.10846537923624,
      -91.69054270216513,
      546.9962582023818
    ],
    [
      "DEB-001F869A",
      30.176152103555825,
      -39.25046964110951,
      575.4211241955663
    ],
    [
      "DEB-0CAE3BD8",
      -52.41363760781774,
      -150.7073051057657,
      825.0226460932608
    ],
    [
      "DEB-6C1ECB1A",
      -11.183235613551943,
      65.1359310662626,
      399.24336080896956
    ],
    [
      "DEB-5F5CF85C",
      -39.74904037172157,
      -167.53881732616372,
      881.5710302425377
    ],
    [
      "DEB-CDDA4F35",
      6.228212203196057,
      -142.08663653788344,
      674.7121400506785
    ],
    [
      "DEB-647C76A7",
      58.85272068343212,
      10.919139177629097,
      169.70784690277105
    ],
    [
      "DEB-F993E1ED",
      -20.457414740320186,
      -94.46096091073474,
      904.8559672240362
    ],
    [
      "DEB-2EFAF943",
      -35.61672990542077,
      4.9809570615009235,
      369.14971517370486
    ],
    [
      "DEB-32D6EA0D",
      -67.73837255422715,
      69.06613234718333,
      876.9929773638405
    ],
    [
      "DEB-2210DA5E",
      57.124245492784,
      16.352875640269136,
      174.17806583126094
    ],
    [
      "DEB-70B009F4",
      49.86500373166907,
      -147.67458875355365,
      657.6079265625503
    ],
    [
      "DEB-ECC279C3",
      64.85077726380064,
      43.10257627217509,
      644.1220167182855
    ],
    [
      "DEB-11EC5424",
      -28.528125647223405,
      -147.5913521752937,
      697.5149127961904
    ],
    [
      "DEB-DEA2363A",
      -29.446952396159144,
      -26.395186160957245,
      775.8564553900178
    ],
    [
      "DEB-C100D0E3",
      -48.4216582091838,
      28.478840216554403,
      757.1947545769008
    ],
    [
      "DEB-3D2897B0",
      -41.46900810189646,
      -116.71365436663568,
      758.1278272335921
    ],
    [
      "DEB-B5B582DA",
      1.0680213812065211,
      146.62009082286255,
      163.2544347498606
    ],
    [
      "DEB-7FF06019",
      -29.122252609531653,
      132.92267765786718,
      827.2720736230276
    ],
    [
      "DEB-5000F05F",
      3.587535351018759,
      159.6968022969348,
      221.49594515079662
    ],
    [
      "DEB-F9F7E758",
      -33.28490046659983,
      -62.83240775762171,
      229.01235284819177
    ],
    [
      "DEB-43385E9B",
      38.779739656382816,
      -120.23353475194122,
      719.526116741079
    ],
    [
      "DEB-56F4DA04",
      -6.303920930982091,
      170.76644683010286,
      365.6441022606232
    ],
    [
      "DEB-82A583C4",
      1.5360903874628047,
      -131.41487802496667,
      197.63579090696658
    ],
    [
      "DEB-7E00FF32",
      54.97588361250194,
      -120.48977782578412,
      532.7148661408601
    ],
    [
      "DEB-6EAA3C6B",
      30.519562117913818,
      61.86532921131143,
      827.7411822997065
    ],
    [
      "DEB-17DD6B86",
      8.071111797624196,
      16.827891018602028,
      855.7700963194675
    ],
    [
      "DEB-6CABE52B",
      -18.921805305207418,
      -151.41690537192645,
      235.37200944973483
    ],
    [
      "DEB-F0A60770",
      34.46208130809831,
      -173.13997629660523,
      662.9995415609337
    ],
    [
      "DEB-849825F8",
      -85.79998492413155,
      48.675818417278606,
      792.3122329536773
    ],
    [
      "DEB-0CFB8CC7",
      66.71837658903587,
      -54.906766023984964,
      270.862846252081
    ],
    [
      "DEB-2CEAFD58",
      43.29697711820715,
      -32.12816255414887,
      457.3808934522476
    ],
    [
      "DEB-0F9DC9AC",
      47.928095081355785,
      59.19090696853104,
      152.5382070717078
    ],
    [
      "DEB-F8A8869E",
      22.17520256499838,
      -78.27780925391679,
      216.58690803284844
    ],
    [
      "DEB-7D2FB5C5",
      -18.29755447001374,
      46.3814896056485,
      228.25661584734098
    ],
    [
      "DEB-DA5B625D",
      42.59510707398012,
      -88.44625702478946,
      497.17530062536116
    ],
    [
      "DEB-C556A14F",
      65.93045289325185,
      46.6641986756182,
      637.5211599044496
    ],
    [
      "DEB-22F105DE",
      -60.99415951209343,
      87.09448796649164,
      315.38284019650655
    ],
    [
      "DEB-4DEBC033",
      28.49295713525755,
      63.7827648095666,
      673.103245292431
    ],
    [
      "DEB-4BF62A3D",
      -24.139618891116744,
      -52.70998904647571,
      409.03893210923616
    ],
    [
      "DEB-AC4AA770",
      5.774569373710335,
      46.01811105645907,
      903.3304569149359
    ],
    [
      "DEB-CF7AA755",
      -47.59715545983223,
      44.35088561376167,
      415.92000404807914
    ],
    [
      "DEB-0B7F8121",
      86.48366836932671,
      -123.43937626895715,
      500.99808590640805
    ],
    [
      "DEB-06E0573D",
      13.58291571356949,
      -149.9183874723897,
      626.4313612371689
    ],
    [
      "DEB-354F216C",
      28.68064568982486,
      -103.62895144321004,
      716.3456253106151
    ],
    [
      "DEB-8D6DDFC8",
      -31.231659242881232,
      -12.383952556851277,
      923.8313996645984
    ],
    [
      "DEB-174F8BD2",
      -61.62842282437134,
      2.7139545362192123,
      604.8935401021654
    ],
    [
      "DEB-6D531E69",
      -10.938545188414055,
      -76.58208583736686,
      186.460930561675
    ],
    [
      "DEB-76C1D70D",
      -52.47833995319821,
      35.46862805847193,
      165.56180282222613
    ],
    [
      "DEB-ED018E28",
      12.450998072255405,
      -0.0006202665267333845,
      830.8615640418839
    ],
    [
      "DEB-97EE43F7",
      69.49494960597546,
      80.16031393903864,
      531.3487342875806
    ],
    [
      "DEB-5A423863",
      -1.8375411440944738,
      34.52743357595654,
      414.2529220312508
    ],
    [
      "DEB-A0AE3738",
      26.569307742363097,
      -21.55675199351891,
      379.1659251336214
    ],
    [
      "DEB-E864E803",
      2.261060978134408,
      -136.88092404246586,
      778.4736966253413
    ],
    [
      "DEB-ADE00526",
      -32.09928436005105,
      -135.88605488110227,
      265.7983158395318
    ],
    [
      "DEB-87704B87",
      -14.156242657719165,
      -141.53569407290084,
      279.46127506837456
    ],
    [
      "DEB-44ECDCE3",
      -34.77242172298501,
      135.1907697421008,
      616.4148175085184
    ],
    [
      "DEB-3FC2D9F8",
      -75.80490953273004,
      147.37825474556732,
      822.6656802787129
    ],
    [
      "DEB-DEC01224",
      -48.36711709162465,
      -114.9173022932761,
      381.87697783680505
    ],
    [
      "DEB-7AD7E4C0",
      38.186413606910335,
      30.299560619352366,
      314.6959881326784
    ],
    [
      "DEB-D3223F4F",
      -67.55796831557282,
      96.13200858359234,
      806.4222255936083
    ],
    [
      "DEB-A0CCD09B",
      -7.923201821764657,
      165.06160642600275,
      709.9312960610123
    ],
    [
      "DEB-084517B8",
      6.65095007910102,
      -175.70869020090134,
      766.4580125227303
    ],
    [
      "DEB-B4DA6E41",
      20.33874006544069,
      -44.55702973482375,
      316.18087293964345
    ],
    [
      "DEB-0FC687BB",
      60.04773560900805,
      -14.497049051138017,
      176.48802854666246
    ],
    [
      "DEB-F509956A",
      -6.310941507393968,
      -101.93320278813074,
      515.0975964496747
    ],
    [
      "DEB-E81A9DB7",
      80.32175766197568,
      -15.450788762380103,
      893.0211164511684
    ],
    [
      "DEB-43C43D8B",
      61.451530192277545,
      -44.69677998036626,
      434.0259506489447
    ],
    [
      "DEB-05C67F8D",
      -63.97177516495604,
      153.80451617137712,
      408.16839492449617
    ],
    [
      "DEB-E0740FEB",
      -8.14150103921103,
      24.77226226579711,
      551.9887803725433
    ],
    [
      "DEB-50EFABE8",
      -16.314245573197393,
      -129.31887670909938,
      787.0749416390927
    ],
    [
      "DEB-CF274C87",
      82.3833122077417,
      -12.673996184294163,
      138.9560363371138
    ],
    [
      "DEB-C11F46E0",
      -28.35657809097423,
      -62.29047980990374,
      553.324788056073
    ],
    [
      "DEB-AF175ED1",
      43.09131240811608,
      -126.65013761283512,
      824.6026780884231
    ],
    [
      "DEB-432128A7",
      -41.4925254312585,
      -51.130525939440396,
      315.0987913245108
    ],
    [
      "DEB-0601BB6D",
      -11.289584598095553,
      -115.66650446215472,
      232.5808627740298
    ],
    [
      "DEB-F8FFC30E",
      -34.19619830311723,
      -54.50407773529587,
      441.8395472824777
    ],
    [
      "DEB-EE0AEB9C",
      24.106752165210622,
      64.59318987856147,
      526.6308508300335
    ],
    [
      "DEB-DBD892AD",
      5.96867577158318,
      93.2936464204926,
      725.5069092256599
    ],
    [
      "DEB-2D28909B",
      -57.684365336398244,
      -14.108485994927124,
      323.8765888779353
    ],
    [
      "DEB-CF91F4C7",
      0.9569517522418581,
      121.84150831156865,
      278.74806524335054
    ],
    [
      "DEB-6F0E434C",
      0.8255649863769521,
      -97.07720213252462,
      860.4635577993622
    ],
    [
      "DEB-4BBC594B",
      -5.529951190921722,
      95.41381552718165,
      522.4535534550332
    ],
    [
      "DEB-F703241C",
      -28.53455742817006,
      126.57831128834815,
      435.5784803647466
    ],
    [
      "DEB-43C6A910",
      -1.3993585550234175,
      -159.10272401128194,
      408.05310838743117
    ],
    [
      "DEB-E49FE1FB",
      -12.20115888762872,
      -170.69139153945346,
      396.15318009587827
    ],
    [
      "DEB-DAB3A43A",
      -34.45746141168015,
      179.7893451059985,
      440.7516350386468
    ],
    [
      "DEB-29577820",
      19.209606112280355,
      9.149261984328607,
      291.12888937151547
    ],
    [
      "DEB-346DACA9",
      25.95201234759204,
      -175.25673440854555,
      868.6266590225723
    ],
    [
      "DEB-6D8D55D6",
      -49.43958556794756,
      -115.78790937116231,
      400.57376798473615
    ],
    [
      "DEB-ED05F899",
      12.66795941856985,
      -28.878450657727623,
      280.7141818381115
    ],
    [
      "DEB-1048B5DE",
      -55.64325771460715,
      45.36766397100026,
      283.2500596820755
    ],
    [
      "DEB-84A9F849",
      -29.813937969335676,
      -50.728965352062175,
      717.8486623479757
    ],
    [
      "DEB-27D2456B",
      14.18693037865373,
      107.48387669669091,
      338.46511934804585
    ],
    [
      "DEB-0F96F1AD",
      -51.17589746718918,
      15.341273183384033,
      751.2938517954753
    ],
    [
      "DEB-3A5F07EF",
      22.811471932638966,
      150.6246695939119,
      849.2762004446486
    ],
    [
      "DEB-F657E032",
      32.192448999712425,
      108.11005460297042,
      673.038530075949
    ],
    [
      "DEB-6816609C",
      -19.731304305101464,
      61.96670880210797,
      878.2716679366049
    ],
    [
      "DEB-6BDA6F98",
      63.39379328667043,
      48.93799116986305,
      515.6971648774534
    ],
    [
      "DEB-ECE90EF3",
      -2.688257084935203,
      125.98134404603091,
      777.7405319718155
    ],
    [
      "DEB-0AF5CB80",
      -54.49251213504047,
      -34.74285872732943,
      895.697982787
    ],
    [
      "DEB-142A0982",
      40.846561195495845,
      12.668760347741946,
      177.3156446861849
    ],
    [
      "DEB-908DE72E",
      -41.341323164715,
      11.41718577016098,
      421.71647731431676
    ],
    [
      "DEB-B3C2CD30",
      12.51349267917498,
      70.4574768190064,
      206.08451565815722
    ],
    [
      "DEB-F4CA60FF",
      24.04729318572351,
      45.459116746409904,
      303.3912238657831
    ],
    [
      "DEB-896D4289",
      -15.93741367837828,
      -80.29644536496187,
      609.7152528628667
    ],
    [
      "DEB-4A9D45AE",
      8.050048635306347,
      -131.59876660185628,
      677.4545579911364
    ],
    [
      "DEB-229969AC",
      53.40463765442573,
      17.9701951747913,
      425.12021262228427
    ],
    [
      "DEB-9B07C57E",
      -44.56558144970252,
      20.172014509079975,
      224.42624821340723
    ],
    [
      "DEB-D3A63D3E",
      -5.049276770977681,
      162.5906780655057,
      373.3418057234385
    ],
    [
      "DEB-26C19470",
      -61.102537301403444,
      -37.18261397046324,
      615.4163967058739
    ],
    [
      "DEB-4FC50A9B",
      -37.69063777407987,
      140.6973431355255,
      480.6920164955418
    ],
    [
      "DEB-9A476C56",
      -64.75919020935866,
      121.2211980815785,
      664.9588614094528
    ],
    [
      "DEB-6436B9CD",
      15.560488866008118,
      -152.3694238061169,
      250.4251462680122
    ],
    [
      "DEB-7E7B8C28",
      48.37804591494576,
      -77.2431264102281,
      333.7019347363339
    ],
    [
      "DEB-8F7E8976",
      21.686603840399695,
      -145.00028649251928,
      853.5604835357535
    ],
    [
      "DEB-2C9FDE1F",
      -19.75161229440569,
      -67.39561198464817,
      129.50873208798293
    ],
    [
      "DEB-E413DC03",
      -16.77350793114833,
      -69.48944947654627,
      782.0794706029001
    ],
    [
      "DEB-21D9008A",
      -29.76927064119235,
      79.57486173640189,
      183.45624253621554
    ],
    [
      "DEB-A9315C63",
      57.235555501809046,
      11.70378381063851,
      526.1535856047421
    ],
    [
      "DEB-3CD1BAD9",
      -23.631575631690616,
      24.330055290615917,
      618.9287184478053
    ],
    [
      "DEB-FD4B1710",
      73.1413953545806,
      -145.67396009112963,
      424.4929503975645
    ],
    [
      "DEB-73F4D1E4",
      -35.93451622955329,
      -97.71593910923157,
      548.1139505276478
    ],
    [
      "DEB-A9B4D1FE",
      14.965545936548097,
      174.6237479608088,
      667.0291705926429
    ],
    [
      "DEB-B068E06A",
      63.97553793039203,
      -68.5577289937751,
      599.1978451859886
    ],
    [
      "DEB-8E7F4787",
      33.14321665588257,
      -120.64367650470673,
      920.1819694041797
    ],
    [
      "DEB-E89473EF",
      -71.31941197220219,
      49.607358947540696,
      598.6070705530628
    ],
    [
      "DEB-C4CDFFCE",
      58.56229950789866,
      141.0069945639235,
      539.3964074867008
    ],
    [
      "DEB-F4A92ACE",
      -3.2932758281588326,
      -51.6730315276328,
      484.8130267841361
    ],
    [
      "DEB-CD8F34DB",
      18.417507966589017,
      -54.319039004060244,
      189.75810113158423
    ],
    [
      "DEB-592E3D42",
      1.6951704973300405,
      49.585434313883006,
      668.5907660524899
    ],
    [
      "DEB-8F835DD6",
      34.582410451209284,
      -127.75758110043287,
      809.1055168867179
    ],
    [
      "DEB-99EC34B7",
      -48.881597744092225,
      -27.137471148447737,
      229.6966623142771
    ],
    [
      "DEB-CE963CD9",
      -64.75633320855131,
      8.304299576882062,
      770.2679323551893
    ],
    [
      "DEB-22D356F3",
      -10.944609550056283,
      -100.77593697489746,
      756.4961594153574
    ],
    [
      "DEB-A6F93BA3",
      37.12708639893553,
      162.80834071976545,
      527.0989164461698
    ],
    [
      "DEB-C608B10E",
      -36.34763678412388,
      -63.36116547315994,
      129.14491735004867
    ],
    [
      "DEB-98A0159F",
      -18.123468073503634,
      -121.11067288365761,
      141.7980348579631
    ],
    [
      "DEB-AAA2997F",
      51.502573700788496,
      -68.50754062849198,
      889.4857016811366
    ],
    [
      "DEB-A4350D20",
      -39.14654544401174,
      -45.80509458185735,
      220.645549803834
    ],
    [
      "DEB-762C7971",
      49.98094447644809,
      27.045676126336826,
      678.3704761032404
    ],
    [
      "DEB-85E9F4CB",
      1.3745928121309843,
      -91.36387067675889,
      903.53338084608
    ],
    [
      "DEB-8BCE0393",
      20.121329353474184,
      115.93330296488784,
      786.3573185751738
    ],
    [
      "DEB-B76005D3",
      9.723465885238603,
      -151.32656339165786,
      839.5378060145285
    ],
    [
      "DEB-B75047CF",
      24.551368446803206,
      177.98789255809254,
      695.2365157610893
    ],
    [
      "DEB-9D9CC933",
      -1.9338237817559143,
      168.38845480671088,
      161.34646013097245
    ],
    [
      "DEB-1E0E571B",
      -14.38543122233832,
      -131.4028834225432,
      791.8173749292091
    ],
    [
      "DEB-AF37827A",
      5.587529456513265,
      -126.64561081575793,
      617.4532269102319
    ],
    [
      "DEB-18CB7ADE",
      -34.29694058856506,
      45.67412567602975,
      653.4549464573729
    ],
    [
      "DEB-90495D00",
      -23.899193004477976,
      116.78913379076393,
      175.9215510546237
    ],
    [
      "DEB-01078CE0",
      10.323562389180019,
      -114.43571998231947,
      270.9605486629571
    ],
    [
      "DEB-4E309FE9",
      42.284525716635564,
      -18.542799764709482,
      850.024049635882
    ],
    [
      "DEB-C8B10A99",
      30.73320936098248,
      -159.96331438718607,
      870.2721150038415
    ],
    [
      "DEB-18DC0438",
      -44.88065487308685,
      14.057299829365306,
      327.10885913916263
    ],
    [
      "DEB-E11E05AD",
      -11.20290745570427,
      28.800645890618032,
      336.8164175171087
    ],
    [
      "DEB-C7819139",
      73.2053252133328,
      173.28057041658366,
      494.4834647936523
    ],
    [
      "DEB-800689BF",
      53.528188794526955,
      29.51658162781189,
      757.6551797484108
    ],
    [
      "DEB-7FE0B6BA",
      12.342411390279729,
      161.2923054213636,
      441.5023357062437
    ],
    [
      "DEB-F5D891E3",
      -29.22223779247762,
      85.70225321836593,
      698.7542835665718
    ],
    [
      "DEB-1C093E54",
      5.3255953310087,
      75.5811189258386,
      749.6711058671926
    ],
    [
      "DEB-FBD7FAC3",
      22.486864350660326,
      47.76083612217009,
      862.8335558112403
    ],
    [
      "DEB-99A86FAA",
      55.200917642993744,
      157.7069392654665,
      425.6590006780589
    ],
    [
      "DEB-6C15FE13",
      45.03399065242509,
      -0.4735703199374993,
      850.9250754276181
    ],
    [
      "DEB-396CA467",
      -21.22224777280664,
      -163.5157635736873,
      407.1308094672977
    ],
    [
      "DEB-784C7682",
      48.58687645394567,
      -119.93252418361993,
      296.9316850861169
    ],
    [
      "DEB-15AA38F3",
      2.433447396167629,
      -118.47964701737541,
      495.37110925615343
    ],
    [
      "DEB-A94BF2F6",
      -36.99514204470551,
      16.383410471456106,
      666.4754375348339
    ],
    [
      "DEB-BF719A67",
      33.83067675550152,
      62.87384345629156,
      861.095370294759
    ],
    [
      "DEB-BFA786B4",
      -33.79402873215103,
      51.91171852888845,
      742.0025765367573
    ],
    [
      "DEB-3FD360D2",
      -13.336336217000413,
      -83.20430397585224,
      840.0434484071866
    ],
    [
      "DEB-6413A446",
      -59.06169122987629,
      0.6791594490306453,
      564.8286196507506
    ],
    [
      "DEB-8990072B",
      2.250290982516502,
      105.544012147097,
      693.6621044656231
    ],
    [
      "DEB-2B32C794",
      2.237314996808095,
      -88.29010835527195,
      397.7054161734677
    ],
    [
      "DEB-32FCCF68",
      19.380841808627057,
      -166.89244623602048,
      217.1677369600102
    ],
    [
      "DEB-D0D6C62B",
      -49.08755116801534,
      -140.61611651898775,
      125.00379964177864
    ],
    [
      "DEB-BC61F93C",
      -32.8126973708478,
      126.2674226028324,
      302.1799236439456
    ],
    [
      "DEB-5C713F24",
      5.546104880675466,
      154.69399293832464,
      216.65079668588442
    ],
    [
      "DEB-68B1692A",
      23.07894723763923,
      151.85171421618165,
      316.86103130581705
    ],
    [
      "DEB-516E665E",
      -23.307127241513843,
      20.88106393270343,
      394.34746146938414
    ],
    [
      "DEB-B929716F",
      -43.032841220205846,
      -139.3002987841524,
      177.14126346846024
    ],
    [
      "DEB-658FCCEA",
      25.44440797337407,
      -84.15107780902376,
      566.8768402133828
    ],
    [
      "DEB-E9B7E8AC",
      30.252905418732905,
      -10.89417702029243,
      861.2353059951702
    ],
    [
      "DEB-59116D71",
      22.22946452424901,
      -171.40194855890667,
      311.74361617742943
    ],
    [
      "DEB-AA1BDA65",
      34.78136564225774,
      125.61371588804573,
      393.50826458545725
    ],
    [
      "DEB-6F9674D2",
      -15.064893485913947,
      78.50774258592466,
      477.4983110011708
    ],
    [
      "DEB-4777967C",
      42.246004109683994,
      -75.77274922495938,
      497.2587521381747
    ],
    [
      "DEB-FE0443CD",
      39.57375257699696,
      170.4369962539232,
      608.7560853965315
    ],
    [
      "DEB-B7B672CE",
      -1.8239997926959228,
      142.20921106088306,
      618.635508186776
    ],
    [
      "DEB-97AADA4B",
      11.934562682345177,
      149.15600606126625,
      613.5667842327484
    ],
    [
      "DEB-4BFA5EF1",
      -10.158137384409835,
      43.37776927868384,
      890.4272839428286
    ],
    [
      "DEB-3413791F",
      -9.59427294106712,
      -127.82048347635995,
      690.5297046406631
    ],
    [
      "DEB-0CEBDB37",
      64.96781517147667,
      71.33479476043074,
      402.969948600773
    ],
    [
      "DEB-D9DB6BD6",
      -47.1780154841691,
      -101.5794203498705,
      863.646104596728
    ],
    [
      "DEB-3B40775D",
      -32.88863757444026,
      135.95039563017747,
      809.7223217858291
    ],
    [
      "DEB-7445AE92",
      -13.21186476485176,
      -75.3292552389717,
      308.697250809284
    ],
    [
      "DEB-9BCC11B6",
      3.6476950434384268,
      -68.59535054985841,
      827.2671576486528
    ],
    [
      "DEB-15746ECB",
      32.39902489156051,
      -118.32695313038707,
      180.44283182142863
    ],
    [
      "DEB-963BDB1E",
      -57.82057521278348,
      -19.261439047562092,
      880.4627228243662
    ],
    [
      "DEB-CFACB931",
      7.950852939409595,
      -55.587359868234905,
      562.6523489937508
    ],
    [
      "DEB-1A02D54D",
      28.32203605321004,
      -13.127959074822401,
      624.0229882334352
    ],
    [
      "DEB-E1E72B03",
      -33.996341382201194,
      60.2395175684307,
      195.19997957898977
    ],
    [
      "DEB-D0B44491",
      -26.57180165959524,
      -108.96355024362443,
      170.53538065705652
    ],
    [
      "DEB-8B695705",
      -25.115554488441635,
      -166.93273404150716,
      599.3549128311788
    ],
    [
      "DEB-A2B2C580",
      35.76834112854222,
      -132.06278513300714,
      519.7143986453011
    ],
    [
      "DEB-F5EA047C",
      25.86485138609106,
      24.128354060379575,
      115.02938968563922
    ],
    [
      "DEB-D0C510B1",
      -88.11949567326596,
      -36.056658100001094,
      472.530209591584
    ],
    [
      "DEB-2E5E4C84",
      37.07538956564923,
      21.514552091846113,
      166.67120203908507
    ],
    [
      "DEB-0455BC66",
      26.24813812375071,
      -155.35008065986943,
      663.277504995348
    ],
    [
      "DEB-38FCA445",
      -12.580782184641848,
      4.246130815627497,
      639.7117772468109
    ],
    [
      "DEB-28ABDD2B",
      -19.14753448200568,
      -88.76540513579835,
      673.6251412550209
    ],
    [
      "DEB-4DA4157C",
      -2.5898625956552332,
      -73.53044059770976,
      299.09841358629546
    ],
    [
      "DEB-707D5CB7",
      47.32253149634763,
      -87.56673272322242,
      274.7657990001262
    ],
    [
      "DEB-FAA467E4",
      -35.428498090943066,
      100.80543135705801,
      791.4178584017072
    ],
    [
      "DEB-D7D52B3D",
      -63.36643482324661,
      63.278656053346985,
      444.9647913885701
    ],
    [
      "DEB-B0557B7D",
      -22.331733217281315,
      -156.41828085045756,
      812.0645996188778
    ],
    [
      "DEB-95A7D34D",
      42.724021183515134,
      140.10123481835598,
      788.2190923707531
    ],
    [
      "DEB-FFE59049",
      -37.88434824863876,
      124.39292629516527,
      304.22664629638166
    ],
    [
      "DEB-3F8353CA",
      51.781282567045885,
      93.32115998328167,
      529.9335870841305
    ],
    [
      "DEB-51EAC36E",
      3.7215351895748117,
      109.05762050058165,
      274.8631760078606
    ],
    [
      "DEB-90D2CA0B",
      35.128800002973065,
      -68.17572026406049,
      404.3697028703673
    ],
    [
      "DEB-A9C109CC",
      -31.38178377495698,
      125.85625104265672,
      708.2248081817879
    ],
    [
      "DEB-C4805D9C",
      -19.18720500333137,
      117.0237139534438,
      577.6492290700544
    ],
    [
      "DEB-27819928",
      46.20921594085197,
      78.866324791672,
      739.1110584480239
    ],
    [
      "DEB-06A0134E",
      77.62333952662067,
      26.23076707023338,
      856.2423511663937
    ],
    [
      "DEB-1321FC10",
      51.49622154711612,
      167.8783997017685,
      813.5724035979783
    ],
    [
      "DEB-C1F99617",
      15.90255938396791,
      68.47211434166736,
      532.6769081093644
    ],
    [
      "DEB-849BAB23",
      -77.28250381462593,
      98.43186383582488,
      787.6118132420452
    ],
    [
      "DEB-7E85DEEB",
      40.00705943369856,
      -119.86338052686489,
      814.0479106392404
    ],
    [
      "DEB-CFAF3575",
      -4.123152182211758,
      160.20541037216526,
      600.8662461970316
    ],
    [
      "DEB-4F653FF4",
      66.06787266423086,
      -31.5150007735025,
      133.22074777661783
    ],
    [
      "DEB-712E80C5",
      33.57102355375189,
      99.92713934284636,
      872.1775809026967
    ],
    [
      "DEB-69A997E0",
      -17.694283232983935,
      141.38847083038058,
      604.4022557129792
    ],
    [
      "DEB-781486F7",
      -39.72864011922264,
      65.3311114650353,
      436.8446590690319
    ],
    [
      "DEB-05344DA9",
      69.65255307854073,
      168.6121932153806,
      553.5273982918688
    ],
    [
      "DEB-90AC6897",
      57.78016461779553,
      58.91772624578813,
      136.37466202220367
    ],
    [
      "DEB-AC307548",
      -61.44824262272483,
      50.6762665161974,
      550.4708790776476
    ],
    [
      "DEB-0FA8DB0F",
      52.27441531564319,
      69.22659301405636,
      695.7011548082837
    ],
    [
      "DEB-BE14E8E5",
      -1.9610583799223518,
      -142.77722803385316,
      743.5621680909981
    ],
    [
      "DEB-F9D4FEEF",
      -10.418517656531614,
      84.70922369515394,
      911.4227526431632
    ],
    [
      "DEB-8A4BE8F3",
      21.736854293183097,
      -122.32443201254263,
      462.085735266096
    ],
    [
      "DEB-1DB9366F",
      33.43949896551655,
      -149.71185798571153,
      529.2522303949927
    ],
    [
      "DEB-9C13B681",
      27.22668200850179,
      -149.26241463581593,
      302.57999256526364
    ],
    [
      "DEB-9A866F3A",
      5.506053843935733,
      -5.037471343846742,
      379.55336447604896
    ],
    [
      "DEB-07B753FB",
      16.086419030155678,
      -58.333529456593375,
      108.38506769151445
    ],
    [
      "DEB-65BACD66",
      73.03902607574382,
      -64.83768298421474,
      847.6717982559594
    ],
    [
      "DEB-45567403",
      -21.76534680327425,
      -15.30481452537981,
      190.7065918286453
    ],
    [
      "DEB-D0161600",
      33.48612786273505,
      -33.40233741877368,
      664.833406182911
    ],
    [
      "DEB-B7ADE161",
      2.547492636389131,
      -144.53061976786614,
      600.6778187505033
    ],
    [
      "DEB-6D131608",
      -28.571946028942985,
      63.942930777670654,
      932.6369791466477
    ],
    [
      "DEB-67EA3CE8",
      -26.98460447401555,
      38.09773238243572,
      231.10063579042435
    ],
    [
      "DEB-943B1444",
      -38.25088810519319,
      -38.51555949628873,
      336.67334629343895
    ],
    [
      "DEB-A968B7B6",
      12.974961789809988,
      60.24231900424393,
      572.8650610907289
    ],
    [
      "DEB-F474648E",
      19.843717273340996,
      -75.56849741213439,
      828.5435259789256
    ],
    [
      "DEB-6941EB0E",
      -29.233510588031287,
      119.29802636342139,
      892.9300074914308
    ],
    [
      "DEB-8F751863",
      -29.539738837253154,
      138.08548428175175,
      892.8874467460855
    ],
    [
      "DEB-464D0AB3",
      51.02933124193988,
      58.40745866598977,
      392.2534751386165
    ],
    [
      "DEB-9A121AAC",
      6.997336700778127,
      48.38046673395919,
      206.66120082585985
    ],
    [
      "DEB-DBF1D076",
      57.744101916314044,
      84.23953351561457,
      302.8987999372439
    ],
    [
      "DEB-DA981791",
      -44.09212074050946,
      -51.61451769789823,
      767.1527770860912
    ],
    [
      "DEB-D237B0A7",
      54.98990446348052,
      -9.8197212768738,
      234.49353087669533
    ],
    [
      "DEB-69ECB996",
      14.163050130474138,
      3.5965180511060706,
      515.4881412790328
    ],
    [
      "DEB-B8CFAD99",
      -41.194057760653834,
      172.97082832121504,
      737.2929110015766
    ],
    [
      "DEB-6847226A",
      32.23106383696161,
      -82.0251544372344,
      870.0922309846237
    ],
    [
      "DEB-0ECAB49F",
      36.43090522623554,
      -115.07650921052856,
      503.1489087254722
    ],
    [
      "DEB-9BD9218B",
      46.00233547162867,
      73.1869409126094,
      833.2677975457036
    ],
    [
      "DEB-E415ED49",
      43.120688369158124,
      -25.623596527205407,
      852.8717531291259
    ],
    [
      "DEB-ED14FF82",
      -20.237129880353205,
      48.20112719405173,
      409.1784264784437
    ],
    [
      "DEB-917098BA",
      -19.146412308370977,
      -50.189894031579485,
      138.91893306839484
    ],
    [
      "DEB-53547BA7",
      -12.180557204843701,
      93.28599089580057,
      616.268140872563
    ],
    [
      "DEB-5FE5C711",
      -47.695618263135565,
      -121.80124004123505,
      761.0449996337675
    ],
    [
      "DEB-4650939C",
      -48.318326091777045,
      20.041752853109532,
      349.38186816987763
    ],
    [
      "DEB-AC3849C6",
      -23.576311697793404,
      65.05126806974167,
      619.5409147609489
    ],
    [
      "DEB-E8365580",
      31.180493809194505,
      93.11901108642073,
      699.2967030616574
    ],
    [
      "DEB-4C4B7FDE",
      33.26298925760646,
      -176.21434017732267,
      608.0446084052937
    ],
    [
      "DEB-6FF5B04F",
      11.802101762744789,
      160.51385109736992,
      903.5886981877411
    ],
    [
      "DEB-A7D298EC",
      -26.405304739580338,
      156.02214307056505,
      824.4018748698782
    ],
    [
      "DEB-AC467685",
      -22.389867205319902,
      23.378497984306883,
      735.6688272893161
    ],
    [
      "DEB-51E0328E",
      13.163512665599239,
      -31.828205274497872,
      191.66156077296728
    ],
    [
      "DEB-ADAE2E1C",
      -39.83565749637293,
      -144.8710385241687,
      376.6768311651231
    ],
    [
      "DEB-E0A23D38",
      65.32668646679114,
      1.9848444265189693,
      733.9321432334909
    ],
    [
      "DEB-D51F0744",
      23.589913826381267,
      107.56865473124502,
      921.490022308114
    ],
    [
      "DEB-5192F012",
      -25.63078568964416,
      -62.084737152411336,
      862.6524288718365
    ],
    [
      "DEB-754A743A",
      24.923625862193745,
      127.76807755293811,
      763.1720848206596
    ],
    [
      "DEB-729DE9E7",
      -35.63032676363735,
      50.708497332309825,
      559.5394924586572
    ],
    [
      "DEB-542AA06E",
      -0.11651848170691485,
      161.83647256159324,
      193.65033020201918
    ],
    [
      "DEB-47937FA9",
      18.604636425080376,
      125.60838689258257,
      624.8657098814774
    ],
    [
      "DEB-CF3D1EA5",
      -10.977233249430991,
      -160.20274279534786,
      494.1130506853724
    ],
    [
      "DEB-B906D4A0",
      -68.85613650160926,
      40.021573970999086,
      717.8418254518892
    ],
    [
      "DEB-809C2B8F",
      33.52229070797838,
      -156.973257607049,
      625.1693621164841
    ],
    [
      "DEB-29F25D7C",
      33.95562455173107,
      -43.552532083605755,
      437.6093299858512
    ],
    [
      "DEB-C1402C38",
      50.79834499113005,
      172.7474777925381,
      879.9013663724418
    ],
    [
      "DEB-E83A2C99",
      36.52449372010636,
      127.29856432108618,
      724.1765818156682
    ],
    [
      "DEB-BDB37849",
      -37.43327018857616,
      -173.92861788079657,
      748.022333281976
    ],
    [
      "DEB-0CCF275A",
      51.89269633395215,
      151.95741026275147,
      868.7788806037897
    ],
    [
      "DEB-F61C26D2",
      16.780953665033127,
      -23.508591740396433,
      772.6668277047729
    ],
    [
      "DEB-00F0D09A",
      6.348280568087695,
      139.1672884908665,
      254.03874273830024
    ],
    [
      "DEB-85B0DFA1",
      -23.774336394063578,
      43.10746868549914,
      605.0240177802461
    ],
    [
      "DEB-7DFFD286",
      -20.635897519923397,
      -60.80488194739032,
      190.13535987680734
    ],
    [
      "DEB-433F63A3",
      42.277091817382136,
      -132.59407256715002,
      525.6432617321243
    ],
    [
      "DEB-83ABCB0F",
      33.41359964752884,
      78.63475062533975,
      847.7154218025617
    ],
    [
      "DEB-DB580DEF",
      7.372100505834674,
      -60.06157665339262,
      312.33153538726856
    ],
    [
      "DEB-62CC8045",
      3.8792830889578056,
      160.0635079976943,
      808.8350858416679
    ],
    [
      "DEB-BDAA57EE",
      -8.37466217911029,
      48.09895468110506,
      702.2544045711165
    ],
    [
      "DEB-27880777",
      -56.86875481467842,
      -175.6665238621294,
      348.55388840096384
    ],
    [
      "DEB-2C7B0BFD",
      -59.08020264923107,
      61.150002438465805,
      742.8171480005985
    ],
    [
      "DEB-64DBFE0E",
      24.682633256910584,
      137.16427713435394,
      582.4607305230356
    ],
    [
      "DEB-BF82F0A1",
      42.098225026964634,
      174.84585265558292,
      529.2711959776971
    ],
    [
      "DEB-C2CFDA9A",
      -42.97979960787622,
      -126.3120759479638,
      177.10216798972033
    ],
    [
      "DEB-6F32B37E",
      -8.939430364199735,
      9.990644175081025,
      839.9358959874917
    ],
    [
      "DEB-3C6F608B",
      53.19403734857751,
      41.3396673789689,
      800.9034220532694
    ],
    [
      "DEB-DD23C879",
      67.51689287372609,
      65.70560125718525,
      809.6036732548864
    ],
    [
      "DEB-179AD98D",
      -14.121008055179125,
      -72.3351168706124,
      211.53205652020642
    ],
    [
      "DEB-91FD6520",
      -69.36991130236963,
      158.2404610953268,
      209.0573609965868
    ],
    [
      "DEB-F2B85505",
      22.9697171804315,
      80.14869429906335,
      583.8422662053672
    ],
    [
      "DEB-2CBC4E22",
      -25.595389139887523,
      68.79567277617217,
      139.20649136689735
    ],
    [
      "DEB-9AF759EA",
      -47.455340935160265,
      178.41289717129246,
      511.26308874499955
    ],
    [
      "DEB-0D2A6609",
      4.237391452567653,
      126.84914535019358,
      184.77626699266966
    ],
    [
      "DEB-3DC691D6",
      -69.10024355149609,
      -159.63001601976683,
      246.0507441085556
    ],
    [
      "DEB-4E2256AD",
      7.91436810771243,
      142.15770768535558,
      256.1329715574975
    ],
    [
      "DEB-5742C77D",
      -44.55634835174517,
      -132.94659431939562,
      162.45660099510133
    ],
    [
      "DEB-D905D6DD",
      -47.562315752180034,
      171.44285033887311,
      755.9581773980753
    ],
    [
      "DEB-94ED089C",
      -38.99993326215729,
      22.252983950822298,
      930.284990473001
    ],
    [
      "DEB-D57ABAA1",
      -12.891835358672504,
      -59.238816973192435,
      683.9326317370887
    ],
    [
      "DEB-DDC0301B",
      3.093231864918576,
      -51.83784910019173,
      536.9926927294327
    ],
    [
      "DEB-FF875A1A",
      57.630404942387216,
      38.5712358441349,
      224.48510116384386
    ],
    [
      "DEB-662009E1",
      3.24546187640224,
      35.981261903741576,
      550.3573597487384
    ],
    [
      "DEB-1AE029D4",
      -51.32810554171959,
      178.68960882254262,
      399.51510775278985
    ],
    [
      "DEB-CBB1EF0F",
      -23.44184342580378,
      -69.93841688105147,
      515.1301952329723
    ],
    [
      "DEB-51F82F5F",
      -24.418676919461788,
      -179.32659311803198,
      178.7229920419377
    ],
    [
      "DEB-99037D6D",
      5.986098354481017,
      91.58157021086592,
      293.1587056491944
    ],
    [
      "DEB-160138FC",
      39.50934039576572,
      -35.06320047238823,
      225.608276749399
    ],
    [
      "DEB-F76F15E7",
      -38.15298355543051,
      173.3027478992796,
      176.7607565080025
    ],
    [
      "DEB-4601154A",
      -32.69683893600417,
      159.99682969153918,
      202.8396093682377
    ],
    [
      "DEB-7DF0ED27",
      3.208024340046961,
      -14.667499120872579,
      641.3423348498527
    ],
    [
      "DEB-D57A1996",
      -47.01180688082117,
      -145.820394219656,
      463.0444384333314
    ],
    [
      "DEB-869F4F5C",
      -19.508522678542707,
      -57.58940710945958,
      747.9173119182879
    ],
    [
      "DEB-39FA9D25",
      13.343350018087722,
      129.99561026694866,
      182.9111076288291
    ],
    [
      "DEB-4C937C05",
      35.250326373489266,
      120.69731005452496,
      407.6230474044369
    ],
    [
      "DEB-C11FE53B",
      -41.75471019831359,
      88.4033458404435,
      724.3609076308985
    ],
    [
      "DEB-5DD55FB5",
      -13.442522488037728,
      -41.84186844432383,
      474.1208590779752
    ],
    [
      "DEB-BF34E137",
      -14.767188223815895,
      11.367505491940443,
      260.0143655650063
    ],
    [
      "DEB-B518831F",
      72.57429646178846,
      -103.37314255181997,
      340.84082158898946
    ],
    [
      "DEB-3278F475",
      -56.77663741041726,
      134.10886667958027,
      187.08277029180317
    ],
    [
      "DEB-31C64075",
      58.1802655732138,
      -117.27049098370588,
      317.3660357322942
    ],
    [
      "DEB-FF823C9A",
      7.697716634289363,
      -163.4328483419712,
      281.4209163923606
    ],
    [
      "DEB-FF864D61",
      -70.37070835414467,
      -149.71232511012585,
      251.33802126518276
    ],
    [
      "DEB-12091051",
      1.4161569655080075,
      -105.65622826627849,
      457.97342145980565
    ],
    [
      "DEB-B70EF14B",
      -16.912657309767404,
      76.80596300066087,
      823.5841800393555
    ],
    [
      "DEB-AEA9CA47",
      6.756348104524758,
      139.96584996819394,
      620.7668931452454
    ],
    [
      "DEB-DBBF03C4",
      58.203933750233,
      108.51024586300483,
      851.2928683633036
    ],
    [
      "DEB-5F24E1B2",
      -4.750038711578327,
      153.86695146140025,
      491.9859376847053
    ],
    [
      "DEB-A887B3B9",
      -7.997976798764886,
      135.1038310007232,
      205.4647786936821
    ],
    [
      "DEB-82075D12",
      31.93107223163728,
      -67.5277815089021,
      405.1766259016149
    ],
    [
      "DEB-098936F0",
      -33.36838875936345,
      123.13802109775855,
      389.22027016066477
    ],
    [
      "DEB-D600F27B",
      -67.77694020791296,
      -92.04922570207587,
      589.4437908191758
    ],
    [
      "DEB-48851FE5",
      37.69147577964625,
      13.819628871969044,
      902.8688141679677
    ],
    [
      "DEB-B0F4CE9A",
      29.803943544478287,
      -79.9775868478969,
      488.3046890048754
    ],
    [
      "DEB-342DBE7D",
      -16.13013583692232,
      68.85645625943532,
      844.2247157002412
    ],
    [
      "DEB-AA59CED6",
      -15.721364452885561,
      -144.76627403311122,
      864.4433154532189
    ],
    [
      "DEB-2C47052D",
      -4.372110961443633,
      122.04312143161404,
      333.64542548616646
    ],
    [
      "DEB-8B282D51",
      46.86937457465965,
      12.792776068323535,
      333.86724857990976
    ],
    [
      "DEB-F69CD80A",
      -6.54667837567588,
      -129.9815838187656,
      732.556174418828
    ],
    [
      "DEB-AE40B546",
      67.12971224939103,
      -39.16684361424559,
      283.46700077993955
    ],
    [
      "DEB-ED7C6679",
      24.6245626018623,
      -57.78979180580456,
      594.9522050158757
    ],
    [
      "DEB-0C7F7061",
      42.41560043445062,
      -39.91363517408356,
      358.32695990233606
    ],
    [
      "DEB-9E403104",
      28.574991876923885,
      159.92827317595479,
      233.5923686907572
    ],
    [
      "DEB-CCE48158",
      36.028116389507844,
      160.44276290009168,
      769.8345344884774
    ],
    [
      "DEB-4AD61F89",
      -24.888475753354165,
      81.01723766703054,
      505.879983380295
    ],
    [
      "DEB-20A26240",
      -14.648486946635767,
      103.01995892120313,
      482.0600607539509
    ],
    [
      "DEB-001A930E",
      -42.160065707422234,
      -170.99846085468008,
      564.8584065605382
    ],
    [
      "DEB-D8C9D1E8",
      26.034314215222118,
      112.79923806365525,
      479.707363805519
    ],
    [
      "DEB-229C0A8D",
      -47.92239002025788,
      172.36717571405654,
      635.6644376431368
    ],
    [
      "DEB-5FCD4816",
      -2.65892686250935,
      71.03210022449373,
      926.8911262636457
    ],
    [
      "DEB-3D62F37A",
      -11.159377282324035,
      -102.28805314335644,
      877.7752141734954
    ],
    [
      "DEB-B3DD41C3",
      30.536260612445126,
      41.046074108372075,
      617.4241685816842
    ],
    [
      "DEB-E756D1D3",
      3.871282934211046,
      -84.60573369403988,
      907.4669673323469
    ],
    [
      "DEB-40BA9A82",
      35.459026143356354,
      68.61681988071177,
      743.2710357123005
    ],
    [
      "DEB-3FDA315F",
      26.570988098484623,
      24.328623351565366,
      120.06235619400377
    ],
    [
      "DEB-F0D33E67",
      13.572195164956732,
      -80.6466275580591,
      286.3594803780943
    ],
    [
      "DEB-0D40B22C",
      66.7921705179962,
      152.7903212764515,
      160.81558422944363
    ],
    [
      "DEB-59DF19C0",
      -42.12844738959848,
      -85.07699913498796,
      474.49713001689634
    ],
    [
      "DEB-9A1EF7F7",
      -9.198361304083383,
      -145.00154401234153,
      281.79563103541113
    ],
    [
      "DEB-BA7B24D1",
      -30.738715994653216,
      -157.65119257537253,
      813.9871385993265
    ],
    [
      "DEB-3421BC79",
      48.48187226724805,
      81.83025598118968,
      315.8210906513368
    ],
    [
      "DEB-8A38320C",
      84.66418925625715,
      -36.32018831782701,
      893.9915592289099
    ],
    [
      "DEB-3EF010EE",
      20.4742340593537,
      159.74679384020018,
      361.54096023408874
    ],
    [
      "DEB-2C9B2C87",
      1.866477917284301,
      -16.054315132074212,
      716.526476996095
    ],
    [
      "DEB-821757F4",
      -28.261534512600054,
      152.17488692250825,
      165.67081596590197
    ],
    [
      "DEB-1E7757A1",
      -37.85079556485738,
      -20.434303552589384,
      272.8658094958064
    ],
    [
      "DEB-15A00DC1",
      30.204646249573912,
      13.243656341615582,
      878.2790883060234
    ],
    [
      "DEB-3E63EDA0",
      2.1412134137819567,
      65.87577612890895,
      881.3388941082576
    ],
    [
      "DEB-1EB41386",
      29.264127383945635,
      26.789980933583042,
      571.0042622396995
    ],
    [
      "DEB-8E61C269",
      -76.77555631866036,
      167.73583429492618,
      409.60890291036594
    ],
    [
      "DEB-992965D0",
      85.25868710294507,
      -71.99043535887807,
      399.1794521940028
    ],
    [
      "DEB-C3AE2D13",
      54.58813314778153,
      95.75897614712555,
      420.6894632512758
    ],
    [
      "DEB-4A264C0B",
      -5.381810960819278,
      -25.255173082704623,
      273.9667517067028
    ],
    [
      "DEB-21E8A2DD",
      -37.87010808261552,
      -135.81719203930336,
      773.6979465714758
    ],
    [
      "DEB-C0DCA816",
      -23.62707069471857,
      -16.341227372995384,
      324.76949311846147
    ],
    [
      "DEB-D190C317",
      -27.00705250707039,
      -43.12799622323952,
      119.18702509398736
    ],
    [
      "DEB-23814E6F",
      -53.585202931112036,
      94.33084697013749,
      862.3383322661057
    ],
    [
      "DEB-B031B467",
      0.3578284525590175,
      -16.944992063115173,
      657.9619565710436
    ],
    [
      "DEB-1F72439C",
      -33.04536642611078,
      -159.66421527713635,
      616.4644604318319
    ],
    [
      "DEB-6B4A779A",
      -87.75769110517099,
      81.78629359991122,
      384.7950437487407
    ],
    [
      "DEB-F6505C44",
      -16.499410936633716,
      -78.03436437769834,
      145.95339240899557
    ],
    [
      "DEB-E0A7E1A7",
      -47.78392249129311,
      -144.7396869669974,
      181.09901761950096
    ],
    [
      "DEB-43E308F0",
      -8.77843583458866,
      -116.26113490199994,
      553.2011569625165
    ],
    [
      "DEB-F1661C17",
      13.464675267925802,
      174.6068813326781,
      831.4995191497974
    ],
    [
      "DEB-B487131E",
      -66.10700584725323,
      102.25203884731401,
      310.91967896703045
    ],
    [
      "DEB-F33B2833",
      -87.4450196039167,
      147.57180545225106,
      316.7426944263534
    ],
    [
      "DEB-AEF874E3",
      14.013155587507029,
      -156.71939271790043,
      224.47824971479258
    ],
    [
      "DEB-FEFE7780",
      -13.662766411905398,
      3.099057406074896,
      889.6129861747268
    ],
    [
      "DEB-CC9633D2",
      -3.161231791511383,
      -77.92772438723317,
      894.4169360651558
    ],
    [
      "DEB-439F5C4F",
      1.3177798562200773,
      123.84775676264955,
      652.6321897240687
    ],
    [
      "DEB-0D2AA928",
      33.468877090401136,
      87.21562288493558,
      207.50412621681426
    ],
    [
      "DEB-D711C8E7",
      -8.72541479423979,
      84.39931444278051,
      377.9891231236643
    ],
    [
      "DEB-882CB4CC",
      -70.57283623056776,
      57.526101797116226,
      417.83618920814206
    ],
    [
      "DEB-5C67D594",
      7.810078599206424,
      -25.65306488072921,
      281.59268803102714
    ],
    [
      "DEB-0A9C33D4",
      -15.363192535116534,
      118.57074968126946,
      465.30753472898687
    ],
    [
      "DEB-876689B0",
      10.322846677539493,
      178.87476152687654,
      573.3949831065229
    ],
    [
      "DEB-4848D890",
      -62.12611676781034,
      45.33310629303633,
      815.8220465265804
    ],
    [
      "DEB-6799B8B2",
      -66.13578652846519,
      -20.504011650965563,
      890.150617072085
    ],
    [
      "DEB-9903F233",
      42.63380947553135,
      -16.48680035371305,
      188.39239249423827
    ],
    [
      "DEB-328B571F",
      47.47454711237159,
      -41.337065295350534,
      715.0462843727255
    ],
    [
      "DEB-22645A7D",
      -56.26996273050854,
      69.29839645032978,
      434.40623248818065
    ],
    [
      "DEB-07BFD1F7",
      -9.648115336642055,
      47.73306759694213,
      834.082633519527
    ],
    [
      "DEB-946456B9",
      -22.239989185869682,
      167.66210193554278,
      608.4944388422673
    ],
    [
      "DEB-715CBFA3",
      26.872424952855003,
      -108.21629719843234,
      842.6649734167349
    ],
    [
      "DEB-B8138A92",
      60.679695151987,
      61.60205163096165,
      739.896871474536
    ],
    [
      "DEB-DD0F343B",
      11.892916669823316,
      139.23351380717654,
      796.9924778570594
    ],
    [
      "DEB-078BE08A",
      6.220995104312447,
      -31.00024280797967,
      533.1156196417269
    ],
    [
      "DEB-33E42904",
      -8.643711946368484,
      1.9256875651043637,
      764.577153878623
    ],
    [
      "DEB-9C5E7460",
      -85.62004140199912,
      52.802808118055545,
      726.194349214531
    ],
    [
      "DEB-0484CB20",
      -7.503945866477445,
      -86.17486548960316,
      607.44120708223
    ],
    [
      "DEB-161262F5",
      -24.36794618717341,
      -82.06437911546617,
      136.39977756976532
    ],
    [
      "DEB-AFC1ABB2",
      3.088858473266943,
      103.28913108785991,
      281.6729046369974
    ],
    [
      "DEB-641A61EE",
      -0.23908456229041913,
      10.682644036236026,
      460.06421586008037
    ],
    [
      "DEB-299E45FD",
      -6.445037210276492,
      161.7198934054944,
      503.0477528935444
    ],
    [
      "DEB-8CE36CB3",
      16.91239028761632,
      40.78055520395302,
      701.4119355676448
    ],
    [
      "DEB-3AF60D23",
      -55.38620675599457,
      -49.039014573864876,
      146.87519905037334
    ],
    [
      "DEB-8E7205C2",
      39.50430135285465,
      142.55711825601054,
      911.9567301755387
    ],
    [
      "DEB-50413A0A",
      -48.458554202751145,
      2.237158684370072,
      226.65454699937982
    ],
    [
      "DEB-227CD1FE",
      -58.493112455378885,
      15.016130495013856,
      424.7984905794274
    ],
    [
      "DEB-9D3B20E4",
      -11.97143795014189,
      -154.86696365614424,
      213.54780526873856
    ],
    [
      "DEB-2B7D7869",
      -8.31895726252047,
      135.6389146597509,
      227.22917723925184
    ],
    [
      "DEB-6BA143A2",
      -41.493643281305765,
      -134.62616802832093,
      729.8494895631657
    ],
    [
      "DEB-F9C1B041",
      -24.599768517665968,
      -145.83804989739366,
      460.7936445784717
    ],
    [
      "DEB-7D16D0FA",
      43.17227066171715,
      -162.07995245286068,
      361.17493924536666
    ],
    [
      "DEB-C5C93903",
      -42.80821981876518,
      126.07091985487355,
      141.4269488017353
    ],
    [
      "DEB-813FCF39",
      -28.52739674986379,
      -101.5579749910183,
      287.69093014678583
    ],
    [
      "DEB-DA19A19C",
      -12.61695926809333,
      23.80968853078073,
      664.0947089515521
    ],
    [
      "DEB-61677234",
      -13.093790616681149,
      11.674263921794596,
      160.25457737161196
    ],
    [
      "DEB-6DF36EFC",
      29.064200219062347,
      -113.8504055002806,
      207.3327074619092
    ],
    [
      "DEB-56246DC1",
      -20.392670137704325,
      -127.52201973404398,
      431.928739646939
    ],
    [
      "DEB-97EF8630",
      -2.9252111177514526,
      -127.61297401662193,
      702.2388746056104
    ],
    [
      "DEB-BF05D7C5",
      -8.486421782172442,
      -34.347585301718254,
      501.75253643305405
    ],
    [
      "DEB-A434AA41",
      -58.81799260927079,
      84.12702584506084,
      490.2089515169091
    ],
    [
      "DEB-C985307B",
      53.15628369835416,
      167.75637381448905,
      699.8178422481296
    ],
    [
      "DEB-7F3EA190",
      -6.40157854524758,
      179.80893211078063,
      301.7097832842328
    ],
    [
      "DEB-61C03024",
      -76.94589100838726,
      -75.0860923176174,
      886.2476156185958
    ],
    [
      "DEB-C34EE31A",
      15.267135232644057,
      100.5273162146899,
      234.35794512603934
    ],
    [
      "DEB-C70CCCD0",
      16.526379454555627,
      -47.59231271406256,
      381.76222668407445
    ],
    [
      "DEB-09373EE4",
      -33.070600425448426,
      52.83611930472938,
      732.5256630131262
    ],
    [
      "DEB-17F3FA08",
      -11.497798093845043,
      -26.45607594073821,
      546.4588516645854
    ],
    [
      "DEB-56848BA6",
      11.617072302875046,
      -92.27761674541527,
      375.12551490047827
    ],
    [
      "DEB-E4516AF8",
      -17.58149804483865,
      -125.90930684704976,
      286.81740088731385
    ],
    [
      "DEB-42CB1A11",
      26.573010925339258,
      -95.8535007954056,
      241.76236060482734
    ],
    [
      "DEB-12235A3B",
      -5.3657481843284005,
      108.48054160406527,
      612.544889431183
    ],
    [
      "DEB-702C76FF",
      54.470496018419915,
      20.951702810836924,
      481.66458230071476
    ],
    [
      "DEB-94D8DE7B",
      30.123386046974808,
      -67.2554252321405,
      874.7031466740946
    ],
    [
      "DEB-EC4B1F8A",
      -37.196017836339436,
      16.72080057175188,
      333.8356870381058
    ],
    [
      "DEB-0A46D31A",
      -31.239568669812837,
      -105.34056262013254,
      289.9752263016708
    ],
    [
      "DEB-AD7D9882",
      15.477096081614564,
      -77.47872895577132,
      132.3429856009907
    ],
    [
      "DEB-0432707C",
      -64.59906224715024,
      58.42194209038069,
      413.14347764363447
    ],
    [
      "DEB-01797C79",
      -29.13135742255795,
      128.65275528184816,
      723.6970255314773
    ],
    [
      "DEB-0C4B739D",
      -76.29099532493514,
      168.66506901531554,
      556.2958241611832
    ],
    [
      "DEB-A6631A6B",
      -0.923716161676941,
      169.60761874315884,
      425.2679393678618
    ],
    [
      "DEB-F50065FC",
      45.80212923060389,
      -142.05041723725137,
      567.6095114215314
    ],
    [
      "DEB-910C3961",
      41.843585035464734,
      -168.5027294549676,
      748.0819623665257
    ],
    [
      "DEB-A5148835",
      64.1981711754856,
      48.248374082125395,
      460.60449065859393
    ],
    [
      "DEB-921DAAB6",
      -21.012963166985543,
      -77.18753858407419,
      583.4696226797569
    ],
    [
      "DEB-F366F370",
      11.362343162920586,
      -151.1021965342412,
      129.08871810307846
    ],
    [
      "DEB-E48C3C63",
      -10.342533199800085,
      -31.577843718793332,
      455.3672206605879
    ],
    [
      "DEB-0C45D559",
      -35.966989135417215,
      -105.58039992577041,
      260.1476119273484
    ],
    [
      "DEB-CFA89E6C",
      -14.61401211342619,
      148.14382111718035,
      459.7634442370236
    ],
    [
      "DEB-13BA89C4",
      -38.97992076274232,
      -156.41859358253666,
      508.2198476809026
    ],
    [
      "DEB-11D5C3CC",
      -18.457940386494855,
      113.21753152701118,
      528.0275428044579
    ],
    [
      "DEB-80F3455B",
      16.206678158771144,
      75.82271687187307,
      308.0470139658719
    ],
    [
      "DEB-A78CD4C7",
      63.07817194986617,
      -42.30161752469597,
      550.2148260724935
    ],
    [
      "DEB-3BBE31F9",
      -27.211996144176055,
      59.44761570204652,
      677.8877424235725
    ],
    [
      "DEB-D11F04E1",
      -19.92797975983582,
      -79.98000098504082,
      202.94434537887173
    ],
    [
      "DEB-34981ABE",
      -17.23859969440439,
      -15.579972040245217,
      726.4523793561075
    ],
    [
      "DEB-856854CF",
      26.967352943064906,
      -138.9160370350355,
      825.7045816518284
    ],
    [
      "DEB-255D8A22",
      -38.18901581816483,
      50.01173326559308,
      537.6726049920962
    ],
    [
      "DEB-2DBCC5EA",
      -21.43701724359442,
      -47.78957496779725,
      445.1198529354724
    ],
    [
      "DEB-4556E7A9",
      -32.1883134008111,
      31.263446885794494,
      624.0799910617916
    ],
    [
      "DEB-4A8074BB",
      -13.469899431931228,
      58.07999364396733,
      619.8656408870074
    ],
    [
      "DEB-ED0E28B3",
      -5.152333764428244,
      31.75448952165492,
      320.1229621548964
    ],
    [
      "DEB-CE54FB8D",
      -21.393121159327407,
      53.11199061522315,
      352.1179798672092
    ],
    [
      "DEB-B94E0D39",
      20.71880345695427,
      -45.31348219096622,
      778.3699454617299
    ],
    [
      "DEB-9338EABE",
      21.44070231328729,
      31.52906983226375,
      489.95157306531837
    ],
    [
      "DEB-0870DE6A",
      15.303178076126907,
      94.4604938574617,
      280.48820132243964
    ],
    [
      "DEB-95B601B3",
      23.729884510720293,
      -57.147794464844004,
      271.3496932633634
    ],
    [
      "DEB-E49FF08C",
      15.832214316043954,
      174.72414612817272,
      486.4312730934753
    ],
    [
      "DEB-04DFE40A",
      77.0889212234275,
      35.37705131290551,
      364.3446830021712
    ],
    [
      "DEB-1990EB1A",
      4.595549457686788,
      37.81432552988358,
      635.3494933955353
    ],
    [
      "DEB-404D807A",
      -33.652539730169615,
      34.166721141864336,
      685.0460873974471
    ],
    [
      "DEB-D5456715",
      -41.18238325963608,
      -35.77599722070784,
      409.8659166016814
    ],
    [
      "DEB-EC2C06A2",
      -39.20166059016282,
      88.52110552287121,
      645.5772658263068
    ],
    [
      "DEB-F52C5C7F",
      -14.245518421864675,
      55.371957535857014,
      216.28444950817084
    ],
    [
      "DEB-3C7F7C50",
      25.956739390680557,
      67.9076462594005,
      710.788410050046
    ],
    [
      "DEB-B8971C59",
      68.61807699290597,
      -166.0771199138137,
      119.31158234173745
    ],
    [
      "DEB-CDF30FBE",
      -20.830530593323346,
      27.72391495672522,
      688.2529735440467
    ],
    [
      "DEB-7A927AE8",
      45.44409401707846,
      -102.34027516765124,
      662.2321768556103
    ],
    [
      "DEB-FDBEA069",
      14.219770095223637,
      176.8990104588069,
      548.5454840773964
    ],
    [
      "DEB-C983EA64",
      30.97464944512667,
      75.16585635069168,
      654.8670003952202
    ],
    [
      "DEB-C08986F9",
      78.57552307807272,
      85.17856413482382,
      653.9292716951268
    ],
    [
      "DEB-A8DC3FC8",
      30.962312811130598,
      105.86454442348743,
      870.9261123837341
    ],
    [
      "DEB-D94B3F04",
      -86.71483823362573,
      87.26193679593142,
      341.16918751897356
    ],
    [
      "DEB-7DE654C4",
      30.629362150043352,
      62.978741678809065,
      146.18308951657855
    ],
    [
      "DEB-32195698",
      -36.771039786365826,
      -6.449056979872858,
      212.5906259719277
    ],
    [
      "DEB-6F52813B",
      30.714019909231997,
      -108.42706890189142,
      616.7537816353761
    ],
    [
      "DEB-9B61A4A6",
      -75.17484917946038,
      -132.33823778450065,
      784.9444644496216
    ],
    [
      "DEB-0134C1FB",
      62.36714437060478,
      5.3460879593065584,
      309.32871723169956
    ],
    [
      "DEB-B8DC64F7",
      62.55853622600771,
      -108.28885948007876,
      338.0413232636565
    ],
    [
      "DEB-F642C9ED",
      -25.088380964976867,
      81.98833904959405,
      590.2372955825031
    ],
    [
      "DEB-00AE78D3",
      21.732166696443713,
      -123.92989564024448,
      557.7858285346065
    ],
    [
      "DEB-3078B8BF",
      -62.694264105801466,
      156.4600206333307,
      392.09446135190774
    ],
    [
      "DEB-AA43EFA5",
      -15.35644569897423,
      -70.21870061257924,
      554.2547075508637
    ],
    [
      "DEB-D1958098",
      -18.51893620947826,
      -165.3868227767578,
      422.37261362355457
    ],
    [
      "DEB-C7E3C930",
      -41.872657038321606,
      117.67908857331777,
      772.0584316496443
    ],
    [
      "DEB-B226661D",
      -34.77118950929365,
      -170.11183116032754,
      731.0296875622889
    ],
    [
      "DEB-A35D107E",
      13.05087304516187,
      -155.58220571103456,
      883.9270093931573
    ],
    [
      "DEB-380390B2",
      31.008633583777815,
      -77.21540340898986,
      824.1681754984847
    ],
    [
      "DEB-3C68241F",
      13.691834084002902,
      174.88703224356277,
      368.105154894879
    ],
    [
      "DEB-D791C411",
      30.83843194133211,
      -61.40185116994276,
      783.2928934707697
    ],
    [
      "DEB-9836620E",
      -51.383552377462166,
      157.5072520530521,
      787.7616795161839
    ],
    [
      "DEB-CC9A68CB",
      -9.51982588918568,
      23.081060250418577,
      375.83665912020297
    ],
    [
      "DEB-93542EE0",
      54.77613284816576,
      -63.83243601908053,
      592.6875238458078
    ],
    [
      "DEB-BBC72241",
      20.50160751183921,
      72.21866700030984,
      350.0459301107785
    ],
    [
      "DEB-5B7FA68A",
      24.926034142296867,
      51.04533242248823,
      686.8412215787293
    ],
    [
      "DEB-0F17934E",
      43.93893952292414,
      -119.67559041819695,
      842.5476728598505
    ],
    [
      "DEB-DF616737",
      -8.776259227468284,
      48.386944597419856,
      350.2355090884721
    ],
    [
      "DEB-6165F2E0",
      -11.25095765974713,
      -162.3472404487593,
      817.7608435621614
    ],
    [
      "DEB-AFC9BD0C",
      35.67399501213212,
      -178.39271454498785,
      352.83446676759195
    ],
    [
      "DEB-0413EB42",
      -42.754576464919616,
      -173.07967680321843,
      467.2900128562642
    ],
    [
      "DEB-E96049E4",
      -26.47048178265186,
      -15.156791937083012,
      289.8491193478085
    ],
    [
      "DEB-E95214D5",
      -19.17053276800813,
      -137.26024952253837,
      496.88810541109706
    ],
    [
      "DEB-16729469",
      3.0687368807967697,
      179.5850721009858,
      850.2787952832796
    ],
    [
      "DEB-12783B9F",
      41.39656896404175,
      162.2050594872655,
      214.51827567603323
    ],
    [
      "DEB-CC0464FF",
      -69.45176961253514,
      -76.31467407012968,
      888.8429206194241
    ],
    [
      "DEB-7FE4CE5F",
      -59.726943666672085,
      -16.545174982933048,
      154.8384869566853
    ],
    [
      "DEB-9C28D47C",
      1.6410555559578675,
      66.21387922144872,
      133.8370515607421
    ],
    [
      "DEB-4B249D33",
      30.33225730810319,
      -89.41878679269966,
      254.5142260039529
    ],
    [
      "DEB-1B97D039",
      42.77982430853305,
      3.8728872881259457,
      810.1138577525107
    ],
    [
      "DEB-533D7522",
      -66.83470344645185,
      -100.47361451346757,
      328.15290908760744
    ],
    [
      "DEB-75192C4A",
      -17.609564426851865,
      62.62060556261479,
      331.39507397787565
    ],
    [
      "DEB-EAD7BB56",
      -16.858370367310254,
      117.67003533162442,
      781.8618809979807
    ],
    [
      "DEB-47CCAEA3",
      -3.7264361996989877,
      -58.77268090140331,
      318.65664503454263
    ],
    [
      "DEB-E135EC1D",
      -35.20389411120517,
      -114.67506361315836,
      655.7163490736639
    ],
    [
      "DEB-6D775310",
      51.946473485951635,
      25.555403698131578,
      228.90304088636094
    ],
    [
      "DEB-7B97B6CB",
      -67.15926900828677,
      -100.84361670046208,
      726.8259223872301
    ],
    [
      "DEB-4CA2C250",
      -68.69098203161002,
      65.54170970947438,
      266.0174036789185
    ],
    [
      "DEB-F1BD8F9C",
      10.10442525912225,
      94.81681151313009,
      445.65715657329656
    ],
    [
      "DEB-A033194E",
      47.612648533028654,
      133.1362685012421,
      330.82432483412776
    ],
    [
      "DEB-5327E75C",
      29.80362435241803,
      106.14688071743603,
      856.1062637168488
    ],
    [
      "DEB-59F13DDE",
      53.640134845850206,
      131.35583693319646,
      124.87318835609312
    ],
    [
      "DEB-A8D99947",
      -28.22122851421949,
      99.4572362668979,
      909.3541188564359
    ],
    [
      "DEB-9F9D7D17",
      18.865510264832434,
      115.8586316804838,
      917.6257296663989
    ],
    [
      "DEB-02838756",
      -24.824234194129634,
      -114.64228291125592,
      315.94451508117254
    ],
    [
      "DEB-50DEB115",
      -7.4786456254665845,
      -136.29479796642372,
      425.8714251394558
    ],
    [
      "DEB-4851AEC6",
      -47.13933399225385,
      109.27463489523024,
      369.3380520341316
    ],
    [
      "DEB-A6D211CD",
      61.82990615180933,
      -95.03196672412433,
      334.0068161496056
    ],
    [
      "DEB-8714060B",
      -73.5925346145055,
      136.16688380950083,
      486.02119976383983
    ],
    [
      "DEB-95A31CBE",
      -34.87847782542643,
      56.374612507989596,
      240.1916901295799
    ],
    [
      "DEB-990B9D7A",
      -41.42068269699397,
      128.93686182223897,
      482.7223065709004
    ],
    [
      "DEB-DA5C5D5E",
      -9.94027867963937,
      -78.52804152362,
      908.0357914384003
    ],
    [
      "DEB-83EEAE2C",
      0.14054328176935468,
      77.2962663259567,
      170.92871502150774
    ],
    [
      "DEB-FBECE33C",
      6.487808976715868,
      40.54972368017338,
      383.4799150938943
    ],
    [
      "DEB-BDB1C104",
      -17.527344099798913,
      -38.21435949325668,
      401.4916235709052
    ],
    [
      "DEB-228DDFDB",
      -61.49295364804322,
      25.420760783510417,
      279.071500294971
    ],
    [
      "DEB-F70D4916",
      7.011526644999525,
      -138.34030756888583,
      168.82859817692315
    ],
    [
      "DEB-6B4042F2",
      15.336938964596017,
      -113.0064686649079,
      138.08766975657
    ],
    [
      "DEB-C40C733A",
      -56.5785881748627,
      -20.372844184811033,
      291.9575402708224
    ],
    [
      "DEB-58EC1B48",
      32.47113710550238,
      68.42212304235471,
      144.327636815794
    ],
    [
      "DEB-4866D535",
      -34.29959858513143,
      -129.24569601544255,
      676.3464747400594
    ],
    [
      "DEB-43663FCD",
      -24.874757558277093,
      -16.883272641751542,
      845.3170982218389
    ],
    [
      "DEB-00724B3F",
      -9.338602144032548,
      13.800412479117787,
      159.97621008425722
    ],
    [
      "DEB-9475F74A",
      8.359600379123162,
      35.318968174318,
      692.5505318035102
    ],
    [
      "DEB-6B67328F",
      -25.67242025419676,
      129.27946258533032,
      621.7463560749284
    ],
    [
      "DEB-148480D8",
      -41.79406184519716,
      21.50261108338567,
      551.9288603250388
    ],
    [
      "DEB-5E12CB73",
      -29.15981216302235,
      -55.74412303155374,
      563.9364776608882
    ],
    [
      "DEB-4F724AC1",
      0.7980954239772362,
      -2.334302640082498,
      449.56193551455726
    ],
    [
      "DEB-044C4661",
      29.053975266338927,
      28.1450779797529,
      728.6704638875972
    ],
    [
      "DEB-C0094B3F",
      27.246702750516206,
      -171.60567416176866,
      615.0722516236156
    ],
    [
      "DEB-D94A1264",
      3.9622718179735887,
      -4.915759271392796,
      728.4375938856174
    ],
    [
      "DEB-864E4CC2",
      43.23277394600432,
      -100.9098181788613,
      704.0381547356319
    ],
    [
      "DEB-A65742B3",
      -20.179387231377902,
      -35.25554620769833,
      193.2980634211026
    ],
    [
      "DEB-87B306EA",
      -67.37281710646943,
      47.414756076023686,
      643.8996532688207
    ],
    [
      "DEB-ADB42722",
      -39.49580322891587,
      87.50698144180106,
      353.2590879592399
    ],
    [
      "DEB-EE4DDB69",
      -72.73721723918872,
      -156.35365948686055,
      621.545010702067
    ],
    [
      "DEB-FD7F7287",
      60.008239971600695,
      -99.5435821213151,
      797.0472663594073
    ],
    [
      "DEB-F5F66A8A",
      -22.403519827621757,
      -46.54388706492576,
      805.9436530778084
    ],
    [
      "DEB-48DA02FC",
      -7.9537496600358,
      22.803962508515454,
      579.1303128234722
    ],
    [
      "DEB-31E4B3B0",
      73.92215305234012,
      -159.09056741658856,
      621.5773066998008
    ],
    [
      "DEB-AFA2E3E3",
      -15.846273059445782,
      62.36425294479697,
      385.9736297668669
    ],
    [
      "DEB-3B4E0F35",
      -21.842249244959863,
      78.74659863300683,
      811.8317516750412
    ],
    [
      "DEB-60B2F92A",
      -44.107927579528884,
      -155.64103610750655,
      832.4132555269798
    ],
    [
      "DEB-D1A7387F",
      18.566701713515332,
      41.765595513544056,
      765.8328101958814
    ],
    [
      "DEB-3DDC67F0",
      -16.68275862401602,
      174.1130476528511,
      865.639936790405
    ],
    [
      "DEB-416C44BE",
      -38.4000190900278,
      141.03791846155104,
      612.9608075148562
    ],
    [
      "DEB-EB4F65F2",
      -55.8631510679653,
      -137.49281839104978,
      673.1197092819139
    ],
    [
      "DEB-FA946135",
      -26.104667027724485,
      -115.78044980250071,
      358.14100698823677
    ],
    [
      "DEB-1502B35C",
      -57.72853574990143,
      27.90242962205793,
      363.5112264522886
    ],
    [
      "DEB-D699C077",
      58.101404887507265,
      -89.1218554294932,
      494.45186014536284
    ],
    [
      "DEB-29EBA1CE",
      35.870841083093524,
      102.81648642811966,
      835.7131387541722
    ],
    [
      "DEB-16E5F249",
      41.174220017926615,
      -106.62682341681784,
      315.39913572356636
    ],
    [
      "DEB-28C3ABE9",
      -33.246918662905045,
      -85.34315354425264,
      160.41416205686437
    ],
    [
      "DEB-2D47C3AA",
      -38.47424913905475,
      -28.15975597859426,
      823.0327096735873
    ],
    [
      "DEB-79C64500",
      -48.137932385676564,
      148.98786268210455,
      151.42067067982225
    ],
    [
      "DEB-258577F1",
      -65.4276624766854,
      96.72968740400266,
      829.7462536352514
    ],
    [
      "DEB-CFD5B24B",
      -6.505296616526859,
      -26.346459636941454,
      485.3605046843304
    ],
    [
      "DEB-9D323206",
      -10.934820072954627,
      7.876900530985581,
      471.887229164191
    ],
    [
      "DEB-2165F1AC",
      43.62846727052343,
      -91.20649090604039,
      551.7685846578515
    ],
    [
      "DEB-985FB0A5",
      15.890388518320359,
      73.47927243390707,
      908.973637285233
    ],
    [
      "DEB-02834BB7",
      48.6720482706408,
      68.89227408887177,
      431.48621769878355
    ],
    [
      "DEB-24A5D08A",
      -54.647660946197895,
      41.61648035845172,
      665.5777838033337
    ],
    [
      "DEB-40F03A73",
      -53.81514909090846,
      -40.214094379155995,
      703.5177052304971
    ],
    [
      "DEB-8B442076",
      -4.587362752512516,
      -163.08976226856794,
      720.2990662056063
    ],
    [
      "DEB-17A6844D",
      30.522351586956155,
      82.24288123935949,
      254.77143023263034
    ],
    [
      "DEB-35378AD2",
      -33.0053218241139,
      -19.480770314255086,
      483.46235005735343
    ],
    [
      "DEB-A2829D7F",
      8.758592776885866,
      49.62567563944137,
      894.8167233207132
    ],
    [
      "DEB-A99E2CC6",
      16.968531349027693,
      115.3027144810981,
      542.6645858678739
    ],
    [
      "DEB-4F457AE4",
      -72.23780551563365,
      52.63615293338407,
      379.2568626253278
    ],
    [
      "DEB-8A71224C",
      -3.1621180583306234,
      101.41161847324248,
      669.3296071267705
    ],
    [
      "DEB-F2C7ACA6",
      -5.8359477966080275,
      -52.08144125573322,
      360.8222450661251
    ],
    [
      "DEB-3F330092",
      -35.792975410273264,
      16.79213856339787,
      341.0476671769393
    ],
    [
      "DEB-6A3A5886",
      28.94328913594332,
      -76.16107559432578,
      773.0165754158534
    ],
    [
      "DEB-4CC8CE05",
      -58.26922938433037,
      33.42883929862475,
      900.6264604614144
    ],
    [
      "DEB-66094291",
      6.902335492054619,
      -114.98449361777443,
      467.01283976304603
    ],
    [
      "DEB-CCA034CE",
      8.710073625125572,
      -173.23323550986643,
      339.9931455345495
    ],
    [
      "DEB-4C98C089",
      -58.5720542172305,
      62.611283619588754,
      722.3519405222141
    ],
    [
      "DEB-FA2F7A6E",
      -42.76825040794849,
      -139.87664031115938,
      886.0003052911734
    ],
    [
      "DEB-2AD256FE",
      -15.999989670381014,
      18.674948946267623,
      211.75816873395797
    ],
    [
      "DEB-98FCD6DE",
      -10.606516743990317,
      105.89376562454031,
      523.5139933251121
    ],
    [
      "DEB-27D3E551",
      -5.283193865996874,
      146.71051722037382,
      727.2174565868063
    ],
    [
      "DEB-D990934B",
      -50.18182792973824,
      -48.64628359436602,
      322.9323404253373
    ],
    [
      "DEB-1578DCC0",
      48.55513917884629,
      15.751654304247161,
      828.205494892175
    ],
    [
      "DEB-650BCB9D",
      -54.410370667863816,
      -9.603548150453436,
      635.1023887592992
    ],
    [
      "DEB-15C6E382",
      21.82391512124212,
      -163.12054864001553,
      743.6531432548154
    ],
    [
      "DEB-2BD20280",
      -44.83824274843359,
      120.3310218121289,
      756.2246147622755
    ],
    [
      "DEB-153B6DF0",
      80.93027568991592,
      -23.166316937388974,
      903.0832588929225
    ],
    [
      "DEB-4A193AC2",
      24.948928337030928,
      -91.78552639178032,
      455.84169576263685
    ],
    [
      "DEB-DACF1E32",
      17.824000605488965,
      24.149994088442586,
      210.10698276204494
    ],
    [
      "DEB-D50B3F20",
      -58.40737818478376,
      38.1598184686993,
      832.7257588424009
    ],
    [
      "DEB-B926393D",
      -18.185771554770074,
      -134.5990940057103,
      830.8822441413795
    ],
    [
      "DEB-CCAB8F0B",
      -39.83838120026239,
      47.28048610802693,
      682.346554226182
    ],
    [
      "DEB-8AB93390",
      -27.951765694313888,
      -3.880599001037187,
      536.5626997339468
    ],
    [
      "DEB-02339FC1",
      2.59079648434896,
      106.3493248971895,
      542.3379772078106
    ],
    [
      "DEB-3C3EAC4F",
      -29.60617093176841,
      -134.82190784513642,
      607.0498167775149
    ],
    [
      "DEB-A8B35FED",
      -30.007009638169247,
      -87.99154892497712,
      326.615371777345
    ],
    [
      "DEB-5ACA7128",
      55.95202231360126,
      -57.130795592037316,
      147.93857164586734
    ],
    [
      "DEB-4AFA1ACF",
      81.50627263209739,
      -143.3113962873959,
      487.25669298846515
    ],
    [
      "DEB-61107DEF",
      14.328070168559712,
      168.07448453017048,
      323.11700636546266
    ],
    [
      "DEB-F84C4A42",
      -26.592967627091472,
      19.664694517046144,
      559.9731983783404
    ],
    [
      "DEB-1A22AE0E",
      37.688990726821515,
      72.55704103942928,
      725.4611726804787
    ],
    [
      "DEB-95E36E9D",
      46.65599106960431,
      75.05445276415867,
      514.7542466907908
    ],
    [
      "DEB-0E9D8DB9",
      39.75499543337039,
      144.75776506217179,
      255.39586227010568
    ],
    [
      "DEB-ABDCE632",
      -12.604673407389203,
      102.39692351515828,
      502.3869925577219
    ],
    [
      "DEB-160484BD",
      -14.69306138182211,
      -123.61260087089923,
      240.40567785997882
    ],
    [
      "DEB-D2564417",
      53.21855277203161,
      105.56345877387587,
      180.88171619244895
    ],
    [
      "DEB-572A168A",
      34.80004141329916,
      97.99780975286768,
      777.1544442948552
    ],
    [
      "DEB-DC9E9944",
      52.06896844386307,
      77.78796620758777,
      745.5320902442718
    ],
    [
      "DEB-6357FEBE",
      45.93616069351204,
      -169.65178764280722,
      334.11255907546274
    ],
    [
      "DEB-A263857D",
      25.64144909702866,
      -28.974498788891957,
      428.94180233565476
    ],
    [
      "DEB-4237535C",
      27.37814392858526,
      -162.0026230939906,
      524.7928984748487
    ],
    [
      "DEB-4468A040",
      -22.313056315428334,
      127.51446324370839,
      198.99353947001327
    ],
    [
      "DEB-DC8B8822",
      13.89369918547006,
      52.95706796641764,
      856.5951796743848
    ],
    [
      "DEB-B628DDDB",
      -24.345978445251472,
      118.88257115912086,
      879.3945864160951
    ],
    [
      "DEB-1FE5B0E0",
      -23.704943131819956,
      -36.86741811959552,
      807.1878931429601
    ],
    [
      "DEB-84523684",
      -38.31253985849429,
      124.87844515500937,
      808.6546164766705
    ],
    [
      "DEB-701C134E",
      57.402812904540546,
      -70.50717198827171,
      556.7321016011965
    ],
    [
      "DEB-68D3A2E5",
      -50.607118984155804,
      -7.611752381398017,
      546.3026445763444
    ],
    [
      "DEB-CEC994A3",
      -5.328742619263322,
      -121.75255455556947,
      678.8067126637634
    ],
    [
      "DEB-A15BF859",
      1.1934726849517077,
      108.08877064122885,
      881.1077631303351
    ],
    [
      "DEB-EB12E253",
      25.035959710501544,
      134.73395819750382,
      455.042222174955
    ],
    [
      "DEB-6E2EEC64",
      20.626824086072904,
      -100.52847432043612,
      306.2030090460821
    ],
    [
      "DEB-2DE0DD4E",
      0.08389575746939061,
      66.50998403874446,
      754.2597688207807
    ],
    [
      "DEB-58900C08",
      -65.44345203211618,
      -13.645732789680705,
      295.1763827976192
    ],
    [
      "DEB-1C9984BE",
      -72.49005869060346,
      69.32411714260898,
      387.3010376142138
    ],
    [
      "DEB-BD21782C",
      -37.385242305822274,
      166.48006031593064,
      867.1187345657345
    ],
    [
      "DEB-14C68E28",
      -61.31022532203635,
      -41.259146690424295,
      765.0404563787215
    ],
    [
      "DEB-B05A12BC",
      -38.846838012263106,
      -97.46875423783283,
      836.6914864069067
    ],
    [
      "DEB-A49F0D5F",
      -29.38458126437409,
      -165.90390224559152,
      746.4204939223191
    ],
    [
      "DEB-244D4C74",
      46.804763874026435,
      -45.98969525601791,
      373.38683897524425
    ],
    [
      "DEB-41A12A4D",
      -43.471181632875336,
      110.3421967088637,
      286.25349950986583
    ],
    [
      "DEB-2DC0B81D",
      63.343230737226854,
      64.59290125061338,
      771.3426161815069
    ],
    [
      "DEB-2E6C51E8",
      0.6748502138531164,
      -112.50344840307669,
      209.17719494099674
    ],
    [
      "DEB-08A8096D",
      -54.93708039954136,
      99.73127581975825,
      821.6713091436322
    ],
    [
      "DEB-4C2A27FB",
      48.935681000185326,
      -179.6689707543789,
      154.56366153827094
    ],
    [
      "DEB-FC5C9A37",
      30.46742975143952,
      -128.17278247608414,
      882.7058331836961
    ],
    [
      "DEB-A2F59E7A",
      -46.598039013412844,
      -128.83241379052455,
      213.26556220464863
    ],
    [
      "DEB-E7C91E83",
      -17.352689455811575,
      166.02882582851305,
      320.0090133451549
    ],
    [
      "DEB-8A3E0FF5",
      47.72869083649953,
      147.5918208721397,
      411.19850000889164
    ],
    [
      "DEB-4F685189",
      20.36639292046827,
      -20.255194092468706,
      565.1810925438849
    ],
    [
      "DEB-D3BD178B",
      -64.49795494600875,
      -16.478153595698075,
      313.1286564952752
    ],
    [
      "DEB-6C8C6EE8",
      32.695110116583884,
      -24.693319435489432,
      282.7802213768018
    ],
    [
      "DEB-D9BA43A5",
      -15.19305644642219,
      64.88412034592467,
      474.13549685214184
    ],
    [
      "DEB-E7DF8C50",
      -8.033212652835992,
      139.242688552287,
      669.1358540471001
    ],
    [
      "DEB-9E5382CD",
      -4.864264590888357,
      148.53058776450678,
      533.1512536578912
    ],
    [
      "DEB-07B5DD0F",
      71.26956864419566,
      -160.37838994538367,
      752.1178025658364
    ],
    [
      "DEB-94EC03EE",
      -51.72549933278864,
      110.19468790214258,
      142.53141335036435
    ],
    [
      "DEB-19E138BD",
      6.459991587313211,
      25.764942328160046,
      819.8648543982736
    ],
    [
      "DEB-FB549563",
      -35.936239303595954,
      178.76322036764563,
      461.0853307605321
    ],
    [
      "DEB-2AC4AA49",
      -54.20096956428778,
      32.427587916778386,
      441.15490793953813
    ],
    [
      "DEB-3BBD8779",
      0.9371100292479364,
      113.39743357529895,
      369.93861959057085
    ],
    [
      "DEB-0144A5BC",
      -55.54994352212409,
      -16.079357948454188,
      277.48133552962645
    ],
    [
      "DEB-B4655F56",
      -53.96379549179008,
      -34.537256632424025,
      855.7435437949671
    ],
    [
      "DEB-DD2587EF",
      15.448145846319605,
      2.9170374791680698,
      684.2681244110017
    ],
    [
      "DEB-F035A0B8",
      11.726639125274298,
      10.488462548313821,
      752.0937433941253
    ],
    [
      "DEB-89A4B6E2",
      -22.280559584323136,
      -83.21912874559145,
      295.19676326015724
    ],
    [
      "DEB-E39B2DC6",
      -6.109547828478471,
      1.5585531188550161,
      841.8096652226677
    ],
    [
      "DEB-585EF46A",
      -50.256559718779215,
      85.95117078952528,
      254.37614507370472
    ],
    [
      "DEB-14EA1759",
      55.21325705915784,
      39.31311101796085,
      545.2607176711954
    ],
    [
      "DEB-CCF34259",
      -54.46069087331599,
      101.487484587538,
      884.6746856171931
    ],
    [
      "DEB-68D1DCE3",
      -10.961184689799659,
      51.075339355640104,
      577.8272457485709
    ],
    [
      "DEB-5DB967D5",
      76.5161520690274,
      -113.5256774768329,
      861.8663041781356
    ],
    [
      "DEB-03F52F98",
      -33.701250391981745,
      29.98730425537922,
      724.496678595192
    ],
    [
      "DEB-FF2C4929",
      -4.725795018590886,
      -179.29596214692756,
      574.3280612203835
    ],
    [
      "DEB-65DE63F3",
      -18.027293739940184,
      -156.51775222376293,
      250.7596112490928
    ],
    [
      "DEB-461A90D6",
      -7.199195360905314,
      145.12194140419012,
      404.7017947281365
    ],
    [
      "DEB-77E09D3F",
      -59.12040847236716,
      -152.14480413495582,
      797.1657130425674
    ],
    [
      "DEB-5CE31F28",
      12.047248404067393,
      -161.26277582002717,
      763.9233647335786
    ],
    [
      "DEB-16A6E7B4",
      -2.8359675061261522,
      -137.03657890023524,
      738.3704573130271
    ],
    [
      "DEB-63E1D44F",
      45.60760971118767,
      156.9157971052708,
      421.4929106446798
    ],
    [
      "DEB-FDB3B198",
      28.62880717862562,
      -175.5959375044342,
      665.9581309117148
    ],
    [
      "DEB-DA944A96",
      -58.21927328073305,
      23.64026307191729,
      892.3668719927782
    ],
    [
      "DEB-DA8C9784",
      23.039832694676637,
      123.54677383105172,
      488.76799214710445
    ],
    [
      "DEB-22C754FA",
      20.992972097599473,
      42.069807700776245,
      697.0360404250441
    ],
    [
      "DEB-24F9603D",
      51.54261583485427,
      176.18046703858747,
      663.3899607136291
    ],
    [
      "DEB-1BD6A59B",
      -42.32757858565072,
      21.1028450899619,
      608.2344848425046
    ],
    [
      "DEB-9E81166D",
      -8.448068415643922,
      101.2538939200669,
      807.7671626385709
    ],
    [
      "DEB-8CC8B12C",
      29.093361708512738,
      -25.844922247228492,
      888.0103554809148
    ],
    [
      "DEB-AF809962",
      -27.858200352951002,
      -71.1851367856693,
      503.6151703245141
    ],
    [
      "DEB-30C73480",
      -68.34704975053403,
      -37.27220810358961,
      512.2523971472638
    ],
    [
      "DEB-1D427A57",
      -45.409970148100655,
      170.47401927388563,
      305.86546145989996
    ],
    [
      "DEB-56E3E83E",
      -70.242453523359,
      111.63813769944225,
      795.5675065124005
    ],
    [
      "DEB-DB4A0740",
      24.061950622804645,
      -142.67248343288162,
      762.3042260888769
    ],
    [
      "DEB-F07B2582",
      -56.13830173837518,
      -70.71768137920898,
      294.9567661296787
    ],
    [
      "DEB-ECB8B59D",
      11.222303961863338,
      10.571902309131639,
      242.0337337750625
    ],
    [
      "DEB-320BAC57",
      -7.540100808203493,
      -134.09707446104872,
      669.4138194861871
    ],
    [
      "DEB-58D5FF7F",
      41.49536187710413,
      -102.00587493261916,
      396.91012068726013
    ],
    [
      "DEB-5C99658C",
      47.95353911751991,
      -18.56959034424524,
      620.847700044199
    ],
    [
      "DEB-BABE945B",
      -23.094919088252464,
      -176.6449633078873,
      871.3215419874259
    ],
    [
      "DEB-5BB04D47",
      -20.68952028072461,
      149.91321536957528,
      359.5150112141873
    ],
    [
      "DEB-9B5CBC38",
      13.832471763554171,
      -121.5029472282166,
      785.1624699639333
    ],
    [
      "DEB-CF925B9A",
      -26.295813015377774,
      176.7360685747794,
      412.2153683773304
    ],
    [
      "DEB-F127DB47",
      -13.024824417621,
      -145.2690830756154,
      785.3159890205261
    ],
    [
      "DEB-C86FAADD",
      44.914673627100434,
      -37.26753729489068,
      829.6250534637429
    ],
    [
      "DEB-8EF23DAC",
      -25.162507476954527,
      46.426252250869084,
      195.78701468518648
    ],
    [
      "DEB-529AB2EC",
      1.1944313666402717,
      -41.23845703454125,
      641.117648008124
    ],
    [
      "DEB-7E51721B",
      7.049860286128353,
      149.1792877136775,
      467.68692199856196
    ],
    [
      "DEB-72EAEB6C",
      18.84654723216773,
      35.075410297301474,
      743.2449350947209
    ],
    [
      "DEB-68715BEE",
      -28.552219531767687,
      110.8817755642315,
      838.7260440062555
    ],
    [
      "DEB-9C80BB3B",
      -41.31758970232046,
      137.8752936820505,
      555.1707938947347
    ],
    [
      "DEB-B60FD9C3",
      -47.8451493827354,
      82.47439160126893,
      437.26779928269116
    ],
    [
      "DEB-B118BF61",
      -30.509343146363307,
      75.5449419689433,
      442.9259523077935
    ],
    [
      "DEB-BDEB0659",
      23.502810559028347,
      -90.09835716637205,
      305.07849420447747
    ],
    [
      "DEB-4AFC94A8",
      29.244606202577373,
      107.25051923063543,
      827.6280307701536
    ],
    [
      "DEB-924D00D2",
      -24.256244752647575,
      -77.5819710409821,
      635.9301012010301
    ],
    [
      "DEB-DD0CFCC5",
      50.27508426179052,
      -54.56157022279113,
      173.4764353876326
    ],
    [
      "DEB-1E01E5A3",
      46.668418062602875,
      120.31238640353313,
      869.4235899813721
    ],
    [
      "DEB-6A742E29",
      -51.71708385860628,
      -148.59169244178375,
      590.7845585337318
    ],
    [
      "DEB-0C693E66",
      9.688602865411818,
      -99.8317255999944,
      786.2612253836296
    ],
    [
      "DEB-0090FC90",
      -1.0906958938928497,
      -61.013994754513675,
      494.4948268758026
    ],
    [
      "DEB-52791E3B",
      15.15759914989097,
      104.62104545166041,
      879.8489565394029
    ],
    [
      "DEB-F7DFBCF5",
      9.697987832466932,
      -122.79602285560625,
      215.67160146013703
    ],
    [
      "DEB-79760BB1",
      83.42583995106746,
      -61.973611453095884,
      426.7487508747181
    ],
    [
      "DEB-E816EACB",
      29.603661599759775,
      101.92151115534395,
      482.32882140524725
    ],
    [
      "DEB-67D2BD3C",
      36.64030681782303,
      124.7009512191709,
      363.2181252800219
    ],
    [
      "DEB-A7A24D60",
      -26.89735641518902,
      75.85846070242435,
      258.8299342884684
    ],
    [
      "DEB-96A5F11B",
      44.53148570147462,
      24.82039598390487,
      348.50926411417186
    ],
    [
      "DEB-B75886C7",
      40.87446091821433,
      -55.25343143127149,
      778.8761434260969
    ],
    [
      "DEB-E63F8124",
      32.463241040621504,
      -94.74242608711079,
      499.33732913484164
    ],
    [
      "DEB-2F538B4A",
      13.21815319914008,
      47.102760981918685,
      199.2614583883842
    ],
    [
      "DEB-8275F87D",
      -16.342782274010933,
      -171.1754621311141,
      752.2849358176036
    ],
    [
      "DEB-6523078B",
      -1.1736436763067244,
      -142.41264151027386,
      732.1343779167291
    ],
    [
      "DEB-FE31150C",
      27.716901504110805,
      -121.96152380615924,
      848.5479998587189
    ],
    [
      "DEB-712A0550",
      -30.295900537878712,
      52.46108324254713,
      391.2035613477565
    ],
    [
      "DEB-45CC491B",
      10.657201585474887,
      -116.88981326196074,
      117.50108026667658
    ],
    [
      "DEB-B6618F86",
      7.681675586495221,
      -82.89357282836296,
      769.359950930264
    ],
    [
      "DEB-318A37D7",
      23.343074032345488,
      -5.464489173074134,
      366.15003856983276
    ],
    [
      "DEB-06AB6286",
      -34.566353892802354,
      -154.97188425989248,
      327.4428659101559
    ],
    [
      "DEB-66E84CFE",
      -34.88149826815348,
      169.3396588345682,
      235.0016471624176
    ],
    [
      "DEB-092F2BF0",
      51.20911154642011,
      -61.50000488953132,
      841.4890435368898
    ],
    [
      "DEB-68BC3029",
      -28.37589110935148,
      64.09522043125789,
      376.5462226731597
    ],
    [
      "DEB-BA7838F7",
      79.03098230836976,
      -96.03061549379959,
      348.6120061937954
    ],
    [
      "DEB-4804A728",
      -28.71861066137353,
      -16.016002160497436,
      779.6749040691438
    ],
    [
      "DEB-F468813E",
      -22.29717328652437,
      -110.51943846206217,
      457.0141479998247
    ],
    [
      "DEB-FBF89EF8",
      -4.8990560339527915,
      -134.24379583143357,
      538.7072926277187
    ],
    [
      "DEB-C44149E4",
      37.072580870671445,
      -69.94189374110786,
      247.38040858284876
    ],
    [
      "DEB-C4C095FB",
      22.128088619065654,
      52.049347686369906,
      362.76488863402756
    ],
    [
      "DEB-82F00F4B",
      -82.51534733197091,
      34.95276846280127,
      510.93044112755524
    ],
    [
      "DEB-A7F154F3",
      50.09626229821517,
      118.55644468378128,
      414.8628841429281
    ],
    [
      "DEB-5E77BF86",
      -35.46603945839162,
      -169.16572923701926,
      665.3675450415894
    ],
    [
      "DEB-03D7477C",
      -0.00026752275798142255,
      -82.88748302223063,
      261.19872504467
    ],
    [
      "DEB-87591597",
      -44.37732965944879,
      -46.119839343716315,
      146.2517998563726
    ],
    [
      "DEB-BBCA8438",
      -26.046569215364343,
      -155.1209589020379,
      803.7706831645955
    ],
    [
      "DEB-E13279AD",
      -74.36134187400656,
      40.03872232930229,
      286.51515811089575
    ],
    [
      "DEB-6B657749",
      72.93285427477181,
      -179.38240144199173,
      330.4462524418541
    ],
    [
      "DEB-8EE9F4FF",
      -16.453879622070023,
      -109.26606920578637,
      683.2885881593165
    ],
    [
      "DEB-87A31E67",
      -17.521749944473076,
      92.67795210369044,
      636.4062948307119
    ],
    [
      "DEB-C0ADE081",
      -4.846958182345226,
      -16.964047157021113,
      834.2614140171227
    ],
    [
      "DEB-BDB52132",
      9.967971847669345,
      -11.692101367014775,
      666.3716599554891
    ],
    [
      "DEB-6094733B",
      -2.9658966184777587,
      -137.9429919242697,
      620.7814274804468
    ],
    [
      "DEB-034E7D64",
      53.613123575712386,
      27.51520676441005,
      400.7534949024557
    ],
    [
      "DEB-B6F8EFBA",
      -31.010162467528144,
      -76.4248672251357,
      704.0005001869513
    ],
    [
      "DEB-1392EA50",
      48.17375165633083,
      0.24695783639856025,
      280.1404128014419
    ],
    [
      "DEB-A776F5D4",
      42.37595364429803,
      101.62806586494989,
      175.52334673578844
    ],
    [
      "DEB-41E25984",
      8.21152241707132,
      56.358052021430545,
      377.93022887083043
    ],
    [
      "DEB-F110231D",
      21.49457427592502,
      -144.59470454648235,
      800.3576063851115
    ],
    [
      "DEB-6B29EF4E",
      -22.713050713703158,
      13.883387243483542,
      191.59576851647216
    ],
    [
      "DEB-C7D281C2",
      -60.520295768572446,
      -56.026576365749925,
      163.616224983356
    ],
    [
      "DEB-6D217791",
      19.803505548096876,
      164.95726953241396,
      892.3905534793885
    ],
    [
      "DEB-81FD127C",
      69.32378275617576,
      124.90227387959543,
      198.7613505684467
    ],
    [
      "DEB-81EAB83C",
      -6.0044861456572995,
      -125.98974817697935,
      767.6384827504007
    ],
    [
      "DEB-66A7CC1B",
      9.380551704610426,
      80.58735803232472,
      459.92081154559855
    ],
    [
      "DEB-582179A7",
      -50.94431484975891,
      170.81211509071423,
      235.2744557442138
    ],
    [
      "DEB-33CAAA52",
      -15.022019806175141,
      -92.36479547868744,
      602.8839415942521
    ],
    [
      "DEB-8D289172",
      20.038449645907264,
      -122.20704719674985,
      362.4062830506691
    ],
    [
      "DEB-9C44758F",
      -28.96926699718074,
      127.74133526446667,
      749.2550251100492
    ],
    [
      "DEB-6512F0F1",
      8.761343979673006,
      120.56023755419865,
      893.1791424608691
    ],
    [
      "DEB-B683B301",
      -7.263467453115678,
      -52.56571151209579,
      173.37642855998274
    ],
    [
      "DEB-5B8240CF",
      52.01828123880469,
      -55.92868261512382,
      552.5298598284908
    ],
    [
      "DEB-0F544065",
      36.9835204783029,
      -3.829103954896689,
      858.6773950288334
    ],
    [
      "DEB-53A85064",
      -41.59682776004255,
      71.25461992844154,
      146.73287123514092
    ],
    [
      "DEB-F44D45E1",
      38.97296385543428,
      -113.40220870954941,
      303.336343631041
    ],
    [
      "DEB-78861495",
      -8.35891391779561,
      115.41984511378996,
      410.6603130590811
    ],
    [
      "DEB-F1273347",
      31.419304279401736,
      84.03490576291298,
      701.9087036103638
    ],
    [
      "DEB-7FE435FD",
      17.689494393968904,
      -123.91721734875004,
      144.2367324078814
    ],
    [
      "DEB-897B0FE4",
      -13.252236270322012,
      -85.71271094336224,
      200.4200561086882
    ],
    [
      "DEB-EF080DD4",
      0.8253053747136287,
      132.88926450933832,
      825.2994858266411
    ],
    [
      "DEB-DD4A52F5",
      -3.5685637670545782,
      -165.72182619080922,
      307.8013079753273
    ],
    [
      "DEB-0DCB0C2B",
      -68.15738453744508,
      -23.692245326646553,
      248.42580940913376
    ],
    [
      "DEB-46F36060",
      -37.4185512800535,
      -166.56076904290168,
      881.6513081548528
    ],
    [
      "DEB-C40997B6",
      -31.286931698560952,
      -169.0906703596067,
      920.539173459214
    ],
    [
      "DEB-01E02A96",
      -48.48088813883163,
      -159.7656167963161,
      812.6830156964916
    ],
    [
      "DEB-CD926F4C",
      7.204752898140004,
      -21.314020700816794,
      422.59507730397763
    ],
    [
      "DEB-85581A2C",
      -46.44968423075361,
      -139.1423648012904,
      821.8833421215386
    ],
    [
      "DEB-21FB4550",
      -47.70907535167153,
      -124.62145252562001,
      475.5791155054285
    ],
    [
      "DEB-AB875BB5",
      52.56072152509549,
      45.860858616263535,
      782.2083140885243
    ],
    [
      "DEB-ABAD8809",
      -45.600080501364396,
      78.69752046217975,
      660.0397041305941
    ],
    [
      "DEB-859E4017",
      5.22877622465354,
      -157.70700333933368,
      285.34550432902233
    ],
    [
      "DEB-631EB287",
      0.759980049412587,
      -50.450102940856844,
      802.2846566385169
    ],
    [
      "DEB-D57086BE",
      -31.1962408353455,
      -106.37705744403391,
      234.00771492686545
    ],
    [
      "DEB-0EF9F658",
      11.911497454212496,
      -154.47414963848476,
      749.9115144967
    ],
    [
      "DEB-121E29E7",
      -24.68634721768665,
      -149.87813171492175,
      405.7125093284185
    ],
    [
      "DEB-0B979046",
      -32.80494858615973,
      -101.2804907693667,
      810.3085649139311
    ],
    [
      "DEB-24D28D8B",
      23.911111819628214,
      150.80788112718963,
      396.0894869967242
    ],
    [
      "DEB-97B92284",
      -44.03493633052978,
      -94.57343000519197,
      175.82472088759096
    ],
    [
      "DEB-58AA4B96",
      -32.72481203072806,
      -121.92879852843059,
      716.6059815530934
    ],
    [
      "DEB-56043E55",
      -16.837306692797277,
      -82.42762014843268,
      228.38508249630922
    ],
    [
      "DEB-6F676ACA",
      -51.25577233958472,
      -21.42745926713877,
      496.75311716269607
    ],
    [
      "DEB-B62A0962",
      -0.2725165425477639,
      -45.666622068764774,
      191.90839423445595
    ],
    [
      "DEB-8084A02D",
      -12.389077885540994,
      -179.0717977753041,
      275.3618084319269
    ],
    [
      "DEB-4A452BB1",
      68.68446740433507,
      -130.77098070432896,
      547.0923387766506
    ],
    [
      "DEB-6DFF35F2",
      15.981331957777094,
      76.15059053524696,
      625.0918699694503
    ],
    [
      "DEB-0766350D",
      8.517638534871914,
      130.98515419795217,
      422.897348421111
    ],
    [
      "DEB-FCBED9A9",
      26.311684835556463,
      123.68962497117704,
      735.5716198260479
    ],
    [
      "DEB-AF9A4D2F",
      6.031963159238714,
      -68.38637480977387,
      372.724021234475
    ],
    [
      "DEB-85BEA98D",
      42.038155636116095,
      66.89264239680422,
      435.4683054607758
    ],
    [
      "DEB-367DB9AF",
      75.08690015817598,
      -65.7465248587775,
      737.6531971679233
    ],
    [
      "DEB-998AB99D",
      -78.35083400356027,
      -3.937954449028317,
      603.33096235027
    ],
    [
      "DEB-3534CBDE",
      13.425859059317805,
      -145.76652484623938,
      257.19336711487085
    ],
    [
      "DEB-898B9108",
      -16.210708307324275,
      -61.37497779083769,
      673.6725770332887
    ],
    [
      "DEB-402EDC2D",
      -64.20926664155164,
      5.3896251288281025,
      905.2920657798959
    ],
    [
      "DEB-8DEFDB33",
      9.281224928035478,
      11.905883555778242,
      473.0819657244547
    ],
    [
      "DEB-65D3F0BF",
      -53.63114432977863,
      157.78057358009855,
      509.6703535037004
    ],
    [
      "DEB-FD0A52B7",
      26.863086308787448,
      24.658001095728885,
      352.4701604629672
    ],
    [
      "DEB-FFF9FB6A",
      76.0533970881106,
      94.60461928974016,
      836.6877041470043
    ],
    [
      "DEB-5F5FD0FB",
      60.27824104002708,
      -159.71200430126223,
      205.12129847092
    ],
    [
      "DEB-29F7C5A1",
      38.387940517536315,
      2.9839944129347593,
      754.0469894958351
    ],
    [
      "DEB-4BB59A4B",
      33.349633703661276,
      83.58139479665466,
      171.46749477371304
    ],
    [
      "DEB-4180AC43",
      -41.776755955159345,
      113.40980672535251,
      537.6060439016164
    ],
    [
      "DEB-2D8394C2",
      22.991996039945782,
      156.7214781818603,
      447.8050035093938
    ],
    [
      "DEB-F38661B5",
      -25.732770521011826,
      -176.95938893853491,
      302.3719083141641
    ],
    [
      "DEB-68453814",
      47.91309925955414,
      78.17871321486835,
      707.6769103412253
    ],
    [
      "DEB-2A0A3530",
      33.02890169583316,
      31.58146023068953,
      628.7888729489823
    ],
    [
      "DEB-14E930F6",
      11.717252513250653,
      104.32248000447193,
      437.1995222558817
    ],
    [
      "DEB-750C7208",
      49.99854872275328,
      152.88999484357046,
      148.48352161649746
    ],
    [
      "DEB-56770B7F",
      -50.527908043419714,
      -102.7235491701748,
      429.10024695396623
    ],
    [
      "DEB-4B63CA2E",
      60.8130857204741,
      -139.87781352827506,
      154.22624852646368
    ],
    [
      "DEB-A97A73CB",
      4.499403624646397,
      2.253913315090091,
      662.6111730160455
    ],
    [
      "DEB-9410807C",
      10.909810561577883,
      -19.180338970732794,
      198.96975756056509
    ],
    [
      "DEB-C44BF2FE",
      50.32273587356277,
      -111.25695517583868,
      831.897774809674
    ],
    [
      "DEB-2C57A01C",
      9.210662647555822,
      36.857792507311046,
      928.7168897474567
    ],
    [
      "DEB-D65FD8A1",
      59.151368924923034,
      -7.827701488774192,
      139.53586964315673
    ],
    [
      "DEB-154588D7",
      -57.24405726157855,
      -8.090961674598294,
      685.1746126812723
    ],
    [
      "DEB-CEE2D830",
      -21.737196741413264,
      22.069492374887837,
      448.7986873343534
    ],
    [
      "DEB-008935FB",
      -0.9140402994320803,
      -25.55681935852803,
      252.4436407459134
    ],
    [
      "DEB-EF002198",
      -37.92998262314832,
      28.36299541789657,
      842.369643301492
    ],
    [
      "DEB-5870819D",
      10.73248831212432,
      -42.43799409897093,
      211.47338092328937
    ],
    [
      "DEB-546CC478",
      -34.41124538369314,
      -59.96301734574407,
      328.56772239181737
    ],
    [
      "DEB-31A84936",
      15.957675508217012,
      -64.6517913510086,
      371.4996564438661
    ],
    [
      "DEB-602AF66F",
      33.115059359299835,
      58.086971887650215,
      386.7898095776054
    ],
    [
      "DEB-C555126B",
      -9.394578622148554,
      47.153851164754116,
      499.06386233276226
    ],
    [
      "DEB-9354EAFF",
      -35.458536718405405,
      -172.12967472437194,
      271.51393332531734
    ],
    [
      "DEB-4D42B41C",
      37.709301370760826,
      -44.42865131050118,
      549.8680024401538
    ],
    [
      "DEB-BC6D2F7A",
      -3.734652324878072,
      100.23412602734112,
      579.3124624860238
    ],
    [
      "DEB-F3127F73",
      -50.250484774181814,
      -19.930912647396507,
      817.2412392781225
    ],
    [
      "DEB-111BEC49",
      28.962074305172745,
      -163.09787640953377,
      308.41324693989463
    ],
    [
      "DEB-17AFD960",
      65.31012497933679,
      -104.56097975505057,
      195.48021466515002
    ],
    [
      "DEB-28301CC5",
      13.407847936086737,
      167.2222276611291,
      843.3035859958254
    ],
    [
      "DEB-186DB8E6",
      51.43824282532647,
      146.3749338359789,
      485.43746636582455
    ],
    [
      "DEB-A7BE8085",
      11.939805400584817,
      -104.96462237765007,
      919.7239782879988
    ],
    [
      "DEB-9D89E6F3",
      36.528490306514165,
      26.084242093008445,
      215.86733788452148
    ],
    [
      "DEB-FC709907",
      -8.95586614318601,
      99.12397741119992,
      326.31788848308224
    ],
    [
      "DEB-A60BFB0D",
      -19.350551477781746,
      3.9812871127687006,
      854.1782655235929
    ],
    [
      "DEB-DC4698B0",
      19.128855121103843,
      106.94004099649308,
      159.68878818008398
    ],
    [
      "DEB-235CCEC0",
      -19.2653856526252,
      129.84329931454886,
      195.93753822272993
    ],
    [
      "DEB-DC55F535",
      -20.25490912358044,
      22.628422955170304,
      316.8137708809327
    ],
    [
      "DEB-834BFBC1",
      20.685621285834063,
      59.00057037980728,
      876.1204092586595
    ],
    [
      "DEB-198CAFA4",
      -7.767501850899703,
      -82.45996013587889,
      184.79124130844048
    ],
    [
      "DEB-B246D1E8",
      21.61567568099638,
      -46.68715046951307,
      687.9121585810608
    ],
    [
      "DEB-2B4D3961",
      -84.78517350900196,
      -73.37576150653257,
      247.66452991935603
    ],
    [
      "DEB-62D1A587",
      33.16767200394492,
      -178.93947925543657,
      887.9522219461196
    ],
    [
      "DEB-0A926EC6",
      -57.317660139368314,
      -152.73883262072124,
      648.6135238781362
    ],
    [
      "DEB-D85B3E02",
      -56.71634446924552,
      23.60080738982424,
      415.3990253388174
    ],
    [
      "DEB-D64980CD",
      -21.87080640925034,
      71.97412591977508,
      781.1672443983261
    ],
    [
      "DEB-CF904607",
      38.4026908741502,
      -22.517806282006507,
      463.91714489666447
    ],
    [
      "DEB-015960D2",
      -23.693994976020768,
      -121.25598973705725,
      645.4921343468259
    ],
    [
      "DEB-37CBA234",
      -12.287439426602461,
      -31.76743672680886,
      307.6645140165756
    ],
    [
      "DEB-00668F19",
      -18.99900710402192,
      -80.33985733340076,
      226.07191453938958
    ],
    [
      "DEB-5CB55B3E",
      -27.787324509556036,
      -83.43743219628224,
      652.1793385637502
    ],
    [
      "DEB-8501CBE8",
      -47.75081142377294,
      -105.97388622855786,
      807.5795205324239
    ],
    [
      "DEB-52993B9B",
      20.801291916777686,
      132.73941700003311,
      617.7599290048984
    ],
    [
      "DEB-667A5665",
      42.60166265834261,
      76.0468890088865,
      161.9436824834711
    ],
    [
      "DEB-EA0E392C",
      -7.76353600729515,
      122.93860019098236,
      256.8823482865773
    ],
    [
      "DEB-022C17F4",
      32.34328034282666,
      65.06624205878065,
      811.5633016512147
    ],
    [
      "DEB-BDA0887A",
      21.78754362921021,
      -106.59339540825333,
      681.3483548027734
    ],
    [
      "DEB-6E434EFA",
      60.84146938397426,
      63.15183311374792,
      213.60872251343517
    ],
    [
      "DEB-4B3A7BA0",
      -50.01989499204405,
      156.09950207450538,
      403.3889884706614
    ],
    [
      "DEB-D8BCA843",
      1.4132731886759702,
      86.75624866566771,
      426.67417574095816
    ],
    [
      "DEB-78D512B2",
      -39.18784188269446,
      -164.30733023537,
      765.3438920170192
    ],
    [
      "DEB-4E4D229D",
      -34.619391590851826,
      95.26795944581153,
      250.83459339123692
    ],
    [
      "DEB-0C669F01",
      -55.7515046339314,
      -0.9454038002898578,
      852.4694235089455
    ],
    [
      "DEB-B3824582",
      -23.31719541240569,
      -29.45019873043942,
      311.85032279812003
    ],
    [
      "DEB-7A634AB4",
      -49.12656849229458,
      46.37769970519284,
      308.3086207512333
    ],
    [
      "DEB-CBFA507A",
      -18.49572043177709,
      114.27397919756388,
      875.8192204262541
    ],
    [
      "DEB-BE2E2718",
      -26.008368828087505,
      -87.04077937618516,
      455.7666120336289
    ],
    [
      "DEB-BC29FBB1",
      41.37990550657669,
      -151.73285539671824,
      491.08801446491725
    ],
    [
      "DEB-427B4960",
      7.872305508803619,
      -39.880087933340185,
      402.42642708267795
    ],
    [
      "DEB-0FFBE282",
      58.1953186917106,
      -131.36359332332927,
      722.1359885715192
    ],
    [
      "DEB-22054C00",
      6.2509728404961,
      48.22968090390085,
      491.4305137512374
    ],
    [
      "DEB-A08DDD0E",
      -62.30692333369213,
      -143.5799090964148,
      182.8837137148521
    ],
    [
      "DEB-2FCC5BB4",
      4.05119334104517,
      -4.876978055137811,
      196.6256628189949
    ],
    [
      "DEB-5AB85B2A",
      61.10876206005764,
      -54.049743139290854,
      818.0158273235384
    ],
    [
      "DEB-76FED03D",
      18.26378370476423,
      -48.62421317007162,
      160.67565551933785
    ],
    [
      "DEB-DCEDE7FE",
      -39.51749614260373,
      -9.27030608412055,
      374.36639512869806
    ],
    [
      "DEB-91FB5336",
      40.591563418178836,
      157.7786161041203,
      716.8629443452473
    ],
    [
      "DEB-1A87D339",
      1.0656018123847921,
      174.19669882841623,
      382.03947835080817
    ],
    [
      "DEB-AB85756E",
      3.3716201890463395,
      -90.18632721468273,
      366.8394452766843
    ],
    [
      "DEB-2F2F722F",
      29.682772121450338,
      21.31182249558842,
      137.05459490463272
    ],
    [
      "DEB-A467333A",
      -2.005685817633953,
      -133.74228067231962,
      888.2325736784542
    ],
    [
      "DEB-A208CCEB",
      2.4117674163648255,
      -8.917584866200752,
      178.90259692793006
    ],
    [
      "DEB-41331DA3",
      7.197043360887281,
      -112.5829594700358,
      150.11393575477177
    ],
    [
      "DEB-A1489775",
      -14.739088447157586,
      -30.631345410010987,
      194.19598248721832
    ],
    [
      "DEB-438FE7E7",
      11.850756745250633,
      107.92404609824935,
      402.3001429740543
    ],
    [
      "DEB-DF60F63A",
      -66.43103488402302,
      -24.70803151124191,
      778.4246771358894
    ],
    [
      "DEB-1D40D2C8",
      -6.735387169870769,
      -7.006564037659763,
      874.544051156442
    ],
    [
      "DEB-B00CC057",
      -39.32883315760708,
      -33.69389970954587,
      237.4256110118049
    ],
    [
      "DEB-B914F4F7",
      -16.626916014520905,
      129.19431968814374,
      863.2644817941791
    ],
    [
      "DEB-C869EC94",
      -23.08218452969138,
      58.00227378922278,
      633.1033817298603
    ],
    [
      "DEB-75E6CEF4",
      48.80506645338038,
      125.01281362766467,
      585.1325717094333
    ],
    [
      "DEB-A21FF91D",
      25.125658193360376,
      -167.28193538840827,
      693.156450771141
    ],
    [
      "DEB-07A51C61",
      -7.360535026856504,
      -141.4658392159938,
      392.44112192381
    ],
    [
      "DEB-DAB2C7E8",
      38.87634874597596,
      127.99463053358208,
      199.71757812632404
    ],
    [
      "DEB-27FA72A9",
      30.255128506392865,
      -105.89447100959956,
      662.3851825727052
    ],
    [
      "DEB-FDD2E2B3",
      -30.899503873209724,
      -167.81945287428738,
      416.21785215164346
    ],
    [
      "DEB-0EC00B0F",
      -34.47346762556002,
      -143.43402348097098,
      376.5154585117889
    ],
    [
      "DEB-CD437C40",
      25.971654947043334,
      -88.60308022408877,
      644.8612722060534
    ],
    [
      "DEB-8C5175F3",
      -17.82236258651025,
      -174.18051352913713,
      578.5044627802854
    ],
    [
      "DEB-6E42C30A",
      -1.9081590371292974,
      135.69792009487878,
      186.12222835662487
    ],
    [
      "DEB-AD2E014D",
      -9.380479013889431,
      154.06943297965375,
      724.5275059210417
    ],
    [
      "DEB-851217E3",
      -59.59174363512531,
      71.93566521317904,
      429.62511502967027
    ],
    [
      "DEB-65300D59",
      23.161938544559245,
      21.686071181459948,
      335.16323593578636
    ],
    [
      "DEB-D5D46DD0",
      -23.0580621083572,
      -99.79523040144375,
      589.9184212462669
    ],
    [
      "DEB-18BFC187",
      -17.88835922509719,
      -22.97268875107403,
      719.4943585247638
    ],
    [
      "DEB-D2051D53",
      -71.42460427955434,
      77.82067202565996,
      860.7030926783718
    ],
    [
      "DEB-EE76BE0E",
      25.534374683890018,
      124.55869265221244,
      765.8342634074106
    ],
    [
      "DEB-88FFA57C",
      -32.525961671054674,
      135.39038127701897,
      695.5437768310421
    ],
    [
      "DEB-B850015B",
      -43.14480420859229,
      56.076358196140724,
      687.950871636297
    ],
    [
      "DEB-D6D4979C",
      58.32560887380883,
      -51.38778913651785,
      579.360179079009
    ],
    [
      "DEB-E79E114B",
      -28.617603841186952,
      84.89433605151314,
      754.4756031397437
    ],
    [
      "DEB-1FE7F689",
      70.44624891743267,
      -38.699409973687814,
      406.65897857433265
    ],
    [
      "DEB-DAD73301",
      53.24539058662786,
      -146.59457764521446,
      332.0018595121919
    ],
    [
      "DEB-36C0FBD9",
      17.66325806602116,
      113.51882811222987,
      636.3728023528411
    ],
    [
      "DEB-597DC634",
      -44.27150322540933,
      -3.3501392226572877,
      734.1696561051012
    ],
    [
      "DEB-23C8C50D",
      -45.612081503162415,
      11.509937556451343,
      535.3389289928464
    ],
    [
      "DEB-CFFB45BE",
      49.24283075196001,
      178.0161261194818,
      547.0006161105002
    ],
    [
      "DEB-82F16AAB",
      -21.743448733683195,
      -77.05175579587006,
      920.0306556855076
    ],
    [
      "DEB-48451B84",
      10.825451652262698,
      -163.5689277804102,
      891.3033407970688
    ],
    [
      "DEB-9B4F1EBF",
      22.799849372904546,
      -152.98568011233687,
      779.1302934601226
    ],
    [
      "DEB-A433C508",
      10.060125061236999,
      24.649143673454386,
      247.88309618901803
    ],
    [
      "DEB-F578D175",
      -41.24755679297712,
      130.81954914413123,
      145.17942926785418
    ],
    [
      "DEB-25FC220B",
      -33.89747116237911,
      -59.24099872671719,
      168.5223901498348
    ],
    [
      "DEB-40ACC86A",
      -46.28938681825293,
      135.6661764389128,
      581.3216153272269
    ],
    [
      "DEB-A202B1BD",
      -8.555855965626103,
      87.109230841826,
      213.9532748863894
    ],
    [
      "DEB-1B79A2EB",
      -54.79508238472683,
      -112.89881259237177,
      619.9767957164258
    ],
    [
      "DEB-926348FD",
      -72.8025128225127,
      108.01168742467682,
      715.260457790574
    ],
    [
      "DEB-C32D325D",
      -54.19613240161139,
      65.04594322598236,
      733.4349945280783
    ],
    [
      "DEB-83D77BA5",
      58.855825228179924,
      -135.4219854212194,
      567.1219392703388
    ],
    [
      "DEB-F14DF2AB",
      7.087892861073196,
      -68.02286560162932,
      760.1444094748613
    ],
    [
      "DEB-88EC6010",
      10.96148397313016,
      166.37662423717208,
      463.279861981071
    ],
    [
      "DEB-255D2B0B",
      -46.2002042988619,
      -149.41924885809235,
      889.9014527748586
    ],
    [
      "DEB-59220923",
      72.5099575244502,
      128.89217800826603,
      430.2322785323049
    ],
    [
      "DEB-CAB12F51",
      33.206169139522586,
      158.11141167228587,
      181.83597653569905
    ],
    [
      "DEB-63858F1D",
      47.38536336517019,
      169.50799433664207,
      588.9658854849322
    ],
    [
      "DEB-165379C9",
      26.598342121732916,
      59.7494161679565,
      599.6689011286699
    ],
    [
      "DEB-A5DE8A15",
      -21.99145455615357,
      118.27542685982996,
      465.7561929728681
    ],
    [
      "DEB-7E348C05",
      45.14903026116779,
      -23.17991796513261,
      580.4439782423897
    ],
    [
      "DEB-D13A71A3",
      -69.72610923454205,
      159.90596388081093,
      255.7177754584809
    ],
    [
      "DEB-7085B9F2",
      41.068323847355195,
      -53.39643215807951,
      268.44098332469
    ],
    [
      "DEB-7B591BF5",
      29.629731697174826,
      156.9865965577995,
      817.2234939749715
    ],
    [
      "DEB-095A310B",
      62.05907196331037,
      -98.220689721182,
      248.0665537888326
    ],
    [
      "DEB-5D9A5445",
      -57.95601220922222,
      -135.4464160474486,
      121.85580819935058
    ],
    [
      "DEB-F0731FD6",
      22.63183627136797,
      101.51398828034553,
      317.1026682905276
    ],
    [
      "DEB-41E8851B",
      23.392344614080546,
      -131.38077027679148,
      582.3651648092064
    ],
    [
      "DEB-B0575B47",
      -41.009734045153024,
      147.4381770572426,
      786.4561701328375
    ],
    [
      "DEB-52FCEACD",
      11.007297890472879,
      44.9988067921747,
      338.02946925271044
    ],
    [
      "DEB-7B1EE133",
      5.762142306559312,
      -32.825274822025705,
      267.48727385479197
    ],
    [
      "DEB-BD87473B",
      36.08925376320476,
      -105.3913668946947,
      808.5430878953212
    ],
    [
      "DEB-EC71A88A",
      -20.485112164124395,
      -63.775305923812574,
      406.3978672639887
    ],
    [
      "DEB-BD831278",
      -43.93052019799343,
      -163.0694651966091,
      242.43265054722087
    ],
    [
      "DEB-762D4E41",
      40.16703338532111,
      -80.78041440336791,
      755.5709689691721
    ],
    [
      "DEB-99908519",
      50.051004914017525,
      164.1422831034551,
      407.66425084072944
    ],
    [
      "DEB-9585273A",
      -64.67813894297102,
      -101.87915445564741,
      327.7045829268545
    ],
    [
      "DEB-36D9F935",
      2.0735985839708775,
      -18.96954207855964,
      537.5794865928492
    ],
    [
      "DEB-E506BBB5",
      47.36276845238083,
      95.92050940051331,
      192.77404785743875
    ],
    [
      "DEB-292569EB",
      -47.3750552820223,
      -124.62000532130814,
      252.64254088825692
    ],
    [
      "DEB-BD619AA5",
      -23.283181373433926,
      -179.73421616714882,
      245.62943158042708
    ],
    [
      "DEB-7A2D5CDE",
      12.708861379864116,
      142.78276723429966,
      693.1073739105741
    ],
    [
      "DEB-47368286",
      -34.442719347710955,
      7.382133287719841,
      756.4113702749919
    ],
    [
      "DEB-62E52833",
      -28.08099857283835,
      119.7185915795761,
      884.6655808344976
    ],
    [
      "DEB-23531007",
      5.088771880051391,
      33.227462541804314,
      491.7930682700144
    ],
    [
      "DEB-94CFBF57",
      -62.54668442307341,
      -100.97793774714901,
      569.0485268880029
    ],
    [
      "DEB-EA1DB929",
      37.8182157297474,
      -131.56435852854761,
      507.07909269027186
    ],
    [
      "DEB-AAF01F71",
      60.24314052333449,
      -150.53574044980908,
      236.0949460277534
    ],
    [
      "DEB-8086ACB4",
      -6.40638832090599,
      -37.584108077961794,
      722.7975748329563
    ],
    [
      "DEB-C14AF5FB",
      -13.808829077412037,
      -24.770301008391716,
      753.5377580793838
    ],
    [
      "DEB-7EF293B9",
      5.827355565042023,
      -47.39145887259139,
      455.0107739517889
    ],
    [
      "DEB-3C3C9654",
      -14.136090064900358,
      -112.90608303835512,
      462.221411693773
    ],
    [
      "DEB-6B78E49C",
      -30.94506374211674,
      -85.81857368988997,
      672.4524240483934
    ],
    [
      "DEB-C7EBB4F1",
      -5.642621039841162,
      141.89502506760581,
      265.7643920064238
    ],
    [
      "DEB-03AED0A7",
      -4.073360738781072,
      103.11760050946666,
      157.15743941205437
    ],
    [
      "DEB-E039627D",
      -30.54420125864955,
      -147.63422428373795,
      299.3304072138353
    ],
    [
      "DEB-EA070595",
      -17.27150951321829,
      86.64488817313945,
      820.7433998486777
    ],
    [
      "DEB-BC7E95F8",
      -5.46375600943653,
      -69.10944385959404,
      196.64394442854427
    ],
    [
      "DEB-7013554C",
      15.37128574439221,
      -128.33637684272136,
      587.1300035073627
    ],
    [
      "DEB-40A18E9B",
      14.358845149904695,
      -165.2282234165882,
      278.1856043931948
    ],
    [
      "DEB-A5D3DBC5",
      69.17613367688959,
      -112.4166710953047,
      442.03498825024053
    ],
    [
      "DEB-CE36A6A5",
      -4.742131314917843,
      95.13426324506844,
      849.0222621940247
    ],
    [
      "DEB-7B3CCDB3",
      28.170786269465303,
      14.923691568102464,
      839.4294908682205
    ],
    [
      "DEB-0E36A521",
      -20.406970368942066,
      122.21675324366359,
      126.79907573482888
    ],
    [
      "DEB-55F613EA",
      -40.279325042297515,
      33.435016487568184,
      854.185720198192
    ],
    [
      "DEB-5C73CF93",
      62.00514912274179,
      91.91499994765482,
      446.3606772490748
    ],
    [
      "DEB-6671A0E6",
      -43.2157983499861,
      115.00797666450315,
      693.7634802165221
    ],
    [
      "DEB-F2C4831A",
      -23.328100429404575,
      156.6066455931861,
      119.72033036626999
    ],
    [
      "DEB-EB76D2E2",
      -41.39785564155005,
      -87.15080691149863,
      294.63635448214245
    ],
    [
      "DEB-927C728F",
      -35.97440000358888,
      -151.51479918931804,
      399.31408929325517
    ],
    [
      "DEB-16BDCEF0",
      -40.74113014873003,
      49.21910610031388,
      199.7841793046282
    ],
    [
      "DEB-8DAA0434",
      20.928378600264846,
      100.88928662743251,
      332.5443746030696
    ],
    [
      "DEB-9C738EA2",
      -31.12625597827207,
      -97.90670329530568,
      862.746357867326
    ],
    [
      "DEB-003E61D5",
      0.22290062223211043,
      36.72491732953626,
      349.69489757908013
    ],
    [
      "DEB-75B2C391",
      37.90364187553343,
      -91.86277003972498,
      191.91790077802762
    ],
    [
      "DEB-3BD3B243",
      34.784783475863314,
      125.26408908054789,
      644.2461611355147
    ],
    [
      "DEB-D642ABD4",
      47.20934847873978,
      69.2458630455892,
      301.55116513234043
    ],
    [
      "DEB-D4669E13",
      -4.031416017403647,
      -131.65686117338515,
      696.8402224978072
    ],
    [
      "DEB-BD8DFB7F",
      -56.021499347333354,
      78.69679037258042,
      495.74779816899536
    ],
    [
      "DEB-EBD0CC01",
      -48.12816306930142,
      -21.696173276991825,
      200.6640396393259
    ],
    [
      "DEB-FD0A291E",
      -23.564585698267436,
      121.01696045751835,
      703.1327806768604
    ],
    [
      "DEB-AC4A3DCB",
      -20.24651120134121,
      155.90643485527156,
      320.6029013213374
    ],
    [
      "DEB-F3E3B371",
      -3.092508908210529,
      -94.88513270162997,
      386.13528507582396
    ],
    [
      "DEB-10FA6D82",
      -1.4683416789283044,
      -29.9364783624746,
      332.22772085720044
    ],
    [
      "DEB-7EC2653F",
      -29.387337680189628,
      -109.47644886596623,
      285.6784398933414
    ],
    [
      "DEB-CFB598A1",
      -34.756805999892165,
      157.37463128511075,
      632.342234511987
    ],
    [
      "DEB-7E225AAC",
      -6.583464004097332,
      -130.59399342817616,
      475.27531499181623
    ],
    [
      "DEB-BDDEB1E6",
      -58.944097549626505,
      153.81011759424635,
      748.2715356762164
    ],
    [
      "DEB-728AA0EF",
      45.2790219499905,
      -109.28300651271431,
      836.3601475846026
    ],
    [
      "DEB-EAD90B1B",
      -25.664971085753457,
      -177.56874853274007,
      920.5369297475363
    ],
    [
      "DEB-905BCE53",
      -43.6256764228825,
      -56.77555794211274,
      244.69944065825803
    ],
    [
      "DEB-08A0180A",
      -63.33808276582359,
      -93.51944037508194,
      461.88718711520323
    ],
    [
      "DEB-875CA819",
      51.83369791644093,
      -9.117533311054954,
      462.2130054815225
    ],
    [
      "DEB-8A83590F",
      -20.694078271841597,
      87.33759905594152,
      317.4031930040637
    ],
    [
      "DEB-94CB82FF",
      -22.409206502617053,
      137.86132368796407,
      289.6518841672796
    ],
    [
      "DEB-37613F6F",
      -1.3431638694869945,
      -89.44123040304234,
      793.1449901724618
    ],
    [
      "DEB-FE3A1B09",
      -17.944154138009324,
      -113.33976087454344,
      510.6050278135872
    ],
    [
      "DEB-2C7219FF",
      3.326461916369473,
      44.82491112606295,
      164.59639726105524
    ],
    [
      "DEB-813373C4",
      -15.422999332046162,
      80.31589227366453,
      424.39243046356023
    ],
    [
      "DEB-6FA7108F",
      15.863168632141605,
      -52.48495955912333,
      474.51850528464
    ],
    [
      "DEB-6D5827C7",
      46.13473903780263,
      -170.33443323133739,
      359.83965249234734
    ],
    [
      "DEB-CEDE5B58",
      22.363336625371726,
      93.70576922369645,
      232.53806693017577
    ],
    [
      "DEB-A2475EDD",
      -43.636705900800926,
      157.15020280317808,
      713.9531807795265
    ],
    [
      "DEB-B802D07C",
      34.96501259385506,
      147.90234605215127,
      498.9862584963521
    ],
    [
      "DEB-0CDFBD73",
      4.962215687345318,
      -13.595950156724124,
      185.8871236886489
    ],
    [
      "DEB-0799115D",
      16.59462264417482,
      -14.475530734717832,
      791.7598253428077
    ],
    [
      "DEB-DC97069A",
      57.4795731270536,
      147.0371020472389,
      365.55287660805425
    ],
    [
      "DEB-8A2FD724",
      46.00969194691105,
      -80.31479443080167,
      130.1423996725889
    ],
    [
      "DEB-ADD6BA92",
      -52.87337743904128,
      169.46511196441367,
      849.7395960371014
    ],
    [
      "DEB-83899536",
      3.810263469764908,
      -130.1394621052181,
      800.9204040319
    ],
    [
      "DEB-D60035B7",
      -36.56478971298144,
      2.7503184049245015,
      897.5559300936802
    ],
    [
      "DEB-67E7C0BE",
      47.75801458443225,
      -84.34706465081236,
      243.05450124617437
    ],
    [
      "DEB-FE010F59",
      -54.965747203901785,
      169.57355025224098,
      180.08641594158144
    ],
    [
      "DEB-E6425967",
      -69.19417196371562,
      16.942848823218085,
      428.03689588108136
    ],
    [
      "DEB-9277283F",
      77.00874599355859,
      -27.296610780699382,
      314.26419612931113
    ],
    [
      "DEB-23463D15",
      -9.540711755509637,
      -64.89019029185971,
      591.3589138487832
    ],
    [
      "DEB-9BBE16B5",
      -42.60775748969086,
      -139.89428498136502,
      476.3074744509713
    ],
    [
      "DEB-4E766B56",
      44.11783817443193,
      -105.35002452201299,
      794.1182676904409
    ],
    [
      "DEB-517EF3F2",
      15.323136984330013,
      -129.18085593566616,
      642.3891324509623
    ],
    [
      "DEB-D1C60692",
      -31.393088198608915,
      -14.958075480925784,
      811.5031127141237
    ],
    [
      "DEB-3FC482AB",
      -44.47519933428157,
      108.28116271942947,
      268.04196083431543
    ],
    [
      "DEB-9FD57352",
      61.47703447944423,
      -176.8411117891286,
      548.4400007389086
    ],
    [
      "DEB-7B2EFF66",
      -6.050910456445069,
      73.58291147980957,
      190.15613458046028
    ],
    [
      "DEB-B747AE21",
      19.23624262210447,
      -21.925114526070388,
      908.2890296076221
    ],
    [
      "DEB-D6F5C754",
      -26.428238618792882,
      -158.51471987470305,
      800.5926431674707
    ],
    [
      "DEB-A1E5E15B",
      -55.51291798029607,
      -104.96921348747055,
      755.1669862371791
    ],
    [
      "DEB-6A723E04",
      25.079731047948645,
      118.19548693768573,
      499.89082156115546
    ],
    [
      "DEB-10BDC64F",
      51.63065643924064,
      -17.444521135738363,
      363.2390633556297
    ],
    [
      "DEB-DEDB737B",
      8.953816220316035,
      -34.06941885509407,
      583.129886653227
    ],
    [
      "DEB-6C5B599D",
      -34.728747594414656,
      104.76686312850688,
      342.31162632489304
    ],
    [
      "DEB-439B0A0F",
      -17.647757387044447,
      -46.73143867268246,
      793.412848352009
    ],
    [
      "DEB-D5CC948F",
      -36.42843823958058,
      151.01947891561224,
      405.991221240939
    ],
    [
      "DEB-B726A0C9",
      -31.106181901133358,
      14.412858724838502,
      906.4295342623409
    ],
    [
      "DEB-AC7B78B8",
      57.81559661368915,
      62.82241754820029,
      828.0884651934457
    ],
    [
      "DEB-5B102249",
      -46.61418278726938,
      -93.58374312794933,
      586.9297509855851
    ],
    [
      "DEB-91EC761E",
      -29.653291255509412,
      -103.73871716028732,
      693.1433168963094
    ],
    [
      "DEB-1D835B7A",
      3.6096589805752624,
      -161.05340486657687,
      184.27508140980262
    ],
    [
      "DEB-2A4A406C",
      65.50881622030515,
      21.820865955359622,
      764.8193914616377
    ],
    [
      "DEB-57A0A881",
      -26.62313859370665,
      -159.2805639062666,
      502.96321391172205
    ],
    [
      "DEB-4EF23AFB",
      31.213764920560997,
      170.1491242180721,
      215.01104680467506
    ],
    [
      "DEB-6FD59A34",
      33.4461682094864,
      40.45865435216508,
      782.4841093764544
    ],
    [
      "DEB-B0C3506F",
      -53.883242472631515,
      145.29413746975624,
      784.0861264662444
    ],
    [
      "DEB-1DEC3915",
      -32.45775492399802,
      14.707328662490106,
      360.3447711622166
    ],
    [
      "DEB-AF4181F9",
      1.6586612283156186,
      -174.02982509814748,
      336.87385518906194
    ],
    [
      "DEB-11EBA682",
      64.64862578140654,
      -174.93471244098166,
      539.0901912648542
    ],
    [
      "DEB-FC046BCB",
      75.511250709672,
      -17.04690482808421,
      369.9325611043678
    ],
    [
      "DEB-DC4DC174",
      1.0323866658359377,
      -153.48625198611754,
      167.67539504762226
    ],
    [
      "DEB-E7945C3F",
      -51.90118263959234,
      85.12281496147979,
      667.5463562308414
    ],
    [
      "DEB-F8100868",
      29.932833524393928,
      52.71376848069793,
      446.4871461589619
    ],
    [
      "DEB-13D1C5C3",
      -22.44852618459654,
      -13.452631096315118,
      542.8908868551789
    ],
    [
      "DEB-A6A98D1F",
      -32.73913159262228,
      1.0619843648896377,
      786.0773947545786
    ],
    [
      "DEB-670A6821",
      13.976829770193087,
      136.14167486599254,
      454.365232986298
    ],
    [
      "DEB-4A22E693",
      -50.16572259084409,
      142.14577642627287,
      893.2577473643569
    ],
    [
      "DEB-89266CF7",
      -5.239852770250774,
      -45.161191009310734,
      550.3010372959179
    ],
    [
      "DEB-06F5A4E1",
      73.56845651766402,
      32.01844536427074,
      440.07907614674787
    ],
    [
      "DEB-741E0691",
      49.76250534288521,
      -179.42511420587104,
      771.7890183096724
    ],
    [
      "DEB-BEC2AD64",
      42.19505024199086,
      -41.705036911214805,
      619.7047359991693
    ],
    [
      "DEB-7057378A",
      -49.167021852434736,
      -111.64597318900726,
      853.7356159968767
    ],
    [
      "DEB-D0B0FF53",
      45.13744624057744,
      -17.545192265406328,
      764.3118049267714
    ],
    [
      "DEB-443391F7",
      70.86013370107943,
      103.95704780286641,
      148.29015424560475
    ],
    [
      "DEB-7A208600",
      3.727182052785859,
      -85.08194869957761,
      577.9411638037955
    ],
    [
      "DEB-76045DEF",
      47.20438814957436,
      31.90898443047437,
      516.0690197067906
    ],
    [
      "DEB-7032C005",
      24.411135790164252,
      -105.47535739711516,
      333.70061185666873
    ],
    [
      "DEB-B3D0C475",
      24.396288607865316,
      41.7947652012142,
      893.3979038892448
    ],
    [
      "DEB-CD48F4B9",
      27.054725404323715,
      -105.20226200332243,
      511.63921566291083
    ],
    [
      "DEB-5BCFAEF1",
      0.6278310146096467,
      -3.5894260432517617,
      357.4704088748831
    ],
    [
      "DEB-DA421D7E",
      10.424203200841282,
      -71.78983569125977,
      493.68228112813085
    ],
    [
      "DEB-5FBECDBC",
      -7.100137843992204,
      170.88291023698218,
      813.3711505099709
    ],
    [
      "DEB-F5B3CE58",
      56.4637766555954,
      -50.14724844713828,
      675.0300603180694
    ],
    [
      "DEB-9B4CC0E4",
      -0.07070355989977642,
      -42.288158134480554,
      444.33231434658865
    ],
    [
      "DEB-07A9E151",
      -41.627407510239706,
      -68.63821107424826,
      365.5608197163656
    ],
    [
      "DEB-F653A962",
      -21.17022809999375,
      -20.39875007170674,
      618.6009916515159
    ],
    [
      "DEB-1BEC1AD1",
      -39.86090149291125,
      74.8146943546882,
      822.2757238426548
    ],
    [
      "DEB-920D0913",
      -73.35500672394478,
      173.3851216586209,
      180.63194806811134
    ],
    [
      "DEB-D495EDA0",
      -0.7715441222661692,
      119.73412901473571,
      911.143187737538
    ],
    [
      "DEB-1781F190",
      28.94495260418617,
      -167.7077082731024,
      615.9435273628833
    ],
    [
      "DEB-08778E42",
      4.37211883133053,
      -30.049866707642042,
      612.8564617338443
    ],
    [
      "DEB-6781B942",
      71.70740196657748,
      -36.79254916082818,
      169.63902067345498
    ],
    [
      "DEB-3C9CC5C9",
      -3.1870516617905293,
      60.73227946848014,
      474.36636974209614
    ],
    [
      "DEB-5DCF769E",
      36.27677627107053,
      -153.2955501558993,
      675.3060983987843
    ],
    [
      "DEB-AC2CD59D",
      56.56673484040416,
      -80.34344435866224,
      683.2328546727849
    ],
    [
      "DEB-78DFEAC6",
      -8.545751080010529,
      -100.38833377247232,
      337.1388959268361
    ],
    [
      "DEB-92882149",
      -20.231120549744045,
      31.91871369958,
      691.5419275172462
    ],
    [
      "DEB-DBEB3D96",
      -28.56205042407192,
      -117.923549914643,
      908.3981005943979
    ],
    [
      "DEB-922E02B7",
      51.95809391322077,
      -65.79008400912902,
      202.0842925922343
    ],
    [
      "DEB-564FAE63",
      32.33418715880392,
      -25.844240561905956,
      378.586432557684
    ],
    [
      "DEB-EFFCE001",
      3.920300216378997,
      174.35201257784587,
      511.47554953339113
    ],
    [
      "DEB-38A98324",
      -33.483464694559125,
      174.15123276444615,
      805.0672933378246
    ],
    [
      "DEB-35407005",
      25.720205049871996,
      -148.05139231611918,
      699.9649497227938
    ],
    [
      "DEB-524A6A6D",
      -41.94549097230686,
      79.81360667671132,
      898.1991003563717
    ],
    [
      "DEB-A3241673",
      9.92822707170778,
      -120.50189341103159,
      893.7247768338693
    ],
    [
      "DEB-739251DC",
      -13.065810044127753,
      -75.38236576983086,
      447.74686594485047
    ],
    [
      "DEB-7D7C6608",
      -67.99422661852273,
      -120.32282402971693,
      253.61941799785382
    ],
    [
      "DEB-EC00B07D",
      -34.72663454139695,
      41.70373819118608,
      297.5927620015882
    ],
    [
      "DEB-6BD5D970",
      -45.35737128046805,
      -138.19521900636505,
      265.2168592906419
    ],
    [
      "DEB-342EB0B9",
      64.00074786125168,
      -85.54986035633148,
      351.77902211097444
    ],
    [
      "DEB-E66CC582",
      63.56315365498389,
      139.4921555692167,
      754.9954774074049
    ],
    [
      "DEB-EA04E77C",
      -37.01186802534337,
      -61.61853866020703,
      660.3091291922456
    ],
    [
      "DEB-AD0B2700",
      31.17390423707413,
      -99.5875184127524,
      226.30902317844448
    ],
    [
      "DEB-B7012BAA",
      -12.524947724617727,
      136.74203711410013,
      510.62135981474967
    ],
    [
      "DEB-E0FE6D7C",
      -26.415244344030945,
      -124.72013569113665,
      685.0462863361263
    ],
    [
      "DEB-F928D80C",
      -5.33372790306654,
      -13.807396826883595,
      735.3441835122558
    ],
    [
      "DEB-3123372D",
      -70.03361243758496,
      177.7852954913123,
      827.8633189363363
    ],
    [
      "DEB-7281BE3F",
      -73.33821974405107,
      -59.55654444523024,
      381.5787137114721
    ],
    [
      "DEB-A70EDA9C",
      -55.72845068718263,
      48.206121642255496,
      247.8179796124623
    ],
    [
      "DEB-5A4DDCD7",
      -31.81472362492399,
      133.39235356339555,
      600.3078163362015
    ],
    [
      "DEB-F96FB981",
      -42.690716075518786,
      172.75415813897175,
      191.74473676684647
    ],
    [
      "DEB-5BE09D18",
      16.31836331238881,
      -83.17938347012718,
      261.8190857440004
    ],
    [
      "DEB-FFA8F981",
      -17.059050906637754,
      65.6919714793736,
      226.88166784911846
    ],
    [
      "DEB-6E45131C",
      -3.014478045096978,
      -83.25590204560571,
      816.2459461844337
    ],
    [
      "DEB-406CA850",
      -48.059517459065475,
      47.80163834999713,
      315.47398839283596
    ],
    [
      "DEB-4849FD41",
      -47.88886189689866,
      -71.91518432749356,
      197.56276939883992
    ],
    [
      "DEB-C686C950",
      22.565612625341586,
      -106.22682710815717,
      576.9582645831115
    ],
    [
      "DEB-876F8250",
      5.396541092795081,
      11.13218197171436,
      189.04099889901045
    ],
    [
      "DEB-B586B074",
      -60.365532835019735,
      71.61885341432313,
      891.6859363171261
    ],
    [
      "DEB-73190F2A",
      -55.37998981515427,
      7.685848225312713,
      169.02550167592653
    ],
    [
      "DEB-20378CAE",
      28.391594797607134,
      46.222958442069555,
      163.49559907117782
    ],
    [
      "DEB-1FA5B324",
      -9.493561963073729,
      107.2689274459502,
      535.3371843666273
    ],
    [
      "DEB-4FAF44AA",
      -1.9759459457956725,
      88.67410441039776,
      351.8971233848388
    ],
    [
      "DEB-B8E6AAEC",
      -6.735419437666459,
      -13.919625085538353,
      267.95108072802304
    ],
    [
      "DEB-CEEC8687",
      55.79381934053389,
      32.191724909143915,
      274.83890073476596
    ],
    [
      "DEB-22652EA0",
      -52.79021367504552,
      11.605098737366843,
      500.6367900349851
    ],
    [
      "DEB-F3036F0D",
      -6.244062087564606,
      -70.01239501470393,
      252.0486476084725
    ],
    [
      "DEB-6E8A3704",
      -56.74294039558988,
      29.112948670007132,
      492.25056166621926
    ],
    [
      "DEB-2BDFB4D4",
      -15.123444184689129,
      -143.5226298710515,
      281.1369333056109
    ],
    [
      "DEB-BBE64769",
      -26.387425553953754,
      -87.71704736903716,
      680.386216519154
    ],
    [
      "DEB-F75271CB",
      28.37627352539603,
      -51.58194368634951,
      168.19252059509472
    ],
    [
      "DEB-457A4E98",
      -41.220362672037915,
      12.568829073534017,
      553.67462086671
    ],
    [
      "DEB-DF499504",
      -15.853909763106225,
      -15.97104101433108,
      729.8028106333422
    ],
    [
      "DEB-2F9E4F43",
      -50.8787054887517,
      -44.573951254601575,
      645.583532570965
    ],
    [
      "DEB-2BA4D9DD",
      49.17476562456344,
      69.36764068218915,
      361.8850420785684
    ],
    [
      "DEB-FD2F9450",
      -50.55140192807384,
      161.27817572259855,
      869.6268952699311
    ],
    [
      "DEB-FDBE6245",
      -71.45224292388505,
      51.78536824747355,
      565.2457918943401
    ],
    [
      "DEB-B24E369C",
      -69.67548845345958,
      -36.53860481136899,
      554.7470164929091
    ],
    [
      "DEB-DF48F76E",
      18.229069982417677,
      175.28169597796455,
      534.3996210510677
    ],
    [
      "DEB-353CFAA5",
      42.58120011198719,
      40.482123651167086,
      383.49470590132296
    ],
    [
      "DEB-2D59C5D2",
      -57.276695963551155,
      110.75644359118215,
      140.4774525350531
    ],
    [
      "DEB-3037B01E",
      -50.99845960390706,
      -66.36940651421028,
      263.869249818943
    ],
    [
      "DEB-4C7FD237",
      6.604355996472312,
      18.139516828353198,
      456.1946968195725
    ],
    [
      "DEB-7CADF689",
      -32.914635119199055,
      91.46866446842442,
      121.24097840417653
    ],
    [
      "DEB-272E36C6",
      -65.35317466402344,
      170.36377378587036,
      363.03826965735334
    ],
    [
      "DEB-6304283D",
      -21.106915933379337,
      99.24663774519719,
      331.18217207955513
    ],
    [
      "DEB-BB96E906",
      26.111959613225554,
      161.06569312828313,
      687.5071959223469
    ],
    [
      "DEB-A56FE734",
      21.214607310130898,
      72.92511438783978,
      590.5759051800787
    ],
    [
      "DEB-FC11B3A2",
      64.17110686896343,
      -129.55761129812674,
      165.20180246637392
    ],
    [
      "DEB-C73870C6",
      46.174738800457675,
      -155.73228964451567,
      445.93568507277087
    ],
    [
      "DEB-A9727BF5",
      22.09769220881814,
      -179.89329510859466,
      472.33251499685775
    ],
    [
      "DEB-CB9285FD",
      -20.930210859598237,
      -121.3224183182221,
      174.76846956769623
    ],
    [
      "DEB-A4DE6A26",
      -57.462134449325376,
      7.015114602475116,
      845.429001446354
    ],
    [
      "DEB-D988DD34",
      0.25348082745910117,
      129.29182963489464,
      911.990609270646
    ],
    [
      "DEB-E9A621E7",
      -79.28624807651008,
      136.8279323518369,
      893.9855344206171
    ],
    [
      "DEB-AFB15C3D",
      23.005244980048744,
      0.18360961333514894,
      680.1162161496359
    ],
    [
      "DEB-BE3937C9",
      -32.63388267989277,
      -81.3954498399529,
      155.5755496201
    ],
    [
      "DEB-620AE35F",
      -53.65083455234253,
      62.35983730183018,
      438.5489225135552
    ],
    [
      "DEB-B69F4E88",
      41.15888952703946,
      -145.62450124392416,
      614.0281437237609
    ],
    [
      "DEB-2C6D6DA5",
      43.94924698477136,
      80.96941065332912,
      531.8084484117862
    ],
    [
      "DEB-10CDEA91",
      -26.43523852973315,
      -141.56468021806816,
      113.41033509624594
    ],
    [
      "DEB-141FB919",
      34.179751061754395,
      -98.92521421661496,
      756.9415459805887
    ],
    [
      "DEB-8A4105B3",
      8.873086390108417,
      -2.8405473550377236,
      404.7909331571418
    ],
    [
      "DEB-BF734913",
      3.499733197526267,
      -42.02831773150172,
      599.406038187074
    ],
    [
      "DEB-8E1445AE",
      68.23016768364498,
      102.3870029249913,
      566.7114612936239
    ],
    [
      "DEB-355D4677",
      29.603686595706286,
      -155.40030569217205,
      867.9135829477482
    ],
    [
      "DEB-C69A8D01",
      7.486210656406831,
      159.46125767091968,
      938.931706873469
    ],
    [
      "DEB-40052EE6",
      3.6106631944146326,
      101.13758118504555,
      764.8703717538629
    ],
    [
      "DEB-3CBAFF82",
      35.375571061568856,
      38.17546152837515,
      492.1029019429334
    ],
    [
      "DEB-BCDDE8DA",
      51.36510498874667,
      -49.213823486011584,
      860.5188253983379
    ],
    [
      "DEB-BA964A6C",
      21.844403291218924,
      -50.972739104893634,
      226.8821456904061
    ],
    [
      "DEB-1E66EA47",
      -2.4888815705458724,
      131.94157591981084,
      429.57507072576027
    ],
    [
      "DEB-8801FD6C",
      57.15197509603398,
      65.42230866302128,
      228.49170080992553
    ],
    [
      "DEB-EA9D5564",
      59.99897594233921,
      143.8359564042671,
      759.2041440307376
    ],
    [
      "DEB-B26889B2",
      21.725304351327516,
      64.16494398503029,
      727.4453771572043
    ],
    [
      "DEB-FD9EB92E",
      40.79430708716749,
      38.77006284614731,
      641.7157480143323
    ],
    [
      "DEB-744613A5",
      -2.560860616617427,
      54.4951083434457,
      194.10958124098033
    ],
    [
      "DEB-211898AC",
      3.7615468876716474,
      -147.1233383046707,
      735.2783465230023
    ],
    [
      "DEB-F2E9F17E",
      44.142162541958726,
      112.65130390695238,
      556.4153841639882
    ],
    [
      "DEB-D105211D",
      4.292101034494098,
      -133.54908759779838,
      223.65649244240285
    ],
    [
      "DEB-C6A76426",
      20.872941362804173,
      -35.024297875796826,
      356.71836307337617
    ],
    [
      "DEB-A866E560",
      -33.38038302645172,
      -138.14629325490486,
      608.9801637737883
    ],
    [
      "DEB-A5670AB0",
      35.42285941003129,
      -78.36699215318174,
      213.75380622531065
    ],
    [
      "DEB-F10EE4C4",
      -18.12890653075018,
      140.44893866453083,
      834.8439116507625
    ],
    [
      "DEB-6487CBDF",
      -17.807595064793688,
      24.2118421687526,
      242.48819508950146
    ],
    [
      "DEB-AC615923",
      -17.404324725060537,
      137.73942948396913,
      585.7527670414029
    ],
    [
      "DEB-EA6CD854",
      9.04741367305017,
      106.91006351773592,
      604.6598680339202
    ],
    [
      "DEB-0A536FC2",
      12.765088255684708,
      144.47602441958978,
      728.7634571445415
    ],
    [
      "DEB-0D83FB6D",
      -32.64774845979674,
      164.52641444101948,
      663.8446315750352
    ],
    [
      "DEB-DB636E6F",
      -20.200548510571863,
      67.3264352679783,
      225.36761777984702
    ],
    [
      "DEB-111C24E5",
      -47.72546447117846,
      69.390150154116,
      549.205878446588
    ],
    [
      "DEB-26DAC2C3",
      60.87839629418673,
      -18.721957952379807,
      706.6178354812355
    ],
    [
      "DEB-63BCD9FB",
      36.066116656776835,
      53.70918925207906,
      755.2913614031058
    ],
    [
      "DEB-E987269A",
      -41.830297915560486,
      42.29955918521723,
      685.6563794898611
    ],
    [
      "DEB-C71E828E",
      -35.782141993655344,
      -96.07874381069291,
      834.3596363591232
    ],
    [
      "DEB-420F31B6",
      6.748294009124062,
      33.68585818778231,
      624.6510318234323
    ],
    [
      "DEB-F197D55B",
      -23.11806580750469,
      97.21192622229982,
      679.0782021319183
    ],
    [
      "DEB-47CD63E8",
      42.53805390426096,
      -14.532568913149625,
      185.8928804886964
    ],
    [
      "DEB-82425E68",
      8.747896188995881,
      -78.83240273458117,
      462.7533797345286
    ],
    [
      "DEB-BC59A795",
      31.9272951162833,
      26.574922360908744,
      505.43195004634435
    ],
    [
      "DEB-E37AB003",
      42.068711916745784,
      -140.2864408684054,
      525.0915108137415
    ],
    [
      "DEB-EDD3D0D8",
      42.72255874318968,
      -47.838338783157845,
      695.8491664247013
    ],
    [
      "DEB-D7B09B7A",
      -47.825380302591256,
      -21.819220714825683,
      303.94981831169844
    ],
    [
      "DEB-213E63E2",
      64.34503962042682,
      19.132754632697583,
      449.44289151780595
    ],
    [
      "DEB-5C3BDA2B",
      24.785208504044164,
      -50.28370825588343,
      232.25763868187732
    ],
    [
      "DEB-628F32EE",
      68.04723413520597,
      -66.87179129154072,
      813.6151552557885
    ],
    [
      "DEB-644FD288",
      38.01991022821524,
      -15.21246797942475,
      532.5883919367825
    ],
    [
      "DEB-DB61C46B",
      -37.05259882143813,
      112.84981478375603,
      189.00724469591114
    ],
    [
      "DEB-8BFE7BAB",
      73.74159600849609,
      132.9307031147986,
      910.847099343925
    ],
    [
      "DEB-360261AC",
      -30.827496076399672,
      -69.88572446571874,
      193.1472533137885
    ],
    [
      "DEB-CB3D9A90",
      -5.7235535028264515,
      4.884325747068551,
      353.6514668484506
    ],
    [
      "DEB-EC4AA0B3",
      68.08993962035441,
      -72.02123447790017,
      313.57765633933195
    ],
    [
      "DEB-D52638EA",
      -50.180075457622266,
      9.019923579106909,
      779.4936301230064
    ],
    [
      "DEB-226B8655",
      -22.72429326278497,
      58.054805833002035,
      617.5762618796389
    ],
    [
      "DEB-C759912E",
      52.42196237534232,
      2.2782111802580167,
      839.8498186577226
    ],
    [
      "DEB-FA86E307",
      -12.628312575958956,
      -33.13122818659949,
      712.1042593809516
    ],
    [
      "DEB-AD72CD5B",
      38.967767339344675,
      -123.20616766312111,
      245.1968122815033
    ],
    [
      "DEB-6E1AD210",
      -43.023844269996836,
      73.17480884554513,
      388.8939504704613
    ],
    [
      "DEB-FF5C0CEE",
      -12.94376207016502,
      -96.60168717198583,
      872.795019463586
    ],
    [
      "DEB-D31F2165",
      -7.36341691548959,
      130.4306362666187,
      617.8113079459554
    ],
    [
      "DEB-E0A949A5",
      14.681690264347905,
      -140.41645695123242,
      512.9223463892495
    ],
    [
      "DEB-5591070A",
      -32.73635454325634,
      83.44652726497607,
      276.9627081225972
    ],
    [
      "DEB-F446E2BD",
      -37.068150555135105,
      117.47738164303426,
      156.26799542302342
    ],
    [
      "DEB-D0FCF98B",
      47.364055839228364,
      -178.9828991394006,
      718.3083030373709
    ],
    [
      "DEB-9A98E0F0",
      49.11837740620639,
      -77.75588457493436,
      263.9105695394137
    ],
    [
      "DEB-0EBAE379",
      24.995766872442726,
      -17.313568297288782,
      887.1348904171964
    ],
    [
      "DEB-F34755E2",
      12.480087105219217,
      167.23054571953259,
      134.395682632422
    ],
    [
      "DEB-66A0E727",
      37.424777261103756,
      -146.5805079093893,
      587.3999910534076
    ],
    [
      "DEB-E572FA82",
      -20.471554480915835,
      84.66779600494301,
      593.2758813346263
    ],
    [
      "DEB-36ED6FAF",
      -15.167881037067263,
      -63.53802353423934,
      844.7708835956219
    ],
    [
      "DEB-B38B0552",
      -15.689633574302714,
      -4.965953615036519,
      873.5750146864348
    ],
    [
      "DEB-DFAD8361",
      -19.423889156213445,
      170.78024367873854,
      571.3739718742509
    ],
    [
      "DEB-015DC827",
      34.38735260376059,
      -80.36918157146788,
      728.6041082553184
    ],
    [
      "DEB-91EB9CEF",
      3.9539233330281487,
      165.95349567011152,
      222.2601914959232
    ],
    [
      "DEB-77964266",
      -57.666447541164224,
      122.60822698297306,
      334.6318935809368
    ],
    [
      "DEB-AFEE22E3",
      -32.93078472153508,
      101.25191025708487,
      750.3667213768467
    ],
    [
      "DEB-778CEF80",
      -42.65125046711079,
      4.789390934419401,
      788.830143383816
    ],
    [
      "DEB-9F8A0112",
      63.86613903295849,
      -38.28272202217214,
      218.13396203916454
    ],
    [
      "DEB-2F648CF3",
      -3.719133913237096,
      174.71174371327098,
      855.836117669558
    ],
    [
      "DEB-060709B8",
      51.29359387364164,
      -58.657964555602454,
      753.2576978020152
    ],
    [
      "DEB-2C247DC4",
      -3.589939888822895,
      98.21448355178961,
      422.5180917406551
    ],
    [
      "DEB-390A6622",
      15.804580380132016,
      156.7581993185842,
      641.1206274100714
    ],
    [
      "DEB-4F1C015F",
      -30.68208525045978,
      -77.2507506201853,
      838.9089213391217
    ],
    [
      "DEB-95240829",
      38.70725551179981,
      -160.85372102250463,
      597.6060683646465
    ],
    [
      "DEB-5BF580B1",
      54.113854117233075,
      87.98607171132952,
      799.9219171280629
    ],
    [
      "DEB-9C36A199",
      49.06624934022733,
      51.208122726772594,
      266.71296066508876
    ],
    [
      "DEB-5D06C8EF",
      41.08169637541057,
      36.684406779781234,
      196.53714594050143
    ],
    [
      "DEB-D6483476",
      -32.39078378090298,
      100.75433593045588,
      639.4793822473148
    ],
    [
      "DEB-23086AD4",
      -36.140796791900826,
      31.473458115772196,
      543.0559271995844
    ],
    [
      "DEB-22D1275C",
      -69.53245914538313,
      -143.50874636274,
      909.5584285681989
    ],
    [
      "DEB-5C4F8DE1",
      -23.649841303557327,
      -107.14637643834635,
      893.6786291105554
    ],
    [
      "DEB-E9BD3B0E",
      -27.214054648519227,
      -66.14218188211828,
      646.8931959887341
    ],
    [
      "DEB-E518DFAB",
      10.471968871461103,
      111.20804010785967,
      272.17671123747914
    ],
    [
      "DEB-E2F9692A",
      24.2120979362271,
      -94.6560484768355,
      322.7799374520828
    ],
    [
      "DEB-0C471796",
      -49.438135584864476,
      -13.680786501711003,
      891.5405497894399
    ],
    [
      "DEB-BC3529B3",
      -39.22219931855684,
      123.4387414431849,
      786.1013161122728
    ],
    [
      "DEB-B59F4C04",
      -3.182001508977223,
      108.10484143851102,
      158.02580672393833
    ],
    [
      "DEB-8FDCA006",
      -1.865191235661272,
      52.870636605179534,
      194.16277247875496
    ],
    [
      "DEB-2D361785",
      -40.150312857540165,
      91.13921692867893,
      594.8575085017364
    ],
    [
      "DEB-E0471D70",
      -19.00878685962629,
      55.86037635677569,
      311.8204835467004
    ],
    [
      "DEB-E7ABEF97",
      -34.15231759868118,
      -160.05604723608832,
      709.5092682659815
    ],
    [
      "DEB-032812C0",
      27.716365641501735,
      -162.54680921367256,
      293.22468298069634
    ],
    [
      "DEB-3321D8CE",
      19.915397767974138,
      -142.26421271110414,
      197.89463403175978
    ],
    [
      "DEB-CB320B83",
      -50.09574065299567,
      -100.54692600336888,
      862.94950265837
    ],
    [
      "DEB-ACD15612",
      38.198433802835176,
      -51.875776769106494,
      227.73452670788356
    ],
    [
      "DEB-CD0E251F",
      -45.949926754808644,
      161.0254384431559,
      364.2915639080438
    ],
    [
      "DEB-A8A5A032",
      0.5703856139941363,
      -35.19175539818271,
      294.70289629739545
    ],
    [
      "DEB-453AD9CC",
      -5.251938284114713,
      134.44761662568553,
      321.4958739730946
    ],
    [
      "DEB-317CE3C2",
      29.139009239204334,
      -12.146253251503936,
      245.3293106761903
    ],
    [
      "DEB-B31DFF70",
      54.78084230987271,
      -91.73976780023021,
      313.4355174956936
    ],
    [
      "DEB-4BF17780",
      -3.4509446404021986,
      -107.46873172135908,
      299.9600637444737
    ],
    [
      "DEB-0F2DC9C8",
      -29.801586443822103,
      -41.70226258423088,
      678.1514669873168
    ],
    [
      "DEB-38E33E4C",
      -65.898992288141,
      87.2293329443227,
      151.30032547983683
    ],
    [
      "DEB-D28B1F12",
      -68.7222036482524,
      -154.21597964344457,
      633.5462066650589
    ],
    [
      "DEB-C1536C36",
      77.92000410553342,
      169.16012637876182,
      308.2880050037693
    ],
    [
      "DEB-FD365A1C",
      48.48049766536925,
      -56.57808195787319,
      400.35821963633407
    ],
    [
      "DEB-2661A778",
      -1.519814798767336,
      -47.864834967510205,
      707.8388238809166
    ],
    [
      "DEB-6840B634",
      0.1675510578616622,
      55.97030881177026,
      705.8347108719781
    ],
    [
      "DEB-DD70D12B",
      -12.699654378092932,
      -30.509513588768346,
      502.39757645419286
    ],
    [
      "DEB-4D1955BE",
      41.104778884867834,
      -57.49595260232399,
      641.0133655111831
    ],
    [
      "DEB-7C4E7217",
      -0.7006772172154491,
      150.49724965008255,
      512.0339965441581
    ],
    [
      "DEB-001BC50C",
      5.863267614900541,
      -99.42064188918927,
      467.89038328769675
    ],
    [
      "DEB-D78152C9",
      79.65701586904,
      161.83605236330897,
      769.5936856599301
    ],
    [
      "DEB-06AC2CB5",
      19.249584645048202,
      -60.953924967578125,
      354.33425713682846
    ],
    [
      "DEB-31E64A50",
      57.73681252706347,
      26.7770593764126,
      727.838586787343
    ],
    [
      "DEB-B37CC266",
      10.434865679844265,
      -101.87348702885187,
      478.18786737544997
    ],
    [
      "DEB-5DCAC2E0",
      26.065163407904087,
      -12.43901650567469,
      751.2952561768634
    ],
    [
      "DEB-29E0C2F2",
      -62.72497383607639,
      13.582231028784353,
      456.1630466515744
    ],
    [
      "DEB-2BC7CD3B",
      13.31024359513772,
      107.62729177318188,
      788.4186105181816
    ],
    [
      "DEB-269080F3",
      17.3433325140542,
      162.23259924315153,
      644.3807622902059
    ],
    [
      "DEB-3265B11A",
      38.114466216194025,
      -67.76450126023357,
      466.46656308709953
    ],
    [
      "DEB-183BEEE8",
      27.85487217893451,
      118.90085430106622,
      847.2482635939859
    ],
    [
      "DEB-599F94AC",
      -57.16462156629754,
      97.76217748180186,
      435.4093287720316
    ],
    [
      "DEB-3745097F",
      -36.498927893224646,
      120.54153475012862,
      325.18595465742055
    ],
    [
      "DEB-4FE1E8C4",
      74.11569952721214,
      174.2350610958795,
      537.485063406959
    ],
    [
      "DEB-2070B96A",
      41.583173473567,
      -13.695869302003619,
      733.1284444992034
    ],
    [
      "DEB-85FC5EE3",
      19.213928154883707,
      -148.52488591454892,
      559.7447364064565
    ],
    [
      "DEB-664F7254",
      41.504914784831385,
      -21.739364654323612,
      770.2770792967212
    ],
    [
      "DEB-CB358FDD",
      -10.569055559099564,
      -160.94050179065644,
      296.2640268348887
    ],
    [
      "DEB-8AEED68F",
      -1.1064247584643059,
      -149.259955882506,
      883.572245072538
    ],
    [
      "DEB-D07D08AE",
      -60.45031175140816,
      -13.083360662731055,
      605.0618360011349
    ],
    [
      "DEB-1A148A90",
      30.04135727875744,
      37.879711947373345,
      564.7243972406632
    ],
    [
      "DEB-C281C31F",
      -13.299266388878046,
      35.68199018813476,
      772.3761169327481
    ],
    [
      "DEB-8E1496D1",
      -17.05333186261674,
      -59.697973620530966,
      418.0853342317705
    ],
    [
      "DEB-0988254B",
      -39.458893115419464,
      165.45578106454587,
      622.4085295458726
    ],
    [
      "DEB-7448875F",
      26.38744706535247,
      -142.54872502815286,
      738.7422707699143
    ],
    [
      "DEB-9202698C",
      52.08820000967971,
      -116.03306109406404,
      355.30085397183393
    ],
    [
      "DEB-84D9EE11",
      42.0121443841802,
      65.79118872894144,
      799.626251899328
    ],
    [
      "DEB-F11F3053",
      11.213597552381124,
      53.060027967554554,
      136.57392272571178
    ],
    [
      "DEB-D6FE9467",
      2.523620792917364,
      -153.4965069216984,
      512.7008275768112
    ],
    [
      "DEB-8AC377F9",
      -21.991173441725103,
      72.73166204944951,
      622.660482143051
    ],
    [
      "DEB-C0145539",
      36.481731123361094,
      -31.336030946421644,
      899.372224795371
    ],
    [
      "DEB-CA6C17D0",
      -2.524684097127326,
      95.58693131705853,
      903.4748981059956
    ],
    [
      "DEB-FE889D5E",
      50.44474126846479,
      -22.433508710776813,
      791.5466239581856
    ],
    [
      "DEB-F3E3C88A",
      46.85291184904763,
      92.60496704919387,
      872.339772459416
    ],
    [
      "DEB-E862F679",
      -73.28419169693016,
      27.493701083496408,
      874.8245517420328
    ],
    [
      "DEB-4CA894ED",
      -43.1949859438443,
      -136.5464811158123,
      920.3086374525183
    ],
    [
      "DEB-DCF73F7C",
      -0.4559776231966724,
      79.97748661131948,
      168.90636117176473
    ],
    [
      "DEB-F2CD6EA8",
      18.092866450860754,
      -30.96141067333757,
      417.4879277462833
    ],
    [
      "DEB-59C53A9F",
      71.35265417824823,
      25.380206421919524,
      651.5322975445042
    ],
    [
      "DEB-A443DAD1",
      -33.3761570865523,
      -46.186336111262946,
      818.2120701247213
    ],
    [
      "DEB-C67D0CB0",
      36.43920481266705,
      71.74185713155858,
      329.9651961485424
    ],
    [
      "DEB-DB32D807",
      56.15286753257052,
      -38.032119741852235,
      285.4105172070422
    ],
    [
      "DEB-C62DA487",
      19.67864704020045,
      151.71091049564188,
      141.02309141071237
    ],
    [
      "DEB-2FCE1CBB",
      14.242569704368512,
      -35.035414787725436,
      285.17929186498077
    ],
    [
      "DEB-F26E8B12",
      -51.81447022485601,
      130.26592912685547,
      236.0383291332546
    ],
    [
      "DEB-AA9E26E0",
      35.913629350951545,
      118.50399716369472,
      582.3011980038127
    ],
    [
      "DEB-841CE361",
      49.46294664150166,
      153.4565946945476,
      356.11810444388084
    ],
    [
      "DEB-2FFE54AB",
      8.158602660288436,
      -127.35475202010367,
      209.01770743437555
    ],
    [
      "DEB-712BB0FC",
      18.73110299482306,
      59.60990278711108,
      180.28497639734996
    ],
    [
      "DEB-7F9769AD",
      -19.64144142967142,
      -111.11466976000912,
      804.8727881130981
    ],
    [
      "DEB-3858FB5C",
      -50.654057533043925,
      -112.39076874328696,
      255.09008247617203
    ],
    [
      "DEB-CEA60E24",
      -65.73184334273448,
      -129.37289129603687,
      436.8276300176485
    ],
    [
      "DEB-F87A04A8",
      -20.323522244468275,
      -36.1385200209052,
      320.1732615759256
    ],
    [
      "DEB-C3A0EF1C",
      -18.294465197726876,
      -47.731405139993335,
      929.848821918149
    ],
    [
      "DEB-929975B9",
      -56.13876145837106,
      164.54576450775073,
      460.9237701076172
    ],
    [
      "DEB-4C41D887",
      19.302596566453104,
      117.14458779518606,
      375.0666837303961
    ],
    [
      "DEB-FC6969FF",
      8.486970983637587,
      -146.12286920224744,
      621.7684627781473
    ],
    [
      "DEB-E95AAC0C",
      -71.34241370218243,
      -21.863398194580746,
      429.18725309501224
    ],
    [
      "DEB-9B557376",
      71.30645456992583,
      163.55731229016104,
      600.5330250885627
    ],
    [
      "DEB-83F4627F",
      -35.682091766032045,
      -74.88075186039758,
      547.4862975607884
    ],
    [
      "DEB-2FC51825",
      34.9984014157234,
      -59.40991207868291,
      898.1793673684488
    ],
    [
      "DEB-B5982FD5",
      14.032371318165087,
      -112.09360606751265,
      724.4315969902445
    ],
    [
      "DEB-B92ABA58",
      -7.774254630743747,
      -133.28077767766598,
      292.071133345813
    ],
    [
      "DEB-F3759D3C",
      54.49459612420627,
      170.4231105132676,
      158.1329112764297
    ],
    [
      "DEB-F4379F94",
      -49.40466459367872,
      -166.76116800679782,
      123.15415374698568
    ],
    [
      "DEB-CD7CCF82",
      -6.724549970256812,
      28.9380762396242,
      814.1042704632364
    ],
    [
      "DEB-35720BA1",
      -37.409017831852815,
      -54.42769673642473,
      369.3897332977094
    ],
    [
      "DEB-A12A072A",
      32.86198476587903,
      131.38728893505896,
      635.404581461582
    ],
    [
      "DEB-B2B9987A",
      -50.00969144674897,
      46.683520721271925,
      322.52900788884745
    ],
    [
      "DEB-311C322B",
      -3.9870804354608356,
      88.33592829238485,
      672.3258399059159
    ],
    [
      "DEB-2ABF9371",
      72.73780437647406,
      -143.3925063125031,
      217.50644929451937
    ],
    [
      "DEB-D0C1EA50",
      -45.57138368251657,
      9.66886290927832,
      846.595093474948
    ],
    [
      "DEB-F5E08ECE",
      -21.532421377861564,
      -126.22939314417391,
      724.2821484363121
    ],
    [
      "DEB-B7B61B81",
      -23.858695943039617,
      115.57764163571504,
      763.7318097682628
    ],
    [
      "DEB-366223B1",
      -20.308077877919636,
      -72.91425301566817,
      489.83065424531287
    ],
    [
      "DEB-8CD4703D",
      1.5904109922748353,
      -21.10939773414683,
      763.0962803222201
    ],
    [
      "DEB-08E12C22",
      22.403107556458007,
      -3.467834847744092,
      333.8545831079682
    ],
    [
      "DEB-8B06F2FB",
      -18.426591688015016,
      8.529165736716125,
      302.61271452084657
    ],
    [
      "DEB-9CB8F9BB",
      39.788374592195986,
      121.70186305363049,
      774.0323455050893
    ],
    [
      "DEB-1B21BF37",
      -30.38223474757921,
      45.60311542573716,
      474.55510047183543
    ],
    [
      "DEB-CDF721DA",
      82.62573230257911,
      163.5650876346434,
      662.2623028255102
    ],
    [
      "DEB-6D8FB31D",
      6.981213142561352,
      -114.3949399285104,
      857.7847769991831
    ],
    [
      "DEB-B967739C",
      -30.959128583501396,
      40.54444040888463,
      300.5148548656862
    ],
    [
      "DEB-B9F38812",
      -43.02334643624288,
      161.95153513930723,
      433.0510826066238
    ],
    [
      "DEB-84BB9D4B",
      44.86606355386067,
      -37.92822372401218,
      513.4641774371985
    ],
    [
      "DEB-5D34AEF2",
      -9.044503999422181,
      136.6392606204525,
      224.4152107797163
    ],
    [
      "DEB-38921E5C",
      2.9828725939444203,
      117.44756842911245,
      321.3326083213906
    ],
    [
      "DEB-63F9BDDA",
      -20.335426839170903,
      -132.95290329427252,
      587.1824599774009
    ],
    [
      "DEB-E03B6859",
      -25.52279635721337,
      3.178439967262789,
      683.4603773545896
    ],
    [
      "DEB-88549A1E",
      -12.74669381332046,
      -160.92042431690777,
      766.4210564803097
    ],
    [
      "DEB-C4F3A0C5",
      38.17617426784584,
      144.20524202009221,
      437.0526140096972
    ],
    [
      "DEB-9A6ED90D",
      40.916169193805196,
      83.97059788401505,
      443.5457796897408
    ],
    [
      "DEB-11EADC22",
      -41.42248372004907,
      4.385841010594912,
      775.6920641082197
    ],
    [
      "DEB-14F6D52D",
      16.262618666546903,
      -118.85640752993646,
      254.28018501814768
    ],
    [
      "DEB-2A54A966",
      -28.059776974142096,
      153.60131839668338,
      780.0862387808556
    ],
    [
      "DEB-F5D5FC7C",
      -32.056276167621306,
      106.16030846395942,
      593.6300314673772
    ],
    [
      "DEB-4653C69E",
      43.64847978705548,
      -163.24719773584948,
      186.6198931324334
    ],
    [
      "DEB-EFD6C515",
      -49.32805696935171,
      88.29176628074646,
      561.8530900790956
    ],
    [
      "DEB-C6E6BCF4",
      -18.35904449874118,
      -59.78061943712158,
      402.0199337892418
    ],
    [
      "DEB-27EA2CA0",
      -44.07048585968166,
      36.75056499963748,
      179.4440088028532
    ],
    [
      "DEB-C115443B",
      46.96713427435615,
      40.79140264787735,
      249.1597517406699
    ],
    [
      "DEB-52E05A29",
      -29.960668294567157,
      39.67991585792153,
      641.6782142034745
    ],
    [
      "DEB-2B9FA3DB",
      5.0549122175991315,
      50.556554658397964,
      671.2901808975712
    ],
    [
      "DEB-CD6ED474",
      -26.50682022448595,
      54.92174398376319,
      725.0567063364424
    ],
    [
      "DEB-BE1C637E",
      -6.651336286738401,
      -80.38504907220405,
      335.3947177291857
    ],
    [
      "DEB-4294F31B",
      -45.71407006513568,
      -158.72047403985667,
      740.6593715431363
    ],
    [
      "DEB-11D59F02",
      24.196629977161233,
      136.4421174833998,
      788.9325660523518
    ],
    [
      "DEB-E1FE9ABC",
      -66.25853085165309,
      -13.401692676939556,
      434.9966698664675
    ],
    [
      "DEB-B1A2DCAB",
      31.211631716565055,
      122.6366218309217,
      451.1377461092752
    ],
    [
      "DEB-39082D74",
      70.49125132452143,
      -136.31536762710957,
      396.6926014058545
    ],
    [
      "DEB-639D0018",
      1.3050803790395855,
      80.34115633723859,
      571.3255683534135
    ],
    [
      "DEB-D56A4B7F",
      2.7471527672408693,
      -54.71285540545219,
      611.3787737468374
    ],
    [
      "DEB-1E9805DD",
      -20.42570246311898,
      113.9588358461966,
      894.7058606943292
    ],
    [
      "DEB-1FD1236F",
      35.88826680299947,
      -23.629740524368653,
      623.6340452993791
    ],
    [
      "DEB-0B093688",
      -17.792812464008918,
      -172.17836612362657,
      324.43701381651135
    ],
    [
      "DEB-85EE197C",
      -1.1925680602055393,
      115.62351960236637,
      688.2004225677938
    ],
    [
      "DEB-43C17FE4",
      -31.601021607465434,
      11.241158591015733,
      469.15326782547436
    ],
    [
      "DEB-367F9662",
      35.070408085497064,
      -52.841965735406525,
      457.63221121984407
    ],
    [
      "DEB-5D65085F",
      -31.900858269770502,
      -141.57369021354918,
      223.38026934844402
    ],
    [
      "DEB-E2A14379",
      -59.91417227738408,
      55.419314440583015,
      562.1206275043505
    ],
    [
      "DEB-A444B4B1",
      -19.53378699955718,
      -20.833739048463357,
      214.89657048140361
    ],
    [
      "DEB-C31C26BC",
      20.328928805390472,
      12.700407278553735,
      332.95202420055375
    ],
    [
      "DEB-3BF3070E",
      -21.257809686619872,
      -120.44901212717524,
      678.6056528000099
    ],
    [
      "DEB-590CABCD",
      50.19927154372429,
      -174.86218853498247,
      532.3648644633413
    ],
    [
      "DEB-C56F4815",
      -19.874859373138857,
      18.549181931264187,
      345.70862591284913
    ],
    [
      "DEB-2242DC12",
      -37.65944205004742,
      143.85496767294714,
      259.5190620692547
    ],
    [
      "DEB-DB0EEEF4",
      -47.09923180724191,
      38.616422699869815,
      431.3221769889715
    ],
    [
      "DEB-528F9B1C",
      -30.99562631967551,
      -51.33741846493319,
      712.1829684049617
    ],
    [
      "DEB-861BB0C1",
      -2.7927085720186047,
      58.88823893828912,
      355.83543857504355
    ],
    [
      "DEB-CE9DB728",
      5.989622162409008,
      49.55603528420774,
      916.6663627087246
    ],
    [
      "DEB-47BFDFEC",
      -13.813032002557199,
      172.05152423268612,
      568.2781844169958
    ],
    [
      "DEB-70086D90",
      -33.51234624098552,
      -135.40461006796562,
      237.8796564705417
    ],
    [
      "DEB-109D144C",
      47.40314025833006,
      122.43127065942488,
      586.4114451350415
    ],
    [
      "DEB-AF1381B3",
      -37.28555029563793,
      84.07512358322437,
      210.89521090609924
    ],
    [
      "DEB-1CD28B00",
      9.409527090375693,
      -143.08492159234507,
      431.4879661489831
    ],
    [
      "DEB-ED33F650",
      11.351231164725187,
      -86.01961876365007,
      243.40507584810712
    ],
    [
      "DEB-361A1A94",
      46.71446237696241,
      137.76072065713694,
      207.95692752011564
    ],
    [
      "DEB-67F2075C",
      -4.142130270920291,
      -92.63912603067436,
      513.7612693371093
    ],
    [
      "DEB-C16F3E69",
      11.43387262380965,
      174.6717451195923,
      184.66244976483267
    ],
    [
      "DEB-347AD2BC",
      -26.945505267182238,
      146.20843905971458,
      181.28205764637642
    ],
    [
      "DEB-36853538",
      -55.58442919702423,
      60.54172049245473,
      153.81621199358779
    ],
    [
      "DEB-8A58AA62",
      -22.817854214767237,
      123.46803523305712,
      486.7008207133704
    ],
    [
      "DEB-25D335A8",
      63.89683718994057,
      60.769777322428396,
      558.0620817667914
    ],
    [
      "DEB-83BC6B96",
      60.936310843897836,
      -99.4862102646592,
      653.6634108109693
    ],
    [
      "DEB-4888A48D",
      -43.04540653471571,
      -91.74213090737447,
      483.85651631205474
    ],
    [
      "DEB-5C909535",
      29.57023073512094,
      -124.43103502313184,
      841.735381724131
    ],
    [
      "DEB-86318999",
      -13.280900874611508,
      -87.53107952333214,
      885.5363809796272
    ],
    [
      "DEB-B26DF9B2",
      -71.2187686484696,
      120.15512824396569,
      576.3292352337003
    ],
    [
      "DEB-4530EE40",
      65.14785944206939,
      138.8214097966185,
      181.64466139376782
    ],
    [
      "DEB-327BAC20",
      -11.645551251998421,
      -150.79826735117635,
      535.2643829353028
    ],
    [
      "DEB-84E0B140",
      -29.708367719203363,
      -3.776987970989053,
      787.6926223751498
    ],
    [
      "DEB-2E6A285F",
      36.37520694778867,
      -67.94262753634024,
      904.0750504461175
    ],
    [
      "DEB-F69C4E89",
      79.80883778675863,
      -81.7890551655975,
      684.6781305699669
    ],
    [
      "DEB-96718261",
      55.77131175323421,
      97.4931122977058,
      517.9975345983221
    ],
    [
      "DEB-C8FDE31D",
      -24.694913745873713,
      -59.54613416541235,
      272.2138369270551
    ],
    [
      "DEB-2E14B36D",
      -49.540258338239624,
      -159.74320801146877,
      694.8232949984131
    ],
    [
      "DEB-FB678EF6",
      -50.66498270850816,
      -134.38856464650482,
      406.62089542514786
    ],
    [
      "DEB-1396AFE1",
      -44.056428480560484,
      135.36649441163885,
      327.287702005764
    ],
    [
      "DEB-17CE74C7",
      0.26270728020584266,
      15.129451082154343,
      297.6165251061275
    ],
    [
      "DEB-1B7EE82C",
      -28.486552186825673,
      80.72974988759654,
      394.77612301633144
    ],
    [
      "DEB-A521B430",
      45.14472664007784,
      93.62333450377703,
      681.0621805049013
    ],
    [
      "DEB-77454C0E",
      -62.15075430075971,
      -81.9098778233997,
      237.50391478954498
    ],
    [
      "DEB-5D7DE704",
      -17.70349960244134,
      -77.93892950696157,
      729.9259909955563
    ],
    [
      "DEB-B45BC862",
      26.631293412707507,
      -171.92908799715696,
      829.9796276791567
    ],
    [
      "DEB-3D321402",
      -75.37344237562242,
      35.87603112016333,
      412.49177667968434
    ],
    [
      "DEB-8FB8E418",
      66.85997090984905,
      -179.34825319652572,
      247.55299754055613
    ],
    [
      "DEB-97DB8CF2",
      -5.343860110037403,
      14.668921941468835,
      597.7196092667782
    ],
    [
      "DEB-48AF79A6",
      -46.4938085377475,
      -127.77177013614076,
      292.2144421002895
    ],
    [
      "DEB-118ED5BB",
      -47.18750119621418,
      -153.35429761407943,
      198.67378758786163
    ],
    [
      "DEB-C4315854",
      -64.50418810387278,
      -24.43282376943244,
      838.2002381083976
    ],
    [
      "DEB-C919C55F",
      -17.937451244857776,
      -146.21386118134808,
      504.7519885135898
    ],
    [
      "DEB-4A3CB995",
      -19.560012003811483,
      -22.83377185269661,
      624.0431072443207
    ],
    [
      "DEB-4B32DF08",
      59.36045729925394,
      -31.72158543589411,
      132.49526555252032
    ],
    [
      "DEB-877F5A8D",
      19.06768956896911,
      -12.133502488992454,
      255.4376005580716
    ],
    [
      "DEB-0DD1ED56",
      -27.14824754941675,
      -89.56905258753791,
      618.8336660955865
    ],
    [
      "DEB-BC9CA089",
      -9.817008572811329,
      -135.19329754078993,
      882.1139355306423
    ],
    [
      "DEB-52C11B73",
      1.8509257130466108,
      -74.11280549526715,
      319.5778331602578
    ],
    [
      "DEB-BF67C32C",
      35.83579987653872,
      65.86907581373225,
      595.9086558830777
    ],
    [
      "DEB-65B0B8E6",
      -43.252378590477655,
      18.158352847478977,
      616.1308799714307
    ],
    [
      "DEB-EBC17715",
      51.34817499075744,
      45.13695826022307,
      564.79217442355
    ],
    [
      "DEB-7D4FD27A",
      -26.346087456365726,
      -24.047217679858445,
      826.5832757330436
    ],
    [
      "DEB-E273A625",
      34.37539383731027,
      151.11183528067508,
      309.5842385366077
    ],
    [
      "DEB-0DC0A486",
      21.43037948134484,
      -143.85035803029265,
      558.4055166953431
    ],
    [
      "DEB-7E13ECB7",
      -11.429521528045166,
      -155.894219875363,
      253.03571359586476
    ],
    [
      "DEB-E00903E4",
      -5.925488305990882,
      28.965449756162194,
      661.6588833116775
    ],
    [
      "DEB-B1EA3C0E",
      -23.21307063161083,
      -147.60423761394114,
      126.38422936991174
    ],
    [
      "DEB-5C77342C",
      68.45935854220913,
      168.08832880437595,
      181.04472571328552
    ],
    [
      "DEB-6EDC72DF",
      -76.78272947065986,
      -126.40097543124234,
      882.8209906020284
    ],
    [
      "DEB-56E6D31F",
      -57.47459672063024,
      -126.40735541200195,
      543.0090213219682
    ],
    [
      "DEB-BE6E3731",
      -3.9901096853594464,
      127.14008810953337,
      356.65217278548425
    ],
    [
      "DEB-0D08F2A7",
      38.187451453070665,
      -105.06591686097582,
      724.0907759648317
    ],
    [
      "DEB-7FA2B58D",
      -47.30061863267129,
      39.83250268607208,
      517.430280161826
    ],
    [
      "DEB-1F9F020D",
      -27.66757591719871,
      4.99048367169872,
      214.43956494136546
    ],
    [
      "DEB-A5D8F054",
      19.036831478079762,
      151.25910441435843,
      162.43194543821755
    ],
    [
      "DEB-05C61450",
      19.6156723912962,
      100.78953599638186,
      191.33245141910447
    ],
    [
      "DEB-D63BE035",
      7.2962116408389015,
      123.90104860001281,
      761.8008534880591
    ],
    [
      "DEB-7705AECE",
      52.418171059860114,
      102.3720375664845,
      615.0055620647972
    ],
    [
      "DEB-1294DE4F",
      -8.683406128629438,
      -62.41263990355805,
      803.1768184531575
    ],
    [
      "DEB-BFA5F73D",
      -2.2305447975186796,
      158.86463948767857,
      786.4200174457374
    ],
    [
      "DEB-9D72E1AE",
      16.40418101510748,
      31.848434240463174,
      786.5449108403982
    ],
    [
      "DEB-4E05A960",
      -15.913089490913594,
      56.962237239022784,
      255.67670952882872
    ],
    [
      "DEB-A0C2E391",
      -57.000490475891496,
      21.49978040632438,
      596.2140174439392
    ],
    [
      "DEB-70F25948",
      29.672685640051128,
      -31.189430156883102,
      207.55777412390398
    ],
    [
      "DEB-5679CDB2",
      -10.457920111163515,
      -140.25423379755836,
      490.8536559415934
    ],
    [
      "DEB-391C99A3",
      14.921719306633264,
      46.94705812491142,
      514.7932397038921
    ],
    [
      "DEB-D7D4E08B",
      46.38416060218979,
      106.97598643782835,
      784.6123258011557
    ],
    [
      "DEB-7B616586",
      54.187941864882696,
      -153.7319313343171,
      254.87348726584696
    ],
    [
      "DEB-9301B1BC",
      24.59345260158753,
      -80.42343356718999,
      515.4237402233457
    ],
    [
      "DEB-B9A2F1EF",
      28.351818277916948,
      30.845509202023628,
      559.2779369052696
    ],
    [
      "DEB-168E2FC0",
      -44.05230937476733,
      73.11087049779245,
      564.908654062946
    ],
    [
      "DEB-CF4836E0",
      -17.639961688665643,
      52.71117552162077,
      136.86979155849713
    ],
    [
      "DEB-240ED796",
      -26.995466450314225,
      129.72152707751525,
      414.830376158744
    ],
    [
      "DEB-1A99AF7B",
      -5.010188952792047,
      -43.83713006026013,
      901.930613437099
    ],
    [
      "DEB-383EB4D2",
      3.320152731640125,
      42.82904348158547,
      704.021772379615
    ],
    [
      "DEB-0EA772E2",
      -33.02159516710287,
      160.49894880155907,
      145.1912850018025
    ],
    [
      "DEB-22392B78",
      13.847339998586591,
      126.65226063151533,
      562.5942109207053
    ],
    [
      "DEB-C5DF1F67",
      62.260157458235085,
      81.38614185486021,
      674.7166669229982
    ],
    [
      "DEB-84232703",
      -33.340908591953465,
      148.78106221387964,
      903.0419165940311
    ],
    [
      "DEB-9B8D757F",
      6.106451405002611,
      -119.88178870716753,
      298.25252649299273
    ],
    [
      "DEB-0DD59AC7",
      9.360670257523534,
      36.58612085486853,
      859.4652230294869
    ],
    [
      "DEB-349E6663",
      10.406666909177689,
      64.48760651905843,
      576.7714902901043
    ],
    [
      "DEB-A40AB4EE",
      55.294466810244955,
      7.870195869022642,
      363.19567595196077
    ],
    [
      "DEB-42473B39",
      -31.243806623907187,
      -174.23990963657454,
      211.41950516308043
    ],
    [
      "DEB-2F1F2498",
      -60.758702940233306,
      -151.88280093618087,
      500.96549937219424
    ],
    [
      "DEB-8D5F0FF8",
      64.713690679095,
      -165.76895925350783,
      655.2922822286964
    ],
    [
      "DEB-CF97469D",
      34.80436508195281,
      -59.5315436189537,
      639.6760412340063
    ],
    [
      "DEB-E58EFA40",
      13.674972661290216,
      -120.04535604234847,
      740.6289634971654
    ],
    [
      "DEB-1735580B",
      23.67221239944581,
      -104.17129872618098,
      197.11161213435844
    ],
    [
      "DEB-9C403D49",
      23.398007169197193,
      -134.9786088064304,
      289.79711504812803
    ],
    [
      "DEB-856852F8",
      -51.409098834612834,
      104.92360644455852,
      261.8034580511794
    ],
    [
      "DEB-4DA1056A",
      15.899025438653267,
      89.1407297067214,
      347.1090209356371
    ],
    [
      "DEB-D5570DE8",
      6.945469542169067,
      -134.49182240158453,
      878.5553660385121
    ],
    [
      "DEB-F405C670",
      46.77808659333807,
      105.69874836471712,
      541.916962856154
    ],
    [
      "DEB-ABEE90AC",
      -63.24981990748172,
      65.45619621712613,
      610.0708461279955
    ],
    [
      "DEB-90925FCF",
      29.407739884314044,
      -138.60773625508466,
      900.3235724314309
    ],
    [
      "DEB-4CF5A450",
      -4.284106815110388,
      -142.63910412249967,
      176.29773847599427
    ],
    [
      "DEB-418F8C31",
      79.5928734384742,
      -87.65910172521913,
      779.5555605968902
    ],
    [
      "DEB-7822152D",
      -14.289793106984126,
      -165.62543919623224,
      128.46631412235183
    ],
    [
      "DEB-36B31CF9",
      -38.6310112295034,
      -15.535236627725023,
      857.0659734756155
    ],
    [
      "DEB-5A74C3AC",
      -61.16462632574579,
      53.22748194802957,
      398.4470123130386
    ],
    [
      "DEB-16031834",
      30.078088800489777,
      -136.2226882570113,
      617.2297793969938
    ],
    [
      "DEB-7A1C04D5",
      -26.970506411923218,
      168.6426380918526,
      338.16622220106
    ],
    [
      "DEB-0B178208",
      26.602142447707184,
      171.72398316951572,
      196.41375363996576
    ],
    [
      "DEB-EAA1B6B7",
      60.00197847510937,
      44.95190592133353,
      878.958039764414
    ],
    [
      "DEB-EBF7EA5D",
      4.975829744282422,
      134.2983955554037,
      528.386364504202
    ],
    [
      "DEB-2C3C3AC2",
      -23.96094220231577,
      85.8130270035845,
      653.9372746248846
    ],
    [
      "DEB-7BE79706",
      48.11928582545209,
      -110.06910249526508,
      578.0050467303845
    ],
    [
      "DEB-3AF965BD",
      -61.0287598814854,
      177.51112217900118,
      771.3062834597613
    ],
    [
      "DEB-0CF2EB44",
      -82.82877630582763,
      -131.3453925859561,
      462.73352802367754
    ],
    [
      "DEB-3F877027",
      7.610473941176899,
      -5.090144159913883,
      757.0338880862528
    ],
    [
      "DEB-755DDBE4",
      -43.36154861802358,
      129.69473707891174,
      236.22881127829442
    ],
    [
      "DEB-F0DACA52",
      65.15079532262376,
      -179.17442763106456,
      244.73084653243586
    ],
    [
      "DEB-DC664268",
      13.748158848717116,
      87.69940455157699,
      244.8482243055787
    ],
    [
      "DEB-324C004F",
      15.680110155650056,
      -24.395506451684327,
      804.908418798017
    ],
    [
      "DEB-02C0C15C",
      -17.02881786854781,
      -59.906622943050245,
      259.5128216926623
    ],
    [
      "DEB-CF0EF5D6",
      -54.033774279565066,
      -145.28422030847003,
      707.3285083491874
    ],
    [
      "DEB-322386B5",
      -25.32681884458718,
      -158.50358857467305,
      235.47668177384912
    ],
    [
      "DEB-5B4B69E2",
      -15.46495071427756,
      125.52248736595018,
      861.9473611442118
    ],
    [
      "DEB-8024308F",
      -26.281323609192864,
      -50.539151232605434,
      550.679002545754
    ],
    [
      "DEB-FE726EF8",
      -6.481985463185162,
      32.81630708709067,
      764.0401939027652
    ],
    [
      "DEB-154A1B32",
      75.42675745224497,
      -173.89061731946452,
      363.9707334844679
    ],
    [
      "DEB-B3574011",
      -51.427904337991606,
      -41.52385242573764,
      669.5336416912041
    ],
    [
      "DEB-C5A12415",
      28.197110235876703,
      126.5130565132788,
      788.2375460530384
    ],
    [
      "DEB-A0241B8A",
      1.087012440866678,
      -48.157862615955054,
      600.0209970073211
    ],
    [
      "DEB-A42C0E60",
      -40.27357989871583,
      103.95188517694157,
      222.11307812341238
    ],
    [
      "DEB-9A5DC3C7",
      -1.3423952774774375,
      79.05676644497998,
      870.2370393982628
    ],
    [
      "DEB-40128A88",
      -33.08848939599999,
      -22.943439579024535,
      257.4651157806693
    ],
    [
      "DEB-C97B250B",
      78.9150648114411,
      14.860628887843964,
      165.2224714819895
    ],
    [
      "DEB-1041E16D",
      -22.702040038610903,
      26.07779587356172,
      821.8564150909388
    ],
    [
      "DEB-6017464C",
      -14.859426022386824,
      52.171832355879665,
      284.0157783995628
    ],
    [
      "DEB-50A9C4F1",
      72.21412704411007,
      -67.77952635678528,
      497.7398128666473
    ],
    [
      "DEB-CAB60055",
      -54.39591739380512,
      9.907520241923688,
      220.23294344199348
    ],
    [
      "DEB-D34C8159",
      -19.10340134361709,
      -98.99219582816865,
      774.4789725115697
    ],
    [
      "DEB-274126C7",
      39.90624723734157,
      -71.24882380167548,
      404.6356985939492
    ],
    [
      "DEB-F7A6C3F3",
      -19.665117581214563,
      151.7167858519008,
      329.4665958427913
    ],
    [
      "DEB-E8DF72C9",
      0.39851026634284337,
      -14.156663139528943,
      457.1930213561973
    ],
    [
      "DEB-6EDCDDF0",
      -15.422541029680234,
      -87.56823884269829,
      804.0800661651674
    ],
    [
      "DEB-0E22069A",
      45.42409296253323,
      81.86124427484317,
      796.9746258000978
    ],
    [
      "DEB-778396DA",
      61.38976127622985,
      155.44444496236358,
      674.9881123761334
    ],
    [
      "DEB-0470905E",
      24.697556468851488,
      -140.00116819718198,
      339.4588268470343
    ],
    [
      "DEB-BFAB02EA",
      -41.416535189963355,
      5.13041512207093,
      742.9093691701946
    ],
    [
      "DEB-87CC960B",
      26.516419391797218,
      105.90270493105211,
      813.3167081715701
    ],
    [
      "DEB-04CCF43D",
      -25.941597347774074,
      -145.69397755702272,
      179.6576216980675
    ],
    [
      "DEB-E693B5E5",
      51.54050931276621,
      177.11990507767567,
      642.1999622465037
    ],
    [
      "DEB-64A902FF",
      -57.38582759352165,
      -123.93165964613878,
      552.5246652130782
    ],
    [
      "DEB-9D14D861",
      22.68546342908455,
      178.8090138964586,
      431.11776768895834
    ],
    [
      "DEB-B8FE1F01",
      -50.861269059641984,
      -22.539227444194825,
      636.0313367048429
    ],
    [
      "DEB-CC717107",
      -2.3921881101751468,
      -2.7527479447250935,
      364.91409561471755
    ],
    [
      "DEB-317521A0",
      -4.20633245868206,
      -53.20863652314688,
      203.628970707211
    ],
    [
      "DEB-77533532",
      41.473993074785945,
      44.98929577736169,
      816.3587718678482
    ],
    [
      "DEB-C1CD1981",
      54.471344956641026,
      146.16729227645158,
      387.0532137861783
    ],
    [
      "DEB-CC46CAF1",
      -34.7264332461496,
      -23.125442851938487,
      496.57842472189714
    ],
    [
      "DEB-E543DC57",
      -1.0369042041510372,
      41.252095248095074,
      330.6053648542975
    ],
    [
      "DEB-1603423D",
      -12.588835873544895,
      -36.07527252577775,
      422.8999292247636
    ],
    [
      "DEB-51B637FB",
      38.200381133697476,
      -32.80726520073659,
      628.6484675281508
    ],
    [
      "DEB-B1585199",
      -10.766567249841962,
      27.09652321167188,
      412.9176570530526
    ],
    [
      "DEB-7B1DCA6B",
      -68.44633385232532,
      -43.89100794341447,
      771.159599682629
    ],
    [
      "DEB-AB649B56",
      -58.57744798070633,
      49.683931132814074,
      251.69229399310825
    ],
    [
      "DEB-B70EF02C",
      17.257824848082354,
      -93.14048754548408,
      336.96336504644114
    ],
    [
      "DEB-D7611E44",
      71.66339276526213,
      53.22371987942123,
      162.2828530208908
    ],
    [
      "DEB-9573D136",
      -68.24039790028522,
      -47.07833027075043,
      166.19313942995268
    ],
    [
      "DEB-AF82F5E3",
      -59.009014073225934,
      63.85843214127801,
      567.4272140109297
    ],
    [
      "DEB-4EE42E68",
      55.455342147245325,
      -147.07267629157633,
      392.4035257409341
    ],
    [
      "DEB-9B2BCF00",
      -36.77113342601674,
      -107.69554698876199,
      162.6504927218466
    ],
    [
      "DEB-7641C761",
      -54.36569866491679,
      35.335855545925206,
      501.14610101049857
    ],
    [
      "DEB-04DB15DB",
      -2.7465915303112984,
      -70.12734393458848,
      405.2771866022622
    ],
    [
      "DEB-5F74D292",
      -33.83432590340503,
      141.75898403883724,
      475.86109908631624
    ],
    [
      "DEB-452CC24D",
      -5.231263773501606,
      -107.15365464031761,
      576.7957057427939
    ],
    [
      "DEB-9326B50F",
      -16.797691658310807,
      -128.52423085819748,
      246.01653147069555
    ],
    [
      "DEB-4FD9376D",
      18.95053673290107,
      137.57560667008136,
      415.15745273487664
    ],
    [
      "DEB-DEC3DED2",
      5.071178415382167,
      -139.4338509250282,
      511.3671200991221
    ],
    [
      "DEB-7B9AADDB",
      33.910836563382794,
      -84.96371466733352,
      756.0842490317646
    ],
    [
      "DEB-AAB7881D",
      38.116415393017924,
      55.18264578652887,
      629.4474662596404
    ],
    [
      "DEB-7422B433",
      -40.24004987126333,
      -11.303362002526837,
      781.0490878675191
    ],
    [
      "DEB-C806AF7F",
      -34.68276564361747,
      135.19999168639882,
      674.2646250182552
    ],
    [
      "DEB-481E74A0",
      63.598509537581954,
      159.83793870194185,
      264.04908757732846
    ],
    [
      "DEB-CF23B370",
      -36.12765756081346,
      37.03654703090414,
      667.668990432714
    ],
    [
      "DEB-A289DE60",
      -52.36006439046298,
      126.53801170896517,
      442.0035303120312
    ],
    [
      "DEB-73EE6B9D",
      -39.16308847139165,
      -25.231030810074078,
      707.1563813298726
    ],
    [
      "DEB-49025900",
      40.45972912114238,
      -20.51693598789582,
      502.8461844825915
    ],
    [
      "DEB-7839AFFA",
      -50.43636708017036,
      163.57895375612102,
      385.26016174176493
    ],
    [
      "DEB-640EEE7B",
      35.26429587146153,
      72.68810145606504,
      629.6232503805522
    ],
    [
      "DEB-A17A2ED6",
      32.95035320376264,
      -99.33734041519541,
      784.8274972229783
    ],
    [
      "DEB-BA4F690E",
      14.32044132128062,
      -75.36741155489717,
      427.7128315924356
    ],
    [
      "DEB-D86D24E4",
      -61.185473829734654,
      -95.77384278818948,
      877.3357108366354
    ],
    [
      "DEB-EA4E8AE0",
      -14.262245405832365,
      -21.06832934191887,
      846.9476667003455
    ],
    [
      "DEB-F96F5EB4",
      -55.28220292450325,
      143.86495233894175,
      227.4385026416685
    ],
    [
      "DEB-7D2F9B27",
      -26.4311278083966,
      -30.219665687548044,
      899.4399627661187
    ],
    [
      "DEB-DC0CD5D3",
      70.13760376780941,
      -54.33778957257985,
      374.0101754876605
    ],
    [
      "DEB-A0E30C0C",
      61.36072487246821,
      147.35657152116232,
      465.67147390763967
    ],
    [
      "DEB-96ADC81D",
      20.309474109258684,
      41.72598666983128,
      917.6994851191976
    ],
    [
      "DEB-E8A881AC",
      -32.07099355976735,
      -19.030010846633846,
      180.99998960049925
    ],
    [
      "DEB-4246C3A2",
      -50.91236498856329,
      101.76828378990605,
      462.297915604413
    ],
    [
      "DEB-CB19ED9B",
      23.90258369822216,
      -94.8151206887297,
      357.73990989367576
    ],
    [
      "DEB-14A08907",
      49.833389553986905,
      25.37779362360486,
      567.4459367464824
    ],
    [
      "DEB-88C5A8C6",
      24.161686605547317,
      -169.60325580586104,
      769.02913205002
    ],
    [
      "DEB-923F9FC0",
      -60.97083068601988,
      11.206470785427387,
      381.3382288926696
    ],
    [
      "DEB-DB6622BD",
      -37.43853361721885,
      -152.50130059824735,
      317.5497835533188
    ],
    [
      "DEB-B9963729",
      -27.80618051019113,
      23.05302699808158,
      149.4609058173928
    ],
    [
      "DEB-D207181B",
      12.990870262623094,
      49.828912941422914,
      660.2649029052236
    ],
    [
      "DEB-1C08CEBB",
      -74.06012557893983,
      97.6148026243424,
      282.81338669302113
    ],
    [
      "DEB-28216655",
      18.476575045582123,
      -133.54859525848366,
      607.9201131868313
    ],
    [
      "DEB-D47510A7",
      5.14087054957757,
      -3.175096884970583,
      338.8671417976939
    ],
    [
      "DEB-9A991CA1",
      -60.46267812154278,
      -104.54441060743895,
      627.9119410814001
    ],
    [
      "DEB-5ECF49BF",
      0.4749883849677919,
      -21.22110486567052,
      670.2720067889968
    ],
    [
      "DEB-61B7EC7F",
      -2.7525882718643797,
      -18.94685067106531,
      173.00766283613666
    ],
    [
      "DEB-7AC830B0",
      -29.009086230924822,
      139.34641374584513,
      566.9089203756384
    ],
    [
      "DEB-E4E18417",
      -29.919196303351477,
      144.13110370505635,
      556.402998355823
    ],
    [
      "DEB-B3971FD1",
      -7.233141133445426,
      -63.216009216311555,
      645.9465662077573
    ],
    [
      "DEB-EE56B849",
      -40.91171193350508,
      -140.65041445252078,
      297.3012568716822
    ],
    [
      "DEB-208E1303",
      -61.863715160492625,
      121.61570856597018,
      817.5063299345102
    ],
    [
      "DEB-613B05EE",
      19.826464373351364,
      141.99867395895853,
      485.94599289162215
    ],
    [
      "DEB-76579D15",
      -55.64700446284575,
      29.735840834595088,
      690.9226269156097
    ],
    [
      "DEB-DC9BB5E1",
      -33.03297331675126,
      -148.12498542444874,
      758.6368894152156
    ],
    [
      "DEB-D1319584",
      25.13515668282585,
      -66.51495920060434,
      556.6479487189099
    ],
    [
      "DEB-657FBE33",
      -43.0605700474174,
      20.658486688180684,
      767.6097719648396
    ],
    [
      "DEB-4BF1BB40",
      43.51773686504656,
      128.8414507827676,
      647.9775895508537
    ],
    [
      "DEB-D5B19C60",
      -15.406036014507052,
      -165.96292457272978,
      796.5724125543475
    ],
    [
      "DEB-9C9063A6",
      -1.5089278677937095,
      130.2300036738077,
      823.1186712704148
    ],
    [
      "DEB-6FC9938B",
      -16.044178962985523,
      -170.6919384956408,
      154.2859719843509
    ],
    [
      "DEB-4FF2E2B8",
      -25.015958786530373,
      133.08284944383175,
      519.1071017884396
    ],
    [
      "DEB-B3EFB251",
      -14.470382087131842,
      -118.97523755511055,
      341.63390648794575
    ],
    [
      "DEB-29197E4B",
      -18.86611652529529,
      167.68466478572472,
      256.9971083734772
    ],
    [
      "DEB-06109FF0",
      35.35090099776593,
      70.07348317625016,
      806.9930366047438
    ],
    [
      "DEB-5D503CA4",
      -30.306940748208998,
      86.80370180115352,
      659.4063342990175
    ],
    [
      "DEB-71C4BAD6",
      75.64888952824289,
      47.66521446500039,
      501.5967317808727
    ],
    [
      "DEB-8622D997",
      15.123380887808196,
      -114.68588705480944,
      868.662027565154
    ],
    [
      "DEB-850D2D0E",
      -69.20540667467509,
      -67.54524341918238,
      768.634731420263
    ],
    [
      "DEB-A57F7BE9",
      27.003567924298373,
      -151.47793851515758,
      337.95188539420815
    ],
    [
      "DEB-E89CBDE6",
      51.65841423058973,
      -91.35812726763444,
      672.8627318813633
    ],
    [
      "DEB-1E17EBAC",
      26.392308338071945,
      21.20255247338717,
      368.6988602034462
    ],
    [
      "DEB-41CC9DC0",
      -18.037098968014266,
      65.66141921498884,
      304.8192476201466
    ],
    [
      "DEB-7075947E",
      -55.64668583796153,
      -1.2095398415441385,
      385.55722725183387
    ],
    [
      "DEB-E671E8B4",
      6.228022084046691,
      -121.34331536213563,
      788.3996546596463
    ],
    [
      "DEB-C126149A",
      36.44092898480336,
      -118.12070819350478,
      225.76666846049648
    ],
    [
      "DEB-CB1A6501",
      5.310332514494839,
      114.12362354965657,
      872.1204673308766
    ],
    [
      "DEB-4DC59F1A",
      72.94532005825683,
      -117.4459425689631,
      689.7383997859306
    ],
    [
      "DEB-7844F6C3",
      51.189147227535074,
      66.63384816764923,
      560.8873265806997
    ],
    [
      "DEB-47ACC79C",
      16.428410850712368,
      -94.19875246947868,
      846.8356606611533
    ],
    [
      "DEB-96C4EB49",
      23.796512444034946,
      -18.073111252370133,
      496.945332129917
    ],
    [
      "DEB-950A54C5",
      -0.5147899776712104,
      -128.96899078443366,
      652.0060779587575
    ],
    [
      "DEB-F27058D2",
      -9.892091949924685,
      -35.596525505180786,
      751.0870217600359
    ],
    [
      "DEB-2D408380",
      51.136577878406264,
      170.20655644480155,
      763.9862956499201
    ],
    [
      "DEB-EEA40E61",
      -58.60896643232393,
      149.46136321034504,
      895.6084826278684
    ],
    [
      "DEB-379836C6",
      -1.186779111149665,
      -59.36405143962081,
      824.3109852946482
    ],
    [
      "DEB-BC66409A",
      -60.91532794381036,
      60.168929033893086,
      525.7946547883539
    ],
    [
      "DEB-CB105495",
      15.1615046967825,
      -167.04976313928083,
      475.4971876567188
    ],
    [
      "DEB-C2F5A9C7",
      29.6721380368795,
      167.04186614064196,
      907.8872617777579
    ],
    [
      "DEB-22F4B1D9",
      35.21522180096252,
      -36.568580565136116,
      902.2931566291691
    ],
    [
      "DEB-01307AEB",
      60.04668832394367,
      168.84837008459075,
      284.723671265363
    ],
    [
      "DEB-0D7D248A",
      -1.2761391833043891,
      -97.25454159313237,
      126.27957352058365
    ],
    [
      "DEB-AB4F9772",
      -38.1953346812274,
      -154.7016901574315,
      231.81781259482068
    ],
    [
      "DEB-0A99D2C1",
      10.510537492717791,
      -36.69685993998025,
      514.1133312977981
    ],
    [
      "DEB-D2170343",
      9.85857152129042,
      50.229614105342776,
      662.5590609420124
    ],
    [
      "DEB-34D019D3",
      4.703150460826731,
      60.32015036329347,
      243.17744231474535
    ],
    [
      "DEB-0E961DEB",
      -35.46735671277216,
      55.715902724180566,
      424.55462242487556
    ],
    [
      "DEB-151B915F",
      20.97635153930069,
      95.55998988671688,
      637.708412213472
    ],
    [
      "DEB-453CDE10",
      40.29925804885861,
      97.42919671082645,
      355.4087646934886
    ],
    [
      "DEB-44DEB071",
      60.37162367459543,
      -132.99273567467813,
      577.5956121362669
    ],
    [
      "DEB-F01EFDAE",
      -44.73101528333211,
      15.278234995147365,
      862.7054149301102
    ],
    [
      "DEB-34189CA0",
      -20.43768106911517,
      -151.8714101328587,
      406.8765363336788
    ],
    [
      "DEB-C2318CBB",
      -2.8110743787210373,
      -7.566143072240627,
      793.5654882206763
    ],
    [
      "DEB-A897A6AD",
      19.8705202264998,
      59.02470140808844,
      642.1382922870298
    ],
    [
      "DEB-1CB8B881",
      -3.862260832295484,
      146.11594967880805,
      469.14360596954975
    ],
    [
      "DEB-E8B23A7A",
      63.42593232315197,
      159.19013389497312,
      706.193596550138
    ],
    [
      "DEB-4E3B5569",
      -9.466353308072653,
      -115.08126154905446,
      640.3904827904889
    ],
    [
      "DEB-FF236189",
      8.008716299395182,
      156.58084254040892,
      340.87391964817016
    ],
    [
      "DEB-C7C0DEBC",
      -24.243221886300987,
      1.9675820435431643,
      217.20544306570082
    ],
    [
      "DEB-D8C3A7C5",
      -44.276745339046656,
      114.25958009734762,
      317.1701668138985
    ],
    [
      "DEB-52ADE46F",
      17.750601576070654,
      -134.33048654906935,
      551.0230651739676
    ],
    [
      "DEB-A2007B17",
      8.582371381214047,
      -76.14832473564273,
      471.0690833065055
    ],
    [
      "DEB-22FCCE14",
      67.66716579617975,
      147.7809233893028,
      659.5024982567775
    ],
    [
      "DEB-A35AD7BE",
      -20.021528593975983,
      -107.52776685249782,
      573.3832330419355
    ],
    [
      "DEB-C1F5B041",
      -61.418445901511944,
      6.63619910610542,
      186.62479848147177
    ],
    [
      "DEB-B0C150ED",
      -62.15170679036541,
      80.51067102498111,
      263.2590487266498
    ],
    [
      "DEB-164A4CD9",
      19.63167487321044,
      -16.580065057482848,
      919.7363071326163
    ],
    [
      "DEB-0521C7BB",
      70.58609784512792,
      -91.62708323900631,
      499.95018926008925
    ],
    [
      "DEB-BD73A879",
      59.64456363771459,
      31.60290216074202,
      646.2608869340493
    ],
    [
      "DEB-A5480E81",
      -38.396520376661115,
      -148.84966583223073,
      247.8883906910105
    ],
    [
      "DEB-0D6C06DD",
      -42.03379297547419,
      -93.42162069682868,
      749.9106269731565
    ],
    [
      "DEB-297CE13B",
      -29.21945280454851,
      109.05328860299326,
      843.0633151534767
    ],
    [
      "DEB-3C4D7F13",
      44.86259086558444,
      -58.78706709563278,
      601.4101286449331
    ],
    [
      "DEB-05DD698C",
      -8.198793188872706,
      44.0985875137259,
      738.66112404453
    ],
    [
      "DEB-85F25C67",
      -45.32919665453586,
      0.5448061971420866,
      250.25687318948803
    ],
    [
      "DEB-6F9FCFE8",
      34.02649824718517,
      71.63055022099223,
      730.8260239040437
    ],
    [
      "DEB-F541A2E8",
      -9.863063206674726,
      33.20317794988923,
      722.4207808002493
    ],
    [
      "DEB-1F4BA432",
      -11.390812225838557,
      15.934503341557813,
      391.31649663107964
    ],
    [
      "DEB-84ADF560",
      6.8898014142123545,
      -53.41143299536034,
      217.10358448213628
    ],
    [
      "DEB-B8948C5D",
      -11.83534263150566,
      35.75653333540462,
      559.1036414376222
    ],
    [
      "DEB-5A2E730F",
      -43.0534607234218,
      69.95103341218076,
      226.8450895086171
    ],
    [
      "DEB-8F36984F",
      59.83333674368903,
      109.51812408322333,
      338.5974679806168
    ],
    [
      "DEB-640565E9",
      41.16962716345563,
      -11.04462761778972,
      193.8974373402798
    ],
    [
      "DEB-4020260F",
      -67.28302241558019,
      -0.49978517201249645,
      884.3126450699247
    ],
    [
      "DEB-5D57F516",
      30.548634886260405,
      -2.360542454807513,
      606.6856793305487
    ],
    [
      "DEB-BE4F019D",
      32.3886473518575,
      -74.39421073957148,
      562.1839610460565
    ],
    [
      "DEB-AD55FF57",
      38.717938083721634,
      -3.4981481456126606,
      566.0733323481054
    ],
    [
      "DEB-8C8AC880",
      -34.361522871006976,
      -27.800719441538533,
      912.3342984543397
    ],
    [
      "DEB-B727DE43",
      -45.91142571918575,
      147.00351840544283,
      634.0884847422585
    ],
    [
      "DEB-446E87BA",
      -41.06325548006322,
      149.6406441083755,
      598.1071091361473
    ],
    [
      "DEB-3335C27C",
      24.295698105343888,
      -64.83192710380612,
      203.89591414528059
    ],
    [
      "DEB-BEE59CF4",
      -1.5276497488155416,
      -82.88705604231852,
      745.875775076478
    ],
    [
      "DEB-95338F6D",
      19.81301885301656,
      -0.6954962813400882,
      864.7478427904507
    ],
    [
      "DEB-2A441AD7",
      47.865861661589136,
      -71.7118536799293,
      373.8510289199676
    ],
    [
      "DEB-9C6BD652",
      28.323241578218788,
      -65.94459360924515,
      166.7841235240121
    ],
    [
      "DEB-014966D2",
      -47.455739412879964,
      -95.38033667443757,
      380.1944615383263
    ],
    [
      "DEB-0D57158C",
      52.32705131304149,
      -44.639921451166614,
      639.1201494066945
    ],
    [
      "DEB-937E36D7",
      54.662565575695304,
      -8.41425031494825,
      133.6779731656561
    ],
    [
      "DEB-42ED9ED5",
      9.306112990725177,
      46.784294774215425,
      475.9787192384174
    ],
    [
      "DEB-C088D837",
      -13.12462680043693,
      120.93437697312173,
      835.7503995605994
    ],
    [
      "DEB-CDC1EDCC",
      -11.92303201278087,
      -149.60011089162327,
      443.9429249457753
    ],
    [
      "DEB-5153A4AA",
      24.970757563101383,
      -17.200581027015165,
      715.5536977823376
    ],
    [
      "DEB-8D048CA5",
      -79.74341676147615,
      -28.827265781182486,
      693.7334561338657
    ],
    [
      "DEB-0CEB8453",
      -33.158345591687386,
      -97.47727325451491,
      555.8890534139164
    ],
    [
      "DEB-36D02457",
      6.359745489398298,
      -160.21440028022022,
      711.6012325205465
    ],
    [
      "DEB-021BCC57",
      -34.27989131972572,
      -154.04656923963836,
      684.2496456519821
    ],
    [
      "DEB-509F6311",
      6.465254201555786,
      -128.90143568267465,
      414.80168492859775
    ],
    [
      "DEB-39617407",
      23.37445239868796,
      149.22264858160867,
      649.7129244672251
    ],
    [
      "DEB-4445D0F8",
      -4.551463546913589,
      147.99353320563557,
      877.5555208432688
    ],
    [
      "DEB-879AA3F2",
      -50.58376451036337,
      160.531779500757,
      128.3035191146182
    ],
    [
      "DEB-13ACEAB6",
      42.23260191589604,
      -159.3462024774377,
      159.6339175536923
    ],
    [
      "DEB-09976DBC",
      36.91676873691125,
      -157.83410574415993,
      486.61757535235574
    ],
    [
      "DEB-77A5EB0F",
      -11.0004549522359,
      69.23708888354665,
      808.6287487302734
    ],
    [
      "DEB-C26FEB25",
      -3.643143572507603,
      31.166952633176905,
      742.2106632266523
    ],
    [
      "DEB-46F502B7",
      -52.91419381380613,
      125.72012543063252,
      216.3891881624104
    ],
    [
      "DEB-DC5848D9",
      -62.31241569786316,
      58.606590930888146,
      694.7955592090238
    ],
    [
      "DEB-D26942C3",
      -61.69911361844427,
      -131.89899826440376,
      630.3725795004984
    ],
    [
      "DEB-BEB1413B",
      -39.19780364342013,
      171.8886189278034,
      868.0544488411024
    ],
    [
      "DEB-A23C59E6",
      -58.49859965743744,
      -2.4271192269207673,
      285.2477626539003
    ],
    [
      "DEB-0C7CC3BE",
      -26.637315645923227,
      50.43133052293447,
      499.1092243231715
    ],
    [
      "DEB-6CFF671D",
      47.573934344492926,
      -165.09746916399487,
      165.54533988152252
    ],
    [
      "DEB-2C831206",
      63.58234896236344,
      82.81467400324647,
      553.2642102756308
    ],
    [
      "DEB-85C597EF",
      2.6095429230530667,
      -88.78303482846825,
      154.72543366781247
    ],
    [
      "DEB-5E6F3A84",
      -40.23385080865965,
      54.876915702825734,
      897.6526168576611
    ],
    [
      "DEB-79F13959",
      -58.60890120808032,
      50.61828177387547,
      474.9823123642218
    ],
    [
      "DEB-DFF1AB8C",
      65.33513475124751,
      119.68292483722985,
      602.8502604899868
    ],
    [
      "DEB-A2CDA242",
      -49.788258233867246,
      -59.37127679976492,
      211.17937651707416
    ],
    [
      "DEB-5B59A729",
      -42.56586695112329,
      -33.91194865922419,
      797.2966345684654
    ],
    [
      "DEB-F8BEA344",
      11.812356591706044,
      129.45081673686573,
      619.7489511279282
    ],
    [
      "DEB-75478BEF",
      -26.48309509922516,
      49.666204367951664,
      773.6671488364964
    ],
    [
      "DEB-B6ADBFC0",
      -44.827869120139795,
      105.8034415743679,
      637.632362503
    ],
    [
      "DEB-320AFEAD",
      33.87575575424421,
      -148.76508543817687,
      689.9429352548705
    ],
    [
      "DEB-8A39324D",
      -41.219164295225674,
      -73.65864750805613,
      710.0972566569635
    ],
    [
      "DEB-95675812",
      13.78237821453808,
      62.335790437152795,
      431.31990115278404
    ],
    [
      "DEB-02B1D585",
      -26.402912740270736,
      -147.64367903487343,
      456.77060401430026
    ],
    [
      "DEB-A0B6C4DB",
      39.82531796066293,
      -71.04609171000892,
      710.7282621376917
    ],
    [
      "DEB-239DFC99",
      6.697773135678347,
      -64.55890838970669,
      394.67486020298657
    ],
    [
      "DEB-B5237DB8",
      -26.793408889434765,
      -162.91933040796968,
      632.7900714876951
    ],
    [
      "DEB-C3F027AB",
      -38.336208987665934,
      111.48616985227473,
      586.2759558645648
    ],
    [
      "DEB-4D330B80",
      -24.57810287020098,
      114.76799269154753,
      431.92335079094937
    ],
    [
      "DEB-B28D6621",
      -2.374411664022877,
      -150.35986486297537,
      220.3339899254588
    ],
    [
      "DEB-E2878480",
      -2.0517187959753214,
      165.92496686883,
      700.7197435766402
    ],
    [
      "DEB-146D6181",
      -29.703283996607052,
      -33.753648001985404,
      283.3134498853551
    ],
    [
      "DEB-09F8E95E",
      3.8211430367467,
      4.110400956455322,
      145.0040113963505
    ],
    [
      "DEB-ADA7C410",
      -26.911721463142655,
      -160.7195382897977,
      875.0745598939429
    ],
    [
      "DEB-A4814D33",
      -31.051744291224693,
      25.112818120640533,
      411.45237150946105
    ],
    [
      "DEB-6A2702A3",
      21.454087332801734,
      -117.52877173344592,
      542.2280068503251
    ],
    [
      "DEB-7CC4CC95",
      -66.42334560531651,
      -66.70325954258733,
      418.2251521875278
    ],
    [
      "DEB-69E38544",
      -21.52139432583297,
      -51.1847372085289,
      491.31179045217687
    ],
    [
      "DEB-FCFA5956",
      -12.210529752252896,
      1.680076404811344,
      687.5939395311125
    ],
    [
      "DEB-840CE555",
      -12.217557378292353,
      160.8712078680876,
      340.8813368046367
    ],
    [
      "DEB-89BD7168",
      -10.267727318904212,
      -137.68492510382185,
      248.77468041265274
    ],
    [
      "DEB-32BD7F5F",
      66.47492010722951,
      17.333786301516504,
      546.6804110100602
    ],
    [
      "DEB-5F67AA5A",
      7.667357599949107,
      -124.09820338503305,
      314.2695942603632
    ],
    [
      "DEB-3AE28024",
      49.18082733485599,
      131.5430733768869,
      160.1342226064562
    ],
    [
      "DEB-AD8AC845",
      -34.214680353472474,
      -83.43555803467595,
      492.76772993085706
    ],
    [
      "DEB-91B8057B",
      5.812050934385805,
      -99.45822311706246,
      550.6495537835353
    ],
    [
      "DEB-AEF7B389",
      9.013398467187391,
      21.665198579373214,
      171.62379021624474
    ],
    [
      "DEB-AD26C4D0",
      10.742040179623084,
      -57.60527369115658,
      652.7859070076374
    ],
    [
      "DEB-854FE62D",
      44.160428070721814,
      -66.45709432998098,
      726.6862705136937
    ],
    [
      "DEB-41440D01",
      -30.123993530026812,
      -154.76120184651165,
      512.3884258257713
    ],
    [
      "DEB-D8AF7F17",
      -36.96998834130268,
      56.159484941252146,
      591.9912843178008
    ],
    [
      "DEB-8EB1424A",
      54.18937430014109,
      141.80618143373493,
      261.5666652556747
    ],
    [
      "DEB-EE715150",
      -58.23832669300789,
      126.23977059573411,
      754.5890649693038
    ],
    [
      "DEB-6C4F2928",
      5.990219670277798,
      -25.723067321366024,
      346.4085572061322
    ],
    [
      "DEB-04FAC435",
      49.403449654736086,
      4.3482961899331265,
      287.041827621063
    ],
    [
      "DEB-AF2F56F8",
      -38.68844368333768,
      -155.5626456837287,
      643.1394044759381
    ],
    [
      "DEB-6F68F55C",
      41.93361431847999,
      -136.7961451929377,
      145.6884543094693
    ],
    [
      "DEB-4D03C262",
      52.35574484429918,
      41.92630661260993,
      200.73821033616514
    ],
    [
      "DEB-0BCB1158",
      36.00900385963355,
      -49.5090330794214,
      249.57741951686148
    ],
    [
      "DEB-5FA93F0C",
      -0.29427682789009674,
      100.80425948812663,
      514.2392650757629
    ],
    [
      "DEB-8593CC64",
      -37.08198919071838,
      -129.2090888591968,
      878.7659741609359
    ],
    [
      "DEB-454B8077",
      -18.768387012617318,
      -164.12462324678725,
      588.6189708509692
    ],
    [
      "DEB-6F9BBC14",
      36.22936800562141,
      -135.05571471551514,
      881.8785385108185
    ],
    [
      "DEB-DDFA7A90",
      36.700784072224906,
      -48.276613289204924,
      585.8873037214362
    ],
    [
      "DEB-40FD971F",
      4.595720394635828,
      83.87428186863137,
      221.58425120856282
    ],
    [
      "DEB-B2DE9A60",
      16.196567366317215,
      29.902510998987804,
      301.8102343565597
    ],
    [
      "DEB-5AB8B260",
      -7.22434362101195,
      66.02452230605748,
      453.5323186450114
    ],
    [
      "DEB-F8C7B6FA",
      -25.53749862283708,
      27.489351031563153,
      611.8788030714695
    ],
    [
      "DEB-F898EE96",
      -22.3672792130207,
      -130.51908410265122,
      185.98666928755574
    ],
    [
      "DEB-7D1414EB",
      53.51089557853756,
      150.63173771204725,
      531.8131466440273
    ],
    [
      "DEB-8A8FCE15",
      -1.763837806107824,
      87.65457688275278,
      325.634615514894
    ],
    [
      "DEB-49C9868A",
      -3.957415884205541,
      106.83637611833923,
      355.6499565334607
    ],
    [
      "DEB-9D6B4F70",
      -14.077492836341818,
      -137.77350860794795,
      571.5390843433725
    ],
    [
      "DEB-E3AFDCD6",
      -19.926727332925264,
      -43.58304292776736,
      437.97067941487967
    ],
    [
      "DEB-7816116A",
      81.1338031235135,
      -130.01522762110943,
      305.3038416087893
    ],
    [
      "DEB-BB6BB4B1",
      -67.91638606012343,
      154.91841484743583,
      334.03506820351686
    ],
    [
      "DEB-0CAE710B",
      47.92225309243756,
      142.7258964816316,
      620.4627777266087
    ],
    [
      "DEB-62F31481",
      56.6056338578784,
      -25.87760702925617,
      352.0644376759219
    ],
    [
      "DEB-2F35455F",
      -44.605171589060056,
      72.09053232765407,
      235.06518131743996
    ],
    [
      "DEB-7F799597",
      9.999284173863526,
      -31.23220764276314,
      610.2684291728501
    ],
    [
      "DEB-67ED6EC6",
      56.924545524420374,
      -131.30976134929773,
      571.24746938928
    ],
    [
      "DEB-FAD71738",
      -34.985450091597876,
      -13.71889069087916,
      509.012879577951
    ],
    [
      "DEB-3D08EF5B",
      -86.23544195093565,
      43.99969460244643,
      291.8222137045823
    ],
    [
      "DEB-A4D42FA7",
      7.392909555442095,
      -143.65455030983537,
      312.1754740532515
    ],
    [
      "DEB-94B606C0",
      -27.930784960895284,
      24.5359971376102,
      154.6253874321119
    ],
    [
      "DEB-33D69499",
      22.307430825640306,
      64.91423013303753,
      833.6559789172015
    ],
    [
      "DEB-E9AEA81A",
      -31.523592100368997,
      63.307943069419906,
      525.6467324694704
    ],
    [
      "DEB-B4F60DB5",
      -40.62832360895753,
      -84.531329059731,
      144.9077059035917
    ],
    [
      "DEB-E9F57959",
      25.460358212391572,
      59.1482192839493,
      907.07554838134
    ],
    [
      "DEB-14970E29",
      -24.189748215603327,
      -117.56794209878774,
      456.43925418482104
    ],
    [
      "DEB-B1FD1EAF",
      20.86982566296608,
      -106.34302007678775,
      336.09037645448643
    ],
    [
      "DEB-19853B96",
      -42.91088330046203,
      151.56867591374368,
      713.8973351247078
    ],
    [
      "DEB-BB124B45",
      22.367616454503832,
      55.113934430400505,
      439.4071873963567
    ],
    [
      "DEB-36908804",
      -51.41867475573575,
      -64.18016641424163,
      749.1289243305664
    ],
    [
      "DEB-F2803787",
      -24.22381238481007,
      -47.39364443730929,
      417.7170593387873
    ],
    [
      "DEB-E08BC549",
      -17.035653808532476,
      -83.1733887315096,
      231.5632486208624
    ],
    [
      "DEB-2D25CA64",
      15.923068291728423,
      148.27367642353832,
      754.4978472789053
    ],
    [
      "DEB-6A97D9BE",
      39.933272175948,
      -24.684906030866717,
      613.0187175888104
    ],
    [
      "DEB-E211EA8D",
      -37.34850531197119,
      125.21133752907626,
      371.5965290905451
    ],
    [
      "DEB-7B02CC1A",
      57.517302561450066,
      0.032092958470088986,
      177.24416581020523
    ],
    [
      "DEB-30BCB64D",
      -11.51791404939767,
      -128.6440001809805,
      271.29385961492153
    ],
    [
      "DEB-DE296435",
      56.416410306855354,
      137.267962178436,
      548.3291230006662
    ],
    [
      "DEB-58EEDB8E",
      -61.41362775181389,
      -145.6338883247403,
      773.6006387782281
    ],
    [
      "DEB-BE3700B3",
      30.292258844669476,
      -139.56150634008716,
      383.82195674363084
    ],
    [
      "DEB-D5170236",
      -49.20577786560958,
      -156.10316710432207,
      783.7114757378704
    ],
    [
      "DEB-ADD1741A",
      7.131308074055244,
      -17.394622651841214,
      460.31647017923933
    ],
    [
      "DEB-00798AF0",
      -9.158231860503035,
      1.3328070368563307,
      435.6478683451305
    ],
    [
      "DEB-D1F4316C",
      -4.336755023457585,
      79.24350435510976,
      788.8942247462273
    ],
    [
      "DEB-2ECD9383",
      -77.93413635921173,
      42.64120346237994,
      417.3994976250333
    ],
    [
      "DEB-E0C1F0EB",
      -44.323493520085286,
      -63.017627276397754,
      330.9619915693538
    ],
    [
      "DEB-81253079",
      -29.51856396009936,
      -131.21490951362233,
      397.9854776189886
    ],
    [
      "DEB-075E5C50",
      -8.036296143233452,
      -157.64008486296072,
      184.3185107982108
    ],
    [
      "DEB-1BA8D187",
      3.7720589500738306,
      -169.76654379648664,
      288.4887957162555
    ],
    [
      "DEB-38A75F7C",
      81.09059963804214,
      -173.5573785867074,
      787.2674171794561
    ],
    [
      "DEB-56A417BE",
      18.931931976077067,
      -107.77349388521091,
      341.34687011085316
    ],
    [
      "DEB-BFB71D63",
      -13.715034813236745,
      57.765871633809596,
      418.7400506020158
    ],
    [
      "DEB-3D17E540",
      66.53091922224976,
      164.99892310701955,
      126.3712891754858
    ],
    [
      "DEB-569FF74A",
      23.41734667855341,
      -28.020757111140007,
      622.8104582505139
    ],
    [
      "DEB-56FB27AD",
      -33.711875422211335,
      179.9939065026303,
      580.9745653931586
    ],
    [
      "DEB-ECFFDF5F",
      -66.58516982787876,
      -1.3911037163242381,
      723.3573861246423
    ],
    [
      "DEB-CF856627",
      -44.16380548721116,
      -89.96025056359129,
      362.4605075698728
    ],
    [
      "DEB-1BC4F337",
      -69.81115862894738,
      -37.049642348202845,
      202.6805269987144
    ],
    [
      "DEB-AB042B24",
      -57.35666360090906,
      6.905618546450528,
      891.974884540592
    ],
    [
      "DEB-32B188FD",
      -26.421625398788795,
      -154.99877817350662,
      401.03771604605754
    ],
    [
      "DEB-686824F3",
      1.4583348640215008,
      -146.12450976236096,
      733.231520088374
    ],
    [
      "DEB-BA8CE8BD",
      22.037572158620502,
      -62.375613834901465,
      835.352264851048
    ],
    [
      "DEB-E53FDF1D",
      7.958230642172669,
      -109.95609333674933,
      703.8945422832121
    ],
    [
      "DEB-95748C99",
      -49.20855751177237,
      -14.311402528196787,
      246.9788932249421
    ],
    [
      "DEB-61B828FE",
      6.174228738651729,
      45.468821386878915,
      402.3753070188268
    ],
    [
      "DEB-2AE30D2D",
      69.3609778995608,
      0.9093215609223637,
      420.9682991610416
    ],
    [
      "DEB-6A493A57",
      64.99566565279264,
      94.16392740209402,
      410.92155596001885
    ],
    [
      "DEB-B1FC0FDA",
      -22.95443708077351,
      112.33125262528053,
      631.5559677712263
    ],
    [
      "DEB-64588FDD",
      -28.656711031989207,
      -108.8184037763344,
      465.38191996489604
    ],
    [
      "DEB-535D4855",
      0.15029134900156033,
      57.82390145422687,
      388.44792202085864
    ],
    [
      "DEB-1666AB7E",
      -1.5662063592931557,
      -13.166224585192552,
      187.7912924300208
    ],
    [
      "DEB-9B18F383",
      -51.39891068359418,
      156.00268435254432,
      883.3610242900095
    ],
    [
      "DEB-B6D67CC4",
      -40.663889630906596,
      53.795675588386196,
      530.0158575149517
    ],
    [
      "DEB-4CE37799",
      -69.2185720214802,
      -65.75712470985313,
      565.4941378450776
    ],
    [
      "DEB-297E4ED1",
      -45.94202038745223,
      105.85092339228439,
      533.6722289165555
    ],
    [
      "DEB-AEA8288E",
      0.8896793579711472,
      106.07549139812201,
      548.3508692574369
    ],
    [
      "DEB-46BF8637",
      -23.46983305600069,
      172.54763411445134,
      602.0598070671795
    ],
    [
      "DEB-E5CABEC5",
      48.73375044229494,
      -29.240340874495505,
      160.22752980176756
    ],
    [
      "DEB-B4BBB0C8",
      -14.694878835827112,
      118.5431551280452,
      409.0965575665932
    ],
    [
      "DEB-8C515945",
      17.313029765899852,
      125.67026362448735,
      622.865963251299
    ],
    [
      "DEB-C9812FCB",
      -12.947591483983178,
      -10.152237149897248,
      677.1155660872782
    ],
    [
      "DEB-C03972B7",
      73.91160992216545,
      -118.66636057030796,
      674.7912905243174
    ],
    [
      "DEB-DF0CCC1B",
      -22.49959312957473,
      -93.88215952974772,
      290.21864057107814
    ],
    [
      "DEB-1B7ABCE2",
      14.901838853314217,
      -19.926244942901114,
      449.28267549852717
    ],
    [
      "DEB-1030D41E",
      -16.45495135201157,
      68.42238305179919,
      203.27545750398895
    ],
    [
      "DEB-217A02EF",
      31.44735611617356,
      156.54696345584264,
      234.81108520597627
    ],
    [
      "DEB-B652CC65",
      5.468458846655942,
      -153.15461858299676,
      891.390651640414
    ],
    [
      "DEB-62F1B55E",
      -26.50784624544206,
      105.18351005792356,
      636.6956803407766
    ],
    [
      "DEB-9B8BD257",
      12.390940583643227,
      -113.18779433767062,
      715.4823998204274
    ],
    [
      "DEB-76339229",
      28.308101010217218,
      -138.86612443793032,
      338.90152550165294
    ],
    [
      "DEB-53EC9675",
      7.672800887883166,
      40.32227073564868,
      803.1920548533981
    ],
    [
      "DEB-755B0023",
      -70.0731728878975,
      160.09299939372738,
      794.5318183917188
    ],
    [
      "DEB-EB6C5424",
      35.21989410143665,
      156.8861452798479,
      859.6016069741636
    ],
    [
      "DEB-A4FD2169",
      11.431929223487124,
      148.46204930417028,
      415.16538022152326
    ],
    [
      "DEB-0414EE14",
      10.642989594963227,
      43.56565562120274,
      896.7481120099919
    ],
    [
      "DEB-391F503E",
      -27.19776874902061,
      91.58637522451079,
      337.79535096664495
    ],
    [
      "DEB-2602A464",
      73.252796286811,
      88.45617054420539,
      614.0451664020729
    ],
    [
      "DEB-9704CF42",
      -57.428991548914475,
      135.39489773591717,
      909.4061696176705
    ],
    [
      "DEB-6D8E42A1",
      -34.80051457396627,
      19.61459801211449,
      802.8300031925946
    ],
    [
      "DEB-0CC2E865",
      -13.686258207086507,
      165.43237808998816,
      258.1280636743586
    ],
    [
      "DEB-0606F5D6",
      -26.680947354414347,
      -161.97520781556545,
      217.14057382873943
    ],
    [
      "DEB-FDFC469C",
      -40.08884312090725,
      -147.76902159699495,
      651.0309408475177
    ],
    [
      "DEB-223804A5",
      -84.8722095366274,
      -35.11449963074908,
      268.9048562526086
    ],
    [
      "DEB-25197489",
      -25.675493530128627,
      -60.49429514178527,
      583.4090454684692
    ],
    [
      "DEB-3D6517E6",
      -57.75124740844499,
      -37.734883973423635,
      515.7672394051251
    ],
    [
      "DEB-6B644471",
      -41.147170313149545,
      -0.5341367820520448,
      222.8554382569282
    ],
    [
      "DEB-0B13C132",
      83.94873956321892,
      -129.8875542364041,
      787.39803155766
    ],
    [
      "DEB-5BFFB312",
      -21.433896811944294,
      178.03402634220657,
      594.3894959820127
    ],
    [
      "DEB-B577C115",
      -24.069605732391985,
      -15.905027159101849,
      679.4770755235932
    ],
    [
      "DEB-B64FF428",
      56.48840049651051,
      162.1281943380635,
      355.5244163645357
    ],
    [
      "DEB-7348163D",
      -9.90685134927435,
      73.41613131357981,
      370.15234947679437
    ],
    [
      "DEB-84BDFBB5",
      -4.007849967966157,
      -5.1915741808352545,
      107.52004752682751
    ],
    [
      "DEB-D6A27AF1",
      25.065367106659465,
      -26.623360627369408,
      511.215870303231
    ],
    [
      "DEB-6A5294FE",
      -31.337836560175653,
      -18.206933001102644,
      273.96778742340484
    ],
    [
      "DEB-6457AEF7",
      -30.53634397795803,
      92.20522914587886,
      243.8492133047166
    ],
    [
      "DEB-8824DC80",
      56.90779549155582,
      -123.53308183160591,
      310.5680202748863
    ],
    [
      "DEB-7FEA1319",
      37.02752125740867,
      11.337349889960954,
      241.02238048770232
    ],
    [
      "DEB-D76FDCC6",
      -10.175260162897356,
      -158.23935924983974,
      407.7474866616203
    ],
    [
      "DEB-E31E5EE6",
      -41.07755205023116,
      64.79734279385437,
      448.1590161967515
    ],
    [
      "DEB-C5E3AF2B",
      20.10993813893152,
      7.77841004738225,
      468.35980905878387
    ],
    [
      "DEB-C6D843DA",
      32.91726678003225,
      24.860578118277083,
      825.8636733529129
    ],
    [
      "DEB-C8381113",
      -26.872821081789578,
      -78.2550575870914,
      853.5270485497276
    ],
    [
      "DEB-6DC8AE06",
      24.52903289296801,
      63.3272452418987,
      865.0980872344735
    ],
    [
      "DEB-13383659",
      -59.690369877830456,
      -153.49419600181224,
      452.54982599721006
    ],
    [
      "DEB-B506AC71",
      14.604824951159983,
      10.224171855845425,
      766.1425163839403
    ],
    [
      "DEB-69E83D6F",
      10.574484072941868,
      -98.01090643534675,
      908.3712257199168
    ],
    [
      "DEB-14C730A0",
      38.40063708648077,
      178.08717067725632,
      625.2375361563654
    ],
    [
      "DEB-C93E6147",
      32.937624813939394,
      62.30183536863407,
      753.1657313924197
    ],
    [
      "DEB-0C90181B",
      -2.142075126431594,
      -165.74874224077976,
      443.6771744038688
    ],
    [
      "DEB-734E45C1",
      58.34659402955775,
      -53.1249708669677,
      752.4939087739904
    ],
    [
      "DEB-126BA314",
      -48.24671958821966,
      145.61602756790896,
      662.9097592395283
    ],
    [
      "DEB-47FEC63C",
      -26.98077935633492,
      -147.73932336461465,
      269.51791886327464
    ],
    [
      "DEB-A4B5E2C2",
      -6.697154889178918,
      126.84512718484721,
      458.2084487254215
    ],
    [
      "DEB-8DF7061E",
      33.863520844533795,
      156.53039727668306,
      328.8879408920311
    ],
    [
      "DEB-00EFF832",
      -46.44433243595627,
      -119.91903325771848,
      346.5090810236461
    ],
    [
      "DEB-99D4C891",
      -45.63028568203676,
      4.6267219441317025,
      589.303800443332
    ],
    [
      "DEB-1B1F1920",
      -8.152211592619624,
      -72.7213388405378,
      559.0606674527435
    ],
    [
      "DEB-2B6AD225",
      -25.60844889161042,
      -124.2501065658348,
      145.2909215633581
    ],
    [
      "DEB-1A618CC5",
      -47.232405828515766,
      15.354803037661767,
      485.2020563559481
    ],
    [
      "DEB-7393ACB8",
      80.78124047772323,
      2.4186006689513126,
      586.4571836805262
    ],
    [
      "DEB-F8CA43A2",
      82.86003678630411,
      -72.59605026293075,
      376.4954005283398
    ],
    [
      "DEB-C25CB078",
      7.7036233432403325,
      107.11731532873726,
      825.7288298422627
    ],
    [
      "DEB-4D5EB4F8",
      20.578375158939288,
      29.80775104123749,
      455.0266629627158
    ],
    [
      "DEB-59E1D40C",
      -11.645720801949059,
      -5.696273077875304,
      301.89251164033794
    ],
    [
      "DEB-A7E92F6A",
      38.41968872896718,
      171.69114018145277,
      199.96444390926445
    ],
    [
      "DEB-B2333570",
      26.007052629483095,
      146.7416190491929,
      272.2567431245543
    ],
    [
      "DEB-5F37D13F",
      -20.704136666272586,
      -35.91033282801171,
      301.306043426177
    ],
    [
      "DEB-3C1778D8",
      -4.258782548630711,
      56.68287232489628,
      553.7929522587874
    ],
    [
      "DEB-BED95200",
      -21.768235105600056,
      -112.53798314302894,
      590.4992538521301
    ],
    [
      "DEB-E16FC451",
      65.89537585338901,
      -81.09828121014407,
      307.1857300547281
    ],
    [
      "DEB-F433EFD7",
      40.94220038967297,
      -1.3505793573215343,
      123.5744614049081
    ],
    [
      "DEB-5B89392F",
      -37.613772682523226,
      -153.7845994109009,
      625.2937986804936
    ],
    [
      "DEB-A7A5D8CF",
      1.3268201913711501,
      -78.42038357030452,
      724.5776099047071
    ],
    [
      "DEB-3B039D6F",
      34.428915145823765,
      147.6003852632544,
      167.31497637625762
    ],
    [
      "DEB-4753AA07",
      -18.153366910295773,
      -53.84482350247275,
      547.5874897061358
    ],
    [
      "DEB-2B9FA3A5",
      -35.857167814488804,
      77.84913124908572,
      618.8505315978828
    ],
    [
      "DEB-F0562961",
      40.046254920202706,
      -71.67790314453899,
      658.5681736496063
    ],
    [
      "DEB-DCE46909",
      -35.434315713321936,
      153.07398215815988,
      859.2135782639971
    ],
    [
      "DEB-663D5AE1",
      67.76415889844088,
      -151.9054371541327,
      334.6891708481462
    ],
    [
      "DEB-7817920D",
      0.9319918811417024,
      -118.86978943312617,
      667.7420631264222
    ],
    [
      "DEB-E87A4E46",
      37.580973122023096,
      -115.87517730695743,
      464.69405821737746
    ],
    [
      "DEB-EFE9334B",
      -4.84950344434529,
      135.47884713429636,
      299.3294183579328
    ],
    [
      "DEB-07AD5E00",
      -12.759009148242459,
      -84.45592711058936,
      280.2738281352058
    ],
    [
      "DEB-9511BF3E",
      16.64358022214632,
      7.081984977624349,
      867.8080094213728
    ],
    [
      "DEB-D7D3C640",
      46.088459352158985,
      106.23575403990115,
      656.4777666454411
    ],
    [
      "DEB-D4ED6826",
      -5.321203933336951,
      120.53888391504377,
      848.4860452682888
    ],
    [
      "DEB-166E51FC",
      -71.83722250433577,
      152.4562590182099,
      518.7962222918732
    ],
    [
      "DEB-7230FB5B",
      -62.92008398955148,
      -177.41470542509376,
      844.1922466239494
    ],
    [
      "DEB-F587827D",
      6.238210098623742,
      130.98221922617637,
      574.226567346559
    ],
    [
      "DEB-74129FA1",
      11.792806102907296,
      79.43254915511574,
      752.3481252737465
    ],
    [
      "DEB-EF5C62BD",
      56.38593317380727,
      -45.43531515244345,
      432.6033130488313
    ],
    [
      "DEB-4B33479B",
      -38.688200758222045,
      170.789449038672,
      727.5044857099128
    ],
    [
      "DEB-D737B22D",
      26.819317507234523,
      -158.2137943280567,
      328.88699643934433
    ],
    [
      "DEB-37F1C692",
      -77.6773897478438,
      82.03344518775025,
      352.2248763466796
    ],
    [
      "DEB-CDAAAF40",
      74.17161961426672,
      26.399116274316608,
      443.32887353457136
    ],
    [
      "DEB-15A0D30F",
      -5.143977500061804,
      108.6082293906056,
      702.7223337438427
    ],
    [
      "DEB-CAC88C89",
      14.253465693085412,
      48.43673844675647,
      229.30984036572772
    ],
    [
      "DEB-5DB6B288",
      -52.671372057930185,
      -136.2193009800791,
      361.48948611746164
    ],
    [
      "DEB-65347376",
      -69.14053752583962,
      112.42858314002545,
      646.7519207448468
    ],
    [
      "DEB-66E7D56F",
      50.45580829946717,
      148.37477199680345,
      455.1423742448969
    ],
    [
      "DEB-5F6381F6",
      38.10291638384146,
      -74.7661112764085,
      245.92501240627098
    ],
    [
      "DEB-D8DBF0EB",
      3.6085182651297796,
      95.35815248648618,
      469.86270442357454
    ],
    [
      "DEB-396EF50F",
      -58.634617375752924,
      -77.00603473836092,
      688.0209955023638
    ],
    [
      "DEB-91FA0451",
      -54.70135604145278,
      117.44504905744739,
      193.2429230887692
    ],
    [
      "DEB-9AF55C9C",
      -55.00977328757874,
      110.14023454150725,
      241.0750142672132
    ],
    [
      "DEB-EB8AC4EB",
      4.929883354620005,
      -24.73529753254265,
      182.02335642240905
    ],
    [
      "DEB-F6C18959",
      -18.5144876856738,
      50.29224246996574,
      501.68373433113084
    ],
    [
      "DEB-8E417842",
      65.02422654629754,
      162.80047901214047,
      247.45033068612156
    ],
    [
      "DEB-01C26CE4",
      -32.7681070969918,
      -125.88704445705848,
      760.2073108041604
    ],
    [
      "DEB-21B072E3",
      54.05298854483999,
      94.56864176905302,
      167.29728982720098
    ],
    [
      "DEB-B84D8E36",
      -13.10857529556509,
      -120.54687908629421,
      883.381936680471
    ],
    [
      "DEB-3DF7424F",
      29.258660201003828,
      119.38609903339656,
      668.0842545922978
    ],
    [
      "DEB-20C14CBE",
      -51.469117350283746,
      166.6765132453512,
      436.9461495848973
    ],
    [
      "DEB-97FC9673",
      5.397881445443769,
      -152.85818720288276,
      153.98481654644274
    ],
    [
      "DEB-FF47527D",
      38.148154084816525,
      150.04158203362297,
      456.85684246101755
    ],
    [
      "DEB-B1454597",
      -33.70040590740701,
      -3.160879273816375,
      309.106257731406
    ],
    [
      "DEB-98E4B413",
      -79.19097065202078,
      -36.44033546248135,
      633.4517759937135
    ],
    [
      "DEB-88D7DCCA",
      4.03309344346153,
      -134.05341963244786,
      670.4345782537912
    ],
    [
      "DEB-7EC3B865",
      -3.7733865879813386,
      -78.01908917218626,
      882.4763606238348
    ],
    [
      "DEB-F5986AD3",
      26.72299297299168,
      161.1300963110593,
      821.397948120396
    ],
    [
      "DEB-89208BB4",
      45.89027198141478,
      101.5832294236492,
      852.9482735771571
    ],
    [
      "DEB-7BBA46AE",
      58.88233325251137,
      41.60498774038789,
      685.4690271262716
    ],
    [
      "DEB-74ECCF14",
      -34.76949241184694,
      -23.708149292220842,
      633.548651066797
    ],
    [
      "DEB-24EBAE31",
      28.93688147351013,
      40.26793517589055,
      681.9772676846296
    ],
    [
      "DEB-73831FA6",
      28.764553728474027,
      -5.4659026079022155,
      455.3839604126779
    ],
    [
      "DEB-296284F6",
      26.108920807140827,
      -22.96518160996338,
      487.11169395016805
    ],
    [
      "DEB-6EB2D034",
      45.58294852894047,
      81.69219822377299,
      856.1576879907316
    ],
    [
      "DEB-0FB88D28",
      -16.010336742923162,
      157.76429805128046,
      762.9658548369653
    ],
    [
      "DEB-28B3D79E",
      -22.961187669332904,
      -121.15001558052437,
      802.7349520676044
    ],
    [
      "DEB-4F47B660",
      56.21425748585189,
      -154.88547458685647,
      262.0161486593797
    ],
    [
      "DEB-1B745D61",
      8.196273256861206,
      4.826221371769758,
      448.8931207095402
    ],
    [
      "DEB-3A3CC0C8",
      58.82366729008852,
      39.768138196496125,
      496.49758418624333
    ],
    [
      "DEB-9D5F26BF",
      -15.43386030670096,
      -19.780649652321124,
      191.6846724948391
    ],
    [
      "DEB-6149908F",
      -56.714897239281754,
      110.62190318224816,
      542.9086934715124
    ],
    [
      "DEB-4655B6D3",
      9.020848651380316,
      112.39874080221935,
      754.5301374202127
    ],
    [
      "DEB-2513F11B",
      52.6072442061707,
      -135.7208568000843,
      620.3947227145836
    ],
    [
      "DEB-E2644407",
      -2.9373048776015005,
      165.64048847306694,
      902.4641849108639
    ],
    [
      "DEB-BFE8A52C",
      25.053046859441768,
      -137.68160783069882,
      523.1581704780774
    ],
    [
      "DEB-1709156B",
      74.37717287017671,
      37.112442220898366,
      819.5254537055062
    ],
    [
      "DEB-59D280CE",
      14.650678337173103,
      128.10442856582048,
      247.08765040908474
    ],
    [
      "DEB-10F74339",
      13.929298828960519,
      -106.41493283328177,
      379.92354230120236
    ],
    [
      "DEB-006EE401",
      54.98235007809199,
      -7.083031463336008,
      531.4634553643127
    ],
    [
      "DEB-F99AD441",
      69.73871754997094,
      -118.73296753440985,
      320.26059763078683
    ],
    [
      "DEB-9BA178B2",
      54.21281665498399,
      161.95033926038892,
      396.5924401433567
    ],
    [
      "DEB-D1E1A094",
      9.305478320723282,
      -178.05059933503236,
      256.7339162019589
    ],
    [
      "DEB-BE048BFA",
      -30.402990632692827,
      -64.08958967265242,
      401.58363124260904
    ],
    [
      "DEB-47AB95C2",
      27.663116386314076,
      -108.59640008404017,
      324.7659859782725
    ],
    [
      "DEB-D5FE5837",
      4.131803972614594,
      -96.01517419570226,
      513.2534474505255
    ],
    [
      "DEB-4ACE0BC2",
      10.649696941350191,
      -126.11119770401791,
      516.3822985743327
    ],
    [
      "DEB-B37DCF51",
      -41.385211487521275,
      31.24935584463301,
      577.8676728489027
    ],
    [
      "DEB-61751BB8",
      -69.08665802393145,
      141.03108025613375,
      895.06945016175
    ],
    [
      "DEB-1165E585",
      47.921428295013634,
      72.69254445420837,
      751.1872979597347
    ],
    [
      "DEB-8BAE9412",
      2.0997542040471933,
      154.0706259400243,
      525.7793853246094
    ],
    [
      "DEB-E35A5989",
      22.332299244018238,
      -134.0231635978816,
      684.0365817198335
    ],
    [
      "DEB-6A95CBF8",
      -58.773569788003186,
      149.63293338088647,
      231.2616189190412
    ],
    [
      "DEB-C52DF001",
      -57.820431101694666,
      -16.797874500330273,
      671.579716521559
    ],
    [
      "DEB-CC14B9C1",
      -57.97830715147936,
      89.8106775154264,
      811.9818044062185
    ],
    [
      "DEB-C157F861",
      -66.27134753147429,
      98.02908719110985,
      561.5477676844257
    ],
    [
      "DEB-995C14F3",
      -19.625894406465797,
      102.21879571288352,
      638.6179213299783
    ],
    [
      "DEB-6648EFD9",
      34.051268925622956,
      -131.63462187947562,
      157.91939195587474
    ],
    [
      "DEB-ABFFFAE5",
      55.45204327972074,
      34.34125178626401,
      778.0402526226753
    ],
    [
      "DEB-F0F9C131",
      -32.93375312503882,
      45.886944664472445,
      565.5154235868631
    ],
    [
      "DEB-FEA98A2B",
      54.678677238880134,
      36.757220493436094,
      368.71724098081086
    ],
    [
      "DEB-8F0075C2",
      52.745019138573596,
      35.15383537351102,
      645.0900882781343
    ],
    [
      "DEB-67746E55",
      44.10529100840678,
      24.00854699956786,
      227.21848852506537
    ],
    [
      "DEB-A7DAE7FB",
      -59.255098245607186,
      78.02864520044963,
      641.341782755133
    ],
    [
      "DEB-82F40FD9",
      -25.208783050762015,
      90.46028204690641,
      430.760236159691
    ],
    [
      "DEB-35FCCACF",
      31.321022529414847,
      128.60424933831868,
      204.38690486732503
    ],
    [
      "DEB-4605AD24",
      11.842854779462753,
      138.28391845946592,
      194.54990334871582
    ],
    [
      "DEB-8BC423F3",
      -8.635389246242346,
      56.937247749334034,
      384.63399860859136
    ],
    [
      "DEB-5B73BE5D",
      -7.493367194653984,
      -49.336379569568905,
      351.2059896530727
    ],
    [
      "DEB-9FEA34BC",
      -27.57218826815798,
      156.3609842931264,
      167.0250793792511
    ],
    [
      "DEB-DE549F8E",
      5.893988730242999,
      -110.64533124551986,
      502.92272449112534
    ],
    [
      "DEB-EDE9D9FC",
      -51.86037557466685,
      69.31877007698047,
      735.3598685270426
    ],
    [
      "DEB-9DEE61B5",
      30.64594827495682,
      -18.57123626093934,
      724.5729395935159
    ],
    [
      "DEB-B8A8A13B",
      -22.4717813028974,
      147.36812473808462,
      337.911312667733
    ],
    [
      "DEB-8334840D",
      29.762160430705617,
      -13.18342210229761,
      725.6346064627578
    ],
    [
      "DEB-F716348E",
      -1.925224002620569,
      91.94142441155724,
      150.70405048604243
    ],
    [
      "DEB-60EF56D2",
      89.13464583078662,
      -18.425019335307482,
      303.0969421997006
    ],
    [
      "DEB-FAD5E789",
      -31.768806296336816,
      -168.6705152090921,
      776.6055130762998
    ],
    [
      "DEB-3E2875D5",
      4.8890652661129295,
      125.58620518153447,
      728.1532755607159
    ],
    [
      "DEB-D62F70D3",
      -13.565460320542028,
      -155.21894405484005,
      541.8383824765724
    ],
    [
      "DEB-3CEF81D3",
      -11.247920220830176,
      -129.27625649949843,
      643.8078250271974
    ],
    [
      "DEB-8FB809F8",
      81.47718850747728,
      123.7530997144507,
      420.2645623696617
    ],
    [
      "DEB-C907A993",
      0.21812471568674513,
      -101.7703214031041,
      224.3786514052099
    ],
    [
      "DEB-357DE385",
      48.704347576995886,
      -45.35772538842591,
      568.129769897515
    ],
    [
      "DEB-F68CC501",
      -37.254383218991855,
      132.11721996611882,
      326.7194857338545
    ],
    [
      "DEB-CB99436D",
      69.60682483092985,
      -82.64463103225631,
      200.0272978352623
    ],
    [
      "DEB-B0C22793",
      21.130605137269743,
      -85.57187794693472,
      547.8942963021036
    ],
    [
      "DEB-C4703276",
      21.492453917434958,
      -35.829376539065386,
      889.9960955958168
    ],
    [
      "DEB-A8361E33",
      -77.45954249948963,
      -130.83544280752795,
      493.4652572572595
    ],
    [
      "DEB-9244F76D",
      45.79176744945156,
      -89.25772529442628,
      773.3505695249842
    ],
    [
      "DEB-65DA5799",
      -17.903545724307538,
      -127.80114190824878,
      913.9425202167149
    ],
    [
      "DEB-754DBFC4",
      24.311105829429785,
      -130.57804019676058,
      694.2401379824541
    ],
    [
      "DEB-997FEBBA",
      -20.760819722697814,
      89.94715650282517,
      661.4102661478255
    ],
    [
      "DEB-6C3FBE66",
      15.576354633985899,
      127.75439097431239,
      578.8368820473061
    ],
    [
      "DEB-38F1EEFF",
      20.589233490178117,
      -69.35538549223682,
      596.9209134868124
    ],
    [
      "DEB-66E2DDB3",
      -51.788202308898796,
      -108.43449968242288,
      480.9667651380332
    ],
    [
      "DEB-76A3BC86",
      48.54063378654905,
      -148.05166426691213,
      126.78052043290609
    ],
    [
      "DEB-2446AD9F",
      12.849825509413527,
      -1.0506744736774838,
      316.1147619762469
    ],
    [
      "DEB-D57062E8",
      39.45908269496801,
      31.877314010184776,
      156.81585924239698
    ],
    [
      "DEB-36DB1C46",
      50.944188117720515,
      -67.60674672152018,
      763.5400380746205
    ],
    [
      "DEB-5C4968A4",
      -16.11728986955079,
      59.31530672541276,
      644.6078273405428
    ],
    [
      "DEB-60BC91F1",
      -42.43149339229886,
      170.00998454212865,
      805.5733114052828
    ],
    [
      "DEB-0775F3EE",
      -20.737844878521035,
      170.83693725658497,
      729.076158974648
    ],
    [
      "DEB-4F297941",
      58.112489278054696,
      -114.57770615615082,
      602.3340423415284
    ],
    [
      "DEB-BEC9455A",
      -22.682753425521028,
      -6.638921454611777,
      350.24196060025406
    ],
    [
      "DEB-419AA714",
      -2.3919100942850955,
      -29.975063046036457,
      387.2445975089395
    ],
    [
      "DEB-6C2E05C3",
      12.346652909911139,
      -102.00298239929143,
      401.3649353542214
    ],
    [
      "DEB-023F494E",
      19.59996130584011,
      -32.887713569465404,
      580.0023922057144
    ],
    [
      "DEB-A722B701",
      -17.25086583066779,
      106.23386962770874,
      815.4658699916017
    ],
    [
      "DEB-B16FAAFE",
      11.313793152256018,
      121.7159033756961,
      779.939963019352
    ],
    [
      "DEB-5BA877CB",
      0.8286770189064532,
      -169.11219399454438,
      637.1232049481432
    ],
    [
      "DEB-39BD504C",
      -13.303900756825621,
      5.984099062964575,
      701.0791398842475
    ],
    [
      "DEB-E75E138F",
      13.024149335982772,
      108.75163783721693,
      681.9854117468622
    ],
    [
      "DEB-5D2625CF",
      -14.97386725383295,
      -145.07019759570812,
      423.1321645754888
    ],
    [
      "DEB-51DFDB3E",
      17.374761793094315,
      -159.5947835236188,
      748.201657631008
    ],
    [
      "DEB-54963D69",
      -53.87999292653858,
      81.08917502828346,
      380.24709576175974
    ],
    [
      "DEB-762813E3",
      7.308313266727797,
      -173.3754309923001,
      133.20451779651012
    ],
    [
      "DEB-1F0E27F6",
      23.00887913816294,
      -57.70797478081227,
      409.8769316456046
    ],
    [
      "DEB-FD9134B3",
      9.58801260727808,
      31.009576482218158,
      190.36644353017437
    ],
    [
      "DEB-E18CF00A",
      46.04681673218349,
      -113.88156953578115,
      377.26784489294096
    ],
    [
      "DEB-99640DF7",
      -81.45412959511388,
      14.111317326293545,
      837.5224697229341
    ],
    [
      "DEB-E1E48E95",
      23.001828845363903,
      179.49160696022938,
      684.7137379522919
    ],
    [
      "DEB-13B871C4",
      66.05517201810237,
      73.52283136966155,
      795.8413637299736
    ],
    [
      "DEB-88594E43",
      32.30592487227495,
      8.20859844933615,
      484.36440922796373
    ],
    [
      "DEB-CB9D3154",
      73.66329181520277,
      165.3298133119472,
      573.908404492131
    ],
    [
      "DEB-6CAC4340",
      -13.438230063106895,
      -60.68985604312325,
      277.8524517427886
    ],
    [
      "DEB-1B845925",
      -9.195950130234717,
      -51.62289627036603,
      483.1980394271277
    ],
    [
      "DEB-9972B345",
      15.043626929626923,
      -159.04674916727123,
      663.7609430552875
    ],
    [
      "DEB-3353ED12",
      -10.812418641506563,
      41.24530029836917,
      563.8947988113232
    ],
    [
      "DEB-9C79789E",
      23.647484040846837,
      116.04015908343763,
      821.6639787673803
    ],
    [
      "DEB-E1668DB3",
      49.12122823290574,
      -96.05258466039004,
      499.9343195911406
    ],
    [
      "DEB-E0EF903A",
      30.253680648858438,
      -24.942288537902975,
      424.4337542993453
    ],
    [
      "DEB-2FC318A4",
      -14.109743126640343,
      97.1523522956944,
      222.0225541840764
    ],
    [
      "DEB-8A95C850",
      -44.24953531520762,
      -46.23397200442543,
      528.7928039462249
    ],
    [
      "DEB-53F48B80",
      -1.6186818234179192,
      48.479151661664076,
      815.2944617551602
    ],
    [
      "DEB-F544564F",
      -71.86959401366404,
      14.4582563232244,
      297.46896972772174
    ],
    [
      "DEB-F7DCAD94",
      4.005412744200197,
      74.05190303553655,
      652.1539086152025
    ],
    [
      "DEB-6CB83234",
      -27.2489786424419,
      -106.74164206761382,
      713.7952862636466
    ],
    [
      "DEB-4146666A",
      0.37951530228180114,
      -7.805416720684357,
      919.2308750586399
    ],
    [
      "DEB-6B32EAFF",
      -22.935198838194676,
      -129.4804290823961,
      205.75401431930368
    ],
    [
      "DEB-0687740D",
      -75.04262917938708,
      65.9861880860934,
      570.9976788928998
    ],
    [
      "DEB-26CA4388",
      73.32645406280498,
      -30.362852172286377,
      558.1744820213426
    ],
    [
      "DEB-57F81812",
      20.5676744504345,
      -97.90872974490424,
      163.64077168278254
    ],
    [
      "DEB-4159F71B",
      53.67837250885563,
      -13.27128032263039,
      182.5499905379511
    ],
    [
      "DEB-18830E4A",
      -9.965459289680597,
      -75.89392700144899,
      251.3409084671057
    ],
    [
      "DEB-5EBA617D",
      44.30746099527396,
      150.60573121800505,
      231.65282348642995
    ],
    [
      "DEB-A5B05FD8",
      5.553121496397183,
      129.6641357226518,
      892.9700527823898
    ],
    [
      "DEB-6EFF8F15",
      -13.228965844907941,
      -89.15392382079328,
      503.0798130515941
    ],
    [
      "DEB-34C63303",
      -60.90531957714428,
      151.1581309183934,
      709.3403423002428
    ],
    [
      "DEB-163715AC",
      -48.53484519920349,
      -143.00978983820303,
      276.56005887001993
    ],
    [
      "DEB-FAFEA195",
      -49.60214744576267,
      -172.77423403507447,
      841.7626335381192
    ],
    [
      "DEB-7EE379FA",
      -11.583352654355007,
      -147.93788483593022,
      675.0707281539844
    ],
    [
      "DEB-B2934A35",
      -10.741458035582486,
      26.30873057848685,
      455.29973116597466
    ],
    [
      "DEB-76C7291D",
      21.524361563327986,
      -78.24477674609872,
      665.5562086914852
    ],
    [
      "DEB-2AA96C52",
      40.40933217121185,
      -70.09517250759305,
      117.95302949918005
    ],
    [
      "DEB-F6DF6E48",
      -21.537956399808067,
      9.801669977246014,
      215.69426053078223
    ],
    [
      "DEB-0FC42AC1",
      32.99936796624775,
      75.33361933938825,
      659.5497931556611
    ],
    [
      "DEB-6E4C8EBB",
      -65.01338107795259,
      7.768841893786441,
      288.9486306659983
    ],
    [
      "DEB-57A9D1D8",
      45.49154908123514,
      156.10564943664664,
      767.2882438827974
    ],
    [
      "DEB-E3F6789E",
      12.681721962004424,
      21.145309275653798,
      172.44468120365582
    ],
    [
      "DEB-D527FE9C",
      79.56750216106441,
      35.87159488744405,
      631.558979562481
    ],
    [
      "DEB-DD7E104F",
      -33.71242831489569,
      24.134647254874306,
      843.7575272918284
    ],
    [
      "DEB-5835EF89",
      -50.48219975308785,
      -74.11868684547436,
      416.37221751201014
    ],
    [
      "DEB-E2210393",
      -1.7524084438154934,
      88.05769362491196,
      792.8038441503522
    ],
    [
      "DEB-F018475D",
      -41.53602984143981,
      -161.6092710225331,
      787.1245737955078
    ],
    [
      "DEB-DD43A7E6",
      -24.525225791741562,
      64.05211379625104,
      799.1994851301433
    ],
    [
      "DEB-A7A876D2",
      -24.972577026264247,
      -138.53748716703646,
      130.0540236477591
    ],
    [
      "DEB-E370CC0C",
      62.616639076498835,
      -119.12867442975293,
      351.61479767773744
    ],
    [
      "DEB-33C79487",
      13.668076104129282,
      -8.91079215225403,
      664.8922060750074
    ],
    [
      "DEB-22C638CA",
      66.65272839360755,
      -136.52763966673513,
      597.6352573868226
    ],
    [
      "DEB-785F53BA",
      -11.108399506567054,
      -40.35701536714639,
      846.6630463296096
    ],
    [
      "DEB-21BEF7A1",
      43.25040346253911,
      -56.4999173131334,
      684.7676002485969
    ],
    [
      "DEB-6D4F00E7",
      47.20561591560169,
      -96.1241686581946,
      639.882985215635
    ],
    [
      "DEB-3746B52B",
      44.936907159106774,
      142.99431394940015,
      342.27244986963706
    ],
    [
      "DEB-70AADA09",
      36.21968270036613,
      121.77973758500845,
      171.39162320850664
    ],
    [
      "DEB-36417EF4",
      -63.56634067467475,
      107.4876555818504,
      710.3316007271687
    ],
    [
      "DEB-A2DC7714",
      -11.95401935834232,
      126.91365304441561,
      312.94163627801754
    ],
    [
      "DEB-A75EDAF5",
      18.580035770955906,
      128.91859488309146,
      289.96106977191084
    ],
    [
      "DEB-875C43D9",
      -30.630463692627703,
      52.75511438806093,
      190.35748639801932
    ],
    [
      "DEB-C3E98379",
      13.688542765899825,
      33.013239645486664,
      281.0895505087701
    ],
    [
      "DEB-9AB4886D",
      59.010878326672255,
      70.08519085017114,
      697.7304615681296
    ],
    [
      "DEB-E0BF6671",
      -39.4975094000009,
      104.20257717156315,
      134.15299056765707
    ],
    [
      "DEB-3922FAA8",
      -21.446991807461426,
      172.5587619153132,
      583.1973148134975
    ],
    [
      "DEB-FE20476C",
      -38.60579080336349,
      63.47938448588735,
      831.6176090612853
    ],
    [
      "DEB-99167698",
      79.21837431758605,
      123.6585167865681,
      226.71997223922972
    ],
    [
      "DEB-20F688B7",
      24.642253785981744,
      -97.3046520988943,
      513.869596798153
    ],
    [
      "DEB-5C6AA424",
      34.87789748128815,
      43.7762586412383,
      520.5549989079645
    ],
    [
      "DEB-61C80074",
      -50.56878761657352,
      124.88887861965394,
      441.11216255006366
    ],
    [
      "DEB-C670AD1A",
      39.90781603368084,
      90.37301622452998,
      622.7685495708647
    ],
    [
      "DEB-75FD95D6",
      11.593257337590172,
      -53.7158468956793,
      248.4888257108396
    ],
    [
      "DEB-07BDCAE1",
      3.2647352836819725,
      135.41033730859235,
      351.61790444239614
    ],
    [
      "DEB-F49D8EC8",
      33.18688230229708,
      -20.902986001682727,
      759.2824201337025
    ],
    [
      "DEB-16F83A86",
      30.110351441095194,
      103.36360503519963,
      144.3062272776042
    ],
    [
      "DEB-01B90818",
      10.29080541466499,
      -39.23699568300538,
      792.0242325692952
    ],
    [
      "DEB-8D27093E",
      -3.11934872758373,
      -44.59570241949766,
      699.3027098995508
    ],
    [
      "DEB-C541A867",
      -15.355995091166308,
      -29.749410081992153,
      173.56455336510135
    ],
    [
      "DEB-9A6F4E76",
      2.899749799715825,
      -60.18908199618633,
      627.8415179664216
    ],
    [
      "DEB-A8435303",
      -47.280813362949324,
      -59.58017740038743,
      280.49142765148736
    ],
    [
      "DEB-50746167",
      22.487908732902866,
      157.05097452570527,
      227.91712147169983
    ],
    [
      "DEB-30D24425",
      19.662594411616297,
      -35.962566355690306,
      879.5371528283313
    ],
    [
      "DEB-01CB1011",
      44.23958851482243,
      123.72341823690223,
      218.57907188332865
    ],
    [
      "DEB-9DAB0C43",
      -78.47644295015176,
      -137.83738190689587,
      671.688069720567
    ],
    [
      "DEB-3E5DAC16",
      -3.6159366637806416,
      -158.96405107716473,
      470.02694118371437
    ],
    [
      "DEB-34A55C7B",
      34.90192581061946,
      37.115064222657615,
      364.41871242229445
    ],
    [
      "DEB-AEDAE979",
      7.960695357646774,
      -9.640239214022706,
      631.6114290653459
    ],
    [
      "DEB-308B40AD",
      -49.38238283566382,
      32.75523577106657,
      596.175599430896
    ],
    [
      "DEB-0CBC71D0",
      67.34146782763388,
      -155.93999094542127,
      384.15258884592095
    ],
    [
      "DEB-4863B503",
      -31.654473302522078,
      -3.6484132063249697,
      618.2791147059716
    ],
    [
      "DEB-B7353295",
      8.661955769637254,
      41.16857404977114,
      740.2333030053496
    ],
    [
      "DEB-248FDA9B",
      -2.3217308433987998,
      37.58829970133149,
      434.1402709528993
    ],
    [
      "DEB-318411F0",
      9.206700707320111,
      -116.17546497567797,
      858.503674003482
    ],
    [
      "DEB-849B6F34",
      -20.06428922366559,
      -100.08275696136116,
      239.21448680544563
    ],
    [
      "DEB-46D366E0",
      54.40509407172163,
      141.40667028414867,
      427.2252823906956
    ],
    [
      "DEB-BA6EF3E1",
      41.96060921181225,
      86.8551431596865,
      630.9107732562297
    ],
    [
      "DEB-83DAC31D",
      -40.562391171177815,
      177.719304469784,
      673.0081498919271
    ],
    [
      "DEB-6878B33F",
      24.969357679128805,
      35.87970815041984,
      797.8694297335924
    ],
    [
      "DEB-76747B83",
      -42.11087892975575,
      99.3386630670162,
      619.13544419153
    ],
    [
      "DEB-08B9C04A",
      3.5875066252616317,
      -68.96946902133952,
      216.69844388561523
    ],
    [
      "DEB-7C7BBE6B",
      -21.738467037304233,
      -97.0523965784754,
      496.17009512097957
    ],
    [
      "DEB-8184DFFB",
      -46.93205272593687,
      -73.36269457576711,
      906.993638447676
    ],
    [
      "DEB-2241CBAA",
      -4.260420654730928,
      136.28737641667237,
      737.3967778054503
    ],
    [
      "DEB-FAB72240",
      -43.82059330387755,
      108.30894011439582,
      270.69513496844684
    ],
    [
      "DEB-EA884E03",
      9.814508506402955,
      -8.190617824772021,
      546.7641032940483
    ],
    [
      "DEB-7C8A33B5",
      -65.46143972000621,
      84.58638788413988,
      651.6898882338892
    ],
    [
      "DEB-57CF641B",
      20.416968980718664,
      120.3257239991271,
      579.395374314674
    ],
    [
      "DEB-422DB8DA",
      -0.6784676205428894,
      117.6124401716503,
      579.1933257401597
    ],
    [
      "DEB-568EEB6C",
      -26.9181748271169,
      -21.835928533866277,
      542.4864389340228
    ],
    [
      "DEB-F3F89ABF",
      1.0148562588007637,
      -51.85804323754321,
      270.10523666828794
    ],
    [
      "DEB-52B8CD13",
      -24.12388044069175,
      -173.48118262671454,
      857.403793262506
    ],
    [
      "DEB-B7052EB7",
      16.95147584971677,
      158.90132865466794,
      298.9340746208609
    ],
    [
      "DEB-ACC0FE18",
      60.160692411273274,
      141.57825851516864,
      603.797840952041
    ],
    [
      "DEB-452075BF",
      -11.644254797071861,
      -28.792589115384658,
      257.9079342800633
    ],
    [
      "DEB-AB41DEEC",
      38.13555123096228,
      90.31695469644,
      601.7199246945165
    ],
    [
      "DEB-04DF6766",
      -40.64065057936025,
      121.53038762837133,
      846.3390025452272
    ],
    [
      "DEB-E4FE613A",
      -50.68153356410259,
      -7.572002711499605,
      791.5378019694945
    ],
    [
      "DEB-55196331",
      -7.922655745251135,
      8.056912329337283,
      423.0099715281385
    ],
    [
      "DEB-BAC2CEBB",
      12.162366028375246,
      109.2302408206521,
      283.4136808738358
    ],
    [
      "DEB-DC1CE9BA",
      -44.60186251811854,
      133.83306903366324,
      623.1891630244354
    ],
    [
      "DEB-5E560EEA",
      -19.852795476462457,
      -115.72452371902025,
      847.5602106034739
    ],
    [
      "DEB-37C4A142",
      -58.270430543357406,
      174.80482299139447,
      476.2906009167764
    ],
    [
      "DEB-F0457548",
      21.600514145877323,
      -0.7673734045432063,
      571.8799054064684
    ],
    [
      "DEB-206B6192",
      -69.60304569521224,
      -154.80092505127595,
      441.4334644495384
    ],
    [
      "DEB-00F32A14",
      44.85807628012744,
      125.62001295249674,
      761.8116109014709
    ],
    [
      "DEB-DA36AF9F",
      -4.861199215955961,
      50.221064405886466,
      574.1724601018423
    ],
    [
      "DEB-7A25CCC7",
      -52.7477825941301,
      -76.22788817530396,
      810.8066022751063
    ],
    [
      "DEB-0E236E4E",
      -22.320270254078967,
      -151.8606365006051,
      445.94544761504767
    ],
    [
      "DEB-487956C9",
      -43.88400812086964,
      58.48812936288702,
      310.4274190938586
    ],
    [
      "DEB-16E75364",
      4.973892598919885,
      128.7700287216453,
      198.6765225614954
    ],
    [
      "DEB-E9590A54",
      50.128895087939895,
      105.878101038618,
      329.3089823101682
    ],
    [
      "DEB-B1D4632A",
      -4.552539634664852,
      16.968053378158892,
      807.5139611368832
    ],
    [
      "DEB-A62DD766",
      7.5434942526981805,
      -4.467595077903222,
      692.3389720101914
    ],
    [
      "DEB-B2C98590",
      62.8014791401174,
      55.44647446164196,
      211.29328585942858
    ],
    [
      "DEB-4F850597",
      23.070858386130077,
      -47.46864667977712,
      530.4458824094645
    ],
    [
      "DEB-8105FE23",
      -10.049448377301406,
      -71.58668648164662,
      114.50059303971011
    ],
    [
      "DEB-D1A658F7",
      -49.95263954850788,
      29.24325848082799,
      880.305994193066
    ],
    [
      "DEB-9B5D1594",
      -65.25901060704548,
      31.24168667075853,
      659.9277813956123
    ],
    [
      "DEB-8457678D",
      -62.44446113216697,
      -139.9918716002239,
      579.8846506002283
    ],
    [
      "DEB-031D0402",
      -14.430742421615935,
      -167.32738387269575,
      561.2265780255921
    ],
    [
      "DEB-A4395CAF",
      -53.04172357462391,
      -152.79848807459834,
      179.12241329863718
    ],
    [
      "DEB-04447D09",
      -9.38145223082926,
      -125.12244678046542,
      362.0252736674702
    ],
    [
      "DEB-CC37200C",
      6.206274320100204,
      145.56470555050197,
      678.204986122777
    ],
    [
      "DEB-B8FAE9D9",
      -38.28489526159708,
      69.6787044503716,
      387.9520596143748
    ],
    [
      "DEB-EED82166",
      39.71454741997244,
      127.49267341131217,
      682.3797467158547
    ],
    [
      "DEB-B3CEC6F9",
      -38.44274051986435,
      122.52617444505661,
      311.4896512049463
    ],
    [
      "DEB-F34018A0",
      7.608211996601185,
      157.89946497196146,
      314.5910387123595
    ],
    [
      "DEB-AAC5CC23",
      -42.812739724175785,
      -110.74988303931602,
      729.7585973430205
    ],
    [
      "DEB-044FD435",
      -23.42104906411779,
      -18.6578957383879,
      371.2028841203992
    ],
    [
      "DEB-A0BE040E",
      -11.996579376556097,
      5.905500545864913,
      599.679463267671
    ],
    [
      "DEB-87A6E370",
      15.035584805608831,
      154.00438999421104,
      347.25512335065196
    ],
    [
      "DEB-CDDF6379",
      -13.015422685927478,
      152.52990214345866,
      248.9094599200862
    ],
    [
      "DEB-470A9442",
      30.893348387013614,
      159.31756065639183,
      431.83500316413756
    ],
    [
      "DEB-FFD4A5A2",
      -5.180685899236756,
      147.22302501345422,
      372.4582569929189
    ],
    [
      "DEB-108B7690",
      46.364947772898134,
      -123.5249626989664,
      178.99188262732787
    ],
    [
      "DEB-90A7F2D2",
      -45.21062990912573,
      -159.96109283333044,
      772.4990461323132
    ],
    [
      "DEB-427D1F4D",
      21.40923458790771,
      114.58878010608446,
      584.9133777187863
    ],
    [
      "DEB-CA422729",
      -22.7285028946059,
      151.86978081812524,
      603.9138700259155
    ],
    [
      "DEB-05A821BC",
      -19.26634274645745,
      41.07299483774392,
      520.8545850787405
    ],
    [
      "DEB-7D9CF6B8",
      -41.02706506469343,
      34.9101645852224,
      149.63268520331349
    ],
    [
      "DEB-50462A46",
      3.702023978359344,
      -19.23477992924545,
      837.6523287891614
    ],
    [
      "DEB-15C2C917",
      -11.42655008269883,
      -65.74051189330254,
      653.4633034522794
    ],
    [
      "DEB-0AE6948B",
      -68.18165545010515,
      -3.6091113481507153,
      265.7509116301644
    ],
    [
      "DEB-4C584FAF",
      66.84525871003314,
      99.24091106981707,
      198.15859659383113
    ],
    [
      "DEB-617C2B80",
      -48.57620096299211,
      -33.56868147590084,
      748.8294904682471
    ],
    [
      "DEB-65B3B7C2",
      8.551496634172763,
      46.434586724050455,
      501.0744684021047
    ],
    [
      "DEB-91594045",
      -19.302341758320157,
      105.5958402189311,
      255.14644086823319
    ],
    [
      "DEB-CFA45CF1",
      25.587426629085016,
      155.66494927946235,
      549.8418115787563
    ],
    [
      "DEB-FE9E9140",
      20.321579884203295,
      -159.76386008747625,
      370.3313204946944
    ],
    [
      "DEB-87ED328A",
      5.569120709704362,
      -116.24221958484911,
      563.5672099422345
    ],
    [
      "DEB-55EA0874",
      -24.62242915215704,
      72.20205996782644,
      352.02675431496573
    ],
    [
      "DEB-08670E69",
      -57.01940901231093,
      -65.44772848070399,
      650.220098359242
    ],
    [
      "DEB-55CBCAB8",
      44.95349584057077,
      -81.11144941060273,
      248.28367131862979
    ],
    [
      "DEB-8577A4CF",
      32.332503883560584,
      -68.3409879500915,
      485.9399400856282
    ],
    [
      "DEB-5C17F999",
      -23.084745312833892,
      144.15285805260868,
      386.1271226833351
    ],
    [
      "DEB-C28D2DCF",
      10.57990215982428,
      -17.683894663770456,
      718.5582407155089
    ],
    [
      "DEB-C0AEE585",
      -12.259767667497965,
      -125.24843903635023,
      539.4103177186862
    ],
    [
      "DEB-E8A836DB",
      38.79343975457537,
      151.2038754606499,
      439.42177030937546
    ],
    [
      "DEB-CE299E08",
      -11.84432707645236,
      -91.95574829708936,
      777.9895869967258
    ],
    [
      "DEB-A277FD2D",
      -10.49020784833446,
      -64.51979018857777,
      385.0434400153217
    ],
    [
      "DEB-C30E7E77",
      -59.908219309470354,
      -160.81211047788878,
      868.824991316661
    ],
    [
      "DEB-A64DDF80",
      -19.663661017266943,
      -37.74214198223955,
      444.54594898341657
    ],
    [
      "DEB-80823FF0",
      42.44935173488539,
      74.8334022468838,
      312.8764272806684
    ],
    [
      "DEB-AAFE6F4A",
      54.64989086825282,
      65.61589401640332,
      135.60859290138796
    ],
    [
      "DEB-79548716",
      -31.55839943260087,
      -174.6267869694511,
      727.378547240146
    ],
    [
      "DEB-5C3D9368",
      6.2382616548710415,
      -5.285319210117527,
      203.88338767666392
    ],
    [
      "DEB-B80B0136",
      -26.23694180648243,
      -111.15631363238026,
      498.4659148486717
    ],
    [
      "DEB-2ED617EA",
      26.98241157631621,
      -104.23024366848597,
      775.8313633932366
    ],
    [
      "DEB-925E55C2",
      -61.12156219563735,
      -80.41373389068669,
      749.7970680224716
    ],
    [
      "DEB-7FAF5F0C",
      -54.31825584212019,
      -156.57872976065812,
      134.52435123767918
    ],
    [
      "DEB-6F19DF4A",
      55.15906183279906,
      45.76529549488986,
      765.7360674614611
    ],
    [
      "DEB-2725332D",
      -65.34857733524512,
      -160.74964679959632,
      602.0435584072657
    ],
    [
      "DEB-3124759F",
      69.65779157735633,
      -21.084913696914604,
      194.7770406862901
    ],
    [
      "DEB-AE40D072",
      -56.82330035112829,
      -157.35218369609495,
      408.3449640018598
    ],
    [
      "DEB-20FB447B",
      2.8154637002264997,
      -120.15350737583475,
      289.6786732615292
    ],
    [
      "DEB-CD91A412",
      -32.429587020458804,
      129.66951403905477,
      668.5766970944096
    ],
    [
      "DEB-9289D87A",
      28.957134761922593,
      -74.43538355435393,
      170.248859463215
    ],
    [
      "DEB-23B7ECF2",
      -49.34860288305987,
      -135.07431459726155,
      224.94781276279446
    ],
    [
      "DEB-6207A114",
      -79.54721455495311,
      105.89340749663415,
      304.37210178335135
    ],
    [
      "DEB-817E8970",
      -34.88966638016457,
      9.494055628296604,
      736.8168929154863
    ],
    [
      "DEB-878F3D5B",
      14.65771136011293,
      52.19315945913956,
      451.1667033562726
    ],
    [
      "DEB-DA5D2271",
      57.78785478604369,
      68.61799441143538,
      453.3106458588727
    ],
    [
      "DEB-88D7D3F7",
      -10.883962115466563,
      141.66824568695773,
      669.5149655161267
    ],
    [
      "DEB-9C812D03",
      12.542339033704103,
      -88.48581944763862,
      357.60885449116995
    ],
    [
      "DEB-656876E5",
      2.872501320417765,
      63.4199221435904,
      894.3194023559508
    ],
    [
      "DEB-9329CAF0",
      -70.95301355805098,
      107.7289452334456,
      593.9691162636018
    ],
    [
      "DEB-7707EA6D",
      -40.55075721196183,
      106.29102518923386,
      470.6120768823239
    ],
    [
      "DEB-D794F2FE",
      -21.834249298998316,
      156.37421821756806,
      539.8599631457037
    ],
    [
      "DEB-86DC725A",
      60.45854634183439,
      -72.22937314401521,
      456.40756747213254
    ],
    [
      "DEB-C43B734E",
      -61.518601981851546,
      17.407836881149155,
      265.88865345870545
    ],
    [
      "DEB-18342CEE",
      81.79296219300588,
      114.97669595354425,
      673.7748012074935
    ],
    [
      "DEB-F3CD9A57",
      2.5036955852917337,
      83.4969352720221,
      868.8946570913104
    ],
    [
      "DEB-42FFFD97",
      -11.789326421409728,
      98.94395418770138,
      371.4168114787353
    ],
    [
      "DEB-8BFAF1B2",
      -9.272530782583681,
      171.34044937531738,
      495.3396411244239
    ],
    [
      "DEB-56698A6A",
      -5.129042288489052,
      8.120700020135127,
      745.0121611385248
    ],
    [
      "DEB-5E2BAD85",
      37.494946421678094,
      -150.41917058356597,
      505.9023479056823
    ],
    [
      "DEB-44D7F06E",
      36.3868050588109,
      -111.84085659566612,
      646.0593103441051
    ],
    [
      "DEB-A04C0FC0",
      -50.23489760433648,
      -100.1768256888791,
      289.8777125586321
    ],
    [
      "DEB-0AD83208",
      -11.659344801269782,
      95.41129949742991,
      307.26123051287414
    ],
    [
      "DEB-A88E59A7",
      30.27359014370252,
      -128.40955967639104,
      296.80960580922965
    ],
    [
      "DEB-7816F72B",
      -1.968874411093812,
      -138.79899888500594,
      329.875808894285
    ],
    [
      "DEB-0C31C7FC",
      -29.834447506613188,
      99.56156830869351,
      419.0241210026925
    ],
    [
      "DEB-F0049E7A",
      -45.162340847497944,
      176.41076721541353,
      612.9107885845715
    ],
    [
      "DEB-6667308E",
      54.27411184586672,
      121.08409147665685,
      322.47628441623965
    ],
    [
      "DEB-B0BECAFB",
      49.76825703268821,
      117.0100795969514,
      306.62503988557637
    ],
    [
      "DEB-2B38167F",
      52.89873808518472,
      38.919986820331644,
      558.3698689414714
    ],
    [
      "DEB-E4E872BC",
      49.36506970704596,
      -129.9527800618214,
      720.6912189859031
    ],
    [
      "DEB-B1EC0ADA",
      18.088115523248117,
      87.81798297462065,
      578.4020981890617
    ],
    [
      "DEB-F861ABCA",
      34.948140964072984,
      93.38782379683995,
      537.4185623506928
    ],
    [
      "DEB-7E4DC7C9",
      -8.869888941511842,
      25.611165592604912,
      420.6681698896673
    ],
    [
      "DEB-D6B31167",
      11.881806424840619,
      -16.23797460109445,
      244.73507828983202
    ],
    [
      "DEB-3F8EE541",
      -50.995533655411045,
      128.55109222613376,
      769.4569789155403
    ],
    [
      "DEB-0686DFF6",
      -3.1561361012749987,
      173.58587663654632,
      799.3972308280818
    ],
    [
      "DEB-25B03EC4",
      -69.42291130877335,
      -22.261049383136044,
      544.6107876363985
    ],
    [
      "DEB-6A46E3EF",
      31.584550581153625,
      -122.36269083338125,
      682.7667176800096
    ],
    [
      "DEB-81E9C6D3",
      -61.27075075876221,
      116.7625716952999,
      554.3965485303142
    ],
    [
      "DEB-39551DFE",
      -27.955368337942012,
      134.39365425799764,
      304.64505083767835
    ],
    [
      "DEB-434DCF06",
      -17.30838378558862,
      68.4356933062459,
      639.9060987342627
    ],
    [
      "DEB-BF6D52A5",
      11.54222705322415,
      -152.37742486178328,
      896.8295827268475
    ],
    [
      "DEB-96811AB4",
      38.66027039849395,
      -71.763914527192,
      364.757714586166
    ],
    [
      "DEB-14AE0DFF",
      50.637666435338986,
      -9.145000776857076,
      880.4590360072289
    ],
    [
      "DEB-A4930804",
      -43.54693213991062,
      -3.507039641974188,
      886.2896079956345
    ],
    [
      "DEB-8919BA59",
      27.942070718790212,
      -129.4978588234411,
      699.2305468291252
    ],
    [
      "DEB-2D283624",
      -9.585162969227415,
      59.16793433582434,
      458.90934880626173
    ],
    [
      "DEB-7B468430",
      -50.19632199879959,
      11.969234274359664,
      263.98840943111645
    ],
    [
      "DEB-F47C6248",
      27.485629074483356,
      -132.38909336813325,
      244.107150595878
    ],
    [
      "DEB-62BDA068",
      54.88723953433775,
      -16.915712841407817,
      577.8666429120794
    ],
    [
      "DEB-BF69945A",
      -22.885921369213772,
      -62.69514702411831,
      312.8535174684257
    ],
    [
      "DEB-B475216B",
      67.9982810903109,
      149.03545488322382,
      644.3371611776738
    ],
    [
      "DEB-6FDD603D",
      2.0794377079394293,
      72.71291055252432,
      578.0651989185089
    ],
    [
      "DEB-A3FA755A",
      82.03211631912185,
      136.8638900985163,
      740.2676750944629
    ],
    [
      "DEB-349C8A3D",
      25.490876031827636,
      25.833038010311906,
      288.22018348672464
    ],
    [
      "DEB-A5BFB15C",
      49.23562776643084,
      -4.26236613251258,
      120.56914874771519
    ],
    [
      "DEB-03DDFDA5",
      16.01838242923573,
      -122.06713559482365,
      791.6141887329813
    ],
    [
      "DEB-FAC6DED0",
      -10.143515773432592,
      108.92038059496764,
      630.2327382210415
    ],
    [
      "DEB-59279F0C",
      -59.312208296317294,
      48.367125771078165,
      594.0150588742517
    ],
    [
      "DEB-E0AC9A60",
      32.34373367780304,
      -40.180219227395476,
      736.4470664927194
    ],
    [
      "DEB-8E3FD2D8",
      69.50195533613787,
      155.6883300067561,
      694.4395404982379
    ],
    [
      "DEB-2607CAC7",
      18.49644430953491,
      55.312308101056225,
      193.64959850417472
    ],
    [
      "DEB-82F00F57",
      -23.048169171636346,
      -146.7713803232774,
      571.1668751293028
    ],
    [
      "DEB-A9976787",
      -37.37729563690325,
      9.615858014562546,
      778.8095352823038
    ],
    [
      "DEB-33178EF9",
      -46.93379073936862,
      -48.02933819576599,
      314.64995713636654
    ],
    [
      "DEB-45CBDCEF",
      42.81397824997057,
      -146.43370484238355,
      614.4835187664394
    ],
    [
      "DEB-D8657A67",
      -59.121602455804855,
      12.003622744441284,
      610.2741836039995
    ],
    [
      "DEB-6AC7C79F",
      29.562708272029038,
      -172.90027185542908,
      373.5528411463165
    ],
    [
      "DEB-38A1AEEB",
      14.462009842133346,
      108.81905474792758,
      172.662690409491
    ],
    [
      "DEB-3A536675",
      31.842471028206493,
      172.78057901364787,
      156.11562019488156
    ],
    [
      "DEB-E1EE2784",
      -51.069043232107944,
      -124.40974858976803,
      473.7998118684691
    ],
    [
      "DEB-E2187C57",
      -62.48027048264463,
      156.23715926715295,
      551.6562956916514
    ],
    [
      "DEB-28B0505E",
      -58.16748451742061,
      98.70178272592963,
      424.2601294593669
    ],
    [
      "DEB-478D88A4",
      9.032944067932691,
      165.7221373494314,
      219.60008474601
    ],
    [
      "DEB-B6036724",
      48.02376637331255,
      175.98349817801622,
      267.45647744562484
    ],
    [
      "DEB-0180311F",
      -55.007022122445115,
      -160.3302300845854,
      216.3891480885377
    ],
    [
      "DEB-A71DE002",
      -31.964662299982177,
      -29.601037419664394,
      336.4166103479647
    ],
    [
      "DEB-5FF19AC9",
      -43.71163110248016,
      149.24147880291153,
      539.0910846414954
    ],
    [
      "DEB-35F73D6B",
      -20.426746184588485,
      61.90356452589627,
      580.9150288943383
    ],
    [
      "DEB-23D96CE3",
      70.66530371199099,
      86.22575425651364,
      702.0902432839302
    ],
    [
      "DEB-0CAFF7C3",
      -33.1034082529089,
      70.05516924885154,
      819.5985623929964
    ],
    [
      "DEB-42DFCA84",
      -42.44406711147334,
      66.68577960065505,
      570.154862307565
    ],
    [
      "DEB-8E27A15D",
      56.92262956920991,
      82.25544904235645,
      202.2331724771866
    ],
    [
      "DEB-94D75F44",
      -55.425453521605206,
      29.548905302561042,
      840.9944557577537
    ],
    [
      "DEB-0AC0047C",
      10.77483538882891,
      160.8556599811615,
      706.8674027457428
    ],
    [
      "DEB-FB42B4B1",
      56.80995425940218,
      -150.71698645478037,
      690.2505915369466
    ],
    [
      "DEB-ED028B3A",
      -70.2832193568903,
      -30.231889427554208,
      407.83917835761713
    ],
    [
      "DEB-D1D4C250",
      -43.45419847669241,
      -88.23793313713153,
      396.4704008591616
    ],
    [
      "DEB-3B0C59A5",
      34.13821636887445,
      59.87125292101744,
      619.7404492168525
    ],
    [
      "DEB-EAEF6C6B",
      -0.612571434671015,
      -171.54501214317793,
      371.4393926354078
    ],
    [
      "DEB-2A0BE22B",
      -50.705457893293264,
      -7.59394191213963,
      342.1150920961072
    ],
    [
      "DEB-C045B5CC",
      -10.06743458211223,
      162.80305188391822,
      433.018058256921
    ],
    [
      "DEB-53C3DCBB",
      -44.72687975572737,
      83.76829266423056,
      719.4199411825584
    ],
    [
      "DEB-E6FBD9E2",
      36.41009851975341,
      -97.47042999928162,
      313.4210748973919
    ],
    [
      "DEB-6CEF48B4",
      -36.91075139638479,
      -20.840829541975875,
      462.18183156673877
    ],
    [
      "DEB-4B8904CD",
      9.874259805261744,
      64.5461180634854,
      528.6111850241286
    ],
    [
      "DEB-32A44C75",
      50.81621050028931,
      39.56069143170944,
      556.9283017203979
    ],
    [
      "DEB-4B786B14",
      56.41202133400323,
      -90.2619611946777,
      746.6567789746214
    ],
    [
      "DEB-C2CDF509",
      55.31415172477038,
      -114.74544860254413,
      700.0625069350572
    ],
    [
      "DEB-279941F4",
      -48.540221853247076,
      -27.069721710423085,
      639.177078231146
    ],
    [
      "DEB-00B58909",
      -48.52275847062455,
      161.38448016143676,
      796.3533048380468
    ],
    [
      "DEB-2A6E7CF4",
      -34.06920375397841,
      72.39964752690503,
      684.8643465643236
    ],
    [
      "DEB-7F79EF05",
      -71.21577583998747,
      162.02752622586053,
      850.3324783868957
    ],
    [
      "DEB-99F17AF6",
      33.575025722603066,
      18.394389170707093,
      764.4149323033835
    ],
    [
      "DEB-D7EB5EC6",
      -19.658401480453033,
      51.072900559668724,
      575.5953414584046
    ],
    [
      "DEB-470A1A0A",
      26.694170101506014,
      -39.736434097466805,
      372.8484398909186
    ],
    [
      "DEB-63369288",
      -55.216565702028966,
      -80.03183024275852,
      644.0040704595949
    ],
    [
      "DEB-8730DB73",
      4.945135000524455,
      -28.527514422262865,
      683.5891892151658
    ],
    [
      "DEB-5A86818C",
      -32.05373715986612,
      -148.4426396316444,
      807.0622170369688
    ],
    [
      "DEB-5163ACCB",
      -77.05493213330853,
      30.66331080905537,
      789.1294905413306
    ],
    [
      "DEB-01891085",
      84.47130439151697,
      114.15655711877451,
      135.59715167319882
    ],
    [
      "DEB-8056A220",
      -32.297661062513804,
      46.62450696533092,
      552.0449775967145
    ],
    [
      "DEB-A96BC40F",
      61.27738017136703,
      173.60621587182604,
      348.6706377989376
    ],
    [
      "DEB-5A59DBA8",
      28.124388064232587,
      71.65707499115686,
      751.3632018042772
    ],
    [
      "DEB-9E671A0D",
      20.311306547308057,
      58.5671247440021,
      169.29013574330838
    ],
    [
      "DEB-5B6F0A1B",
      -33.99934479753931,
      79.6397159834497,
      579.3859270479134
    ],
    [
      "DEB-E105A258",
      -37.74382847850356,
      67.01357293985102,
      185.26417848556684
    ],
    [
      "DEB-13AF646D",
      32.19378908676775,
      6.860259536413784,
      183.67016983727262
    ],
    [
      "DEB-8A945817",
      -31.76208461597205,
      12.962930325437133,
      409.88525857574496
    ],
    [
      "DEB-01F197AD",
      27.908049584790245,
      -146.53295531360482,
      636.71674742489
    ],
    [
      "DEB-FF5FCBC9",
      59.21380108123338,
      143.44998243160552,
      724.6929615105882
    ],
    [
      "DEB-B375C86C",
      -32.50499592901395,
      111.745322527401,
      169.06686052523855
    ],
    [
      "DEB-16757B3B",
      -0.6531632051706288,
      -150.286907209877,
      533.657552978545
    ],
    [
      "DEB-90F2857A",
      21.37172443370216,
      39.323890915534,
      407.80615417328136
    ],
    [
      "DEB-587C118C",
      -66.10331986153956,
      -68.86908543437957,
      798.2554373939183
    ],
    [
      "DEB-04A41E4F",
      56.90089075113838,
      75.79371457945916,
      312.1645588758556
    ],
    [
      "DEB-296112E9",
      3.63462652541471,
      8.901613778522503,
      686.4322472689937
    ],
    [
      "DEB-D33EC4EA",
      -36.93156582050855,
      4.006777183361561,
      584.9674184230726
    ],
    [
      "DEB-472501C2",
      63.96625826900447,
      175.53337380155418,
      273.8740014657951
    ],
    [
      "DEB-64278C9F",
      11.454985472652954,
      109.48502101557789,
      597.4046015665499
    ],
    [
      "DEB-43AAEA73",
      20.881061261478347,
      160.77302451361516,
      297.6089257810727
    ],
    [
      "DEB-67B538AD",
      17.096916316426377,
      38.73033535701279,
      546.0252856122706
    ],
    [
      "DEB-76EC59DA",
      -41.1360110554346,
      178.7751629172476,
      474.4462628738456
    ],
    [
      "DEB-01BEA1F8",
      17.019973357055846,
      11.596274949900513,
      164.13055381760478
    ],
    [
      "DEB-476634A3",
      -41.31836376492289,
      102.52325435973903,
      845.6572607215139
    ],
    [
      "DEB-E02C37F4",
      0.9711096637393589,
      126.50997580115202,
      894.3215777834148
    ],
    [
      "DEB-C95C6A94",
      -14.522810836641911,
      40.18363978316428,
      675.0761190192434
    ],
    [
      "DEB-16F59F32",
      57.714050421336914,
      106.54873336527541,
      699.4615244068227
    ],
    [
      "DEB-B407EF76",
      -42.04046182186413,
      90.37691747513963,
      896.9545691537951
    ],
    [
      "DEB-B082D3D4",
      16.523051867583984,
      -155.9168221709934,
      762.8617423486749
    ],
    [
      "DEB-BD7BE86F",
      -46.71556913712525,
      53.02354506639438,
      139.790033178444
    ],
    [
      "DEB-DAC2C1F1",
      -65.28091840504356,
      141.92767585588683,
      845.7301471509227
    ],
    [
      "DEB-934FE9D8",
      -21.524696547831635,
      137.41619718700844,
      736.0870455523527
    ],
    [
      "DEB-3B1CC05B",
      21.589372287029544,
      -0.07944605764615095,
      814.5636911885085
    ],
    [
      "DEB-BBDED15D",
      35.76748920973185,
      154.37601339565427,
      479.7922915997324
    ],
    [
      "DEB-5BE88562",
      -59.37472554912313,
      42.99698086276564,
      264.63430799657544
    ],
    [
      "DEB-67758EBF",
      63.38206003096232,
      151.14726211560338,
      236.7523520648947
    ],
    [
      "DEB-B98FA644",
      -31.47938432586731,
      -166.77509116283758,
      524.5928314374942
    ],
    [
      "DEB-2CD6BA69",
      0.6622385803328807,
      137.27951372156878,
      756.3618992660022
    ],
    [
      "DEB-5310659E",
      -64.27054321979776,
      9.878428342130892,
      862.3006243506543
    ],
    [
      "DEB-E4E0D90C",
      -14.494379827080525,
      18.434688011329417,
      321.0772583984526
    ],
    [
      "DEB-DDF5CDD3",
      49.487002663280066,
      -43.105792140466775,
      690.6304693420161
    ],
    [
      "DEB-525D6B55",
      52.24843374072171,
      -7.360180870568194,
      592.2783296263824
    ],
    [
      "DEB-6F428D87",
      33.14291788626899,
      44.12241362518489,
      152.08363331528926
    ],
    [
      "DEB-2CEDB294",
      16.34584025561135,
      42.005102650890024,
      382.94162537599914
    ],
    [
      "DEB-1C5E555D",
      -19.851276736812036,
      171.83039223360672,
      186.17924428343304
    ],
    [
      "DEB-10490CC1",
      -49.66831162993919,
      -129.54811602419053,
      764.6195794860896
    ],
    [
      "DEB-A6658D79",
      -43.84362949276022,
      -97.71933631872704,
      919.9503579906041
    ],
    [
      "DEB-B66DD0FE",
      -55.5209392764355,
      17.024165986438348,
      335.8051367914795
    ],
    [
      "DEB-8EB2AF70",
      -21.872605096564733,
      91.45451376929951,
      598.5391395311408
    ],
    [
      "DEB-78ED3938",
      27.888240660323365,
      -32.79661896240024,
      352.02166030574335
    ],
    [
      "DEB-DB733F7B",
      -68.4402713264294,
      139.3765766355644,
      327.7353174565724
    ],
    [
      "DEB-86C31AA0",
      59.66759862152721,
      -104.07820902585894,
      678.3604338633386
    ],
    [
      "DEB-ED6B644E",
      -66.6980686662011,
      -18.351657492122197,
      336.88793098507267
    ],
    [
      "DEB-8E368D70",
      20.41981193775675,
      11.282608154143636,
      195.35581100690797
    ],
    [
      "DEB-3C84D41F",
      10.323033290454676,
      -162.1903550102645,
      363.55051791603364
    ],
    [
      "DEB-A1A3D89D",
      41.96240246272575,
      4.264916985812108,
      157.6045105528192
    ],
    [
      "DEB-61B2473F",
      -40.87437108718905,
      30.612440572376027,
      285.7968227120309
    ],
    [
      "DEB-BE8DF3EB",
      26.049254870137002,
      -155.50800683598374,
      316.4490973483589
    ],
    [
      "DEB-FFEA52E1",
      -18.333282324614967,
      38.279908159024664,
      306.53012324191513
    ],
    [
      "DEB-16DBABF0",
      -35.96387707873512,
      136.61090116161532,
      910.4509424569596
    ],
    [
      "DEB-B95E168D",
      33.137556207018704,
      145.04632682181006,
      466.8077040742901
    ],
    [
      "DEB-AA6FDC75",
      -46.78396786246052,
      -175.55142970339668,
      228.80511481387202
    ],
    [
      "DEB-5F27047D",
      3.5138519143973923,
      28.99250312949831,
      687.7362862388491
    ],
    [
      "DEB-B9E8A1BE",
      49.76502150334133,
      154.12455244558984,
      722.9482107529957
    ],
    [
      "DEB-8BFDACCF",
      7.888074087136857,
      -75.64444773975636,
      595.4697522884453
    ],
    [
      "DEB-5CA6F500",
      55.6662453847228,
      -106.22773903722175,
      868.9184816215866
    ],
    [
      "DEB-0B7B6B36",
      30.521220282044514,
      32.82628167331268,
      824.7265811104744
    ],
    [
      "DEB-59D1E60B",
      6.0073142809717215,
      95.32644684871333,
      686.7725210094104
    ],
    [
      "DEB-259017FA",
      -23.64041780343524,
      -144.26432791480352,
      441.3946439369711
    ],
    [
      "DEB-8290145F",
      -24.36481727472674,
      -149.64308987515776,
      682.4280111015405
    ],
    [
      "DEB-43B04255",
      68.81648701289974,
      179.0954439317241,
      382.2015692863888
    ],
    [
      "DEB-C6EC617D",
      -19.97142016142348,
      130.09960248055106,
      790.5106505086305
    ],
    [
      "DEB-9417D0B9",
      42.10529824238281,
      164.89381586121394,
      276.08252285935396
    ],
    [
      "DEB-B1A3EBE7",
      9.39315578312664,
      126.98390957495668,
      700.8026694801301
    ],
    [
      "DEB-A19CC1EF",
      -18.588635637222477,
      -46.719564068292534,
      170.8579823095415
    ],
    [
      "DEB-2E4EFFAB",
      -8.661609240282967,
      -105.18449132051185,
      310.85128010146036
    ],
    [
      "DEB-660FA234",
      36.61104653057956,
      71.9812552680753,
      796.3033270146252
    ],
    [
      "DEB-D4650603",
      -37.8300775036959,
      70.0186448732725,
      594.6769815799844
    ],
    [
      "DEB-47008F5C",
      -52.9728982317143,
      -179.28722381876645,
      182.30028746285916
    ],
    [
      "DEB-FD3D6407",
      10.503872729502941,
      -97.15078555263658,
      854.8936436651638
    ],
    [
      "DEB-72D449A3",
      -55.378922373769306,
      79.38216940484669,
      364.40891242770886
    ],
    [
      "DEB-15A2ED55",
      -51.76879868290778,
      -64.91409700691582,
      515.4610369825195
    ],
    [
      "DEB-91EC9F85",
      -68.54034693876842,
      -101.72088959714831,
      757.1902182483836
    ],
    [
      "DEB-957531E6",
      36.3312195128065,
      65.19037773822839,
      837.3459096579672
    ],
    [
      "DEB-E4A4C89F",
      25.93691422402949,
      109.87649752177559,
      272.7244735912054
    ],
    [
      "DEB-B670BFE6",
      -34.70329404992999,
      -53.03201424217661,
      820.407384516121
    ],
    [
      "DEB-B79162C5",
      -72.5618540216994,
      -50.9953726072015,
      517.7009677369069
    ],
    [
      "DEB-E11B13AD",
      -2.714034427750718,
      -118.22053321751996,
      396.27141246042356
    ],
    [
      "DEB-1B3ACBD9",
      -0.8672771621102097,
      -115.99265376116355,
      586.7504967507675
    ],
    [
      "DEB-02800174",
      22.982577583129167,
      45.03956227796665,
      570.0685530397195
    ],
    [
      "DEB-DFA02786",
      -24.005933341443924,
      87.34256083147869,
      394.3361233142359
    ],
    [
      "DEB-5A9AF519",
      -24.724688066013538,
      -32.15002141548299,
      344.8332474151557
    ],
    [
      "DEB-93335A6E",
      -31.027162107137357,
      43.14181269128478,
      916.4040631976541
    ],
    [
      "DEB-8E9FDD04",
      11.320730015175394,
      -122.44552159135213,
      603.8027779141257
    ],
    [
      "DEB-04042CAD",
      -2.751634924748268,
      170.53182974395403,
      816.3342250735013
    ],
    [
      "DEB-C6044C3D",
      -24.389471597337828,
      54.254017938467186,
      127.31274971520361
    ],
    [
      "DEB-619145EB",
      -27.323713898454436,
      -136.709751717959,
      777.8066913629018
    ],
    [
      "DEB-79CDF67C",
      -8.79594873886522,
      -74.93583058028763,
      920.2558921700138
    ],
    [
      "DEB-4BC393C2",
      1.9714439816043805,
      -68.64509894463608,
      721.3619033167597
    ],
    [
      "DEB-604D7581",
      -32.39238218482846,
      -153.62461838198834,
      500.04412087261244
    ],
    [
      "DEB-04A72D32",
      -38.44078178580725,
      -106.32883564622556,
      463.45253230859817
    ],
    [
      "DEB-23F78EC7",
      -37.23225796203608,
      172.79591466472206,
      667.8610743363952
    ],
    [
      "DEB-B7515DD8",
      -51.436254462138386,
      150.11803225232427,
      173.2652274145621
    ],
    [
      "DEB-94F945C2",
      -32.13687567185631,
      117.71574536341082,
      316.7383492219724
    ],
    [
      "DEB-565DEAB6",
      -51.606125085794716,
      109.27779589079067,
      632.0281219215285
    ],
    [
      "DEB-850F7D9B",
      35.23089714414913,
      79.54371137230335,
      636.4897103439553
    ],
    [
      "DEB-FFCA1D3F",
      34.84416918361199,
      152.27795649605036,
      676.6570966968084
    ],
    [
      "DEB-944C9CF3",
      -18.062901331593554,
      49.67703180823092,
      608.2814225215761
    ],
    [
      "DEB-DAEBD883",
      26.150850761878434,
      92.8998304339113,
      692.8071872665405
    ],
    [
      "DEB-5C7BEC07",
      -50.732364092547414,
      118.87982496411017,
      286.9368471189591
    ],
    [
      "DEB-CDF1D1D6",
      35.46592751248523,
      -5.547463655682354,
      230.28396576334853
    ],
    [
      "DEB-74E5F347",
      19.08883419199833,
      -41.592615219321296,
      752.7214261583167
    ],
    [
      "DEB-1CACB68D",
      40.047153606609214,
      -166.22146927640344,
      540.5096025856055
    ],
    [
      "DEB-8F045C32",
      -57.83022549919362,
      -139.96187234121732,
      244.36526115514607
    ],
    [
      "DEB-6ED1F314",
      58.500974417451104,
      -73.0913223742619,
      350.05275448395605
    ],
    [
      "DEB-430E0CE7",
      65.27135543635579,
      172.04276140787482,
      369.1382163873859
    ],
    [
      "DEB-C738C8CC",
      -8.737965078348974,
      82.78897748122557,
      616.60441208265
    ],
    [
      "DEB-3386CFD5",
      5.554118032768484,
      145.63768106999996,
      740.3189720561795
    ],
    [
      "DEB-2E9C67BC",
      -50.542538244397896,
      -102.2563795916115,
      385.27531227524196
    ],
    [
      "DEB-52B27ECC",
      -61.24393538376539,
      127.6033908693506,
      495.3733732236524
    ],
    [
      "DEB-BBF5610E",
      -40.28778495699818,
      -76.13569607909393,
      280.95476969837
    ],
    [
      "DEB-C996961D",
      0.8443499951139355,
      -73.91345972418533,
      314.1785068468889
    ],
    [
      "DEB-04ED502F",
      -38.27205843794483,
      3.7776679461927936,
      161.5328730117517
    ],
    [
      "DEB-295795CF",
      -38.676631448818355,
      74.43460218393008,
      800.6216151174967
    ],
    [
      "DEB-810FF5B7",
      -24.395678645413142,
      -69.51347985714874,
      886.5275057843301
    ],
    [
      "DEB-F866D07D",
      36.37382619751152,
      -136.8354053564148,
      684.8811623150068
    ],
    [
      "DEB-9EB4A3AF",
      23.526641720105467,
      88.1495910568909,
      568.8940241137389
    ],
    [
      "DEB-7682E6BF",
      36.93691872097784,
      -158.0483877267249,
      266.07830437573193
    ],
    [
      "DEB-B333CC03",
      35.70260740575875,
      112.59877669193774,
      472.5304957496801
    ],
    [
      "DEB-CADD8970",
      -48.83071699918276,
      44.659229130755705,
      657.6000162050996
    ],
    [
      "DEB-E462E2C6",
      15.525788473665248,
      85.64502590141012,
      304.11284605282344
    ],
    [
      "DEB-D20A321A",
      -32.21780420080451,
      -102.65669037292551,
      898.2156127939515
    ],
    [
      "DEB-1C705587",
      50.2252236727286,
      -86.33437211315703,
      498.3053439909336
    ],
    [
      "DEB-6AEE83E7",
      -69.16095661901682,
      82.49523159507547,
      695.4968632308146
    ],
    [
      "DEB-E64DF266",
      48.91927212116486,
      116.39091092304653,
      470.2107604694347
    ],
    [
      "DEB-995DA1FB",
      48.854617984540866,
      -24.192664237692988,
      716.2394394181265
    ],
    [
      "DEB-5A94518B",
      -6.365151398692642,
      44.07822765712454,
      577.0204731469566
    ],
    [
      "DEB-8E6ACF42",
      7.014082631885549,
      74.12451828798615,
      682.9587641656008
    ],
    [
      "DEB-ADAE0BFC",
      56.42096900354222,
      -129.8115060142766,
      874.3152963421671
    ],
    [
      "DEB-EECFE88F",
      17.11233406387905,
      -142.77424358559617,
      795.6759172950142
    ],
    [
      "DEB-B6747D84",
      46.96484556115595,
      166.41089336394893,
      922.4926537742895
    ],
    [
      "DEB-3D288402",
      -9.183738857004842,
      -147.52132474287706,
      604.8153210887231
    ],
    [
      "DEB-54EA3044",
      0.3819679769403216,
      36.793822401910916,
      583.761899653231
    ],
    [
      "DEB-D2763FAD",
      30.81325204774552,
      14.148977477465374,
      530.6264989674128
    ],
    [
      "DEB-265B2B57",
      -44.86241588496099,
      -21.498241919969466,
      799.6125861407218
    ],
    [
      "DEB-2390014F",
      -7.514719861500758,
      -115.03427419485948,
      878.4405539310246
    ],
    [
      "DEB-6978F253",
      54.845557413888535,
      5.978778156867479,
      699.5811246773337
    ],
    [
      "DEB-54C93268",
      -4.77628859092831,
      -31.63146542446171,
      512.2691842339173
    ],
    [
      "DEB-3446AA87",
      -45.95793605491927,
      -93.36993270988503,
      663.8889572212984
    ],
    [
      "DEB-4D4865B6",
      -38.712133602532596,
      102.85242604536842,
      377.27567590583294
    ],
    [
      "DEB-50BF558D",
      24.41355684924399,
      -115.24066925856312,
      647.5062985270943
    ],
    [
      "DEB-E9E1EF2B",
      16.643907729507355,
      19.670699489698137,
      516.9187209381898
    ],
    [
      "DEB-389805E1",
      -21.740053451472473,
      -58.85079479740363,
      425.66457885779437
    ],
    [
      "DEB-6440E16C",
      -66.43945215556657,
      20.68885467627921,
      290.6016965379931
    ],
    [
      "DEB-1D02E4AD",
      -9.302187281735494,
      8.452432861092944,
      604.9475905443123
    ],
    [
      "DEB-F24DAEB1",
      -13.304783154102678,
      -39.1762402498035,
      905.4665107252677
    ],
    [
      "DEB-FCE30944",
      20.17562528073909,
      178.27717292769327,
      712.4619071049856
    ],
    [
      "DEB-2F525498",
      20.045035684216266,
      64.20910460089166,
      362.37649055647944
    ],
    [
      "DEB-65D55124",
      20.605463381118504,
      151.64028652841336,
      331.17117633481485
    ],
    [
      "DEB-54421DA1",
      78.51149239979985,
      50.775480066906795,
      390.28763688617255
    ],
    [
      "DEB-9CDD5A50",
      19.927467678347128,
      4.202477055781353,
      324.8464919324033
    ],
    [
      "DEB-622D6733",
      18.56512110494625,
      -82.16846301050451,
      855.8284733782457
    ],
    [
      "DEB-BDCABCB4",
      36.09837208822787,
      -39.77156799633178,
      224.15667185930488
    ],
    [
      "DEB-6C8ABE66",
      19.038521189781815,
      64.22721640939852,
      829.8722010319361
    ],
    [
      "DEB-6651541A",
      -35.39764363150476,
      84.32519987054766,
      473.18996654791135
    ],
    [
      "DEB-CFF5B797",
      22.5946123724336,
      171.97901878700586,
      243.0955315832125
    ],
    [
      "DEB-0545E5ED",
      13.696341030719589,
      -151.74552983129422,
      248.42086284433935
    ],
    [
      "DEB-5F659F66",
      59.26152828405501,
      160.62270000606927,
      533.8868295557659
    ],
    [
      "DEB-5EEBDC25",
      14.397907943558149,
      149.20239212287194,
      400.8314612371878
    ],
    [
      "DEB-91520180",
      -75.01955316255383,
      -70.45682140422254,
      718.8932134972802
    ],
    [
      "DEB-F08DC728",
      -28.16101792210646,
      -67.46901751791968,
      622.8804251066103
    ],
    [
      "DEB-98B59A3C",
      -12.811841040025975,
      -131.18408494376558,
      327.8614112761152
    ],
    [
      "DEB-7993B8FC",
      -30.077997935549146,
      -38.94675991274956,
      305.59202866334
    ],
    [
      "DEB-23CF52F8",
      -14.272107941933308,
      142.6629509701066,
      880.330164814306
    ],
    [
      "DEB-2D934D92",
      -50.262363999389216,
      79.98018640419866,
      848.9649059316125
    ],
    [
      "DEB-17C75AB5",
      51.88928066273633,
      -67.90589287016137,
      552.4339320432373
    ],
    [
      "DEB-AF1B154B",
      -39.71122203014122,
      90.64347938281108,
      381.56381614163547
    ],
    [
      "DEB-BF38C624",
      2.5334602056654356,
      130.5264248277334,
      455.8717187979046
    ],
    [
      "DEB-F8C683EE",
      -2.782797068052081,
      89.12278399825924,
      568.0330108872977
    ],
    [
      "DEB-2CFD56CF",
      26.298332267825195,
      -99.01240993220405,
      181.54416991497874
    ],
    [
      "DEB-D858C10A",
      27.04026808712456,
      132.84302515272142,
      791.24442098486
    ],
    [
      "DEB-A3B63627",
      -15.876535854092795,
      113.02895550194388,
      554.610163495242
    ],
    [
      "DEB-3F802BEE",
      -37.66033481963268,
      120.99204646590407,
      114.23753944503096
    ],
    [
      "DEB-0714775D",
      52.140177506232845,
      -130.43320468343725,
      310.84964394590224
    ],
    [
      "DEB-2371152D",
      24.343835893773708,
      -81.09292492534989,
      155.7229136656906
    ],
    [
      "DEB-AAE82C61",
      73.26646194636639,
      -51.75425967919029,
      672.4545620497629
    ],
    [
      "DEB-64FDBCA3",
      -21.784924222536933,
      -155.56329645989962,
      314.02876759927403
    ],
    [
      "DEB-A0A2345C",
      -46.33454029594294,
      22.581390406031897,
      413.9527192404739
    ],
    [
      "DEB-D8FF118B",
      -32.11148091874581,
      119.55802302011577,
      857.270346219796
    ],
    [
      "DEB-082A3CE3",
      -58.318392892088966,
      -178.98518162781002,
      837.4354546733639
    ],
    [
      "DEB-8AAB8E87",
      -20.704721345672496,
      54.03230294116216,
      288.22344879788125
    ],
    [
      "DEB-8442D957",
      61.878157234783224,
      -147.93037188384108,
      673.6326019105345
    ],
    [
      "DEB-122F9327",
      -18.355219728892788,
      -126.92382029145645,
      840.4691686152319
    ],
    [
      "DEB-1F8B990D",
      43.97085486775727,
      17.873689998963822,
      656.6328175627914
    ],
    [
      "DEB-E23114BE",
      46.675385657543615,
      -161.77048337542817,
      440.9055509578857
    ],
    [
      "DEB-364C71FE",
      -63.473214005921186,
      -70.1056256431627,
      189.69439307959146
    ],
    [
      "DEB-FD7F633D",
      5.14576978847583,
      76.87025793561902,
      221.71639145938934
    ],
    [
      "DEB-E7845933",
      -7.613020590129352,
      139.5082757915204,
      192.6304620916444
    ],
    [
      "DEB-D146A472",
      23.093435268379356,
      -52.47161715977662,
      669.8341190649026
    ],
    [
      "DEB-1A8D488B",
      -55.36352484927243,
      -110.38151485437753,
      214.03279825216032
    ],
    [
      "DEB-3DB6DF21",
      -49.42852966750702,
      -67.2764491850668,
      349.6669494215794
    ],
    [
      "DEB-53DEAA79",
      -41.95236643780649,
      27.105875484802056,
      248.52715553272083
    ],
    [
      "DEB-8D84F3E4",
      67.31718682966626,
      13.759756457462586,
      303.7579055466322
    ],
    [
      "DEB-4826510D",
      14.043169576624575,
      -122.67333684974346,
      305.7003732085159
    ],
    [
      "DEB-E4AF9BDD",
      25.479410740243477,
      58.41234415018504,
      310.2261250739348
    ],
    [
      "DEB-1593324D",
      -10.382579724174555,
      -81.2505392268856,
      148.04822221542145
    ],
    [
      "DEB-87BFF8C7",
      -23.791075645177415,
      76.8613210205499,
      834.4643689279555
    ],
    [
      "DEB-4EEEC651",
      7.428270703426847,
      67.55571744810214,
      179.01990028838554
    ],
    [
      "DEB-D231EF0B",
      -5.49646915535875,
      -58.17882769350783,
      430.9530033259789
    ],
    [
      "DEB-A2A38EDC",
      11.823554667128999,
      -18.425107529419574,
      621.6189940404274
    ],
    [
      "DEB-50B0887E",
      18.60766503057169,
      -59.09786924853377,
      226.13275816007263
    ],
    [
      "DEB-70DE4222",
      14.369832164558785,
      154.01683660770402,
      397.8230353516419
    ],
    [
      "DEB-CC01CB08",
      -38.814390248472876,
      98.46100894452786,
      621.275653246722
    ],
    [
      "DEB-BCFB9A2C",
      32.38389663692351,
      -2.1483192815042744,
      543.2366553606525
    ],
    [
      "DEB-603FA4B3",
      24.279908994832333,
      135.6499600629354,
      493.13824676906825
    ],
    [
      "DEB-5A8244F2",
      -39.96755047347376,
      -50.76838885263299,
      909.58349440041
    ],
    [
      "DEB-40F5FCF3",
      19.4962909231093,
      126.29041187516329,
      775.5035755525796
    ],
    [
      "DEB-47061863",
      37.18772372872547,
      -130.54002591454622,
      756.0544154252148
    ],
    [
      "DEB-71BC1837",
      -67.69695446451767,
      157.324455895265,
      726.3486144205835
    ],
    [
      "DEB-6DE3D669",
      -66.1926933670835,
      76.23825873191691,
      764.506685642119
    ],
    [
      "DEB-906B2FCE",
      13.191372707630002,
      -141.65102882199906,
      144.51733154075282
    ],
    [
      "DEB-E1941595",
      -10.617622531009903,
      -166.73970474359575,
      547.2717396821581
    ],
    [
      "DEB-D64F3B80",
      -56.52737535036493,
      137.68898005035828,
      591.7759999564823
    ],
    [
      "DEB-94F2647A",
      -12.551681601561171,
      28.518867896157243,
      191.7579305886211
    ],
    [
      "DEB-BBA66A26",
      -26.039136891109532,
      -176.1950283271104,
      720.4887024166947
    ],
    [
      "DEB-05993F42",
      -39.91223708523034,
      47.36441165719629,
      234.55566259304305
    ],
    [
      "DEB-EE7E82BC",
      -49.004738140228326,
      28.94099368515684,
      217.31379632697008
    ],
    [
      "DEB-EBE90780",
      76.77388505377041,
      50.60377498464932,
      366.4425646194277
    ],
    [
      "DEB-CB187546",
      18.43654512310252,
      -38.81413171244126,
      423.5323589696818
    ],
    [
      "DEB-22D52E74",
      -1.920466004416715,
      -64.09509675445146,
      382.7164704121269
    ],
    [
      "DEB-CC87C8E5",
      -85.08946296486799,
      -125.57088980299145,
      718.4772078785445
    ],
    [
      "DEB-04E953F0",
      62.802675417837236,
      -178.3527860640048,
      695.5600347584304
    ],
    [
      "DEB-B9FC1596",
      -25.42054169889839,
      126.34506524751006,
      540.2287123513379
    ],
    [
      "DEB-2AC8B937",
      -22.121966414480514,
      -97.1314820024625,
      118.99714691331428
    ],
    [
      "DEB-5222157C",
      30.33350135984171,
      144.5494407994882,
      156.3661089277839
    ],
    [
      "DEB-5821A6BE",
      1.42345122200848,
      13.66974922714486,
      318.06812791458196
    ],
    [
      "DEB-A36B4BE5",
      58.22045585128855,
      -16.101226063679487,
      797.1715484465767
    ],
    [
      "DEB-35982CE2",
      -13.910661530801733,
      149.91188193860836,
      855.6548554247247
    ],
    [
      "DEB-E54F847E",
      -85.06304655681753,
      -88.36331919093242,
      412.5068025630626
    ],
    [
      "DEB-E3E5FE32",
      10.716218806053998,
      -108.90049872217996,
      236.6836429222103
    ],
    [
      "DEB-37FB3A75",
      32.689474207468386,
      110.00664991314389,
      599.3879482377542
    ],
    [
      "DEB-CCF7B586",
      7.920636479737332,
      20.494988473346712,
      484.12450692450057
    ],
    [
      "DEB-196F5148",
      53.937880187331835,
      -124.25319201190312,
      138.5178970826555
    ],
    [
      "DEB-62C12C07",
      -86.49161263931205,
      1.6741167815260383,
      399.82670907082957
    ],
    [
      "DEB-5BB5B629",
      -34.434577669455685,
      156.13276299394636,
      732.6523332565366
    ],
    [
      "DEB-3AE61B8C",
      -56.031002648976376,
      57.13512157924273,
      266.0090825743182
    ],
    [
      "DEB-8D47D9A4",
      30.250094675355626,
      5.2416827647636435,
      591.3519237975252
    ],
    [
      "DEB-EF3AF3CB",
      3.1740225281448393,
      39.17102480576993,
      506.59475998213475
    ],
    [
      "DEB-FB2A84AA",
      -67.6498528377862,
      51.96236342636701,
      302.27287853577127
    ],
    [
      "DEB-667B549D",
      0.8307194834716287,
      169.02707145497544,
      333.06678597791506
    ],
    [
      "DEB-B32727D7",
      -26.951552074680414,
      -43.21364744782773,
      448.7816113280851
    ],
    [
      "DEB-3F47160B",
      -11.01385550967167,
      -3.9671437701848085,
      423.78655322922987
    ],
    [
      "DEB-25E2FA8B",
      67.19137717468048,
      -106.52168946857496,
      440.2178707409721
    ],
    [
      "DEB-EB149EEA",
      54.79620569993642,
      -170.2823967773625,
      245.78681280888577
    ],
    [
      "DEB-34727946",
      74.07599223235734,
      62.09464536369661,
      647.179107331539
    ],
    [
      "DEB-E13A33DD",
      29.9819032276646,
      -57.12055359121648,
      227.99437988581758
    ],
    [
      "DEB-61BA72CF",
      53.127419858927254,
      -37.400795729581766,
      743.723583189565
    ],
    [
      "DEB-F936E683",
      -50.99670040060312,
      170.56052101614065,
      806.426382127197
    ],
    [
      "DEB-A1133035",
      58.096085707637314,
      83.02340357010297,
      597.6717233446034
    ],
    [
      "DEB-FF2DBAC6",
      9.180819621909418,
      2.719346585280383,
      262.9958258011029
    ],
    [
      "DEB-4F0B0A59",
      25.993127950470303,
      159.26186588181656,
      384.91480025337387
    ],
    [
      "DEB-706CA470",
      41.2353504679434,
      -56.75470258953744,
      332.51712992874764
    ],
    [
      "DEB-310D65FC",
      -43.842084560845144,
      73.10158539972392,
      570.4692417659626
    ],
    [
      "DEB-59B7DB4D",
      56.53442942047993,
      30.58839326785902,
      376.0759387347216
    ],
    [
      "DEB-10FE6A00",
      57.694101942682245,
      142.56644691694464,
      241.203507888471
    ],
    [
      "DEB-D7CFB1E1",
      25.441588131924995,
      53.03772877914957,
      801.4087591926664
    ],
    [
      "DEB-D8BA007B",
      14.38453478385559,
      165.88382515679865,
      119.44448943582302
    ],
    [
      "DEB-355CDBCF",
      -1.2597811900629174,
      -153.79439333186602,
      711.475723529441
    ],
    [
      "DEB-102F7E44",
      -65.80338454781968,
      50.46704494622439,
      232.76757382722462
    ],
    [
      "DEB-B55DF4B1",
      -42.083623252842195,
      161.2820840307339,
      157.32253488338574
    ],
    [
      "DEB-5ABB2CE6",
      48.492922011215875,
      -124.83980152892507,
      466.834884949295
    ],
    [
      "DEB-2F580C91",
      -12.620093430189748,
      153.86920432190047,
      846.4549325318394
    ],
    [
      "DEB-0006B90C",
      35.47487114066852,
      12.16058544593884,
      256.7002998392063
    ],
    [
      "DEB-1B7BD419",
      -20.91623831029429,
      135.4966312465062,
      833.6516739768977
    ],
    [
      "DEB-8D0292D8",
      -57.25664399976371,
      -85.43756476482444,
      816.4524774201718
    ],
    [
      "DEB-821F230D",
      -1.391757227505415,
      11.69861560887901,
      679.2824396296028
    ],
    [
      "DEB-700F7738",
      35.24211286412866,
      -14.29098176582944,
      529.839733232312
    ],
    [
      "DEB-00FA56AE",
      -56.97503907160755,
      -19.816380977243778,
      327.91494773726845
    ],
    [
      "DEB-83F31CE0",
      -46.91436578250817,
      178.36520997089522,
      906.8923715620949
    ],
    [
      "DEB-9BBE9BB0",
      -20.998276981160075,
      60.36214972925292,
      263.5467020236247
    ],
    [
      "DEB-3D107103",
      -22.336240015744128,
      55.04285585957625,
      239.56097268743179
    ],
    [
      "DEB-06B25BB0",
      -36.80817931561723,
      -108.08066582907138,
      231.38445246656374
    ],
    [
      "DEB-247A1BAC",
      31.769182706534988,
      55.68015764992251,
      629.4652006509677
    ],
    [
      "DEB-B82020FF",
      24.1656501249559,
      37.33559422866096,
      632.6952941040026
    ],
    [
      "DEB-D05F385D",
      28.907390314163894,
      118.67094647399172,
      739.9561521582418
    ],
    [
      "DEB-1929D789",
      23.866928537632035,
      -36.17022603284382,
      676.1828877393627
    ],
    [
      "DEB-C13FD947",
      -35.77458080501783,
      -51.925566886408674,
      586.7267827821506
    ],
    [
      "DEB-226C0FCB",
      -18.07622706621283,
      -55.911496835291295,
      246.8227969094578
    ],
    [
      "DEB-33D4BA1D",
      11.890169130080885,
      -44.5350113823836,
      517.9926427780556
    ],
    [
      "DEB-2703391D",
      -70.46601170896383,
      175.94997124893,
      171.7535772633355
    ],
    [
      "DEB-9AF18EE7",
      10.56772717899111,
      169.44419449043005,
      593.4609687950424
    ],
    [
      "DEB-C2A951DD",
      50.8872212047086,
      8.119459943233624,
      356.3018478160129
    ],
    [
      "DEB-DFCB2B17",
      -13.97491164871208,
      -91.11154211538252,
      513.0412039339853
    ],
    [
      "DEB-956C4737",
      -46.243273560221866,
      44.51140978805051,
      725.3049843153394
    ],
    [
      "DEB-2EFF5EFA",
      -42.55324814861236,
      -46.92796590868333,
      550.319175217779
    ],
    [
      "DEB-44ED9387",
      -66.27300522353765,
      179.59907612843492,
      515.7208169678588
    ],
    [
      "DEB-4D603814",
      35.30920797245421,
      -100.35826426839509,
      118.60925340410995
    ],
    [
      "DEB-37D279C7",
      25.363013425779577,
      -7.331610259315489,
      555.8553305306623
    ],
    [
      "DEB-3A1357AB",
      -47.75010152887966,
      136.84273398466013,
      563.8686833638876
    ],
    [
      "DEB-4FA6E471",
      -31.692984990515132,
      136.38121877172307,
      225.77241245400273
    ],
    [
      "DEB-4D2FDDCC",
      -40.155208985825475,
      69.88283316439174,
      621.782568929063
    ],
    [
      "DEB-11687BF3",
      -3.8218598355945663,
      -160.16114636814726,
      522.0224020280566
    ],
    [
      "DEB-4BECDD76",
      -27.236436640464035,
      -177.359987786946,
      390.919366992086
    ],
    [
      "DEB-40B0C25C",
      24.403967884941654,
      38.1614345326817,
      762.6609734223293
    ],
    [
      "DEB-64C7D26C",
      27.881458936892376,
      -94.68484763174105,
      415.2044351701452
    ],
    [
      "DEB-8E0F51EB",
      8.843801959875641,
      14.539578116694253,
      615.1223852065323
    ],
    [
      "DEB-49E0D82A",
      -26.999870660809258,
      -20.261630331300456,
      390.0707734179314
    ],
    [
      "DEB-6CE9C1BF",
      -37.1109025019295,
      -116.34751153550395,
      617.9073565351191
    ],
    [
      "DEB-370FD666",
      28.38255973299404,
      -80.23939528912385,
      229.23684662382038
    ],
    [
      "DEB-F0C0611A",
      -63.35222004619704,
      74.36329775796115,
      259.9797695151283
    ],
    [
      "DEB-9F7C4F15",
      -2.1902288400036833,
      -150.11793026253068,
      370.52706078771826
    ],
    [
      "DEB-39174C8A",
      66.90553489503523,
      58.18412235806812,
      612.000515448186
    ],
    [
      "DEB-83ADAB72",
      16.207547203787982,
      44.73853667300983,
      907.5066259547375
    ],
    [
      "DEB-6740950A",
      27.965951638206473,
      -155.3984633079646,
      802.6039588361264
    ],
    [
      "DEB-678DB4B3",
      -50.72159704961869,
      122.70404409642113,
      368.8746844508569
    ],
    [
      "DEB-BE11F9C8",
      -33.0148047037881,
      -128.0035013353226,
      545.8358641574123
    ],
    [
      "DEB-D1C6A0B8",
      19.319415083699223,
      169.17359105049937,
      684.9559845427411
    ],
    [
      "DEB-07AA8E83",
      -16.346702716933716,
      161.9453660855876,
      891.6217563149112
    ],
    [
      "DEB-9E538D2B",
      16.07489900819105,
      -170.32507696418347,
      870.6941261516058
    ],
    [
      "DEB-7ACECC8F",
      42.72980016827416,
      91.48651610502752,
      603.470148924167
    ],
    [
      "DEB-739B078D",
      -50.97530117251182,
      156.3488364332907,
      376.65537937181307
    ],
    [
      "DEB-7BD74FDE",
      -20.873861324854126,
      45.08773566052995,
      824.6725435036433
    ],
    [
      "DEB-46F0F314",
      -27.401113625645472,
      -134.58843784402399,
      466.12124496395063
    ],
    [
      "DEB-5413583B",
      -39.06953672059123,
      130.0688571869251,
      703.9413603987277
    ],
    [
      "DEB-58C97823",
      -46.163076995639365,
      -127.2868019374053,
      118.08759241969983
    ],
    [
      "DEB-0838B87F",
      33.14779189030952,
      -33.86695657475994,
      348.4779109947922
    ],
    [
      "DEB-E5D9C677",
      -13.970251232858246,
      -131.75322453843387,
      139.17306486418147
    ],
    [
      "DEB-2DC67C3F",
      27.763074296641847,
      69.49845353961346,
      777.6348519020339
    ],
    [
      "DEB-549F778E",
      70.3061758207046,
      82.93029847030014,
      336.7976228265179
    ],
    [
      "DEB-18E2D052",
      -31.599029101584364,
      -146.33092036548913,
      265.5964147969162
    ],
    [
      "DEB-38623A32",
      21.889432382222957,
      -70.5920942660217,
      681.6285485249828
    ],
    [
      "DEB-4E4F4426",
      -53.5803507849917,
      -78.97459172725928,
      667.443050761749
    ],
    [
      "DEB-5AD02A84",
      -19.35433803187625,
      129.01871966864775,
      394.68337415473343
    ],
    [
      "DEB-B41E9A72",
      -6.269832077703648,
      18.140197279818256,
      564.2870790872794
    ],
    [
      "DEB-42BCE4C7",
      3.170274469702462,
      -146.44550235889696,
      635.880105691127
    ],
    [
      "DEB-E73B5FFF",
      56.373057967174056,
      34.57245627710201,
      399.97745800051416
    ],
    [
      "DEB-328A9314",
      63.67194400016068,
      -71.06556491418485,
      930.7712301281035
    ],
    [
      "DEB-F8C07F83",
      -85.1691475989574,
      157.7904990535287,
      698.3340555815321
    ],
    [
      "DEB-196063A2",
      1.366100962919818,
      39.69375628191311,
      378.11016950396424
    ],
    [
      "DEB-C156ABCB",
      18.617250252908995,
      128.12746706908527,
      360.42399186095554
    ],
    [
      "DEB-F9109F18",
      -10.39439001672528,
      -84.35463424429004,
      388.2342892631277
    ],
    [
      "DEB-64F6889F",
      -1.402965890767301,
      118.15278170986218,
      874.6486297571164
    ],
    [
      "DEB-AB1A7527",
      4.834883075287817,
      115.77703821173445,
      534.6101503629498
    ],
    [
      "DEB-49310C39",
      -11.132113369371547,
      85.49786193159431,
      501.3500891874419
    ],
    [
      "DEB-6F674E4F",
      -23.735098126411714,
      -128.1471250915189,
      299.9519487798316
    ],
    [
      "DEB-0FB78F32",
      59.37286291649275,
      -97.19963398575989,
      467.32461640785914
    ],
    [
      "DEB-93E3590E",
      17.740170532374343,
      167.41154160293468,
      827.442270035589
    ],
    [
      "DEB-2C663046",
      4.343700289682118,
      -87.28137993009724,
      528.7856478826689
    ],
    [
      "DEB-124B03C2",
      39.004662669839924,
      -88.88366755223635,
      614.9262591794577
    ],
    [
      "DEB-AF973C8B",
      6.289444614676722,
      -72.74528900459119,
      293.14185328111944
    ],
    [
      "DEB-F4C87C71",
      -55.26079442163857,
      -70.00435400583689,
      678.7002244987989
    ],
    [
      "DEB-D242CDD8",
      -0.5748464697365059,
      90.19572356408136,
      923.5994134985849
    ],
    [
      "DEB-9FDB3B84",
      -71.8948599680305,
      -172.64002830269143,
      615.5105310636818
    ],
    [
      "DEB-CDEFEF18",
      70.10618246608581,
      -113.44309842647179,
      377.4190349656337
    ],
    [
      "DEB-8E63327B",
      10.767497572854701,
      -74.47167376899273,
      441.61143733127665
    ],
    [
      "DEB-5B6AF1D0",
      -24.116669835297603,
      22.0359370113943,
      670.5263294461147
    ],
    [
      "DEB-6B0609BB",
      22.7980946205609,
      -89.83899627872431,
      783.761725546382
    ],
    [
      "DEB-A4FC69DA",
      -65.57959987757744,
      49.18461469571386,
      376.20314615187453
    ],
    [
      "DEB-798FC572",
      -49.16768533216475,
      -146.54157151497148,
      117.51115280793783
    ],
    [
      "DEB-B9F5A40D",
      -44.970989770736814,
      70.0697168132135,
      801.2199628313301
    ],
    [
      "DEB-A874A652",
      -21.38468355284046,
      -157.3423514719629,
      890.539747414251
    ],
    [
      "DEB-079CE79A",
      -10.175583063651814,
      -64.7842794534201,
      770.7176327056732
    ],
    [
      "DEB-3D477543",
      -19.59586232677488,
      6.486039552334715,
      209.2758913302996
    ],
    [
      "DEB-C3D9ECA4",
      24.09068540003822,
      94.33378686684097,
      148.78346469822282
    ],
    [
      "DEB-30C509C4",
      -13.959856727735946,
      70.9404597430227,
      178.92809973427757
    ],
    [
      "DEB-5329A62C",
      -28.78598304259225,
      69.46761129695443,
      713.2024286894784
    ],
    [
      "DEB-23065C0E",
      -58.896529797076575,
      44.925626133786146,
      645.6345726549016
    ],
    [
      "DEB-10D0DA74",
      3.4628194851405576,
      134.463661366733,
      630.8493577287791
    ],
    [
      "DEB-AFDD5CCE",
      21.234192614254052,
      -9.202327252792456,
      364.70082126299167
    ],
    [
      "DEB-6438EC35",
      54.29973673185092,
      -90.52833731391289,
      581.0770960725977
    ],
    [
      "DEB-7D9BF503",
      -17.382382526255316,
      -30.40045913951632,
      749.0352954862956
    ],
    [
      "DEB-A92ED0FB",
      -22.980943626417176,
      20.414332116802058,
      802.8976660304907
    ],
    [
      "DEB-736FF3E0",
      -81.83899788923362,
      -175.98407864774208,
      344.0670030574911
    ],
    [
      "DEB-AD614842",
      -65.85523022232856,
      146.82524326062858,
      248.24442956207167
    ],
    [
      "DEB-7BAC8320",
      -37.25351304484091,
      142.7739104699945,
      741.3687364039151
    ],
    [
      "DEB-B339BDA8",
      -14.37576690268559,
      -172.28617781766087,
      482.482043498293
    ],
    [
      "DEB-94D71D9A",
      -14.321888199307914,
      88.06816194347783,
      440.21784571175067
    ],
    [
      "DEB-351F7A77",
      70.86686820201074,
      43.18648360624841,
      498.68103175859505
    ],
    [
      "DEB-8169E816",
      -43.11016713964228,
      151.38165552940657,
      294.7727708519733
    ],
    [
      "DEB-8DA4162B",
      48.483819645108795,
      1.3353886567405693,
      696.0981592749458
    ],
    [
      "DEB-1615EE69",
      59.23912607001226,
      44.89488562299668,
      877.4425110016082
    ],
    [
      "DEB-FF0C3E64",
      9.289591518219956,
      -74.11640270263378,
      529.7905062058244
    ],
    [
      "DEB-8FE28703",
      46.75077021435782,
      -42.753443323573435,
      925.9955473929231
    ],
    [
      "DEB-21F0C587",
      6.549209281769979,
      10.62838003332675,
      283.71167457687716
    ],
    [
      "DEB-CAB5416A",
      -18.432060190614298,
      -125.7037909003826,
      799.7752922415102
    ],
    [
      "DEB-62011F5D",
      -61.77217709886794,
      -171.5381035539823,
      878.8188200078066
    ],
    [
      "DEB-56B9B9FE",
      16.49693933493111,
      -28.190333293530276,
      279.5219468636906
    ],
    [
      "DEB-4B3E9D73",
      -0.009681270965142676,
      -127.35837582886107,
      210.82692439528182
    ],
    [
      "DEB-D711E732",
      29.499972802975055,
      -58.079834512761856,
      263.09708897358996
    ],
    [
      "DEB-D7768A05",
      22.144065684691427,
      -152.0399025962121,
      235.31615450878144
    ],
    [
      "DEB-4A6AA608",
      -16.129717314364473,
      38.38358898163357,
      714.7147764886304
    ],
    [
      "DEB-AFB41E3C",
      -26.78173173264066,
      -36.14509395982743,
      826.1680242598013
    ],
    [
      "DEB-737A3B85",
      17.828152970529818,
      -173.32399197759847,
      381.89726611306105
    ],
    [
      "DEB-8ED485F5",
      -41.26608697337071,
      -75.03478391942136,
      685.215357864382
    ],
    [
      "DEB-0BEBC18C",
      24.792130546340037,
      132.73190675732423,
      783.8234849399942
    ],
    [
      "DEB-58FCB782",
      52.521921855289435,
      -165.08613039171706,
      278.6664138617125
    ],
    [
      "DEB-F6024D0C",
      -26.14659054206677,
      52.4409841015909,
      301.3778728508669
    ],
    [
      "DEB-693B3001",
      57.35963931419639,
      -95.69164846315569,
      875.4150972126854
    ],
    [
      "DEB-2A9A2FC6",
      -37.02670529015689,
      155.19974494532514,
      345.80522610788285
    ],
    [
      "DEB-921A7F53",
      25.61068921055129,
      7.465598262526364,
      476.2072609176539
    ],
    [
      "DEB-3DA917D5",
      62.373113399266934,
      4.9268919424795,
      507.91072910446474
    ],
    [
      "DEB-5B7A29FC",
      -31.02109146299998,
      125.33266623711434,
      188.61494371970275
    ],
    [
      "DEB-C497DC06",
      -20.27750208607749,
      -103.94978518452345,
      615.5415280453581
    ],
    [
      "DEB-B2C4384E",
      -32.30547076731601,
      -172.73937121079126,
      744.7440912599268
    ],
    [
      "DEB-4FE548D3",
      -30.6493195827354,
      73.89831622000459,
      605.7468626374639
    ],
    [
      "DEB-CF2C5509",
      -8.03129918363595,
      167.15406523935852,
      181.7053944095187
    ],
    [
      "DEB-4C58168B",
      33.435640499437916,
      144.58794516087804,
      825.1750455128931
    ],
    [
      "DEB-158D1431",
      -66.27096305306063,
      -140.45226809847028,
      395.51052225586136
    ],
    [
      "DEB-200583A8",
      -32.59635858787649,
      -169.0481068258313,
      447.6098262145588
    ],
    [
      "DEB-6F138026",
      36.520369597384985,
      -119.4803479856171,
      160.02168626860566
    ],
    [
      "DEB-154F0F3C",
      43.388924863726984,
      -129.71084586297098,
      384.73068713491466
    ],
    [
      "DEB-3549EE5B",
      34.7758433893653,
      166.9102929681188,
      710.5888992634837
    ],
    [
      "DEB-288186FB",
      -43.01340523295312,
      109.159778532325,
      506.9364280513464
    ],
    [
      "DEB-CEA380F8",
      -37.90624309588891,
      149.7481903687615,
      180.56063521152555
    ],
    [
      "DEB-B4ED496C",
      -47.46046956170882,
      159.4546628508388,
      696.6708988636383
    ],
    [
      "DEB-EA121237",
      -28.6460223126762,
      -148.63114443495306,
      282.7179090763193
    ],
    [
      "DEB-3C0B739F",
      12.607890301355333,
      48.18422218320664,
      354.6795489765191
    ],
    [
      "DEB-61463206",
      22.598385310499687,
      61.71018368704848,
      309.30859553394384
    ],
    [
      "DEB-26938B50",
      68.79555137314331,
      60.04760526388459,
      429.6589077553099
    ],
    [
      "DEB-F82A6CC5",
      -31.292151335225075,
      -54.98830544665563,
      779.5450306648663
    ],
    [
      "DEB-93C601C7",
      7.453171924332669,
      30.84830001938508,
      870.2312038591017
    ],
    [
      "DEB-51FC6A8B",
      -5.350958781508549,
      61.99237238937863,
      736.5920896481703
    ],
    [
      "DEB-3F82B9D4",
      -25.521542271208453,
      -48.91519952081707,
      683.3230818631382
    ],
    [
      "DEB-5C23C40E",
      22.895902951763038,
      -161.39482897485436,
      805.4415792829668
    ],
    [
      "DEB-84A7B7B1",
      -36.89704101320197,
      36.52267794738507,
      142.43256655332243
    ],
    [
      "DEB-B8FF85B2",
      -51.02060993108866,
      125.57454618016116,
      375.9395107960072
    ],
    [
      "DEB-E7B1CF63",
      48.906511021219735,
      83.3228879686268,
      644.2198583424461
    ],
    [
      "DEB-25E80925",
      31.774957085360864,
      115.03261086473135,
      910.1729400844588
    ],
    [
      "DEB-DAEA8130",
      -54.70224933417776,
      162.28485873849138,
      570.3935735816594
    ],
    [
      "DEB-1879FEF7",
      -14.224490134424213,
      70.89522621331994,
      636.7084289072036
    ],
    [
      "DEB-1E35631D",
      -2.42529703694407,
      -146.74129403920452,
      508.2402008810559
    ],
    [
      "DEB-58453B9D",
      -27.598453042669487,
      13.065917612975818,
      333.37582675622707
    ],
    [
      "DEB-17C9F80B",
      -27.353071491679863,
      -139.86649109672902,
      679.445590058227
    ],
    [
      "DEB-F6FFFF40",
      -68.9338603417864,
      -179.72648326072482,
      469.3267895998415
    ],
    [
      "DEB-E571F238",
      43.712480195370006,
      -161.5810403545529,
      222.90233335337143
    ],
    [
      "DEB-2A8C25AD",
      -26.64172513357453,
      33.884150974666596,
      651.9936726457345
    ],
    [
      "DEB-F4BB9B97",
      4.516504989477318,
      125.50527992919744,
      339.6093839020605
    ],
    [
      "DEB-0BE156C0",
      9.648499236836258,
      151.84523555063134,
      745.1524994728998
    ],
    [
      "DEB-A7D26F37",
      -9.236109564838701,
      -156.58649109975372,
      467.87896576260664
    ],
    [
      "DEB-E2727551",
      83.87005547263581,
      67.74659160926859,
      625.1166863222879
    ],
    [
      "DEB-F56C1CBB",
      41.71890997261008,
      -55.40475117422619,
      691.6108474700732
    ],
    [
      "DEB-15597F16",
      46.25513485997585,
      -160.3674013114053,
      477.54100539614956
    ],
    [
      "DEB-49886C8C",
      17.80536398018846,
      155.87582825485651,
      367.7300012639171
    ],
    [
      "DEB-18A21121",
      -21.545089665088998,
      -127.8860380440276,
      160.6972656959042
    ],
    [
      "DEB-342641B7",
      -55.765775180525516,
      -20.064140363353722,
      430.63888289854185
    ],
    [
      "DEB-69910CCF",
      -37.40512559891092,
      51.19151845349195,
      742.5125157119674
    ],
    [
      "DEB-FEFA0069",
      -18.286569277311962,
      -136.1739339201714,
      739.4597875021764
    ],
    [
      "DEB-FA95E114",
      -16.93350209502757,
      -19.085897645482937,
      500.9912196192254
    ],
    [
      "DEB-2CF51433",
      52.15253677712672,
      -45.60925893818527,
      127.50051137033006
    ],
    [
      "DEB-17ED5EB5",
      55.130015202341454,
      -57.507934811530625,
      157.3460084704211
    ],
    [
      "DEB-BABA27A2",
      -55.15841997572363,
      105.26870947038051,
      349.6047162122122
    ],
    [
      "DEB-067BB7E2",
      -39.11640964017388,
      103.94992643612494,
      862.4709141414614
    ],
    [
      "DEB-E822D956",
      -11.757076793289555,
      52.38190082376023,
      909.3251159272322
    ],
    [
      "DEB-280B2705",
      17.992016328766404,
      -5.606026734084399,
      799.0523974486996
    ],
    [
      "DEB-A3AA52AD",
      3.1628364592158804,
      -143.75993956420245,
      179.32063016547
    ],
    [
      "DEB-FF123EC3",
      -63.77375329898885,
      -56.76521253738044,
      443.8861443467358
    ],
    [
      "DEB-D3C80FB9",
      15.801360472992407,
      55.04236258145835,
      305.1961533216527
    ],
    [
      "DEB-864C6942",
      -45.605603387365036,
      -110.66545964415725,
      434.59886707395344
    ],
    [
      "DEB-06E3EA46",
      -39.60670202237691,
      121.082295348921,
      695.7458892006516
    ],
    [
      "DEB-39CB34F6",
      -43.22451112738638,
      -4.597344604288883,
      916.1112632932281
    ],
    [
      "DEB-6E0D72F4",
      -5.1386105750272915,
      112.71887383649896,
      353.2115699036749
    ],
    [
      "DEB-B67A8E7A",
      -31.023422020704302,
      14.118119991484114,
      410.6816449062171
    ],
    [
      "DEB-5E93A35D",
      31.517550406242677,
      -97.94834539480144,
      712.8248133889529
    ],
    [
      "DEB-6989F016",
      -7.405399760456117,
      -111.78217124505295,
      480.6244835114421
    ],
    [
      "DEB-0700A198",
      -44.29061990545921,
      -59.12144019038179,
      284.3077712072818
    ],
    [
      "DEB-895E018A",
      47.3187735129519,
      -109.56423721502402,
      180.0926947788621
    ],
    [
      "DEB-5B86855A",
      -0.13797095298078146,
      37.42372933831516,
      538.8449632827178
    ],
    [
      "DEB-7FD7CDE6",
      37.77777816641944,
      -137.59458341683282,
      213.64152362021377
    ],
    [
      "DEB-82AADF28",
      5.4606015672201185,
      39.82628481842458,
      848.5643730198608
    ],
    [
      "DEB-5AD27327",
      25.873364297099844,
      -2.4204120170098906,
      784.2656922402812
    ],
    [
      "DEB-DB6DCF1F",
      -20.613166558955793,
      22.469662895794244,
      182.32622411639204
    ],
    [
      "DEB-376EABA8",
      62.039867098632364,
      -108.85696221687685,
      683.6598601299183
    ],
    [
      "DEB-34B0A8A6",
      36.96570110850013,
      91.76568420365557,
      121.5139916328717
    ],
    [
      "DEB-F6481E8E",
      -27.765362118985287,
      142.6023098383658,
      303.86752683431587
    ],
    [
      "DEB-04652629",
      -81.87894498622828,
      -131.39459070225254,
      312.372101250623
    ],
    [
      "DEB-07C6F344",
      -39.70610030199627,
      6.088463336424446,
      274.3315539334717
    ],
    [
      "DEB-EBD9F7F7",
      50.86196918032916,
      118.19803151681441,
      688.861532103213
    ],
    [
      "DEB-244C14C6",
      66.69925248126181,
      -163.53272370595414,
      475.85413994663577
    ],
    [
      "DEB-AB2EAE9D",
      0.5310174836315888,
      168.53618312894497,
      632.9973971290929
    ],
    [
      "DEB-82B121CB",
      -35.859404383650535,
      108.36411120529874,
      409.0813899676541
    ],
    [
      "DEB-973F1186",
      16.855704989909395,
      169.35987084688023,
      599.2514915187512
    ],
    [
      "DEB-90DFA01D",
      55.01480193298443,
      137.18093916963005,
      185.3106659311543
    ],
    [
      "DEB-E56899F5",
      28.18396192504489,
      32.19441059351087,
      225.07140269022693
    ],
    [
      "DEB-39BEB47C",
      54.65449788811693,
      -98.27831871527026,
      868.6403795326696
    ],
    [
      "DEB-1214C435",
      51.01445113598163,
      -68.2356210788738,
      207.4229802883392
    ],
    [
      "DEB-D38ABB3B",
      19.421760290454703,
      57.296354895160206,
      439.0134059371867
    ],
    [
      "DEB-E0653060",
      -54.58425236840724,
      -156.20327591221957,
      143.39357949619898
    ],
    [
      "DEB-0F609D17",
      47.475098826568804,
      119.85462104970024,
      875.5637719849292
    ],
    [
      "DEB-FB561A9E",
      11.955355249795334,
      -44.50556374390061,
      886.5291737918506
    ],
    [
      "DEB-2A2034EE",
      45.19843130083295,
      125.16289739428464,
      923.0838165667701
    ],
    [
      "DEB-D3365CB8",
      -47.31691558122391,
      -100.53425316450941,
      848.3811527012813
    ],
    [
      "DEB-2A87CB06",
      34.56529607809941,
      -97.9720458791743,
      555.7428186356219
    ],
    [
      "DEB-85F84666",
      -21.358482116967192,
      -72.75893777208954,
      860.649436427112
    ],
    [
      "DEB-D15500A9",
      21.03873785088254,
      134.75242162210913,
      418.97426898380763
    ],
    [
      "DEB-B32B6E9A",
      23.101166213165527,
      61.75571574697661,
      634.5091984917217
    ],
    [
      "DEB-B9E7FA59",
      -8.332243289086184,
      60.52121395865085,
      237.55561866151402
    ],
    [
      "DEB-EF2315CB",
      -25.972316754219868,
      -71.51215814511438,
      435.9508997478697
    ],
    [
      "DEB-42DE3449",
      -77.52737758142685,
      -83.80345694304424,
      629.7820420783482
    ],
    [
      "DEB-17E527AF",
      6.011970243342876,
      -27.13488305430809,
      166.18763582894007
    ],
    [
      "DEB-4435C67E",
      12.93794738003737,
      -157.80042059722348,
      644.4680966852166
    ],
    [
      "DEB-A3183D95",
      60.01623228653086,
      -111.1589457153916,
      229.3666414381405
    ],
    [
      "DEB-DC009C87",
      24.39558352449679,
      -93.73501101211384,
      718.5886419849558
    ],
    [
      "DEB-8470EBE5",
      33.92722035211978,
      59.23200118128546,
      926.9403846864006
    ],
    [
      "DEB-8BE7AC9A",
      10.910772606840311,
      165.16787818366933,
      572.0557504175813
    ],
    [
      "DEB-DBA513C8",
      -52.91687106792652,
      -17.05824218270537,
      476.82986307666124
    ],
    [
      "DEB-73775543",
      39.24774729531167,
      -87.61892150337557,
      283.83221224360295
    ],
    [
      "DEB-AE9C45F7",
      37.09221411124259,
      -6.128643157419999,
      532.6653140556573
    ],
    [
      "DEB-FCAA7CA2",
      24.853457274954696,
      50.12741513603512,
      302.99927923915675
    ],
    [
      "DEB-CE543B7C",
      -71.20948916792646,
      3.886207166539612,
      681.693919061293
    ],
    [
      "DEB-A27E0D36",
      -10.87155049297281,
      161.95539979498395,
      318.81057926739595
    ],
    [
      "DEB-0677B565",
      -49.2657278633624,
      -21.82517419231838,
      690.3328715740663
    ],
    [
      "DEB-B3DB639A",
      65.77012808596412,
      39.653861472399846,
      146.2447976668018
    ],
    [
      "DEB-E09F736D",
      24.453207021371565,
      114.42303590077894,
      685.3161110929586
    ],
    [
      "DEB-E2DECC71",
      50.740550365199745,
      -52.726814749001,
      736.133900025221
    ],
    [
      "DEB-8E479DC1",
      42.716422417873524,
      33.555550957150935,
      395.2569470256831
    ],
    [
      "DEB-34143ACE",
      -33.04085305546418,
      -14.893139078935983,
      360.2419180246625
    ],
    [
      "DEB-94207BFC",
      17.762176866432547,
      -20.26963463901189,
      774.713849304545
    ],
    [
      "DEB-1F212729",
      -16.235584250215986,
      111.0888929417012,
      660.1709694460769
    ],
    [
      "DEB-FA4F83CB",
      -10.384698059804283,
      -157.37296877880374,
      155.6026760558061
    ],
    [
      "DEB-2350983A",
      -0.4232727708391073,
      139.95360541178343,
      337.05497284301146
    ],
    [
      "DEB-E1C4B24B",
      -39.39330775481747,
      -110.30402457896805,
      793.317606792587
    ],
    [
      "DEB-31035866",
      69.19059099946024,
      61.449885514149095,
      839.6936887323272
    ],
    [
      "DEB-D1CFBD3C",
      -47.07300331869354,
      168.01906308086868,
      195.30296292654657
    ],
    [
      "DEB-59A665EE",
      43.180885954700955,
      139.29127892998278,
      383.6056194299854
    ],
    [
      "DEB-AC6087A0",
      22.431123394270557,
      36.596000609029524,
      286.6967120252393
    ],
    [
      "DEB-41016745",
      -78.17930750953454,
      -102.45310925916081,
      711.4481848348059
    ],
    [
      "DEB-BAA6FF35",
      45.79263575206226,
      -11.823105952624266,
      673.9570071286726
    ],
    [
      "DEB-78CBCA54",
      47.9928553436906,
      16.91063225299891,
      894.4966520236776
    ],
    [
      "DEB-F5EA301A",
      -14.679241076996457,
      -118.17744065115967,
      570.8458414204224
    ],
    [
      "DEB-8BE552FF",
      -29.23916721557366,
      -68.9309094291551,
      271.8934775775151
    ],
    [
      "DEB-1A53459E",
      -40.24104247667992,
      -174.4250162991327,
      597.2822352352186
    ],
    [
      "DEB-1A7915F6",
      -48.62266465674974,
      -148.33475993453766,
      149.46293897325177
    ],
    [
      "DEB-B6580D62",
      46.930904186821856,
      168.90504134338866,
      271.2839789220643
    ],
    [
      "DEB-C2821B2B",
      57.8451273700922,
      -33.95618073371474,
      779.1127757484901
    ],
    [
      "DEB-3691CC9C",
      -20.883936351541383,
      68.23911997418543,
      552.7995751550507
    ],
    [
      "DEB-AB40F387",
      14.064582930917604,
      -41.782516575736295,
      232.51370344074348
    ],
    [
      "DEB-195B97FA",
      -10.488675833654709,
      -76.58092814356051,
      764.4611106257462
    ],
    [
      "DEB-12BC4B2D",
      16.51389921306479,
      -161.2868962434243,
      243.55229778597823
    ],
    [
      "DEB-C77B477C",
      -40.11453680895984,
      -26.682308628211945,
      826.9222796424247
    ],
    [
      "DEB-8572BB53",
      -5.903729086116497,
      123.1880130882517,
      652.9006983626232
    ],
    [
      "DEB-9FFEEF5C",
      -51.74061819431527,
      90.35102409135625,
      742.210854999541
    ],
    [
      "DEB-79456B42",
      35.569089508224636,
      122.78050696456673,
      495.51792769699205
    ],
    [
      "DEB-622CDC47",
      -46.10235545016185,
      -116.49692133771111,
      610.9349432464378
    ],
    [
      "DEB-B3A0B1F8",
      20.15506047358432,
      156.41803733247139,
      869.2388896100101
    ],
    [
      "DEB-9B76DDC4",
      -0.3592465517403088,
      -174.21870975680804,
      467.5365303005019
    ],
    [
      "DEB-534179C9",
      -52.629589473823025,
      118.78875620289848,
      273.7967630141602
    ],
    [
      "DEB-4D95455F",
      -39.81205081218286,
      -126.51731267526601,
      867.6501396463482
    ],
    [
      "DEB-D8B5608A",
      -17.625231378071888,
      -114.3690674701179,
      167.48722071418524
    ],
    [
      "DEB-EFA8E9C9",
      75.64559464996297,
      3.3270470488531667,
      476.0175685931408
    ],
    [
      "DEB-E765A37F",
      -46.72268860134999,
      150.41454927902507,
      739.764174582735
    ],
    [
      "DEB-AB6CFDB8",
      26.266346539149854,
      166.64443035724327,
      519.1019926887975
    ],
    [
      "DEB-CF129380",
      34.14726058784705,
      -154.40457542270403,
      468.6695300243491
    ],
    [
      "DEB-DA4117F6",
      -35.56542494088621,
      -45.92884404914204,
      193.01194775531076
    ],
    [
      "DEB-4DD98ECC",
      43.9143807752795,
      -74.39637875816136,
      565.2900197334311
    ],
    [
      "DEB-9E121E6B",
      -4.386295415383719,
      -82.34636302245094,
      414.44396543852054
    ],
    [
      "DEB-59102254",
      18.837711475374007,
      -44.79688463244099,
      694.6098169136549
    ],
    [
      "DEB-CD281405",
      -26.075043221112583,
      84.12426247840702,
      831.6991430841208
    ],
    [
      "DEB-D58AF3A2",
      31.994017326072058,
      -48.01176754166747,
      201.4456011074717
    ],
    [
      "DEB-00DFB891",
      -1.6616266519723468,
      108.61577128282056,
      121.6230816810712
    ],
    [
      "DEB-E56A546B",
      -31.33710695548491,
      -40.48086122396712,
      110.95703319436052
    ],
    [
      "DEB-E410A8E4",
      -5.5859714344356215,
      48.31476921400445,
      872.7718374015576
    ],
    [
      "DEB-7D75812E",
      14.34659453364979,
      -174.21834656285583,
      370.5245587227182
    ],
    [
      "DEB-151E7E41",
      37.196224053058806,
      95.30979082766507,
      223.3697308631372
    ],
    [
      "DEB-9795560F",
      59.497266079389625,
      -5.149097821457045,
      301.44046321624955
    ],
    [
      "DEB-E509C3BB",
      7.229800899836837,
      38.45959012653236,
      196.11252612411317
    ],
    [
      "DEB-436BEBC6",
      50.90247118912924,
      91.29495317893978,
      188.38440674283538
    ],
    [
      "DEB-1456C04E",
      -44.80624458950522,
      95.31479124512818,
      649.8005184198028
    ],
    [
      "DEB-F99BC4E7",
      -80.38523015317664,
      41.72226950702538,
      136.80682763366713
    ],
    [
      "DEB-8614EE59",
      -42.94044720212181,
      103.97251237838233,
      170.13647409426267
    ],
    [
      "DEB-DB2D6DCC",
      22.967386192013624,
      6.585830669309006,
      602.2854918080293
    ],
    [
      "DEB-3F74B0B3",
      23.436957449159834,
      -21.80551104952142,
      845.8799375281205
    ],
    [
      "DEB-604A5A6C",
      -48.0359364663394,
      51.22458212160224,
      871.9848405931916
    ],
    [
      "DEB-FFE9DEEB",
      24.849948243058385,
      135.89621024671277,
      139.66770140696553
    ],
    [
      "DEB-9A146CC0",
      54.29275539642708,
      88.98568865443978,
      467.26172247684735
    ],
    [
      "DEB-A700A2CC",
      -19.552096464051587,
      57.605207608544,
      536.7957811727301
    ],
    [
      "DEB-69C90025",
      -48.88713263049311,
      -90.16123129903944,
      575.9449355228217
    ],
    [
      "DEB-87973DF6",
      -38.00320111771685,
      16.911370391476474,
      503.99841737377847
    ],
    [
      "DEB-4983302A",
      -8.02603594172069,
      -46.91678334299599,
      340.24094925269037
    ],
    [
      "DEB-11301883",
      -62.65655676655714,
      -96.3994118182951,
      696.2787520365619
    ],
    [
      "DEB-19E4ABFD",
      -56.12214491880619,
      131.54366945924517,
      261.65326366984664
    ],
    [
      "DEB-3271F532",
      45.60536850418763,
      -163.69863532748593,
      653.9730967476371
    ],
    [
      "DEB-93A9839B",
      -3.5660247676828805,
      -21.19444347515924,
      916.9289694718718
    ],
    [
      "DEB-A406EA45",
      -31.432653127042936,
      -38.71551857832646,
      699.6630769278245
    ],
    [
      "DEB-CDAB1108",
      -12.91466944025885,
      -53.46556603784081,
      599.3881306348076
    ],
    [
      "DEB-0678FCB2",
      -1.8388642379940583,
      88.08303961440329,
      203.45576308633736
    ],
    [
      "DEB-EB40E82C",
      -20.861401319492362,
      -5.0685813441393295,
      306.4949755061243
    ],
    [
      "DEB-411548E8",
      -32.44527949978404,
      -111.16787897110702,
      440.26935119256814
    ],
    [
      "DEB-46300FC1",
      65.57888371492376,
      -136.42798025873876,
      651.9856462469243
    ],
    [
      "DEB-15CA32B0",
      -6.5368586758911515,
      170.81501771585292,
      698.4049506626252
    ],
    [
      "DEB-2197639E",
      8.84212447651326,
      16.476516914358925,
      692.274113249282
    ],
    [
      "DEB-3D5EB253",
      10.569085682634267,
      136.43090756836855,
      566.7868599951362
    ],
    [
      "DEB-0435476B",
      -19.69672873779594,
      -154.34921261060015,
      395.51174891232404
    ],
    [
      "DEB-81525CF0",
      -3.889811479038312,
      -13.67565942034678,
      196.1182238335996
    ],
    [
      "DEB-02FFD91C",
      -7.114723469848976,
      -136.61592748099832,
      177.12981212706563
    ],
    [
      "DEB-F0EFE9AF",
      -77.82174816635128,
      152.18366939082932,
      331.4550337610144
    ],
    [
      "DEB-16E65987",
      3.0450750086411285,
      -108.24632168239295,
      396.3727859942892
    ],
    [
      "DEB-C0AD489E",
      -24.17618385174954,
      127.97075885150731,
      747.923390777476
    ],
    [
      "DEB-5A371EDC",
      -46.4622224070871,
      32.605256211555854,
      215.50089776404639
    ],
    [
      "DEB-86A920E8",
      -74.91856276769202,
      -76.76073438055325,
      373.58902774566104
    ],
    [
      "DEB-7DAE000C",
      -5.399226308906407,
      -159.11967877988494,
      875.6814878893247
    ],
    [
      "DEB-030C1495",
      -30.435464849464196,
      5.664243464800715,
      897.7994380659038
    ],
    [
      "DEB-8F67D8E7",
      4.191142049869227,
      155.92262996459502,
      641.271939753381
    ],
    [
      "DEB-D2A3DB78",
      24.13409815107731,
      -57.68060705259833,
      798.268788274303
    ],
    [
      "DEB-97ECD878",
      -5.942723842264164,
      83.28163001406058,
      442.22318965004615
    ],
    [
      "DEB-9372695F",
      10.543523531747708,
      85.9443722998844,
      504.40201423534654
    ],
    [
      "DEB-263E54B8",
      10.567798218436783,
      -118.0822080282442,
      777.6827229772289
    ],
    [
      "DEB-012C5513",
      39.76893876854741,
      165.85283082459492,
      309.0609258617242
    ],
    [
      "DEB-307F23A1",
      69.42114686622146,
      -48.01672884160685,
      663.027158517124
    ],
    [
      "DEB-F8696775",
      -8.442791834861678,
      115.28165245954135,
      875.9696678422506
    ],
    [
      "DEB-9A34AEA2",
      -15.287071713433601,
      75.06635491279528,
      262.26746654040926
    ],
    [
      "DEB-608398D4",
      14.404290414748356,
      -19.627247834026484,
      754.4397697115019
    ],
    [
      "DEB-D38BC23D",
      -9.987623908467619,
      18.026015936005898,
      152.55131905325834
    ],
    [
      "DEB-A03EC798",
      27.96340392034523,
      -32.23193045570387,
      455.8608132333384
    ],
    [
      "DEB-85F1C873",
      39.9480734947493,
      61.128879511752096,
      863.1615122612557
    ],
    [
      "DEB-E306FA8E",
      46.9174217485065,
      40.72287254533454,
      803.2348579810341
    ],
    [
      "DEB-8AF3F70D",
      -37.93687392170713,
      98.03798705135611,
      401.5345888880929
    ],
    [
      "DEB-7AA79874",
      11.096940342848239,
      -69.51756811360596,
      271.4857349094964
    ],
    [
      "DEB-64BD1174",
      38.79485856411591,
      123.32066097511112,
      512.1492437663528
    ],
    [
      "DEB-EA6FA737",
      8.03183224280044,
      52.997096335435884,
      413.63347710097423
    ],
    [
      "DEB-51AD700D",
      26.472153491503292,
      130.38130219849452,
      521.762744476252
    ],
    [
      "DEB-5FB592B2",
      17.19131081933293,
      131.13144049894083,
      749.6547244920102
    ],
    [
      "DEB-B8828357",
      -6.332105802378148,
      95.29319439640136,
      178.65565848457118
    ],
    [
      "DEB-867F1FD5",
      0.4406925676023281,
      -136.2867624594106,
      482.2405258457193
    ],
    [
      "DEB-DD9D4EAA",
      31.166880393278728,
      -43.01583245862893,
      241.734118028362
    ],
    [
      "DEB-D7FD9C51",
      8.062525292037167,
      -146.0041734403214,
      836.6254931704034
    ],
    [
      "DEB-D53214F8",
      51.328966153614736,
      -71.69558607092146,
      314.7746453610298
    ],
    [
      "DEB-2B715207",
      -48.1259420068638,
      -140.60333317888595,
      424.475804892867
    ],
    [
      "DEB-E66F61A5",
      -18.2911648757739,
      -82.67807785735462,
      871.61839181509
    ],
    [
      "DEB-C3EAB6FA",
      -11.987696281958677,
      -82.22225031737882,
      122.62915151416473
    ],
    [
      "DEB-E2A40BA9",
      55.503431807379975,
      -19.870698557677983,
      671.2971967372841
    ],
    [
      "DEB-53945280",
      -39.992759948347846,
      -22.59374027110508,
      500.4465703264086
    ],
    [
      "DEB-5C61E7FF",
      28.947036952514264,
      -78.9399325176081,
      186.53793480393233
    ],
    [
      "DEB-199EFD9F",
      -74.2941291619814,
      40.85555398654584,
      810.9905863109934
    ],
    [
      "DEB-E0C8D9F4",
      -50.86136995203749,
      -140.57599947403284,
      161.12966294740272
    ],
    [
      "DEB-1425A21A",
      15.010763435857994,
      -167.30018290141,
      518.6182192043216
    ],
    [
      "DEB-B8B9C1ED",
      44.060518700368476,
      21.573928332319117,
      149.72067441962827
    ],
    [
      "DEB-10C2F909",
      -10.752832320769862,
      -45.98809012083425,
      144.3516054623924
    ],
    [
      "DEB-B850501D",
      3.2506859180341157,
      -12.680131040974,
      515.246922543547
    ],
    [
      "DEB-80C3D43C",
      61.79883840087665,
      114.35403874604708,
      305.0122812088475
    ],
    [
      "DEB-69EFE67D",
      12.855757959051452,
      50.490335576404625,
      834.4128947587651
    ],
    [
      "DEB-0194D29A",
      17.50515446153456,
      -59.71169119818667,
      633.340414076597
    ],
    [
      "DEB-389D7FC0",
      -21.477138870536837,
      119.58341146313722,
      603.2006140078556
    ],
    [
      "DEB-A8E8D50E",
      -16.21746145519722,
      -86.46107243259638,
      265.55301876932026
    ],
    [
      "DEB-9EDFDAD8",
      -56.07801670901137,
      -104.97440046664775,
      743.9685759217473
    ],
    [
      "DEB-7D1684FF",
      10.992421074036736,
      162.10204535424884,
      319.81444630896567
    ],
    [
      "DEB-AD782766",
      -2.0457989178682836,
      -99.82150265746672,
      641.1485599234074
    ],
    [
      "DEB-57684CD8",
      -9.99102591068172,
      28.506290405033333,
      707.2654572733
    ],
    [
      "DEB-4617C931",
      4.822505864452208,
      -74.11566860952698,
      289.2440001066634
    ],
    [
      "DEB-E2ACE65A",
      -4.527966522085109,
      -102.2701772195519,
      524.8429061529232
    ],
    [
      "DEB-F9397B88",
      -33.979777411403674,
      147.92543087065027,
      393.5012396919683
    ],
    [
      "DEB-48D45D84",
      21.68647290143508,
      -174.6187710297544,
      762.7237486787626
    ],
    [
      "DEB-EFDB4067",
      5.820435553591834,
      65.89164014902268,
      553.7877965840071
    ],
    [
      "DEB-6F616792",
      12.506817530152492,
      -142.36289906975583,
      770.4365796582533
    ],
    [
      "DEB-4C7A170E",
      5.636133109714897,
      -132.17680170351517,
      127.95803023021108
    ],
    [
      "DEB-26EA8F1D",
      -34.745184982395664,
      40.54843760990432,
      194.82640227019874
    ],
    [
      "DEB-322A2ACC",
      -43.621906857298384,
      117.99126604481525,
      321.5827906211198
    ],
    [
      "DEB-DEB664CB",
      -23.681334282302796,
      -178.46109684402148,
      289.2034994612868
    ],
    [
      "DEB-7795E2C4",
      56.24078038751981,
      -116.08579053930485,
      915.7603314684184
    ],
    [
      "DEB-8D0DAEDB",
      -57.63629071508831,
      -17.92907612155166,
      546.2309591572557
    ],
    [
      "DEB-F9D3DDA1",
      -27.045831019339285,
      -4.556106574636354,
      703.7918893517372
    ],
    [
      "DEB-84CDBFCC",
      -64.49174468609449,
      -156.22904652928293,
      467.9787671627664
    ],
    [
      "DEB-B915FEC5",
      30.379646735267507,
      -144.5675048969651,
      240.29475144134176
    ],
    [
      "DEB-758351A9",
      -66.74318581548468,
      26.533574708912965,
      262.2990341302884
    ],
    [
      "DEB-E7B65C9A",
      -20.050560694149436,
      47.73696272812904,
      750.045775245515
    ],
    [
      "DEB-732BACC7",
      2.6114996270337127,
      -122.45675248755732,
      516.5198636575533
    ],
    [
      "DEB-B90921AA",
      -13.306899191061436,
      41.87075502960966,
      533.0353195691287
    ],
    [
      "DEB-0E755A74",
      3.4776853368072143,
      62.23735931530891,
      228.08999765925728
    ],
    [
      "DEB-0299521A",
      16.965232848019287,
      -169.36600027765485,
      519.0178596354199
    ],
    [
      "DEB-A51D24E4",
      40.93957433346816,
      -126.19156470081079,
      143.8301273873003
    ],
    [
      "DEB-2E105B3A",
      -78.12898328644837,
      -50.5455343671575,
      620.1389829134487
    ],
    [
      "DEB-CA3D355D",
      25.020393968465015,
      -35.91455079797682,
      149.09629108180434
    ],
    [
      "DEB-A2D107BC",
      -20.76955077469965,
      112.47242956664095,
      860.1055769517616
    ],
    [
      "DEB-107BACC4",
      -29.115677380812194,
      2.500840921184543,
      705.9954777792955
    ],
    [
      "DEB-B9CF34C9",
      -1.0576218856901651,
      -40.56594881410505,
      810.9684969674363
    ],
    [
      "DEB-EC463126",
      -49.79623306709562,
      -96.14018504320613,
      332.95230158284903
    ],
    [
      "DEB-6348DF87",
      17.12534025223742,
      -164.2052603444624,
      515.2643899837494
    ],
    [
      "DEB-F25E24B0",
      68.36708328327566,
      152.59790114918155,
      298.2536118379903
    ],
    [
      "DEB-2900AC52",
      -25.245080959711444,
      -27.19245405005595,
      855.7674020544191
    ],
    [
      "DEB-1F23C53A",
      32.25061732134499,
      1.9154353543112907,
      689.2869002397301
    ],
    [
      "DEB-ED309BD7",
      -1.8797037605412052,
      141.7428012360506,
      432.258283564076
    ],
    [
      "DEB-E1C663DB",
      -55.344796200156416,
      5.971006519983322,
      695.7379459105268
    ],
    [
      "DEB-C21ACEA1",
      -19.478838695825246,
      106.42690480422101,
      764.2410646094213
    ],
    [
      "DEB-77A2404B",
      -75.18791232197118,
      54.25264680733418,
      828.0685267466142
    ],
    [
      "DEB-F3D4C9BF",
      -58.14600048940643,
      -2.204041631243366,
      363.9851978073266
    ],
    [
      "DEB-1DDB107F",
      43.802062995347285,
      16.70486799078106,
      707.0987376092935
    ],
    [
      "DEB-36DA6B94",
      59.09299980133868,
      -167.6613036245314,
      362.61183760759013
    ],
    [
      "DEB-B0DDC36B",
      -4.152335588226184,
      -163.81492252807774,
      521.3289644301667
    ],
    [
      "DEB-B10465D1",
      61.984262050453246,
      177.88783012857436,
      558.1622365739995
    ],
    [
      "DEB-19C0A9EF",
      34.434030704902774,
      -171.67460109657597,
      742.6189590967488
    ],
    [
      "DEB-1B3384D8",
      -52.3483124879758,
      18.217287429608753,
      228.50859756355567
    ],
    [
      "DEB-EFA45F37",
      -38.31804215170616,
      -16.144492579712267,
      668.1034895056355
    ],
    [
      "DEB-757E0BB7",
      60.80933695968398,
      10.593147685488141,
      278.76309873566606
    ],
    [
      "DEB-448CE4CF",
      -56.25801426963393,
      105.37952490215355,
      766.7614315264755
    ],
    [
      "DEB-5206A78F",
      -51.07589144033589,
      112.54686087204992,
      671.3263373730015
    ],
    [
      "DEB-7F8C3544",
      -67.87700784186038,
      72.55851132677473,
      307.90206409165876
    ],
    [
      "DEB-0CED6DCF",
      12.891281063139486,
      117.27172792749357,
      377.98864406593384
    ],
    [
      "DEB-8D980E8C",
      55.91417695977118,
      -164.78647857672067,
      651.7990519231962
    ],
    [
      "DEB-75F93B05",
      20.697149434175525,
      -58.88052379375121,
      625.1920673957538
    ],
    [
      "DEB-F8A76A7B",
      -54.10514334331746,
      -146.41948448612993,
      256.78717903737197
    ],
    [
      "DEB-EF8DD6A5",
      -39.959968706926695,
      -93.84900101777556,
      659.3812424025155
    ],
    [
      "DEB-B297693E",
      2.831991493078753,
      91.64598318603342,
      749.2568678302432
    ],
    [
      "DEB-66EF2547",
      75.98163812310308,
      132.07676047223976,
      557.8814099566507
    ],
    [
      "DEB-BD4E7EF6",
      32.585852172201626,
      103.46789894036837,
      350.84949511290324
    ],
    [
      "DEB-241A6DB8",
      -55.70011772758205,
      -102.95257212025753,
      520.6490645200638
    ],
    [
      "DEB-4DFD7B78",
      17.923939264247554,
      171.94028970900004,
      203.09979702281817
    ],
    [
      "DEB-2BF7A48A",
      -19.203836834464514,
      -52.391164088764285,
      782.3177739817747
    ],
    [
      "DEB-15F53F01",
      3.057450962190924,
      172.5322823111096,
      270.587304569377
    ],
    [
      "DEB-7BEE60DF",
      -21.825214368464746,
      79.17497714945166,
      829.7252545504834
    ],
    [
      "DEB-4EE2CF66",
      -75.1483492102726,
      45.28594625112046,
      209.3376479698245
    ],
    [
      "DEB-1E87D8F0",
      -4.6171820448566985,
      24.82693327070917,
      346.72942515503655
    ],
    [
      "DEB-8D13BD47",
      30.84521485583061,
      -161.49522377853341,
      644.4925587198577
    ],
    [
      "DEB-6467E5EE",
      -77.88294716493768,
      85.01909875951314,
      620.5247843910183
    ],
    [
      "DEB-B7988A1B",
      -46.74496652012102,
      -12.14038862560918,
      656.0416345059839
    ],
    [
      "DEB-7324EF31",
      3.582104673583161,
      -85.48206541218676,
      301.5586337640243
    ],
    [
      "DEB-F7464E0A",
      29.731141106635942,
      -133.84941977592547,
      847.2363013844842
    ],
    [
      "DEB-2010D866",
      -24.49019507023485,
      -46.720944593257016,
      412.6652137715
    ],
    [
      "DEB-FC6FFC2B",
      -46.552945286936236,
      132.9599831170509,
      371.5589935293783
    ],
    [
      "DEB-E022B066",
      17.04568971257154,
      -175.58930988622896,
      813.5422833831344
    ],
    [
      "DEB-9E533B29",
      10.816438329363644,
      111.84247924263964,
      162.67186887972002
    ],
    [
      "DEB-605C4077",
      -38.310658313196264,
      62.86210797989454,
      824.8324955716116
    ],
    [
      "DEB-62CEF6DA",
      0.9495554323206351,
      2.59072805505318,
      506.5599585998207
    ],
    [
      "DEB-3920BE10",
      7.281616910223895,
      106.75808281210689,
      687.7839617865238
    ],
    [
      "DEB-4BE1149B",
      -17.94592931519542,
      52.40290746824326,
      234.5710869092527
    ],
    [
      "DEB-EF82C944",
      -56.1318049058374,
      -39.885147073195796,
      390.68833795423416
    ],
    [
      "DEB-291F3A60",
      19.304191129569062,
      167.39885285465417,
      257.0735380231472
    ],
    [
      "DEB-673CEB47",
      24.548250846830626,
      3.870530601350562,
      903.5087117375151
    ],
    [
      "DEB-2464A756",
      -58.93574931235638,
      8.64173514040171,
      232.16727624704345
    ],
    [
      "DEB-586A0BDC",
      36.31741198692796,
      121.09269952086429,
      328.24519831678936
    ],
    [
      "DEB-32D5904A",
      -73.43624494039074,
      -31.169838010589977,
      483.71538968597906
    ],
    [
      "DEB-13822F6C",
      43.77032636350259,
      39.39492513137833,
      805.9097149159561
    ],
    [
      "DEB-2593AA3C",
      5.727679524118651,
      37.88887341865563,
      500.4413399107434
    ],
    [
      "DEB-395E088C",
      -16.962336403425045,
      -65.59664200044345,
      183.5038649779708
    ],
    [
      "DEB-EE0F57BF",
      16.641567749201002,
      -117.63252279892754,
      274.9518675859508
    ],
    [
      "DEB-2A0FDEC3",
      4.464143063165578,
      38.5338315446572,
      251.69805783044285
    ],
    [
      "DEB-8E4B6CF6",
      70.84261908256377,
      -29.40132392190993,
      534.70934220239
    ],
    [
      "DEB-10ADB364",
      19.395236822891086,
      109.45219631394964,
      649.4886489117453
    ],
    [
      "DEB-556D5770",
      -11.431765993580703,
      143.26144523862763,
      444.22602549576004
    ],
    [
      "DEB-DAF88116",
      -30.77564189558692,
      -30.32565066687852,
      476.33856614895467
    ],
    [
      "DEB-1501F3D3",
      -49.487430028884546,
      -84.24790900499687,
      869.2729718497594
    ],
    [
      "DEB-B9AF1E1A",
      -18.18900730977148,
      -97.05673808450149,
      760.3820960529147
    ],
    [
      "DEB-F5FFC37A",
      17.762498383481013,
      -89.21487007709591,
      900.918596348014
    ],
    [
      "DEB-AE713F14",
      -60.95763845826844,
      -158.12909046198448,
      292.5442202223858
    ],
    [
      "DEB-258193D7",
      -49.44858342753932,
      111.44918549406606,
      595.8585591531082
    ],
    [
      "DEB-0F77BE77",
      20.78906332838944,
      -67.50567444281295,
      869.2876350333709
    ],
    [
      "DEB-C825F8E7",
      -21.676930640606656,
      -122.48957910332184,
      163.11433193337962
    ],
    [
      "DEB-3268DBC5",
      -3.474243672698546,
      -29.553894846151675,
      645.2391645517137
    ],
    [
      "DEB-D4475BD8",
      43.73139055818035,
      -174.03066330847196,
      794.1267244220762
    ],
    [
      "DEB-FCF6562F",
      45.07914030076313,
      -125.45660089269114,
      214.63222288371162
    ],
    [
      "DEB-D06BD516",
      20.21273427089021,
      111.06931035433601,
      369.76835169311653
    ],
    [
      "DEB-AF95EFE5",
      12.596109058870592,
      -160.47479556023782,
      582.3892804091411
    ],
    [
      "DEB-3F8CCCBB",
      -32.65861435367393,
      -174.4429913752301,
      277.4415187779132
    ],
    [
      "DEB-E0369A58",
      12.363118509405812,
      -106.45053197294483,
      506.1148080284429
    ],
    [
      "DEB-16CD5A52",
      -63.75105057666778,
      -146.52211869702313,
      375.10500297444014
    ],
    [
      "DEB-F6F93069",
      -73.33234275013945,
      161.47712469349247,
      570.936129148562
    ],
    [
      "DEB-3764B856",
      53.341851504444556,
      -136.0537881573795,
      692.2211592516669
    ],
    [
      "DEB-80FBA0BE",
      7.1703876126626325,
      28.3069145148221,
      388.17781377063056
    ],
    [
      "DEB-06EAFEFE",
      -12.617785374083807,
      114.30648015769852,
      364.7857109994402
    ],
    [
      "DEB-4389D65D",
      11.633744923073191,
      -96.98413081129178,
      282.64096630929816
    ],
    [
      "DEB-6E1AF92D",
      -20.370106616527956,
      130.21638832388442,
      684.8286066473192
    ],
    [
      "DEB-20DC3068",
      -48.09730532179282,
      12.435757259140825,
      407.27198995447816
    ],
    [
      "DEB-DEFDACCF",
      7.240144634302234,
      -122.05348187746925,
      363.11371935052375
    ],
    [
      "DEB-0B2D113A",
      -11.558537383263486,
      -102.38201393336459,
      172.23372683353773
    ],
    [
      "DEB-3C2AC8A8",
      -47.97563573979186,
      174.6731742192175,
      703.5478128390951
    ],
    [
      "DEB-944BD9F4",
      49.10918257519658,
      -113.44736454787433,
      518.3748591189697
    ],
    [
      "DEB-8E4C36C6",
      -53.573604978651474,
      27.29407863372817,
      363.2511592105893
    ],
    [
      "DEB-D09A4CBB",
      23.84791067534417,
      -38.53787142962797,
      906.7540225304792
    ],
    [
      "DEB-589E0996",
      -49.46392325265734,
      68.67869488335515,
      350.426707643428
    ],
    [
      "DEB-FE77FE8A",
      -58.03759836613676,
      -88.89674379674842,
      551.5948725672142
    ],
    [
      "DEB-1947A852",
      28.82411436140177,
      -82.95335929363758,
      304.90752016909573
    ],
    [
      "DEB-5B202A1B",
      7.303087566106692,
      -21.11371420615448,
      881.3317980260781
    ],
    [
      "DEB-0507B286",
      5.6194867123289685,
      -128.23131972215313,
      468.52848111636376
    ],
    [
      "DEB-396A4D8D",
      12.446422546606078,
      129.8833429523053,
      666.1571779625792
    ],
    [
      "DEB-8F980731",
      -68.55089128966374,
      161.81343503111447,
      663.4504782244767
    ],
    [
      "DEB-FBADE5ED",
      -59.75885246402757,
      -5.856591161758374,
      572.7323220662429
    ],
    [
      "DEB-7FF1C794",
      50.18635169768226,
      -82.66225007160541,
      175.54495473077895
    ],
    [
      "DEB-BC6654C6",
      -24.12550678179641,
      -30.72619528319422,
      191.85459503230322
    ],
    [
      "DEB-6C1BB9D1",
      -45.78048891416465,
      157.79866229797244,
      595.6419339532567
    ],
    [
      "DEB-B83BFD6F",
      -36.80792854125729,
      -67.04082508419957,
      229.25168926598326
    ],
    [
      "DEB-FCDED39C",
      61.05833370187598,
      -44.80678139775037,
      411.8995490174284
    ],
    [
      "DEB-4EA18B21",
      -65.38276758356648,
      50.553685965276394,
      554.2116392892094
    ],
    [
      "DEB-DF4006FE",
      3.409001579463685,
      64.92640700185889,
      611.4570320085159
    ],
    [
      "DEB-8770F536",
      -36.796080511323986,
      -145.43758439362426,
      233.40456650523356
    ],
    [
      "DEB-CBE1E3D2",
      52.707976488583164,
      40.090528141224674,
      864.8356260436767
    ],
    [
      "DEB-0DB1C318",
      25.664585426303443,
      -61.14220986615835,
      365.2720514801458
    ],
    [
      "DEB-5E948848",
      1.9456580432440669,
      19.244753172981838,
      133.52897835800923
    ],
    [
      "DEB-4A678021",
      -16.159223292709157,
      -171.14631963270133,
      860.7750758011944
    ],
    [
      "DEB-18A2C07C",
      -31.730024305641734,
      -109.3395558483398,
      727.6042941505029
    ],
    [
      "DEB-F7431FF7",
      -44.67035713489619,
      -36.85122080153279,
      529.4260703243917
    ],
    [
      "DEB-71BA53BC",
      5.354518122759457,
      142.6047374807897,
      254.4500923279893
    ],
    [
      "DEB-58BCE51B",
      -34.960292986817954,
      -65.67967500743055,
      812.4149897645457
    ],
    [
      "DEB-5580B5C2",
      -32.44621100319928,
      -138.25038676444376,
      354.8111035439979
    ],
    [
      "DEB-5DA93E2F",
      -62.18565527725168,
      -115.01724291023692,
      320.64214754810837
    ],
    [
      "DEB-7EDB5A2D",
      79.64247854490269,
      -124.77022529797839,
      659.948518683339
    ],
    [
      "DEB-C1C5A310",
      7.529174557988225,
      107.12192956951789,
      176.74592895031037
    ],
    [
      "DEB-F50CF202",
      -19.112197587579466,
      64.78842278821128,
      305.5532132479266
    ],
    [
      "DEB-7E6AD903",
      -57.97217213563308,
      138.39055437360983,
      529.2095349292022
    ],
    [
      "DEB-AF40C7FA",
      -18.216107900117045,
      177.72813086023928,
      352.826323156929
    ],
    [
      "DEB-C103A2A5",
      -47.228585047508716,
      117.7789061767138,
      493.63691282144555
    ],
    [
      "DEB-F0DA3BFD",
      -22.80163122425753,
      29.109715735610884,
      189.8863499795625
    ],
    [
      "DEB-833F880D",
      30.327575340051194,
      -131.53207158921407,
      745.2562018487433
    ],
    [
      "DEB-827CE30F",
      56.605628362079344,
      28.20983924944063,
      824.598908304416
    ],
    [
      "DEB-75F00FB3",
      60.031325367269986,
      0.23170080497168447,
      675.6599006280212
    ],
    [
      "DEB-578EF187",
      -49.433302766015345,
      -62.12313301316764,
      523.0609643652315
    ],
    [
      "DEB-1F8873E1",
      -50.34854272735841,
      60.72661482594025,
      266.4376936011304
    ],
    [
      "DEB-CF4CC3F7",
      -7.604848575042082,
      -44.51919630167005,
      596.1801280047157
    ],
    [
      "DEB-F4AA4E8D",
      41.71232452040258,
      -162.22637472818826,
      687.0690886287457
    ],
    [
      "DEB-EAAC7E3F",
      66.61122636161669,
      -121.39562633551013,
      202.2208459911044
    ],
    [
      "DEB-A07FF2A3",
      3.893697753529152,
      -101.38397562334058,
      257.451080545844
    ],
    [
      "DEB-663DAB7E",
      -24.74892017102809,
      8.977773550987628,
      513.6109166843689
    ],
    [
      "DEB-B74A07B2",
      21.71810122000741,
      -169.49512663186857,
      226.39817358918845
    ],
    [
      "DEB-A12CCA85",
      26.10943765082426,
      -104.92129949629255,
      360.2316731701758
    ],
    [
      "DEB-E5D11A3E",
      -41.131860183236384,
      -18.04578108971551,
      546.6142840084294
    ],
    [
      "DEB-0BB113B5",
      -62.45861914031018,
      76.49154852732457,
      281.352310223303
    ],
    [
      "DEB-C939E19D",
      36.883823789176525,
      62.64814311959521,
      772.0817359732227
    ],
    [
      "DEB-798C4AD7",
      -35.22117585463501,
      -42.865030841871885,
      388.3287850775678
    ],
    [
      "DEB-37713804",
      -28.197977363659138,
      62.03009122053388,
      477.9991400577328
    ],
    [
      "DEB-F1D808DF",
      37.68613573289232,
      117.84659473024888,
      760.8983983712678
    ],
    [
      "DEB-72A1A151",
      -29.098611117987033,
      -43.84248908503454,
      221.3933828224417
    ],
    [
      "DEB-B3352E68",
      14.83861328335133,
      117.79061435180546,
      471.35562974329514
    ],
    [
      "DEB-911409E8",
      -59.784153843620636,
      -49.349935179220786,
      333.92224033282855
    ],
    [
      "DEB-B06FB23A",
      51.23726963937646,
      78.51672103803703,
      727.4078062147719
    ],
    [
      "DEB-C15669C2",
      -13.579256786832115,
      -84.55958791034824,
      521.637279413656
    ],
    [
      "DEB-3C752ECA",
      -53.10342161469927,
      144.8347160401441,
      677.6465896061145
    ],
    [
      "DEB-7C29196B",
      -38.202398907288355,
      -14.544729709783605,
      150.560549250421
    ],
    [
      "DEB-407B4DEB",
      -8.74305861131423,
      101.14774153204374,
      445.71743729599984
    ],
    [
      "DEB-318D46A1",
      -8.510470296561161,
      -7.790096101569508,
      769.7790949880118
    ],
    [
      "DEB-2405BF60",
      5.089941295427234,
      146.02527545874338,
      629.2556440033586
    ],
    [
      "DEB-9E75562F",
      -4.928944021975283,
      23.89084892047489,
      489.29675686509836
    ],
    [
      "DEB-AC5B7605",
      40.80086544318215,
      -155.77187491321587,
      908.5492646527919
    ],
    [
      "DEB-F695133B",
      13.307327548845617,
      53.46347314033751,
      350.063613123958
    ],
    [
      "DEB-D739BAC4",
      14.407646743881543,
      143.60595344219763,
      543.0070253647218
    ],
    [
      "DEB-A32E3C33",
      29.580703237128237,
      89.57814014596845,
      807.2344883819123
    ],
    [
      "DEB-C1CB0C62",
      -10.330878609805811,
      7.934830762758262,
      478.4850675724665
    ],
    [
      "DEB-15B69F84",
      -13.386546939201857,
      65.13275382074139,
      763.1927574371084
    ],
    [
      "DEB-1E8DF475",
      11.20094261693004,
      76.16170387636265,
      924.6142655255617
    ],
    [
      "DEB-F264218C",
      73.88048164950277,
      -91.09921827244682,
      761.1109508173004
    ],
    [
      "DEB-29B998E9",
      -47.587226396352264,
      107.43861593297741,
      778.8647474192894
    ],
    [
      "DEB-3DC537D8",
      16.5827299618764,
      -112.12223362015558,
      922.9065905216057
    ],
    [
      "DEB-C175754A",
      -31.284484543694305,
      -2.4734158031263846,
      898.3709262336024
    ],
    [
      "DEB-8FCFE49D",
      -3.7554897457767358,
      -175.83700484550658,
      587.335503289637
    ],
    [
      "DEB-C1A54E54",
      -45.935885853107386,
      -135.39064959675287,
      758.1267106098212
    ],
    [
      "DEB-B27875D0",
      67.33600793079246,
      -73.84059476698214,
      689.0939081013257
    ],
    [
      "DEB-8E4F8ADA",
      62.98084495880259,
      -44.89804233855281,
      602.8107912236301
    ],
    [
      "DEB-F58EA4FB",
      -48.72815995017621,
      156.9528177226675,
      430.07997102018726
    ],
    [
      "DEB-F8BD2EE2",
      52.06959872652876,
      86.14024012547837,
      720.2089001026225
    ],
    [
      "DEB-47ABC7D4",
      -14.744232104644112,
      -10.87204603149907,
      776.0623282086963
    ],
    [
      "DEB-5789D851",
      -53.76611612089821,
      -93.91889187523638,
      852.0279167073213
    ],
    [
      "DEB-1836EB30",
      2.60120250446794,
      -139.10504097592968,
      865.1786319416478
    ],
    [
      "DEB-1EFE089D",
      29.83595132789404,
      109.14402556225691,
      245.07110238783662
    ],
    [
      "DEB-3B53D60F",
      16.960583696532634,
      136.59253314068002,
      675.453930023602
    ],
    [
      "DEB-56C03C6B",
      -72.20853136533849,
      -3.8629816274992796,
      282.5350636700405
    ],
    [
      "DEB-1ED1CDA6",
      24.999152726043416,
      20.479021550230282,
      506.71789678464756
    ],
    [
      "DEB-DFEDF44C",
      83.78920164635984,
      -61.06424274412671,
      403.10510736900596
    ],
    [
      "DEB-105B86BD",
      -18.20803675177327,
      -2.223683635191223,
      190.32804303881767
    ],
    [
      "DEB-29691C91",
      -56.6792889814859,
      63.13800067216611,
      386.6897496145157
    ],
    [
      "DEB-D083D3BA",
      -35.87397042627644,
      -129.7201005622378,
      872.9822734273557
    ],
    [
      "DEB-78DD08D7",
      -53.843715788283674,
      156.6526070670231,
      567.1670488987702
    ],
    [
      "DEB-23A51646",
      -63.74823793558505,
      111.53125023958808,
      838.4664562306507
    ],
    [
      "DEB-6EF6E349",
      64.66397756415752,
      78.24465084841988,
      169.1900856909133
    ],
    [
      "DEB-F9A66B53",
      12.581642102790244,
      -63.155530814557544,
      666.4292914393391
    ],
    [
      "DEB-8B044CC8",
      11.718801142452726,
      178.08910432386307,
      574.9710528835749
    ],
    [
      "DEB-8E02AC89",
      4.170043434115897,
      -143.43468352227433,
      685.9580339238
    ],
    [
      "DEB-CBA7BD8A",
      40.58979045557244,
      -135.9431555880546,
      260.01499815275474
    ],
    [
      "DEB-5EB96DDD",
      -53.81516517061304,
      -143.23824484066924,
      845.9084038840947
    ],
    [
      "DEB-A301D4C7",
      -28.11578621137992,
      -148.1769615585396,
      941.9371195246458
    ],
    [
      "DEB-3E3AC79C",
      43.22688899189317,
      94.36203871264767,
      227.70732897003654
    ],
    [
      "DEB-C9D6FBEA",
      -11.386956487593013,
      -55.14093392765314,
      392.1819078222152
    ],
    [
      "DEB-348F38C8",
      -32.63454141983303,
      -177.18382944798716,
      493.5317943952168
    ],
    [
      "DEB-01000922",
      24.675227026394822,
      -115.17887487643478,
      310.8929386785858
    ],
    [
      "DEB-F4643FD3",
      -71.01116968748738,
      -148.3264723959668,
      176.57018562363282
    ],
    [
      "DEB-C6694017",
      -11.17620921080344,
      115.08071980130997,
      660.8132937462433
    ],
    [
      "DEB-BC97177A",
      -34.91589742753742,
      -170.4341454181133,
      492.3369291745239
    ],
    [
      "DEB-38CA2573",
      -38.44387648915076,
      86.80047768884332,
      670.4044428527686
    ],
    [
      "DEB-1F16EDC0",
      34.32896409864727,
      -9.162579405130767,
      623.9874195706398
    ],
    [
      "DEB-1C6D00F3",
      -20.221730227551404,
      -83.16933227706572,
      883.196454619534
    ],
    [
      "DEB-3C4A92FB",
      -54.70481390401769,
      -117.38225639984965,
      911.9704008081244
    ],
    [
      "DEB-6B8E48E9",
      -33.8092472368504,
      19.168738064432116,
      600.6082550810206
    ],
    [
      "DEB-D4C8113D",
      16.065769174008214,
      8.912051756189028,
      917.9915928771079
    ],
    [
      "DEB-046EDC31",
      -26.604659493559545,
      33.87071878993665,
      332.26820655145
    ],
    [
      "DEB-DFB58794",
      61.81163815550934,
      -57.909850433891314,
      652.3371391564542
    ],
    [
      "DEB-5A807428",
      -44.28772781055855,
      162.1407418039508,
      225.14932989227964
    ],
    [
      "DEB-E00AAB87",
      62.42275233201874,
      97.72524082092566,
      646.3815703400687
    ],
    [
      "DEB-8793483E",
      -16.288248652103167,
      -102.5632777603088,
      466.9033424517702
    ],
    [
      "DEB-E93F31C8",
      -21.290323293444064,
      -149.9456705307503,
      866.7450496542042
    ],
    [
      "DEB-E16C22AF",
      -38.63531227474251,
      70.76210463921336,
      161.49162149878612
    ],
    [
      "DEB-683E1485",
      -3.4574457548558697,
      63.73833039805918,
      322.588562644728
    ],
    [
      "DEB-28FC1193",
      5.387936550173247,
      111.70757649527033,
      425.3409036049652
    ],
    [
      "DEB-8F3C07A5",
      31.25506105610215,
      -4.272284411005648,
      632.6683189332261
    ],
    [
      "DEB-C3D31F52",
      -75.20012405045271,
      52.289460793763574,
      495.13595313581664
    ],
    [
      "DEB-0C5D9DCA",
      -34.65340073479168,
      -21.75100058367119,
      855.8127968555027
    ],
    [
      "DEB-3BE6BBAF",
      0.4702563882750218,
      179.3644912853165,
      236.86879433756894
    ],
    [
      "DEB-E709901F",
      -52.72824158484173,
      -12.914622590727221,
      465.69832289388887
    ],
    [
      "DEB-D2A58CC0",
      16.74314658354321,
      -121.28005919046633,
      753.6890045653699
    ],
    [
      "DEB-D5E59C2F",
      23.423368469338328,
      -11.397751635482775,
      808.1117656173747
    ],
    [
      "DEB-5BF54356",
      3.9763230767455218,
      110.25018712044061,
      714.1036297520668
    ],
    [
      "DEB-EFA71D81",
      2.3392763802894945,
      -90.83013784991984,
      211.9030980903708
    ],
    [
      "DEB-7B28AA50",
      -24.731979317414496,
      -176.3221108411689,
      170.1054830075136
    ],
    [
      "DEB-DF570C01",
      -29.075114302531905,
      136.15232859334995,
      361.35507386297104
    ],
    [
      "DEB-90B568CE",
      27.337988907358262,
      -29.65526410257689,
      795.0420484736496
    ],
    [
      "DEB-D911FA0F",
      -2.8702600692327978,
      29.327968480915644,
      161.74643581498367
    ],
    [
      "DEB-5B577280",
      38.67983689429745,
      -96.7485162826487,
      650.9645869739888
    ],
    [
      "DEB-3ED2811F",
      0.1657417307725436,
      -27.123023336254075,
      433.1869350069119
    ],
    [
      "DEB-1C865C20",
      21.33272744643916,
      -82.2474177661643,
      409.94441828859726
    ],
    [
      "DEB-E5413CE3",
      -12.395869892062176,
      -156.05121101695846,
      703.7116453950184
    ],
    [
      "DEB-927C07C7",
      -43.27308989754228,
      -19.05177918667611,
      608.7099524390906
    ],
    [
      "DEB-7FC9EF63",
      -8.738496925905187,
      85.94344693639908,
      845.2765584754943
    ],
    [
      "DEB-8D3D2166",
      19.884991528349655,
      49.29961110181055,
      498.18322188695583
    ],
    [
      "DEB-D8B04750",
      -15.206265083446553,
      99.07827693820683,
      723.3089645543305
    ],
    [
      "DEB-3CFC4914",
      -11.66653812342083,
      -160.05407839345398,
      652.7147119117835
    ],
    [
      "DEB-F7B0FED0",
      -55.941102215680104,
      -11.925553241698573,
      445.1485147477206
    ],
    [
      "DEB-432EE4D2",
      51.936160996066114,
      124.09023010777646,
      740.5222973387645
    ],
    [
      "DEB-D7AEE9C2",
      -59.789576159085264,
      20.245088785024915,
      557.5835775929927
    ],
    [
      "DEB-E827A124",
      70.26307363843215,
      99.55950248312386,
      668.9685081431617
    ],
    [
      "DEB-F51B7228",
      85.2194800765504,
      87.69189373447702,
      359.18915688587094
    ],
    [
      "DEB-623568F0",
      -40.63013227905506,
      48.70625877869121,
      881.524715272335
    ],
    [
      "DEB-7B91B50D",
      86.1807657181625,
      -95.59265144923161,
      682.4592908541172
    ],
    [
      "DEB-86C1F0C4",
      72.2286061013726,
      135.89212339226134,
      866.007008622003
    ],
    [
      "DEB-5AD036E4",
      -10.96476414946836,
      177.43499056650336,
      250.60923151940733
    ],
    [
      "DEB-5C91C504",
      -29.09411302214792,
      37.64584648535444,
      613.9840482182963
    ],
    [
      "DEB-761855F3",
      58.51571395722903,
      -118.9474295674453,
      198.3979389214055
    ],
    [
      "DEB-7D7CCF9D",
      31.201223616605734,
      -97.63303582332937,
      148.50765488466004
    ],
    [
      "DEB-7494C072",
      28.42586581387486,
      -160.99570286256338,
      413.410295923125
    ],
    [
      "DEB-5D3A0D23",
      74.43538325159581,
      -35.2236500895741,
      293.9454136403101
    ],
    [
      "DEB-5821A408",
      43.20488888458921,
      22.130513144329942,
      590.399337886869
    ],
    [
      "DEB-B0E8D539",
      -4.654360795901982,
      34.444112852425434,
      930.3051124411577
    ],
    [
      "DEB-0A436511",
      -43.27349738221868,
      12.102695768092032,
      785.4254070110228
    ],
    [
      "DEB-F50290F7",
      5.772326291069701,
      -127.78928531201683,
      843.9567182547862
    ],
    [
      "DEB-D8F86F83",
      -15.82276377492397,
      94.30162012070062,
      579.9678360298476
    ],
    [
      "DEB-5B1DA992",
      54.2875034876284,
      177.8641579385462,
      841.8364063927065
    ],
    [
      "DEB-17C834F3",
      -59.6872040592831,
      46.91695525280639,
      389.83842524464217
    ],
    [
      "DEB-F6EB226B",
      -4.521238439916199,
      16.48447986204092,
      398.9285882411914
    ],
    [
      "DEB-05162801",
      38.223069002188076,
      -122.44995165274659,
      550.0312141147097
    ],
    [
      "DEB-1901D30E",
      10.9214856267351,
      177.35145245538195,
      805.2387871495948
    ],
    [
      "DEB-84CE145A",
      7.591008331348452,
      154.3717526599754,
      134.77379329541964
    ],
    [
      "DEB-10460D95",
      -41.90878716474119,
      87.66105315663074,
      498.85220344153095
    ],
    [
      "DEB-540508C4",
      -67.20837625517893,
      108.99082143640288,
      589.7945991367324
    ],
    [
      "DEB-52AA2486",
      -78.62020776992416,
      24.76314809105699,
      672.4823801075227
    ],
    [
      "DEB-5C54E3A1",
      -3.8492146881915534,
      32.75562130470324,
      360.41918166592495
    ],
    [
      "DEB-BD308621",
      40.714802403166985,
      173.39566573958075,
      744.9487653279612
    ],
    [
      "DEB-E312E967",
      -31.38966048964735,
      -160.77797758010638,
      138.12028649975764
    ],
    [
      "DEB-4762F370",
      63.40906855689855,
      -149.96836069363903,
      211.9047805247501
    ],
    [
      "DEB-12326509",
      27.13885945991393,
      -102.37821119250953,
      663.0840102122456
    ],
    [
      "DEB-75D4045D",
      76.66195694561746,
      -163.0124030757162,
      449.566541693408
    ],
    [
      "DEB-18E42D08",
      -0.9186269016051222,
      105.87470214778575,
      209.35661787973822
    ],
    [
      "DEB-ECDD6524",
      -43.03966465082164,
      171.74258383221903,
      549.3621473869434
    ],
    [
      "DEB-7C3CBD19",
      34.14645834166437,
      61.41458817986526,
      512.57041040271
    ],
    [
      "DEB-E28EF469",
      48.61596401831471,
      -177.74892406128905,
      698.9061198371182
    ],
    [
      "DEB-281B7EAD",
      26.287238098874166,
      134.1280081090343,
      578.644414289377
    ],
    [
      "DEB-00E8D6B3",
      -24.323254522845392,
      -116.35117505489818,
      834.4499255137061
    ],
    [
      "DEB-F1A00241",
      -43.76988740184523,
      -134.2959476466456,
      459.2017387476508
    ],
    [
      "DEB-3D742DA7",
      43.65673357385404,
      -149.8937533960719,
      645.0892162750051
    ],
    [
      "DEB-12122C01",
      -37.09252288792771,
      -103.9505170039867,
      890.3950613648103
    ],
    [
      "DEB-2287F544",
      -43.4385877467699,
      -6.969873542943713,
      238.84096937296
    ],
    [
      "DEB-37AB47D1",
      -36.93814934094413,
      3.8752910923875836,
      173.39350252954955
    ],
    [
      "DEB-43561FC8",
      38.180076540862665,
      -3.5793837328010607,
      383.6352310071843
    ],
    [
      "DEB-FDFE7893",
      63.63434807617354,
      -30.163881515443112,
      867.5223361356238
    ],
    [
      "DEB-A5FB8555",
      42.169367138961476,
      110.16099005021994,
      219.3957240344498
    ],
    [
      "DEB-5AD4309D",
      6.9397091530270405,
      -179.59063995230588,
      730.913789773128
    ],
    [
      "DEB-286CB4C8",
      16.43635154694334,
      37.582243873442934,
      147.99746211049205
    ],
    [
      "DEB-1A88B3D0",
      -5.959485859719586,
      -122.48621890455797,
      686.0720005060903
    ],
    [
      "DEB-E423ED0A",
      -3.7487573258022135,
      165.94824881987978,
      910.9966871700381
    ],
    [
      "DEB-BA60058B",
      -15.165433040450669,
      -73.81689536904958,
      406.3900601796686
    ],
    [
      "DEB-751FCCA6",
      42.60008991761556,
      -165.5820025397439,
      875.1089565272059
    ],
    [
      "DEB-5743D9B1",
      81.43474187617306,
      -153.2586202419851,
      443.0827752192554
    ],
    [
      "DEB-368789CC",
      -54.198444323935846,
      112.87982183233126,
      507.79840049248014
    ],
    [
      "DEB-15EAFCBB",
      -9.119953674931896,
      18.85606717798018,
      240.84406583195414
    ],
    [
      "DEB-736C808D",
      -63.58908990882612,
      166.216940565869,
      894.5427655142039
    ],
    [
      "DEB-3DB0CD1C",
      42.98791861786405,
      12.496401308171391,
      466.0690624055187
    ],
    [
      "DEB-728D3918",
      29.994907559581485,
      99.28818438842606,
      130.3740519736839
    ],
    [
      "DEB-AB1EA549",
      -34.968605727310006,
      -6.461055205040637,
      786.9428344863863
    ],
    [
      "DEB-54292CAC",
      -24.00233192806556,
      -151.2509286399544,
      683.9744401317766
    ],
    [
      "DEB-DD99F9A2",
      15.474081394321223,
      174.31590021959317,
      626.4439469854833
    ],
    [
      "DEB-8C250D6F",
      -36.44614790612958,
      -162.5894236288475,
      733.7198271431425
    ],
    [
      "DEB-1F4E9DF1",
      68.9608905034665,
      173.4573077826183,
      632.4466409364213
    ],
    [
      "DEB-7D671A52",
      -78.61556610666354,
      -150.4068328221013,
      614.3175927742868
    ],
    [
      "DEB-031C1504",
      54.66048143230168,
      10.233326111995611,
      693.5201607440058
    ],
    [
      "DEB-9E91BDC4",
      -47.93332271076321,
      81.28303416736895,
      396.9372850388363
    ],
    [
      "DEB-F2BAD5CE",
      -29.1971235024935,
      -41.94486396507986,
      662.6648858770768
    ],
    [
      "DEB-146E71E0",
      7.969806920584106,
      -108.97658794849329,
      330.3712389197999
    ],
    [
      "DEB-35B73731",
      -0.23694532411803465,
      149.1454492272363,
      443.41894396988664
    ],
    [
      "DEB-E1595A8B",
      22.700327416538165,
      -87.28606865480145,
      441.9907552318964
    ],
    [
      "DEB-DBE0BF59",
      -73.71599798263324,
      88.83613923763458,
      913.8080157473796
    ],
    [
      "DEB-C30E1542",
      5.149174517673642,
      91.4919449255163,
      174.94742006584875
    ],
    [
      "DEB-F15ECEFD",
      21.686680511498235,
      3.6620081121901964,
      847.5079993435656
    ],
    [
      "DEB-D303D785",
      21.47444397253209,
      90.5055206330322,
      131.63770884620408
    ],
    [
      "DEB-84A172AC",
      73.14234985556641,
      46.430306942997795,
      603.9109058270215
    ],
    [
      "DEB-14480701",
      -53.46987898784299,
      153.21556476672427,
      295.0076950728362
    ],
    [
      "DEB-B67E2E04",
      -2.721770268765389,
      -5.982545116126189,
      466.9665070562114
    ],
    [
      "DEB-1FD652B5",
      -37.77108966481176,
      69.63747119888752,
      240.70853507498032
    ],
    [
      "DEB-90147F1A",
      51.37483311259987,
      118.3251382028528,
      331.46447768962025
    ],
    [
      "DEB-E2FE72D1",
      50.21061002994131,
      -139.62231178084582,
      753.415947624695
    ],
    [
      "DEB-5B39DC34",
      0.5117055768694869,
      27.915740493527743,
      930.9951876700661
    ],
    [
      "DEB-022923A4",
      18.288101714781924,
      38.27601668202206,
      368.233175836418
    ],
    [
      "DEB-6E2B1E68",
      -58.124116298541466,
      -119.33065349535802,
      558.6980051079581
    ],
    [
      "DEB-B249499D",
      -55.15209850649702,
      -8.393617394232917,
      307.25994932042886
    ],
    [
      "DEB-71EDB338",
      23.007894485547453,
      -137.26079338110316,
      606.9918689312099
    ],
    [
      "DEB-E47A6F5B",
      67.86528049945832,
      -80.07317344630961,
      502.9765464515822
    ],
    [
      "DEB-E269F2CF",
      -9.151094528258804,
      56.92479673554777,
      711.6026979158569
    ],
    [
      "DEB-0C6A60D2",
      -46.323514254262264,
      -37.1448266691423,
      740.4157539332718
    ],
    [
      "DEB-55DC809E",
      -18.94626755925493,
      123.60739678163053,
      816.2717383023019
    ],
    [
      "DEB-08BE4487",
      -31.140006803313334,
      -165.28194635599792,
      153.76382213414126
    ],
    [
      "DEB-E8B5F7A9",
      -23.54605772001369,
      -105.80256334060816,
      317.26153988242095
    ],
    [
      "DEB-1EB74B2E",
      -46.7254052054915,
      166.16369830164888,
      211.6512724708191
    ],
    [
      "DEB-C9136433",
      -14.32231366562709,
      -143.13644767324985,
      245.9197709554719
    ],
    [
      "DEB-9FBF0A42",
      -19.51040751544009,
      -13.220127556172264,
      507.2335629738109
    ],
    [
      "DEB-A4355C1E",
      47.523883283750216,
      -66.92922638924944,
      693.5348799918565
    ],
    [
      "DEB-3F84DF1A",
      -29.83765043985103,
      127.74782259621323,
      285.43260072526846
    ],
    [
      "DEB-81ECAD7B",
      19.10789021439998,
      -38.59275774931466,
      629.2105442372595
    ],
    [
      "DEB-84D10E42",
      42.870403650258176,
      45.44093296951041,
      745.1346155384945
    ],
    [
      "DEB-3CBD99D7",
      -75.1279995299324,
      -45.05572309857313,
      683.0407754686939
    ],
    [
      "DEB-545D3875",
      4.068633558512337,
      42.41040612861362,
      770.4363692550387
    ],
    [
      "DEB-37E352BC",
      9.749350627467487,
      -115.52883274818994,
      893.3693562305261
    ],
    [
      "DEB-8874A21F",
      -43.52554619228693,
      170.74272405417423,
      893.7238628014984
    ],
    [
      "DEB-9451D177",
      -1.1284687879094573,
      129.74442469817788,
      821.3622127705339
    ],
    [
      "DEB-B398A2D9",
      62.83788849409839,
      -57.74120162723067,
      653.4955719053587
    ],
    [
      "DEB-E03D0F20",
      13.648083609585637,
      11.843977991973649,
      771.0855755999437
    ],
    [
      "DEB-CAD67D18",
      23.232209271005157,
      -52.59483713086515,
      338.6738720764597
    ],
    [
      "DEB-D2392BE5",
      -25.464275762376154,
      57.54768782264392,
      393.7330910766523
    ],
    [
      "DEB-2B18747E",
      -80.13531855417655,
      15.814327162313305,
      587.9646864845263
    ],
    [
      "DEB-771A0D7F",
      25.80489123401073,
      44.9560507940405,
      166.68504078707338
    ],
    [
      "DEB-4660DA11",
      -54.1068577206452,
      148.59004303839507,
      649.789798873895
    ],
    [
      "DEB-0CBF1217",
      36.37090342460578,
      80.45473028410717,
      871.6600987380189
    ],
    [
      "DEB-689190B9",
      -31.613653159018856,
      43.340252637145326,
      775.5326947983758
    ],
    [
      "DEB-9C7AFE82",
      48.0122579328427,
      -40.83097665810359,
      524.5881393569098
    ],
    [
      "DEB-8FE7E56E",
      26.773216238119982,
      34.588726290491635,
      852.1608733937464
    ],
    [
      "DEB-7ABBD72E",
      -32.20446757415006,
      114.44798183572068,
      634.4948803894886
    ],
    [
      "DEB-C785267E",
      -24.796164205424486,
      48.883361016157316,
      561.2802459359136
    ],
    [
      "DEB-D1A2478C",
      42.54969232874956,
      6.945679212058461,
      557.5163094139916
    ],
    [
      "DEB-8645405C",
      -14.41679286594656,
      30.606366244781825,
      820.5761398172117
    ],
    [
      "DEB-A2FF63E0",
      49.07655474144063,
      -157.05219746863935,
      280.3464656266642
    ],
    [
      "DEB-24640CAE",
      -88.52669723746767,
      53.18227953815088,
      523.9551842760548
    ],
    [
      "DEB-C9920F5C",
      47.277849016147734,
      -86.50965016196521,
      597.0114957628675
    ],
    [
      "DEB-971A4867",
      -1.0807606277154134,
      46.1220377594857,
      758.9061115157865
    ],
    [
      "DEB-952A8A05",
      62.92321111349527,
      107.8354848214177,
      427.53650102162464
    ],
    [
      "DEB-404635B1",
      47.13282469537671,
      -104.36463317385059,
      289.7739226552694
    ],
    [
      "DEB-11D13402",
      51.82716641654766,
      -54.759195583685404,
      701.9463903596843
    ],
    [
      "DEB-138E863D",
      -6.238370756353266,
      86.76742333178723,
      783.3063553739221
    ],
    [
      "DEB-6CD6F1CA",
      -30.87537823302297,
      -22.317500381418704,
      561.3470600143291
    ],
    [
      "DEB-AF97F6F5",
      12.47355589281206,
      112.50224331780893,
      613.1032020370812
    ],
    [
      "DEB-E1135F3F",
      -16.525329588378778,
      61.890991253898775,
      339.14711308166716
    ],
    [
      "DEB-C2A5965B",
      20.104828665856708,
      -141.97894602279948,
      762.6521530800319
    ],
    [
      "DEB-EC5C6160",
      -37.61205921748275,
      105.96195593160073,
      455.80914232479336
    ],
    [
      "DEB-5373B8CB",
      -26.304986025412422,
      -101.06217584614768,
      163.4863354289473
    ],
    [
      "DEB-3844D388",
      4.650067686288833,
      -30.816889118222413,
      794.882734527604
    ],
    [
      "DEB-06347FEC",
      2.7201350290250357,
      -124.05419123557448,
      729.1891199215625
    ],
    [
      "DEB-0B75F5E0",
      -9.799565654418819,
      91.58708195769134,
      573.7131147536766
    ],
    [
      "DEB-2E11C56B",
      -15.550675242128705,
      -98.88906467468445,
      211.1259639357686
    ],
    [
      "DEB-B49E15EE",
      0.05940045343571534,
      60.674541254641525,
      564.4659788433855
    ],
    [
      "DEB-8E9C39D9",
      51.818340750804495,
      0.1610571699164239,
      115.61428636160781
    ],
    [
      "DEB-F4902ED5",
      -26.653483880922735,
      137.19286836209244,
      651.4340517457058
    ],
    [
      "DEB-047C5E33",
      -25.015035105736917,
      2.7574132714654156,
      484.93504788316477
    ],
    [
      "DEB-8C32ED73",
      -7.792339915590326,
      139.58918845069053,
      887.7977117239907
    ],
    [
      "DEB-98AAF23D",
      25.883072937116676,
      -138.98959361106202,
      781.5557837508786
    ],
    [
      "DEB-B00E7CEB",
      -26.897841481994714,
      58.33901366430379,
      658.7809960493832
    ],
    [
      "DEB-0B678D3D",
      77.09970993402622,
      -131.9354155748605,
      854.1397241932409
    ],
    [
      "DEB-8627B9CA",
      -34.35643093974206,
      -166.52765477296293,
      715.2092159517078
    ],
    [
      "DEB-D193BFDE",
      62.31317179181816,
      -130.864747193467,
      767.2401382046446
    ],
    [
      "DEB-EA509C87",
      -83.383415618719,
      -112.70340143469042,
      573.4105006680165
    ],
    [
      "DEB-EAD51A1E",
      -29.520196131673195,
      179.39033355606526,
      538.2587263444875
    ],
    [
      "DEB-C5B1FF81",
      12.80864270064564,
      40.71421017590613,
      259.9142471196001
    ],
    [
      "DEB-CAF273EF",
      -18.95637297026593,
      -79.80966579987417,
      508.5365805946485
    ],
    [
      "DEB-F662A21A",
      18.61083490082029,
      44.30138021830814,
      273.97216653116175
    ],
    [
      "DEB-E3FE165B",
      -51.13205982670911,
      46.90288278872168,
      276.2147111290533
    ],
    [
      "DEB-8EBBEEE0",
      21.54836737553579,
      102.10991164699254,
      493.894325377938
    ],
    [
      "DEB-E3D0B346",
      -11.702480913401283,
      164.36525740844698,
      631.1773500521649
    ],
    [
      "DEB-E0020873",
      2.30079560762501,
      73.95415542485036,
      581.7816516897119
    ],
    [
      "DEB-90632A19",
      49.83906205881914,
      121.43851270144874,
      494.57698364979206
    ],
    [
      "DEB-DF73622F",
      -49.03063254744028,
      -138.76777593339477,
      427.3463190612374
    ],
    [
      "DEB-94D38F7B",
      -26.95871518765917,
      -66.2431888028055,
      437.77100422812055
    ],
    [
      "DEB-1DF99B3E",
      -37.76416713641417,
      -171.64818623951572,
      691.7655689478015
    ],
    [
      "DEB-7430D48C",
      -6.131784914156965,
      -164.43793502253064,
      296.3892187205338
    ],
    [
      "DEB-1E34FC70",
      25.92909989195995,
      171.4425251080502,
      736.0573023339839
    ],
    [
      "DEB-25034218",
      -22.40402194639099,
      66.11147704842654,
      857.9252186656659
    ],
    [
      "DEB-18D397FC",
      40.77655427363083,
      28.50800821372544,
      387.4770244141773
    ],
    [
      "DEB-70EF5A77",
      11.741456121518917,
      -80.61587709532286,
      477.7627934882421
    ],
    [
      "DEB-0FDCB57E",
      28.486736971805183,
      107.53014222560903,
      314.20793983679687
    ],
    [
      "DEB-A09FC440",
      41.551141467569344,
      82.59475246682265,
      507.2235437083327
    ],
    [
      "DEB-58AF8E87",
      41.73950609113011,
      -108.23615150857842,
      339.47926130638007
    ],
    [
      "DEB-3B612042",
      -68.76870193316894,
      107.7755768578338,
      724.9391772809586
    ],
    [
      "DEB-60CCDB19",
      -81.38102432127923,
      -20.105741426955642,
      298.68332083533915
    ],
    [
      "DEB-1E9AB89E",
      47.54666422603177,
      145.2408076428987,
      686.8829631617746
    ],
    [
      "DEB-5C4AB39A",
      -6.405508543212012,
      46.45525916690948,
      577.647257821146
    ],
    [
      "DEB-9CA1AB0C",
      60.06128724173094,
      2.2452777032202755,
      529.2096097402573
    ],
    [
      "DEB-F5B4D932",
      20.955642702577162,
      -8.933667598363414,
      180.77160251085206
    ],
    [
      "DEB-8BE0B080",
      -59.19670115515492,
      23.197802854063895,
      221.53338685248127
    ],
    [
      "DEB-9E04E56F",
      56.602319524185816,
      5.637445482370446,
      684.2797843513517
    ],
    [
      "DEB-D6D74140",
      21.843570913479514,
      70.41186986574826,
      468.5554153150324
    ],
    [
      "DEB-EFE998F4",
      56.603803684189664,
      142.08614078674242,
      533.6868552443129
    ],
    [
      "DEB-0B4402AA",
      10.28281901964734,
      138.44098694272364,
      646.2901608230532
    ],
    [
      "DEB-928CD904",
      42.57642455134924,
      14.33680403624885,
      635.2299657933045
    ],
    [
      "DEB-214960C8",
      -5.28430121467118,
      -89.76720338213129,
      538.0291259688274
    ],
    [
      "DEB-1C6A20DA",
      10.069499166475682,
      86.90278947520746,
      790.9424953990401
    ],
    [
      "DEB-8572B340",
      47.39962802977531,
      -27.61181512935674,
      352.68800145351906
    ],
    [
      "DEB-2C81EC2D",
      62.52068810459607,
      -7.962496859063342,
      138.31079223167217
    ],
    [
      "DEB-2358B1AC",
      -22.930169861801055,
      -55.56493897636877,
      160.50039812062641
    ],
    [
      "DEB-B8891650",
      -46.27586799080966,
      136.2615041708507,
      586.7453479346441
    ],
    [
      "DEB-FFEC7ACA",
      35.08822594345689,
      8.063758357679175,
      840.7385450260081
    ],
    [
      "DEB-C5528238",
      -5.8800839190567356,
      -156.41596831831868,
      308.9260613800734
    ],
    [
      "DEB-1F5982F1",
      13.656341392355634,
      145.36962042149688,
      184.81428562624842
    ],
    [
      "DEB-21729690",
      5.892562869013767,
      107.20807501591109,
      856.4634805978276
    ],
    [
      "DEB-FF4905C8",
      11.858756274811707,
      22.94253323488737,
      178.8968394353642
    ],
    [
      "DEB-2EFD42A1",
      -56.54661419359903,
      115.78425303865295,
      539.2158015866962
    ],
    [
      "DEB-CBD5ACC3",
      -30.718326068181113,
      -98.51032432746199,
      468.31870343782884
    ],
    [
      "DEB-0B105D1E",
      26.96196490438391,
      -52.73361811143975,
      328.6329023150147
    ],
    [
      "DEB-C83483C2",
      23.197312084330978,
      78.88771289624673,
      448.26811947101214
    ],
    [
      "DEB-9C5A0CEC",
      44.13194157118831,
      120.11974617258603,
      480.5184508046041
    ],
    [
      "DEB-FB9BEB2B",
      70.95423884035641,
      -33.247568356264296,
      321.93210891938907
    ],
    [
      "DEB-D803C17F",
      -19.7665585495878,
      87.77148880978395,
      378.2102498788581
    ],
    [
      "DEB-2DB8C1D7",
      56.94799485169783,
      -10.37554932500289,
      253.34490426253979
    ],
    [
      "DEB-B8586219",
      -12.731646285003213,
      89.62982389093901,
      541.3859773040303
    ],
    [
      "DEB-7615CC84",
      38.48162279488861,
      -150.42439682009166,
      410.19564140625334
    ],
    [
      "DEB-B12D7455",
      88.52132334973874,
      -132.23543406269948,
      691.5453162871099
    ],
    [
      "DEB-DC834E71",
      41.93875588245982,
      -61.667707578522005,
      693.2456459705845
    ],
    [
      "DEB-38BFB735",
      -54.860060732326154,
      -144.12674112899606,
      856.5538592475777
    ],
    [
      "DEB-BECADFDB",
      -6.367470341318301,
      -61.01358690345997,
      312.1144272867068
    ],
    [
      "DEB-4887B8A7",
      56.24455928044415,
      142.02872639158366,
      301.45044011268055
    ],
    [
      "DEB-6DD21705",
      24.69777915219257,
      -165.4328283416131,
      793.748072103881
    ],
    [
      "DEB-B74C761C",
      -34.735849175472396,
      -58.348784609715736,
      226.7070964142631
    ],
    [
      "DEB-B33A8BCE",
      26.193682882974585,
      171.86812975663324,
      116.70594140335561
    ],
    [
      "DEB-24F55094",
      -37.194753840427715,
      -50.439235036798436,
      498.9398136615109
    ],
    [
      "DEB-75E75014",
      -25.43157468462108,
      27.377323396816685,
      341.7719086661855
    ],
    [
      "DEB-6F296F9C",
      15.038836568559004,
      -126.89831144692603,
      798.2817759649542
    ],
    [
      "DEB-601DFD99",
      31.541376383240788,
      174.7650203701897,
      737.9669200492772
    ],
    [
      "DEB-9B96287B",
      -18.193275518297234,
      15.932442887213792,
      417.4013201412972
    ],
    [
      "DEB-68DF7A92",
      -58.1403377140012,
      -39.1890074069782,
      722.6375564295959
    ],
    [
      "DEB-445D0B86",
      54.651330509523554,
      -76.97112936498287,
      281.80575190437685
    ],
    [
      "DEB-4AD60507",
      -50.38852839669131,
      -45.48693920295477,
      874.6153442684636
    ],
    [
      "DEB-D149CD74",
      -82.59936974507728,
      -71.11989995171196,
      233.03541169118034
    ],
    [
      "DEB-4E87A63E",
      -20.481432646963643,
      77.53724305705359,
      679.1879279070372
    ],
    [
      "DEB-1575C6CE",
      9.306812964226454,
      -56.33119401447649,
      433.57207127606944
    ],
    [
      "DEB-9066076D",
      45.05733848311344,
      -31.10540802373285,
      634.9691017559107
    ],
    [
      "DEB-AAFC165B",
      -22.135768464158158,
      68.35794223150494,
      291.554631967012
    ],
    [
      "DEB-1BA72C07",
      21.14338504874948,
      45.08230225436413,
      351.20002891269814
    ],
    [
      "DEB-4FC796AF",
      36.379438885480575,
      -149.22785909824643,
      193.71353044078205
    ],
    [
      "DEB-C4DDFB7E",
      -24.96686700820908,
      168.08344235373255,
      568.0891192931294
    ],
    [
      "DEB-A6CA1929",
      -38.66948482887786,
      -33.31972013013959,
      582.5276631742536
    ],
    [
      "DEB-C52A6C5F",
      0.787092153569681,
      52.21762452402565,
      671.0849583754725
    ],
    [
      "DEB-0CDE05DF",
      6.777100057269309,
      155.0019906171054,
      698.4347345641554
    ],
    [
      "DEB-B2D8277C",
      60.096829749665446,
      52.75168727711781,
      600.4274996205304
    ],
    [
      "DEB-081C3AC6",
      43.94092011214996,
      -71.9304978771244,
      500.81615114673514
    ],
    [
      "DEB-CB75AA7C",
      5.709023987384353,
      -128.682024652038,
      599.8224846540415
    ],
    [
      "DEB-E6335100",
      -57.18788698690107,
      62.384376907453635,
      379.533767462638
    ],
    [
      "DEB-DB987C07",
      -50.661262665832744,
      111.53741732627601,
      302.6170609807896
    ],
    [
      "DEB-4744E692",
      -51.978256278760824,
      -80.29027869928987,
      528.4908323314548
    ],
    [
      "DEB-CFA1F1EF",
      1.0900654030386134,
      -37.34498913893715,
      204.91590089203328
    ],
    [
      "DEB-46C002D8",
      -39.744405600909346,
      166.0714909740193,
      506.1239116403658
    ],
    [
      "DEB-9B38F98E",
      40.293622703058986,
      -22.59698787975831,
      731.3102077039293
    ],
    [
      "DEB-B47C6E7C",
      49.05286395185652,
      -49.82186045662478,
      830.7354885976929
    ],
    [
      "DEB-EB0949B8",
      10.962441126188038,
      42.40943267308793,
      552.684147251095
    ],
    [
      "DEB-34E861EE",
      -10.27963720256501,
      -124.1847791513405,
      518.2879421016733
    ],
    [
      "DEB-EC4BA08E",
      -40.82569172429682,
      133.19003753589215,
      369.6248476648843
    ],
    [
      "DEB-AEF99CA6",
      -60.689254894377896,
      -24.4377672132316,
      361.19675004995406
    ],
    [
      "DEB-8F86A3E1",
      -36.271927106130924,
      -25.033370852911737,
      777.6485437710653
    ],
    [
      "DEB-8420E8EF",
      -3.8232202347505084,
      -109.35122761333594,
      372.683232870957
    ],
    [
      "DEB-24E023E9",
      -37.642890892747765,
      30.05673644897007,
      492.1861328969999
    ],
    [
      "DEB-4F255DF3",
      -25.556288849519646,
      -89.94455589419177,
      404.0337523014414
    ],
    [
      "DEB-99F50AB1",
      0.7101929880957675,
      29.12158379359466,
      243.10490167074204
    ],
    [
      "DEB-1F9C48EC",
      1.295835538376269,
      -109.90310212446609,
      221.10908839819422
    ],
    [
      "DEB-56E00188",
      12.136148448824583,
      47.81362524745901,
      646.791481038329
    ],
    [
      "DEB-BCC4FA7D",
      -21.67056930413355,
      42.98148237502928,
      494.3446528267741
    ],
    [
      "DEB-AD57B084",
      -2.305354163392967,
      41.50370235404157,
      751.726461567052
    ],
    [
      "DEB-FC002C7F",
      -66.67124421528456,
      -71.19752013977482,
      413.3949697343123
    ],
    [
      "DEB-3A479048",
      76.52098445059204,
      -136.58997715244925,
      285.312685200126
    ],
    [
      "DEB-498BC6DB",
      37.87387656252875,
      30.20992751059026,
      492.75375460683244
    ],
    [
      "DEB-F03C41E7",
      -44.29800200789263,
      75.77509494924078,
      859.8740292428192
    ],
    [
      "DEB-A63290E2",
      -0.857648527802303,
      -76.56893841906955,
      742.449119183645
    ],
    [
      "DEB-C5E5AE04",
      39.327303007095814,
      53.38848381895854,
      362.87106190397753
    ],
    [
      "DEB-7A0BFA64",
      41.6017645483548,
      109.80730502579355,
      558.0330391684065
    ],
    [
      "DEB-9FF68070",
      31.489723671195232,
      69.34787860683862,
      355.11282342252434
    ],
    [
      "DEB-9E30FEE0",
      -38.928538447569345,
      -5.364937204844009,
      525.3599439884401
    ],
    [
      "DEB-00F6EFB8",
      -58.23173859709555,
      142.75197696146063,
      464.2470303388536
    ],
    [
      "DEB-4E11F7A9",
      -28.80097704454469,
      -15.030908489170123,
      409.1256903760832
    ],
    [
      "DEB-97511F81",
      -25.130370438024077,
      75.07332166676524,
      240.32059768188265
    ],
    [
      "DEB-E8A392F7",
      16.921498683616598,
      16.034120770607576,
      376.72350171417656
    ],
    [
      "DEB-7A9C7E89",
      -60.448395320770004,
      119.22133552773555,
      468.2563269854918
    ],
    [
      "DEB-9B156202",
      -62.982786994276815,
      100.95324944391713,
      782.7818803887294
    ],
    [
      "DEB-90265425",
      -69.62374156224406,
      118.15926244936213,
      233.52487757194467
    ],
    [
      "DEB-00155344",
      -26.161156257687427,
      -15.081858331321062,
      729.8312000054211
    ],
    [
      "DEB-5F325234",
      -23.726239627103958,
      -82.23688839736644,
      389.42941263290413
    ],
    [
      "DEB-7174C93B",
      -37.14124948637804,
      4.3960585855208585,
      738.1516856364497
    ],
    [
      "DEB-A32AF7C6",
      -25.137521212298157,
      121.67630223938126,
      285.056671345772
    ],
    [
      "DEB-FAC8CDC3",
      -46.748912010900696,
      -157.29099266207956,
      412.89432622352615
    ],
    [
      "DEB-89FD28D3",
      -11.624908677358444,
      162.87683284469423,
      749.4999650169957
    ],
    [
      "DEB-FFA48757",
      18.41299019358104,
      49.11577958946644,
      451.0176696432127
    ],
    [
      "DEB-B5C279DB",
      61.351893497440464,
      169.7765612118008,
      685.2689452989162
    ],
    [
      "DEB-C914E4AE",
      -48.83847680697174,
      -178.51865628387745,
      136.60019580428434
    ],
    [
      "DEB-B886B9AA",
      39.00627090572576,
      -104.9225521950693,
      347.84338963622395
    ],
    [
      "DEB-0750E7A9",
      -55.34914617584362,
      -176.24120334136552,
      403.3517974920469
    ],
    [
      "DEB-3E6C9CD4",
      31.47401525895739,
      -93.47696339211062,
      478.7376104261957
    ],
    [
      "DEB-A6B3763C",
      -34.5847991166703,
      42.686533963112375,
      441.9364163559194
    ],
    [
      "DEB-71B63AA7",
      20.6310189072964,
      137.62803054960776,
      646.0089939922627
    ],
    [
      "DEB-337FDA7B",
      51.80544828687777,
      7.240168148020344,
      895.9735020704256
    ],
    [
      "DEB-A83CA0DD",
      40.92737825753844,
      -1.5899278064263618,
      539.879500465182
    ],
    [
      "DEB-83D45299",
      44.04036225484989,
      -47.939621725032275,
      417.4106164809118
    ],
    [
      "DEB-0B41B0ED",
      0.3323947913335547,
      138.27432922187455,
      616.9569525721499
    ],
    [
      "DEB-8176B1FE",
      -75.14723023510675,
      -61.22730885170841,
      271.57114722521237
    ],
    [
      "DEB-A156B188",
      19.761670105835325,
      -105.22782573502546,
      663.5563110464054
    ],
    [
      "DEB-5F16A3AD",
      80.63400636499226,
      123.97752664219769,
      520.9457267785947
    ],
    [
      "DEB-4C626F2D",
      41.42647314941937,
      -18.250278163241127,
      774.4036577113302
    ],
    [
      "DEB-B4A396B9",
      -37.31896105324426,
      -123.56337316970315,
      807.9631248558308
    ],
    [
      "DEB-A04263C1",
      52.06662158168825,
      35.70373931550379,
      166.0262353582848
    ],
    [
      "DEB-A051436C",
      -38.60036275555893,
      79.36614332774433,
      913.3307326462555
    ],
    [
      "DEB-7993ADFA",
      2.7522678992661107,
      -160.98654438232955,
      712.0610846991603
    ],
    [
      "DEB-4BE10644",
      -43.76123033975299,
      146.4564365956027,
      245.2680777817004
    ],
    [
      "DEB-3BE4A890",
      36.38061644767486,
      176.50568759043867,
      796.8075340812293
    ],
    [
      "DEB-A649B39A",
      16.675110933695922,
      -90.58483681086145,
      723.1182500189861
    ],
    [
      "DEB-696E03E9",
      45.49991605956584,
      136.15895408107696,
      173.96531340425645
    ],
    [
      "DEB-3256E203",
      -85.5763610233567,
      -64.23695895716315,
      282.9617151855273
    ],
    [
      "DEB-AA540CBF",
      31.089320437318072,
      50.029083313714686,
      859.929427587509
    ],
    [
      "DEB-7A2E4CB4",
      -19.102326335870643,
      -146.50834120482708,
      899.6887725080251
    ],
    [
      "DEB-D9698C6C",
      11.331281686271248,
      -88.97601937390941,
      392.03905224641403
    ],
    [
      "DEB-E97E12BA",
      78.84950195784525,
      -120.56545236134393,
      511.30624770111353
    ],
    [
      "DEB-F94D2A92",
      10.866577168771927,
      -133.37532301801275,
      631.005376338464
    ],
    [
      "DEB-19516686",
      13.92995674716888,
      5.7274639499662,
      868.9069183465417
    ],
    [
      "DEB-36FB4527",
      85.93962839003073,
      32.54930703693394,
      622.2560160304629
    ],
    [
      "DEB-602272B2",
      56.88057559521617,
      -56.47874995907309,
      581.6194010078625
    ],
    [
      "DEB-D230BC1C",
      32.46441055854769,
      -88.74512922864335,
      931.7808814827458
    ],
    [
      "DEB-86C9BC27",
      17.18318202227131,
      14.805900587211449,
      777.1861180420874
    ],
    [
      "DEB-BAD30141",
      24.211156461941005,
      -6.333311069020764,
      466.5680698021879
    ],
    [
      "DEB-209AE3DA",
      73.78730432387557,
      -143.2811448942542,
      761.0694634952224
    ],
    [
      "DEB-576DAEE7",
      50.290948994411984,
      -142.10282636324882,
      615.9172272899323
    ],
    [
      "DEB-555EFD25",
      -30.689209544951133,
      157.16970326975877,
      289.34800169248774
    ],
    [
      "DEB-24E0040F",
      -50.2204578432021,
      166.84320077015985,
      524.2278083131032
    ],
    [
      "DEB-C9EF5FA7",
      -49.64421490236279,
      -155.06295283124555,
      628.8327968658414
    ],
    [
      "DEB-6C3560A1",
      -37.18207199633791,
      90.04647467712226,
      410.39616016117634
    ],
    [
      "DEB-989618C6",
      -35.60370628572309,
      -71.66327135718953,
      195.40714948196091
    ],
    [
      "DEB-B662B507",
      42.697528903945525,
      53.807916813017634,
      256.6271798761818
    ],
    [
      "DEB-345EE9B8",
      47.387630149024126,
      -53.036983414544586,
      151.09504040887805
    ],
    [
      "DEB-6DB6E499",
      -71.05108828460757,
      -55.97929192378884,
      279.40189147657475
    ],
    [
      "DEB-1460F62F",
      24.14404663794788,
      7.658634189467689,
      165.33804060579314
    ],
    [
      "DEB-BF338F18",
      -51.54152267759181,
      32.939046909176824,
      397.80290586196406
    ],
    [
      "DEB-E48444F5",
      -19.21759118369918,
      92.49014662894125,
      809.6622327026089
    ],
    [
      "DEB-86FF66A3",
      30.834985846082912,
      134.92834329986556,
      809.603444939431
    ],
    [
      "DEB-543495AA",
      42.72412376105638,
      112.9868395277123,
      891.433334516284
    ],
    [
      "DEB-968B9D6C",
      51.947985146654666,
      164.6843068743939,
      626.5439035452264
    ],
    [
      "DEB-7F08EF98",
      29.092578824449042,
      -41.03750820041693,
      340.00076310491113
    ],
    [
      "DEB-205A9EC1",
      -23.959750415496792,
      159.42478656844247,
      611.3967462846858
    ],
    [
      "DEB-D45E8EB3",
      -15.494642157084208,
      -78.93016055671745,
      273.6982924079175
    ],
    [
      "DEB-9913E8D8",
      -26.734059788709974,
      168.30989563094033,
      791.6277111598283
    ],
    [
      "DEB-B346797B",
      30.557562727152035,
      25.826585392863848,
      787.1104769867752
    ],
    [
      "DEB-68FB4F09",
      -27.332652894244365,
      -7.201229882907265,
      291.4676154106073
    ],
    [
      "DEB-283E9582",
      -78.73870546549642,
      -47.04569324856158,
      815.792594771432
    ],
    [
      "DEB-45BA0E30",
      62.00623556833246,
      166.03195901736729,
      777.964417547606
    ],
    [
      "DEB-C88D6E4B",
      -64.19355043583478,
      -73.18420580361153,
      815.9946057551979
    ],
    [
      "DEB-94A2838F",
      57.2370925867467,
      50.83808975427899,
      704.5752937082916
    ],
    [
      "DEB-6AF472B8",
      -48.923592019075855,
      108.5536730651962,
      544.8125816033717
    ],
    [
      "DEB-B34BE51A",
      47.81077167785086,
      -107.40840701070344,
      348.3292896815956
    ],
    [
      "DEB-2B1C12CD",
      69.78822424660109,
      99.6672934810645,
      317.90226236599665
    ],
    [
      "DEB-1F7DF86E",
      -35.31784712905168,
      -57.69794513908842,
      524.2511139828257
    ],
    [
      "DEB-59117F98",
      -8.913131654081115,
      -131.04502218020966,
      707.7940420196401
    ],
    [
      "DEB-7E71085D",
      -19.07469645515743,
      132.9611586667768,
      398.82928601469575
    ],
    [
      "DEB-7A60C11B",
      55.979216901305975,
      166.5423311858585,
      444.85993575055454
    ],
    [
      "DEB-52EFFD40",
      7.034982986209275,
      -25.966214594296407,
      660.1237742402245
    ],
    [
      "DEB-4CE2845A",
      -30.939661546914383,
      26.547760329284632,
      146.16651304381048
    ],
    [
      "DEB-51EA9D88",
      21.81392536528839,
      176.03369530843574,
      876.4843247850076
    ],
    [
      "DEB-42BA67D2",
      59.11568498440743,
      160.8116090755656,
      381.3414370497485
    ],
    [
      "DEB-F5F45C43",
      38.02699968622775,
      129.97118191259617,
      384.1777387914972
    ],
    [
      "DEB-8B65CD2F",
      -6.705137732261095,
      -19.85365679566779,
      340.5327344155239
    ],
    [
      "DEB-4B38A57E",
      16.054813241397333,
      -123.55864109161747,
      811.4204499850002
    ],
    [
      "DEB-2C74C896",
      18.20707636243995,
      15.995584025312745,
      292.3758339328324
    ],
    [
      "DEB-F1E0EAC8",
      5.240289093979183,
      -46.151602803533834,
      864.4443143387598
    ],
    [
      "DEB-52726E06",
      -51.47433749833298,
      114.25614809559295,
      334.23398430377074
    ],
    [
      "DEB-6107998D",
      18.1977372505341,
      166.06886632615678,
      336.1518421037599
    ],
    [
      "DEB-30BF1ACA",
      38.441684906616146,
      -132.16986470927327,
      322.30692527136944
    ],
    [
      "DEB-EAAC7452",
      -53.220653210328194,
      -143.46512748350293,
      797.1083691346657
    ],
    [
      "DEB-52EF4302",
      49.277698970293564,
      -6.651483854180931,
      889.7667138842198
    ],
    [
      "DEB-F4C71086",
      -20.75333306240515,
      161.8941804605858,
      585.0749870756445
    ],
    [
      "DEB-E8C3ACB8",
      41.850773710842,
      44.492262293947135,
      623.2166715388184
    ],
    [
      "DEB-00656E7F",
      -44.548780402048,
      47.86783509507537,
      812.126872986134
    ],
    [
      "DEB-26537631",
      -63.22181044011941,
      -9.551631109104022,
      424.34745898336587
    ],
    [
      "DEB-352B46E9",
      -2.0843580221064832,
      57.174047180672545,
      633.0805089638025
    ],
    [
      "DEB-59746A4B",
      39.799695693441905,
      -139.3698587203007,
      899.7080165820762
    ],
    [
      "DEB-11DCD025",
      -17.167519913312773,
      148.128384277066,
      593.1693190745646
    ],
    [
      "DEB-3452A9AF",
      -85.91818929469792,
      -6.668866598818056,
      180.95342182315017
    ],
    [
      "DEB-2865730E",
      23.84505607002279,
      102.77923012711086,
      381.9022593587124
    ],
    [
      "DEB-60E4A160",
      -75.84251774166323,
      -91.56066470989352,
      209.90359671029364
    ],
    [
      "DEB-DBD6EA7B",
      1.0949903397815623,
      69.05663649831027,
      641.4443862809403
    ],
    [
      "DEB-F45407B6",
      10.505654523912316,
      101.16288467882339,
      785.7672924377539
    ],
    [
      "DEB-C47F10F8",
      0.28797361161194357,
      111.06326435410061,
      641.5983768062833
    ],
    [
      "DEB-4C89675B",
      41.29312454448431,
      -73.87989667878014,
      598.3440596629889
    ],
    [
      "DEB-6E1F1D78",
      -42.80838954307463,
      -82.49017441379304,
      428.4005846398459
    ],
    [
      "DEB-74604B8A",
      -14.724213005802456,
      -165.2003628323584,
      684.4479376636355
    ],
    [
      "DEB-42F5C013",
      -65.32264003907328,
      -55.074126594053,
      455.9138338982584
    ],
    [
      "DEB-1920A28C",
      57.194200957115335,
      -75.0848953111614,
      306.4909146839318
    ],
    [
      "DEB-106A2397",
      -2.750316329610154,
      -95.99111224796331,
      328.2558848817662
    ],
    [
      "DEB-BD71378B",
      66.1764660718389,
      160.6829965568418,
      675.0439614731131
    ],
    [
      "DEB-8B3780A7",
      -1.92090509729158,
      -31.426459697027315,
      426.594979485305
    ],
    [
      "DEB-4B8D6F35",
      -41.615391150519685,
      -164.2612891843398,
      456.39906168849393
    ],
    [
      "DEB-9D4F25C0",
      -1.8808639052404013,
      -30.44348247846809,
      607.7356548132702
    ],
    [
      "DEB-FC4F3EEA",
      29.59812764535576,
      116.55421224378678,
      552.1047298663088
    ],
    [
      "DEB-05A8F2BD",
      -48.36561827825492,
      145.61214093100563,
      831.3301154119072
    ],
    [
      "DEB-BE4FBCCB",
      6.496796057662439,
      28.643581464625502,
      243.95567004373788
    ],
    [
      "DEB-DB03A56E",
      -14.677138269044848,
      -50.471148519302474,
      792.0006316890276
    ],
    [
      "DEB-3EA0C0D0",
      45.07115924778703,
      -159.12953696418927,
      814.2705067837414
    ],
    [
      "DEB-29F17677",
      11.885632142068127,
      4.007888009012834,
      295.7721208585772
    ],
    [
      "DEB-F83CCE4F",
      76.47721883980773,
      -21.20385311441984,
      735.5443601352554
    ],
    [
      "DEB-3038E48C",
      -40.09259323669132,
      -162.8580206111866,
      617.9536222508414
    ],
    [
      "DEB-095BB091",
      45.87074209530473,
      -130.414795133615,
      427.6696170453042
    ],
    [
      "DEB-42D4058C",
      39.60306770926522,
      -113.37958336614237,
      679.6991383651075
    ],
    [
      "DEB-F9C28DBF",
      0.4946612678534279,
      84.94500464755401,
      388.36285444318037
    ],
    [
      "DEB-E1CC494A",
      63.98075076511258,
      164.52678566448165,
      304.996813454537
    ],
    [
      "DEB-967021AF",
      36.68612032334405,
      -96.61520085674411,
      592.3792172234616
    ],
    [
      "DEB-4D5580F3",
      -2.783333625753613,
      -125.14362010273517,
      153.67777819267485
    ],
    [
      "DEB-C2C9B8C3",
      8.22478686684384,
      -175.27762207206374,
      306.2238166866164
    ],
    [
      "DEB-AFD05326",
      5.523559400840012,
      -73.85811318784602,
      284.60183662887084
    ],
    [
      "DEB-410F5A66",
      45.54444443054834,
      -35.826407728655745,
      470.58440543291545
    ],
    [
      "DEB-5F0591E7",
      60.39967117157307,
      -136.86566919524762,
      508.498165309652
    ],
    [
      "DEB-8EDD1F9F",
      -20.8448695568166,
      163.96844613897068,
      888.9905109951478
    ],
    [
      "DEB-AAAA905F",
      60.57233424900883,
      168.5315736979978,
      364.4843381042565
    ],
    [
      "DEB-B141171B",
      20.270065445983427,
      41.21967611002627,
      634.8534111113213
    ],
    [
      "DEB-31F613BA",
      33.30387627177538,
      -26.58275371279543,
      755.486691860794
    ],
    [
      "DEB-8EF90E36",
      -19.988384369313327,
      -93.68686522748841,
      479.01180680535344
    ],
    [
      "DEB-619AF27A",
      65.24873486516684,
      53.880562338090655,
      752.1533535147637
    ],
    [
      "DEB-23CED790",
      35.61228092602215,
      -176.82274900705139,
      276.41961470683964
    ],
    [
      "DEB-AA652D66",
      86.17581948055465,
      -160.66946709005464,
      486.2780059770339
    ],
    [
      "DEB-81124460",
      60.73726168978681,
      -135.85336294908194,
      332.02940963278434
    ],
    [
      "DEB-FB324BA1",
      52.010961320020805,
      15.515288457059865,
      687.4067171082625
    ],
    [
      "DEB-E262C56A",
      -49.38046661255732,
      -139.7599884360854,
      230.68848369475472
    ],
    [
      "DEB-D78CBC27",
      -9.530538047485269,
      -49.21512714393443,
      558.9828533263799
    ],
    [
      "DEB-18FEE65F",
      -67.08125160275418,
      102.1328627922155,
      632.7370541930923
    ],
    [
      "DEB-15C2808A",
      8.47655099521724,
      -74.13586259739633,
      320.4573564819257
    ],
    [
      "DEB-AA62C8CB",
      45.909274547384655,
      27.83758593358965,
      325.83768394836807
    ],
    [
      "DEB-9C8E9EDE",
      -42.0031402884285,
      -152.11073749266788,
      345.5122399293714
    ],
    [
      "DEB-B147E2FD",
      0.08118013742000015,
      -98.78263871037878,
      632.9728694892228
    ],
    [
      "DEB-B8370E8D",
      -38.522778007846746,
      56.924185173249256,
      465.14716864816
    ],
    [
      "DEB-A0B0D2DD",
      -7.988791370065717,
      172.3719309825603,
      517.8211024450738
    ],
    [
      "DEB-5BC3F940",
      -1.391528797872993,
      135.20341880314226,
      728.7443931590924
    ],
    [
      "DEB-7BCD36CA",
      -72.39005645667599,
      63.07732393164563,
      806.241229903133
    ],
    [
      "DEB-903C1742",
      32.6524993214082,
      -74.90891086223594,
      735.7150172539205
    ],
    [
      "DEB-F374DB54",
      10.523592056766178,
      -5.627340094697547,
      698.1118447364479
    ],
    [
      "DEB-5D1525E1",
      29.48771016505233,
      -74.02719335157322,
      912.6669892240734
    ],
    [
      "DEB-2C86FA01",
      23.291397420564103,
      -129.7346298339737,
      545.0732315855512
    ],
    [
      "DEB-DB99CDD5",
      -40.83440914194392,
      45.195054278844154,
      441.56847585107516
    ],
    [
      "DEB-CAF917CA",
      11.876327161337642,
      133.21299323255792,
      695.7233561387584
    ],
    [
      "DEB-F79E06D4",
      -45.57664480526962,
      89.24528260336221,
      571.1485950271326
    ],
    [
      "DEB-BD218FC8",
      75.57760530031014,
      95.67524049663746,
      554.9811581386002
    ],
    [
      "DEB-3A5B12C6",
      1.4333093590090598,
      -143.51715984109734,
      495.72183301874793
    ],
    [
      "DEB-E1591A3B",
      29.00580154231699,
      49.56108326085032,
      480.47377442244033
    ],
    [
      "DEB-9687615A",
      -50.53919441363754,
      -80.24742415011855,
      719.9513097329536
    ],
    [
      "DEB-EE580168",
      67.37878398390646,
      -142.29738147886044,
      227.59259763486534
    ],
    [
      "DEB-D04EEF7F",
      -63.19891781512869,
      94.39300678383798,
      669.9269308954845
    ],
    [
      "DEB-7A7E78DE",
      -19.82136291603226,
      -101.06926764461517,
      205.77097114116805
    ],
    [
      "DEB-CC3DFCC1",
      -20.209442991822492,
      161.60876290015014,
      690.4626211110426
    ],
    [
      "DEB-9F51D46F",
      -16.786347665245245,
      -50.20067369309132,
      857.5766501007229
    ],
    [
      "DEB-DC734534",
      41.44198429268359,
      70.33260582527085,
      178.51140391573517
    ],
    [
      "DEB-1DF13816",
      -27.01141048499296,
      112.8400231716867,
      333.14161685088766
    ],
    [
      "DEB-E4C42EDB",
      22.03416239416158,
      -169.40394383536312,
      254.31348804416302
    ],
    [
      "DEB-D2D68DD7",
      63.64922722900732,
      -97.97104348731207,
      399.73757096133886
    ],
    [
      "DEB-D77A1E75",
      65.76308171488319,
      -81.62928692170479,
      889.2982537298894
    ],
    [
      "DEB-1312AFAD",
      20.722985780954605,
      -1.2180046279493602,
      525.5142864219533
    ],
    [
      "DEB-6011F78B",
      -26.687974928048497,
      -132.59347801783323,
      806.9234623997081
    ],
    [
      "DEB-A8B2A1B1",
      28.92387288673353,
      176.00250534883398,
      373.66613834679447
    ],
    [
      "DEB-29A1660C",
      58.726679231334614,
      145.48489237406866,
      759.1041708647899
    ],
    [
      "DEB-30F8D78B",
      16.73746085895621,
      150.20219379069127,
      724.6481393392351
    ],
    [
      "DEB-34F18527",
      -7.204368627448653,
      -25.436844011732756,
      777.2179377944376
    ],
    [
      "DEB-6F736ECF",
      -23.618850118745282,
      35.66776554758601,
      768.8906743184489
    ],
    [
      "DEB-573997EF",
      -74.48861132807924,
      -46.04490514551172,
      631.0462762452071
    ],
    [
      "DEB-DE172651",
      76.98579672061821,
      65.89965825860885,
      441.0829787152679
    ],
    [
      "DEB-00475FC7",
      -20.11746515875625,
      -15.777883876623312,
      129.83509268564103
    ],
    [
      "DEB-8CF7CD35",
      69.5111954272419,
      78.87617841800582,
      544.0493028173014
    ],
    [
      "DEB-E3AA86E5",
      -15.310446215771835,
      -119.47807293221942,
      251.91946604204986
    ],
    [
      "DEB-73A1CE9F",
      44.83554519095738,
      112.95425997606976,
      900.0930599957946
    ],
    [
      "DEB-EAFD9636",
      11.740331968249752,
      -46.848852232449936,
      452.1413954016334
    ],
    [
      "DEB-CC2286FC",
      8.523702912189213,
      -78.03216449741538,
      304.11109692916307
    ],
    [
      "DEB-4300D05D",
      12.403748700737559,
      -166.60107034288208,
      409.86309465702925
    ],
    [
      "DEB-81157F5D",
      2.5138092676795973,
      169.99324903991666,
      615.5875099914274
    ],
    [
      "DEB-19A76F6B",
      -88.67793593750852,
      -116.2199674591711,
      553.2696218980054
    ],
    [
      "DEB-775F3776",
      10.245111006479366,
      142.34719288483544,
      887.003639032022
    ],
    [
      "DEB-C187B131",
      9.242044149247976,
      -51.66369367793975,
      500.5538197289661
    ],
    [
      "DEB-C608F3B0",
      -16.40145101078798,
      -86.17002723204108,
      553.9942561341531
    ],
    [
      "DEB-6D6F0536",
      -39.842534567139396,
      166.23886266282275,
      530.8457673248276
    ],
    [
      "DEB-85AEC085",
      30.090644916136583,
      -55.03054438795602,
      476.90214468033355
    ],
    [
      "DEB-2B133248",
      40.39096729865225,
      158.40384656547909,
      191.48295493340447
    ],
    [
      "DEB-4FE3BD26",
      -40.619843837552146,
      37.83329156957816,
      581.3926235014997
    ],
    [
      "DEB-FF5CFA3D",
      -40.04029539852886,
      42.83644501179394,
      590.202570717559
    ],
    [
      "DEB-BF9C8065",
      60.14449813147464,
      164.95642443055598,
      206.59688718947018
    ],
    [
      "DEB-FB6CCB3E",
      6.838853429923214,
      17.524224930889652,
      290.8219041360644
    ],
    [
      "DEB-721D2671",
      -43.720779593459916,
      82.94059108653211,
      193.4750414669661
    ],
    [
      "DEB-B255C970",
      -14.23711594000078,
      -72.15815173407421,
      385.09379783705026
    ],
    [
      "DEB-46340F6C",
      74.92822397422454,
      -8.988591288471671,
      195.2760461038324
    ],
    [
      "DEB-98B8B736",
      -8.241758296164464,
      -165.24023832660947,
      534.4455241578862
    ],
    [
      "DEB-20D0B19B",
      -27.88395417182956,
      105.36616952713624,
      149.43430908060873
    ],
    [
      "DEB-B0CAA7D4",
      71.64483820143089,
      41.259740934602135,
      782.1704288662222
    ],
    [
      "DEB-ADAC98D5",
      55.01256599534162,
      -178.86532117409084,
      441.55361645978974
    ],
    [
      "DEB-050B0D71",
      -2.2857700715058162,
      140.35896301179855,
      144.09623814980932
    ],
    [
      "DEB-8BB14581",
      -33.61265946446073,
      12.184312507675246,
      871.1678029549412
    ],
    [
      "DEB-78F6565D",
      -26.03094759373758,
      169.558088971256,
      600.7454586678823
    ],
    [
      "DEB-96BDC158",
      17.30359320554856,
      121.27877775595829,
      301.44264906853823
    ],
    [
      "DEB-369595AB",
      36.96256250387308,
      -77.62120508775797,
      335.08914967971214
    ],
    [
      "DEB-6B022BE7",
      -29.55725157527533,
      -1.7365041569589876,
      757.1225329496001
    ],
    [
      "DEB-351DC09D",
      -54.079771766655135,
      38.811511908317364,
      165.2336338426203
    ],
    [
      "DEB-A905B771",
      -10.385478916157933,
      84.44515173148127,
      659.5044170657102
    ],
    [
      "DEB-EB68D039",
      10.175036071438097,
      -114.28838587140031,
      538.1968169488746
    ],
    [
      "DEB-47FDAB60",
      21.78786310895339,
      37.54683062589115,
      841.5953402835803
    ],
    [
      "DEB-AD176B08",
      19.291252035268503,
      -179.15108609706996,
      856.8553019462552
    ],
    [
      "DEB-9AEA39CA",
      9.625800070419265,
      107.69448204761856,
      539.1081916707044
    ],
    [
      "DEB-266679B8",
      2.6755960245469326,
      179.02984247161137,
      246.2489005654188
    ],
    [
      "DEB-48C7F00B",
      8.759034307145601,
      128.67557979500768,
      927.9923954407313
    ],
    [
      "DEB-E12BB38C",
      86.18826057131764,
      -139.60011394258655,
      305.6775780465023
    ],
    [
      "DEB-C8C7EE9F",
      -10.46193743662289,
      -29.19807919262847,
      795.1130180524915
    ],
    [
      "DEB-861AB1DD",
      31.583808260591752,
      -160.2894097025104,
      286.00993072497386
    ],
    [
      "DEB-0594ABBE",
      0.09894177799310878,
      170.32767646314258,
      242.53584279627648
    ],
    [
      "DEB-B5E7DE11",
      -18.452324549203357,
      -115.95468532451247,
      752.7101057218351
    ],
    [
      "DEB-17EDCD42",
      -59.52318114690601,
      31.220313426907843,
      618.5362584006889
    ],
    [
      "DEB-50D0FE6B",
      54.07523491870852,
      38.81256345808961,
      520.9492804644697
    ],
    [
      "DEB-A72F72A7",
      14.48890790754241,
      -108.25178304390491,
      473.06063033402916
    ],
    [
      "DEB-E395116D",
      -0.12590264735096432,
      -83.19661368137557,
      215.9500488783633
    ],
    [
      "DEB-B5481190",
      12.61810596438578,
      -3.8949527320014647,
      782.4280329673975
    ],
    [
      "DEB-0AA37B3E",
      17.64178754834703,
      -70.24727242252172,
      271.40602032564766
    ],
    [
      "DEB-E306592D",
      36.070362563535106,
      83.16686549053348,
      749.8709151831144
    ],
    [
      "DEB-6CDE5509",
      -17.44415451791333,
      -8.96391422744418,
      667.6369772608768
    ],
    [
      "DEB-95E5CF51",
      -1.7794299850742472,
      -179.9806653899274,
      694.6497081996276
    ],
    [
      "DEB-3651EAC6",
      65.83245178061318,
      17.262738484607148,
      234.72905219270888
    ],
    [
      "DEB-E954EF56",
      -12.188844901161197,
      -44.75863768084838,
      520.8081494813459
    ],
    [
      "DEB-729556F8",
      42.73320452165029,
      -38.5393993510285,
      570.224433632251
    ],
    [
      "DEB-CC82FAB8",
      9.529830919081615,
      36.320828318563485,
      603.7051224513443
    ],
    [
      "DEB-573248A8",
      30.51461039944988,
      103.20219827376602,
      290.3022065609439
    ],
    [
      "DEB-12A4E013",
      -17.436129730176212,
      50.69733920205685,
      720.2199700105357
    ],
    [
      "DEB-D0EEFA80",
      30.153502152063776,
      52.776201545046675,
      868.362940260763
    ],
    [
      "DEB-532B34A1",
      14.18060177716878,
      -15.761748095044677,
      424.5951730222396
    ],
    [
      "DEB-175DD48F",
      13.13685256735909,
      25.593916593664765,
      432.1859870689341
    ],
    [
      "DEB-D171562B",
      9.75495043523941,
      -65.77499059992569,
      695.348740395043
    ],
    [
      "DEB-82A1EAF9",
      5.529141837814512,
      -162.9057694001494,
      420.56363990589216
    ],
    [
      "DEB-09AEDBD7",
      34.46416844814144,
      5.984863517926923,
      577.2847034126717
    ],
    [
      "DEB-BAEE371D",
      27.850437431134374,
      80.1850405864822,
      637.8060667625114
    ],
    [
      "DEB-7EFD49F9",
      9.606131808103061,
      -4.609290939575027,
      825.3646674924548
    ],
    [
      "DEB-34107274",
      -59.36504172049167,
      92.15971452348785,
      368.12494402495304
    ],
    [
      "DEB-226D152B",
      -37.800327817176516,
      -98.65912535245634,
      294.87018992702815
    ],
    [
      "DEB-7F92AE21",
      -40.02926494007853,
      34.95503733497295,
      370.10247283885747
    ],
    [
      "DEB-B5D2645F",
      -60.678155629764305,
      141.51630651268624,
      228.96787870600383
    ],
    [
      "DEB-97579B05",
      -11.359965181315859,
      14.043014227474263,
      698.470388396092
    ],
    [
      "DEB-857AC1AA",
      -33.7566423560076,
      92.71778275862762,
      197.87232124628008
    ],
    [
      "DEB-EE89D8EF",
      3.7700903549232203,
      -66.98133615693932,
      105.77983690960264
    ],
    [
      "DEB-C82A4C21",
      74.09314903901569,
      73.52607613965928,
      408.91199477801365
    ],
    [
      "DEB-A907373A",
      -4.4828434581300005,
      174.86974706504392,
      751.4363718363138
    ],
    [
      "DEB-F4858AE5",
      17.15660670952375,
      101.68187146189315,
      120.62862368187234
    ],
    [
      "DEB-916CBC2F",
      -16.837070427890666,
      -97.87696915128002,
      569.5069777657473
    ],
    [
      "DEB-1A31D1AB",
      -31.612405445252943,
      112.64649321357216,
      523.045761444977
    ],
    [
      "DEB-5876E329",
      -80.40133373825478,
      170.43388146428816,
      685.8364329533679
    ],
    [
      "DEB-1C7025AC",
      -1.9865416516829493,
      -61.29306809065068,
      353.0978411562892
    ],
    [
      "DEB-7978A3D4",
      23.28882636133119,
      -170.69411560419505,
      674.2851722704381
    ],
    [
      "DEB-998DF3E6",
      34.148707692507315,
      -59.013256958035655,
      504.15037716174265
    ],
    [
      "DEB-B7F4B280",
      -40.941969843160614,
      -165.44163461817965,
      372.5921774565377
    ],
    [
      "DEB-D1502B8D",
      53.663195544354814,
      -122.06917643948213,
      490.4561631768047
    ],
    [
      "DEB-E9B72E2C",
      71.82683241229485,
      -57.66027805827257,
      301.01301241015244
    ],
    [
      "DEB-DCC1CF15",
      -14.599977793095984,
      -22.563935858051444,
      607.919230174628
    ],
    [
      "DEB-EBB87E2B",
      53.93169754211891,
      4.63715769877897,
      408.63892391103764
    ],
    [
      "DEB-27F81CD4",
      29.906803661986398,
      -167.75907723953983,
      125.236035012711
    ],
    [
      "DEB-EF4ACFE5",
      -8.1843919902786,
      74.37765087670864,
      367.76254793815315
    ],
    [
      "DEB-E93A440A",
      10.63688570067836,
      40.54267745774543,
      195.91651595068925
    ],
    [
      "DEB-BA8A7035",
      -25.816030772105798,
      75.75400475041447,
      692.39346612604
    ],
    [
      "DEB-40D1529C",
      14.091004659240712,
      -45.35091164445358,
      876.3019926493844
    ],
    [
      "DEB-16F8365A",
      -27.625789630432223,
      -157.50268115620142,
      528.460845775272
    ],
    [
      "DEB-64F55216",
      32.22848176788872,
      -22.742916919187536,
      522.722152787992
    ],
    [
      "DEB-FF11E834",
      40.846465761385716,
      -135.49552637677522,
      406.18604791146663
    ],
    [
      "DEB-138CB695",
      64.54213394378496,
      95.04149888589697,
      527.9049876811314
    ],
    [
      "DEB-A9EE58ED",
      24.646293183936276,
      -60.721758080706884,
      804.5698079234535
    ],
    [
      "DEB-EBFB5035",
      48.534483793360934,
      -4.365424900030038,
      377.03610909238796
    ],
    [
      "DEB-C258F6F7",
      -84.3111246260906,
      136.48856483138098,
      409.01060799760035
    ],
    [
      "DEB-DC200FC1",
      32.84137219578909,
      -155.41207647296952,
      628.9689059267776
    ],
    [
      "DEB-69CC2D31",
      7.57204163205881,
      20.538806931291703,
      503.9228866520516
    ],
    [
      "DEB-8E268822",
      51.99916513981874,
      8.635004926772922,
      220.88588954653915
    ],
    [
      "DEB-F29075D5",
      1.399902772108616,
      -38.96753535322926,
      164.60346403271706
    ],
    [
      "DEB-18056A38",
      -48.29697007196185,
      -23.607816308716746,
      621.68431155494
    ],
    [
      "DEB-68CE17F6",
      -10.831227256230028,
      129.6046274576147,
      191.08027424986176
    ],
    [
      "DEB-5B7CDDB0",
      -19.11634716763258,
      56.19602502658922,
      114.38646251306818
    ],
    [
      "DEB-A05A9E20",
      -7.612458708290197,
      -137.95160120250483,
      562.9846490919399
    ],
    [
      "DEB-0C6AE37A",
      -15.211858942109002,
      176.77916276448104,
      500.9598022046739
    ],
    [
      "DEB-7555F79D",
      8.73735160673306,
      102.6168307467919,
      848.4414549189269
    ],
    [
      "DEB-1589924C",
      -18.035208038513286,
      -114.0778317286602,
      424.658854579935
    ],
    [
      "DEB-6B9967EF",
      -29.18652510112903,
      -47.2408969512493,
      834.3563324713032
    ],
    [
      "DEB-ABCF2CE3",
      -16.03769763422124,
      46.986481033444534,
      559.9457514957558
    ],
    [
      "DEB-1E5FBE7D",
      -22.67261310983099,
      -175.25841050458334,
      911.3822205652577
    ],
    [
      "DEB-4D11EC53",
      24.1931256161948,
      -119.8236483967861,
      125.72387697932118
    ],
    [
      "DEB-E596AAA4",
      7.867058711214395,
      -39.241979080896314,
      144.83092375079286
    ],
    [
      "DEB-58BA4688",
      -27.561969979001343,
      30.129109819922384,
      825.2353121523065
    ],
    [
      "DEB-6D2EA6A7",
      -58.19856648419132,
      -7.90086961913218,
      500.2603777660215
    ],
    [
      "DEB-47EBD52A",
      -4.3549037674541955,
      -19.910145129936996,
      542.6601366733858
    ],
    [
      "DEB-5C941963",
      43.489815931681676,
      93.18121756161926,
      358.58978389956883
    ],
    [
      "DEB-3A161767",
      -55.73046991226175,
      108.89284644897745,
      587.2336058031597
    ],
    [
      "DEB-D323B209",
      -12.109911114473926,
      -160.86826974738003,
      136.68030699528572
    ],
    [
      "DEB-345A6482",
      -54.922086973363164,
      101.25155725982431,
      269.7718852326325
    ],
    [
      "DEB-D94B8360",
      -31.852851987628096,
      -73.91130258042423,
      887.5571846252005
    ],
    [
      "DEB-3DA77457",
      -44.082428418876106,
      149.15319763552998,
      537.0117025394948
    ],
    [
      "DEB-229AE1BE",
      79.96252353857867,
      32.565866357164175,
      594.7267308303799
    ],
    [
      "DEB-1BDCD6E4",
      56.712865708930806,
      88.36503927961677,
      890.361809412294
    ],
    [
      "DEB-BE7BCEFF",
      42.428672466235476,
      85.71088801035145,
      869.1319889241877
    ],
    [
      "DEB-B63E40D3",
      -60.018255407420064,
      2.459417756912863,
      570.2546739783047
    ],
    [
      "DEB-0A4D9974",
      23.927870698778356,
      -165.31455769854097,
      634.5520141129564
    ],
    [
      "DEB-4E9DD8DA",
      33.078061184354716,
      111.66006689672614,
      280.69184439098717
    ],
    [
      "DEB-F316587D",
      16.55656144515212,
      122.72543890193803,
      243.90451431800102
    ],
    [
      "DEB-8461E5FE",
      -61.831282973815846,
      113.73903054202873,
      292.0411244182542
    ],
    [
      "DEB-027EA4B1",
      21.395386622486978,
      72.31622857816907,
      186.2101444466507
    ],
    [
      "DEB-4951CC0A",
      42.12817471524923,
      109.49513714140545,
      898.8873616875908
    ],
    [
      "DEB-B1038040",
      7.756346337438966,
      -104.65284557519419,
      731.7724620470781
    ],
    [
      "DEB-4058A3C3",
      39.223284253420125,
      110.66425340476097,
      217.7001825145535
    ],
    [
      "DEB-E94B601C",
      -0.3157781366300868,
      -4.073881917495068,
      658.9176695471806
    ],
    [
      "DEB-94096905",
      29.11739494961703,
      -157.89725578713123,
      396.3564911773792
    ],
    [
      "DEB-E3C507DB",
      82.78991476733488,
      158.5661711402655,
      527.4346241591184
    ],
    [
      "DEB-78BAC492",
      -75.53918423427619,
      97.73111953498909,
      262.11059172323166
    ],
    [
      "DEB-9F512D37",
      1.5616254336354076,
      66.24182157710122,
      673.3988524625429
    ],
    [
      "DEB-7E096701",
      -15.433230531537871,
      128.33660189221987,
      657.7021765477848
    ],
    [
      "DEB-D6330C48",
      75.50868557431643,
      -167.78650475425295,
      398.73174662340716
    ],
    [
      "DEB-53FB19B6",
      -18.686965879710332,
      -47.42767482233392,
      510.29115939113944
    ],
    [
      "DEB-789019BF",
      33.05290273476444,
      59.171934179479344,
      232.00215497441332
    ],
    [
      "DEB-EC1D4EA1",
      5.072351963657694,
      -42.069032101859484,
      420.3665288133907
    ],
    [
      "DEB-452C29F9",
      -48.817482114235,
      -28.269576018453325,
      531.2804964033458
    ],
    [
      "DEB-118AD361",
      10.574281896749653,
      33.74682611070211,
      377.29721479035925
    ],
    [
      "DEB-78C1B917",
      7.235130504832483,
      -4.165537967848895,
      335.2888364141163
    ],
    [
      "DEB-5A3A3888",
      -51.24852199732383,
      -36.05706515062696,
      318.4396467747656
    ],
    [
      "DEB-454226B2",
      -1.3508891913479315,
      167.09331146903597,
      731.4026082066675
    ],
    [
      "DEB-FADBD989",
      -31.99790333930156,
      151.05213841901434,
      285.28605783202966
    ],
    [
      "DEB-B14DDC3C",
      -50.39949701716842,
      83.71675620040928,
      880.6527837135336
    ],
    [
      "DEB-04D2EC27",
      -13.454737183974558,
      -60.40092655215338,
      257.689751129079
    ],
    [
      "DEB-A646F479",
      -44.30850169667187,
      -130.2392384548091,
      433.0525534891203
    ],
    [
      "DEB-CF589747",
      19.164506063253842,
      -156.13513054558172,
      492.2326336459164
    ],
    [
      "DEB-42D2AFF0",
      -13.642774680883033,
      4.926157689597699,
      741.6572965174846
    ],
    [
      "DEB-C2E03B68",
      -37.48747294586615,
      10.05094323211374,
      202.27577945927078
    ],
    [
      "DEB-57041BC8",
      -51.02903573262981,
      -29.720325735191153,
      183.60082194611005
    ],
    [
      "DEB-86EEA5FB",
      14.233386708973262,
      110.466414832784,
      849.7722735370862
    ],
    [
      "DEB-7B0F7DF2",
      -9.168190247808813,
      67.60256438736538,
      135.09113039178192
    ],
    [
      "DEB-467574E6",
      36.62867996054738,
      79.96682522089681,
      215.05991012163577
    ],
    [
      "DEB-3F24732F",
      3.9027847037185426,
      -128.63159170489757,
      902.6995806128152
    ],
    [
      "DEB-BD0D02D9",
      42.2630314002281,
      -52.34870634571655,
      154.95823153669517
    ],
    [
      "DEB-B22F7A48",
      15.601834173923178,
      -149.94223059479452,
      892.7479879367638
    ],
    [
      "DEB-7AE93615",
      -21.076358874450182,
      39.52658418478677,
      607.2165606371072
    ],
    [
      "DEB-CBB0CBF5",
      28.394139284763792,
      6.350449969640159,
      560.6178653181441
    ],
    [
      "DEB-F3E24438",
      3.6338722880785412,
      59.16755903319053,
      139.8850313369967
    ],
    [
      "DEB-5525553B",
      -58.1727764910405,
      -13.96547545925085,
      365.1834438425831
    ],
    [
      "DEB-4D164D6D",
      -21.27068566547681,
      -152.10070786957422,
      118.33601601505052
    ],
    [
      "DEB-3966EEBE",
      18.02010657074245,
      -171.13112994842592,
      320.11114648695
    ],
    [
      "DEB-3DC0B510",
      11.603765102966932,
      148.45033571472217,
      496.7765847596611
    ],
    [
      "DEB-17FD25C5",
      -70.36468704311326,
      -130.31666288858563,
      754.6549818948642
    ],
    [
      "DEB-F9A21532",
      -53.02345536888985,
      -67.86829328105995,
      833.5334816939148
    ],
    [
      "DEB-2922814F",
      5.9832426822788705,
      -38.200695911609934,
      291.5178451839229
    ],
    [
      "DEB-E98D8EAB",
      -23.96587867120244,
      -73.52262093847499,
      690.780985916289
    ],
    [
      "DEB-181B0A12",
      -22.805904267021724,
      -34.853813840805564,
      147.9800579923176
    ],
    [
      "DEB-8808F4BB",
      50.98274516405931,
      -117.56454976736414,
      603.6266675972092
    ],
    [
      "DEB-7107607C",
      34.649741573426326,
      142.9398156993534,
      453.5131399224683
    ],
    [
      "DEB-FDD2C6B7",
      -69.66116889219069,
      153.827005456641,
      451.6086868187367
    ],
    [
      "DEB-B51DBFF9",
      -49.44093874895824,
      67.60899387124228,
      836.8246062727121
    ],
    [
      "DEB-DFF728FD",
      -69.1455213884064,
      138.11880805385118,
      848.6394250812709
    ],
    [
      "DEB-92F15F3D",
      -7.176843770376807,
      76.7840707431945,
      151.20056130765806
    ],
    [
      "DEB-7BD5CD30",
      -45.48458402878833,
      73.95568300995745,
      328.6568226846475
    ],
    [
      "DEB-B8952EEA",
      41.13265776743532,
      -80.86507897246408,
      892.3312223704015
    ],
    [
      "DEB-82F57C39",
      -60.64740412871739,
      49.474385086691605,
      592.8067079911461
    ],
    [
      "DEB-8C0959DD",
      -25.662099518212088,
      141.40367067455253,
      177.29713194624856
    ],
    [
      "DEB-46163009",
      -32.59809254455425,
      -78.75298905676122,
      762.04460304441
    ],
    [
      "DEB-597061B4",
      10.869266832228973,
      113.35038601384838,
      859.9721793777089
    ],
    [
      "DEB-7E14768F",
      84.8840443356562,
      56.5623392404067,
      379.12795702985113
    ],
    [
      "DEB-859D86CF",
      -16.76057742731471,
      -56.03036890934092,
      789.6789110783147
    ],
    [
      "DEB-05FFDA87",
      -39.14518248355106,
      36.787289764831094,
      610.2389912101535
    ],
    [
      "DEB-A55EB052",
      49.889657219693106,
      138.13160785874143,
      327.5917327940433
    ],
    [
      "DEB-0B35FD08",
      -61.637498338505125,
      167.08229118823337,
      455.59490869947604
    ],
    [
      "DEB-A3CA7BD3",
      -0.5578085599730772,
      -130.62022340967852,
      720.6466163664136
    ],
    [
      "DEB-B0ACDAF2",
      -18.595055553905926,
      -88.59259612461003,
      359.958035663617
    ],
    [
      "DEB-0273AAE0",
      50.84341433388876,
      95.68483955051707,
      379.3959702591919
    ],
    [
      "DEB-7AEC634A",
      -31.77208750069633,
      -112.80002235139055,
      459.11415936133744
    ],
    [
      "DEB-BAE8F539",
      6.554115211378301,
      -4.099220516314623,
      877.5371553475061
    ],
    [
      "DEB-5B2FEF44",
      37.25407982449185,
      155.88371199878804,
      881.5015521764908
    ],
    [
      "DEB-4C0A173A",
      18.02408602301566,
      -179.27047106877933,
      325.4112413423172
    ],
    [
      "DEB-9F796B87",
      -54.6071251167289,
      -26.484894757349277,
      556.8608491416771
    ],
    [
      "DEB-7AF13F47",
      -44.603865816192204,
      -162.2929498560535,
      139.14582191502905
    ],
    [
      "DEB-BEC2EAF9",
      -0.5474304081960545,
      -149.72386304499534,
      164.98228055152867
    ],
    [
      "DEB-433E556D",
      33.023148994369464,
      78.02969915499196,
      505.89821528713765
    ],
    [
      "DEB-FB3F76CC",
      -37.47965367958342,
      -87.82834754296057,
      569.9603994165973
    ],
    [
      "DEB-7136493D",
      -19.22528294535298,
      163.3607539018038,
      465.8638042593202
    ],
    [
      "DEB-EDA7361A",
      -34.44134590916968,
      133.2306653703044,
      413.8957707026566
    ],
    [
      "DEB-90767B63",
      82.242857567921,
      -133.33860786915756,
      165.7830819322553
    ],
    [
      "DEB-65ABC31C",
      49.59418952455007,
      -89.72863244566112,
      915.3856986970204
    ],
    [
      "DEB-E7DA7936",
      -50.32709198011092,
      104.5235058970884,
      726.5608456568361
    ],
    [
      "DEB-0E4422D5",
      30.305200471947657,
      60.276795622288404,
      885.5971240381305
    ],
    [
      "DEB-2DDA4588",
      -4.259294708162951,
      77.18969009274882,
      898.994167928352
    ],
    [
      "DEB-168828EF",
      46.858731175377216,
      88.71461012599057,
      153.5432794347471
    ],
    [
      "DEB-407669C4",
      33.768596119725736,
      130.14073356926832,
      846.0125802131215
    ],
    [
      "DEB-A80A8132",
      -52.496386482203526,
      -120.61457963557635,
      869.549507043791
    ],
    [
      "DEB-0D74A22B",
      26.01861730742077,
      88.85815686356406,
      378.90971106459165
    ],
    [
      "DEB-4FF43A24",
      -37.79181364246097,
      -124.29894765297206,
      550.4915273827764
    ],
    [
      "DEB-BB46F725",
      61.402174913488174,
      -97.37300231738544,
      888.50034236593
    ],
    [
      "DEB-F5790362",
      27.509646839769967,
      -9.001484752395358,
      528.929797393148
    ],
    [
      "DEB-4DFB0E3C",
      -75.04607733510107,
      -173.91177867568584,
      343.66987738860826
    ],
    [
      "DEB-C7B91D4A",
      4.141289558023861,
      68.50145202086532,
      345.2680685688547
    ],
    [
      "DEB-AE95866D",
      20.83973981600181,
      -155.08893799433596,
      263.0952225436167
    ],
    [
      "DEB-324D7138",
      -26.885353248275774,
      98.5135335445035,
      283.315929485434
    ],
    [
      "DEB-2EEFCA38",
      66.97330586354303,
      -115.6709955626143,
      437.4056373402609
    ],
    [
      "DEB-B116B50F",
      -42.1178647503829,
      -7.445779637064363,
      423.1058414610625
    ],
    [
      "DEB-5FFD2065",
      64.52031031046802,
      99.68378451649176,
      449.0706159133533
    ],
    [
      "DEB-F2996F3C",
      -17.25722151836895,
      -23.990339368198402,
      189.40301938845732
    ],
    [
      "DEB-37F9EBC3",
      24.470599389379498,
      19.072244516187304,
      389.1616167351831
    ],
    [
      "DEB-AE8BC83C",
      29.86663208068109,
      -12.479775964316845,
      277.2856629765465
    ],
    [
      "DEB-1D3EB64D",
      1.8199667038425482,
      176.26571668537548,
      871.9681402002907
    ],
    [
      "DEB-980F469F",
      47.54431779346685,
      -84.16677358711772,
      711.4887040950061
    ],
    [
      "DEB-B125DB71",
      55.9233707564534,
      -50.594031450733254,
      527.3789118557734
    ],
    [
      "DEB-36808E03",
      -48.857851806484554,
      -96.70555096859911,
      444.474422177017
    ],
    [
      "DEB-B324866B",
      -70.57512815312033,
      -97.3702176174033,
      134.8810844407899
    ],
    [
      "DEB-BAC679FD",
      -3.6657789901885103,
      93.43580340215395,
      526.6265560252332
    ],
    [
      "DEB-ABC1886F",
      -0.8967304448372034,
      -22.1752625429167,
      549.6476922039519
    ],
    [
      "DEB-9FFAF980",
      38.3628115536298,
      70.38245218476904,
      596.9578425929658
    ],
    [
      "DEB-5E4E1413",
      7.047654208226201,
      -99.60272188847416,
      403.70027354876675
    ],
    [
      "DEB-13699BA3",
      -42.43853704611732,
      -71.88664111521199,
      440.6794736073916
    ],
    [
      "DEB-8653162E",
      -10.658897395728804,
      -11.717636945788355,
      607.4935827500449
    ],
    [
      "DEB-0D34709A",
      -3.9893474850672432,
      116.96963659209568,
      683.7315223368596
    ],
    [
      "DEB-CF93AD41",
      -22.99996530027796,
      43.94505801142531,
      660.3808327118177
    ],
    [
      "DEB-CE08CBD4",
      14.398959510428826,
      -121.76830021448666,
      158.54006452885278
    ],
    [
      "DEB-85A109FD",
      -11.784044924696307,
      82.0295748883485,
      591.1470827606954
    ],
    [
      "DEB-20866C23",
      -79.98580465101668,
      162.02752573977224,
      366.9116000189051
    ],
    [
      "DEB-410FA65A",
      40.19136536067578,
      -155.8664445972431,
      676.8236520908185
    ],
    [
      "DEB-CD1626DF",
      21.820742846159423,
      173.37507561250317,
      766.9356680846277
    ],
    [
      "DEB-1109E337",
      -20.829037325031265,
      59.8866559324872,
      235.34318088966756
    ],
    [
      "DEB-17E6027E",
      -20.246953284754397,
      -9.157697637546514,
      483.58240302614195
    ],
    [
      "DEB-EBDD6593",
      -52.216650564402876,
      86.97273671440709,
      433.1295681628153
    ],
    [
      "DEB-E8B31C67",
      45.94381335343531,
      56.612209474135454,
      437.6545908192911
    ],
    [
      "DEB-4D369DCF",
      22.693973161265745,
      36.80720816153409,
      829.9511017655313
    ],
    [
      "DEB-68A05995",
      36.17740573604597,
      -46.92105321917417,
      165.96633289999772
    ],
    [
      "DEB-94D5DE5E",
      -4.408387155045616,
      -35.17634523330342,
      126.64096121716011
    ],
    [
      "DEB-E8FF930B",
      -31.118912029963937,
      -175.15432665601907,
      164.8782043568508
    ],
    [
      "DEB-699ACD22",
      79.63954258026872,
      -14.721772305782535,
      342.0253385774731
    ],
    [
      "DEB-99A6A996",
      61.06338101520763,
      8.564890315535276,
      857.4208908241617
    ],
    [
      "DEB-2BDAF6EE",
      47.99757490457358,
      3.2982045857691205,
      373.5114107876134
    ],
    [
      "DEB-11DAFA4B",
      -57.69207092375229,
      153.66353971898172,
      351.6265092954509
    ],
    [
      "DEB-AFFE2FA5",
      26.538561426669364,
      -22.527320926672356,
      619.3071421985014
    ],
    [
      "DEB-D9F79891",
      -71.29823892335703,
      78.31758964935199,
      376.61712690328477
    ],
    [
      "DEB-7FC7711F",
      -34.405178040615205,
      142.7631042218975,
      864.4994148647347
    ],
    [
      "DEB-B3633067",
      -10.805249220417057,
      -90.08763416852032,
      209.31337188346242
    ],
    [
      "DEB-88AEBBD4",
      48.15489884392981,
      -148.6556067245607,
      179.32753467668408
    ],
    [
      "DEB-FB12D557",
      60.384523565121434,
      -144.35248094130057,
      272.68525708386005
    ],
    [
      "DEB-2CED80AB",
      61.74678362579108,
      76.10959987919571,
      213.02308151762554
    ],
    [
      "DEB-6CC284E9",
      37.93458482969652,
      -3.2036560234967877,
      750.2513771932117
    ],
    [
      "DEB-0AF2CF81",
      -68.24100172696748,
      -163.30488511947618,
      188.5507152610162
    ],
    [
      "DEB-24F98252",
      -9.512301041035132,
      -79.67122477842383,
      204.63464573049714
    ],
    [
      "DEB-DBC26D34",
      -81.15572036266606,
      107.81978922255533,
      500.78505628606126
    ],
    [
      "DEB-011B0BD0",
      -1.3341386139193538,
      3.278068351764817,
      358.525184567874
    ],
    [
      "DEB-9672ADA5",
      -67.08104216637099,
      45.98528287508374,
      817.5760320590634
    ],
    [
      "DEB-9FE026A2",
      -24.344995476592736,
      -170.13311144138626,
      721.070853564398
    ],
    [
      "DEB-1FE9C18D",
      -63.72139679670802,
      -37.357412597055934,
      244.20001778447113
    ],
    [
      "DEB-3238C549",
      -53.29447695571928,
      99.52826032802263,
      513.7071481633338
    ],
    [
      "DEB-09524AFC",
      45.67822104106542,
      156.99485333612773,
      576.1540056002068
    ],
    [
      "DEB-5B1DC49E",
      84.71267093656948,
      105.18066219659272,
      712.7643503396612
    ],
    [
      "DEB-65CCBFB2",
      -24.401479852141723,
      36.376717383622655,
      367.0340564782291
    ],
    [
      "DEB-A0FDDD6F",
      73.67208733139243,
      59.03343819205778,
      698.1846103079388
    ],
    [
      "DEB-14BBBAE0",
      -66.30207596657638,
      25.341604437989997,
      681.4877567223139
    ],
    [
      "DEB-38CC8472",
      -28.980120293109405,
      -1.3778652419881805,
      680.861949521528
    ],
    [
      "DEB-AF6BB04A",
      3.310675283126067,
      2.4165484495239533,
      163.97787330998563
    ],
    [
      "DEB-4D779027",
      -20.954666414949955,
      -27.72136979140278,
      736.9851542846191
    ],
    [
      "DEB-B3C39A36",
      -56.92359916257007,
      110.50090402864257,
      555.7599920126531
    ],
    [
      "DEB-504012F0",
      20.78073902546233,
      27.080320205522675,
      455.62059770807537
    ],
    [
      "DEB-D2547024",
      -35.78818460300677,
      -54.28848060507583,
      771.2911722880572
    ],
    [
      "DEB-58C9DD0C",
      48.00747050898554,
      -43.68046471043151,
      398.48783633595394
    ],
    [
      "DEB-0D938A0F",
      13.547510565050944,
      -109.60049160295767,
      598.167179395291
    ],
    [
      "DEB-1513B175",
      64.78542631423173,
      155.08728445687217,
      496.55249319340146
    ],
    [
      "DEB-D8A469B9",
      -19.235902252942957,
      137.65704117092716,
      402.64579913134094
    ],
    [
      "DEB-4F72B14D",
      59.64462347948856,
      -146.97375583482827,
      908.299534089535
    ],
    [
      "DEB-95C9BBCC",
      41.49484135791022,
      61.16693060435759,
      301.7243635747154
    ],
    [
      "DEB-D31D9D6F",
      -22.146265564357815,
      149.5198765190765,
      158.25625003109053
    ],
    [
      "DEB-74E588B5",
      -12.145546888844882,
      13.279119886890017,
      545.6494105927741
    ],
    [
      "DEB-8C582752",
      70.8487539258915,
      97.26784770665184,
      542.383792552142
    ],
    [
      "DEB-B57A9B2D",
      41.66560830619898,
      63.992765932390625,
      204.67746720754712
    ],
    [
      "DEB-D4DC787F",
      -19.309449998334923,
      -155.33311255146566,
      889.5303952571567
    ],
    [
      "DEB-405D1E38",
      7.67115980468833,
      73.86567093686807,
      674.7722147994546
    ],
    [
      "DEB-77758B72",
      20.799750810489023,
      105.70335859927296,
      247.47832823197768
    ],
    [
      "DEB-11E52554",
      -52.273171281702474,
      86.29381520862734,
      123.943529008533
    ],
    [
      "DEB-F8B02F74",
      -46.728784987812105,
      11.86611056268228,
      620.9965986764882
    ],
    [
      "DEB-942DFFF2",
      22.05698433410508,
      -20.966099744868963,
      840.8355183671301
    ],
    [
      "DEB-21EAF927",
      -10.839944421548251,
      136.64828136327716,
      171.3395351518193
    ],
    [
      "DEB-2CB3B68D",
      38.84923578442226,
      -163.9021010748842,
      616.2137462008959
    ],
    [
      "DEB-44468E27",
      1.112212589501225,
      34.02607893010797,
      650.5068937876813
    ],
    [
      "DEB-EC571F78",
      43.979556985059546,
      166.74432902231234,
      497.2429702629952
    ],
    [
      "DEB-CF716367",
      16.447168062700854,
      -16.34511764598743,
      411.43701531123224
    ],
    [
      "DEB-9AADB6B9",
      41.51613089686149,
      -138.6781672521269,
      399.83338931821345
    ],
    [
      "DEB-F3747463",
      52.10596519080146,
      12.261361435028372,
      688.2542970736331
    ],
    [
      "DEB-EAE6ED10",
      -10.848150998787078,
      -102.27668062873258,
      764.4364065265081
    ],
    [
      "DEB-9DDCC566",
      -37.89706439634158,
      115.11996099370919,
      710.0382904168473
    ],
    [
      "DEB-205C3EEB",
      6.165505009848377,
      87.39393201511407,
      597.0908643651992
    ],
    [
      "DEB-0EEA36C1",
      -4.371181767875526,
      -24.78416481307672,
      317.21742257055666
    ],
    [
      "DEB-33D7564B",
      -17.291259634687236,
      136.61067340027935,
      506.8630644727191
    ],
    [
      "DEB-66CC170E",
      -29.36048005356032,
      91.05528687274914,
      117.86431753110355
    ],
    [
      "DEB-D59185F4",
      25.218798528892126,
      140.4095008504445,
      229.21119653641654
    ],
    [
      "DEB-07544485",
      4.04016737798203,
      -145.7303130836573,
      317.8399145817175
    ],
    [
      "DEB-3029CA22",
      -57.08463504753647,
      146.76200088605682,
      258.49453163543603
    ],
    [
      "DEB-5846F4A2",
      -23.58704454904047,
      88.1736061575826,
      532.8853814605982
    ],
    [
      "DEB-EB0C06BD",
      23.844526721926517,
      60.110062745011426,
      649.8143296474764
    ],
    [
      "DEB-246E583B",
      14.14912422286788,
      23.598323070598976,
      690.5882657280827
    ],
    [
      "DEB-00561636",
      52.48217684760094,
      -57.06035059956049,
      232.35865651002132
    ],
    [
      "DEB-1D4B497C",
      26.07018955224707,
      121.45886809465482,
      283.65605169855735
    ],
    [
      "DEB-12A307EE",
      16.89535455402905,
      150.9475578749728,
      884.973079724974
    ],
    [
      "DEB-93A6069E",
      34.89159257827429,
      -66.35859679132832,
      587.7935995114194
    ],
    [
      "DEB-D3FD2696",
      9.124034782898436,
      -133.6462156308531,
      505.20003314852056
    ],
    [
      "DEB-0B30E277",
      -73.97188062319357,
      -159.41411748491612,
      592.8255088720525
    ],
    [
      "DEB-0FED56A9",
      42.54433716694118,
      91.89158862531386,
      587.0530423740101
    ],
    [
      "DEB-96A667A5",
      -0.6347504425213939,
      38.63642996490369,
      507.7747815368657
    ],
    [
      "DEB-29EFDE25",
      21.89806310112301,
      -86.4333806357056,
      768.9231054086404
    ],
    [
      "DEB-5DC077EC",
      -30.22538104824822,
      110.36475462056984,
      634.2015618109654
    ],
    [
      "DEB-2B1A30F8",
      -15.574978452817316,
      84.10107670185954,
      773.6388736465015
    ],
    [
      "DEB-E914864B",
      -1.6494132979949738,
      151.70936667873957,
      708.9205771700836
    ],
    [
      "DEB-DE89FE49",
      55.66745220749108,
      -114.79115580503128,
      774.9904914297294
    ],
    [
      "DEB-4419D11B",
      -62.38771122915096,
      152.87643089028245,
      458.18668303503546
    ],
    [
      "DEB-4E6F9D20",
      30.280436664898723,
      77.51667535080009,
      333.3128547683
    ],
    [
      "DEB-66FF937D",
      45.84613331170709,
      -137.8989231664086,
      289.1217756806227
    ],
    [
      "DEB-1488C706",
      -43.01560174078865,
      -33.855484817089824,
      705.5497685651399
    ],
    [
      "DEB-FAA48BA0",
      2.6137358821818615,
      -160.55406416846037,
      228.1619740049664
    ],
    [
      "DEB-4CA74664",
      8.922912803430235,
      82.21317710017856,
      507.5339696147539
    ],
    [
      "DEB-188BFF9A",
      30.250772044320332,
      -7.810564551753537,
      641.3876083584191
    ],
    [
      "DEB-36588A69",
      63.90251543950867,
      -57.62254956993318,
      875.575172700771
    ],
    [
      "DEB-6CA1A6C6",
      17.912880116593197,
      4.820850606877406,
      691.2005191223998
    ],
    [
      "DEB-3AC97599",
      50.59190001240009,
      86.80328587780056,
      810.7326153739641
    ],
    [
      "DEB-FB4C5E1C",
      -43.08538088019992,
      94.65476480266354,
      186.26875684185234
    ],
    [
      "DEB-2832971D",
      -69.93887875017955,
      85.28463423937764,
      267.08506723948085
    ],
    [
      "DEB-97287C53",
      -9.73244610610486,
      -96.634035677768,
      548.7753686780134
    ],
    [
      "DEB-7C2B2C1E",
      77.18853487886965,
      104.27118365937882,
      703.058989342835
    ],
    [
      "DEB-6E88AA5F",
      2.475268266648244,
      -54.793678430504826,
      772.8208551683983
    ],
    [
      "DEB-A3F1C843",
      -53.17881423032087,
      42.83018094127415,
      166.34582897393284
    ],
    [
      "DEB-B877BC13",
      11.338050189844086,
      52.35579833218839,
      322.52749765426233
    ],
    [
      "DEB-10595842",
      -30.059976325007785,
      -18.98831198589955,
      791.1760744545181
    ],
    [
      "DEB-23AB9900",
      -15.777210095521976,
      88.29951170362591,
      883.2306188090488
    ],
    [
      "DEB-D34C4A28",
      -23.353897089688868,
      63.06010881725316,
      759.1921379374617
    ],
    [
      "DEB-E9C3EBD0",
      -49.966547227655425,
      123.26966579860313,
      612.1222536431187
    ],
    [
      "DEB-CC971DC6",
      16.56396454881109,
      -177.11629016795357,
      536.8809566610353
    ],
    [
      "DEB-0DB519E2",
      -55.965800620498165,
      179.9228819178163,
      573.3243602652001
    ],
    [
      "DEB-2F965D6A",
      38.67678062937158,
      -58.89583886390008,
      702.6767824192957
    ],
    [
      "DEB-502C0EF1",
      33.434744333265364,
      146.29622996321274,
      773.5192784059464
    ],
    [
      "DEB-0620DEE0",
      12.789559908918992,
      -172.8693854066744,
      177.78896776922556
    ],
    [
      "DEB-179DF3C8",
      -73.75149879081985,
      145.60734175245605,
      877.7977778190489
    ],
    [
      "DEB-9CD3CCE3",
      14.456488888032244,
      -170.5985203993995,
      307.25111259088317
    ],
    [
      "DEB-A546F4F8",
      -50.89196884451342,
      -152.1619361580015,
      614.8495952495059
    ],
    [
      "DEB-6B96A950",
      -43.70406646543768,
      122.29658825950483,
      580.333395976766
    ],
    [
      "DEB-9646800E",
      10.338587522807343,
      137.64726090271867,
      561.1982247289197
    ],
    [
      "DEB-634BCB1D",
      -34.282798660825165,
      120.26523914676571,
      731.8808968646863
    ],
    [
      "DEB-4FE1F9BA",
      24.86445164511605,
      53.07403293581558,
      654.8064353505224
    ],
    [
      "DEB-30D5EC73",
      46.49565725118512,
      -178.62757693247713,
      464.7402878805833
    ],
    [
      "DEB-610B00C4",
      43.39119040336651,
      -100.05648080860874,
      153.43306427160587
    ],
    [
      "DEB-1D36FFAA",
      -21.272185717316763,
      24.417187605395235,
      390.0366358661795
    ],
    [
      "DEB-C58276DE",
      28.392143142771964,
      123.33668768327718,
      674.0128981115686
    ],
    [
      "DEB-E66FBC0C",
      83.22139604403895,
      0.44847846621015197,
      136.4550625860993
    ],
    [
      "DEB-1532FA5A",
      70.86105010672007,
      176.0445654694107,
      710.1700699886369
    ],
    [
      "DEB-AE3D866B",
      12.602972491096063,
      -130.97965333895357,
      892.9154772281545
    ],
    [
      "DEB-08BD0BC4",
      -3.243886632819052,
      -88.23209248983865,
      694.7662875829019
    ],
    [
      "DEB-3CA6A6AE",
      40.26330458642227,
      132.7642592361792,
      188.74244683834695
    ],
    [
      "DEB-DE1FBB22",
      -47.19394045441275,
      71.20667512891772,
      337.2613052678753
    ],
    [
      "DEB-EF60FBE3",
      36.4184883477555,
      -92.04377149783993,
      853.7212867700127
    ],
    [
      "DEB-AE19461D",
      59.19676782505835,
      -60.23744524392695,
      162.55099612516096
    ],
    [
      "DEB-01B7A00F",
      -8.209422531553635,
      25.517324744631413,
      329.38395562652477
    ],
    [
      "DEB-45C9A36C",
      31.747712612859907,
      -63.47762580282654,
      361.0292361651964
    ],
    [
      "DEB-EB587F3F",
      -0.5577639898848648,
      171.15895174770665,
      750.9079688355614
    ],
    [
      "DEB-90184046",
      -36.7013730372128,
      104.69395117390407,
      397.93680551948
    ],
    [
      "DEB-92834C52",
      24.438579606911812,
      -130.69270281641016,
      633.3354837285142
    ],
    [
      "DEB-D59F74CD",
      32.293070787882804,
      -21.456125635560607,
      682.6573783526201
    ],
    [
      "DEB-6DFF3A3A",
      -48.76382308037399,
      47.610491970190076,
      190.32207543608183
    ],
    [
      "DEB-47E42217",
      36.94733320921874,
      131.0624530809393,
      503.38629626496913
    ],
    [
      "DEB-8627A0FC",
      12.658810127567365,
      16.2574093487101,
      554.4725450111991
    ],
    [
      "DEB-0FBBFBA1",
      43.43823906600925,
      110.06149725110421,
      603.3926148920991
    ],
    [
      "DEB-F7EF4967",
      17.441838950744824,
      -178.94504857066613,
      542.573451589149
    ],
    [
      "DEB-9DFD3134",
      -17.156726413780824,
      -8.160103667891239,
      582.7408747459158
    ],
    [
      "DEB-B16A496C",
      -33.5645127288771,
      31.532580567413866,
      812.8509462343627
    ],
    [
      "DEB-B424D666",
      -29.772950117363287,
      -104.00238430228191,
      786.2814551476813
    ],
    [
      "DEB-19CCEB16",
      14.792377286408916,
      9.202066672533432,
      555.4564716352552
    ],
    [
      "DEB-29A489CB",
      1.6326250062447265,
      -82.77651086120964,
      576.1380908058263
    ],
    [
      "DEB-331D84AF",
      20.356613938270243,
      -46.47469858078016,
      717.4369140921917
    ],
    [
      "DEB-AFC93172",
      9.068630235029033,
      -111.65763216260424,
      886.7113800067427
    ],
    [
      "DEB-4D814FD4",
      -36.506564524286354,
      168.10509113489343,
      823.6980721015134
    ],
    [
      "DEB-85A93EB7",
      27.838336570101973,
      82.47942855443459,
      414.7903239966208
    ],
    [
      "DEB-44084C80",
      -33.1136906030187,
      107.22461820167604,
      737.5851542013907
    ],
    [
      "DEB-05166BA9",
      -45.682961888005075,
      -158.23559379913928,
      431.9647613316329
    ],
    [
      "DEB-9182AB1E",
      23.62517805479447,
      -141.16272720734653,
      905.0881089276154
    ],
    [
      "DEB-980AECEF",
      18.938194827467157,
      -111.77822131130566,
      372.7030152174393
    ],
    [
      "DEB-3ECC9228",
      72.24182598841523,
      -73.3042338692711,
      156.10863972358402
    ],
    [
      "DEB-9CDD0011",
      61.93444466271628,
      56.77065035225908,
      266.19424859784067
    ],
    [
      "DEB-CD9AC837",
      -15.742455649304192,
      114.55672100302768,
      260.0756426686048
    ],
    [
      "DEB-B6911E0B",
      48.33360453964292,
      84.30298036685656,
      279.6436285892287
    ],
    [
      "DEB-24563E0B",
      67.52071202695193,
      -6.755406635917302,
      873.5004276408354
    ],
    [
      "DEB-B145B8FA",
      13.136485167927612,
      132.88331627886052,
      432.3306689538076
    ],
    [
      "DEB-4952E9B2",
      -49.58187357040908,
      -84.273536988757,
      621.1413734583739
    ],
    [
      "DEB-0AAB9E6A",
      -61.35266872109963,
      122.16977173869387,
      453.8823011176928
    ],
    [
      "DEB-96B22F68",
      33.33986087287696,
      -66.08512129490262,
      198.27083667855732
    ],
    [
      "DEB-24F7EC66",
      -39.03793908128499,
      45.79841993397841,
      201.11716917800277
    ],
    [
      "DEB-C6CD9269",
      49.23079102876613,
      -11.558951415454327,
      685.9021237382603
    ],
    [
      "DEB-0C4CC374",
      67.12829571158741,
      111.16802267565595,
      758.2400049191783
    ],
    [
      "DEB-1671AE1A",
      -66.3624831250968,
      45.007088456351,
      420.59336353275376
    ],
    [
      "DEB-4F93D2B8",
      4.789749254793384,
      -63.368414456461416,
      682.2009526786087
    ],
    [
      "DEB-8609C4A7",
      38.744140865628616,
      -160.6330160844401,
      489.6054781970879
    ],
    [
      "DEB-3F31DB5B",
      -45.860332871345584,
      -84.45514612914492,
      496.83281889181217
    ],
    [
      "DEB-E031945F",
      -13.883953208727114,
      83.41569692714089,
      681.1535807087112
    ],
    [
      "DEB-F8525C6F",
      55.26935590975515,
      -10.181554343305486,
      793.2401648127661
    ],
    [
      "DEB-7C248F64",
      -79.50322837902529,
      -155.54022242956623,
      356.04043905157505
    ],
    [
      "DEB-05E7164B",
      33.986171707466866,
      117.81901720803289,
      365.11067230540266
    ],
    [
      "DEB-E303A9AC",
      -26.69893181174595,
      -135.12101363136478,
      509.02840346260473
    ],
    [
      "DEB-72EBEDDB",
      -3.8894637524357507,
      -175.8785785279324,
      256.0276460004343
    ],
    [
      "DEB-B849428C",
      -13.586551971571877,
      159.4816347460021,
      899.5221649679761
    ],
    [
      "DEB-BECE08BD",
      34.51503748721166,
      65.44020012405196,
      858.3415282749202
    ],
    [
      "DEB-F2628F3E",
      -55.61882894303881,
      163.5221899571059,
      778.7382048058607
    ],
    [
      "DEB-C55DE551",
      -11.582396984165355,
      -10.163941136586642,
      617.7329697803407
    ],
    [
      "DEB-EDCB1839",
      -18.153298400527586,
      177.89974508707164,
      491.3515827270403
    ],
    [
      "DEB-350297E8",
      58.11293319072847,
      164.80957774661255,
      159.44444454558834
    ],
    [
      "DEB-CCE882BA",
      14.532175884323063,
      33.103297541006626,
      348.7880218348637
    ],
    [
      "DEB-092D2F93",
      9.713217632581266,
      80.04025527054522,
      621.7498865168254
    ],
    [
      "DEB-93142D82",
      -45.28748786744804,
      -120.4892002583157,
      763.884860908267
    ],
    [
      "DEB-574DA6A1",
      -52.767634873904456,
      -177.5636897641677,
      632.3770534377536
    ],
    [
      "DEB-A28AEBAC",
      -1.2176837291658273,
      78.71106077983313,
      403.4842003290305
    ],
    [
      "DEB-53851F02",
      -74.44327861355389,
      126.95567323903863,
      332.641763592369
    ],
    [
      "DEB-895BB6E9",
      1.335136989487736,
      34.782023201687394,
      183.9593783553073
    ],
    [
      "DEB-40C83053",
      21.24340453529902,
      -129.53020985763104,
      910.745229750798
    ],
    [
      "DEB-757AD5EE",
      -32.40710146734964,
      161.87814658823257,
      288.73881194893875
    ],
    [
      "DEB-A7AC0709",
      -14.161332266193948,
      -23.017835307417407,
      187.65053787329907
    ],
    [
      "DEB-CBCB5A06",
      31.36175842560815,
      -176.95010437677772,
      709.3227253013556
    ],
    [
      "DEB-5EFB5702",
      -12.338571910921923,
      -59.245012087365566,
      224.20777695908146
    ],
    [
      "DEB-7CA15E0E",
      22.141314235234407,
      -11.63198999988161,
      413.49616919601795
    ],
    [
      "DEB-2F5B7B28",
      -18.51053146529904,
      179.59034274420827,
      390.74117391814707
    ],
    [
      "DEB-B18F1182",
      41.05921023362802,
      -26.945783748603642,
      554.3526880779746
    ],
    [
      "DEB-6AAD2B11",
      42.83037024841455,
      -79.65681128828606,
      483.71121046809367
    ],
    [
      "DEB-CE78F9A0",
      -4.530447142604787,
      40.218177743547784,
      241.0439463462708
    ],
    [
      "DEB-5D5B0242",
      -36.78084826748082,
      -88.79733529097399,
      827.9968118458983
    ],
    [
      "DEB-27570310",
      0.7671441463536492,
      68.24138113428602,
      884.8017761629553
    ],
    [
      "DEB-6FA3BCC5",
      -37.07887854708645,
      -9.088328879393998,
      345.9266911908826
    ],
    [
      "DEB-7F648F81",
      34.023265640104206,
      98.09670455710983,
      251.8135392591421
    ],
    [
      "DEB-D5F9DBE0",
      -13.176827819378891,
      30.413877182161833,
      207.14217201190058
    ],
    [
      "DEB-2E3AED35",
      17.179311560226168,
      81.5909905454111,
      479.0743979411063
    ],
    [
      "DEB-EC88E81D",
      24.58044578911734,
      -9.726693327862078,
      604.8036463712033
    ],
    [
      "DEB-4B61D505",
      -0.6939936994692021,
      88.96190322180657,
      124.79480552847417
    ],
    [
      "DEB-A5D98BE5",
      49.47551835427397,
      -112.04609974538646,
      316.94795407476704
    ],
    [
      "DEB-B2B41137",
      8.681584331208187,
      -0.47500616526671235,
      311.36048109762305
    ],
    [
      "DEB-93DE22D2",
      16.50073666435354,
      -13.071175744873004,
      770.3764396759134
    ],
    [
      "DEB-4EA01648",
      -6.626968516427596,
      17.601110115668835,
      466.30651424867574
    ],
    [
      "DEB-7597B3BB",
      22.115345323394283,
      29.590148317071364,
      174.96161595327158
    ],
    [
      "DEB-CD7B88F4",
      -73.76239640576189,
      -118.65041594216343,
      441.83800797064487
    ],
    [
      "DEB-01242B44",
      56.95374973417451,
      -7.702822969486272,
      294.1412951172042
    ],
    [
      "DEB-3A51AFA5",
      14.968017606573207,
      12.943916279550889,
      832.5785221514834
    ],
    [
      "DEB-773ACF5B",
      -33.32225186272909,
      36.807652194871146,
      344.688163282246
    ],
    [
      "DEB-0FA100F9",
      17.106396702784423,
      139.0130088840545,
      520.8084379236661
    ],
    [
      "DEB-D39816A5",
      -30.833150082643357,
      -20.34487135581215,
      664.8607628605487
    ],
    [
      "DEB-E8B9B801",
      -1.096967217468921,
      -143.68530254265804,
      470.41872797943415
    ],
    [
      "DEB-A09A1D7C",
      -43.8530589144609,
      -51.408093322133965,
      608.3224286795121
    ],
    [
      "DEB-A7AC58BB",
      0.6393603739511081,
      123.40680612437244,
      536.1014853665847
    ],
    [
      "DEB-74938B55",
      72.06044702399511,
      25.802293586117568,
      589.7714829594479
    ],
    [
      "DEB-13929FB2",
      4.054955673892028,
      -60.222298501511666,
      575.9806527608534
    ],
    [
      "DEB-4A087371",
      16.074529813189876,
      -144.14697990649975,
      265.54137927083957
    ],
    [
      "DEB-C5BEBD37",
      35.13204183748106,
      29.434436672880736,
      650.7952050710073
    ],
    [
      "DEB-B98003EF",
      17.639226282507206,
      155.99612280450162,
      484.9973246070158
    ],
    [
      "DEB-068682D7",
      -20.14509229389835,
      -47.78177868682374,
      486.12081474806655
    ],
    [
      "DEB-03AA62CE",
      -33.45861242814637,
      60.59327025474492,
      174.8242034247114
    ],
    [
      "DEB-DB53515A",
      -62.40022953490676,
      -2.846207464519967,
      409.62278424715623
    ],
    [
      "DEB-CAF59F27",
      37.42590755348668,
      8.432816134636376,
      370.52238687022873
    ],
    [
      "DEB-C228DBD4",
      -44.236783926957834,
      -54.09086558166193,
      190.71514566059705
    ],
    [
      "DEB-A483665E",
      29.352401288682128,
      95.19789740716612,
      851.484822693642
    ],
    [
      "DEB-95B6EEA3",
      -12.437208846453835,
      -149.45516908176563,
      555.7007439614972
    ],
    [
      "DEB-4F7E8C91",
      42.27407715339793,
      -170.0813271601447,
      481.9033894752356
    ],
    [
      "DEB-9AD7284C",
      48.98305765541749,
      -172.90122316033094,
      829.2046546091651
    ],
    [
      "DEB-2C5A02F4",
      74.14322826017398,
      102.64450707842619,
      901.3074841686066
    ],
    [
      "DEB-79C51D17",
      -8.649815721434026,
      -139.96722184530307,
      755.3059055532731
    ],
    [
      "DEB-584B565D",
      5.422845133718646,
      13.115868779426549,
      610.6560220278961
    ],
    [
      "DEB-2B5D35A3",
      13.27135187712538,
      -27.16956559516671,
      482.17827229590966
    ],
    [
      "DEB-DE780DBA",
      -46.83088879025202,
      -126.36810679291928,
      899.8680566935636
    ],
    [
      "DEB-651697D1",
      -35.97962270814179,
      9.976283156576958,
      191.57382710446018
    ],
    [
      "DEB-57E3D6AD",
      18.784591176776065,
      66.40371235357757,
      271.2045256402034
    ],
    [
      "DEB-00888C6B",
      -61.99157269821581,
      -24.795518260285785,
      560.6109768563119
    ],
    [
      "DEB-E7504F1E",
      59.41071197771012,
      -41.055678618650155,
      500.67349190288496
    ],
    [
      "DEB-9E6E2E85",
      -12.6382843305364,
      114.82992139486535,
      326.4373632298257
    ],
    [
      "DEB-9CF3A3DB",
      -41.10113469276385,
      -67.59128615745233,
      680.9712320313592
    ],
    [
      "DEB-3D7478AD",
      25.546529063491597,
      -73.71820248201408,
      726.8843614299494
    ],
    [
      "DEB-CFCB222F",
      -44.397638822468956,
      7.276941549913336,
      328.39223560062146
    ],
    [
      "DEB-43167382",
      -9.55362282924098,
      47.77769477692454,
      245.91855766875324
    ],
    [
      "DEB-188A7788",
      -21.983267520147653,
      -172.45070057563544,
      409.8150782007506
    ],
    [
      "DEB-E31C19F2",
      -16.78405868871431,
      -86.81230215920566,
      408.76344340240485
    ],
    [
      "DEB-F1B70D67",
      -55.16064939118908,
      -167.3159533016485,
      116.64378882552137
    ],
    [
      "DEB-2970303C",
      37.825110182978094,
      97.74162591092043,
      501.46310998865374
    ],
    [
      "DEB-F41E5569",
      -30.31043516760993,
      148.85148104763775,
      439.1027202310079
    ],
    [
      "DEB-2383744A",
      -4.935324539463642,
      -121.25303798669299,
      361.19976696605954
    ],
    [
      "DEB-E179D2B8",
      -33.53807309317868,
      -29.919704525064418,
      564.546709645283
    ],
    [
      "DEB-DAF67651",
      21.152144278850162,
      -107.33341455581491,
      606.7165946178366
    ],
    [
      "DEB-7EEA8AE9",
      28.974989034420865,
      -24.47644412656081,
      762.7925516667274
    ],
    [
      "DEB-EA515F46",
      46.636396729738166,
      92.81850355924475,
      436.6540178490668
    ],
    [
      "DEB-66A0941C",
      52.97340512940801,
      -45.51310571035673,
      602.8009029413133
    ],
    [
      "DEB-0C0571C7",
      -46.91141647272604,
      42.831104373410604,
      292.44262803667425
    ],
    [
      "DEB-E3501238",
      -59.14308335973791,
      -111.89264984601421,
      570.385282598505
    ],
    [
      "DEB-38428394",
      38.52107532736937,
      -16.167778220883196,
      499.46485211852996
    ],
    [
      "DEB-8ED7DC3C",
      -47.35193918508419,
      28.199694214496912,
      516.5067571505524
    ],
    [
      "DEB-BA044E90",
      -25.13678075436442,
      30.26990175742621,
      876.0258515328469
    ],
    [
      "DEB-B77FDFCE",
      -15.994557047597693,
      -5.048142655581039,
      606.0210537894627
    ],
    [
      "DEB-0A40BA72",
      54.61612748500702,
      164.74192552245788,
      591.171583761291
    ],
    [
      "DEB-BEAE6F61",
      15.713086338935081,
      41.31483307847703,
      181.7854552638646
    ],
    [
      "DEB-E90E1E5A",
      -13.382722078211707,
      -117.44734076371628,
      813.9715647146031
    ],
    [
      "DEB-15A16C4C",
      -3.8055587436043616,
      -5.314157311053941,
      667.0091988174427
    ],
    [
      "DEB-F2A70E13",
      -15.155848774153748,
      36.930763570801545,
      179.2422669332218
    ],
    [
      "DEB-1E0B4E8D",
      29.45074553477112,
      19.52755313314549,
      494.12228993798
    ],
    [
      "DEB-0BAC3997",
      -18.392285347876832,
      -119.77225683481197,
      127.40418972721818
    ],
    [
      "DEB-23BB1A48",
      29.249152002052043,
      174.65347626381586,
      413.1892165913505
    ],
    [
      "DEB-4902F354",
      -11.227989239136093,
      96.28398419463133,
      413.6190981976788
    ],
    [
      "DEB-9A727126",
      -16.29812251408549,
      -175.37215847594805,
      653.2218644550012
    ],
    [
      "DEB-4943ED65",
      13.885545397994578,
      -52.49744030283673,
      220.5829952742488
    ],
    [
      "DEB-8DA9008B",
      -7.034293907905781,
      -109.00255337280748,
      782.5104488502866
    ],
    [
      "DEB-C208672D",
      -79.29621542651175,
      111.73983356238446,
      381.46139111164666
    ],
    [
      "DEB-F6F2F0AA",
      -65.15522348391168,
      -60.4277912235984,
      309.2869698190025
    ],
    [
      "DEB-C1F75D48",
      30.784751662014767,
      120.5481819217252,
      679.9985672668818
    ],
    [
      "DEB-64E53970",
      17.748874940320345,
      14.716191455253217,
      335.7275947775506
    ],
    [
      "DEB-C1C0055A",
      20.156252844833023,
      -45.494763151686,
      535.7431606457776
    ],
    [
      "DEB-71AD5EEC",
      -40.856933487808874,
      114.23723009034471,
      525.848871334173
    ],
    [
      "DEB-BD6DAFA4",
      -4.403678066116524,
      -23.34981311349756,
      313.31495699810785
    ],
    [
      "DEB-5C2DED2D",
      8.493387191045763,
      13.887960145922744,
      817.1297972565844
    ],
    [
      "DEB-2385D1E2",
      67.9622633220469,
      58.08362599353148,
      682.0226362307903
    ],
    [
      "DEB-9DCA8914",
      -55.253022157660965,
      -153.42057714816946,
      625.8571943896268
    ],
    [
      "DEB-58BD10F5",
      47.45704477077061,
      -12.389932158550112,
      702.1435312711546
    ],
    [
      "DEB-5728BAAC",
      29.68032800932221,
      165.34405892747603,
      521.2161928652404
    ],
    [
      "DEB-9CC5DD85",
      -19.702676149584057,
      69.62661361227752,
      171.46189506544215
    ],
    [
      "DEB-8CE3C56F",
      29.54723017629594,
      -138.4532461608167,
      658.346917236051
    ],
    [
      "DEB-AEA95E88",
      -22.674593678098912,
      99.65132657406045,
      166.651014916044
    ],
    [
      "DEB-4D482F57",
      -16.644947971031073,
      -118.96464469942414,
      540.6374082040975
    ],
    [
      "DEB-5FAB020F",
      -13.311170091443307,
      66.98981754500076,
      594.842469619196
    ],
    [
      "DEB-10CEECDA",
      -16.668418036896014,
      80.5423971430248,
      871.0226034204788
    ],
    [
      "DEB-D9797E65",
      13.362762552251985,
      -45.5941271085223,
      709.34257951173
    ],
    [
      "DEB-0C51EAA4",
      23.43251101652709,
      -120.40333316997288,
      391.39911508136356
    ],
    [
      "DEB-97465404",
      5.874711367400221,
      97.7828531294129,
      369.12291121783073
    ],
    [
      "DEB-A3B8A292",
      32.72929697725175,
      -148.5789918321747,
      669.2213099686869
    ],
    [
      "DEB-CCA9DEC9",
      -34.8973874950609,
      -69.49099886050485,
      177.99586026288944
    ],
    [
      "DEB-94EDD0C9",
      -0.5578156990288923,
      -57.39298241267293,
      128.49357605104888
    ],
    [
      "DEB-D71F9AC2",
      -2.0459411266023855,
      42.63982051755702,
      547.5745424306742
    ],
    [
      "DEB-664D00C1",
      -30.440473504896964,
      91.72200534814758,
      657.3591465851123
    ],
    [
      "DEB-6BA551F0",
      51.03767202361124,
      41.696130499402976,
      435.05501625705983
    ],
    [
      "DEB-8D49E1E7",
      10.532391570041328,
      -165.25396973983308,
      352.9178020563786
    ],
    [
      "DEB-C516E7C2",
      -32.8605704269458,
      -6.0858380416913045,
      303.88172396755726
    ],
    [
      "DEB-832AECA4",
      -7.037388332981252,
      -139.7714633716985,
      834.8356935681259
    ],
    [
      "DEB-9C34E86D",
      -25.5791080282066,
      96.24787926563519,
      719.2239995375412
    ],
    [
      "DEB-7D2E0BFD",
      -49.06512063057017,
      55.94693556978043,
      610.3741156290371
    ],
    [
      "DEB-094786B9",
      -5.891111183887879,
      140.36940809671304,
      713.2002667963161
    ],
    [
      "DEB-DAE374A4",
      59.658469539597085,
      100.7655011006907,
      656.4504458257707
    ],
    [
      "DEB-F1DAEC49",
      20.37098502011063,
      -122.41966666882838,
      761.2303056385272
    ],
    [
      "DEB-503A559C",
      -36.674368216215875,
      -108.06706359708379,
      834.4650029257637
    ],
    [
      "DEB-15700025",
      -16.914320222096425,
      -20.31175678185859,
      187.91676178555736
    ],
    [
      "DEB-D54BB522",
      10.434297028907062,
      -172.8282622586907,
      494.50609558266206
    ],
    [
      "DEB-871EDE99",
      -1.0900806438755153,
      -141.95228696315476,
      598.0624595423105
    ],
    [
      "DEB-36AE1428",
      33.20300187494784,
      -167.61170764948554,
      900.7757744749406
    ],
    [
      "DEB-15959E50",
      -27.430358803445007,
      -37.12536445931586,
      407.52433981858485
    ],
    [
      "DEB-DEABDD46",
      -21.022977209266532,
      71.51675824406983,
      540.3168684433776
    ],
    [
      "DEB-68DA80C4",
      1.41765708371941,
      -69.07515518326586,
      686.3428502245397
    ],
    [
      "DEB-DFA9AD74",
      16.945648591627652,
      175.63464072890807,
      533.6270976976102
    ],
    [
      "DEB-97C581D5",
      39.438154921205964,
      48.163400149413896,
      510.600084361683
    ],
    [
      "DEB-2EBC9E67",
      65.35737287202092,
      96.52622992647512,
      417.4839733695535
    ],
    [
      "DEB-54D35319",
      -3.633393525144853,
      -17.454070630596547,
      856.778990274187
    ],
    [
      "DEB-BC383CD2",
      19.88604294563718,
      84.31456779686654,
      383.64217240296057
    ],
    [
      "DEB-9431C7E2",
      80.99780407950631,
      -108.24485801940844,
      914.1419558832758
    ],
    [
      "DEB-0CBB8EC3",
      -50.349756358907456,
      -157.89664502105896,
      534.7451275220674
    ],
    [
      "DEB-3498E605",
      39.38836018921702,
      -167.33771203027706,
      520.4482899591594
    ],
    [
      "DEB-BB8689F1",
      26.10040568885235,
      -161.46606094675008,
      124.34519350882601
    ],
    [
      "DEB-A926233D",
      34.71734356891656,
      -106.86601481756831,
      352.0239068621422
    ],
    [
      "DEB-693D5C90",
      36.35968458100511,
      -35.153264941127716,
      382.473411900326
    ],
    [
      "DEB-D3AC556C",
      39.88337153280822,
      -164.51475316988706,
      705.9713749896009
    ],
    [
      "DEB-F3F616B3",
      52.57011912936599,
      27.469327958678534,
      777.1183265073714
    ],
    [
      "DEB-67F10C49",
      9.915128386247908,
      41.032818220312095,
      807.4774545874425
    ],
    [
      "DEB-0F054AE3",
      33.54801777792918,
      -159.9245755634171,
      466.9684775534797
    ],
    [
      "DEB-F224D5B2",
      44.03928127572022,
      -129.73887319910304,
      542.5094956975772
    ],
    [
      "DEB-62D63569",
      3.0916088475629997,
      116.09826212404553,
      291.19539577914475
    ],
    [
      "DEB-B44DAB89",
      -19.70133646452414,
      123.31880697326953,
      895.9245429253806
    ],
    [
      "DEB-93A02543",
      -30.496678819872514,
      -149.48384514442344,
      473.00615228301376
    ],
    [
      "DEB-4876E8C2",
      7.923468572521691,
      -28.55582724590829,
      424.2553364642554
    ],
    [
      "DEB-9202BF76",
      7.630149123181523,
      165.48949439808757,
      279.26857850410397
    ],
    [
      "DEB-FF6CAEC9",
      12.79052526681868,
      -172.65224026569973,
      289.55797176013584
    ],
    [
      "DEB-62175231",
      -54.78770210743386,
      69.19654385295715,
      721.7273492912864
    ],
    [
      "DEB-F5AC9FB0",
      29.18858365879619,
      -112.74999835419887,
      485.13866489345764
    ],
    [
      "DEB-4CDFEB14",
      -4.081663735922582,
      -98.77751415173418,
      575.5753908918932
    ],
    [
      "DEB-5F454927",
      64.3285538123587,
      -8.032215866649256,
      584.6921011949007
    ],
    [
      "DEB-BBDC7D23",
      27.796656261682376,
      167.50241403501593,
      699.5333812969566
    ],
    [
      "DEB-4A565C83",
      -5.336982857159426,
      139.94505174342424,
      303.3424452942663
    ],
    [
      "DEB-8CD32A4F",
      -22.70382791251914,
      92.00271470562686,
      585.2194336733182
    ],
    [
      "DEB-95459ED2",
      67.27960295436225,
      118.2803148326629,
      836.321583561923
    ],
    [
      "DEB-5C5FF76C",
      12.97105710554301,
      23.30764162801016,
      637.7008044210188
    ],
    [
      "DEB-D0EB7422",
      14.167110526097025,
      49.32067563048741,
      684.0650973171278
    ],
    [
      "DEB-7EE16D35",
      0.20394711746607813,
      -14.618654591309038,
      209.31897028059575
    ],
    [
      "DEB-B54F25B9",
      13.782278743461271,
      -143.05724751544645,
      738.3804620871051
    ],
    [
      "DEB-A318CFA1",
      -56.559885859843575,
      -57.70715180279417,
      301.1867198307973
    ],
    [
      "DEB-10753D36",
      48.4303956368577,
      6.106220145278382,
      739.6802319200997
    ],
    [
      "DEB-5C715EDB",
      13.95684602034594,
      19.823758354838034,
      839.4956111213532
    ],
    [
      "DEB-BE3F2A37",
      16.786605847331902,
      -68.49040222870761,
      606.1734345681771
    ],
    [
      "DEB-C029CFD3",
      -75.48630046022231,
      -14.992777079463071,
      757.564021167731
    ],
    [
      "DEB-9BAB359F",
      -49.53349125932899,
      -156.04672799413112,
      820.7032189417805
    ],
    [
      "DEB-896545A2",
      28.909645478193163,
      -114.34584676536183,
      228.81707247210124
    ],
    [
      "DEB-B0FA9527",
      -15.560818690302415,
      -151.20501775240186,
      800.8012898311299
    ],
    [
      "DEB-E6CB9EAF",
      -10.274712726614291,
      48.904138530430394,
      447.20284872984394
    ],
    [
      "DEB-1130FF62",
      -43.166602105007584,
      -143.42262106740327,
      173.01228874817116
    ],
    [
      "DEB-8FCAB459",
      -43.59346720583051,
      -48.41501885050174,
      526.3780772575992
    ],
    [
      "DEB-C471436A",
      51.80075292783486,
      151.5322826287927,
      712.9634546724164
    ],
    [
      "DEB-AC33445E",
      20.31431749259359,
      -36.466001832548145,
      201.7813829377901
    ],
    [
      "DEB-1AD4AE00",
      44.78157334809902,
      33.031526545573875,
      849.0031156180048
    ],
    [
      "DEB-0B28BB25",
      22.663754384513034,
      12.07657245900661,
      666.3961656272759
    ],
    [
      "DEB-AEAA3E60",
      2.9745677365294827,
      151.3032734824207,
      235.94081550179908
    ],
    [
      "DEB-8D5F4B25",
      -3.4912680154389437,
      -139.2220202857744,
      800.0044693799182
    ],
    [
      "DEB-0B2E4D07",
      -25.274140186918668,
      3.9034301844375254,
      792.8081036945214
    ],
    [
      "DEB-84920471",
      29.496078040838523,
      -76.94843565733674,
      652.8433311363824
    ],
    [
      "DEB-1A45C1EE",
      -4.803940351432768,
      88.91072658789251,
      142.07384278034715
    ],
    [
      "DEB-29BDE197",
      28.40087190280308,
      143.0321354317588,
      803.383299772051
    ],
    [
      "DEB-5F5DE6BB",
      76.99009041898454,
      -27.499335449014072,
      396.0691470385873
    ],
    [
      "DEB-84C6BDDF",
      -35.913872688692535,
      -88.40770106371367,
      503.42461504328185
    ],
    [
      "DEB-6DA28D0C",
      29.323396752455597,
      -75.04000915976341,
      203.7922488916256
    ],
    [
      "DEB-C67EFFF6",
      78.16496829183447,
      110.35143364245481,
      259.86020440713673
    ],
    [
      "DEB-5493E93F",
      43.939133328910394,
      -167.46941808005133,
      250.5778074297832
    ],
    [
      "DEB-EE744A4A",
      50.283047037248856,
      35.6945115363053,
      644.6265337048953
    ],
    [
      "DEB-C8432A2E",
      10.325322807111672,
      135.8904704030717,
      240.96851115041136
    ],
    [
      "DEB-5062A50A",
      -16.537640101451487,
      23.49934544364347,
      133.1088328622218
    ],
    [
      "DEB-D9B548E2",
      -23.22971060893847,
      -52.28484453031363,
      866.7748920705908
    ],
    [
      "DEB-D45AA5E8",
      11.922866542629878,
      174.53486487490989,
      530.8921617281976
    ],
    [
      "DEB-45A6B505",
      -29.460186914872978,
      145.81197084930713,
      682.2272095418139
    ],
    [
      "DEB-5F68FAFB",
      -17.057232547707184,
      42.27205678758973,
      883.3989664691189
    ],
    [
      "DEB-AF10C3F0",
      7.8226810780444795,
      64.15947940208396,
      917.3854772509258
    ],
    [
      "DEB-09998CCE",
      -35.52556583986831,
      -76.9984535179024,
      799.2276895407294
    ],
    [
      "DEB-DB3DA93E",
      -9.1422302514882,
      162.76927737800875,
      536.7445033883578
    ],
    [
      "DEB-05394AEC",
      46.926798536086736,
      21.51110073228737,
      404.8662809641619
    ],
    [
      "DEB-F2DF04DC",
      -0.6263392047031866,
      123.23146449685898,
      645.7228336218359
    ],
    [
      "DEB-5A837240",
      37.97103580451891,
      -11.810897346947709,
      257.1467827336455
    ],
    [
      "DEB-BD522497",
      38.18061408134858,
      -58.309436873132064,
      257.9448734217367
    ],
    [
      "DEB-65D28F7C",
      5.863117599795268,
      -73.77529260202601,
      124.06253308678424
    ],
    [
      "DEB-F212D654",
      41.37216530153775,
      76.5863807171557,
      197.09381556655808
    ],
    [
      "DEB-BACCDDF4",
      25.928127434204896,
      155.11975850888643,
      882.5865826068939
    ],
    [
      "DEB-31773D86",
      0.6978970859070138,
      111.51804292735282,
      557.8630716990183
    ],
    [
      "DEB-ABFAAF93",
      -39.16983971078857,
      -47.36089716184566,
      348.59965111293695
    ],
    [
      "DEB-2BD0C305",
      0.8551938848223777,
      177.66997182967518,
      468.514289687997
    ],
    [
      "DEB-7221E6BD",
      -4.412478815472052,
      14.408324644658686,
      508.14525580536156
    ],
    [
      "DEB-09D221D6",
      -12.783826890247722,
      -116.1920444992979,
      457.21300422445074
    ],
    [
      "DEB-3D8D1D55",
      6.7737608533933304,
      -8.328766672067639,
      534.8188667025915
    ],
    [
      "DEB-05D2D3E7",
      -46.92668496132028,
      63.49309342433,
      411.57939582490053
    ],
    [
      "DEB-BB79FAAB",
      72.67943687030626,
      111.47616754817209,
      849.1862272170738
    ],
    [
      "DEB-8A794571",
      26.467433274788867,
      123.1923266703781,
      719.540888958415
    ],
    [
      "DEB-0420DE94",
      -32.77470297854309,
      35.472776011583136,
      706.9382603115664
    ],
    [
      "DEB-478E6037",
      -29.013942223223175,
      32.89352171658838,
      488.11811281530663
    ],
    [
      "DEB-9D97FC2D",
      -37.65286640749317,
      -54.23888782356207,
      264.95025769992117
    ],
    [
      "DEB-017BA1A9",
      69.60815165541491,
      -76.82798381661131,
      836.8914316917444
    ],
    [
      "DEB-E3D9F937",
      -10.875504426181609,
      33.53278515254672,
      230.15578950828967
    ],
    [
      "DEB-F993F2D9",
      53.07965003482611,
      -23.48056546522581,
      734.9947482175394
    ],
    [
      "DEB-6FD88592",
      -50.77057884160379,
      26.761106847230234,
      311.8741041760277
    ],
    [
      "DEB-38888007",
      -27.58977246822981,
      115.23181006500272,
      110.47087512128564
    ],
    [
      "DEB-000553BA",
      11.596232786973562,
      -90.03006003663702,
      381.96845155685423
    ],
    [
      "DEB-60F80B61",
      61.062641045083566,
      162.5469611905406,
      601.0778034820987
    ],
    [
      "DEB-3C8018D7",
      41.21578055380669,
      119.7211509543978,
      696.3780860413844
    ],
    [
      "DEB-65C4541D",
      35.476358324578456,
      -111.2571221339201,
      799.945904839753
    ],
    [
      "DEB-F334F58B",
      -43.19046262297994,
      -25.954198003289562,
      552.9589957213566
    ],
    [
      "DEB-B1BF834C",
      -1.9694401136824575,
      -153.2167133367595,
      867.9734519711046
    ],
    [
      "DEB-CA5DB55A",
      7.836542511849444,
      100.87944661750531,
      514.7934356049409
    ],
    [
      "DEB-3DAB1D7C",
      3.5199502259501134,
      -154.44142468786876,
      822.9985226087028
    ],
    [
      "DEB-A90A9FF5",
      58.13651273464568,
      71.16919237030702,
      228.36408497382945
    ],
    [
      "DEB-E987609E",
      53.70293315407223,
      159.48885413588812,
      623.4144161028516
    ],
    [
      "DEB-7AD1EF9B",
      -18.79805727710764,
      113.93438555609124,
      823.8688840677623
    ],
    [
      "DEB-A178353E",
      -23.48206761711062,
      -46.037239723399075,
      669.116855226408
    ],
    [
      "DEB-B8A3A8D6",
      -56.96049417496191,
      51.3687669804579,
      653.074478771663
    ],
    [
      "DEB-3833849A",
      26.01600519619402,
      144.8931565880618,
      338.5543811982252
    ],
    [
      "DEB-B5B77DB8",
      -47.428993423198825,
      -160.50108186111927,
      404.8203271246184
    ],
    [
      "DEB-82B3A187",
      41.67554618718729,
      -134.4199509481112,
      419.00198042349166
    ],
    [
      "DEB-7D15B701",
      36.81220459895085,
      15.00012667181717,
      914.9117026815729
    ],
    [
      "DEB-C69EE3E0",
      -36.46577945154697,
      -178.48144405383752,
      334.0457338553042
    ],
    [
      "DEB-A8FBA535",
      0.3433618293393537,
      -138.23839723157232,
      434.6163644245962
    ],
    [
      "DEB-3941BF75",
      4.632132829011327,
      -133.59092925738926,
      788.4546058865171
    ],
    [
      "DEB-326153CE",
      -7.817748070731564,
      146.20562258167928,
      196.9119526400882
    ],
    [
      "DEB-AA1F483D",
      32.04603649841592,
      -165.87057099487325,
      906.0687860053904
    ],
    [
      "DEB-12B49C7C",
      -39.7924626409163,
      -12.423963837148717,
      196.1654979756222
    ],
    [
      "DEB-E60DFF57",
      -31.632347774792773,
      46.39390542818644,
      184.53091703400423
    ],
    [
      "DEB-8FD41C6C",
      8.615892566687496,
      -107.10034722489019,
      153.03891411056793
    ],
    [
      "DEB-79BAC56E",
      82.09822566441353,
      20.778650569516426,
      417.3851373169964
    ],
    [
      "DEB-C1DDB83B",
      57.24812993753928,
      -44.608434395323876,
      633.193795892802
    ],
    [
      "DEB-33E79A0F",
      67.34920167903556,
      -111.65761714430731,
      354.99102029659207
    ],
    [
      "DEB-4F0972A5",
      17.890522223795763,
      -131.6714568789126,
      254.5861904287376
    ],
    [
      "DEB-4989D54E",
      -71.17257524344743,
      -55.53272272955426,
      526.9948905914034
    ],
    [
      "DEB-A36771AE",
      24.307209563188906,
      53.54581570158724,
      730.8295245370782
    ],
    [
      "DEB-7E6C1A96",
      -44.16279434450451,
      -34.997376215209385,
      269.380250881517
    ],
    [
      "DEB-CF8B7633",
      23.766920851053417,
      -132.64141077875001,
      853.5543563150623
    ],
    [
      "DEB-9D089697",
      40.36421562606496,
      -55.2102414251806,
      706.8265256811228
    ],
    [
      "DEB-9632BD02",
      -24.6902133557461,
      154.45487379157115,
      190.37329436105392
    ],
    [
      "DEB-C105522A",
      63.62020932717147,
      -100.39741014566705,
      556.9496577320942
    ],
    [
      "DEB-B2CF527B",
      11.112810966973939,
      134.47227271180873,
      547.0886298824271
    ],
    [
      "DEB-52FDB021",
      29.66221707430363,
      6.20164041509666,
      839.4331028263396
    ],
    [
      "DEB-D31D9F33",
      -19.306669643192393,
      22.377708011769787,
      166.26415868089043
    ],
    [
      "DEB-063CD87A",
      32.32992122629774,
      40.40125828188857,
      207.75987442539736
    ],
    [
      "DEB-FE2CD10D",
      -47.30061271134226,
      124.71059161976711,
      447.5393672141663
    ],
    [
      "DEB-D8E29415",
      -30.876940098468637,
      162.89137336514938,
      466.15592626234684
    ],
    [
      "DEB-2B8706DA",
      74.38108742802882,
      115.28853767725072,
      136.0980676613026
    ],
    [
      "DEB-9557B58E",
      30.724441197335953,
      88.90334322977722,
      241.8174616309334
    ],
    [
      "DEB-21475FE6",
      4.4061181804639125,
      81.30129342035055,
      545.4413651189534
    ],
    [
      "DEB-33ABDDFE",
      16.626432524384736,
      -128.61578588605667,
      878.9683298382015
    ],
    [
      "DEB-0EF7A4B4",
      19.57459828838075,
      -36.44622836599232,
      690.9288572661608
    ],
    [
      "DEB-8B340896",
      13.848402421503026,
      118.89187848966111,
      334.9210013696338
    ],
    [
      "DEB-725406C6",
      -33.62547947802244,
      173.03075349921986,
      858.2648979301521
    ],
    [
      "DEB-56F902B1",
      8.194216836700086,
      -22.359964707500716,
      291.2328169136108
    ],
    [
      "DEB-33CE21F0",
      -74.70975172730964,
      71.54756736137927,
      455.5809655233161
    ],
    [
      "DEB-FBA03935",
      52.085655673676165,
      48.3984641683099,
      723.4952626938002
    ],
    [
      "DEB-02E7B435",
      19.577670113465043,
      -109.63472937149459,
      408.535487350684
    ],
    [
      "DEB-F2ED1AE7",
      -12.436082161027349,
      156.25627199892764,
      677.0997436077059
    ],
    [
      "DEB-28293500",
      37.1794950438427,
      122.82879841249692,
      586.4689479036861
    ],
    [
      "DEB-9D14E812",
      -66.01881920594103,
      -124.347845990165,
      388.6849856429999
    ],
    [
      "DEB-80ACC1F3",
      59.48062108138387,
      -64.60079046328825,
      772.1335671172046
    ],
    [
      "DEB-3E9EE6AD",
      -10.080584823477965,
      -92.79771161739525,
      746.0153684687002
    ],
    [
      "DEB-FC6E66E8",
      23.496435461212435,
      101.79550396163813,
      326.1350350723733
    ],
    [
      "DEB-1DAF6D67",
      -5.191523618596688,
      100.90259814521117,
      798.1914000852412
    ],
    [
      "DEB-4D75B6F7",
      3.6992991896929857,
      37.10235141098004,
      249.80128181214786
    ],
    [
      "DEB-82F2AC48",
      16.184155464587313,
      129.781257471868,
      592.4176345278956
    ],
    [
      "DEB-C0FACBFF",
      55.845824909050336,
      -135.53103034294475,
      220.74629080519117
    ],
    [
      "DEB-16F62D64",
      -13.169632183597937,
      -70.97988497798792,
      780.6278073306867
    ],
    [
      "DEB-DD471E70",
      27.88051086714211,
      56.43089173160336,
      694.5624786812932
    ],
    [
      "DEB-D5672483",
      18.527296223200786,
      129.83784830229055,
      328.7986234141272
    ],
    [
      "DEB-EAA2EA43",
      11.884850355767023,
      -126.17211354201672,
      610.5581429509575
    ],
    [
      "DEB-1D786A32",
      -50.297369998383495,
      -171.71440899049696,
      631.8224323505146
    ],
    [
      "DEB-FA03CEA0",
      -53.110443718967474,
      -3.6560574243148296,
      902.4593279876599
    ],
    [
      "DEB-4471BA41",
      -3.87010113658793,
      -95.75505833187967,
      647.6168711966302
    ],
    [
      "DEB-3C53513F",
      12.77689503912401,
      -28.385591672747623,
      839.4396146940826
    ],
    [
      "DEB-B4938D0D",
      2.482132006310922,
      -48.034930475103764,
      390.503916753315
    ],
    [
      "DEB-95EEA614",
      11.21469968042256,
      147.32936861597955,
      571.3797073823944
    ],
    [
      "DEB-AD18DE78",
      13.18552627742088,
      -52.2496481525256,
      419.7360324933752
    ],
    [
      "DEB-5B5BB08B",
      8.656136219900677,
      -96.44123205925538,
      797.1627184774625
    ],
    [
      "DEB-7AB5A2DB",
      -26.755169932765398,
      151.9809809201956,
      135.7344174909549
    ],
    [
      "DEB-4517CF70",
      40.87091853673944,
      -117.18488117523945,
      395.9154395949545
    ],
    [
      "DEB-CE404D10",
      -14.555061845553208,
      -97.47078862370647,
      414.1902512298966
    ],
    [
      "DEB-CBB2120D",
      7.870823014276661,
      150.80506523722406,
      887.0954234629853
    ],
    [
      "DEB-1C99172E",
      71.27317034933817,
      -174.76080208943327,
      478.098093656914
    ],
    [
      "DEB-DD66F4FC",
      -34.560450419380814,
      -72.76661743522708,
      485.00705507694965
    ],
    [
      "DEB-0AAEAFD1",
      12.344957171068705,
      -44.81588479806408,
      515.5974502922218
    ],
    [
      "DEB-3EE53C6E",
      56.29852216049105,
      -41.76476361012962,
      820.454288134667
    ],
    [
      "DEB-84744D0E",
      -31.109493912093193,
      -80.0953648670125,
      633.8303614946262
    ],
    [
      "DEB-B6249EE8",
      51.331240498599016,
      -113.79474299149773,
      348.8607975924133
    ],
    [
      "DEB-DEE11D79",
      -37.613794537601436,
      -147.95362361892563,
      158.16575030864715
    ],
    [
      "DEB-22622DC1",
      -13.846658388916069,
      -161.89491148023833,
      679.9160940569855
    ],
    [
      "DEB-5A387E24",
      12.441345176447243,
      -139.67505315500773,
      561.3838785013622
    ],
    [
      "DEB-927AF60F",
      -50.79012638795607,
      45.91812238859562,
      827.1089191504079
    ],
    [
      "DEB-DEEE28A7",
      13.258177278198863,
      -41.32260230187562,
      221.6955721562499
    ],
    [
      "DEB-B296AAEE",
      54.830876060620945,
      -84.30004717054273,
      156.51040689914407
    ],
    [
      "DEB-80C9B331",
      -68.7863600482256,
      148.81909623095717,
      506.161235355431
    ],
    [
      "DEB-611A6CC8",
      32.61147373400309,
      144.09381287711435,
      337.26406766644504
    ],
    [
      "DEB-A057A5C0",
      36.94474700704951,
      -59.95991542456712,
      493.0137002183019
    ],
    [
      "DEB-57707D91",
      -26.951357877125695,
      81.35677952898101,
      762.1269501142324
    ],
    [
      "DEB-C86E680D",
      -20.31953604403524,
      157.9452085670452,
      343.54035743911754
    ],
    [
      "DEB-E7C701C9",
      4.7971045637127965,
      -99.538904560407,
      673.6630759836389
    ],
    [
      "DEB-63C9DE45",
      -15.307208763976842,
      -18.71971115298004,
      554.8963232275937
    ],
    [
      "DEB-95E56617",
      -18.970651084500627,
      -133.06343711715417,
      736.6759653017016
    ],
    [
      "DEB-8D7A1725",
      -34.69669510358661,
      -132.85935321296847,
      411.98922411082276
    ],
    [
      "DEB-F1EC66B4",
      -67.08093326502254,
      107.79741686071947,
      166.55799337714325
    ],
    [
      "DEB-32AFF474",
      37.330878633287035,
      -126.46157324006097,
      600.7117465079109
    ],
    [
      "DEB-A1F315EC",
      38.561032590980034,
      -127.61783013825884,
      862.699595739432
    ],
    [
      "DEB-60E17E93",
      -12.102550932525618,
      -11.133419773456184,
      585.0108503774418
    ],
    [
      "DEB-8B7F9993",
      59.610323948897204,
      -7.980541396741559,
      399.41085877535716
    ],
    [
      "DEB-92B62535",
      64.7088294653166,
      109.83138037412317,
      389.6724658630292
    ],
    [
      "DEB-F9157B33",
      28.61364266155405,
      -110.85158703023515,
      260.6643004245734
    ],
    [
      "DEB-FB0E3255",
      -34.655502940390754,
      -142.4498575483328,
      590.3166217860589
    ],
    [
      "DEB-620B7E10",
      18.442066956658955,
      80.12702437516157,
      748.2841547056069
    ],
    [
      "DEB-BCA79001",
      -14.816848692173838,
      -47.99669878201547,
      573.7371000949706
    ],
    [
      "DEB-7B945766",
      -59.557509199574625,
      -114.05085737918272,
      918.662065624625
    ],
    [
      "DEB-DE7BFC4E",
      9.844017647805096,
      -82.43758335021235,
      682.2433941022637
    ],
    [
      "DEB-4F6D70D3",
      -44.175507651776016,
      -0.438791103108286,
      234.52529070053606
    ],
    [
      "DEB-BBA1B814",
      24.601709876954658,
      -26.16688871056494,
      735.0549102476434
    ],
    [
      "DEB-2D9ABA63",
      67.938936092903,
      142.10686823277086,
      526.9254797095555
    ],
    [
      "DEB-1DF48B46",
      -76.28721458473655,
      73.5435953253629,
      346.22326022139714
    ],
    [
      "DEB-C40421D7",
      -73.83294317555,
      24.722427696361148,
      783.2529049847608
    ],
    [
      "DEB-179093D0",
      -12.580520189659548,
      -142.1613860060702,
      456.2041203016279
    ],
    [
      "DEB-4B85292A",
      -8.524498700241601,
      94.6138338271799,
      453.50059587457235
    ],
    [
      "DEB-FAA29D7D",
      -31.254307090755383,
      -37.488605311277055,
      328.3960319130483
    ],
    [
      "DEB-BC57572A",
      11.37514786249146,
      33.889214181950365,
      306.0869397578781
    ],
    [
      "DEB-9AB36943",
      -50.88645936748973,
      -20.064331432142552,
      804.6844139419145
    ],
    [
      "DEB-9A5F7DF6",
      23.094460923877037,
      29.33348883226719,
      784.3553212189863
    ],
    [
      "DEB-3BC8957F",
      6.558187173918143,
      -62.85340352892688,
      503.3964804936286
    ],
    [
      "DEB-EB35BDC3",
      52.62430769974195,
      110.63446210863256,
      250.26043313107584
    ],
    [
      "DEB-EE94B707",
      -53.457898623404496,
      -102.62193866609681,
      754.9240408648784
    ],
    [
      "DEB-4CB7EA55",
      -49.62911431526871,
      123.99352767753884,
      412.0868304408823
    ],
    [
      "DEB-555762A9",
      20.480693609785398,
      -20.70308450709157,
      169.04971404644402
    ],
    [
      "DEB-A9557B8A",
      62.66005123608636,
      -27.92952463024899,
      786.8880303328533
    ],
    [
      "DEB-0C698697",
      -63.54388438727143,
      135.8184309774264,
      412.37948128939115
    ],
    [
      "DEB-25C4023B",
      -46.64350085813224,
      157.26668169634826,
      310.5169549512466
    ],
    [
      "DEB-855AD3DF",
      -60.81853699565968,
      10.520302335650527,
      721.7114453664744
    ],
    [
      "DEB-8B370540",
      13.312754244859587,
      -31.053220991508958,
      512.9886983422184
    ],
    [
      "DEB-A15342B1",
      17.183444269819404,
      -29.264337471684115,
      756.8725525689533
    ],
    [
      "DEB-42A97652",
      34.5319491927242,
      131.21108764701788,
      428.50531099416094
    ],
    [
      "DEB-651E9F9B",
      -69.52026306814747,
      -1.8700299073270348,
      556.8981773835603
    ],
    [
      "DEB-B2B5811C",
      39.47566318598758,
      -78.6297222911607,
      134.12188971540763
    ],
    [
      "DEB-6ECF16E5",
      -2.5329291841226413,
      20.42907354081499,
      875.2309439132359
    ],
    [
      "DEB-B4AD5E76",
      59.41134446721893,
      -143.39544378918004,
      486.3040308862619
    ],
    [
      "DEB-FD10B579",
      31.198465328259857,
      -3.0646957948769886,
      302.17924185318225
    ],
    [
      "DEB-471AF9A5",
      26.131323546088314,
      122.95750614248374,
      494.68224017865305
    ],
    [
      "DEB-6FC8A317",
      -56.788961843807265,
      -105.08939068216888,
      117.55894857721796
    ],
    [
      "DEB-FB3AF20A",
      37.75868588818738,
      -169.34005973007038,
      345.0661774776854
    ],
    [
      "DEB-B98C0A98",
      12.815773556050733,
      -144.35258655310503,
      140.89249087082044
    ],
    [
      "DEB-63735409",
      -20.34710776620775,
      170.07108150328568,
      234.2642454056504
    ],
    [
      "DEB-D744BB10",
      2.1444162213843843,
      22.506220508902985,
      225.59978471094382
    ],
    [
      "DEB-9779DCB0",
      39.66748257941354,
      -50.528565769895444,
      470.8300937951317
    ],
    [
      "DEB-F881A13A",
      -29.995252300758203,
      -118.29857634555634,
      363.6060800104051
    ],
    [
      "DEB-A22C5399",
      -31.817145013849085,
      4.641981758995943,
      566.8489751565103
    ],
    [
      "DEB-CA4D8782",
      -59.69433149891409,
      -119.96427787667429,
      443.6178844907017
    ],
    [
      "DEB-E450E31C",
      -25.20064273888427,
      89.68925375928167,
      251.96578994127321
    ],
    [
      "DEB-D4C1F3CD",
      23.650103494293038,
      -132.66493078744517,
      204.1033560941396
    ],
    [
      "DEB-9BF79952",
      7.591482014487887,
      -114.25068543607777,
      859.3104543993204
    ],
    [
      "DEB-6E65FFD5",
      7.308862258797301,
      -88.19890326289023,
      652.6882162627126
    ],
    [
      "DEB-C46460B6",
      -81.23634181401476,
      -124.32116865018816,
      898.8562683098753
    ],
    [
      "DEB-37986919",
      -16.163580113750086,
      121.34840326402448,
      769.336306577653
    ],
    [
      "DEB-20B64852",
      -39.26366611626788,
      -87.10730496464312,
      732.3319662136118
    ],
    [
      "DEB-9F1855A0",
      -8.927043886257986,
      12.103313891414034,
      378.01766649955425
    ],
    [
      "DEB-A8AB6C56",
      12.47932596187657,
      155.49508816250423,
      592.8467132293144
    ],
    [
      "DEB-35AB14A7",
      32.37484560594023,
      138.60821551212157,
      833.0821293436866
    ],
    [
      "DEB-BE5DB128",
      -28.261523158647503,
      124.85790567243758,
      799.3923736175302
    ],
    [
      "DEB-40B1713F",
      46.07661986001199,
      -151.68935964552423,
      642.4315713431797
    ],
    [
      "DEB-2D805378",
      3.246268127118166,
      -28.549296852890162,
      506.5576390617616
    ],
    [
      "DEB-CBF68BD3",
      28.5158467470874,
      45.45391903432346,
      732.1722050759372
    ],
    [
      "DEB-043BF4C6",
      -19.15783093926192,
      41.32199437030417,
      223.8846088568307
    ],
    [
      "DEB-8A4AECD4",
      32.41049260539917,
      29.856612926665083,
      164.5105971565872
    ],
    [
      "DEB-B33E2B98",
      44.64366133490524,
      -27.303943089747516,
      497.7997444194243
    ],
    [
      "DEB-5A9D04F7",
      53.56554160209498,
      5.981127698468293,
      207.17818567316226
    ],
    [
      "DEB-300339F0",
      48.36813633817338,
      -111.08715651653812,
      184.03220328625866
    ],
    [
      "DEB-9E437BDB",
      -52.78792033260342,
      145.0196123882589,
      788.2278493444483
    ],
    [
      "DEB-5C388FBA",
      -2.474291256201397,
      23.187313382843765,
      873.6532241859031
    ],
    [
      "DEB-090E4672",
      32.77855692854794,
      18.926689545785493,
      362.22192090359385
    ],
    [
      "DEB-A69B576F",
      29.8379315835454,
      152.75154362812415,
      166.69100202939717
    ],
    [
      "DEB-6B98E457",
      -45.655781338904994,
      -72.87621286635803,
      476.508110244029
    ],
    [
      "DEB-F451EBE3",
      -22.557201354488438,
      138.28248609151956,
      488.31705274859996
    ],
    [
      "DEB-CDDA7505",
      -41.34522035642339,
      93.01271653734756,
      162.18098360254407
    ],
    [
      "DEB-E31BDAEE",
      60.295823802700475,
      71.21815153421763,
      273.67124738597886
    ],
    [
      "DEB-B7203505",
      -29.724878033870908,
      81.9420507317683,
      462.5398885841687
    ],
    [
      "DEB-348967B8",
      17.5652723531822,
      162.7303290292944,
      132.176106173054
    ],
    [
      "DEB-10A83BF8",
      5.362279975254748,
      -12.612414210275618,
      450.87580281213013
    ],
    [
      "DEB-0916719C",
      -20.249222318741136,
      -48.64220778656884,
      502.348741937315
    ],
    [
      "DEB-219416C5",
      20.41757845720781,
      -125.19967699044166,
      919.9268710910956
    ],
    [
      "DEB-510AE49E",
      38.88295275396782,
      -56.4484948295222,
      739.8573698547789
    ],
    [
      "DEB-841BB392",
      -14.902464067308205,
      113.00915333451297,
      164.71686616647003
    ],
    [
      "DEB-D2DA96E5",
      -70.9996438375064,
      146.12851129566346,
      489.544895635554
    ],
    [
      "DEB-BE380F46",
      -42.24947008773625,
      -82.68375366119638,
      852.4063688108417
    ],
    [
      "DEB-10221640",
      -30.752788618517847,
      -119.78242731434804,
      355.0363657825874
    ],
    [
      "DEB-BF90F33D",
      61.801663687662725,
      -59.612845488100625,
      276.62597733821167
    ],
    [
      "DEB-44F721F9",
      -67.62642209225635,
      67.65823678529425,
      198.4307794465294
    ],
    [
      "DEB-CB748AC7",
      13.893117129850674,
      -102.62833569660786,
      271.7830073203895
    ],
    [
      "DEB-77DF59CB",
      -51.28594217828324,
      176.80755831542294,
      748.8710014695562
    ],
    [
      "DEB-2DEAC043",
      34.335550870844926,
      -67.40914648712466,
      146.91831922442998
    ],
    [
      "DEB-8316E8D9",
      2.0395749332309694,
      41.104836348458896,
      810.4991554188318
    ],
    [
      "DEB-0BF81646",
      36.12108332250002,
      11.040071670135946,
      753.920944452294
    ],
    [
      "DEB-874FB3D4",
      -26.509876407961027,
      104.55840328975768,
      261.33604926042517
    ],
    [
      "DEB-61257A02",
      -1.1187438335929691,
      138.8186124998421,
      755.0002697703139
    ],
    [
      "DEB-1AABAC14",
      -16.053881288131993,
      -65.64644043447527,
      860.9379997703891
    ],
    [
      "DEB-E0658314",
      -54.95335868616779,
      124.52313544658213,
      626.2218254730478
    ],
    [
      "DEB-D98E8518",
      -17.12386729373467,
      -101.4694629683223,
      414.95152426365166
    ],
    [
      "DEB-E8485F71",
      11.100251292554246,
      -71.41157620738885,
      780.7431485413663
    ],
    [
      "DEB-21E6CB56",
      -6.836746274180259,
      -57.67477514331798,
      860.6225053870194
    ],
    [
      "DEB-12F8C0E6",
      22.441829805070793,
      -126.16698621102111,
      695.9135016073451
    ],
    [
      "DEB-C3274BAC",
      -1.3493570773134627,
      -76.74285693282148,
      500.37521240894966
    ],
    [
      "DEB-2B36C5C2",
      -33.22206495381667,
      35.65261973521821,
      800.0648186580065
    ],
    [
      "DEB-BCBFB590",
      -15.77026718489308,
      63.004572068321735,
      801.7037330807461
    ],
    [
      "DEB-0CE5AC5B",
      46.54890510439645,
      -125.35996466533886,
      275.36269818960227
    ],
    [
      "DEB-4A41FB7C",
      29.36708215763243,
      18.368285895856793,
      907.0062071601997
    ],
    [
      "DEB-580E5F7F",
      -50.50774642385218,
      -139.37454452011738,
      484.3050079129398
    ],
    [
      "DEB-B7992CE2",
      27.205079531137642,
      34.133470317028085,
      717.8759234417803
    ],
    [
      "DEB-D63684DC",
      31.25267187126165,
      -108.64346356176537,
      930.3431931235036
    ],
    [
      "DEB-4431F20F",
      37.30614435415031,
      51.39540199384955,
      908.6000744559615
    ],
    [
      "DEB-BB904CB6",
      -7.748648867593635,
      2.9195094743903827,
      202.23921956366212
    ],
    [
      "DEB-42303A3C",
      -23.33515360838284,
      -59.42071307455856,
      345.77196998293675
    ],
    [
      "DEB-9D49E897",
      -21.222041820998417,
      -144.50800097903422,
      826.5111453589743
    ],
    [
      "DEB-13012E11",
      42.578865929586435,
      -169.02552841866276,
      245.82192302912972
    ],
    [
      "DEB-2FBFBB14",
      -31.658490462846885,
      74.16966940267147,
      416.0831410191222
    ],
    [
      "DEB-7B53C21D",
      -0.5515358022736309,
      10.83055042482672,
      447.88208360941917
    ],
    [
      "DEB-C9FE8896",
      -34.23374521896428,
      -90.90268524405505,
      531.1275711858543
    ],
    [
      "DEB-0F2200C0",
      6.406265946412387,
      -151.11986132815338,
      191.31984387026387
    ],
    [
      "DEB-5803FA9C",
      51.75351384820196,
      145.3523398305261,
      265.7369561910291
    ],
    [
      "DEB-3B485309",
      55.84307992858445,
      -27.988121037277597,
      374.06992247552444
    ],
    [
      "DEB-D1778C5F",
      9.927557130640759,
      12.382613518467414,
      491.5675317289006
    ],
    [
      "DEB-283004A6",
      -47.706133354713,
      -145.47855963178267,
      240.0017571928065
    ],
    [
      "DEB-39F8E48C",
      -40.107464477053576,
      -12.571253442628121,
      294.54691063913197
    ],
    [
      "DEB-B219B656",
      14.383315368125,
      -11.722228001315122,
      488.3648323914704
    ],
    [
      "DEB-9434CBBE",
      49.21773407077906,
      63.34308198298218,
      618.0188118233364
    ],
    [
      "DEB-1F385525",
      -7.130032348365578,
      -82.33071787053079,
      214.76928696272444
    ],
    [
      "DEB-3BAE7B0B",
      -17.519654592229983,
      -148.33088051631756,
      697.2011621742295
    ],
    [
      "DEB-E7F76384",
      -40.573901809319246,
      -64.74660273146766,
      291.99671107935774
    ],
    [
      "DEB-573DBFE7",
      50.2452308783565,
      53.996919126263656,
      827.7622073929278
    ],
    [
      "DEB-02203DF2",
      9.554306920562892,
      -31.758355128167214,
      357.16316135330544
    ],
    [
      "DEB-6822B6F6",
      -30.953151778757707,
      -88.53803624904327,
      743.0202575513185
    ],
    [
      "DEB-46DA84AC",
      46.229669019413016,
      -158.43697604595374,
      200.6105049711232
    ],
    [
      "DEB-776F0A94",
      -4.910651149557436,
      -106.9669954102709,
      820.1970253781237
    ],
    [
      "DEB-49193B6D",
      60.447721177237796,
      -135.85111710088196,
      640.9481130529985
    ],
    [
      "DEB-3D03EE25",
      -49.45732995132669,
      -55.74310726598617,
      405.53946843626636
    ],
    [
      "DEB-8D285182",
      7.332655359273063,
      -149.14711292760842,
      899.7710672102476
    ],
    [
      "DEB-FCFFF63F",
      -36.4605964681963,
      -27.06698786918135,
      633.6624661333235
    ],
    [
      "DEB-4E22B8AD",
      67.46241688980237,
      97.70981006163788,
      741.0838791580381
    ],
    [
      "DEB-B20B7C05",
      16.723612711268373,
      -132.6792456330663,
      459.55784167119873
    ],
    [
      "DEB-8BA14548",
      -23.146110706409456,
      -71.5354498665426,
      137.42073991480447
    ],
    [
      "DEB-81ABB49E",
      -29.393341794569416,
      161.49764714024803,
      765.5832029397216
    ],
    [
      "DEB-42B3BC2F",
      42.049268872849105,
      11.027728729610704,
      363.47987866049516
    ],
    [
      "DEB-3D5D1EB3",
      7.534572768321768,
      6.5926445667931795,
      337.01999978996446
    ],
    [
      "DEB-5DD07D32",
      54.0423557119516,
      -121.52434513426017,
      451.18779916346375
    ],
    [
      "DEB-76926246",
      61.993111814467404,
      -11.463093672980532,
      379.5996938978751
    ],
    [
      "DEB-1AA04F1C",
      -57.70687899162458,
      84.17573793322539,
      769.1970122576686
    ],
    [
      "DEB-A3088486",
      74.10504090076088,
      -61.340639263471864,
      744.9932987442562
    ],
    [
      "DEB-9E4A19FD",
      -36.283158177066596,
      105.29364342193414,
      873.5330253620714
    ],
    [
      "DEB-045873F3",
      29.237037596136517,
      -122.70984643191582,
      611.604824795987
    ],
    [
      "DEB-08FE3744",
      19.30103341718728,
      -155.93901039628716,
      665.1914727596113
    ],
    [
      "DEB-5726EA98",
      63.641837335147535,
      121.26678373262831,
      474.1702845518166
    ],
    [
      "DEB-00212608",
      65.51094560022116,
      86.34258749600804,
      133.19633000497652
    ],
    [
      "DEB-70159F19",
      -9.545161526289627,
      -151.24816744089273,
      714.5683087119514
    ],
    [
      "DEB-B3B6FC47",
      -45.51721223800592,
      164.90508781556403,
      504.42040648558395
    ],
    [
      "DEB-69D5867E",
      43.74350893316528,
      -130.0925267641323,
      831.9593806159019
    ],
    [
      "DEB-7FA7AE34",
      -71.45895136540898,
      -44.17336782414887,
      897.974014055646
    ],
    [
      "DEB-973F101B",
      45.28757260229137,
      -163.10463581916886,
      929.871698071036
    ],
    [
      "DEB-C9745DB8",
      -9.991943446010021,
      -29.48058566455327,
      827.6833582099434
    ],
    [
      "DEB-C139824D",
      23.80708169543628,
      95.72146446563193,
      729.9779380798591
    ],
    [
      "DEB-B8DA0266",
      58.01101345223412,
      -81.96337867841578,
      585.9679622559097
    ],
    [
      "DEB-8F8D3CBA",
      8.464917274756605,
      89.91712908815673,
      183.10531068671662
    ],
    [
      "DEB-8DA90E0B",
      -5.228071594082194,
      7.391757447722654,
      343.28612300252917
    ],
    [
      "DEB-73674B2C",
      -45.12358654723776,
      65.67941928741591,
      341.5628879479191
    ],
    [
      "DEB-E4E48728",
      25.419705616234626,
      -19.454647890230472,
      166.98633029600114
    ],
    [
      "DEB-3E608262",
      52.78552463212116,
      88.33732823858693,
      184.17711791122656
    ],
    [
      "DEB-55C41DC3",
      -22.657343949476466,
      -68.17619581946673,
      160.9461598070884
    ],
    [
      "DEB-5438F8C7",
      1.2536067747407,
      -69.82824834497855,
      327.2835318322186
    ],
    [
      "DEB-00D8065A",
      -24.784713111425045,
      -54.30575766768921,
      380.32102127843063
    ],
    [
      "DEB-266F4077",
      48.670954729441355,
      -76.41550736260463,
      812.466185118943
    ],
    [
      "DEB-ABA73D64",
      14.278929353468767,
      -156.08335318672454,
      345.16359081548035
    ],
    [
      "DEB-E8C8B178",
      -60.19197231253108,
      139.33548954822624,
      692.0990438321642
    ],
    [
      "DEB-75FF5CBE",
      -41.630333179576084,
      36.66398876752433,
      564.6598164260013
    ],
    [
      "DEB-97A37C8D",
      14.627753591403344,
      67.83806346112675,
      773.7864040668692
    ],
    [
      "DEB-EDCEF989",
      31.479829947808966,
      -133.73106279858504,
      368.1978961491368
    ],
    [
      "DEB-C9F5E8EA",
      13.644974933079045,
      -171.83561746344486,
      616.6681057096384
    ],
    [
      "DEB-1D6B9581",
      -63.315741715291786,
      177.49175338736927,
      270.42430104403047
    ],
    [
      "DEB-15DCB0BD",
      49.704193833441366,
      -127.0861535230763,
      643.2627419183736
    ],
    [
      "DEB-BFFB5F35",
      16.063499522763006,
      -29.89782023572556,
      589.9387908492936
    ],
    [
      "DEB-8B36167D",
      19.93483838840423,
      113.88668153920521,
      370.08681510028237
    ],
    [
      "DEB-9A4ACB29",
      58.297961558076935,
      -87.05854202846542,
      423.8240806237118
    ],
    [
      "DEB-A42EF48B",
      15.179037972359295,
      109.3081040005454,
      576.4633193074033
    ],
    [
      "DEB-93A9EB63",
      29.179723734789246,
      31.241513927199563,
      343.8610389405312
    ],
    [
      "DEB-2ACECF1A",
      -3.852385198044158,
      121.74338319791248,
      405.06690287243146
    ],
    [
      "DEB-9526B97A",
      6.856334981839992,
      -123.27009335540782,
      878.9572608315211
    ],
    [
      "DEB-8D49B643",
      32.36682581505937,
      -56.97731313133884,
      487.84040939816623
    ],
    [
      "DEB-C837C1B9",
      -7.112470949327709,
      -167.6891641124903,
      572.4253935224096
    ],
    [
      "DEB-B560B636",
      53.67230767845733,
      -103.86796895418212,
      462.8725246591175
    ],
    [
      "DEB-607153D6",
      39.71173517321867,
      -10.404724770399245,
      566.0785351633986
    ],
    [
      "DEB-FB5D6441",
      27.629130427956014,
      80.23389540822123,
      731.5412895721483
    ],
    [
      "DEB-96D59899",
      -0.667352353687108,
      -110.98135837760826,
      387.9758403675987
    ],
    [
      "DEB-268855DD",
      -4.435089002569307,
      -73.02071582344671,
      122.09364302321228
    ],
    [
      "DEB-92E247A5",
      -0.6879538791513471,
      -52.86948890475655,
      490.57890563881483
    ],
    [
      "DEB-48F2DDCE",
      54.56467940372003,
      -147.61297202787986,
      455.7964290626869
    ],
    [
      "DEB-C5D0A3DF",
      -24.575575712655844,
      150.95581561287912,
      532.0709085175267
    ],
    [
      "DEB-9BEF5014",
      65.86978645612662,
      -14.15056034344271,
      281.20134190068075
    ],
    [
      "DEB-6099EF86",
      -43.67502426488507,
      108.11480998594207,
      226.04621805340776
    ],
    [
      "DEB-C1A37BA7",
      -19.509727847077396,
      158.1082583720449,
      841.5779325534295
    ],
    [
      "DEB-224FB599",
      -52.70589882589007,
      76.39812594341252,
      128.61362022037247
    ],
    [
      "DEB-26C8FC5D",
      64.47615489247103,
      119.46624408869361,
      558.5681159787255
    ],
    [
      "DEB-5A4212C6",
      29.32009736746527,
      -151.65808421432152,
      345.7772974617974
    ],
    [
      "DEB-81972CD6",
      72.24746554558313,
      161.5072032014196,
      920.4134422160014
    ],
    [
      "DEB-FAA7F9B7",
      -2.707908541159369,
      146.5436192670835,
      897.5667818917063
    ],
    [
      "DEB-DDB15294",
      21.304094022647668,
      133.85188516027628,
      314.53118082003584
    ],
    [
      "DEB-147F48F9",
      -25.239255877641792,
      -124.99828237795795,
      538.9408236775698
    ],
    [
      "DEB-0757E09F",
      -61.49118212133136,
      -18.901482362164632,
      545.4894806116918
    ],
    [
      "DEB-E40F68F3",
      -21.552696303824618,
      -48.63808507148928,
      682.7664652525573
    ],
    [
      "DEB-F5CA9A64",
      -20.029428272737526,
      -15.298213739584215,
      534.395223087241
    ],
    [
      "DEB-B7198C3B",
      -52.587315383106606,
      142.6416236314657,
      749.4219473198345
    ],
    [
      "DEB-BBB4ED5C",
      -47.27211053468031,
      152.0188748372945,
      646.4943724583563
    ],
    [
      "DEB-229DAD86",
      -17.979465432548814,
      -113.3274399945924,
      207.07915275791675
    ],
    [
      "DEB-0CA98030",
      63.98785044504004,
      -55.60651240918675,
      657.8831169635087
    ],
    [
      "DEB-2B369AC4",
      48.50165288552222,
      -137.45044711487097,
      566.6429447694272
    ],
    [
      "DEB-D12C9B06",
      -72.32076827034426,
      106.0883031156771,
      157.86853656139647
    ],
    [
      "DEB-17516DAD",
      12.171730056233413,
      -67.99524725043784,
      363.41822025596866
    ],
    [
      "DEB-EE7311DD",
      39.81627609644384,
      -8.469433965009477,
      911.7327464019672
    ],
    [
      "DEB-134CA345",
      22.19266301395357,
      120.62824130459097,
      846.0098263522241
    ],
    [
      "DEB-C97CC6FB",
      -18.355910563732714,
      140.56819419325868,
      556.1349828473312
    ],
    [
      "DEB-40E64D3B",
      -4.885231089882535,
      56.4905590509989,
      328.78812705422115
    ],
    [
      "DEB-46D8C3FB",
      13.102798161137903,
      45.23884607191277,
      452.7620316472776
    ],
    [
      "DEB-13688C44",
      28.541971082188656,
      44.93640189541424,
      845.3804141777755
    ],
    [
      "DEB-CE39E470",
      35.006584538567836,
      120.61133011315782,
      190.89263737925012
    ],
    [
      "DEB-AD5CF061",
      12.984619775216164,
      -16.61530479051054,
      589.8581741596463
    ],
    [
      "DEB-DEF3A02F",
      44.56448729547346,
      93.068590390651,
      258.4911591157688
    ],
    [
      "DEB-39564E00",
      -2.4507949252974885,
      45.30222650451138,
      731.8487553003506
    ],
    [
      "DEB-EA26922B",
      37.32923071980751,
      155.12738070216096,
      504.3727464261865
    ],
    [
      "DEB-982A254B",
      -19.025816508873785,
      25.466422325909264,
      228.38227456456116
    ],
    [
      "DEB-4F993369",
      33.74723350450816,
      -76.23438551733051,
      775.6508027603195
    ],
    [
      "DEB-53C37F82",
      4.6328826343444485,
      -144.03844679319465,
      741.8919772653016
    ],
    [
      "DEB-C7FC38DE",
      -18.42281947401251,
      120.12474335101392,
      517.9589284348885
    ],
    [
      "DEB-F15FEBFB",
      -25.165009231911945,
      -179.69510044542778,
      299.11333165903125
    ],
    [
      "DEB-E9B00C3D",
      21.452416487148692,
      -130.4131397761252,
      136.18547579712504
    ],
    [
      "DEB-0928778F",
      -4.993576806936004,
      -106.59717027189502,
      143.41585952606783
    ],
    [
      "DEB-A4A6ACCC",
      -11.864816587914277,
      107.4928398443289,
      362.6360340089641
    ],
    [
      "DEB-09B00282",
      -35.91436269954012,
      -107.39279245310566,
      171.7390566437025
    ],
    [
      "DEB-5929E794",
      58.6108229539837,
      -94.04478154631924,
      297.5795346214136
    ],
    [
      "DEB-7EE2CBC0",
      0.024089806647318298,
      174.572547423103,
      671.407697035067
    ],
    [
      "DEB-9EA64477",
      -2.7591018784547727,
      36.484742425958466,
      456.90283384817576
    ],
    [
      "DEB-0032AE00",
      -31.671040794831,
      -107.195185682206,
      196.5545222425726
    ],
    [
      "DEB-13B8C3F4",
      -48.966677791275984,
      -44.09006639533169,
      407.3844912051709
    ],
    [
      "DEB-CAE522BF",
      -15.762072935814768,
      52.108716888355474,
      697.648034378698
    ],
    [
      "DEB-0CF43D98",
      12.888764268101777,
      52.829347720170844,
      858.4705910529538
    ],
    [
      "DEB-C8172016",
      -3.830686507094912,
      130.84881204224695,
      248.7143006490769
    ],
    [
      "DEB-98D6F67D",
      -5.523356244976369,
      -84.7915158334757,
      385.1062906725492
    ],
    [
      "DEB-D802EA86",
      -5.017629295827964,
      -66.42484216783718,
      225.4662272877231
    ],
    [
      "DEB-5949E95F",
      -22.66898510448765,
      164.21133928848818,
      204.88199622515458
    ],
    [
      "DEB-5AE55C76",
      39.95576667119458,
      47.047937019769606,
      558.1655531868655
    ],
    [
      "DEB-C6C8F5BF",
      -47.860556535398906,
      -150.84354919060266,
      745.7802472641115
    ],
    [
      "DEB-1C44BA5A",
      13.966121195659314,
      -88.77487878461069,
      919.8276482622505
    ],
    [
      "DEB-727DEC6B",
      53.51702641302179,
      89.42937755644593,
      509.5803834883218
    ],
    [
      "DEB-20CA6D84",
      60.091215214143794,
      -112.5679571267501,
      470.4427247199883
    ],
    [
      "DEB-FC311FBB",
      -82.97901527107643,
      -61.131810793316575,
      151.80694219819998
    ],
    [
      "DEB-D5990F7C",
      -7.2238666720840286,
      -38.93464835684027,
      371.5878285987619
    ],
    [
      "DEB-A426F5B1",
      -38.125694746526,
      -110.32384522253734,
      158.08643356439825
    ],
    [
      "DEB-73B5FE57",
      34.93814387841561,
      108.8634433427546,
      586.8818096049063
    ],
    [
      "DEB-A2980404",
      44.53593767482827,
      -157.93405302236008,
      531.5330340951405
    ],
    [
      "DEB-03A8CC47",
      19.241635533184393,
      95.80962056754294,
      712.1981490147882
    ],
    [
      "DEB-2D608508",
      14.961879972473895,
      -119.01485088572012,
      320.5375584117028
    ],
    [
      "DEB-16CF74B8",
      -51.01985639831955,
      -2.3651154080809325,
      786.636547392056
    ],
    [
      "DEB-3885E9EC",
      58.43999514400718,
      3.6561229102461095,
      116.83723006071068
    ],
    [
      "DEB-4CB00246",
      45.937365501110236,
      -122.61016158677538,
      338.4868180808344
    ],
    [
      "DEB-994FB867",
      36.88622411129191,
      -56.01979671009156,
      901.7925997068105
    ],
    [
      "DEB-3906223B",
      81.04728657556578,
      -167.96664949356543,
      404.4195224432724
    ],
    [
      "DEB-4CD26770",
      41.119199443547906,
      -173.50415849690842,
      639.3482385692096
    ],
    [
      "DEB-3A78081C",
      70.44405123001428,
      7.778475319786097,
      312.26726341359245
    ],
    [
      "DEB-75D86A4A",
      17.9187643393897,
      49.850971136746594,
      178.31752888227675
    ],
    [
      "DEB-4BBD3BF1",
      8.39497931364588,
      -16.776740943610168,
      463.9770698919292
    ],
    [
      "DEB-59448060",
      26.991599384628575,
      -167.62848539531686,
      352.2657061021973
    ],
    [
      "DEB-C26DDC62",
      58.15241051211677,
      -163.17270938481633,
      411.3905890079841
    ],
    [
      "DEB-03D52ECB",
      2.896390878036424,
      64.3008391890099,
      553.267263888908
    ],
    [
      "DEB-78CBDD4A",
      -37.62506500932616,
      -16.605237322770325,
      869.4702253363503
    ],
    [
      "DEB-EA6D662D",
      -65.38894735634881,
      71.85411681767422,
      828.3971141353231
    ],
    [
      "DEB-7ABBAF63",
      5.449683583393083,
      -10.271443845310687,
      591.8328819504941
    ],
    [
      "DEB-2054B51B",
      32.48633961815934,
      9.229566295522615,
      252.06976777237833
    ],
    [
      "DEB-600EB49A",
      29.410503211557433,
      89.13335136381951,
      400.8365624616981
    ],
    [
      "DEB-227CA761",
      -59.88080027610718,
      -144.25794618154256,
      924.5666972223089
    ],
    [
      "DEB-705DEDD6",
      63.28737417297564,
      -70.34215964486035,
      390.7878640338149
    ],
    [
      "DEB-600EBD41",
      -10.690814767725403,
      73.7026883590046,
      305.5564823686773
    ],
    [
      "DEB-C37A00BE",
      61.25876763455579,
      -141.97901734636787,
      145.12122905660271
    ],
    [
      "DEB-FF04D0F6",
      28.61193264615048,
      -24.69740803122173,
      709.7798017702962
    ],
    [
      "DEB-FDC81157",
      64.80475497672289,
      -177.332459236355,
      899.4913327025506
    ],
    [
      "DEB-45CC4889",
      21.952798462037965,
      11.20979456541416,
      313.5503563612165
    ],
    [
      "DEB-91F117ED",
      7.635200977819712,
      -71.04675221832538,
      146.23562184290495
    ],
    [
      "DEB-47B08BBB",
      17.134749374468548,
      70.33906806263208,
      468.9077973066678
    ],
    [
      "DEB-314CF6F0",
      24.123708896907072,
      -172.9753454598401,
      323.6434917542383
    ],
    [
      "DEB-AD2B2727",
      21.891347336199004,
      -70.90776020794948,
      261.31135545809684
    ],
    [
      "DEB-7C24BACB",
      -16.180250576172273,
      136.0170744687641,
      494.13704171127483
    ],
    [
      "DEB-EBC66A72",
      -55.81644786314435,
      -65.57537993305016,
      608.764838957406
    ],
    [
      "DEB-0C79C1E7",
      -21.078446968404375,
      6.154061290593337,
      383.3303645982769
    ],
    [
      "DEB-FF0B101F",
      31.99710698854053,
      -149.70522183392157,
      701.749397492049
    ],
    [
      "DEB-4631B5DB",
      -1.4093605058402203,
      -112.10539807659976,
      698.6099053817115
    ],
    [
      "DEB-0FFA1D74",
      -58.15156517907468,
      -178.0568464531946,
      519.7574829133082
    ],
    [
      "DEB-92DFDC97",
      66.87398635327921,
      101.16765451123588,
      837.0599219147434
    ],
    [
      "DEB-3BA8C9F1",
      45.96743791125449,
      -136.33277532766027,
      206.48276047824493
    ],
    [
      "DEB-CC353309",
      -40.76170864084828,
      -103.95711684815264,
      583.123373258838
    ],
    [
      "DEB-FE00C232",
      80.34860356714836,
      47.030987078976544,
      640.9842752238956
    ],
    [
      "DEB-8976FDE1",
      30.753902706489395,
      133.40826125226292,
      519.8627700616516
    ],
    [
      "DEB-DD73D66F",
      14.198870521275891,
      64.98729735352109,
      896.530560937822
    ],
    [
      "DEB-16F72B4D",
      -46.68475594554905,
      175.1087558330541,
      382.033757672265
    ],
    [
      "DEB-4C196123",
      -33.768095488153314,
      -122.19515479934536,
      396.9446705705641
    ],
    [
      "DEB-A3B4BA1C",
      -0.30269021494054216,
      -69.3122340240462,
      862.7680245527117
    ],
    [
      "DEB-E39B8FE4",
      -57.585797359794,
      -175.7801972086941,
      415.27205141577815
    ],
    [
      "DEB-D2D73E8D",
      -1.439736771114576,
      32.26547680734404,
      272.5786267213798
    ],
    [
      "DEB-1197F7F5",
      36.340813361717736,
      -78.92206566311546,
      355.3440307791607
    ],
    [
      "DEB-27E9BA74",
      -51.99547022014238,
      -87.88252557958464,
      856.5024135756348
    ],
    [
      "DEB-AB8F51A4",
      -72.06679532169163,
      128.4214072409188,
      648.3295943108296
    ],
    [
      "DEB-10E7F12B",
      36.56448251702174,
      -49.93424260592393,
      602.8207554223873
    ],
    [
      "DEB-EDD93C2B",
      -65.55554805219082,
      -104.07254923266758,
      138.08679878991097
    ],
    [
      "DEB-9E6A2BA2",
      -65.23924623696891,
      -101.9050807207768,
      807.7083877117411
    ],
    [
      "DEB-0FD504F3",
      72.20873549871845,
      -0.2841042064197382,
      347.24170362296354
    ],
    [
      "DEB-83DDD0EF",
      18.49885421232243,
      76.70963755480015,
      605.5305101423046
    ],
    [
      "DEB-C9EBF179",
      -17.23348952129591,
      16.475585116681184,
      139.29048135432913
    ],
    [
      "DEB-C77C1B89",
      -11.057239588367779,
      26.580606460138263,
      698.6062939225794
    ],
    [
      "DEB-B2329B9A",
      -77.00361339223193,
      -139.73713237016867,
      381.45582608785935
    ],
    [
      "DEB-43999D82",
      55.38143812855329,
      0.27288791311335653,
      489.7881647214617
    ],
    [
      "DEB-DDCB539C",
      51.94594925782822,
      158.67426374323605,
      392.454097275825
    ],
    [
      "DEB-CF00B548",
      73.89819868968927,
      -4.591573049393028,
      340.1517857803592
    ],
    [
      "DEB-671EC379",
      12.183766920421265,
      -132.7585226964747,
      495.72690534529465
    ],
    [
      "DEB-5842FE5F",
      -23.743956288683837,
      -41.39796432772311,
      744.2593888306747
    ],
    [
      "DEB-663A83CD",
      -44.787368448523274,
      -160.63464800420167,
      355.41694988684594
    ],
    [
      "DEB-16E562C6",
      -25.919510523113576,
      70.01254200232957,
      622.880275630926
    ],
    [
      "DEB-389B8114",
      -17.820799647561504,
      -69.43978774629528,
      415.43861591581754
    ],
    [
      "DEB-07227C11",
      56.77843237651073,
      -139.7552965820378,
      286.2733509434165
    ],
    [
      "DEB-D131C3A1",
      -54.944579442773986,
      117.31473489471344,
      181.272905608771
    ],
    [
      "DEB-F8D2918B",
      -25.806724657085546,
      -41.856276026053784,
      146.64275781560627
    ],
    [
      "DEB-79ECB3E3",
      25.790190351789636,
      176.23968296162562,
      313.59091033343066
    ],
    [
      "DEB-02C16489",
      -59.44578140442286,
      -85.22547347006468,
      440.4945350895332
    ],
    [
      "DEB-C2DD631C",
      -6.376957954512194,
      128.52170443098237,
      804.3887819930051
    ],
    [
      "DEB-8D4B42BD",
      -54.89435763223102,
      15.621941063505144,
      288.925096542288
    ],
    [
      "DEB-B132BB6C",
      24.116004780236942,
      116.34714790150001,
      157.2356128016554
    ],
    [
      "DEB-FFE85AE1",
      -26.416390940035175,
      -47.75421915072481,
      543.0159636154003
    ],
    [
      "DEB-FE718579",
      23.834089734471313,
      -176.00013370385244,
      818.4406708221513
    ],
    [
      "DEB-F87F4873",
      -47.433202593558526,
      160.83452708831848,
      636.0469170248734
    ],
    [
      "DEB-0730706D",
      -38.35621768267632,
      -81.45128356170831,
      576.5634342656731
    ],
    [
      "DEB-655B1980",
      -33.82913535031672,
      111.68155177894006,
      612.2164129660041
    ],
    [
      "DEB-593FCE8F",
      66.5427142997417,
      126.61627842514679,
      706.2693859231222
    ],
    [
      "DEB-A6950898",
      32.87308901392704,
      172.42234981326666,
      560.1718871425064
    ],
    [
      "DEB-605C51BC",
      -10.30760740168418,
      -53.27012037321638,
      152.12554029552484
    ],
    [
      "DEB-3C01E19C",
      42.72356508645426,
      -148.53766403596163,
      500.1879572919979
    ],
    [
      "DEB-A0E1B77A",
      -29.314472313506943,
      -112.01739349098123,
      121.59687965988905
    ],
    [
      "DEB-DA94D394",
      3.0665758863474393,
      167.46445926860417,
      117.94529219659216
    ],
    [
      "DEB-FCEFBA25",
      -27.854574150012603,
      -137.7958419215596,
      493.4455923381074
    ],
    [
      "DEB-10C7C978",
      -53.16010766649158,
      -129.16510772206857,
      299.97140218684945
    ],
    [
      "DEB-A8A71251",
      21.68382904264887,
      -105.59743533483234,
      763.7484722724221
    ],
    [
      "DEB-10CF256D",
      -45.29161147275247,
      -132.49710369766305,
      431.2447496501454
    ],
    [
      "DEB-744224AC",
      32.238803582218964,
      148.8576861990726,
      851.8801112515803
    ],
    [
      "DEB-711DCDDA",
      -3.854038084805228,
      -33.926749461944745,
      403.89518812410097
    ],
    [
      "DEB-6157A39F",
      3.152166947801439,
      153.6681326138157,
      452.5664130931473
    ],
    [
      "DEB-F3A6A488",
      -42.02822631579873,
      169.7165937744719,
      736.692891623039
    ],
    [
      "DEB-80FD0BF5",
      -17.01996104803046,
      -36.47327683363349,
      919.5845444614979
    ],
    [
      "DEB-B1A9CA1E",
      9.232444013758862,
      -85.30222087650591,
      754.6028255205329
    ],
    [
      "DEB-A96B1DDD",
      -36.43425234741529,
      72.35441631546414,
      887.15221227861
    ],
    [
      "DEB-23468C72",
      -0.24719983938519777,
      141.48107446691168,
      463.0618663537116
    ],
    [
      "DEB-B341012F",
      -48.39175812950413,
      -48.28293420679326,
      706.7006579854287
    ],
    [
      "DEB-0EA87D49",
      33.04136794409672,
      -113.91661533332929,
      463.29608226082473
    ],
    [
      "DEB-AAD0780F",
      -59.605862853801746,
      170.71291221179013,
      259.18891515481755
    ],
    [
      "DEB-78F7631C",
      -30.153957569514553,
      78.95917152463538,
      555.1430646829049
    ],
    [
      "DEB-B3D91C20",
      -40.28489815625034,
      27.04634235752737,
      815.983483764092
    ],
    [
      "DEB-FEAD09A9",
      -49.76589519734674,
      -109.4097406894171,
      663.224190887835
    ],
    [
      "DEB-546C572B",
      34.23318343719301,
      141.55992432098606,
      560.2281712297909
    ],
    [
      "DEB-C4ACE2C2",
      -11.135725007583494,
      86.93308080520201,
      137.89237854164003
    ],
    [
      "DEB-B60B1DA9",
      -63.42530672294677,
      -128.85225441155023,
      588.914983404301
    ],
    [
      "DEB-77C45693",
      -34.63864028765679,
      -62.23548236156339,
      779.7338369340396
    ],
    [
      "DEB-46F598C0",
      -10.618881153132643,
      -136.83112091543018,
      278.21053844278595
    ],
    [
      "DEB-C89ACE9D",
      -27.056229307669778,
      7.4748875383971445,
      648.4701105797749
    ],
    [
      "DEB-BA69C691",
      28.88812016691614,
      68.83876775942691,
      470.93845889067325
    ],
    [
      "DEB-317EBAD7",
      18.708444508990098,
      -81.9323932482692,
      188.6500588730587
    ],
    [
      "DEB-459D8745",
      -43.18786141430436,
      -148.36154446547383,
      532.8719020665758
    ],
    [
      "DEB-19A900B0",
      35.588397439565526,
      68.06633733424472,
      774.595289947034
    ],
    [
      "DEB-C4A0AA79",
      -53.58450812210535,
      88.78542117631311,
      616.4401485946746
    ],
    [
      "DEB-807036D5",
      -22.900865087593516,
      -173.21914010123757,
      736.0867036471136
    ],
    [
      "DEB-A2569729",
      31.732028316623087,
      -95.8143080676203,
      370.5450003514861
    ],
    [
      "DEB-DF329177",
      33.61972826122589,
      157.04741693907624,
      414.38694447780745
    ],
    [
      "DEB-063C0263",
      14.460339711297088,
      -56.204429574115125,
      556.4606415132939
    ],
    [
      "DEB-0315BAF4",
      -12.807401440815882,
      -60.927309798365506,
      553.2841767301352
    ],
    [
      "DEB-2D2F4B74",
      -50.54854894963216,
      145.33573254986413,
      446.49180895956306
    ],
    [
      "DEB-24C97C5C",
      75.78222479034245,
      -15.845939525597533,
      488.9264628924193
    ],
    [
      "DEB-65BE0709",
      64.84567394989642,
      2.9816369557392117,
      728.247899255477
    ],
    [
      "DEB-F6D31FA3",
      15.22593949693289,
      66.81077611985319,
      243.44268489421665
    ],
    [
      "DEB-AD085391",
      -44.14367782572775,
      30.69742816905468,
      737.7849981511245
    ],
    [
      "DEB-797311DA",
      -37.03770857810045,
      41.24209491227315,
      405.31656866092453
    ],
    [
      "DEB-B7808DDA",
      -32.783391060271306,
      6.9339352866822095,
      314.1533975047141
    ],
    [
      "DEB-05A20199",
      -51.07571567291443,
      6.0493142960848045,
      817.8692155321332
    ],
    [
      "DEB-34335C09",
      75.89655182178345,
      151.85495625842051,
      587.9615356117583
    ],
    [
      "DEB-6181EF3E",
      49.102207230233,
      169.17041219232553,
      665.4665204885123
    ],
    [
      "DEB-402C68BA",
      83.00440076830624,
      -12.030825764591532,
      290.75181629875624
    ],
    [
      "DEB-DD9AF4B5",
      -43.469244887613975,
      -17.48949682420282,
      208.87408337944998
    ],
    [
      "DEB-E899AED1",
      33.72794964254354,
      -63.40638301329592,
      508.18661994937247
    ],
    [
      "DEB-EECFA176",
      66.33039803231206,
      130.70431928851096,
      819.031846208316
    ],
    [
      "DEB-0219EC2B",
      17.728499637268513,
      -138.74027807501255,
      327.0822012652188
    ],
    [
      "DEB-84225EE0",
      27.071813100658826,
      -19.15451846675839,
      488.6171222551038
    ],
    [
      "DEB-3316947C",
      -48.288986712072564,
      10.74048276638941,
      229.65127957620098
    ],
    [
      "DEB-7F80FE4C",
      -16.13061167572574,
      -97.51677381415367,
      231.90988574187122
    ],
    [
      "DEB-CA927962",
      -58.9987598545325,
      82.42087730995955,
      310.4401661099091
    ],
    [
      "DEB-9E30A302",
      17.211328895826814,
      178.47757507898353,
      661.5021125637522
    ],
    [
      "DEB-EBD50C5D",
      54.66805096057795,
      19.57413700222208,
      308.3357630520022
    ],
    [
      "DEB-7D4B745D",
      -18.427323703790783,
      7.265700688594977,
      700.4570181118324
    ],
    [
      "DEB-AC639A56",
      46.870428359242226,
      36.417503323819595,
      537.5378948691969
    ],
    [
      "DEB-EC89C84E",
      68.22727140391672,
      -79.52449588034474,
      180.54710792540936
    ],
    [
      "DEB-334E5A6E",
      -23.377157306539356,
      156.0098414153905,
      334.5573359086202
    ],
    [
      "DEB-A0ABB719",
      -23.22505817750413,
      -159.448973759686,
      285.66002242462764
    ],
    [
      "DEB-E40B6427",
      -40.403854702144415,
      126.34133835187262,
      464.75667584327584
    ],
    [
      "DEB-079B5E61",
      13.773542279212087,
      93.45306281830467,
      206.04012884134227
    ],
    [
      "DEB-5BD79309",
      -33.41309427890141,
      -22.125177669189032,
      751.0844924635694
    ],
    [
      "DEB-7BAB474B",
      -1.4898326146648704,
      0.6877879356735039,
      534.9785864016449
    ],
    [
      "DEB-B7DF2BD3",
      -51.5902804772522,
      -149.3670353890118,
      445.8426258597374
    ],
    [
      "DEB-FB32962A",
      24.64813785963529,
      117.75588799119895,
      565.2451932899903
    ],
    [
      "DEB-052CC22E",
      37.25855104222811,
      -71.2037694805222,
      247.46825877213905
    ],
    [
      "DEB-043E3584",
      -49.390696396669284,
      -27.445191949247928,
      390.0734459352898
    ],
    [
      "DEB-9E2CF21F",
      -66.39539834764916,
      75.89480778992885,
      245.32139190620637
    ],
    [
      "DEB-B58A151A",
      31.513343763757344,
      97.66716837474038,
      728.0306183794646
    ],
    [
      "DEB-AF942E44",
      7.009815299009987,
      -121.34423290855737,
      409.87713863736826
    ],
    [
      "DEB-4ACB88AD",
      45.047834995121875,
      -29.955694433785908,
      198.05701414368832
    ],
    [
      "DEB-91A0B3B0",
      -15.17571480697268,
      166.92512967625393,
      191.7210910649037
    ],
    [
      "DEB-1B149281",
      -17.822216870133754,
      46.52976699499602,
      655.8535512145863
    ],
    [
      "DEB-C22712B6",
      7.109000309184333,
      96.03932019471121,
      296.10141876923626
    ],
    [
      "DEB-F6E88A73",
      -7.5574574852025265,
      -63.04573421688431,
      376.1356469016009
    ],
    [
      "DEB-9CFB7437",
      52.03926906556929,
      -7.231809095820299,
      397.0512988500941
    ],
    [
      "DEB-5A809719",
      -16.988253453253932,
      113.68651838636087,
      813.4422453230154
    ],
    [
      "DEB-01768CB2",
      6.62398848260463,
      153.38156457488682,
      629.6979762553647
    ],
    [
      "DEB-A142EF44",
      13.181338872512786,
      174.23000520413956,
      696.280113029844
    ],
    [
      "DEB-D8B5A13D",
      -44.96534488537091,
      -93.1500504504056,
      890.0960453306825
    ],
    [
      "DEB-8588CF5E",
      -22.868604431979016,
      93.82000547604325,
      539.7610052460223
    ],
    [
      "DEB-17B38BE0",
      -67.82562050199408,
      26.425350272101884,
      826.4692039817073
    ],
    [
      "DEB-96D03496",
      3.4548149531125114,
      143.89504397486314,
      917.4558710026768
    ],
    [
      "DEB-E5D3929A",
      23.082520186528527,
      138.87827343514553,
      745.8731688854505
    ],
    [
      "DEB-4104E9A6",
      43.02338885884938,
      125.52916368796538,
      715.4942098670599
    ],
    [
      "DEB-0396BB8B",
      -60.94156142826496,
      109.0826525406479,
      610.4495106536115
    ],
    [
      "DEB-2A00DD24",
      -41.20780753884093,
      117.19507967962777,
      785.3750328323231
    ],
    [
      "DEB-49C17A77",
      68.65791323545152,
      18.018762718276847,
      237.3360067758249
    ],
    [
      "DEB-31024B0E",
      -60.043776405906996,
      131.70843269953167,
      828.3978488003959
    ],
    [
      "DEB-E1DBFC85",
      -20.276554590104645,
      -125.64762385974298,
      849.8991350916376
    ],
    [
      "DEB-B41D7C1A",
      -20.609375970091293,
      -80.36953370210635,
      492.7048401695056
    ],
    [
      "DEB-A68F0514",
      46.31692084347777,
      178.6751460878968,
      346.37959389465505
    ],
    [
      "DEB-B30C224C",
      -74.84148929526886,
      -109.08582517501178,
      504.83246934928684
    ],
    [
      "DEB-879D424B",
      -15.157380501353392,
      73.66453933924127,
      809.9072669361667
    ],
    [
      "DEB-D92935E2",
      33.19679937849307,
      130.7523816606532,
      813.9597754607694
    ],
    [
      "DEB-A7B9FCC4",
      0.72481157850478,
      -24.075807455840636,
      415.6105780212001
    ],
    [
      "DEB-B36A66E9",
      -65.72845170406082,
      77.35497418809611,
      336.64258355932543
    ],
    [
      "DEB-8F455BC6",
      35.915623273539694,
      106.01565501507483,
      466.06284019488794
    ],
    [
      "DEB-2D1E2D38",
      -2.63397569905626,
      -17.60200771811252,
      278.72770554204817
    ],
    [
      "DEB-EF8A395D",
      -77.30002377689728,
      164.12372046500332,
      244.5281104411115
    ],
    [
      "DEB-29EF7D0E",
      13.85467392785501,
      176.2771258924333,
      784.700745904337
    ],
    [
      "DEB-4674A776",
      -3.159144776208197,
      53.516148901142245,
      855.1416100786528
    ],
    [
      "DEB-CD0F6DB4",
      40.97063487233369,
      114.10754126764148,
      321.65584242454497
    ],
    [
      "DEB-DB40A23B",
      14.519511078965696,
      -152.64005952039383,
      272.3040592889183
    ],
    [
      "DEB-84FB78EF",
      57.28137207292325,
      -55.35164629455208,
      832.0274271737671
    ],
    [
      "DEB-60B11513",
      -28.900860365369095,
      -80.87220842316208,
      312.2058529049873
    ],
    [
      "DEB-A79C202D",
      7.99407643788079,
      -144.47988605745368,
      505.1163014598469
    ],
    [
      "DEB-F84DE7B1",
      5.102670157713276,
      -47.529321250376036,
      241.39861205452962
    ],
    [
      "DEB-9B08C22C",
      20.610215841109053,
      31.05094709237352,
      432.07563811664477
    ],
    [
      "DEB-E5C5625A",
      -22.96012411061132,
      -159.7102194225387,
      231.98862413829374
    ],
    [
      "DEB-F566B04E",
      -22.62996316942974,
      115.07359751780808,
      319.45849349794844
    ],
    [
      "DEB-6AACD7BE",
      51.22846036217969,
      75.04770471911137,
      361.3611045027319
    ],
    [
      "DEB-BE721C13",
      46.21879064254751,
      -62.18150706599716,
      550.3448174655259
    ],
    [
      "DEB-B6A5BC6F",
      -72.27959384677226,
      151.74993108314405,
      677.7381581872023
    ],
    [
      "DEB-56475B62",
      23.570443524658156,
      70.78942522349085,
      789.0413505224742
    ],
    [
      "DEB-05F6EC42",
      -10.824081128113816,
      -88.33426802544308,
      770.5795459103083
    ],
    [
      "DEB-8F58BF93",
      -23.97237885563235,
      122.23485975230493,
      306.1458204416622
    ],
    [
      "DEB-B808893F",
      -12.157049086148948,
      -154.1086751849512,
      246.5070922386749
    ],
    [
      "DEB-4CEB74D0",
      5.187353969894511,
      -104.89479961800072,
      858.1228304417527
    ],
    [
      "DEB-E18EAD7F",
      69.75582774030805,
      92.8382863105449,
      116.73695784831853
    ],
    [
      "DEB-433C32F3",
      54.334564278753525,
      -51.423670349842354,
      554.465725954602
    ],
    [
      "DEB-63F84C71",
      -14.142406334983754,
      -75.26470715374366,
      630.5002028440349
    ],
    [
      "DEB-C969EBB0",
      -49.31116517494005,
      -80.51522530377923,
      163.68102013600128
    ],
    [
      "DEB-2A8AEFAF",
      14.59088987805595,
      153.18455344540692,
      543.4935994162115
    ],
    [
      "DEB-02E00C6C",
      68.25347282906944,
      8.223670622140194,
      775.201091299321
    ],
    [
      "DEB-14D96CB1",
      -46.22242888727927,
      -127.88853426302866,
      737.6601609157651
    ],
    [
      "DEB-7B2D55F1",
      -54.120348118429334,
      -17.165066938886056,
      322.21347259446975
    ],
    [
      "DEB-85B63CF8",
      -52.86242425688083,
      -71.1923496169415,
      202.73173079409753
    ],
    [
      "DEB-BFCDD77C",
      -28.869827256203344,
      -63.711315004984186,
      255.6160613519287
    ],
    [
      "DEB-F7A9C87F",
      -21.026944754018086,
      -143.57750929613982,
      825.1633343170388
    ],
    [
      "DEB-9A145E1D",
      -25.809338484310032,
      23.110821143151878,
      781.7242041527597
    ],
    [
      "DEB-F9706CE6",
      -44.070359040886395,
      75.2100831739119,
      433.51502058118785
    ],
    [
      "DEB-25C2FE47",
      3.8206232677470875,
      -13.43232837188044,
      490.01403122519423
    ],
    [
      "DEB-A1531A7A",
      -6.898891889607109,
      -146.32378991503776,
      759.6415809172886
    ],
    [
      "DEB-8EC774DF",
      -28.345520038983164,
      161.4760546496737,
      237.3980674958175
    ],
    [
      "DEB-90BD022F",
      10.324646364666226,
      -99.14855007555448,
      470.44838852727116
    ],
    [
      "DEB-4C6FFEF2",
      -46.899604947043166,
      86.78252337774202,
      283.8769744239262
    ],
    [
      "DEB-A767881C",
      33.33694735771481,
      -74.29657370883442,
      188.90954620218054
    ],
    [
      "DEB-701F3A70",
      -43.97013963134964,
      171.41427895335153,
      605.1691497420643
    ],
    [
      "DEB-6BB6861D",
      13.531576877903861,
      -87.05574424117033,
      611.6112367223068
    ],
    [
      "DEB-75C5A228",
      16.19496939318543,
      151.2358236452016,
      651.331996361946
    ],
    [
      "DEB-7BD45BA9",
      31.823332927344254,
      -13.174989814124396,
      535.3449660147553
    ],
    [
      "DEB-5DF86C81",
      45.46005012379451,
      -35.115234663539155,
      717.2249616295503
    ],
    [
      "DEB-1709F0E9",
      1.5467791150606414,
      2.8887396339443434,
      463.5175645984473
    ],
    [
      "DEB-00D02696",
      -63.067581304433,
      95.59882961333226,
      154.8959771718428
    ],
    [
      "DEB-2953EC38",
      5.0048635040292835,
      98.11733096657358,
      620.7419288287929
    ],
    [
      "DEB-CF3E059B",
      -34.49009501110267,
      -48.84880216455609,
      124.89812557605273
    ],
    [
      "DEB-F126539B",
      -42.77125251244757,
      -55.47647892665799,
      669.342170484073
    ],
    [
      "DEB-20A03453",
      -14.557654888806354,
      29.70214290820207,
      386.0870877200932
    ],
    [
      "DEB-135FDA7F",
      -49.894775292288905,
      145.09048895149786,
      161.53693246299463
    ],
    [
      "DEB-5C8B2CE3",
      15.577398070737162,
      61.049348325791875,
      510.66033291213716
    ],
    [
      "DEB-426C8C77",
      48.39856030701154,
      78.30326160446245,
      442.6497678259266
    ],
    [
      "DEB-E097D44C",
      -1.469640136163303,
      106.23681664142896,
      310.55380513600267
    ],
    [
      "DEB-424CFA2C",
      15.415033637129628,
      -75.11110295221495,
      501.7355098484086
    ],
    [
      "DEB-3D7EEC47",
      47.76049114235051,
      143.33357594476706,
      377.8056877264762
    ],
    [
      "DEB-7F5DA31C",
      55.54264045061125,
      0.05607968046796814,
      758.7665560661017
    ],
    [
      "DEB-A7C8B4F1",
      8.943832138867581,
      -70.38667883704626,
      374.7592239559699
    ],
    [
      "DEB-0238D953",
      -26.436289392330337,
      -92.69399545825507,
      542.2855756169729
    ],
    [
      "DEB-C683B580",
      -1.2006312465749645,
      -13.401032270072411,
      284.85688280273826
    ],
    [
      "DEB-FD14BFFC",
      5.098924539820408,
      119.49980123891393,
      715.8294873705827
    ],
    [
      "DEB-B8998930",
      -65.13560663759084,
      131.34607785822152,
      217.99651282192735
    ],
    [
      "DEB-156D3787",
      71.72898113376877,
      112.44922974538026,
      828.6805183107881
    ],
    [
      "DEB-535AD379",
      21.82570944597096,
      -159.75988621757864,
      507.88097029989876
    ],
    [
      "DEB-F57FF83E",
      55.711423792295435,
      -8.132420944589429,
      830.3644951572487
    ],
    [
      "DEB-1D999298",
      57.68206684783088,
      -90.24375445713392,
      436.4159629880178
    ],
    [
      "DEB-0BF76FC7",
      -14.030115351679497,
      15.814889521894685,
      909.4906208785451
    ],
    [
      "DEB-425AB701",
      12.974299188514587,
      -112.96951231990131,
      882.3585223269984
    ],
    [
      "DEB-E492AEA0",
      10.136417938975093,
      16.254158629022278,
      645.4033947269454
    ],
    [
      "DEB-19489321",
      -30.6969536989919,
      -127.13245934280282,
      338.8673766746324
    ],
    [
      "DEB-3040E35F",
      31.482335360530232,
      108.20061330933113,
      858.1673198208846
    ],
    [
      "DEB-181348FB",
      27.12226586761369,
      6.70425613071686,
      858.2019838857323
    ],
    [
      "DEB-1309A1D4",
      -1.6930264979698206,
      -133.67183524325296,
      148.41796038513712
    ],
    [
      "DEB-E5665757",
      11.080555283703816,
      -63.22360601970366,
      446.4587596781421
    ],
    [
      "DEB-F15910B7",
      21.60212959366441,
      71.70636196569758,
      386.505285764335
    ],
    [
      "DEB-DA13C025",
      53.46308667735611,
      -25.701170438623432,
      684.7588379491881
    ],
    [
      "DEB-C2A44D29",
      4.846911723004495,
      55.57203112560362,
      335.58509923244947
    ],
    [
      "DEB-4CC04C4A",
      3.4797053102906323,
      -97.35610020614222,
      294.1171423373253
    ],
    [
      "DEB-528B56EB",
      -1.7761506756828727,
      25.691448762446498,
      132.8755359919969
    ],
    [
      "DEB-7076B39E",
      27.01716306256646,
      54.527782788202515,
      388.01550119157855
    ],
    [
      "DEB-26FB5E1E",
      -41.99084621039873,
      -113.98673761154403,
      167.5014467390847
    ],
    [
      "DEB-96F9C33A",
      50.07673367985598,
      101.81722735901266,
      910.6039410005615
    ],
    [
      "DEB-29DDF55D",
      25.861577163687034,
      -51.76214846191725,
      280.8739427952023
    ],
    [
      "DEB-EE207044",
      -36.889692811276724,
      -124.08805237012417,
      459.7446684505976
    ],
    [
      "DEB-299F2C2D",
      11.58465727964178,
      118.19970800242523,
      670.8938735183801
    ],
    [
      "DEB-63DE4366",
      36.43058156707411,
      -34.97282952792183,
      203.25581867781239
    ],
    [
      "DEB-D879A216",
      4.363514682474061,
      94.04575408055487,
      716.8896982406768
    ],
    [
      "DEB-9C262F77",
      -13.705241461658906,
      163.33219416851497,
      277.47792220570955
    ],
    [
      "DEB-644A061C",
      -4.582229021577404,
      157.6859033332149,
      607.8268199169943
    ],
    [
      "DEB-47EBE1EF",
      35.78850723185238,
      -77.87445737205147,
      217.3696642052546
    ],
    [
      "DEB-DA1E53EE",
      -79.9355114783536,
      11.724724138321092,
      532.9791125212951
    ],
    [
      "DEB-62D8CB1E",
      39.15487178962298,
      -15.883335102021185,
      389.08598768631964
    ],
    [
      "DEB-883304B0",
      0.11512723131574643,
      69.38534712715744,
      716.7934285524643
    ],
    [
      "DEB-735601E4",
      58.433264288163734,
      67.55764060929312,
      668.3065730092922
    ],
    [
      "DEB-F88793D0",
      25.93796659959453,
      54.17714824452777,
      843.2710772158698
    ],
    [
      "DEB-3707DDD0",
      3.3627121972820304,
      155.79122373861836,
      323.3217069595448
    ],
    [
      "DEB-4247C5F9",
      25.401101838484244,
      -136.18961283635272,
      617.4926646641652
    ],
    [
      "DEB-191684CB",
      -38.581383590097204,
      2.5459568735223272,
      764.778020343264
    ],
    [
      "DEB-ACC61D3E",
      36.738495640790084,
      175.71394906294483,
      222.36048031702194
    ],
    [
      "DEB-F7912212",
      57.55581066684044,
      -39.51216644161525,
      737.0651594541614
    ],
    [
      "DEB-88E02361",
      -9.277500993887381,
      -61.11778299354675,
      587.9469855701782
    ],
    [
      "DEB-538F3298",
      -22.572152457297054,
      34.54058693278552,
      269.20560447623484
    ],
    [
      "DEB-81846915",
      -30.551558008486545,
      -133.65632692360717,
      449.227714873944
    ],
    [
      "DEB-A74DA96C",
      -29.254226099911183,
      14.26224464450902,
      671.2364465084147
    ],
    [
      "DEB-D3B6AFBB",
      -27.731418637804815,
      -138.4773109168135,
      573.6596202505489
    ],
    [
      "DEB-C1CA542E",
      -22.551015775445876,
      57.15480038668294,
      270.18308858632554
    ],
    [
      "DEB-14A28375",
      40.78583788332351,
      -129.93511795707477,
      328.96381728206507
    ],
    [
      "DEB-0EF2B4CA",
      43.64354345277294,
      130.80948668987853,
      159.30164086075
    ],
    [
      "DEB-F1171E6F",
      52.958119886961356,
      72.85100208457169,
      566.6255398792464
    ],
    [
      "DEB-3BDC64D3",
      45.1835716278115,
      59.053934686904775,
      332.96810280134923
    ],
    [
      "DEB-E17BDC26",
      51.86811103832184,
      77.72057724241303,
      604.6176869469491
    ],
    [
      "DEB-05DBAC9B",
      14.196148197764415,
      156.09322720179287,
      670.3923190389078
    ],
    [
      "DEB-36C86035",
      -15.773836283031041,
      -111.96370712987526,
      870.0649295843605
    ],
    [
      "DEB-BE6CA649",
      -59.65114419966048,
      -69.8171032711612,
      520.2482745357938
    ],
    [
      "DEB-439FD1E2",
      5.867999769604397,
      155.17320197878047,
      639.5656834804659
    ],
    [
      "DEB-8CA3A221",
      -53.789784417595286,
      -103.39191005470397,
      745.7146889555543
    ],
    [
      "DEB-D0E2806D",
      57.676288460436695,
      -110.79695319705581,
      889.3041639294424
    ],
    [
      "DEB-71CC7F39",
      -0.36045413237986135,
      -106.43061855359693,
      414.0624138505
    ],
    [
      "DEB-A5B12FB9",
      -54.588837060997655,
      85.6386223881583,
      301.1830153993469
    ],
    [
      "DEB-01FAB44E",
      -31.674053398162304,
      52.6521198928962,
      817.933693581158
    ],
    [
      "DEB-9F13BE6A",
      51.53193927892976,
      -156.3412804039265,
      812.7347526776075
    ],
    [
      "DEB-25F6B2AA",
      -13.628070701298123,
      -129.75965883494558,
      173.81727181378483
    ],
    [
      "DEB-1A260D88",
      -7.206152894266391,
      48.778177267804,
      260.221686545633
    ],
    [
      "DEB-1E5C68BB",
      -49.28142047159884,
      134.64491434440666,
      600.3795603373073
    ],
    [
      "DEB-2E2772C9",
      66.25205059391202,
      -149.30500305960857,
      771.6435282850134
    ],
    [
      "DEB-DA61667A",
      -33.3830091446274,
      -173.33967511648478,
      664.4715499498952
    ],
    [
      "DEB-E98141DE",
      34.903755645901825,
      -21.486786253197174,
      243.59664918982435
    ],
    [
      "DEB-CF9945DC",
      48.74813269212664,
      84.30744681273517,
      336.9292669636243
    ],
    [
      "DEB-A7172A1E",
      16.142828091789827,
      63.087116052232815,
      778.4717815637441
    ],
    [
      "DEB-80B77BBF",
      -6.871416010421496,
      -166.07031985078447,
      830.910057105476
    ],
    [
      "DEB-C61D09F6",
      52.393922862954,
      -121.36259917378182,
      789.5013758060159
    ],
    [
      "DEB-7F60E864",
      -25.801198872966424,
      125.76024168055955,
      121.16182909730196
    ],
    [
      "DEB-336F6A32",
      59.46194111939556,
      36.51194898336959,
      862.1881491061085
    ],
    [
      "DEB-87C62C77",
      -12.763802101354244,
      4.689038323532934,
      368.51675404151683
    ],
    [
      "DEB-FA1231E2",
      -61.19250403986352,
      119.66209837091246,
      196.6087488396688
    ],
    [
      "DEB-985C5412",
      -59.57126916056986,
      -178.12421131648233,
      506.5092370939874
    ],
    [
      "DEB-FCCE2C20",
      -57.512831082869816,
      -110.53684557668304,
      225.80596068910927
    ],
    [
      "DEB-F96904D4",
      -14.135205162753046,
      -145.18808800247476,
      215.27071288380193
    ],
    [
      "DEB-01F19CF2",
      68.18633312604226,
      -161.26302654945636,
      647.7280157306259
    ],
    [
      "DEB-D8CA51A7",
      14.230973285692402,
      -59.1400942291279,
      687.0812943404635
    ],
    [
      "DEB-E3C31115",
      -79.49204682730829,
      54.753249886861155,
      576.1773611274821
    ],
    [
      "DEB-AE8E5842",
      -38.5406146004695,
      58.081374557195254,
      339.8770554331113
    ],
    [
      "DEB-C586124B",
      -65.25277586112414,
      98.54605262525595,
      420.92182207521273
    ],
    [
      "DEB-E4C88C51",
      9.89921832724585,
      -66.77076246818609,
      789.2352883326539
    ],
    [
      "DEB-5FF163AA",
      39.59424863766216,
      -77.26970659292812,
      619.7622928609735
    ],
    [
      "DEB-DA22B333",
      18.819393815273425,
      25.36469192915157,
      494.5909891375941
    ],
    [
      "DEB-38B8DF42",
      38.81444167227307,
      -121.58054414442151,
      192.64140296232472
    ],
    [
      "DEB-1063BFE4",
      29.366721082067507,
      8.501827633604442,
      618.3881528998072
    ],
    [
      "DEB-E6A0256B",
      -45.74037811285218,
      133.02666304983714,
      488.72771894894413
    ],
    [
      "DEB-F8622CC6",
      35.901149903430095,
      41.677550513395275,
      153.00711012858392
    ],
    [
      "DEB-802F1162",
      -5.106721712566541,
      133.88498247469556,
      764.2314603627765
    ],
    [
      "DEB-85A7D833",
      19.778189549510834,
      -152.70957887371037,
      662.255461684028
    ],
    [
      "DEB-8C1E67C8",
      63.663564964231654,
      -134.1866657757297,
      283.5963858214618
    ],
    [
      "DEB-F3702FE1",
      -34.68015768702252,
      -88.43071687522409,
      209.96239797356338
    ],
    [
      "DEB-151C6BF5",
      72.53062008046284,
      56.41118697219216,
      675.3645427210822
    ],
    [
      "DEB-5D1E6528",
      -10.787941712877968,
      56.436156310452525,
      707.0381101455569
    ],
    [
      "DEB-163DF24E",
      -18.56463035868336,
      1.6196811727322198,
      742.4829852468738
    ],
    [
      "DEB-290CFDC1",
      58.607972420403414,
      57.232473585073365,
      644.7880503300557
    ],
    [
      "DEB-FEF65746",
      85.55626211577605,
      -55.46936146671369,
      216.74043012637867
    ],
    [
      "DEB-3CB858C9",
      -33.79554636150688,
      159.1942750030581,
      459.45140664385417
    ],
    [
      "DEB-4C7F6E70",
      -58.99018548386376,
      -117.06407860469768,
      168.49993344317045
    ],
    [
      "DEB-1D0C44A0",
      22.767975290473967,
      -170.40089443509268,
      699.6402977702037
    ],
    [
      "DEB-87B9ABC7",
      55.0945287376895,
      109.73169541252646,
      218.97785717253646
    ],
    [
      "DEB-12991B69",
      -23.064091738035376,
      56.32779110787306,
      324.2533897173662
    ],
    [
      "DEB-8725EF70",
      41.37408336774819,
      -145.19878407520088,
      740.7510748190107
    ],
    [
      "DEB-96392A07",
      58.816990474233386,
      172.03126924088346,
      475.7808634118892
    ],
    [
      "DEB-94B369B0",
      -60.51751183852614,
      -44.742590206003875,
      398.9155987788763
    ],
    [
      "DEB-DEA98B8E",
      -44.10354941574689,
      -93.30779746755933,
      801.5533931464615
    ],
    [
      "DEB-787D7902",
      10.062938977033372,
      -94.28113655065295,
      182.97287924929333
    ],
    [
      "DEB-5913FED1",
      32.690086913993945,
      138.29894853288397,
      910.3878650928691
    ],
    [
      "DEB-384107B5",
      -50.888211492382005,
      -19.512521994463484,
      407.26678468788305
    ],
    [
      "DEB-6E656EE0",
      -56.82160906379684,
      -70.9211123330663,
      811.0131962753703
    ],
    [
      "DEB-96F28212",
      -23.100445209491195,
      -35.318942901854705,
      780.438426386936
    ],
    [
      "DEB-3BBDC9CE",
      1.1623379551978559,
      56.7074301517224,
      250.37366837552418
    ],
    [
      "DEB-F7B8C1BA",
      -16.914958697729947,
      21.430599636392905,
      549.4195691536006
    ],
    [
      "DEB-B5849A16",
      41.18483585470348,
      -103.60215622559966,
      551.8265007203017
    ],
    [
      "DEB-6A61E441",
      0.8142259159907257,
      -33.52819058290317,
      209.21690619494802
    ],
    [
      "DEB-81AB0C97",
      16.214280218712453,
      19.535203855682163,
      363.91048597941335
    ],
    [
      "DEB-176FCECC",
      17.71324821633985,
      92.20686214416627,
      789.565121115983
    ],
    [
      "DEB-13840C9E",
      -0.2336877550264106,
      -49.940660889291905,
      288.970157752482
    ],
    [
      "DEB-8CFBC484",
      -23.323987242427393,
      -161.58608420556521,
      119.08665556104279
    ],
    [
      "DEB-3973E725",
      -15.323117775981377,
      19.3699333488792,
      343.4010157423427
    ],
    [
      "DEB-F5CA2B04",
      26.893771119183718,
      -101.96640487576622,
      321.6428238267299
    ],
    [
      "DEB-7CE3A026",
      -29.069149041996372,
      -156.24649551221515,
      314.2329315073621
    ],
    [
      "DEB-A1BFF8F9",
      -28.38265216113062,
      -40.12018578297317,
      256.05201646373644
    ],
    [
      "DEB-3FBA66C9",
      -15.24864095370782,
      -176.5725628132835,
      211.77531350507797
    ],
    [
      "DEB-E265E810",
      43.58331385560648,
      -93.77773485405469,
      674.4155071910864
    ],
    [
      "DEB-D2013674",
      2.5449406978321467,
      21.868721852178666,
      859.6041407908042
    ],
    [
      "DEB-9731CA25",
      -57.90921302499695,
      -97.85775964930569,
      868.3735996423147
    ],
    [
      "DEB-A4E55A73",
      -61.882563108137234,
      85.41327078486077,
      672.7523601927242
    ],
    [
      "DEB-67FF4CA6",
      16.736023159768312,
      42.93717653631684,
      522.1210359529741
    ],
    [
      "DEB-4CC90582",
      -42.52795876041818,
      49.327236962014275,
      238.4123953293565
    ],
    [
      "DEB-3201E946",
      -21.825187112749955,
      99.8233547629157,
      330.3188713463842
    ],
    [
      "DEB-8398EC76",
      -34.15822574274107,
      141.16437287162933,
      258.4396600813343
    ],
    [
      "DEB-C3873896",
      -42.75904129866522,
      137.35218674967285,
      418.63517744672936
    ],
    [
      "DEB-4086A553",
      30.80409030242077,
      -162.29513058790874,
      816.1341637920968
    ],
    [
      "DEB-FFDA7D5D",
      19.579516795098755,
      3.9122445305291684,
      847.8245385406908
    ],
    [
      "DEB-4169D66A",
      11.092346283486743,
      6.005596227428631,
      230.57659294743735
    ],
    [
      "DEB-2D8357DA",
      37.415106111975525,
      31.066567492690936,
      590.386826779205
    ],
    [
      "DEB-8C22B804",
      1.2849418334131377,
      129.62510060641182,
      311.99468019288724
    ],
    [
      "DEB-37241528",
      56.40034405516697,
      -67.5096688896158,
      178.88094836291748
    ],
    [
      "DEB-C609C6BC",
      23.69355168028706,
      6.795049297754425,
      784.7700577441219
    ],
    [
      "DEB-069B9ED3",
      -16.42164495896181,
      -110.10177265115026,
      297.5565515934486
    ],
    [
      "DEB-47C96D10",
      -36.8192449148415,
      -27.527399567255475,
      310.187178584154
    ],
    [
      "DEB-4536B117",
      -65.32352967343748,
      -161.10020601665488,
      858.0400560663602
    ],
    [
      "DEB-5B608277",
      2.7392521522186737,
      -2.668789675158532,
      733.6581713625155
    ],
    [
      "DEB-CC407701",
      31.148692340149488,
      102.22967627438072,
      331.2516282802908
    ],
    [
      "DEB-5857883D",
      -34.63037395645196,
      -73.16047871721366,
      721.9349238101504
    ],
    [
      "DEB-29695196",
      -7.773654035906018,
      -3.7370389824765122,
      659.7246025031618
    ],
    [
      "DEB-7F45B9CD",
      -25.443678671649938,
      -32.235031443301914,
      288.7419076920769
    ],
    [
      "DEB-E1BF050F",
      23.56370888106963,
      -125.18718786337439,
      155.05681343252127
    ],
    [
      "DEB-95E4E7AC",
      35.93804553474072,
      55.79711121318104,
      782.9246248285617
    ],
    [
      "DEB-1FCA44FF",
      42.8544798395328,
      79.76855567810875,
      718.4192055236972
    ],
    [
      "DEB-7805090F",
      26.910300281658614,
      -42.8215858192971,
      697.0811171901078
    ],
    [
      "DEB-FB2E515D",
      -5.925761656212873,
      -46.44924272254092,
      223.09829331564197
    ],
    [
      "DEB-FBDFFEE9",
      1.0540026106070004,
      -12.837449714401467,
      872.9855662034643
    ],
    [
      "DEB-97C4A81E",
      45.099419010427866,
      -72.22552499320891,
      711.55842535582
    ],
    [
      "DEB-EC945B3E",
      -21.008142417797906,
      147.0032218002546,
      413.96612167682997
    ],
    [
      "DEB-3B71EA1E",
      -32.02283217175148,
      -61.3100245057074,
      277.6238249226799
    ],
    [
      "DEB-20E71675",
      49.75350481743962,
      40.01333667661426,
      256.31508709366426
    ],
    [
      "DEB-6D4C8DE9",
      -12.031357545352364,
      167.96814373730535,
      256.57587545813385
    ],
    [
      "DEB-A0A5557E",
      -29.403307474492934,
      166.14332489412234,
      181.87635957486964
    ],
    [
      "DEB-5689E555",
      -52.213499769208994,
      91.70153628571255,
      573.4112584797322
    ],
    [
      "DEB-AD1F9185",
      -43.78181502968958,
      167.424065851996,
      190.73200733114572
    ],
    [
      "DEB-20BE1069",
      1.5246770040900723,
      166.82184465287344,
      687.8940344967732
    ],
    [
      "DEB-5F1602EF",
      -21.121206585233935,
      12.282476469223008,
      144.03334682741297
    ],
    [
      "DEB-3EE35D31",
      3.10089250930439,
      71.9101804809935,
      342.84472862583425
    ],
    [
      "DEB-6BED0FD5",
      -63.36652544258482,
      -65.25957821284126,
      187.11378013751983
    ],
    [
      "DEB-C5F0007F",
      -53.89277663493603,
      0.44141927912165646,
      754.1438461544167
    ],
    [
      "DEB-BB1E9FCA",
      1.2619127805487822,
      118.81439583767985,
      666.949947910859
    ],
    [
      "DEB-81F5DCA1",
      -75.69100932614079,
      129.1279232443918,
      910.6385651515566
    ],
    [
      "DEB-6DCDB844",
      -39.09115833208042,
      -16.718269184376854,
      350.2109132184705
    ],
    [
      "DEB-16A98E54",
      -49.93622338652777,
      115.41419446549394,
      512.0431073460823
    ],
    [
      "DEB-5ADB77F5",
      -2.3130620546943237,
      52.473405028599025,
      763.2785336598481
    ],
    [
      "DEB-6C4DCB8B",
      -32.111705587739735,
      127.27977497132808,
      331.3267124310005
    ],
    [
      "DEB-13A937F1",
      -24.96656035561385,
      39.61146822855084,
      291.632071350944
    ],
    [
      "DEB-255B65E8",
      -20.769450823479126,
      145.44149196665688,
      653.1506684678006
    ],
    [
      "DEB-D74C9EBF",
      -22.932922177276193,
      7.914180538357165,
      123.81927376385647
    ],
    [
      "DEB-BF31F2D9",
      -44.24661934817973,
      -19.475886573471264,
      166.15992209240449
    ],
    [
      "DEB-A24EB1E7",
      30.344667603436267,
      -96.01223291562835,
      346.430648666681
    ],
    [
      "DEB-10188A54",
      15.333914169150844,
      -148.30879037008333,
      861.0204988349142
    ],
    [
      "DEB-B7FF1DE8",
      -30.508880380590664,
      168.9042500093785,
      465.6813874177342
    ],
    [
      "DEB-AF57F575",
      25.89462228116964,
      -15.219911004662283,
      413.4230243267748
    ],
    [
      "DEB-2569E371",
      -29.293436100359745,
      -94.1236461966372,
      553.5730357479979
    ],
    [
      "DEB-A511045D",
      50.75106224718194,
      -30.712968310318296,
      669.8941198046978
    ],
    [
      "DEB-DF792BEB",
      -67.88780569726227,
      -119.35378453330254,
      725.854195117462
    ],
    [
      "DEB-B60A7ECB",
      -4.268539621857666,
      70.81681972786198,
      225.8771682435954
    ],
    [
      "DEB-FA9EF22E",
      -8.335926396554838,
      112.31479973694384,
      615.4462059000807
    ],
    [
      "DEB-B72663E1",
      17.583782574799457,
      -107.6360858479282,
      149.52541192960234
    ],
    [
      "DEB-3D6F2589",
      4.071755152911897,
      27.00467510081514,
      622.401179731738
    ],
    [
      "DEB-CFD3AB22",
      4.099597316702343,
      -103.49216274705118,
      443.2800030248454
    ],
    [
      "DEB-BCE4ED98",
      -25.94726733326864,
      -159.05826461958324,
      235.75222610711444
    ],
    [
      "DEB-E154C366",
      24.244674350240352,
      37.14410124889496,
      496.7553332814832
    ],
    [
      "DEB-39637309",
      30.971117271506493,
      -154.45654719789823,
      578.3144261729612
    ],
    [
      "DEB-C77F8ECF",
      12.18334671950876,
      -16.539601149695695,
      428.2745094635984
    ],
    [
      "DEB-0059DC3D",
      -36.40525851509792,
      106.41380174832125,
      565.2419142437839
    ],
    [
      "DEB-58A4611D",
      44.97983709144604,
      55.827960854965966,
      257.72876176411137
    ],
    [
      "DEB-014D9355",
      52.68110524027715,
      16.890630072111094,
      589.9924541135651
    ],
    [
      "DEB-017F6B5B",
      60.372034415998144,
      83.80245444685674,
      285.35036996399685
    ],
    [
      "DEB-696826FE",
      -3.1641747792791066,
      -129.45623677618707,
      805.1943372250707
    ],
    [
      "DEB-94A61036",
      -3.4256035659707904,
      -59.7866712669155,
      714.4522692212659
    ],
    [
      "DEB-7A4DA7D5",
      50.235780549957546,
      122.27432376814309,
      580.9092692715567
    ],
    [
      "DEB-ADD4A09B",
      32.401668166114305,
      21.015639059462764,
      446.2386999058681
    ],
    [
      "DEB-B8DF78F5",
      13.71690744485321,
      -148.5894782150687,
      490.5308957535726
    ],
    [
      "DEB-9024832F",
      -68.10172666880175,
      -113.43403157433941,
      703.9905499756433
    ],
    [
      "DEB-6FB6FA32",
      -33.9686458280218,
      -61.71182091685182,
      672.7196647779147
    ],
    [
      "DEB-A5893A20",
      -21.974054085209154,
      -16.40671668916868,
      601.5160283632395
    ],
    [
      "DEB-D4036892",
      2.190575426532375,
      69.60978297866534,
      339.7031274536512
    ],
    [
      "DEB-CE98FEBE",
      -28.59810447664175,
      -63.40683536211472,
      925.4919653336683
    ],
    [
      "DEB-7840B6A6",
      2.8620378020417654,
      44.29613927998975,
      237.45999522003513
    ],
    [
      "DEB-1D5D92EF",
      -80.11900727167428,
      48.129399352152035,
      198.21541642165994
    ],
    [
      "DEB-B4DA4143",
      -18.445966083820828,
      -28.632810729614672,
      780.0432147392448
    ],
    [
      "DEB-F014EA3F",
      27.964035742632127,
      -146.00372919913653,
      534.4496160171766
    ],
    [
      "DEB-F0DCE3D2",
      40.0728657664356,
      -101.83367578204445,
      269.234098763005
    ],
    [
      "DEB-E630F4E3",
      -28.041244710674814,
      154.4021440561918,
      418.7639397220337
    ],
    [
      "DEB-2BAD5AE4",
      61.47178166552616,
      25.343780069765828,
      186.44194301008156
    ],
    [
      "DEB-A64059E3",
      3.020103581073903,
      20.53148249556545,
      834.5599548866403
    ],
    [
      "DEB-25BD62FD",
      -55.7002840846614,
      -44.464664571387466,
      154.03646674161337
    ],
    [
      "DEB-6ABFCC95",
      -1.2738101574097882,
      -72.42743419878201,
      724.7366544026254
    ],
    [
      "DEB-98DD4774",
      1.992708661906127,
      -53.671146418701206,
      853.0895978993249
    ],
    [
      "DEB-AA21683C",
      51.47220020269384,
      95.20068120991876,
      865.4911053312262
    ],
    [
      "DEB-3C0AB4B5",
      24.747000131932836,
      -166.25237422536304,
      612.7350444637623
    ],
    [
      "DEB-1E17BA77",
      12.809679117006073,
      33.47165699506041,
      332.3003090588754
    ],
    [
      "DEB-43A96D68",
      62.99078867527535,
      -99.93204486813978,
      298.7016347036788
    ],
    [
      "DEB-96053E52",
      8.337273178680544,
      -39.480503563962976,
      804.109518066618
    ],
    [
      "DEB-C0F491CC",
      64.34170287279156,
      160.41702779231687,
      772.4212715082822
    ],
    [
      "DEB-F6E9C971",
      -31.674050021878887,
      -132.58632338122263,
      452.83936333371184
    ],
    [
      "DEB-477AB762",
      8.844108502722813,
      -88.66932508767846,
      185.7985020766455
    ],
    [
      "DEB-A9145A68",
      -59.01620843576993,
      142.2501860925753,
      484.3859988609056
    ],
    [
      "DEB-FB0D4AB9",
      -15.62636284015034,
      6.504378268655715,
      434.1066070022198
    ],
    [
      "DEB-56000432",
      44.27846574250134,
      103.52642058768815,
      263.578717695008
    ],
    [
      "DEB-7C4FB996",
      -30.028255733889914,
      98.68099711404598,
      841.2853121029666
    ],
    [
      "DEB-E441E24C",
      19.38028000853938,
      -50.69253477098943,
      315.81137357427997
    ],
    [
      "DEB-847DD8CB",
      28.900143481445667,
      -99.54166239035501,
      689.4602157357767
    ],
    [
      "DEB-DFB63D12",
      7.808806429965779,
      -142.96246178123056,
      918.175534037201
    ],
    [
      "DEB-911D6C79",
      44.05712580195191,
      -83.40286206057638,
      650.241425854887
    ],
    [
      "DEB-5E6EDE1D",
      -24.828645276666105,
      98.68012865118784,
      680.247345770922
    ],
    [
      "DEB-A4C36B30",
      -60.578176970455715,
      -111.5868411062309,
      336.0109440240367
    ],
    [
      "DEB-D64D6EEB",
      -2.5424157615016094,
      -88.7141457722902,
      921.0626652746832
    ],
    [
      "DEB-71CFC445",
      -9.34145831938253,
      94.11316757343994,
      345.71646562269234
    ],
    [
      "DEB-C8B05661",
      -47.257543536677055,
      13.217526318848819,
      491.1012247627132
    ],
    [
      "DEB-AAC1EAE6",
      77.23291257751572,
      -41.683061023539324,
      807.8733411522062
    ],
    [
      "DEB-EA0742AA",
      -68.68696464479947,
      -80.30668777482073,
      771.6465719543785
    ],
    [
      "DEB-FA790EA0",
      -24.006612667170373,
      -83.18014242360688,
      264.6346637838642
    ],
    [
      "DEB-F54164C4",
      39.24976646880418,
      54.304269198854435,
      859.2509075637854
    ],
    [
      "DEB-226E2792",
      -33.84206896894158,
      -137.66908624206104,
      167.3158224738645
    ],
    [
      "DEB-A822AEFF",
      -72.9893976309325,
      78.2200565950822,
      128.20338094043746
    ],
    [
      "DEB-2CA761FE",
      -84.26926608045152,
      -118.31179926130655,
      651.9345348134366
    ],
    [
      "DEB-A975C64F",
      -18.784393787143454,
      -66.44488658379748,
      513.3832164522955
    ],
    [
      "DEB-F9575E78",
      16.985029837582548,
      92.84264873502669,
      479.0280546116319
    ],
    [
      "DEB-2C71258E",
      37.362721627582104,
      162.18515177380303,
      281.46384227460203
    ],
    [
      "DEB-105D770C",
      37.986720279392046,
      73.0385497005193,
      476.80304939309644
    ],
    [
      "DEB-0915924E",
      -61.356751452364904,
      137.60672445352301,
      464.28569571533717
    ],
    [
      "DEB-4253FB44",
      29.85187723502706,
      -165.33826831000658,
      833.3253728257405
    ],
    [
      "DEB-516BD9EB",
      -15.854687768612525,
      -37.7051361610281,
      899.1281792647078
    ],
    [
      "DEB-C43C4415",
      -84.09769663326901,
      46.970512227800285,
      290.2805339668248
    ],
    [
      "DEB-C171D9A1",
      -13.976928347677097,
      -173.11574053473788,
      857.8340804079162
    ],
    [
      "DEB-53F06F46",
      32.864562992191985,
      -42.10163253410982,
      467.19044656501774
    ],
    [
      "DEB-92F94CE5",
      -34.767773120593844,
      -123.0010607433066,
      394.0182056861495
    ],
    [
      "DEB-F7A706FB",
      38.28552981635496,
      -116.44839705066978,
      204.663691028024
    ],
    [
      "DEB-884CDCF7",
      -0.45326368471081463,
      60.19154894482822,
      386.875579490752
    ],
    [
      "DEB-0AA21486",
      -65.8898339060573,
      -113.612943987879,
      167.31259286842305
    ],
    [
      "DEB-C3077EAD",
      -28.669791156240134,
      -36.97086493575995,
      843.8701389737034
    ],
    [
      "DEB-E4225881",
      48.90463411992989,
      93.11191662705671,
      681.9395393124923
    ],
    [
      "DEB-B7A1E99A",
      -0.9566676746799175,
      -177.31449530582304,
      635.8778019018991
    ],
    [
      "DEB-1478C516",
      -75.34896735212472,
      -162.00250428372803,
      298.81274996823413
    ],
    [
      "DEB-0B189F9B",
      26.239535327842756,
      -147.04770288924166,
      267.4390098954973
    ],
    [
      "DEB-BD4DF217",
      53.12903866547376,
      -171.94165561577663,
      591.8557711238582
    ],
    [
      "DEB-01B8532E",
      44.47430611579798,
      -103.29468057699084,
      189.49683827278932
    ],
    [
      "DEB-F4B8DECD",
      -45.0877620620175,
      114.42401765560146,
      701.9590911994237
    ],
    [
      "DEB-E3BC8BAD",
      13.198081206639342,
      105.8446378834274,
      279.1540552382867
    ],
    [
      "DEB-FF1DAAFF",
      39.65423086180572,
      -18.492709799802245,
      581.2072343458058
    ],
    [
      "DEB-0E8F1013",
      -0.6529551280296965,
      147.6093831534648,
      691.5639487293611
    ],
    [
      "DEB-A5A80F52",
      2.392046195300599,
      -131.52863258958143,
      673.7872786683656
    ],
    [
      "DEB-96C5FAC8",
      -54.04491601096401,
      74.00836731455368,
      140.32934728962937
    ],
    [
      "DEB-A804FF61",
      -28.577103983006232,
      -121.62287634683481,
      625.7045817096441
    ],
    [
      "DEB-B44AC9E4",
      71.94221984233465,
      90.08118202416756,
      148.93018683344144
    ],
    [
      "DEB-01506AC3",
      21.95113911186907,
      147.68800522997924,
      664.5020465439457
    ],
    [
      "DEB-A69BC20E",
      -63.445390027841164,
      2.2765600891619897,
      469.42884082910587
    ],
    [
      "DEB-6E192F1B",
      40.95699213631953,
      -9.865398419977351,
      662.6492928179205
    ],
    [
      "DEB-31073F30",
      -32.834409561707496,
      -134.89272515378107,
      267.10288061955634
    ],
    [
      "DEB-DA2E3BB9",
      -20.32028435960451,
      -65.84603656963756,
      165.64692454026135
    ],
    [
      "DEB-A45CB9B8",
      -23.9601925282014,
      65.55381871410373,
      571.6677351948774
    ],
    [
      "DEB-464F897D",
      21.407896895900908,
      144.0587994115024,
      420.77341792382595
    ],
    [
      "DEB-919CF6D4",
      46.42378571014675,
      -0.41440366097921355,
      240.06029205400137
    ],
    [
      "DEB-B06B6E8D",
      61.27028213007437,
      67.80522928573879,
      261.5395146924675
    ],
    [
      "DEB-3D7E1821",
      31.624927582434555,
      -71.40733825454782,
      461.99584689932544
    ],
    [
      "DEB-4C5DEE2B",
      -0.8314210785065447,
      -155.8782867962291,
      922.8367502783449
    ],
    [
      "DEB-2E255CD8",
      -27.44314452751971,
      26.00256718038838,
      451.7383293850153
    ],
    [
      "DEB-2D40977F",
      -75.2509687301054,
      -145.34539081036507,
      286.4234571584957
    ],
    [
      "DEB-1AC92FCE",
      -40.565633384859616,
      -124.56940224929538,
      703.8595655023155
    ],
    [
      "DEB-DF22B477",
      -9.159038887424263,
      131.24356779971595,
      228.8445355226031
    ],
    [
      "DEB-C7641D36",
      41.74912789653353,
      59.46151098241781,
      730.3505273489272
    ],
    [
      "DEB-EBDBE419",
      30.950011668178103,
      -90.10523127018841,
      794.1962845650896
    ],
    [
      "DEB-B1E5D2BC",
      -44.878356164503,
      -47.79083623488088,
      429.99179983390604
    ],
    [
      "DEB-A536B064",
      -43.481209980643065,
      -94.99936627959379,
      260.42039321200264
    ],
    [
      "DEB-4EBD9247",
      -66.20620847998208,
      -170.42489780323604,
      555.8720937347043
    ],
    [
      "DEB-FF315902",
      -67.56481102105647,
      147.1344706397157,
      233.9838773202746
    ],
    [
      "DEB-143A1E5A",
      86.51041159682642,
      45.45855479590569,
      308.56349682485325
    ],
    [
      "DEB-30A56A8E",
      -9.951254352020541,
      -118.89524576335502,
      720.4301208170782
    ],
    [
      "DEB-C7AF303E",
      0.919846366853098,
      69.678098109857,
      283.68727733123706
    ],
    [
      "DEB-1EB99C7F",
      -32.81362131883738,
      -9.263367519262786,
      538.3303011809066
    ],
    [
      "DEB-98F081BA",
      4.092679784124946,
      -73.00179212478398,
      208.32297071168978
    ],
    [
      "DEB-227EF172",
      -16.72751680574939,
      -173.98604248406107,
      879.5704720373633
    ],
    [
      "DEB-C2735573",
      -66.1675927181182,
      177.0087027625274,
      743.433940707886
    ],
    [
      "DEB-86DDDC51",
      28.85934556117262,
      -139.41242846208004,
      903.7458373030349
    ],
    [
      "DEB-E9EFA404",
      39.14891484189199,
      52.394815162230316,
      914.8152301393684
    ],
    [
      "DEB-04D206FB",
      3.2285005530322253,
      30.90925868799277,
      670.037354654025
    ],
    [
      "DEB-4F5A9DD9",
      -52.15318662212914,
      170.64902245647576,
      564.2094120320489
    ],
    [
      "DEB-4568DF0E",
      -74.65407586966818,
      -56.66737811194094,
      610.5448795299471
    ],
    [
      "DEB-5091F765",
      -51.8844578860182,
      -83.98564162459189,
      577.4415254297837
    ],
    [
      "DEB-3F49FD47",
      0.7822416827289383,
      -71.69588968761256,
      738.3549111635657
    ],
    [
      "DEB-A708635F",
      -50.858305358182584,
      -135.90044142348785,
      437.56663247858705
    ],
    [
      "DEB-5ECC09A8",
      -38.53932094446344,
      -66.93421854284871,
      319.570177356014
    ],
    [
      "DEB-7D4C76B8",
      3.85670268329457,
      104.61963569437823,
      843.4017165319565
    ],
    [
      "DEB-6EA4B218",
      -57.89964114865951,
      -67.10394616791356,
      404.1529646457375
    ],
    [
      "DEB-B66F8810",
      -66.3567034399016,
      98.33282102963106,
      742.711020452085
    ],
    [
      "DEB-03BD5839",
      45.145985466407545,
      -158.08802583751913,
      508.1243283824224
    ],
    [
      "DEB-9BCDED44",
      45.00186698630731,
      -27.48819276610514,
      843.0905886195724
    ],
    [
      "DEB-0ACFAF0E",
      -51.57475786391865,
      137.8934083602256,
      279.8528606754244
    ],
    [
      "DEB-2C44F09E",
      -19.493652680478885,
      17.837613043324055,
      635.7362470832177
    ],
    [
      "DEB-57769B4D",
      -46.32457035426391,
      -89.69662288395325,
      517.5938939314883
    ],
    [
      "DEB-DA7399B5",
      43.99221685958262,
      -63.92400850310899,
      703.5941178878238
    ],
    [
      "DEB-F1E73F88",
      -3.152046188327057,
      -167.5770578890218,
      273.8128370041104
    ],
    [
      "DEB-0FDD0C32",
      -16.134590717994225,
      107.05992567424919,
      141.45936977041129
    ],
    [
      "DEB-30446EBB",
      -54.31870183274514,
      93.5453180777401,
      890.1867488761109
    ],
    [
      "DEB-55F6EFF6",
      -68.80819062441898,
      -20.207812447678215,
      592.1301214494988
    ],
    [
      "DEB-5C0DE68A",
      45.30292391594107,
      115.54334762443165,
      868.7465138196403
    ],
    [
      "DEB-CF79D028",
      -20.501211890898812,
      -15.878751377761247,
      903.6343951748195
    ],
    [
      "DEB-A58913E8",
      10.935356128873394,
      -29.658278282502348,
      451.7769055228464
    ],
    [
      "DEB-3C072079",
      -26.82879985804066,
      -108.28593381416138,
      559.5288892491926
    ],
    [
      "DEB-42697D88",
      -37.25257583913036,
      157.11264827928247,
      444.04764324947246
    ],
    [
      "DEB-399E078B",
      84.05858752669397,
      -153.09725232901707,
      394.08859780842977
    ],
    [
      "DEB-BCA1B4A1",
      -6.6174015647734725,
      167.65203876093864,
      678.1745606986824
    ],
    [
      "DEB-41001AC1",
      -18.092272126661225,
      -133.38150607652233,
      187.31312458455068
    ],
    [
      "DEB-43863351",
      -1.4601386702371846,
      -45.75273861538594,
      429.20623495820655
    ],
    [
      "DEB-AFD20F97",
      -1.9748988628171096,
      -148.55272249061062,
      720.5734840829473
    ],
    [
      "DEB-D1ECB5A7",
      40.68933404134569,
      98.52797509001688,
      292.0279846550284
    ],
    [
      "DEB-249A942F",
      7.270983373729169,
      -85.76809081610577,
      348.6745333945837
    ],
    [
      "DEB-362C62BF",
      -66.5900970147302,
      -137.26118876054144,
      564.690377598763
    ],
    [
      "DEB-4B38555F",
      6.565812378410867,
      171.49161313013187,
      367.49431195556735
    ],
    [
      "DEB-7B71C6AA",
      30.0425424137621,
      10.58342238348812,
      261.1165492356031
    ],
    [
      "DEB-2BEC25F4",
      42.677705624503375,
      10.753914869806753,
      357.6286327591815
    ],
    [
      "DEB-B85A3930",
      18.768780055940898,
      -35.40372514678669,
      571.6233137091158
    ],
    [
      "DEB-AE67E68A",
      -44.95127287173338,
      -24.880619091871658,
      280.28145508411035
    ],
    [
      "DEB-C9C2582B",
      -17.206141725797597,
      67.82548968857921,
      501.3361535218537
    ],
    [
      "DEB-7691E658",
      53.29349129754336,
      -13.761257385434796,
      901.9501474321378
    ],
    [
      "DEB-301E3514",
      -9.572869826177646,
      145.11766608485436,
      197.04592759000388
    ],
    [
      "DEB-1282CA15",
      -40.76224195482819,
      32.83433709077373,
      754.3562820306315
    ],
    [
      "DEB-16EC6436",
      -59.92058679427505,
      -96.46219414059748,
      512.9059762502729
    ],
    [
      "DEB-1D77168B",
      -15.761685903397572,
      -36.86357225690158,
      232.0149105977489
    ],
    [
      "DEB-1B3419B1",
      42.79069682168262,
      71.68807122297649,
      503.20145284449245
    ],
    [
      "DEB-3919089C",
      2.4316619767693632,
      -37.67624287233846,
      365.4998832754736
    ],
    [
      "DEB-A75CF1F3",
      -53.91073998134365,
      -97.52464123874606,
      819.3782256612831
    ],
    [
      "DEB-1BC0E3C7",
      7.007830587332656,
      -121.04728428983171,
      708.8745979856767
    ],
    [
      "DEB-2FBB1CB0",
      -45.07794952190364,
      91.52581065801645,
      297.4139942884658
    ],
    [
      "DEB-95C31C51",
      -5.568968424416059,
      80.24069615596227,
      400.33745325289874
    ],
    [
      "DEB-E7D2D861",
      -46.700445480296814,
      120.76671663414882,
      122.02363454574515
    ],
    [
      "DEB-C6B7BDF5",
      -2.4663933666474906,
      -55.72972930949148,
      206.7515463063255
    ],
    [
      "DEB-CDFD0C5A",
      -17.557849088418962,
      -30.814864599484014,
      591.9189361970302
    ],
    [
      "DEB-13C0BA75",
      27.38074383608776,
      -152.45881966181116,
      288.5641255083392
    ],
    [
      "DEB-B1EF7B90",
      -79.12095045458858,
      88.43418878732967,
      591.9867538876406
    ],
    [
      "DEB-12BC6419",
      -26.88040292566679,
      -165.20625342756117,
      503.96229953757484
    ],
    [
      "DEB-08EAF818",
      -17.609873298901125,
      -155.57579768008532,
      288.15158969564345
    ],
    [
      "DEB-99F47108",
      0.04340581154763121,
      2.9888765063927476,
      205.75816191810281
    ],
    [
      "DEB-8C129222",
      23.727741147254918,
      -153.12270304853047,
      271.67480685867486
    ],
    [
      "DEB-08E765C5",
      22.409277773746798,
      -8.767495509740277,
      770.9769543732909
    ],
    [
      "DEB-0D87D8B0",
      9.944900783276458,
      33.18105968316341,
      248.80368764885134
    ],
    [
      "DEB-AC62F392",
      63.12330892541388,
      126.97215345031945,
      340.63720991869195
    ],
    [
      "DEB-E4F58371",
      2.164677683706845,
      -18.991949837015788,
      299.436143883765
    ],
    [
      "DEB-F01DBDCA",
      46.24545971536741,
      -76.11856267111182,
      755.0112058487312
    ],
    [
      "DEB-23BEA99E",
      -36.829482317765404,
      -116.59577975670854,
      209.68349074862726
    ],
    [
      "DEB-2752760B",
      -46.23449753464431,
      59.51299623566106,
      592.2303455171586
    ],
    [
      "DEB-A6170FB0",
      -1.0295392702334538,
      80.91114050975726,
      844.1729146554344
    ],
    [
      "DEB-360768E3",
      -14.06644496898971,
      165.83753394201432,
      124.11121672370064
    ],
    [
      "DEB-F90A9642",
      18.71510118520911,
      -59.83383763251339,
      800.5889522406396
    ],
    [
      "DEB-4441F594",
      74.30539324353943,
      -51.165013218972064,
      852.1688717166408
    ],
    [
      "DEB-18BB43A6",
      -9.738094115964488,
      -55.510728410750815,
      872.4147736434379
    ],
    [
      "DEB-436992B2",
      1.1888420476040675,
      14.19677561277771,
      592.3781577458276
    ],
    [
      "DEB-6D400F13",
      -71.4756609278386,
      83.45639182659073,
      611.8317899539843
    ],
    [
      "DEB-49CE42FE",
      15.040443440038285,
      -66.19804418428662,
      504.2537393782759
    ],
    [
      "DEB-D8D6D6D7",
      23.420151255187903,
      30.165912613989256,
      820.3296154418149
    ],
    [
      "DEB-7B6CB873",
      -54.88188191420713,
      24.18975746203248,
      514.9735710434861
    ],
    [
      "DEB-08F2C2DC",
      20.94831740118132,
      131.28473670125413,
      292.07028716063814
    ],
    [
      "DEB-CB0AC237",
      -31.61578330776618,
      -73.31552124125112,
      391.0209926145126
    ],
    [
      "DEB-C09B9C01",
      -8.839144034979523,
      64.47860670400217,
      539.0454419133557
    ],
    [
      "DEB-3D342C8D",
      -49.21660115867305,
      -73.03682539654848,
      214.03482421050012
    ],
    [
      "DEB-FF1E5E2C",
      24.027334456470353,
      161.49811504267933,
      580.7871956588842
    ],
    [
      "DEB-B16EF50F",
      33.460945810794605,
      -156.5400589082669,
      579.7723056994282
    ],
    [
      "DEB-FE11F49B",
      -19.526960365516945,
      56.16153274879779,
      843.2226555763073
    ],
    [
      "DEB-CAD2C56D",
      -59.908792095719804,
      -26.08957105725721,
      225.20845943852328
    ],
    [
      "DEB-ABBFBCD7",
      -11.714540447660056,
      -54.74949077326213,
      802.7129394565573
    ],
    [
      "DEB-88558CBA",
      50.56530526128269,
      -30.47274862738105,
      138.6896760526315
    ],
    [
      "DEB-9D36972E",
      0.8857215537509425,
      -129.07104197769308,
      562.2343457612542
    ],
    [
      "DEB-BDD6F72E",
      33.56510253835588,
      143.0174324290377,
      264.3050710192829
    ],
    [
      "DEB-20CE52CB",
      62.23094174350089,
      -40.429360685440074,
      840.526918682328
    ],
    [
      "DEB-FD2D47D1",
      -9.189592047455674,
      -52.55239061789638,
      171.00056721078454
    ],
    [
      "DEB-C681E783",
      4.090282132861718,
      -70.8490523821493,
      913.0145038252604
    ],
    [
      "DEB-A82E90B3",
      -25.299185140819038,
      70.8482491626957,
      127.73538506583282
    ],
    [
      "DEB-417610BB",
      24.25595269912158,
      -160.5777201135823,
      500.6072893186656
    ],
    [
      "DEB-2BA43E47",
      -2.46361409758997,
      176.78756618674794,
      715.1213038170945
    ],
    [
      "DEB-08BFDAD2",
      24.704312201733284,
      -89.13667936254556,
      169.9412452587958
    ],
    [
      "DEB-ACF2FE51",
      38.764083684260285,
      22.75822267293422,
      742.4653816752507
    ],
    [
      "DEB-B235C686",
      -48.61781128533747,
      -168.76613445003252,
      498.6375251624668
    ],
    [
      "DEB-CCAB70D9",
      46.767914529222814,
      37.79657775110774,
      897.4924091642806
    ],
    [
      "DEB-76FDA201",
      -55.477998501906946,
      -177.04869300642693,
      246.84566587630616
    ],
    [
      "DEB-7BA848D0",
      18.714345514121575,
      66.3608323443033,
      247.54005709231842
    ],
    [
      "DEB-DFB64A0F",
      -47.25962894833285,
      130.30802909970015,
      521.4658294684559
    ],
    [
      "DEB-C91E98E5",
      19.656869936954898,
      70.147579539827,
      141.82951566801694
    ],
    [
      "DEB-17FA0455",
      -76.84752716231101,
      -108.51654297050197,
      700.1792390313649
    ],
    [
      "DEB-8554D027",
      46.75434885295173,
      49.39849961444696,
      474.04566713764234
    ],
    [
      "DEB-E030B6A5",
      -29.25560648191373,
      169.6726687690394,
      362.13372321114
    ],
    [
      "DEB-940BF737",
      28.570410703815476,
      -145.1047163520547,
      850.9481380638108
    ],
    [
      "DEB-B1F7EFFF",
      -25.402637921135117,
      42.25336136293509,
      871.8614875975827
    ],
    [
      "DEB-9CB68D2F",
      37.84138719726396,
      131.6088137101311,
      762.9711430008938
    ],
    [
      "DEB-3C9168C7",
      11.059507283825052,
      -22.24731655602275,
      261.39549714191526
    ],
    [
      "DEB-87186C09",
      20.91327542149478,
      -131.4535772026172,
      743.2668554537067
    ],
    [
      "DEB-86BC1976",
      4.934941563080359,
      -12.732529063923844,
      810.9656639201303
    ],
    [
      "DEB-06F8C611",
      -45.08405679525912,
      -46.89291312809968,
      276.3942958118414
    ],
    [
      "DEB-B24C4D88",
      -54.05027308555343,
      -98.54118795846014,
      791.4697166869464
    ],
    [
      "DEB-21120642",
      -7.4220046800089,
      -162.74466719103705,
      299.9681633457367
    ],
    [
      "DEB-2E792574",
      17.602001246713805,
      -36.05024337838737,
      469.2646597226758
    ],
    [
      "DEB-96F5B20D",
      8.0537782820926,
      -141.65989637051075,
      746.4907690834143
    ],
    [
      "DEB-B92CF034",
      -73.96831503824748,
      82.8713690961756,
      897.1144813141691
    ],
    [
      "DEB-F639AFF1",
      1.1731788967499914,
      55.686903621813826,
      228.4986188351022
    ],
    [
      "DEB-E8C805BF",
      26.93057243289035,
      -26.851475620441956,
      285.9579119224527
    ],
    [
      "DEB-F9FCEB96",
      15.48246502478645,
      156.10957406643064,
      463.7353679844464
    ],
    [
      "DEB-42FF4A09",
      -38.100415394250724,
      -143.3958143339461,
      346.9533324897766
    ],
    [
      "DEB-4FFEF75D",
      -43.94137633925367,
      -71.67729470037058,
      377.54355489415593
    ],
    [
      "DEB-54F2B46F",
      -41.22758116366004,
      96.15888156138107,
      455.2666919273206
    ],
    [
      "DEB-48FD74CA",
      5.429233392417306,
      48.4372662575935,
      208.00273644397748
    ],
    [
      "DEB-F3D60B51",
      -73.25213394438512,
      48.987093765334116,
      486.1406592831272
    ],
    [
      "DEB-32A8F94E",
      5.825475434266431,
      -56.799023270876575,
      537.2570211062184
    ],
    [
      "DEB-7AF5CC04",
      28.505694039643945,
      155.07855951228473,
      440.6915315069782
    ],
    [
      "DEB-5BC82296",
      -31.68288024431992,
      18.934730470619122,
      310.3665089229171
    ],
    [
      "DEB-61A020F8",
      0.5962948546463497,
      -152.52212710803022,
      616.0539226901847
    ],
    [
      "DEB-D640123A",
      -54.69679481454496,
      125.04638965881529,
      655.2460241777926
    ],
    [
      "DEB-75442715",
      30.1170075357844,
      -77.47868276188943,
      839.9521839145618
    ],
    [
      "DEB-EC4C24CA",
      -7.067611772194662,
      -171.85875573572395,
      435.67152372273176
    ],
    [
      "DEB-FBFA19C4",
      -54.662388875760335,
      116.80930281616203,
      237.5532300559289
    ],
    [
      "DEB-4C0378AB",
      10.063960167165643,
      126.56776009124526,
      637.2791846694918
    ],
    [
      "DEB-F4B60AC8",
      -24.545797240119843,
      -172.71116608151297,
      163.75909531239085
    ],
    [
      "DEB-398CC528",
      2.6582597245528983,
      -122.19454502467244,
      666.3818414760544
    ],
    [
      "DEB-CC63398B",
      -40.04327424040369,
      -99.36473283761343,
      441.0534562533612
    ],
    [
      "DEB-A2E97A42",
      -3.7740817136049567,
      -137.81244261776902,
      510.1464051894827
    ],
    [
      "DEB-E96F7CAF",
      -47.67179561624816,
      -105.1514137749359,
      687.7063590074322
    ],
    [
      "DEB-BB2283A9",
      -65.49755393447067,
      73.71637925844227,
      543.516447467251
    ],
    [
      "DEB-8C079AC5",
      76.51208781916111,
      36.04051259805642,
      782.1593498127331
    ],
    [
      "DEB-FD20CE4B",
      -60.01825152625062,
      -33.87789184062223,
      198.8138962399671
    ],
    [
      "DEB-12FD9AFA",
      -23.19998613843726,
      -13.446934307026881,
      246.23464610157862
    ],
    [
      "DEB-AD9191B1",
      -0.2892349152164105,
      14.650597868171698,
      206.12863794505392
    ],
    [
      "DEB-F593DCE3",
      -29.075162762342345,
      -9.409039664280359,
      710.5314933310165
    ],
    [
      "DEB-F23057FD",
      18.33703066037181,
      -123.35579965652718,
      592.9855103921727
    ],
    [
      "DEB-122E149E",
      62.80055734161215,
      23.483145962751706,
      816.1465782137475
    ],
    [
      "DEB-88D5E533",
      -0.2332299499867148,
      103.70094286188274,
      644.793480987254
    ],
    [
      "DEB-9EA6B11C",
      -34.46417689759482,
      -66.5475910517594,
      577.8017250296589
    ],
    [
      "DEB-696CEFE8",
      -7.7663023968885305,
      51.496890907388014,
      483.4897612294544
    ],
    [
      "DEB-95EF39AF",
      37.93384644829641,
      54.008059423702846,
      404.76012967104543
    ],
    [
      "DEB-0053E7D5",
      31.034436484723468,
      155.5603767857592,
      780.6525121536706
    ],
    [
      "DEB-A395F320",
      -36.31987435429454,
      -44.161710450747606,
      254.54112599559994
    ],
    [
      "DEB-8481B987",
      41.48913021476534,
      -116.33656727104012,
      723.9739918511577
    ],
    [
      "DEB-783E351D",
      -21.819915569459322,
      -15.517525133010434,
      326.2535473576745
    ],
    [
      "DEB-CC70A60C",
      3.972313299494885,
      145.9593167681736,
      251.1299328940895
    ],
    [
      "DEB-FE8D2B96",
      1.7413532762377946,
      -77.8403517043388,
      665.4334016324792
    ],
    [
      "DEB-5B6FFB99",
      -40.571582301811304,
      45.30005529578015,
      132.6909451627862
    ],
    [
      "DEB-2F1B5A13",
      -24.296432940960667,
      -150.1791155155804,
      709.4672388922972
    ],
    [
      "DEB-BD9A2AE7",
      -31.41154763253123,
      126.24926326971068,
      497.42429908658414
    ],
    [
      "DEB-810E07F1",
      -1.60727740857009,
      1.340565325130668,
      339.4918058477888
    ],
    [
      "DEB-D8B6293C",
      39.426936785406966,
      41.45719471625548,
      290.9093234111633
    ],
    [
      "DEB-2B79C2DD",
      -37.334003512683516,
      -55.09704834043699,
      251.75188781452198
    ],
    [
      "DEB-83869199",
      40.37518194975766,
      70.2456644863845,
      563.5958277412101
    ],
    [
      "DEB-80DEF790",
      -2.0353383855601384,
      35.90432388996628,
      702.9279784736755
    ],
    [
      "DEB-E08E6096",
      -24.98947827932056,
      -160.04593744766385,
      729.5548183659703
    ],
    [
      "DEB-02EEF988",
      -52.77968181181771,
      106.49174883242976,
      248.55177642094532
    ],
    [
      "DEB-4B155C30",
      54.96281992037058,
      151.61386740272872,
      205.29813262596326
    ],
    [
      "DEB-0E86AD11",
      -59.67553637548085,
      136.52250972839838,
      719.7236804240656
    ],
    [
      "DEB-5F19DB1F",
      14.770547454009956,
      -72.86518543534433,
      738.3402767449707
    ],
    [
      "DEB-EA60B49C",
      -32.67946451341527,
      138.42826183876718,
      736.3790803717811
    ],
    [
      "DEB-E7177454",
      -7.365919943578368,
      -15.261413950955426,
      678.2900047099229
    ],
    [
      "DEB-FEAC77E7",
      -17.666343633264457,
      96.37457590373826,
      253.90105550905173
    ],
    [
      "DEB-43630935",
      22.13818295059626,
      -77.62012449075556,
      169.55233034302728
    ],
    [
      "DEB-6A44BF79",
      39.05411882095838,
      -30.510244211340044,
      339.58169999199436
    ],
    [
      "DEB-50B84E34",
      37.51793462615219,
      22.841923386638875,
      485.00349740513775
    ],
    [
      "DEB-3955B1F5",
      14.590971554289688,
      98.26258455589814,
      784.2779876520626
    ],
    [
      "DEB-3DE240BE",
      -75.40673238620224,
      149.9995762621646,
      419.6373624992784
    ],
    [
      "DEB-11DCA32A",
      -49.31333691954156,
      96.59130240474111,
      720.4625729232757
    ],
    [
      "DEB-E82DD812",
      -48.542079736994324,
      -38.47947368160149,
      439.02987166228195
    ],
    [
      "DEB-E84403E1",
      -13.290407416061438,
      97.97905258782887,
      316.2552362751703
    ],
    [
      "DEB-8E21A690",
      30.75081324517581,
      75.93635606972127,
      787.2167203665167
    ],
    [
      "DEB-424C9F45",
      -67.89588721439462,
      85.81764930116164,
      776.5963226488193
    ],
    [
      "DEB-CD70BCAE",
      -22.128495830453453,
      73.56531913741132,
      255.4860637599386
    ],
    [
      "DEB-A9583F00",
      19.712808527580382,
      97.9673299471817,
      300.1596413129828
    ],
    [
      "DEB-1259F3F5",
      -32.67696102132703,
      32.40809023304551,
      674.9273641052605
    ],
    [
      "DEB-97C932A1",
      51.23488532665184,
      55.38220097731767,
      191.15071639784583
    ],
    [
      "DEB-FDC7316F",
      50.806393161201775,
      145.35765466225718,
      298.85795095053163
    ],
    [
      "DEB-2722BE9A",
      -36.01091841755128,
      49.10496961588431,
      912.6211239830654
    ],
    [
      "DEB-E43D6BF4",
      48.31272750021167,
      129.76260329489907,
      147.2109562430096
    ],
    [
      "DEB-187F6C5A",
      38.35864639852477,
      67.51778711248413,
      588.2550793757055
    ],
    [
      "DEB-D088691E",
      -32.87371123209334,
      -4.724741524115311,
      501.2049243045449
    ],
    [
      "DEB-67B0ECE5",
      3.0446140869578215,
      110.01372636848562,
      762.1168984721144
    ],
    [
      "DEB-29FDC48A",
      36.42494639839716,
      26.37021803139355,
      531.8734410449897
    ],
    [
      "DEB-7051CE57",
      55.23789016771949,
      -59.32032021400711,
      702.3683437095924
    ],
    [
      "DEB-AD71A6AF",
      48.38765273961233,
      -140.38207768917474,
      432.89069225533603
    ],
    [
      "DEB-D19ACC62",
      21.944527695196054,
      -1.7640213404755358,
      651.3782729189052
    ],
    [
      "DEB-5685091D",
      20.750025680554156,
      -115.63433440723834,
      466.0686646066215
    ],
    [
      "DEB-81BCE7F2",
      -32.93963039405305,
      -155.49369431658354,
      149.90912476039193
    ],
    [
      "DEB-D745640C",
      49.244857830902355,
      -90.5512953735184,
      407.5568725565572
    ],
    [
      "DEB-AE43EB3E",
      46.53201423715244,
      34.03977211235434,
      668.6386949571115
    ],
    [
      "DEB-CEB576FD",
      13.966790387912388,
      137.02083946877696,
      685.5544992930727
    ],
    [
      "DEB-E855444E",
      76.156349452997,
      -159.2936699278416,
      570.9645206908444
    ],
    [
      "DEB-8706DCD2",
      -8.797353511191092,
      -85.91214942727132,
      556.4948017647266
    ],
    [
      "DEB-691CC916",
      -24.820315546235015,
      -132.14823839581146,
      641.998339309328
    ],
    [
      "DEB-9B28F34F",
      1.2052099137602679,
      78.44052405962897,
      935.2594736291767
    ],
    [
      "DEB-2E4881BA",
      -31.04738376493074,
      -138.7214405138231,
      366.8499758668677
    ],
    [
      "DEB-C3E46A2B",
      -34.06499683377546,
      -4.69663336726821,
      348.46804065322885
    ],
    [
      "DEB-62BA1C7F",
      -23.541638365811902,
      -121.78025995498169,
      261.0753252544282
    ],
    [
      "DEB-A336A845",
      9.034372686919744,
      123.60094136383579,
      751.6832446878007
    ],
    [
      "DEB-5E86DFA8",
      -23.45229851728231,
      48.6042457394831,
      114.27087993915848
    ],
    [
      "DEB-A0B5D2C1",
      30.997162334077224,
      175.32871057091708,
      876.9113779906393
    ],
    [
      "DEB-A31577D3",
      54.355632195910935,
      16.485414136028165,
      884.3413174231482
    ],
    [
      "DEB-788C283B",
      -47.69727054703707,
      -8.693828100770281,
      393.15800300016963
    ],
    [
      "DEB-21BD2FD4",
      -20.653106526021787,
      64.85676330568629,
      592.4801898443911
    ],
    [
      "DEB-4AEBBE30",
      -61.606784736443586,
      -38.365100077663534,
      553.4707723935853
    ],
    [
      "DEB-6AFB38F6",
      34.196079958314485,
      -161.04255220536328,
      811.9478896585342
    ],
    [
      "DEB-8EECB2D0",
      30.90528257313788,
      98.18911178158612,
      867.8988867001226
    ],
    [
      "DEB-79C9E7FC",
      34.996615264118205,
      -158.80605314932865,
      468.5976128136872
    ],
    [
      "DEB-59ECFB61",
      22.27763257649954,
      -160.94118835391407,
      156.0904502882595
    ],
    [
      "DEB-C15F0DBD",
      -69.88865136303353,
      154.48705350116367,
      308.73833428670605
    ],
    [
      "DEB-1BD1A173",
      -44.11990936582678,
      126.07715033728614,
      669.3669789359146
    ],
    [
      "DEB-BC084699",
      54.797816521962986,
      -79.6605951432188,
      458.42678044018976
    ],
    [
      "DEB-7D926ECA",
      -33.78309706164186,
      -139.731403455845,
      166.27688247501737
    ],
    [
      "DEB-0AD08984",
      -11.548611933783022,
      95.60892401330882,
      418.22232125939354
    ],
    [
      "DEB-DADFBF54",
      -61.06047554163152,
      6.169797107024977,
      847.8440034302594
    ],
    [
      "DEB-EA8D2F50",
      48.47942995107341,
      -16.95060607811807,
      635.0930101648837
    ],
    [
      "DEB-52CABEE2",
      -49.247865535792,
      -58.74788589776366,
      908.3050985721484
    ],
    [
      "DEB-EAB1A383",
      13.973260532912018,
      -23.512225297160718,
      173.9815794367296
    ],
    [
      "DEB-406F2ED3",
      -10.61338229409778,
      122.36395481126436,
      782.7873287683979
    ],
    [
      "DEB-DFEBF118",
      -12.320895441131364,
      127.2300983235696,
      474.0025772331901
    ],
    [
      "DEB-57C61D45",
      -2.2696035622616253,
      91.82637732547258,
      641.0682391075861
    ],
    [
      "DEB-72D61538",
      -7.804887039306571,
      100.54398063943046,
      254.1878715908215
    ],
    [
      "DEB-61A52D23",
      -7.375982774368798,
      27.92672913577763,
      810.6385936241895
    ],
    [
      "DEB-D9A78ACB",
      49.07005879201565,
      -165.96997473046798,
      675.5170345395454
    ],
    [
      "DEB-BBEAADAC",
      2.760034176907034,
      10.840303512095675,
      342.9489074841813
    ],
    [
      "DEB-6E096822",
      -72.59092849475248,
      -76.48393638531067,
      351.7526310644107
    ],
    [
      "DEB-6267AF15",
      -36.06165987302463,
      3.455237230759357,
      143.00638123271256
    ],
    [
      "DEB-5F1B55D5",
      -84.62969916907083,
      -64.74023110170779,
      582.6729044544563
    ],
    [
      "DEB-2912AD2B",
      -14.565015267819996,
      -123.68698656144612,
      152.65788526654978
    ],
    [
      "DEB-DD43105B",
      -50.47061312030595,
      -169.66418837724785,
      559.5573576501392
    ],
    [
      "DEB-7844DF60",
      60.05287002862341,
      -162.4744512585707,
      594.0474070640657
    ],
    [
      "DEB-2CFDD6B9",
      -33.02018924090682,
      -111.23307282987369,
      252.6046356792849
    ],
    [
      "DEB-0A59AB35",
      28.549496503398405,
      -61.37108428528535,
      573.7912092777688
    ],
    [
      "DEB-A5327D5A",
      -38.80700017079056,
      97.71553360367854,
      722.8386260584311
    ],
    [
      "DEB-CAB59851",
      -47.61560763647911,
      -99.88281510562443,
      314.28902222997203
    ],
    [
      "DEB-B3293340",
      34.249140218746525,
      -116.68433118236395,
      270.6004983371631
    ],
    [
      "DEB-2BB41B07",
      11.679918512756277,
      -124.5687487247952,
      914.2289490104604
    ],
    [
      "DEB-1AF51737",
      27.389517304961487,
      -38.6653138539606,
      287.17067752799994
    ],
    [
      "DEB-A5996B0C",
      -45.21978909022734,
      32.73725278875905,
      887.651332568943
    ],
    [
      "DEB-76C9B5A8",
      -53.83050214918385,
      -30.243385820611113,
      829.0621071130463
    ],
    [
      "DEB-9BC3CAAF",
      43.06596411000671,
      -122.1737219534554,
      941.3051492764935
    ],
    [
      "DEB-E6BF7C5E",
      -66.34305767570608,
      31.28325805326749,
      416.5922566259178
    ],
    [
      "DEB-07A08638",
      -40.89373220477675,
      60.259573291045186,
      809.8092509980643
    ],
    [
      "DEB-9D75D0E5",
      84.10448125151024,
      -16.806512159474977,
      181.54374151295178
    ],
    [
      "DEB-893DE234",
      -41.64094793155754,
      -104.03777489305034,
      832.9366085022011
    ],
    [
      "DEB-05EAFC2E",
      45.73633682483134,
      -106.94597491291032,
      698.2229830261767
    ],
    [
      "DEB-0A8342F0",
      23.44631831687363,
      148.77691216325988,
      684.2368127103082
    ],
    [
      "DEB-92A63C52",
      -53.652093244566124,
      30.8826185383855,
      759.8087563514464
    ],
    [
      "DEB-B1E105C0",
      -48.83010197794526,
      -118.22696160797341,
      728.582363039518
    ],
    [
      "DEB-2D30B9A9",
      26.047683871568807,
      152.79641389747812,
      459.5197373206556
    ],
    [
      "DEB-82E21EE0",
      -50.258585148005615,
      -168.1686738665713,
      836.9315744949881
    ],
    [
      "DEB-74482AB8",
      35.189824585830124,
      17.552770319565436,
      211.61599945617763
    ],
    [
      "DEB-28A8049B",
      -50.6087429592697,
      81.08152154434656,
      816.9489269574897
    ],
    [
      "DEB-52D73417",
      34.812585592359525,
      30.52734910361568,
      276.5314384801277
    ],
    [
      "DEB-7B21DA09",
      -51.35542804067927,
      -8.72835990446413,
      659.4623368747052
    ],
    [
      "DEB-19912AB7",
      -25.442121188710537,
      -48.561003820352795,
      720.5725094061554
    ],
    [
      "DEB-293C9F75",
      -15.76160518551387,
      99.53010058231739,
      712.8450023050536
    ],
    [
      "DEB-DFA4CA77",
      34.0502736369091,
      167.09270096075596,
      184.91283450490118
    ],
    [
      "DEB-A90F5091",
      48.39407181263399,
      9.104460237993703,
      577.7365653926108
    ],
    [
      "DEB-9C866B4B",
      25.889328785964594,
      172.1197739070136,
      798.156837399205
    ],
    [
      "DEB-B7831050",
      70.96607118222059,
      -80.01883216110315,
      686.9533803443146
    ],
    [
      "DEB-F02140FB",
      64.64842120449897,
      -13.393010021656194,
      891.9175209039604
    ],
    [
      "DEB-FDF2D526",
      32.55537322563614,
      164.26308408462253,
      223.46722538010818
    ],
    [
      "DEB-8F110260",
      45.49634100235229,
      125.15689972655544,
      652.0245666899054
    ],
    [
      "DEB-C886A342",
      55.61662584651506,
      0.22777155202982077,
      512.5251970127574
    ],
    [
      "DEB-4826F18D",
      46.63893142825672,
      108.53176561660706,
      864.9923269787641
    ],
    [
      "DEB-8E0AA545",
      -58.95296979794144,
      -86.42626368152804,
      772.7630390336217
    ],
    [
      "DEB-A3B9F705",
      -29.568814445758814,
      -113.37891833739442,
      494.1186539543869
    ],
    [
      "DEB-36A722F7",
      16.940903504378046,
      -158.0556923204983,
      160.40927284396912
    ],
    [
      "DEB-EEE24E8A",
      47.318168844986296,
      -145.4745943885852,
      632.2175289874494
    ],
    [
      "DEB-867806DF",
      22.847129343376565,
      47.315484801646576,
      335.3471786777418
    ],
    [
      "DEB-BC7988D4",
      -64.67513603659214,
      39.58582242365899,
      669.4648926405835
    ],
    [
      "DEB-232EE060",
      69.29969130967966,
      -43.10077255400872,
      794.9267363342306
    ],
    [
      "DEB-1A88FF1C",
      -8.895112264619389,
      78.3062900836235,
      546.3819553718122
    ],
    [
      "DEB-DF6A4A2E",
      17.92266982429663,
      11.096030400075486,
      681.819781933913
    ],
    [
      "DEB-4C161F91",
      -49.6965552901845,
      -72.29717038826489,
      559.9748561139295
    ],
    [
      "DEB-524AD1A9",
      36.04972300903811,
      -169.65736710912714,
      330.22490219597603
    ],
    [
      "DEB-8F800557",
      1.756745078076592,
      -69.06982434750923,
      377.7864412769959
    ],
    [
      "DEB-59677884",
      -36.206610968398934,
      -107.61820910500425,
      825.8439803058964
    ],
    [
      "DEB-AC5FC247",
      40.751930303297826,
      -30.633771567865764,
      183.066416597042
    ],
    [
      "DEB-4A31EEDF",
      57.287863370364505,
      170.80237413683867,
      895.1966295119519
    ],
    [
      "DEB-AFEC5C11",
      31.138675173703003,
      32.16275398887817,
      271.14062531970285
    ],
    [
      "DEB-352DC915",
      -62.746839842301284,
      123.27559401863243,
      426.2054099789684
    ],
    [
      "DEB-92BBBFD1",
      -66.67905987565172,
      58.68256290492378,
      790.8330704534428
    ],
    [
      "DEB-FFF884E4",
      33.10064388836486,
      175.70840237916474,
      477.3009532561182
    ],
    [
      "DEB-BF53FE40",
      65.17078052263996,
      94.59812305669145,
      396.27625881777203
    ],
    [
      "DEB-6E45CEE9",
      -36.46247271693863,
      -8.067336756586068,
      246.93461595888584
    ],
    [
      "DEB-BE0FD313",
      63.559866349949125,
      -106.61217168904683,
      913.9163427279536
    ],
    [
      "DEB-AA98393C",
      -55.28740192689616,
      -4.378306287514052,
      275.98772584161
    ],
    [
      "DEB-AF81CA5C",
      -37.73109982596824,
      145.18111504980934,
      285.9180599975707
    ],
    [
      "DEB-E434864D",
      35.41458483805012,
      -64.0968690363755,
      836.2383098955916
    ],
    [
      "DEB-30D1E9B3",
      -0.8279049783227291,
      -151.49014631094516,
      244.07799040633108
    ],
    [
      "DEB-66111C62",
      -27.535014133125394,
      -48.98900993286355,
      126.85514329650323
    ],
    [
      "DEB-B0DBE022",
      13.338250444398698,
      21.02458377097128,
      696.5255543122821
    ],
    [
      "DEB-294D838B",
      18.65677124455253,
      179.68343295267314,
      827.0431765620551
    ],
    [
      "DEB-28A9059C",
      -64.70213727066171,
      -3.3441343351306667,
      917.157154165825
    ],
    [
      "DEB-BA71F561",
      3.1755390555557454,
      10.93693417533349,
      704.8898166911067
    ],
    [
      "DEB-8527C04A",
      -48.65840938451442,
      -67.91266079174618,
      870.6575372404523
    ],
    [
      "DEB-CE7A5D94",
      50.60575756907131,
      165.582985860475,
      564.316919761769
    ],
    [
      "DEB-5ED837D8",
      -55.829848317206924,
      -53.283146373272714,
      379.4322492228139
    ],
    [
      "DEB-30FECB36",
      -4.459908210974257,
      63.34092599335791,
      547.3316532289264
    ],
    [
      "DEB-A4C6DBF9",
      14.235258735510373,
      -30.046994096732274,
      742.7700983887571
    ],
    [
      "DEB-21B48D47",
      3.86253845815929,
      -115.17486708132695,
      490.9922973204193
    ],
    [
      "DEB-48A7798B",
      -18.218495394746686,
      -3.131804415952729,
      135.37403558587175
    ],
    [
      "DEB-27CDDD3C",
      36.57675560096158,
      -70.66518064423764,
      769.2772716943846
    ],
    [
      "DEB-71115FD7",
      25.27124276792762,
      -152.05634174120485,
      700.6572166860014
    ],
    [
      "DEB-08A238DD",
      63.01569668665607,
      -68.19716836221043,
      808.0293269673812
    ],
    [
      "DEB-ABB5C381",
      58.127124622807564,
      72.56856558523322,
      565.4411060203302
    ],
    [
      "DEB-04A2406C",
      53.58839502304387,
      -27.523062058872007,
      668.6019105324222
    ],
    [
      "DEB-C2EDE25E",
      10.849076697114217,
      167.54535642460365,
      813.2363145133068
    ],
    [
      "DEB-8EA49DA9",
      -59.17827481671353,
      -110.48752188132814,
      638.7091843891421
    ],
    [
      "DEB-909DE4C7",
      62.65200003405231,
      13.01132968537121,
      413.6802622332307
    ],
    [
      "DEB-AF556D2F",
      -60.606408823123,
      -156.10940528378134,
      129.08691126722442
    ],
    [
      "DEB-829C6853",
      -12.214748492959831,
      -68.97305053453584,
      867.3745794549386
    ],
    [
      "DEB-2E8A6FBB",
      3.545345284767349,
      -93.63017848504764,
      695.7892349652448
    ],
    [
      "DEB-8242BA90",
      5.948299814632133,
      -174.56082583932326,
      902.1720139302524
    ],
    [
      "DEB-A5D9C9C0",
      35.815968637374134,
      -171.9291433540991,
      625.9742620715788
    ],
    [
      "DEB-D8825BF7",
      46.57031604174688,
      -73.34425515706344,
      309.92199604669713
    ],
    [
      "DEB-8D714149",
      -45.76234090905996,
      -57.75661770284473,
      441.9552886575302
    ],
    [
      "DEB-D4C5CE33",
      -22.34493018720247,
      -138.37782340185893,
      541.081092952204
    ],
    [
      "DEB-85470D48",
      1.0989324982538788,
      -43.74082432304184,
      355.1384562388357
    ],
    [
      "DEB-80C78903",
      11.932215358108854,
      -171.1567730813524,
      380.86702323592635
    ],
    [
      "DEB-22A0C3B4",
      29.34572047510525,
      -104.04703925043508,
      229.32220040450193
    ],
    [
      "DEB-826A8B7F",
      -44.06040856958752,
      -12.048893570887603,
      134.94815383272726
    ],
    [
      "DEB-37037E2C",
      1.8263146817792928,
      -42.0724105714543,
      149.988750207438
    ],
    [
      "DEB-A3441D1F",
      -29.20982675995647,
      -150.6454797701135,
      582.1664562662008
    ],
    [
      "DEB-BD5C1972",
      14.258288246547497,
      37.95485524628537,
      621.255655923469
    ],
    [
      "DEB-EB0669B1",
      -17.25336195264101,
      -107.07217523643311,
      752.4046618088487
    ],
    [
      "DEB-49FDAE05",
      -35.03918532727558,
      -67.49092971744791,
      690.5506086630749
    ],
    [
      "DEB-F405B45F",
      44.379735022925296,
      13.87247979682214,
      749.1802659926707
    ],
    [
      "DEB-0758D933",
      -39.891280547606684,
      165.69322153086233,
      618.0586179061083
    ],
    [
      "DEB-202AD701",
      -26.93357629799886,
      85.58167197893063,
      605.4228623911558
    ],
    [
      "DEB-23753C04",
      22.930585934269526,
      -121.46351192325861,
      731.924219367037
    ],
    [
      "DEB-00FBFA27",
      16.16198521988854,
      -92.07534309126468,
      228.9959566334046
    ],
    [
      "DEB-CD18D296",
      -55.40631083017177,
      155.4272499240959,
      799.9845732142339
    ],
    [
      "DEB-1E07B354",
      -61.917099698503414,
      -178.33093381469894,
      186.2536705611019
    ],
    [
      "DEB-9630F2CE",
      82.29321004846744,
      -135.04119492049153,
      800.7404756216292
    ],
    [
      "DEB-776BBA1D",
      70.37043450292494,
      124.0136750440405,
      849.8725692553417
    ],
    [
      "DEB-CDBDE2C7",
      6.061932400549782,
      23.618587133540856,
      701.1512782283589
    ],
    [
      "DEB-BFE86380",
      -55.27235204892413,
      -133.36294939116297,
      776.4928768210502
    ],
    [
      "DEB-04EE1764",
      -11.242738577854274,
      38.96860656864341,
      365.3301077436927
    ],
    [
      "DEB-A387FC1D",
      7.5860155057819645,
      -119.53009259315989,
      183.50188723848714
    ],
    [
      "DEB-FF305261",
      64.00983911883831,
      -92.56240769671034,
      471.93647235975277
    ],
    [
      "DEB-019AE764",
      -22.670771733563548,
      102.86845014548524,
      570.0610160376509
    ],
    [
      "DEB-9A20BBC8",
      -16.230983792004988,
      -20.904275787535283,
      394.30504378184924
    ],
    [
      "DEB-022359D3",
      -5.198829872464096,
      -109.50291632813615,
      328.422852330189
    ],
    [
      "DEB-AC81CFEC",
      -55.07734356588592,
      -40.24836715157028,
      731.7521529741298
    ],
    [
      "DEB-76747690",
      -3.2127497043950783,
      -85.3196678200178,
      900.2660390177225
    ],
    [
      "DEB-D62CC84E",
      -11.746488129424367,
      -8.494634008104695,
      605.7802365807902
    ],
    [
      "DEB-217C2066",
      -3.1387658606934616,
      75.31056951300177,
      719.9045793781115
    ],
    [
      "DEB-FC434E7D",
      -16.67747887233472,
      -117.41386896788373,
      156.63158583463064
    ],
    [
      "DEB-F3883861",
      -24.70659693352406,
      95.27096210069828,
      395.15724986155965
    ],
    [
      "DEB-1FDDB79F",
      -31.164470609364237,
      -179.1142442693239,
      296.9472104989136
    ],
    [
      "DEB-151ADAAF",
      66.93149769538722,
      20.4078712378335,
      448.86705057325344
    ],
    [
      "DEB-45B50CC8",
      -59.817001689995976,
      63.88882502018706,
      171.06463168885966
    ],
    [
      "DEB-73B4631B",
      -5.9820547278258145,
      122.21910007379748,
      146.18649223801822
    ],
    [
      "DEB-F722A883",
      2.6237849434101777,
      -59.407863734275644,
      138.71522850933252
    ],
    [
      "DEB-A624A8D8",
      50.440197557264376,
      113.07953383116397,
      536.6461207985749
    ],
    [
      "DEB-6FCC343D",
      -26.612148279062136,
      163.0411215837058,
      400.0465266047777
    ],
    [
      "DEB-C6346B91",
      -52.659132438213575,
      -41.87273044291681,
      891.8111895804241
    ],
    [
      "DEB-A1D7481D",
      -9.246306316495867,
      12.750471754612144,
      712.8209348944811
    ],
    [
      "DEB-6C60C262",
      -25.01934112139714,
      82.90758019200183,
      703.6785525415717
    ],
    [
      "DEB-A611E985",
      -40.4039413856737,
      -168.14827989651528,
      887.2289479020101
    ],
    [
      "DEB-3B83033A",
      -62.00185608210014,
      -89.37921787628812,
      822.3967967526905
    ],
    [
      "DEB-EC9FDACB",
      27.558992899436497,
      -130.62307674214256,
      130.23997462418265
    ],
    [
      "DEB-4BF3B2E1",
      77.28775258429049,
      -136.97427160187388,
      579.9894488469481
    ],
    [
      "DEB-78FBFE31",
      36.541879477360006,
      -117.18494057429959,
      685.0911938494446
    ],
    [
      "DEB-A44E1A3A",
      21.097147007868532,
      -5.0496680224913035,
      532.6925115911172
    ],
    [
      "DEB-A7843A9D",
      3.1746507851574175,
      163.7668021077822,
      331.8850511853052
    ],
    [
      "DEB-1FDCABE6",
      -17.95295172590145,
      -32.46693466628222,
      310.5862558659428
    ],
    [
      "DEB-6561AC87",
      -54.09415411148735,
      -93.07506184850395,
      516.550301936064
    ],
    [
      "DEB-0673C762",
      12.24835160734969,
      -169.25757303142697,
      224.6921648601092
    ],
    [
      "DEB-4B1EF900",
      30.060367268209898,
      171.34352411421258,
      457.0677978612057
    ],
    [
      "DEB-493E7F94",
      -59.306013857728615,
      -130.55742955716278,
      872.3709719840226
    ],
    [
      "DEB-B818C684",
      9.743665848158312,
      52.18600226748521,
      607.4501822337543
    ],
    [
      "DEB-C23CAB4B",
      -45.801668156939236,
      95.86019870171556,
      155.35173563680382
    ],
    [
      "DEB-085060C5",
      -49.21147018221254,
      -50.85917364854655,
      800.4779415851099
    ],
    [
      "DEB-8B3EECCF",
      -24.790866067152134,
      -11.879278285523794,
      701.4322450308036
    ],
    [
      "DEB-8E25949B",
      -23.083529713623808,
      116.68685083656764,
      591.9676799010085
    ],
    [
      "DEB-1C3E9F61",
      -23.943086372596298,
      113.8101975952548,
      702.7680385071062
    ],
    [
      "DEB-4532D1A0",
      -30.706985535657186,
      115.34812659133883,
      139.50149145488103
    ],
    [
      "DEB-1717DF56",
      -12.421327963312034,
      -24.441966328630443,
      497.3525096632575
    ],
    [
      "DEB-918D3616",
      25.801576582385696,
      101.24224436834135,
      283.35177762772946
    ],
    [
      "DEB-7E2D7080",
      -38.42276161361176,
      -141.09244108183003,
      773.2733538113935
    ],
    [
      "DEB-BECEE74D",
      10.987793564918386,
      -114.32693171525527,
      394.3248700358945
    ],
    [
      "DEB-AE6F7496",
      38.98986759436935,
      -76.53658116296963,
      652.7971616909763
    ],
    [
      "DEB-6EDA4B5A",
      0.08059297927830604,
      -4.677031114855384,
      858.1967668531624
    ],
    [
      "DEB-CFDD573F",
      -13.980913329283041,
      -18.915902475707657,
      833.3775167903959
    ],
    [
      "DEB-015CD151",
      -27.131348640589295,
      36.664418830418356,
      707.5044094458171
    ],
    [
      "DEB-3A7C36ED",
      1.694150380314645,
      168.80722783355424,
      321.80814549257593
    ],
    [
      "DEB-09AEA758",
      23.26862778080689,
      -179.65147979042976,
      243.36440673995003
    ],
    [
      "DEB-B6EAC4C3",
      44.051587051521096,
      -48.10741650164356,
      166.73713634511842
    ],
    [
      "DEB-16BB2B59",
      -26.12437838053482,
      41.291639625757504,
      195.79648223358345
    ],
    [
      "DEB-BA7D6F80",
      21.952114677864035,
      -65.1865631401096,
      435.09575759947074
    ],
    [
      "DEB-8069BEA4",
      -26.392603950138373,
      -155.09286904746298,
      806.0031129070785
    ],
    [
      "DEB-2D4FD7B0",
      66.276540011118,
      127.51305576198307,
      671.47546996647
    ],
    [
      "DEB-1CA3BB48",
      -46.523768724274255,
      -156.7898840308222,
      880.6836182469424
    ],
    [
      "DEB-00C6453C",
      48.96750375227514,
      -100.59765512161539,
      771.7019256731301
    ],
    [
      "DEB-E820ED35",
      27.99436170230265,
      -52.714274494411264,
      197.09726401853823
    ],
    [
      "DEB-993E69FA",
      10.642517690127708,
      -61.061855792659706,
      901.0749277665209
    ],
    [
      "DEB-89AFBF26",
      59.124804757714735,
      -88.47582402265714,
      360.20330773595924
    ],
    [
      "DEB-AA6C0778",
      7.753250762375908,
      -176.23201545338475,
      504.32228445209876
    ],
    [
      "DEB-D1D50166",
      -53.79027047107494,
      -28.830785327916264,
      271.5505477821307
    ],
    [
      "DEB-87C7D157",
      -29.865397108725517,
      -161.9448236053812,
      554.312589810992
    ],
    [
      "DEB-5FC642ED",
      15.819887232261303,
      -96.91717810336479,
      637.085273472504
    ],
    [
      "DEB-9D878C24",
      -58.920963896262286,
      68.85788853967118,
      678.44905862628
    ],
    [
      "DEB-49127972",
      -60.01155715432773,
      -43.444598299662694,
      145.09729655161846
    ],
    [
      "DEB-D2498F3C",
      -47.79117123401016,
      -19.03356627766267,
      346.7279296121824
    ],
    [
      "DEB-1AFC9FFF",
      31.712347991962613,
      -5.093768241504496,
      770.1027150138343
    ],
    [
      "DEB-85994AAF",
      -49.98198338445824,
      2.068424820262912,
      152.3825621923179
    ],
    [
      "DEB-D798764B",
      23.01819441395919,
      -56.91019273913518,
      814.2443010535599
    ],
    [
      "DEB-66CDE0E4",
      20.020838798212576,
      -73.9151507602989,
      456.6636503462996
    ],
    [
      "DEB-46B35A4D",
      17.75927979791396,
      -85.67461128396458,
      872.8983714098058
    ],
    [
      "DEB-4BEF4E7F",
      -21.366420423762428,
      -77.98676419829239,
      313.82840272271005
    ],
    [
      "DEB-FD95FD9E",
      39.137863065899595,
      148.7014948550317,
      908.0978635690681
    ],
    [
      "DEB-355455AA",
      -32.40392172132188,
      67.0336988070239,
      554.8470360736992
    ],
    [
      "DEB-FACC1F18",
      -52.26100825209488,
      -18.21216018491697,
      522.1981379066247
    ],
    [
      "DEB-6E5C6599",
      -3.3600406021572313,
      58.841029412242726,
      740.6022405422691
    ],
    [
      "DEB-666A360D",
      -50.771326368826216,
      -97.21026830740368,
      315.07458028909423
    ],
    [
      "DEB-BB136E4A",
      -11.649379492612049,
      124.16888622628299,
      342.8195636219034
    ],
    [
      "DEB-059E87DD",
      7.773110155881648,
      92.05317244139293,
      530.5357336553279
    ],
    [
      "DEB-2ED877FB",
      -19.74219065126267,
      68.36030098032155,
      420.9257612666215
    ],
    [
      "DEB-36CD3899",
      -47.92482797714271,
      -42.797746637634525,
      437.5673807654848
    ],
    [
      "DEB-37D40B73",
      13.903959858230348,
      131.80575704579408,
      296.5492564482829
    ],
    [
      "DEB-5C58602C",
      -62.772417599425495,
      104.63045470128118,
      611.1578093304952
    ],
    [
      "DEB-627AC1D5",
      51.93734767162903,
      23.77559786968302,
      217.13509101223008
    ],
    [
      "DEB-88595875",
      -17.884096086379664,
      16.6735755529495,
      249.0571073055644
    ],
    [
      "DEB-14B32E89",
      43.90931507510694,
      -30.32829460604021,
      303.6177945185991
    ],
    [
      "DEB-5E7A3881",
      -61.68173312133266,
      -96.17064227383212,
      357.8165631567126
    ],
    [
      "DEB-C61008A7",
      41.626497446687814,
      123.68690349834154,
      261.6334864087148
    ],
    [
      "DEB-3E9E38CF",
      11.802762328175335,
      -103.78049370229294,
      121.69280104638528
    ],
    [
      "DEB-DACE5898",
      -41.69518230531778,
      126.28829585931774,
      311.1547653172838
    ],
    [
      "DEB-4F9446EF",
      -43.558362509492014,
      -90.53189588208548,
      338.39637910789315
    ],
    [
      "DEB-E9ABFF75",
      9.970731264933537,
      7.3354899978358175,
      454.74751625782847
    ],
    [
      "DEB-402A8650",
      11.144579876852703,
      32.30399207309928,
      374.6640018494754
    ],
    [
      "DEB-A73C2900",
      24.756150241543974,
      -18.674639580056706,
      282.6602530373202
    ],
    [
      "DEB-E6CB6EA7",
      -38.42220255257544,
      -132.47089576351735,
      751.9790504162293
    ],
    [
      "DEB-6DF73F9E",
      -5.774432516042899,
      -56.420973444242925,
      777.108591330807
    ],
    [
      "DEB-92990311",
      -48.59511756442712,
      5.976091451804336,
      626.1620069269275
    ],
    [
      "DEB-37107AA0",
      -27.89246922566549,
      -172.2993432570312,
      312.46377338625643
    ],
    [
      "DEB-7099129F",
      45.354984523968675,
      11.681248031320225,
      856.4975726392267
    ],
    [
      "DEB-6E2E2162",
      57.58048722497588,
      -14.49410978010553,
      317.82810268802496
    ],
    [
      "DEB-85E3E6D1",
      -34.354342877948746,
      159.44929265463284,
      532.7697355086366
    ],
    [
      "DEB-86C35AAF",
      53.82650434264203,
      3.2259862229081024,
      323.5687301475382
    ],
    [
      "DEB-77BB9711",
      7.857614841507755,
      -122.17812124391862,
      217.44322688553984
    ],
    [
      "DEB-17050C6C",
      -6.496663824856747,
      21.646488021551768,
      838.2601080232171
    ],
    [
      "DEB-56722ABA",
      16.3974298774376,
      -39.57992861586591,
      107.22804847820407
    ],
    [
      "DEB-23B1871F",
      -4.070218265677395,
      71.44727104201854,
      770.1226947698133
    ],
    [
      "DEB-C091C0C2",
      -28.367043706875638,
      -134.9944986571554,
      621.1377095953248
    ],
    [
      "DEB-0823A5C7",
      22.006055603290516,
      -10.695004116902647,
      831.4602512701658
    ],
    [
      "DEB-6A591F9E",
      66.33078685071543,
      143.88637410417925,
      534.1708150779214
    ],
    [
      "DEB-CB2E1F66",
      15.832086097290771,
      72.43102413639718,
      536.2731985413102
    ],
    [
      "DEB-25B60D10",
      66.46796829818012,
      0.051671595561370354,
      421.76031609648453
    ],
    [
      "DEB-B90FF052",
      -38.41773148103372,
      -176.90893245725607,
      338.4903679179124
    ],
    [
      "DEB-87849626",
      82.71711627215467,
      34.783069721186834,
      446.87634599874764
    ],
    [
      "DEB-8C9F19DC",
      34.023379229281176,
      -144.52929938476842,
      634.9839696523695
    ],
    [
      "DEB-AB20B806",
      0.36382963095885207,
      67.72627871671062,
      112.84091439180702
    ],
    [
      "DEB-08C26F95",
      17.144174087211145,
      -5.3665766829901305,
      784.0647507527483
    ],
    [
      "DEB-B18B4541",
      10.826821074741748,
      -174.64303651433352,
      312.87772282194965
    ],
    [
      "DEB-BCEB7390",
      68.73705856448173,
      167.1865479655661,
      476.90285615428274
    ],
    [
      "DEB-B2DFABE1",
      -64.40429870726683,
      97.21083086728733,
      882.5730582415654
    ],
    [
      "DEB-32391F5D",
      -11.888174755006606,
      141.27680915022765,
      586.3889760977781
    ],
    [
      "DEB-82D4527E",
      -35.029061429160016,
      15.795783337056402,
      272.32298014113803
    ],
    [
      "DEB-EDF9C345",
      -23.952459757292544,
      -85.27136799703369,
      461.29318224926374
    ],
    [
      "DEB-691C259A",
      45.48317256163196,
      102.8191935703955,
      737.6878036262051
    ],
    [
      "DEB-6D4F73FB",
      11.960506706435512,
      96.34327232703875,
      308.6814726223929
    ],
    [
      "DEB-C8F1C7D8",
      -72.53399109173617,
      -163.86350536153003,
      146.78077141771064
    ],
    [
      "DEB-7C9AB023",
      -11.47253624004166,
      -35.88914668285536,
      540.5520349422723
    ],
    [
      "DEB-F1AF916A",
      -1.071526559710948,
      83.11800814040623,
      245.5706251347765
    ],
    [
      "DEB-68489451",
      -9.802812643355,
      -57.227612089468806,
      359.9308047612576
    ],
    [
      "DEB-EEF44FF1",
      -8.716687866472725,
      -26.087768166649507,
      326.30083510269105
    ],
    [
      "DEB-4D603CC4",
      -9.305818454957846,
      89.23495971493485,
      672.409984392435
    ],
    [
      "DEB-54058001",
      -63.52543371614825,
      18.38605538215785,
      882.940735682666
    ],
    [
      "DEB-A4185AA7",
      9.210691076286441,
      -1.8304337666461705,
      774.6840116048343
    ],
    [
      "DEB-9F96DA1D",
      45.32453567071977,
      -131.22959832737322,
      905.8881599475426
    ],
    [
      "DEB-97722A4C",
      -58.19162725954787,
      -157.9463932257918,
      317.5569461773066
    ],
    [
      "DEB-B67FADF6",
      -43.732060445117774,
      30.206128419375663,
      566.7798385427695
    ],
    [
      "DEB-8990F959",
      -9.117413144744006,
      129.94539286224574,
      219.75573778879152
    ],
    [
      "DEB-5B723008",
      32.84655222652368,
      137.00543995193172,
      309.8149579406081
    ],
    [
      "DEB-56A0840E",
      -12.007010051883634,
      4.832385005726518,
      863.1495665361281
    ],
    [
      "DEB-B52AF232",
      18.851584166021205,
      46.205589069440066,
      827.5503932566544
    ],
    [
      "DEB-8358EB76",
      -22.209536666137243,
      56.11684824351666,
      717.6407935625948
    ],
    [
      "DEB-57C76A3F",
      40.218950193038545,
      -113.72235595036659,
      873.5878087292003
    ],
    [
      "DEB-0A13B9D3",
      69.80957051661161,
      -102.18924717262831,
      819.6857545245812
    ],
    [
      "DEB-ADF6C686",
      21.755899737614516,
      -87.79146786590407,
      150.8397274362178
    ],
    [
      "DEB-DB765B64",
      -5.36487769469152,
      -112.69313739142035,
      594.0408353083685
    ],
    [
      "DEB-F7B96B9B",
      50.80374491943816,
      -87.41213045142635,
      879.7607158178353
    ],
    [
      "DEB-357193E4",
      -3.996688587418677,
      -17.17114540871415,
      303.7654398274808
    ],
    [
      "DEB-E9EE4362",
      -82.43370463889586,
      40.544641198221036,
      158.5274671538782
    ],
    [
      "DEB-75FD9288",
      20.33415493767819,
      -144.11983866314858,
      655.28074426072
    ],
    [
      "DEB-7EC48C09",
      -12.12799658303907,
      74.79789839026333,
      241.5016599248347
    ],
    [
      "DEB-97BBAB1E",
      37.246514823003004,
      -28.86987316863571,
      814.5327014984596
    ],
    [
      "DEB-C856660A",
      5.977378724778635,
      -103.69362706375979,
      206.62897462086767
    ],
    [
      "DEB-25E218CA",
      -18.720231157539068,
      -67.66792888728588,
      629.4333162800076
    ],
    [
      "DEB-F7AA3936",
      -13.807773496278713,
      -114.19260622118811,
      181.3191431368541
    ],
    [
      "DEB-C6698390",
      86.36567893327398,
      -137.87290609762908,
      804.6620714665596
    ],
    [
      "DEB-5BCC0428",
      -25.99469837260631,
      175.06396272256487,
      762.7933259459787
    ],
    [
      "DEB-1D1E5CCA",
      -1.2390233936076978,
      116.14324708651836,
      498.2579473192445
    ],
    [
      "DEB-F1CDAC71",
      37.65027006348691,
      156.09230889671443,
      307.68331476500225
    ],
    [
      "DEB-F407A0DC",
      35.186821199173636,
      -157.1512045771631,
      285.05318772388455
    ],
    [
      "DEB-98EBD05C",
      -19.638618905545428,
      13.285317259046495,
      340.2388057936805
    ],
    [
      "DEB-FAC39A37",
      25.514064217313106,
      96.85171014183199,
      868.16885610379
    ],
    [
      "DEB-0F64B065",
      -38.82480235563257,
      119.16754064199591,
      146.3346149463996
    ],
    [
      "DEB-6AC0ED43",
      -4.198559807234984,
      153.56063328142352,
      358.9192276313397
    ],
    [
      "DEB-B24D8F18",
      -14.455352517097792,
      -28.130918733818163,
      409.4388875674995
    ],
    [
      "DEB-60D14494",
      0.04553617351196542,
      33.93099611228404,
      253.4453051472865
    ],
    [
      "DEB-8B769270",
      -46.977115415937476,
      -156.0158920173166,
      825.2668166275835
    ],
    [
      "DEB-7F45EA28",
      3.028758660390449,
      -148.89081247647394,
      881.5839297108178
    ],
    [
      "DEB-F8E85AAF",
      15.034352240760132,
      -149.21208616521426,
      346.21943128179373
    ],
    [
      "DEB-27D679CF",
      43.43845931198051,
      -121.7655913656853,
      823.6502260228863
    ],
    [
      "DEB-8995BE11",
      -9.709213860156442,
      81.22692913690686,
      821.9334482840786
    ],
    [
      "DEB-7A5F384F",
      -71.4954618697156,
      103.52658282132086,
      296.0199063544733
    ],
    [
      "DEB-BADA7BEB",
      -4.77984307437576,
      -22.677797204663726,
      485.66176578954764
    ],
    [
      "DEB-DF491D05",
      27.939727656616732,
      144.52940150775032,
      444.480177085421
    ],
    [
      "DEB-65FAB8BD",
      -17.00781200656476,
      -94.16906873787002,
      160.50327518341692
    ],
    [
      "DEB-2573B070",
      54.38816885479228,
      24.00366474551009,
      220.25942266296715
    ],
    [
      "DEB-ADC8A719",
      -20.604715387668254,
      -106.92513775984422,
      125.12853541429376
    ],
    [
      "DEB-D14D2247",
      -53.06164473914369,
      135.64234810246393,
      440.12106601911364
    ],
    [
      "DEB-AE47965E",
      -42.69535783755121,
      -132.40218447305782,
      761.277074040082
    ],
    [
      "DEB-CCFA8627",
      -72.70962055286283,
      20.92731430038409,
      391.40081566859317
    ],
    [
      "DEB-B33F9BE5",
      12.670995063691953,
      -143.65389728970715,
      799.5536036897038
    ],
    [
      "DEB-029F6A79",
      -33.25260953268748,
      -154.89166029796428,
      262.41473641141874
    ],
    [
      "DEB-DF90A6E5",
      -3.0558402569225134,
      101.65853113915192,
      228.87407358040218
    ],
    [
      "DEB-620CB2FA",
      22.82486642168386,
      114.74664515054441,
      430.77845435180643
    ],
    [
      "DEB-85CA296D",
      23.289913573785007,
      -58.252449872143515,
      817.0149079748498
    ],
    [
      "DEB-A242379E",
      -67.20284962288154,
      87.01474225037282,
      147.72156870937033
    ],
    [
      "DEB-FE401000",
      -67.59715345520995,
      -57.29860666836421,
      148.86779071249475
    ],
    [
      "DEB-A1783008",
      57.17120633512481,
      80.2025052942335,
      478.6152487069794
    ],
    [
      "DEB-E218CD78",
      51.373904176912724,
      53.81818295700039,
      225.79334520423436
    ],
    [
      "DEB-6F43B124",
      71.29445445342208,
      38.007562565692275,
      205.17948817784145
    ],
    [
      "DEB-E03F362C",
      -5.916866180549565,
      -131.43568066284152,
      606.4566781580652
    ],
    [
      "DEB-311B1848",
      -86.30720466294194,
      154.23627007142017,
      308.1617790254013
    ],
    [
      "DEB-5A9A14B8",
      -11.407098820753442,
      -71.50132331442975,
      878.1027225901007
    ],
    [
      "DEB-83536625",
      -66.73230116865177,
      18.782282251876566,
      530.7150193146254
    ],
    [
      "DEB-E0490B12",
      -2.230663806179973,
      -107.05254506725628,
      834.0068182018922
    ],
    [
      "DEB-CBEF8DE8",
      16.768230497671173,
      164.19863777331452,
      400.5574706588568
    ],
    [
      "DEB-B1EC93A7",
      -59.15861104220094,
      -39.486065745514,
      734.4330162077122
    ],
    [
      "DEB-A5179E22",
      6.41534861113279,
      7.083511254876118,
      631.5831880004616
    ],
    [
      "DEB-D477B5B9",
      59.62784081946084,
      94.25959824852382,
      727.9021512905392
    ],
    [
      "DEB-BEF34297",
      -25.783246896307674,
      176.15290728571847,
      818.2077703457644
    ],
    [
      "DEB-EDDF9F0D",
      11.148192382010059,
      -41.117711181974244,
      731.1472225525222
    ],
    [
      "DEB-D8D2E4D8",
      21.446378479597545,
      31.55751274542737,
      682.2438076712806
    ],
    [
      "DEB-950B8C5D",
      -40.531462951433085,
      -137.59650936355504,
      422.7992861270941
    ],
    [
      "DEB-45BE3E5D",
      8.598997517471071,
      137.26627001690744,
      313.8028642491554
    ],
    [
      "DEB-471EF8B0",
      -35.82530908662822,
      -149.04855309187,
      224.23565623576178
    ],
    [
      "DEB-3F363951",
      7.562695103306674,
      131.758087419699,
      798.7794924523532
    ],
    [
      "DEB-C57162A8",
      22.365240129651077,
      17.819046574253715,
      765.3834563454056
    ],
    [
      "DEB-FCDDCF1C",
      -63.560362372287585,
      -26.58592216537239,
      931.7258246168176
    ],
    [
      "DEB-42FE54C3",
      -16.155891691921976,
      100.62077690521484,
      349.60913563473696
    ],
    [
      "DEB-73143EEC",
      33.10466835473128,
      -53.46379594312707,
      931.9690297752886
    ],
    [
      "DEB-633C603E",
      -1.507937195616232,
      114.42661112894467,
      189.87987753011294
    ],
    [
      "DEB-55292B7D",
      54.53625553785008,
      -69.46365498809972,
      696.738193733272
    ],
    [
      "DEB-6211A683",
      -14.440512673742207,
      137.55654751922663,
      197.2774282547325
    ],
    [
      "DEB-A893C802",
      54.73440144373556,
      -113.86144453571862,
      158.5814019266263
    ],
    [
      "DEB-D13BE74C",
      -58.774310164775684,
      -105.6750828635318,
      133.06725265206296
    ],
    [
      "DEB-8CF704D5",
      81.57419115613412,
      135.9454046691025,
      154.60488757462736
    ],
    [
      "DEB-8BC569C1",
      32.545741103643465,
      165.4080343832381,
      749.2743137215966
    ],
    [
      "DEB-A7177EF1",
      -40.06061083167283,
      -69.99182488651181,
      868.0592183205526
    ],
    [
      "DEB-FC9E0636",
      -73.0102870204475,
      170.56752261757495,
      426.7886686730699
    ],
    [
      "DEB-5E5A90E9",
      29.443379165589366,
      -157.32055055413716,
      228.47554162987308
    ],
    [
      "DEB-9594243E",
      -27.927342694680956,
      51.27998425946399,
      167.02718323694717
    ],
    [
      "DEB-62541535",
      -19.716149742708616,
      -73.3401912020108,
      738.3606460095498
    ],
    [
      "DEB-2D95A1E0",
      -0.9168490288367582,
      31.72047378420587,
      819.5434856303909
    ],
    [
      "DEB-58EB870A",
      -18.832708284879008,
      108.89363822267063,
      814.502557278648
    ],
    [
      "DEB-8B7BC04A",
      64.04408825144539,
      157.7593424601448,
      304.8790517244406
    ],
    [
      "DEB-8B288DB7",
      -7.716973368138125,
      -42.59979619944792,
      204.6732287452287
    ],
    [
      "DEB-3B00CCF9",
      -35.89508270144761,
      62.8720878722256,
      335.34368405840723
    ],
    [
      "DEB-CCF666C6",
      52.91341172281315,
      -79.58890595222152,
      135.76301801785394
    ],
    [
      "DEB-8D38DD6B",
      17.009119316759513,
      -163.1104154730216,
      209.16316139253559
    ],
    [
      "DEB-20541079",
      -57.32000920720047,
      69.79340405782719,
      187.60173973245128
    ],
    [
      "DEB-29DA71AD",
      -16.266456653703166,
      -88.99316868165431,
      559.8328531088428
    ],
    [
      "DEB-28AEB1CC",
      -14.298776771085883,
      43.58961535100472,
      194.28861780345505
    ],
    [
      "DEB-72B0AF80",
      -48.04967388207087,
      67.02436925927033,
      433.35674356937034
    ],
    [
      "DEB-7A9F9C7A",
      -47.84548414796903,
      117.06223463697346,
      641.098259401826
    ],
    [
      "DEB-B791608B",
      31.83826809657537,
      -9.76219598118415,
      904.2441418100998
    ],
    [
      "DEB-A787A771",
      -16.03148341457119,
      8.490881569401994,
      587.2838875979496
    ],
    [
      "DEB-CB83E626",
      -5.7946920114195075,
      174.9082313677243,
      466.1051872604867
    ],
    [
      "DEB-4260A3C6",
      3.0967762899886297,
      147.62714698965138,
      558.3817182830353
    ],
    [
      "DEB-FB2A9493",
      -5.5133391748175775,
      14.991322909749654,
      471.66971527232454
    ],
    [
      "DEB-0953A3B2",
      -74.06952672642782,
      -111.19767623443286,
      602.1176943070304
    ],
    [
      "DEB-45BAADC9",
      56.25234243940122,
      -156.55416204972443,
      315.4209933794864
    ],
    [
      "DEB-8F4C1CF1",
      -33.49611386064635,
      96.00475559971183,
      729.3608562802046
    ],
    [
      "DEB-48BC3302",
      -46.40801538957004,
      43.26458667188864,
      599.1655645754608
    ],
    [
      "DEB-9C014FF4",
      -19.870804906903917,
      133.97431014476268,
      481.10382541774106
    ],
    [
      "DEB-27650B42",
      23.570977182197364,
      54.6016151733839,
      921.1856936872737
    ],
    [
      "DEB-D089D259",
      29.626705563008205,
      -164.69032085532402,
      812.181945589411
    ],
    [
      "DEB-D3AD7061",
      -5.210427334026825,
      -136.26929554676684,
      283.63077768864696
    ],
    [
      "DEB-83CEECAD",
      39.47700560261626,
      57.98143474120985,
      509.9752026420483
    ],
    [
      "DEB-F678FA59",
      51.84361520385481,
      153.4357799022342,
      295.7491412919999
    ],
    [
      "DEB-DD00B185",
      -41.85595100707464,
      152.97938106783627,
      297.91577783606135
    ],
    [
      "DEB-F2D82BC4",
      76.3924935935381,
      -86.69865110918158,
      687.3881829489073
    ],
    [
      "DEB-31E93231",
      24.78867727141639,
      114.91160457178616,
      490.2729279595005
    ],
    [
      "DEB-6C02F0E7",
      -21.378627072340734,
      159.22560245896298,
      597.0269538726625
    ],
    [
      "DEB-F7EF405F",
      -18.545035048002468,
      145.22794848518103,
      519.7798316293593
    ],
    [
      "DEB-1924C863",
      -10.337566250928962,
      -8.034183036135937,
      306.1841677011289
    ],
    [
      "DEB-A7D63F16",
      20.658291130859972,
      163.9209196449226,
      586.0632001745525
    ],
    [
      "DEB-D891BBC1",
      -27.0484639136577,
      -107.82161375699368,
      470.7213973006037
    ],
    [
      "DEB-1DE2A524",
      9.272620502295487,
      118.95306671345112,
      552.6723973217486
    ],
    [
      "DEB-3703C64E",
      -34.12485042484968,
      -159.36915677976245,
      585.5370702245564
    ],
    [
      "DEB-8B72A530",
      -64.9312576435324,
      15.611529514914475,
      149.79148787401482
    ],
    [
      "DEB-E00EC3DD",
      -62.615626006964796,
      29.143648180041172,
      186.1560880908737
    ],
    [
      "DEB-D7686B0E",
      -67.99438133281818,
      122.75638036722242,
      756.2469685282822
    ],
    [
      "DEB-1D1FD0C3",
      -49.990233824310664,
      147.42640929458074,
      288.28153223980826
    ],
    [
      "DEB-A59A1C47",
      64.25435167514122,
      49.87781004258765,
      313.4589356548877
    ],
    [
      "DEB-25FD33AD",
      -49.65980408515794,
      -9.511962721212136,
      247.854145997896
    ],
    [
      "DEB-99F3503C",
      -29.318457693915274,
      -153.82378829447416,
      780.9528864222875
    ],
    [
      "DEB-41A12F3B",
      -34.79899919868271,
      136.48228332932246,
      793.1960344482468
    ],
    [
      "DEB-F18115C1",
      43.59540317420833,
      -94.69719983878188,
      567.813292418703
    ],
    [
      "DEB-D84491DD",
      -21.09009496057268,
      56.639492071434574,
      879.6032650207553
    ],
    [
      "DEB-E13842FB",
      57.75143810143979,
      178.45970420278718,
      385.9916358046421
    ],
    [
      "DEB-246B9AB3",
      31.768384079610534,
      -149.12507964516968,
      590.7396944803222
    ],
    [
      "DEB-C43A5EA3",
      1.2896521389980482,
      -142.60110228109778,
      431.9709016290635
    ],
    [
      "DEB-FDC1275C",
      -57.62231031781787,
      161.89907258959386,
      760.2394925594581
    ],
    [
      "DEB-80C05381",
      11.235438162099083,
      -82.67435207974714,
      418.1905980388128
    ],
    [
      "DEB-403CE3AE",
      59.01920958653103,
      -70.42645885702557,
      803.7468452237681
    ],
    [
      "DEB-997828CA",
      38.62689532002017,
      -147.22872585001926,
      577.8959987760172
    ],
    [
      "DEB-727CD1CD",
      -47.43765136832299,
      21.204064026770507,
      277.62765573144316
    ],
    [
      "DEB-0AF665BE",
      26.821271448421975,
      12.54912024320538,
      294.79778646168234
    ],
    [
      "DEB-1C9104B0",
      -18.492897179595722,
      24.351506442184544,
      213.24118056117095
    ],
    [
      "DEB-AE7A37B9",
      55.76390512833907,
      -132.23510505124653,
      880.3096929855883
    ],
    [
      "DEB-C7B71D04",
      7.861091379859703,
      79.3978413023096,
      575.6353162218993
    ],
    [
      "DEB-532B58C8",
      29.25108619260911,
      -118.67409483548437,
      465.7653760933963
    ],
    [
      "DEB-BABBE508",
      36.08068820931394,
      -118.87662371297463,
      724.991875717651
    ],
    [
      "DEB-6E06825B",
      51.87164542288346,
      94.80130925106921,
      528.1194636707551
    ],
    [
      "DEB-FE6CB6B2",
      45.58069253274106,
      114.5006205483935,
      814.1515749747005
    ],
    [
      "DEB-C99934C1",
      -54.650198332469856,
      -42.81583201724483,
      923.2436579970044
    ],
    [
      "DEB-EF6C55C1",
      -7.202768596720916,
      122.29668327866953,
      752.7241088505671
    ],
    [
      "DEB-EB1B0A16",
      -23.72817789681066,
      -101.13276878025098,
      515.5886248164516
    ],
    [
      "DEB-1742F5D8",
      -13.058535407993071,
      50.51235676306916,
      194.87429851188062
    ],
    [
      "DEB-205BD580",
      4.940606875163368,
      -92.73919011783583,
      784.7897859881477
    ],
    [
      "DEB-1E953685",
      10.838408478193223,
      98.20079898055072,
      546.1139552335208
    ],
    [
      "DEB-0F410E37",
      -31.159394823228972,
      -163.1271142850439,
      705.4504526217843
    ],
    [
      "DEB-20E95006",
      46.27335423536607,
      104.02482507256894,
      490.8772418365288
    ],
    [
      "DEB-9B920297",
      0.09629200284591978,
      -73.10581908169458,
      716.4290481535054
    ],
    [
      "DEB-C1B6E447",
      -39.04626041174283,
      19.602574919021876,
      909.2334005246648
    ],
    [
      "DEB-5A54EECF",
      48.59854988225495,
      70.48571362806332,
      464.03449435740185
    ],
    [
      "DEB-BCF12C37",
      38.47372903380766,
      68.0661343821618,
      754.1366869900594
    ],
    [
      "DEB-234CE412",
      -62.41467108342845,
      -17.537772251296918,
      661.3420753466762
    ],
    [
      "DEB-BC2AEE4F",
      -18.821836866548363,
      36.8327157509177,
      279.41157473766907
    ],
    [
      "DEB-F4E3BB03",
      63.35353432280337,
      -168.9612938733607,
      394.4365771779703
    ],
    [
      "DEB-276693B2",
      47.35711279038322,
      -115.07642154474028,
      495.68314597265726
    ],
    [
      "DEB-4F7889D1",
      -27.40454585378082,
      74.3861432154197,
      194.67954254779306
    ],
    [
      "DEB-F3EEDDD3",
      -0.9346184348810282,
      -118.55429116611144,
      565.4943866236617
    ],
    [
      "DEB-407D896F",
      -19.586592247277636,
      -62.13260413636993,
      923.5089878818444
    ],
    [
      "DEB-64F9F94B",
      -72.07998405063856,
      141.7042866608243,
      391.5650462348922
    ],
    [
      "DEB-8E7BF39E",
      -24.76278126152675,
      -49.75956409703119,
      817.8076621543769
    ],
    [
      "DEB-C0EFC8F6",
      -29.034239040542182,
      -83.91818622428937,
      407.4020904525114
    ],
    [
      "DEB-45F99E17",
      -48.58312609972536,
      -70.75148599965316,
      205.12158099394674
    ],
    [
      "DEB-F2055584",
      -18.204289509590218,
      172.18205194941217,
      862.877470960384
    ],
    [
      "DEB-B5D1A916",
      45.514452328539015,
      -31.0484110089312,
      815.3442058290539
    ],
    [
      "DEB-EB32C15A",
      49.223236585842166,
      48.01199571265275,
      774.9576751919467
    ],
    [
      "DEB-20A12947",
      -3.449259062724836,
      -154.20018549165164,
      194.52433176798968
    ],
    [
      "DEB-355679EF",
      40.17464863794803,
      -163.59161500673196,
      484.94377328691553
    ],
    [
      "DEB-62403861",
      -13.03675824163827,
      -100.22639296469059,
      261.0275795382149
    ],
    [
      "DEB-7A986610",
      -14.812216433234658,
      63.19429827346535,
      368.39521890028027
    ],
    [
      "DEB-E2031E10",
      2.862435041169472,
      74.0648347278989,
      235.43664566374628
    ],
    [
      "DEB-982ABF64",
      -25.930229473923365,
      -72.09384793713595,
      903.7470939769437
    ],
    [
      "DEB-7F3BF591",
      67.1928371485273,
      -17.6201491172789,
      417.81856796594184
    ],
    [
      "DEB-3580FB78",
      35.738286229878696,
      -99.48302706172802,
      702.1765730729203
    ],
    [
      "DEB-75436635",
      6.114875592317607,
      -48.343312802041034,
      251.8947701045081
    ],
    [
      "DEB-D1122C6F",
      -58.108604144625126,
      54.10739546078476,
      740.3927502325387
    ],
    [
      "DEB-72BB54FD",
      54.165981040871465,
      -153.07353610251047,
      243.43129369257622
    ],
    [
      "DEB-A11AF689",
      6.201659551382558,
      -172.63171622848824,
      566.300760136829
    ],
    [
      "DEB-4C7CC7A9",
      -58.207988817905466,
      -21.78151244972673,
      260.24278561230403
    ],
    [
      "DEB-7A8A12E9",
      11.82005277976077,
      54.62487589372428,
      717.6745663952997
    ],
    [
      "DEB-52AB11B1",
      8.872912454423803,
      150.1730079507721,
      609.7518226071752
    ],
    [
      "DEB-C9568F8C",
      -60.41673433836524,
      27.85651009473231,
      712.0005081174331
    ],
    [
      "DEB-B2CD3483",
      46.748262684306134,
      -116.53821829337602,
      888.8771322222847
    ],
    [
      "DEB-6AFA5B67",
      28.205099681265896,
      -94.80153162493858,
      693.4445139879126
    ],
    [
      "DEB-B9D5CD59",
      11.990449463113363,
      22.602275483561186,
      291.08342472966433
    ],
    [
      "DEB-AED9BA5A",
      79.28983123565577,
      -119.2060143652864,
      451.3297685768921
    ],
    [
      "DEB-8109E12C",
      -43.718095981193024,
      -43.65041580353145,
      858.1858573927066
    ],
    [
      "DEB-622A2819",
      36.92214416746476,
      -29.83093247411758,
      807.9185257008585
    ],
    [
      "DEB-CCA0A456",
      58.94702873198464,
      150.71990091530492,
      467.10925564947956
    ],
    [
      "DEB-21DC8C72",
      -19.631058795209725,
      -84.09307142466227,
      689.6662456145514
    ],
    [
      "DEB-6A93C97D",
      -54.13125974953455,
      -127.53195963259367,
      172.04007973706575
    ],
    [
      "DEB-F143E32E",
      -19.68784832827048,
      -42.94337785406467,
      683.150435455851
    ],
    [
      "DEB-8DF671EB",
      -73.21568259532538,
      114.6843529402874,
      130.52388615355812
    ],
    [
      "DEB-79572D89",
      -74.13547907773027,
      -178.70186754821358,
      243.9478356270347
    ],
    [
      "DEB-C46B9F68",
      16.87857488933856,
      85.53510012578126,
      577.4414677497534
    ],
    [
      "DEB-C1F7E995",
      -57.26653354077334,
      110.17010975808306,
      363.6393757557962
    ],
    [
      "DEB-3556A17A",
      59.595294430883,
      81.00646519642784,
      862.1693720921921
    ],
    [
      "DEB-B453321F",
      49.9411739563278,
      -96.210124447951,
      522.1299176049633
    ],
    [
      "DEB-98836D0B",
      55.52923363625319,
      126.13035110558172,
      152.98254323058063
    ],
    [
      "DEB-B851D3CB",
      -66.41671464626506,
      -137.10633977704396,
      350.2007138677318
    ],
    [
      "DEB-65612293",
      -32.442644514140746,
      -80.51711683425343,
      653.8081965714346
    ],
    [
      "DEB-7D744D0C",
      -25.480793523517146,
      68.30267496107122,
      426.8426832210662
    ],
    [
      "DEB-740CC5E2",
      40.490577801115414,
      138.72618487628338,
      274.15812264090346
    ],
    [
      "DEB-E435DFC2",
      22.63290011799626,
      164.17767075312275,
      159.55901914353035
    ],
    [
      "DEB-1A761F8F",
      1.4321405621926593,
      77.24628015067304,
      563.0988678574995
    ],
    [
      "DEB-5DEE7FC1",
      -15.738480148173648,
      -15.258671119339754,
      828.7048425413095
    ],
    [
      "DEB-1FE927C4",
      62.38781258394597,
      -96.97547154287447,
      209.2091531576816
    ],
    [
      "DEB-D9EF7B21",
      44.31266063982917,
      18.60551475230021,
      723.3352581538475
    ],
    [
      "DEB-75F4DE27",
      5.782431492118094,
      169.43386975253384,
      427.6594350889545
    ],
    [
      "DEB-9970572C",
      32.13349405089663,
      8.642202914099828,
      766.8046637661664
    ],
    [
      "DEB-CEC0507A",
      23.614134056819054,
      52.367564889299075,
      418.63991303109924
    ],
    [
      "DEB-5B9EAC5C",
      -26.462047210107112,
      -53.13822224013768,
      365.9983812322389
    ],
    [
      "DEB-AF097082",
      -7.175545130078107,
      -94.0016168371964,
      903.3173709858629
    ],
    [
      "DEB-5FBB2563",
      -12.695001248591154,
      31.719934408391687,
      204.63024495084028
    ],
    [
      "DEB-BC0FDFC8",
      0.6192931529024108,
      59.096957551502356,
      154.60256192330144
    ],
    [
      "DEB-0617E90C",
      -20.66288421893905,
      7.195691505110831,
      157.91828237782738
    ],
    [
      "DEB-4FE9AEA7",
      -33.508507137784115,
      67.87899761504335,
      225.9443421665119
    ],
    [
      "DEB-3B311493",
      7.757273326440106,
      178.50746314164985,
      368.92698287545136
    ],
    [
      "DEB-3E165712",
      9.25428584891084,
      -34.654082231573526,
      781.9356544266793
    ],
    [
      "DEB-128DF527",
      46.40047320438783,
      168.42932025810765,
      783.2569375979001
    ],
    [
      "DEB-3EC8161F",
      -38.66833987800101,
      28.340518959104937,
      460.8372229554998
    ],
    [
      "DEB-6E298064",
      49.318491474276485,
      57.12471336869162,
      344.2410003575551
    ],
    [
      "DEB-5CBE4BC4",
      -27.502798811204794,
      -167.1082235146689,
      868.1014979379252
    ],
    [
      "DEB-50221F15",
      -24.011703405943177,
      -138.96952751820544,
      529.9771442312231
    ],
    [
      "DEB-FD664E6A",
      -61.7525540665802,
      -66.45164949422244,
      423.2630873139997
    ],
    [
      "DEB-8D0275ED",
      20.40606501847468,
      30.629324257209863,
      721.875365068956
    ],
    [
      "DEB-FE429319",
      -0.09300171302059536,
      -23.82755017605814,
      704.3674990614891
    ],
    [
      "DEB-6BC615F7",
      -8.050294315915309,
      83.79848740320324,
      776.7357839394499
    ],
    [
      "DEB-2252BB75",
      21.99504582974035,
      101.45736284344311,
      208.05472312902202
    ],
    [
      "DEB-1F842E5A",
      35.85045396245636,
      146.73406058110777,
      881.0789215077457
    ],
    [
      "DEB-BC78023E",
      23.333402497168525,
      -84.6799579462126,
      904.1368981289534
    ],
    [
      "DEB-71AFED37",
      -59.85102009564077,
      -108.20665683746977,
      335.73485442472065
    ],
    [
      "DEB-8CD31610",
      26.54854517449022,
      110.85408207861155,
      383.69907908237474
    ],
    [
      "DEB-0E55107C",
      9.324857932651765,
      -99.33238616736189,
      323.9123697635023
    ],
    [
      "DEB-78EDCA2E",
      -28.802613762565425,
      55.55705171239415,
      430.65713055068863
    ],
    [
      "DEB-18294CEE",
      -28.677960575005148,
      -171.79465750300326,
      484.63813616978496
    ],
    [
      "DEB-475D830D",
      -4.695856488223535,
      -51.674368637991336,
      688.2410301328691
    ],
    [
      "DEB-5B77D5A5",
      19.46512811944629,
      -28.491281512323642,
      195.50126839810036
    ],
    [
      "DEB-09D6582B",
      -49.45518682686084,
      64.20117543940725,
      367.78065152785166
    ],
    [
      "DEB-B7A0D0E1",
      58.3992006337117,
      -60.98720168155034,
      768.1639402958599
    ],
    [
      "DEB-05244F12",
      32.870986825821376,
      -177.79218087694642,
      649.0921590709986
    ],
    [
      "DEB-66F2F34A",
      -25.88568159688469,
      -65.95197363177627,
      752.1507632754419
    ],
    [
      "DEB-9BC38F81",
      -15.547260650495856,
      68.31858855879581,
      507.66020107610075
    ],
    [
      "DEB-37CB59FB",
      2.577270531003224,
      -144.62485283265787,
      829.3492336692789
    ],
    [
      "DEB-4B22D70A",
      83.46968576420856,
      51.04037095569672,
      474.49353210516983
    ],
    [
      "DEB-2451BB69",
      12.72774605841241,
      -90.90942204403076,
      789.3782037673573
    ],
    [
      "DEB-3C02215A",
      25.6513200893084,
      34.365951288310534,
      348.4161769220127
    ],
    [
      "DEB-BA8CF840",
      42.92312441685227,
      133.68888831562893,
      635.4856521939846
    ],
    [
      "DEB-4E3C789D",
      -40.397855203873895,
      -99.12061432270262,
      233.91965510716182
    ],
    [
      "DEB-9FC09A3A",
      5.115603540858819,
      19.288973053995655,
      469.92288845961957
    ],
    [
      "DEB-091D2077",
      2.9715462138117643,
      108.42173309855103,
      894.6926368256309
    ],
    [
      "DEB-AAB680C9",
      36.40555841946872,
      105.87650092605641,
      900.8248273467743
    ],
    [
      "DEB-AE948A93",
      44.31282027910227,
      148.21004391480426,
      711.5720936997923
    ],
    [
      "DEB-36FF5137",
      60.99067181687551,
      102.27380535778212,
      269.0985211160669
    ],
    [
      "DEB-5B3EF411",
      57.88410323363354,
      -142.68605704908592,
      890.2709592895753
    ],
    [
      "DEB-800D0CE3",
      35.085548761524656,
      -73.916122699744,
      201.5238686284183
    ],
    [
      "DEB-08647FDC",
      56.27981209602192,
      -149.41518535530463,
      907.0871610543763
    ],
    [
      "DEB-DEF06ED3",
      4.882501379064801,
      -77.72831107304098,
      413.00814887307934
    ],
    [
      "DEB-71A2C07D",
      17.492134815705036,
      137.17737956159542,
      812.3442819127486
    ],
    [
      "DEB-C38D2E7C",
      -74.18928267316666,
      161.6716596451704,
      184.90507521945437
    ],
    [
      "DEB-F781EBE4",
      -83.61698385906602,
      -126.20657247204178,
      615.4360270430061
    ],
    [
      "DEB-5D9D01DA",
      10.731513298049892,
      -40.480342970877444,
      619.050616709018
    ],
    [
      "DEB-FB87BC66",
      44.00960968800251,
      13.297293441428044,
      762.6610264989122
    ],
    [
      "DEB-ED15EF44",
      26.583867016592997,
      48.07165362418153,
      862.7805853091995
    ],
    [
      "DEB-C24D8704",
      -52.55105011801301,
      -55.910034067785,
      782.7779565876408
    ],
    [
      "DEB-64777D86",
      -15.912521263760766,
      -163.10719571335989,
      756.44491168062
    ],
    [
      "DEB-6EDB2525",
      2.680742180253529,
      97.08446225724711,
      222.66063485788163
    ],
    [
      "DEB-FCB6A2F0",
      29.94121864839193,
      117.16588697808886,
      598.3226855565135
    ],
    [
      "DEB-21CEC1EA",
      -47.4161811134994,
      107.73213278626372,
      219.1099360040489
    ],
    [
      "DEB-97245538",
      -3.371692557344649,
      -120.30241649801599,
      383.4142892720929
    ],
    [
      "DEB-404AD384",
      30.241753305221625,
      124.63680139234677,
      216.17841888175462
    ],
    [
      "DEB-A872E450",
      20.61622447408704,
      -132.65994745326248,
      684.0746477445273
    ],
    [
      "DEB-1EBC92DE",
      -20.224069706666302,
      59.70609931038062,
      231.30767634473887
    ],
    [
      "DEB-6AD85800",
      1.2788265760866466,
      118.6932769839299,
      559.6822545310524
    ],
    [
      "DEB-2C79CD8B",
      14.793258920531127,
      -102.10855191225039,
      386.53083540965144
    ],
    [
      "DEB-713A2236",
      -30.438987810297593,
      164.22163064000898,
      125.85623851331366
    ],
    [
      "DEB-FF8DF76F",
      28.32643823558633,
      30.031641982249667,
      562.5309254640824
    ],
    [
      "DEB-8AA9AEA5",
      6.632156103598566,
      160.20265991696337,
      736.8173320346486
    ],
    [
      "DEB-CCACC754",
      -5.5507648574973,
      37.01319228793586,
      482.0519808541476
    ],
    [
      "DEB-BA57A991",
      55.75189340210257,
      79.54052432202766,
      420.2693171161918
    ],
    [
      "DEB-2ADFE40C",
      -7.170767810469762,
      17.04053472708566,
      592.0999452694305
    ],
    [
      "DEB-DE11E429",
      79.43375963607683,
      -156.33387251373472,
      224.49572780224844
    ],
    [
      "DEB-C32B64DA",
      9.914440295731607,
      79.21364661544959,
      816.7269002691055
    ],
    [
      "DEB-8EE3FF00",
      20.93017549474949,
      -122.62163738183169,
      646.8237147570735
    ],
    [
      "DEB-7C5BC512",
      69.97634100488175,
      114.0151953349814,
      148.9725412194657
    ],
    [
      "DEB-838F7175",
      24.446761320828706,
      162.91967277771008,
      572.3184562934193
    ],
    [
      "DEB-7A84EE73",
      -20.68058154136672,
      -130.03748528571197,
      433.88649384169366
    ],
    [
      "DEB-0ED01C23",
      24.19327177369443,
      126.66715971418284,
      662.7010070916149
    ],
    [
      "DEB-4CED447E",
      -28.31967118648007,
      65.52477116048797,
      513.5633259632832
    ],
    [
      "DEB-21CCBBAA",
      28.1901404677449,
      -141.07804404647706,
      714.1764472645391
    ],
    [
      "DEB-C0D278EC",
      -42.63532847272561,
      4.067752156494806,
      875.910992456681
    ],
    [
      "DEB-A9A599B6",
      48.091895373545995,
      0.6641045365452974,
      871.7509948631669
    ],
    [
      "DEB-D876FECF",
      15.845364032714679,
      -169.44941663511358,
      325.7014166989593
    ],
    [
      "DEB-B88851FA",
      -7.1798466577566975,
      -119.37623517347143,
      488.6858558222957
    ],
    [
      "DEB-BF8160BD",
      -49.22725463837232,
      164.20276168865544,
      526.9468287250247
    ],
    [
      "DEB-3EDA7441",
      -2.745773982047634,
      -74.05630297806992,
      820.6177797389855
    ],
    [
      "DEB-83EAC4EA",
      -34.25654858210164,
      164.2734304369624,
      632.9698101946406
    ],
    [
      "DEB-F67DA451",
      58.842756806880374,
      36.39176005405347,
      301.1717850309069
    ],
    [
      "DEB-C0AA52BE",
      -49.38614688230004,
      -29.356492388548908,
      664.6968340037856
    ],
    [
      "DEB-8A3B58DC",
      30.28356130928829,
      13.944074921084297,
      326.65572955478547
    ],
    [
      "DEB-2E374F82",
      2.2359923424367385,
      -60.06244485858842,
      507.1706131400242
    ],
    [
      "DEB-9D555753",
      83.5019436312435,
      -167.37941768361478,
      343.08128189326
    ],
    [
      "DEB-F1B43C50",
      -51.325787646633486,
      129.62768998108785,
      455.82762572473166
    ],
    [
      "DEB-B38055CC",
      -24.35775395030438,
      -50.507579384477076,
      473.89009508988056
    ],
    [
      "DEB-B66654CC",
      -25.516033720750784,
      -31.61128107460332,
      889.6723468354894
    ],
    [
      "DEB-5724987C",
      36.51343161822356,
      -146.73060250736825,
      746.285332492972
    ],
    [
      "DEB-64640608",
      70.77014229848594,
      -173.20565419578259,
      491.18239601533605
    ],
    [
      "DEB-595BD593",
      9.09742865498276,
      74.58491380132934,
      449.06241962454624
    ],
    [
      "DEB-01E0525E",
      -22.727441248603277,
      -56.50337021304511,
      565.8965391795582
    ],
    [
      "DEB-53D920A3",
      -19.303517544808667,
      -20.814618239582604,
      399.35145539173027
    ],
    [
      "DEB-E26FE6D1",
      -54.29248206346977,
      55.11404473361006,
      865.8330799242831
    ],
    [
      "DEB-5ED1F674",
      47.88135101860172,
      -123.29152908070614,
      888.2375267327707
    ],
    [
      "DEB-377146A3",
      -21.840062018343072,
      129.08700197251218,
      515.4996691594206
    ],
    [
      "DEB-BEA87E21",
      -24.438097664362814,
      -14.20305862759679,
      193.20840432827663
    ],
    [
      "DEB-CAD80ED3",
      -24.56243955094194,
      -172.66930300534386,
      544.1620163520784
    ],
    [
      "DEB-2CC6EF64",
      -27.125325816163397,
      -0.1706651302436827,
      415.16605394818544
    ],
    [
      "DEB-6DB7ED33",
      -55.63451790531839,
      84.85920022250433,
      356.5540119947318
    ],
    [
      "DEB-828B1437",
      42.794107953896926,
      153.87626176283803,
      865.5199802953839
    ],
    [
      "DEB-E4FEA067",
      -37.707195441648174,
      118.5995575489031,
      150.07409212927269
    ],
    [
      "DEB-71B2CCA5",
      -16.721505364032943,
      -36.83624308769337,
      451.24873807100903
    ],
    [
      "DEB-479A442D",
      42.65352202487712,
      -138.57737414445702,
      383.7779858174399
    ],
    [
      "DEB-DE54713C",
      -6.704224587665418,
      23.368155395844457,
      732.8817896698383
    ],
    [
      "DEB-A64446A0",
      -25.465580889927278,
      155.41006081038796,
      880.2298532695049
    ],
    [
      "DEB-2BD3514F",
      -47.6375521174839,
      92.63261741147505,
      478.7009127256615
    ],
    [
      "DEB-E22507F3",
      28.638631010607305,
      -57.486034578664025,
      853.002130666604
    ],
    [
      "DEB-1CCF3606",
      -7.585082057239683,
      30.415617749774228,
      176.4006108420872
    ],
    [
      "DEB-9DC232C1",
      8.497857165821394,
      71.92373559450482,
      715.1146014252017
    ],
    [
      "DEB-8F774F92",
      -81.84316651799794,
      142.09474106627616,
      445.5737342277562
    ],
    [
      "DEB-8FB21AFF",
      53.27136251777945,
      85.99133125010647,
      617.277849782362
    ],
    [
      "DEB-794A180B",
      -34.02145796650965,
      17.819541746152755,
      211.28051873756885
    ],
    [
      "DEB-D8B9354A",
      30.229020524085627,
      -12.084165936510994,
      462.40672324716434
    ],
    [
      "DEB-07C8C931",
      -55.63269262382497,
      63.782440386521124,
      833.4484072325849
    ],
    [
      "DEB-075D573A",
      -43.511682342603635,
      -178.05206929784558,
      774.9451625557376
    ],
    [
      "DEB-42ED3F32",
      -30.919436246597833,
      -148.473586511201,
      832.3804679000268
    ],
    [
      "DEB-22B8CE99",
      25.047852019916764,
      -59.45360421350579,
      819.0154528579505
    ],
    [
      "DEB-52EC52D1",
      19.376222279683617,
      -62.2132830680192,
      863.2676794330373
    ],
    [
      "DEB-DC2D28F0",
      54.97489556720832,
      21.836958000058974,
      725.916839042884
    ],
    [
      "DEB-C110E467",
      14.175444560465515,
      42.46399019952056,
      447.4790896508048
    ],
    [
      "DEB-7CFE5B5A",
      -24.995430432108417,
      99.79229909140231,
      641.1867053117066
    ],
    [
      "DEB-E273A70F",
      -21.073690053404746,
      65.32730427911731,
      450.7425313802769
    ],
    [
      "DEB-9BA69732",
      45.65921214193131,
      -72.13418036633159,
      461.20290869640485
    ],
    [
      "DEB-E189058A",
      -16.35508270324011,
      -47.392896935231754,
      655.5230146092172
    ],
    [
      "DEB-F96863C6",
      76.53345801657792,
      165.5956941732464,
      161.57924353901126
    ],
    [
      "DEB-E396FCFD",
      -18.76454897173417,
      -76.3764340411785,
      575.1195405590506
    ],
    [
      "DEB-68F10305",
      -59.87397244285332,
      -155.9641648925318,
      440.289413696898
    ],
    [
      "DEB-AD7498F9",
      -73.41734778589328,
      -141.5501904103102,
      901.2331086069171
    ],
    [
      "DEB-51818325",
      32.552737054401334,
      45.808690959564785,
      729.4308195784088
    ],
    [
      "DEB-8904C6C7",
      1.3465800051088104,
      -44.00664161601939,
      262.52458833223136
    ],
    [
      "DEB-CB1AF233",
      -25.690045828679775,
      48.77854594734662,
      271.5254744709173
    ],
    [
      "DEB-696501E5",
      7.794478889724576,
      -156.69985555101152,
      589.3723107842279
    ],
    [
      "DEB-1333DF79",
      -47.03272597658697,
      -108.28450460788392,
      375.4780961936667
    ],
    [
      "DEB-3B1EA788",
      -71.26209259758645,
      -100.43509756106519,
      521.6716778805139
    ],
    [
      "DEB-454B2C69",
      -42.438317034684054,
      139.445662352735,
      418.6980140638352
    ],
    [
      "DEB-18516BC0",
      12.696149147064997,
      14.94059877145918,
      304.7067032173236
    ],
    [
      "DEB-8AF42E0C",
      -49.19242878289351,
      125.9732145344152,
      320.880917497655
    ],
    [
      "DEB-1ABEF8F3",
      -2.66200391739751,
      -44.497874366715436,
      346.02362350195835
    ],
    [
      "DEB-37E0A42C",
      -28.68209324173519,
      -120.16706950860362,
      265.7704156516129
    ],
    [
      "DEB-C2967687",
      13.079161581090913,
      75.91855317517178,
      896.3466075293563
    ],
    [
      "DEB-80D38557",
      44.975415639391365,
      76.26088241902896,
      160.8618612440141
    ],
    [
      "DEB-FD04EAF1",
      -26.229000624408386,
      153.0356190841218,
      680.8604084095587
    ],
    [
      "DEB-69D2AC95",
      17.78801412702034,
      -54.24584451413659,
      270.2636159138774
    ],
    [
      "DEB-8F3575B1",
      42.90977073198907,
      -42.67586716174559,
      267.48639208427176
    ],
    [
      "DEB-6C6850FB",
      -30.073163194163527,
      -11.478230321282895,
      862.6414520131857
    ],
    [
      "DEB-149D5DFE",
      50.18752748624382,
      32.66373479277145,
      394.3989309834624
    ],
    [
      "DEB-F8333C70",
      10.654753777698001,
      -39.41224723561325,
      629.8009687147214
    ],
    [
      "DEB-C1FC48FF",
      -31.859143554185387,
      23.58369392908804,
      555.0252200471732
    ],
    [
      "DEB-88DE8C15",
      10.345219251602398,
      -107.87493592322176,
      829.0684073250222
    ],
    [
      "DEB-2A0E98D9",
      26.661221868964677,
      -10.2660788243195,
      555.5207122513029
    ],
    [
      "DEB-92047C35",
      -55.41819470581169,
      -154.57783333960452,
      871.1936378841601
    ],
    [
      "DEB-353570F5",
      65.30932286378957,
      146.33029798973752,
      634.8071849146127
    ],
    [
      "DEB-B93A4DE4",
      67.20221669096101,
      19.588132159930385,
      784.1419662738554
    ],
    [
      "DEB-F1B384A9",
      -54.61790547281068,
      -142.92408790387984,
      440.8081397491933
    ],
    [
      "DEB-B1ED3F91",
      -69.94259781492188,
      -178.64390928298195,
      669.2348123520678
    ],
    [
      "DEB-76431715",
      54.90263000945056,
      -115.77759189178447,
      839.0538053018963
    ],
    [
      "DEB-59E52175",
      -18.58629742945362,
      -146.5385623163573,
      570.6668359965724
    ],
    [
      "DEB-03ECF313",
      70.1660165693761,
      -127.84956920008347,
      559.834632742236
    ],
    [
      "DEB-5C6F2692",
      15.221485188965422,
      167.72458353162833,
      520.2574236969349
    ],
    [
      "DEB-80232BC2",
      -4.028840069195598,
      -75.71060143526023,
      692.1315476971267
    ],
    [
      "DEB-323E5AA7",
      9.623550312405998,
      -99.56844000998848,
      450.1859679464678
    ],
    [
      "DEB-234DC4F9",
      42.86097479379656,
      -173.662388869603,
      153.82615812460972
    ],
    [
      "DEB-0040A085",
      -59.760300223454,
      -92.17162298923998,
      815.1428258567794
    ],
    [
      "DEB-F3F274E8",
      -29.403737614621463,
      -159.47959021831966,
      837.8798902856397
    ],
    [
      "DEB-C8030E6B",
      56.0503984110892,
      30.601000646159978,
      730.9065350332121
    ],
    [
      "DEB-530A158D",
      -37.80591100654733,
      -64.247223506453,
      636.9537053035774
    ],
    [
      "DEB-D3093D3D",
      -27.138421314759306,
      -95.15872143964512,
      725.976743281235
    ],
    [
      "DEB-5C7B228E",
      40.7181529185596,
      58.082657452618186,
      664.622172667533
    ],
    [
      "DEB-5F4BB5FB",
      45.29441931449071,
      -4.583649650490258,
      166.56501765331268
    ],
    [
      "DEB-DEC21F93",
      3.314761112907312,
      68.63610194133088,
      233.87660844572747
    ],
    [
      "DEB-0B8968B2",
      21.906094361081713,
      -42.553994942135,
      797.6375293775573
    ],
    [
      "DEB-96B1A733",
      3.1038156151238847,
      -19.698836938298335,
      736.2097844397922
    ],
    [
      "DEB-C7933808",
      16.17511865731613,
      -114.87231001775157,
      544.8513450118216
    ],
    [
      "DEB-8B7BB45D",
      26.503330775246816,
      -127.45389453408234,
      283.9268002144827
    ],
    [
      "DEB-AE0C72F3",
      10.21122142055483,
      106.87197239202698,
      568.7522302890357
    ],
    [
      "DEB-005ADAA5",
      -51.181204326924934,
      -167.17850172445895,
      929.2158985028309
    ],
    [
      "DEB-E85498CB",
      -14.556828530951785,
      -75.78483525669856,
      533.9457613698105
    ],
    [
      "DEB-EB13BF54",
      -39.46828662343509,
      -108.37239606124791,
      778.3808918047289
    ],
    [
      "DEB-2F31520F",
      -21.835048399263677,
      -122.25785443821376,
      592.5471015189214
    ],
    [
      "DEB-33CADD07",
      -39.07774153719656,
      25.839224714413923,
      749.3859057993968
    ],
    [
      "DEB-5CF08F74",
      10.046783286537426,
      -130.8717526193381,
      894.961496623383
    ],
    [
      "DEB-DE446F47",
      -5.241631532905551,
      89.28711116906338,
      476.3915624486881
    ],
    [
      "DEB-89E3DC11",
      -74.27694969321205,
      -14.068478664039178,
      713.1550773054978
    ],
    [
      "DEB-74547C16",
      -17.99053469450466,
      -144.70837714016713,
      379.01301157793205
    ],
    [
      "DEB-8D947EED",
      29.390526933258922,
      -105.91239113315842,
      898.3256999169434
    ],
    [
      "DEB-69A4AD95",
      -27.882503600596525,
      127.75182201232367,
      502.99687965840894
    ],
    [
      "DEB-C3B400BF",
      -78.25511008963812,
      3.0840193265254165,
      477.04990577268745
    ],
    [
      "DEB-BB2C373D",
      -7.740672644093506,
      -104.84135479440917,
      735.06618330113
    ],
    [
      "DEB-71332E8A",
      17.49274177071724,
      -140.21052508264043,
      895.568464728377
    ],
    [
      "DEB-7FA3A0F5",
      82.46491592562286,
      -141.14081492203087,
      862.6813174817507
    ],
    [
      "DEB-AC12E335",
      -1.437652276570073,
      64.2186167081861,
      275.9214792227276
    ],
    [
      "DEB-BC0A2027",
      54.998431316751095,
      58.77537447113368,
      255.41401053234677
    ],
    [
      "DEB-8958A87A",
      46.88230136356291,
      -24.547975794447513,
      537.7025192751662
    ],
    [
      "DEB-5BEE8A64",
      46.93023914827529,
      10.91762876693831,
      649.0037932377109
    ],
    [
      "DEB-37FE76A9",
      2.0896693525938805,
      16.35069933769104,
      903.9240324819248
    ],
    [
      "DEB-F8394E25",
      53.884284311664665,
      65.51259261185535,
      275.63925028747326
    ],
    [
      "DEB-6E32B269",
      -32.974170835898434,
      77.86703254700322,
      766.1946501623006
    ],
    [
      "DEB-A5F02D8C",
      -31.95664474531325,
      -96.91406280575443,
      160.18017672150745
    ],
    [
      "DEB-12E0513E",
      29.920665768240692,
      -81.41096314443269,
      140.12612133145103
    ],
    [
      "DEB-727BE419",
      -5.7888213575057925,
      151.82439305982962,
      801.1384526575885
    ],
    [
      "DEB-F3F8F44B",
      0.6180683072421245,
      -90.32285030835556,
      695.8259113790891
    ],
    [
      "DEB-F4073773",
      9.45060066405388,
      109.88575678030624,
      620.0722386550196
    ],
    [
      "DEB-871693E9",
      -22.717836370277496,
      -53.44290605491346,
      798.7429447060777
    ],
    [
      "DEB-9133387F",
      2.4203187356391207,
      -42.86526722064654,
      620.0399989342131
    ],
    [
      "DEB-93EBB360",
      -28.124385042838725,
      85.86108787676524,
      715.263323742096
    ],
    [
      "DEB-9E9793FA",
      -14.007845881197568,
      95.81469353658687,
      635.6812498383024
    ],
    [
      "DEB-337FF8BD",
      -20.9686479680862,
      163.80242368617286,
      457.660195002426
    ],
    [
      "DEB-BFF22FB5",
      42.10721437184979,
      -164.30499228857056,
      205.10453699648497
    ],
    [
      "DEB-72FA38EF",
      21.751040869342095,
      -109.50399196789455,
      896.6579354694104
    ],
    [
      "DEB-A1B6CE48",
      -60.82290733341711,
      -116.78086639132074,
      156.30028009573107
    ],
    [
      "DEB-6529A813",
      -27.94997017928563,
      1.9596054547667818,
      562.4640474948119
    ],
    [
      "DEB-4EDD1D00",
      -32.44424558598215,
      46.31042657548649,
      288.4817949449907
    ],
    [
      "DEB-A6627F4F",
      79.90938252211478,
      137.8162800662564,
      885.2218376013052
    ],
    [
      "DEB-35BAEEAF",
      -22.28129218972792,
      -49.785535038439136,
      838.8677866505423
    ],
    [
      "DEB-93754A44",
      -77.82147342800988,
      -60.09108215040938,
      421.65409434987305
    ],
    [
      "DEB-A6979AB0",
      -18.48918459448565,
      115.4312919045147,
      300.574950935561
    ],
    [
      "DEB-F3F6C8B2",
      33.451220251498825,
      20.347943911352857,
      683.0748858216411
    ],
    [
      "DEB-FC18B02F",
      -36.72433888059512,
      19.274560993046173,
      257.3676416293065
    ],
    [
      "DEB-85B6E3BD",
      53.585538872261345,
      118.72933397504576,
      581.6841768555541
    ],
    [
      "DEB-84DFDC0E",
      57.15473391648779,
      -109.27610620619785,
      220.6535713921994
    ],
    [
      "DEB-AE0B13F4",
      -8.58642427539318,
      -126.56957449015053,
      177.99921353065292
    ],
    [
      "DEB-C5E96D11",
      -25.745408235680397,
      -155.95670446962893,
      471.4002621509253
    ],
    [
      "DEB-17D12DE5",
      -19.781832450251073,
      -168.76585364190842,
      173.1803223428069
    ],
    [
      "DEB-8196290B",
      36.05926473504261,
      -21.90896990172323,
      486.4000391656946
    ],
    [
      "DEB-D08CBD22",
      6.691688559359525,
      -145.19011856734025,
      825.9953708603789
    ],
    [
      "DEB-F41FB55D",
      -68.33354382113458,
      -160.76104359980954,
      582.6463178377207
    ],
    [
      "DEB-782660AD",
      -29.330142712218965,
      -139.60921648941522,
      888.1782457266409
    ],
    [
      "DEB-2CBA64DC",
      34.13362800808822,
      7.561182929352457,
      749.8782214714702
    ],
    [
      "DEB-0BB5DC26",
      -19.172029693628403,
      46.30853571255928,
      601.3842352064412
    ],
    [
      "DEB-135C39AC",
      -38.946034513192004,
      -65.42794674448751,
      491.320027978134
    ],
    [
      "DEB-E4E5C060",
      15.25362444783675,
      171.92467257575754,
      472.91705773177364
    ],
    [
      "DEB-E1B2CBFF",
      3.0408044549978603,
      -90.427002778976,
      324.2737262367773
    ],
    [
      "DEB-2D80A62D",
      16.455343376457726,
      -23.416999759021724,
      527.16460455982
    ],
    [
      "DEB-6ABEA14E",
      -39.066205856046956,
      -167.9034347301825,
      157.72428950951326
    ],
    [
      "DEB-1A62B64F",
      -53.10063890913378,
      -170.56877715047497,
      495.53023341567405
    ],
    [
      "DEB-79B3134E",
      6.823417817050921,
      106.43528764150899,
      427.27245184440744
    ],
    [
      "DEB-B3810A3E",
      -1.3646870709396408,
      -7.8682834567769655,
      525.924541272052
    ],
    [
      "DEB-4DFD9713",
      7.385620253739104,
      94.0947855808999,
      331.2066428193484
    ],
    [
      "DEB-97B9833D",
      -69.4479946563571,
      -107.94763430184837,
      800.3322146985229
    ],
    [
      "DEB-2B89F297",
      -39.488538035582835,
      -129.06559273149844,
      322.6511887016741
    ],
    [
      "DEB-18B56A78",
      47.17365028164583,
      -121.04207316423924,
      197.08259703941258
    ],
    [
      "DEB-37935836",
      -70.77701437398723,
      66.46488400829071,
      743.7625127074725
    ],
    [
      "DEB-7EDC8616",
      49.5957862375516,
      79.02244844771907,
      756.6600768872622
    ],
    [
      "DEB-819BCDF1",
      41.75032237960506,
      82.66913506050035,
      905.8076530707522
    ],
    [
      "DEB-21E6F358",
      -1.0128782783237422,
      2.237301477789164,
      457.4950689510688
    ],
    [
      "DEB-D09688A6",
      -1.5751608865385702,
      -63.4954493408348,
      303.7317567948785
    ],
    [
      "DEB-5D62E5FE",
      18.975929904845383,
      -1.4068724591108333,
      926.6496975051996
    ],
    [
      "DEB-E31EDBE5",
      3.3027188668879797,
      96.69411667990832,
      384.1641316970654
    ],
    [
      "DEB-A01B9375",
      -22.05536324355551,
      148.1656686924855,
      183.59538788899954
    ],
    [
      "DEB-242EAC0C",
      -57.381640844019024,
      -91.98167001909354,
      268.1036730019032
    ],
    [
      "DEB-5C25E3CC",
      -30.084962337830543,
      95.21808396407518,
      240.32676042827188
    ],
    [
      "DEB-33CB3B36",
      -47.8618458001001,
      -140.68726891291138,
      350.6224843956361
    ],
    [
      "DEB-FA4313F7",
      -45.203146180222824,
      45.08384892679905,
      195.5315749009269
    ],
    [
      "DEB-ECC11F2E",
      18.653950976134016,
      155.26722528333406,
      706.3495179060346
    ],
    [
      "DEB-F2BC4009",
      -46.87097527262938,
      -18.37745559074925,
      626.2990056762701
    ],
    [
      "DEB-9B97F56E",
      18.61972904688778,
      -138.43743927737256,
      609.7310955300463
    ],
    [
      "DEB-CCD56213",
      -20.953248640579037,
      -93.85483811306798,
      180.3361920602565
    ],
    [
      "DEB-79D3D093",
      -6.779263167747109,
      99.02065854994727,
      591.349149180277
    ],
    [
      "DEB-B2961E0B",
      4.437958932315632,
      53.15604352024242,
      800.3373004934019
    ],
    [
      "DEB-510F67F8",
      4.80862645148202,
      -30.60015390729085,
      175.13779205435912
    ],
    [
      "DEB-F182DB48",
      -76.60945131748377,
      125.87743769069777,
      370.4606196011491
    ],
    [
      "DEB-B07A3026",
      -41.10130248283278,
      117.5049990515561,
      204.21315745189713
    ],
    [
      "DEB-F15DA87F",
      78.85586995965348,
      169.38468124460007,
      498.7690122588265
    ],
    [
      "DEB-5DB7253D",
      -45.78551576630772,
      111.58357842243716,
      301.23208228713884
    ],
    [
      "DEB-5674A46F",
      48.942962034161155,
      70.91342174784427,
      159.3033705284106
    ],
    [
      "DEB-3E0C4755",
      3.755418534774432,
      -97.15236784273527,
      427.68168433725896
    ],
    [
      "DEB-2A11348C",
      -53.17807940437024,
      3.9251254481135276,
      600.2000294802065
    ],
    [
      "DEB-C7D6D465",
      8.139442382217023,
      69.05015646830446,
      493.26207639618406
    ],
    [
      "DEB-2B7D99F5",
      45.37695995595813,
      40.83103843010617,
      892.6025547624367
    ],
    [
      "DEB-3C161CB7",
      4.327074200684355,
      178.9526770081806,
      294.93892595118723
    ],
    [
      "DEB-2B21EC2B",
      31.24747571647672,
      48.3071730944577,
      898.3356555958344
    ],
    [
      "DEB-71A54C6C",
      -6.428101927257199,
      152.33851054424602,
      372.51899671563297
    ],
    [
      "DEB-F557746F",
      44.769216306950256,
      -161.7055437373035,
      706.3641418946481
    ],
    [
      "DEB-C0C538DD",
      -14.867614285779425,
      117.0049366431348,
      889.0875568398833
    ],
    [
      "DEB-A7EE18B7",
      -6.218432091427715,
      -61.42915960648463,
      172.86746575489815
    ],
    [
      "DEB-3789776B",
      33.083542260872235,
      -68.13280101078618,
      497.4229917297662
    ],
    [
      "DEB-CCDD45FD",
      30.020275208015956,
      -108.19674619369383,
      477.5194621016017
    ],
    [
      "DEB-DDAC9005",
      -0.9015759158855334,
      -86.65317432404942,
      120.78991263873286
    ],
    [
      "DEB-D2F561E8",
      -33.16978546712494,
      7.597755941392585,
      569.6281840668498
    ],
    [
      "DEB-F9E1AA41",
      -60.33498894566616,
      -41.442397674415446,
      195.26641875060614
    ],
    [
      "DEB-DE2A12D8",
      -34.78549648297232,
      -75.82310700556006,
      238.85345390468592
    ],
    [
      "DEB-4A543B88",
      55.125237482018896,
      94.53456060839083,
      349.7157752630119
    ],
    [
      "DEB-D50CB650",
      -64.50668152386851,
      -161.29572989432708,
      556.0787176313497
    ],
    [
      "DEB-D28CC3C9",
      12.75084354219077,
      60.38793223725135,
      914.0628341569136
    ],
    [
      "DEB-570ED831",
      41.74533913558027,
      -134.6707494067922,
      608.3407846027967
    ],
    [
      "DEB-8DF76700",
      -6.838265441138697,
      -145.7364026021237,
      538.1340440110662
    ],
    [
      "DEB-ACA9CDF7",
      -71.48502055985807,
      -20.025557812815393,
      182.12189531683725
    ],
    [
      "DEB-E1F6A3B8",
      43.24533266329735,
      36.666580803122635,
      482.815101869156
    ],
    [
      "DEB-D16A5D84",
      4.2072769092193125,
      41.16852617107744,
      521.2404564255867
    ],
    [
      "DEB-2DA67769",
      21.67741539159572,
      83.92353214871484,
      468.191158550374
    ],
    [
      "DEB-E5665267",
      12.929869678395049,
      -169.20879909784315,
      856.359208654746
    ],
    [
      "DEB-B16C98BC",
      -41.993086109680306,
      -91.03010832784909,
      196.34434658365626
    ],
    [
      "DEB-C17AB4D5",
      1.0932669983423908,
      176.056563914991,
      483.8096822403777
    ],
    [
      "DEB-65C943F1",
      33.4518156366737,
      6.492071726662242,
      155.67852356739513
    ],
    [
      "DEB-4797837D",
      75.39313872105011,
      2.305040592672659,
      409.08203045189566
    ],
    [
      "DEB-109513B8",
      -51.36225352640679,
      126.67978137646969,
      863.589287990505
    ],
    [
      "DEB-8A7F5B53",
      -26.714238012736047,
      -105.52607850818423,
      576.3142220293903
    ],
    [
      "DEB-59ECB992",
      -31.383677499105954,
      68.257166375819,
      134.06696754193126
    ],
    [
      "DEB-F120727E",
      41.76782200977655,
      22.93975569810487,
      527.8537975578829
    ],
    [
      "DEB-F8D470BA",
      13.738428391354427,
      -141.20409534459134,
      815.4589434844474
    ],
    [
      "DEB-A82403A4",
      -72.69845777988937,
      83.01154065908837,
      403.4650119003527
    ],
    [
      "DEB-CB1F9D67",
      21.570340796076543,
      -83.22687313816081,
      290.99788637546135
    ],
    [
      "DEB-EAA198E4",
      -40.64744120130151,
      133.5365113888114,
      475.5002729093994
    ],
    [
      "DEB-2495FD47",
      -2.4272762577627423,
      -166.2096726020408,
      800.8847877981034
    ],
    [
      "DEB-44B2D4BE",
      -16.420156098558326,
      143.78086952512004,
      790.6286310589439
    ],
    [
      "DEB-BD285013",
      7.923617650186103,
      -0.8592429194193618,
      563.7876077973751
    ],
    [
      "DEB-2B571249",
      -54.05337904244533,
      19.798040936471747,
      356.87340930649043
    ],
    [
      "DEB-5A0690BF",
      8.012700867713273,
      164.08555241669524,
      502.70238747445546
    ],
    [
      "DEB-BC2BD151",
      -14.27249749692719,
      172.65204007644337,
      763.5552294126892
    ],
    [
      "DEB-B197E593",
      -42.897781447351804,
      75.24122967646936,
      424.6228838639263
    ],
    [
      "DEB-09625E09",
      -43.81996084063814,
      34.35963119239763,
      788.8019489954768
    ],
    [
      "DEB-E80921A9",
      -57.13089086540174,
      -90.43907588715192,
      738.9274919944455
    ],
    [
      "DEB-A0E72F5B",
      -27.91898589826157,
      -38.23754178087936,
      690.6521831352829
    ],
    [
      "DEB-20D493AB",
      -23.605679033984227,
      17.552235651561606,
      684.855675209823
    ],
    [
      "DEB-30FF7793",
      -16.87357811406494,
      -22.868331877908005,
      596.5746310284867
    ],
    [
      "DEB-AAF372C5",
      -29.08476496579387,
      66.6319756049742,
      510.68410155345646
    ],
    [
      "DEB-8DF3CEFB",
      -1.834405668908629,
      -1.8364152884747924,
      600.7836706949602
    ],
    [
      "DEB-2B0BF13F",
      -28.814018548994188,
      -123.18639239939291,
      251.53603483008192
    ],
    [
      "DEB-AF3F17BC",
      67.39827951212655,
      26.950426200173947,
      304.2629831049917
    ],
    [
      "DEB-5BB0D109",
      -46.26661189560979,
      -77.47492700159835,
      639.8575178764177
    ],
    [
      "DEB-454DD099",
      36.48621215601461,
      -115.34508792858112,
      660.5926467179097
    ],
    [
      "DEB-AE19C43E",
      0.5509164821347372,
      94.93699975181042,
      721.7400086328144
    ],
    [
      "DEB-C6C9E8BA",
      -51.08286360295704,
      -111.71016450253397,
      818.4029876630311
    ],
    [
      "DEB-2E25C5EF",
      10.488468106114539,
      15.624527723774792,
      768.6271532052169
    ],
    [
      "DEB-2884D83B",
      -10.621833999571827,
      -85.96078148043138,
      249.91028689897576
    ],
    [
      "DEB-C4550E62",
      -18.247900203234554,
      142.88819283210583,
      404.21816935682364
    ],
    [
      "DEB-A09AD0D1",
      17.90690145873531,
      -136.40319770414797,
      736.7754075933071
    ],
    [
      "DEB-AE76E53E",
      -30.64337936353939,
      161.45382777880948,
      283.2031996972255
    ],
    [
      "DEB-246E3CDE",
      24.102210371866864,
      -77.51763012941373,
      501.11213744285396
    ],
    [
      "DEB-698CD3C9",
      58.0965348168709,
      -14.585599645619425,
      461.7745649167391
    ],
    [
      "DEB-3A984B49",
      -41.23450130181752,
      53.76774731536624,
      599.2205383483488
    ],
    [
      "DEB-3F86F8FC",
      -66.28851563374107,
      22.93514736887812,
      458.9679392719854
    ],
    [
      "DEB-82E84419",
      -34.06619966744212,
      -136.50285705792862,
      264.0167295791025
    ],
    [
      "DEB-1923BD09",
      -17.287708183090846,
      -117.02271469157363,
      515.3007490633872
    ],
    [
      "DEB-0034215C",
      -18.213671670837922,
      -66.54492822115421,
      773.5743183369386
    ],
    [
      "DEB-6606BC68",
      -24.31616146787957,
      63.72951625602063,
      143.27505626031143
    ],
    [
      "DEB-1B266CA0",
      -62.446122034020185,
      70.79969141083356,
      461.50356536095023
    ],
    [
      "DEB-80317FD8",
      -7.0985556103698295,
      -93.80751296397662,
      781.1335445833265
    ],
    [
      "DEB-54FD34F5",
      -16.94105070845425,
      -2.4750461910599513,
      672.3074235127533
    ],
    [
      "DEB-FA3ADDE2",
      35.20507947619008,
      -114.44910108749954,
      476.6415029349646
    ],
    [
      "DEB-BF10A9B8",
      6.154320158294798,
      -174.96919124658697,
      625.4576151248357
    ],
    [
      "DEB-241AE285",
      -28.395808589092507,
      -124.33802975598736,
      864.2555975484447
    ],
    [
      "DEB-D0F31299",
      -58.66678925079215,
      -160.75045257931353,
      893.8369937032612
    ],
    [
      "DEB-977D0ABF",
      -19.477308927781337,
      -24.64455551846122,
      619.325810131907
    ],
    [
      "DEB-4E10A2D1",
      -45.09596840475712,
      -56.52705099867222,
      511.949641481614
    ],
    [
      "DEB-35DAAA93",
      -26.86237722458197,
      -10.108821409054212,
      268.73824851986683
    ],
    [
      "DEB-69DF999A",
      63.048423284898846,
      -117.71246780989692,
      807.8741589137535
    ],
    [
      "DEB-D8580580",
      6.491699308879699,
      56.28143719605368,
      429.1457322485712
    ],
    [
      "DEB-B1BA5571",
      -33.60279995764091,
      -56.919155733399755,
      648.4541104992841
    ],
    [
      "DEB-7FD9D5BA",
      42.83408848538906,
      113.40783586923247,
      865.192750019075
    ],
    [
      "DEB-59E5E0CB",
      86.22272987812073,
      -59.820421423402834,
      715.5774064693533
    ],
    [
      "DEB-FE54B5F0",
      -68.76631563946849,
      7.388114061318893,
      805.0154547570382
    ],
    [
      "DEB-36B61904",
      -35.58282943522899,
      153.93116403086938,
      570.0831130187898
    ],
    [
      "DEB-E1A25288",
      -5.820860935928784,
      -158.10891538296235,
      555.9280145528201
    ],
    [
      "DEB-180425DF",
      -81.60460585428449,
      111.33033525779945,
      803.0992801752009
    ],
    [
      "DEB-A022E5FB",
      -19.101617541568483,
      89.88528500358264,
      401.43799554393536
    ],
    [
      "DEB-258CF8F3",
      33.577336119208056,
      86.41548789232434,
      469.8694850394113
    ],
    [
      "DEB-37985E5E",
      12.222884592570052,
      -52.992001568067934,
      625.5965537499587
    ],
    [
      "DEB-7F66610D",
      -2.5396638080755918,
      -139.54720967736102,
      366.5069363180319
    ],
    [
      "DEB-BFB94052",
      29.261538961565105,
      11.182110247018773,
      823.1528546859572
    ],
    [
      "DEB-DFFFE4A6",
      48.302615063317994,
      -6.515603249897073,
      367.21681473016906
    ],
    [
      "DEB-5174D66E",
      54.91910062339452,
      -129.065282499605,
      156.79026527125552
    ],
    [
      "DEB-C5725D47",
      23.908650775028576,
      -98.18009278687448,
      736.8881475166909
    ],
    [
      "DEB-B7B31811",
      -68.71414483177406,
      -119.85680729467083,
      293.62073340427287
    ],
    [
      "DEB-1AD02416",
      -31.960600204958624,
      -129.95974924792552,
      905.1758193284268
    ],
    [
      "DEB-A095658E",
      -74.22962667315159,
      144.81016892919652,
      529.438297040103
    ],
    [
      "DEB-8BF1950A",
      -23.257486466641033,
      -103.03114821839489,
      443.17018517479755
    ],
    [
      "DEB-C0D65B9E",
      -35.6920064646946,
      -44.19699410306998,
      582.5296225831744
    ],
    [
      "DEB-D434AA19",
      25.30092703408113,
      5.305131572169349,
      121.4420020811549
    ],
    [
      "DEB-AA76ECDA",
      -0.41512372250211144,
      168.16474572140012,
      356.38574965148655
    ],
    [
      "DEB-DF955A23",
      53.33880027501624,
      -155.0313841691011,
      813.2068514493185
    ],
    [
      "DEB-ADB8592A",
      44.618879906919815,
      62.30735221158546,
      845.7591902897984
    ],
    [
      "DEB-E57764B7",
      30.097825952376315,
      64.94174275962447,
      320.85028285889985
    ],
    [
      "DEB-84568461",
      48.25234660699451,
      -45.06117501061038,
      390.5576596864503
    ],
    [
      "DEB-DBF7E566",
      2.6045155489056957,
      -122.40424806972399,
      602.2621785252877
    ],
    [
      "DEB-DB505428",
      -59.578152974267745,
      -62.69615024986682,
      411.6122629633228
    ],
    [
      "DEB-81FCD5A1",
      -24.830189270907812,
      152.28817163480966,
      753.1401147159495
    ],
    [
      "DEB-39D91AE3",
      41.65421946645935,
      172.25421272568946,
      480.62977031211267
    ],
    [
      "DEB-4592E8BB",
      -46.97383108301608,
      -5.543018985640024,
      355.3528596982678
    ],
    [
      "DEB-1E9ADA37",
      -60.346809437418905,
      168.56570996881015,
      394.6437473128808
    ],
    [
      "DEB-608EAE65",
      -32.64322308063902,
      -117.67939793760212,
      741.5129244239652
    ],
    [
      "DEB-52D6EA78",
      -31.845240775112046,
      120.25570986281438,
      683.4586209818481
    ],
    [
      "DEB-2BD74388",
      21.666251821177706,
      -114.56145667876388,
      541.3815412641225
    ],
    [
      "DEB-9277DB92",
      25.32303656073687,
      -134.71017193490897,
      518.0568833374437
    ],
    [
      "DEB-D1F9D28A",
      -72.27071280134264,
      -18.750356565628035,
      166.5041355620806
    ],
    [
      "DEB-5E9E9741",
      23.447086277363073,
      -12.065039891599866,
      395.62643775588276
    ],
    [
      "DEB-F703EC1B",
      2.603994337628502,
      162.61155318834957,
      247.22500805051004
    ],
    [
      "DEB-BE61ECFD",
      -26.851890606761977,
      -38.47777915964509,
      303.74873474913784
    ],
    [
      "DEB-64A68404",
      -24.73987236889433,
      57.09268435463101,
      473.3086852438337
    ],
    [
      "DEB-084D425C",
      10.032512719689045,
      157.0643935308686,
      433.5543809270621
    ],
    [
      "DEB-80A0BD70",
      -16.333878301024903,
      94.24290103986432,
      802.4363176633451
    ],
    [
      "DEB-7BDE256E",
      35.20284560640682,
      -73.49429379384878,
      633.479078402248
    ],
    [
      "DEB-9507FEF7",
      -14.91666319062342,
      76.8044348803226,
      619.9875558989324
    ],
    [
      "DEB-349E7511",
      -13.833286047655255,
      46.89675510006743,
      520.8133519343937
    ],
    [
      "DEB-C4145364",
      61.30895368457458,
      97.89698566111646,
      539.7568222460195
    ],
    [
      "DEB-FD85A933",
      64.73715789490635,
      65.31884984453372,
      802.8649012798242
    ],
    [
      "DEB-9DBB41D3",
      24.989521528006552,
      -106.55761650562009,
      744.3248851843591
    ],
    [
      "DEB-F8018C28",
      -31.447565662623976,
      -47.03980121597096,
      719.01380718156
    ],
    [
      "DEB-FAED4D5E",
      -25.23414349945295,
      -140.8693215624466,
      797.7525971731447
    ],
    [
      "DEB-DE6D9FD3",
      40.27809042784961,
      -40.37493601481753,
      275.1945861311506
    ],
    [
      "DEB-26F5AC70",
      17.8064036444347,
      -94.31156304404351,
      398.21044457963126
    ],
    [
      "DEB-891437B6",
      8.309916080110426,
      -22.87142117678959,
      569.6733218482486
    ],
    [
      "DEB-B8BAF962",
      39.96972395449736,
      141.26821657549615,
      261.08908129314386
    ],
    [
      "DEB-EA63E724",
      67.91144840033489,
      -25.38699811860025,
      354.30105398863907
    ],
    [
      "DEB-9AF4C1D0",
      -32.58348457077109,
      72.4995254004103,
      454.54235806265297
    ],
    [
      "DEB-189311C7",
      43.01158217920323,
      70.37553303816284,
      815.5843114115323
    ],
    [
      "DEB-A04238B3",
      -39.644298816312656,
      71.46587805289481,
      767.0213166507683
    ],
    [
      "DEB-879D98FF",
      55.65466332949091,
      -47.11726653108796,
      257.61187626365063
    ],
    [
      "DEB-1A6E4CA5",
      28.296915469973158,
      52.14357101856657,
      555.2583457304654
    ],
    [
      "DEB-62279577",
      4.81100716400473,
      -46.85722704904143,
      817.1748272625264
    ],
    [
      "DEB-6B016EDC",
      39.499747783156025,
      155.13049299908278,
      146.2352108907371
    ],
    [
      "DEB-23F8B780",
      23.58428636253809,
      163.5711525201085,
      159.99286481915533
    ],
    [
      "DEB-26DCB6D6",
      -22.561690351354187,
      61.027398415891376,
      732.9280942517253
    ],
    [
      "DEB-960805F7",
      45.40168155729957,
      68.64632804608702,
      839.3819705030082
    ],
    [
      "DEB-E2D9AA3E",
      34.17256339729332,
      64.276397449116,
      217.61901252672396
    ],
    [
      "DEB-C50BF3BA",
      -52.09052229576138,
      -37.39796732378421,
      640.5888489695753
    ],
    [
      "DEB-D628B450",
      -29.906413316368837,
      -25.922042364501294,
      632.2712683569225
    ],
    [
      "DEB-5C7BB65F",
      37.300597847163985,
      -54.856188899138296,
      796.7077285664436
    ],
    [
      "DEB-E30D3B38",
      71.47379071084735,
      -158.800860491246,
      247.76404055292096
    ],
    [
      "DEB-F3D8DE5A",
      59.02077249910935,
      -119.23028430655432,
      300.47162118225515
    ],
    [
      "DEB-AEAF3275",
      -44.08208957900863,
      158.14546336079707,
      530.1030460638058
    ],
    [
      "DEB-D3637B9B",
      -51.69596953021953,
      -33.923200232670176,
      280.23343131154706
    ],
    [
      "DEB-7D26E55B",
      -2.8483416279595604,
      -118.92641174506838,
      583.9192777958287
    ],
    [
      "DEB-1CF4AECF",
      11.131465959502439,
      -125.7414720427785,
      748.4953026303674
    ],
    [
      "DEB-534DC2C6",
      -19.12889552842892,
      -67.65781401957683,
      476.1443779987876
    ],
    [
      "DEB-128381A6",
      -60.211840707387466,
      -153.60475671166142,
      120.84803678629123
    ],
    [
      "DEB-443A480B",
      83.51789301186938,
      -140.2138584383322,
      356.23549595230816
    ],
    [
      "DEB-2D15E2ED",
      0.31576424234902356,
      -32.015434814078056,
      204.35476914366882
    ],
    [
      "DEB-AF83305D",
      -86.82935476369602,
      9.313640484868488,
      823.4572661983802
    ],
    [
      "DEB-2111507C",
      -63.1762409325253,
      15.740810737729882,
      835.0466604951826
    ],
    [
      "DEB-B405A27A",
      70.08635679447023,
      128.5984530755398,
      217.80804474820252
    ],
    [
      "DEB-DCBC3C3F",
      -44.96830382335495,
      48.069770765412024,
      591.0235501685547
    ],
    [
      "DEB-B7B7FF73",
      -10.29111527636071,
      -105.39472069649968,
      882.1220222896836
    ],
    [
      "DEB-97F87C6B",
      -32.99558543979315,
      113.60849619255136,
      819.3984964619058
    ],
    [
      "DEB-D9D413C5",
      -47.334763692102676,
      129.94003467661395,
      738.8872944473642
    ],
    [
      "DEB-B121B8D0",
      21.143703157731714,
      7.608352789325922,
      297.1403245030424
    ],
    [
      "DEB-D9C24652",
      -60.085324462369485,
      -97.09464479464721,
      404.4371047820987
    ],
    [
      "DEB-1C45E5EA",
      -21.149062725507626,
      -83.02381973450383,
      346.4417957746882
    ],
    [
      "DEB-2F1157B8",
      -45.55848704357995,
      96.38709889644687,
      467.0993403468801
    ],
    [
      "DEB-0D8C6E25",
      63.45616730313442,
      91.58277175224262,
      488.3863236816087
    ],
    [
      "DEB-4ECDB5E1",
      -53.51075042401727,
      -34.79837108373273,
      249.80665792296804
    ],
    [
      "DEB-BBD987D0",
      24.754532178207175,
      -178.9142996151017,
      877.3107263497614
    ],
    [
      "DEB-090BFDAD",
      30.821388840834892,
      -101.09505612610293,
      365.81307040498996
    ],
    [
      "DEB-843CD402",
      -17.65300493557176,
      84.63314339192326,
      856.6412581070863
    ],
    [
      "DEB-42DE61BA",
      -28.502066215561154,
      87.48451254717996,
      356.3627838621569
    ],
    [
      "DEB-8DD4C284",
      29.926015407177562,
      17.356972202588178,
      269.7744344568491
    ],
    [
      "DEB-BDB03CF7",
      59.411119017526524,
      44.1708486428385,
      325.4604371819796
    ],
    [
      "DEB-F70B596F",
      -25.9938189469219,
      134.2944481399808,
      646.9891447054142
    ],
    [
      "DEB-01434196",
      57.36834244549983,
      177.21217455803077,
      587.686115494058
    ],
    [
      "DEB-D0BF9642",
      43.42148105458445,
      111.13341748201523,
      253.99417416297183
    ],
    [
      "DEB-D46261DE",
      -39.89620295783278,
      177.3101420862983,
      493.11360632635024
    ],
    [
      "DEB-8DA0F87D",
      70.90821501965972,
      148.3226760621452,
      750.8391739465833
    ],
    [
      "DEB-EE68A1EA",
      20.78655820035275,
      -43.16459626777104,
      811.5687957104983
    ],
    [
      "DEB-516C0539",
      3.471278279098447,
      -132.6722888507683,
      910.4061495412752
    ],
    [
      "DEB-99019D61",
      -20.653996526045265,
      -148.6959273087395,
      696.5629301386289
    ],
    [
      "DEB-837EA42A",
      7.108399848777062,
      -96.9679341707029,
      286.4976862882295
    ],
    [
      "DEB-32CEF12F",
      7.506837863435147,
      59.90380382716135,
      735.4476662186808
    ],
    [
      "DEB-91CA795C",
      26.742716618430556,
      -64.09338771678655,
      457.36765323840973
    ],
    [
      "DEB-FC422D88",
      -4.628824060572476,
      -128.39722012904832,
      327.32648914050606
    ],
    [
      "DEB-6E4F3A26",
      9.538512952994008,
      -123.1599392822205,
      651.7563186389707
    ],
    [
      "DEB-542160AD",
      1.4277035454232536,
      -17.8368671991822,
      220.21530589677786
    ],
    [
      "DEB-2BDE85D5",
      75.67668946795686,
      3.164073715814084,
      785.732527522051
    ],
    [
      "DEB-C536415E",
      -15.861823595868167,
      -73.74546845565666,
      335.2991084123778
    ],
    [
      "DEB-3A0D7577",
      79.63794992217643,
      -88.42242064909699,
      329.0731147749693
    ],
    [
      "DEB-27AEBDFE",
      -10.449235495146391,
      -114.00764098264695,
      295.58163577720006
    ],
    [
      "DEB-3AD4C7C0",
      2.3960502754956106,
      52.01116680929939,
      914.0311462089412
    ],
    [
      "DEB-D2500F84",
      -34.49923496549877,
      115.65517051242651,
      896.1818457773861
    ],
    [
      "DEB-0291E345",
      59.70166197268416,
      -92.99526238824953,
      669.2665823019352
    ],
    [
      "DEB-0AD5DF19",
      -53.991768717834326,
      14.399079728002121,
      580.5109074459879
    ],
    [
      "DEB-9A87FA5E",
      56.026142996051256,
      -83.30632758050717,
      541.8647403347777
    ],
    [
      "DEB-733FF296",
      72.11058953284112,
      -47.451833663177354,
      926.8845671282133
    ],
    [
      "DEB-F772461E",
      -50.53565999544686,
      61.74167568163818,
      578.646703310279
    ],
    [
      "DEB-49FFB594",
      -11.57667334847303,
      114.69864592556169,
      323.96509421966675
    ],
    [
      "DEB-77F3D4E0",
      -51.75497321538498,
      -144.59814731931993,
      407.3813423771435
    ],
    [
      "DEB-33D47457",
      -59.02099641730348,
      -98.9933216246269,
      637.3308788654485
    ],
    [
      "DEB-FD10625C",
      84.80313500459881,
      176.90393469920505,
      146.27685424896754
    ],
    [
      "DEB-D59F47D4",
      66.35333630619044,
      -157.02866710553823,
      340.9183934480625
    ],
    [
      "DEB-B10246FC",
      31.437973640863046,
      65.70186089360847,
      697.5626062453784
    ],
    [
      "DEB-C8A05F07",
      19.321873599034667,
      80.95060273136872,
      904.970587814485
    ],
    [
      "DEB-9F497176",
      -53.13699023243525,
      -95.49298830715061,
      148.5489196719991
    ],
    [
      "DEB-AA65454D",
      -81.11314024963517,
      79.72519382890125,
      659.8442948206693
    ],
    [
      "DEB-940697F3",
      17.03778098749067,
      -16.505753525656633,
      297.145410340293
    ],
    [
      "DEB-5C1AC046",
      -32.29778532170661,
      119.68328024446619,
      664.8814831652562
    ],
    [
      "DEB-0DB6EF04",
      47.73069552240601,
      -112.39256717483582,
      530.78854584478
    ],
    [
      "DEB-5A20058B",
      25.27512879385045,
      114.6379763095514,
      626.892056107783
    ],
    [
      "DEB-6AF7FFB6",
      -19.054209709714648,
      16.592438779066217,
      527.2402872134744
    ],
    [
      "DEB-AA398E09",
      43.84676571224759,
      103.68184903073782,
      162.3546251396201
    ],
    [
      "DEB-A80D441D",
      -26.04343129437861,
      -121.80003952438194,
      540.9486412412343
    ],
    [
      "DEB-B21236FF",
      15.278421124967664,
      96.42538594291192,
      210.66530918356966
    ],
    [
      "DEB-982E8FEE",
      -10.407893474918996,
      105.05467201799834,
      152.8832994615468
    ],
    [
      "DEB-DF4C2E96",
      -1.371809460122499,
      2.111228693604006,
      143.90258495188664
    ],
    [
      "DEB-67FB7CF5",
      23.070831160733842,
      135.16309804234564,
      464.6955089511621
    ],
    [
      "DEB-24E57AC9",
      3.579435650622942,
      -49.80044119507549,
      700.9917005169464
    ],
    [
      "DEB-04DD9288",
      -17.37925773633133,
      -142.4349966716925,
      822.001841275598
    ],
    [
      "DEB-BB585782",
      -27.113487708042957,
      -112.26756354008366,
      154.7050998889863
    ],
    [
      "DEB-68625E6B",
      41.743230308882744,
      140.90565012973232,
      918.1950355008448
    ],
    [
      "DEB-0F454BCD",
      -9.758884762277006,
      155.17878433409842,
      648.0781830681708
    ],
    [
      "DEB-9AAEC1D8",
      14.382974308735973,
      -27.88029438117769,
      303.1326340549949
    ],
    [
      "DEB-98B530EB",
      -40.721638633643494,
      132.80040525662668,
      298.01810168483917
    ],
    [
      "DEB-C9B16E04",
      -44.06321877568848,
      94.01588795223252,
      421.50108013797217
    ],
    [
      "DEB-DF9071DF",
      -20.210261506260814,
      -30.38257878104189,
      642.2226545288349
    ],
    [
      "DEB-2842A3CC",
      34.167487312098366,
      81.95147187266991,
      364.48046654584505
    ],
    [
      "DEB-8F66DB95",
      -47.9377551659642,
      172.07153464897416,
      281.8098217940578
    ],
    [
      "DEB-2102C24B",
      46.058163264512324,
      86.32712784749796,
      170.16948691526977
    ],
    [
      "DEB-1B69AB23",
      -61.690402770561526,
      150.29305288307486,
      802.0710273436889
    ],
    [
      "DEB-DA5892F3",
      38.93980273111925,
      -25.48762719585576,
      224.92582153682633
    ],
    [
      "DEB-CE466707",
      -54.69664227182009,
      -44.27374907723967,
      155.32681123860038
    ],
    [
      "DEB-E4C34140",
      0.7947586795014343,
      95.7214923903197,
      770.4648917243312
    ],
    [
      "DEB-28651526",
      -35.68504265680143,
      -157.11642954666763,
      836.1180089741192
    ],
    [
      "DEB-90D53816",
      -12.708053872177477,
      -57.227209687291854,
      616.7649574799407
    ],
    [
      "DEB-4D83D344",
      -66.10438756840118,
      -3.537396192148536,
      420.2565972706516
    ],
    [
      "DEB-65FA6306",
      44.44842757496701,
      56.39118229643076,
      168.3552327766456
    ],
    [
      "DEB-BD7BCF84",
      60.174223517509674,
      30.45911898365854,
      691.5440893875857
    ],
    [
      "DEB-14010AB5",
      68.21557730902857,
      -46.579068406034295,
      309.30864900703
    ],
    [
      "DEB-80A5D49B",
      35.85188397692075,
      120.66058206235593,
      146.18718931432159
    ],
    [
      "DEB-DA771034",
      23.29151086361412,
      95.75433514072385,
      354.6021387384026
    ],
    [
      "DEB-23CEEA2F",
      -33.05123061752293,
      97.63544653986914,
      676.5272413450548
    ],
    [
      "DEB-3B0AF565",
      -5.418431717108757,
      -166.36758974647972,
      659.5895056053432
    ],
    [
      "DEB-0428A6F6",
      -51.69899634281885,
      160.7186674275678,
      866.829957417247
    ],
    [
      "DEB-9DF12BEF",
      -35.12281376060179,
      -127.6264132564447,
      723.3269143593725
    ],
    [
      "DEB-238B63D0",
      63.89538466305473,
      -84.61750611459564,
      898.3545004412699
    ],
    [
      "DEB-E2ABE11F",
      -63.61597123561026,
      142.82844721276538,
      499.17596536694873
    ],
    [
      "DEB-1E21F81E",
      15.606151007459978,
      76.94330613105095,
      567.5391592411743
    ],
    [
      "DEB-D6ACD7B3",
      -38.608804392160664,
      -64.012107463199,
      321.7102560821959
    ],
    [
      "DEB-9F1284C3",
      -20.674974236574037,
      -119.25321489429355,
      349.0501265555549
    ],
    [
      "DEB-C28455D7",
      41.55140698496429,
      -77.67889229216176,
      456.4492688131677
    ],
    [
      "DEB-13F77B2F",
      -59.13709886296797,
      75.88802833010163,
      598.7624194171931
    ],
    [
      "DEB-3DE87EA9",
      20.44839987190896,
      99.39539507522957,
      913.691610828504
    ],
    [
      "DEB-9D6B2233",
      -17.729285107016082,
      -75.73921590341456,
      822.1129834177964
    ],
    [
      "DEB-48FE9314",
      -11.85308409661523,
      71.2316314382343,
      704.3906581439633
    ],
    [
      "DEB-AA265E95",
      -24.11258256077347,
      -4.968811859574587,
      792.5290724380402
    ],
    [
      "DEB-7180F924",
      -43.87609126800902,
      -15.105419482652174,
      667.8164589140924
    ],
    [
      "DEB-15B198CC",
      53.13860394296186,
      19.900253483559034,
      252.75139377855885
    ],
    [
      "DEB-9DFAB905",
      11.978966496527349,
      26.82764033243115,
      392.8793513397113
    ],
    [
      "DEB-5E508FCB",
      33.627914249601176,
      -175.7556951729656,
      156.12478124152585
    ],
    [
      "DEB-6C04F6B9",
      12.981081446010911,
      -116.5441338017297,
      246.9832220479675
    ],
    [
      "DEB-1E1C9F81",
      -11.840954747611436,
      137.5096582245649,
      607.4255356112844
    ],
    [
      "DEB-557BE61B",
      -17.775108236586426,
      -75.75783261421795,
      329.7862509274737
    ],
    [
      "DEB-39E55D87",
      21.699372627191728,
      -99.29783845326959,
      286.1565970965212
    ],
    [
      "DEB-07BD160E",
      61.69171097771425,
      -121.71858938007705,
      736.4198607241415
    ],
    [
      "DEB-D606670F",
      45.1351833622503,
      -152.7109777440007,
      285.2118612452514
    ],
    [
      "DEB-6D8A9E77",
      -11.564654782446429,
      25.832934824766088,
      260.5837040602337
    ],
    [
      "DEB-9FA14F70",
      -66.80901301663205,
      -90.3066059515787,
      508.130986133182
    ],
    [
      "DEB-0DAA078F",
      1.7756919788893497,
      20.70536548733436,
      399.2080355085818
    ],
    [
      "DEB-4A5CC051",
      -47.18635872085795,
      -86.97329908066273,
      185.00935241618026
    ],
    [
      "DEB-BD0763C4",
      39.174257408526124,
      125.95924767208587,
      525.6269533424356
    ],
    [
      "DEB-F0B0E3AD",
      0.12924126193828456,
      151.05632457396902,
      231.0586576209489
    ],
    [
      "DEB-71A14BC5",
      -32.951275053763325,
      -44.30043109368097,
      899.4420726654862
    ],
    [
      "DEB-EA1B41B6",
      -26.123822861680416,
      126.33570795555613,
      648.8921769774279
    ],
    [
      "DEB-34485550",
      45.76372632004456,
      100.41621469153884,
      244.65951714337643
    ],
    [
      "DEB-8BFDA4D0",
      8.395289118594015,
      66.31407577277096,
      629.6571098494815
    ],
    [
      "DEB-CE82B654",
      33.45628313427035,
      129.99417906885932,
      120.72778079132968
    ],
    [
      "DEB-6623A0FB",
      -41.36495473962935,
      -23.749156982806113,
      279.37016006258636
    ],
    [
      "DEB-9FCCDE2C",
      12.730333944726551,
      51.94459033860637,
      499.7258440158894
    ],
    [
      "DEB-DCAE158D",
      64.34438423578922,
      88.74561610583301,
      724.1515898114703
    ],
    [
      "DEB-45B1DE65",
      -26.893833398110786,
      104.95051652921549,
      681.0624755790404
    ],
    [
      "DEB-15CF5CDB",
      29.44076980912878,
      40.688240122539185,
      167.7038980510988
    ],
    [
      "DEB-7A145AE3",
      -42.06382589359826,
      -120.32670154792706,
      628.7202327839523
    ],
    [
      "DEB-69366DF9",
      -18.088266215553187,
      16.22289493754543,
      859.1664525351889
    ],
    [
      "DEB-C56617A6",
      26.152454945153778,
      -143.72569454831657,
      263.61768503770327
    ],
    [
      "DEB-204CDE26",
      -22.62594904677993,
      96.85557912071228,
      145.28263615776086
    ],
    [
      "DEB-BCB6BC1D",
      -43.53516088507659,
      66.75193846224158,
      861.8761750335962
    ],
    [
      "DEB-79901E97",
      1.4718784512209395,
      178.72178233206915,
      229.2968577878055
    ],
    [
      "DEB-0A661DC9",
      -31.035357466289266,
      -64.87609178767421,
      360.8935417106495
    ],
    [
      "DEB-95F78C9B",
      -14.00563757138669,
      -156.89615101022665,
      822.7143380590533
    ],
    [
      "DEB-5EC6AB6C",
      53.16413787778944,
      80.97767137124053,
      480.4719878323722
    ],
    [
      "DEB-43E170CF",
      76.9746699835227,
      24.71461427756375,
      376.1179928277634
    ],
    [
      "DEB-AC047211",
      6.131484288906033,
      -137.45900180641058,
      500.95431049106173
    ],
    [
      "DEB-3DC123A4",
      23.286638672925264,
      -81.59196614864793,
      810.9747201795672
    ],
    [
      "DEB-DE433088",
      60.49792720803732,
      -85.80760524386334,
      380.3911231321663
    ],
    [
      "DEB-B1CD2A68",
      -25.471829258692953,
      -175.4598823693224,
      615.2325994853936
    ],
    [
      "DEB-5E59677E",
      28.219783939959044,
      -69.06849402026046,
      394.29613156789947
    ],
    [
      "DEB-A8F6E941",
      31.172125629025896,
      -82.05541341905644,
      584.2821056728935
    ],
    [
      "DEB-CFE02FE4",
      -21.46986862855485,
      -52.7295740262875,
      675.0712098625718
    ],
    [
      "DEB-E79DAAB9",
      46.204016003656015,
      -55.72037821841417,
      592.0025916348695
    ],
    [
      "DEB-6D63D1DD",
      39.90278469596925,
      69.28433769772852,
      670.4955807408196
    ],
    [
      "DEB-59D6A413",
      35.719801685542194,
      47.02660600515292,
      229.62522536431607
    ],
    [
      "DEB-36BB5840",
      -36.58960779573442,
      142.56296347311766,
      382.1510353424874
    ],
    [
      "DEB-2649EE29",
      48.736084822736046,
      -154.32547976105087,
      438.0172147712219
    ],
    [
      "DEB-A40E6192",
      2.2816420715332186,
      130.86708257290348,
      821.9860911017722
    ],
    [
      "DEB-F6470D9B",
      -8.362657408427605,
      -32.9546152421358,
      671.1038840884175
    ],
    [
      "DEB-4D73E947",
      1.9461339651125027,
      31.041721192066554,
      589.6577799407169
    ],
    [
      "DEB-86E7331E",
      18.123252676564583,
      55.267491634977816,
      776.9294636904242
    ],
    [
      "DEB-984F6A21",
      13.708383837316275,
      -16.867911230726747,
      741.3057513301865
    ],
    [
      "DEB-0217399B",
      -58.49862139368562,
      124.23710405035159,
      791.1568640634487
    ],
    [
      "DEB-F76A697A",
      -76.26493038136351,
      71.89633050836109,
      743.7880742477773
    ],
    [
      "DEB-BE5B5897",
      24.086524365450988,
      107.88856983626376,
      506.6003895037138
    ],
    [
      "DEB-58ED7DCF",
      -20.383609361186657,
      -60.96268379219793,
      724.0905379629903
    ],
    [
      "DEB-2FF0FD38",
      33.10635522229655,
      156.53791781519533,
      305.92041474494545
    ],
    [
      "DEB-5E4BC66D",
      30.55504443443994,
      -66.01737885513324,
      662.2483624030428
    ],
    [
      "DEB-88D48E8F",
      57.945634700268116,
      -170.46867460780615,
      300.8751372272218
    ],
    [
      "DEB-F5D7E70B",
      -8.959431302725365,
      66.80139699174835,
      386.26997611597744
    ],
    [
      "DEB-6BA4D191",
      21.93259431823055,
      100.45721636144994,
      754.7123834109598
    ],
    [
      "DEB-6C535858",
      26.31073775811729,
      47.37111417581149,
      501.0279172205528
    ],
    [
      "DEB-94D1B58C",
      52.63734521877379,
      25.232156560088736,
      125.46842721172197
    ],
    [
      "DEB-F7984D7F",
      8.639205667827605,
      -101.60986931214933,
      487.6548775240135
    ],
    [
      "DEB-AE1CB7DA",
      -38.317509006714765,
      -137.28014470930563,
      200.8592796379162
    ],
    [
      "DEB-5BE34958",
      33.949893055362516,
      22.97630231715227,
      730.8180320388383
    ],
    [
      "DEB-B908DA17",
      -11.781497885636027,
      106.9120735855352,
      573.38095522614
    ],
    [
      "DEB-AD19731D",
      -44.58879257422484,
      158.50380388215316,
      374.7435092133628
    ],
    [
      "DEB-30A28EE3",
      62.56467524667918,
      -62.98341023691781,
      361.1042414749909
    ],
    [
      "DEB-25A22A86",
      29.834892094720665,
      -142.66520259816954,
      286.301978431261
    ],
    [
      "DEB-CB6FB6E3",
      59.77553563548228,
      -162.04436899198555,
      282.18646948428886
    ],
    [
      "DEB-E4D3C74D",
      19.27469884175164,
      54.59798684647844,
      259.51623511998605
    ],
    [
      "DEB-B02C698B",
      7.225249483704828,
      42.44926440866852,
      565.7744891420798
    ],
    [
      "DEB-78C7087D",
      25.47848698195564,
      -84.53970619717579,
      266.3973710865039
    ],
    [
      "DEB-11058FDC",
      20.833865285827397,
      -106.99262210951223,
      493.3773394530326
    ],
    [
      "DEB-B84F43FB",
      -40.015954206729106,
      60.78406223287117,
      475.75700195970876
    ],
    [
      "DEB-3E57DE5F",
      17.449862372546917,
      31.115209132417316,
      487.8258297733273
    ],
    [
      "DEB-838407C6",
      47.63171774307863,
      92.78581870792289,
      771.0430589896368
    ],
    [
      "DEB-270B6AD2",
      -51.28887628187975,
      80.72721880352748,
      497.37874193896914
    ],
    [
      "DEB-D4577242",
      -56.03247084638714,
      -125.20287695104949,
      625.0601061044508
    ],
    [
      "DEB-871272E4",
      58.09036090169388,
      -54.32148810175879,
      821.9278140281622
    ],
    [
      "DEB-6D9C555F",
      -68.17206790266137,
      104.4339961540816,
      464.38018593944344
    ],
    [
      "DEB-C74E0310",
      37.03600495608839,
      -84.0183362376617,
      415.1546065841321
    ],
    [
      "DEB-759994AB",
      22.836444501357953,
      62.85213277028518,
      296.52653248848947
    ],
    [
      "DEB-60740746",
      17.447595577130222,
      151.031071193605,
      633.0788375132324
    ],
    [
      "DEB-1725A64A",
      -77.67810172858978,
      -7.589241582082671,
      359.29499357313216
    ],
    [
      "DEB-09DBF4E9",
      70.38475473832281,
      -102.16075278847185,
      282.15029424971544
    ],
    [
      "DEB-8113E786",
      -25.62622308212043,
      -32.29431842093196,
      296.2430016992148
    ],
    [
      "DEB-B4E875A4",
      -55.20795855189683,
      10.925242939560935,
      578.8750491923001
    ],
    [
      "DEB-FBC0DC95",
      -29.90504553379854,
      -23.690242235926497,
      476.2552341189494
    ],
    [
      "DEB-F10AB50E",
      -51.34502282734011,
      177.68697768042017,
      375.9134674110974
    ],
    [
      "DEB-A394E390",
      21.482354564590924,
      88.55897758246427,
      313.86340748510975
    ],
    [
      "DEB-33054C70",
      77.55339477867432,
      117.65333205258364,
      248.2923807075449
    ],
    [
      "DEB-DBDD48A3",
      12.582874234867996,
      7.815125156637193,
      467.1307629765388
    ],
    [
      "DEB-02E5C142",
      32.66990181596475,
      -6.073244747489852,
      825.9021896637605
    ],
    [
      "DEB-8F8DC0A9",
      34.38171713689238,
      -98.66360915112506,
      414.937791441379
    ],
    [
      "DEB-3EB60FB8",
      -28.00680959981159,
      31.338226329886965,
      819.5808315926133
    ],
    [
      "DEB-E2AE70C1",
      34.21477592644593,
      -86.69045574795348,
      169.15720727337884
    ],
    [
      "DEB-325C1F09",
      -39.75283167757731,
      24.22733392310393,
      794.1953631138704
    ],
    [
      "DEB-52C7E394",
      23.083547210850536,
      -60.53830706216477,
      487.76924332823455
    ],
    [
      "DEB-4246E5E0",
      7.667002154675706,
      -27.310411941623325,
      479.0270529630152
    ],
    [
      "DEB-2FF5C40F",
      66.90546774536953,
      -83.78738802406203,
      762.1148068549819
    ],
    [
      "DEB-54E6FB4E",
      -26.49377667332135,
      -62.80682988099792,
      665.8595921172091
    ],
    [
      "DEB-7F3A9DEA",
      -18.51577186177836,
      -168.5956923881825,
      923.2804469387202
    ],
    [
      "DEB-ABD862B0",
      -54.71314534323626,
      125.3287329097973,
      717.9819491089638
    ],
    [
      "DEB-FD711EEF",
      -16.388255944036434,
      -164.47001598267192,
      575.5155898222565
    ],
    [
      "DEB-ECE1EB0C",
      -40.958994965526436,
      176.95618169949933,
      900.1122765868768
    ],
    [
      "DEB-E17CB326",
      32.3648468567087,
      88.17182484563106,
      894.8655874012356
    ],
    [
      "DEB-5B820F8D",
      21.786233258532963,
      30.39540545961988,
      860.7621993061284
    ],
    [
      "DEB-A2AD8AF4",
      39.184301997825166,
      -81.32758205358077,
      799.4160017986133
    ],
    [
      "DEB-2CD04924",
      -19.135387999963623,
      -178.81441927918758,
      605.3986654410373
    ],
    [
      "DEB-C0932D6E",
      -2.3412574611782397,
      1.2495471041666297,
      421.88379257962424
    ],
    [
      "DEB-EB22D8FE",
      77.18814784587809,
      -128.61068715572793,
      745.7822584696714
    ],
    [
      "DEB-28152806",
      24.55582651552468,
      -12.212091403251653,
      184.11022721594782
    ],
    [
      "DEB-7B4FE1BE",
      9.916350716386162,
      127.84081366369254,
      694.7230576457096
    ],
    [
      "DEB-84A9A610",
      -38.54542561425829,
      25.21867025101636,
      401.19996170438753
    ],
    [
      "DEB-7A66438C",
      -19.10233227682549,
      -17.553922054724385,
      330.9221297242966
    ],
    [
      "DEB-6943BFC7",
      -85.24832473693655,
      25.713671175361608,
      519.7586167998234
    ],
    [
      "DEB-F991C71C",
      -9.828422902334824,
      104.87149085078575,
      851.5641059971431
    ],
    [
      "DEB-90962128",
      -22.243322948925986,
      98.9211802157136,
      675.167805530532
    ],
    [
      "DEB-8F6D1654",
      64.62905445283816,
      -61.233934961163804,
      422.4630687583458
    ],
    [
      "DEB-F254F7D3",
      -64.52454730247145,
      74.13143588068667,
      270.3134726165081
    ],
    [
      "DEB-27517676",
      1.9706534671180256,
      73.35951454099987,
      834.5949967521374
    ],
    [
      "DEB-9C85FEFD",
      0.9924861746224439,
      -154.47941713367229,
      523.9318955265262
    ],
    [
      "DEB-4310F74C",
      27.558232648197603,
      39.69667520195059,
      762.2359715466337
    ],
    [
      "DEB-BB10AB1F",
      45.58541118943294,
      112.40088646721675,
      567.4561015650861
    ],
    [
      "DEB-50317693",
      -74.76269055097286,
      -115.54599812576406,
      260.88467798309375
    ],
    [
      "DEB-D277A566",
      -23.930647241904925,
      22.757097894958065,
      887.5334761261156
    ],
    [
      "DEB-6FD1EB57",
      8.952887797960148,
      12.032770340531512,
      786.3583253926181
    ],
    [
      "DEB-C55C5520",
      44.50826459146246,
      -60.624835090444066,
      745.596504487914
    ],
    [
      "DEB-D0B1A46B",
      -39.52438715045971,
      -100.95484651481617,
      227.29044868828169
    ],
    [
      "DEB-48686487",
      -13.846314015763479,
      -0.0721250142342032,
      145.5239180410572
    ],
    [
      "DEB-2F519E25",
      46.24364520774981,
      -133.0091614337123,
      614.4983538912693
    ],
    [
      "DEB-807EEEEA",
      58.23554500109408,
      -15.660507324530963,
      862.7614767766918
    ],
    [
      "DEB-F18394C1",
      -15.502992472438379,
      90.12891746771292,
      575.4937224049345
    ],
    [
      "DEB-B4844528",
      -36.357026383548295,
      145.19615219484095,
      794.1869618941046
    ],
    [
      "DEB-6068FEAF",
      -35.29639698460743,
      -1.0087716132103872,
      650.2731028330163
    ],
    [
      "DEB-D7B810AD",
      -22.959193008021327,
      -76.26744223854017,
      410.2623793932544
    ],
    [
      "DEB-4D447C5E",
      -18.455953863392093,
      -176.89409486992287,
      131.42098505031026
    ],
    [
      "DEB-8D318F3C",
      -47.21732844068112,
      16.13398289891318,
      498.3988765830054
    ],
    [
      "DEB-F6801DD7",
      -21.10965375295938,
      -137.5586146822549,
      801.6837537433294
    ],
    [
      "DEB-9FF293F6",
      12.36263620264151,
      139.16503094933776,
      533.5171089315409
    ],
    [
      "DEB-CF3D8660",
      -26.70543302846132,
      -29.459639615333554,
      174.5910421837898
    ],
    [
      "DEB-C97D2952",
      29.35799680538302,
      6.686759377218005,
      406.0029470080208
    ],
    [
      "DEB-F9A70AB8",
      8.671281113508035,
      -138.71357555139187,
      657.4662717924621
    ],
    [
      "DEB-559CF3A5",
      -25.619460971235153,
      -81.48387284412748,
      571.0234297669613
    ],
    [
      "DEB-91BC2C8B",
      39.12164533505611,
      168.71896816396975,
      328.7185415627746
    ],
    [
      "DEB-700A6CB4",
      84.01045044532832,
      -86.87333903724914,
      693.4270913299906
    ],
    [
      "DEB-634E4CA5",
      -0.9910630577580947,
      -178.51839369130104,
      365.3494033004945
    ],
    [
      "DEB-0EA8E59C",
      -12.627309008473684,
      86.14638198586222,
      164.72523830216778
    ],
    [
      "DEB-FFB51711",
      9.040785518491802,
      1.280118237785081,
      479.55026504937905
    ],
    [
      "DEB-58871026",
      -28.85871407814019,
      134.44519339764096,
      540.6694387238931
    ],
    [
      "DEB-156B5F67",
      -53.118979352467704,
      31.90905494527076,
      128.9279261810052
    ],
    [
      "DEB-6BF370D9",
      -8.1692687832063,
      59.56364448593081,
      806.5013777076601
    ],
    [
      "DEB-D54A7C69",
      -66.17294346718495,
      -6.730530803468213,
      233.02986659038197
    ],
    [
      "DEB-09279360",
      10.71456910124022,
      64.16135547908067,
      604.931703206641
    ],
    [
      "DEB-0071BBA6",
      74.65314672273531,
      -139.69543241145763,
      356.2116683971781
    ],
    [
      "DEB-25EF8882",
      -10.433606690778351,
      -79.01333356624362,
      298.48433900601685
    ],
    [
      "DEB-E1456317",
      -8.172688303392496,
      -29.35735974115157,
      894.8170860074024
    ],
    [
      "DEB-A0695792",
      -39.303967574290674,
      -111.6123725641935,
      161.7035560371305
    ],
    [
      "DEB-34947E4E",
      77.05052343607565,
      70.221287107224,
      232.7622209578849
    ],
    [
      "DEB-8343E47F",
      9.990269513213468,
      100.33103206039085,
      743.3272274894707
    ],
    [
      "DEB-9336293D",
      12.725774167652135,
      41.40329983938894,
      863.1551748700158
    ],
    [
      "DEB-C75711B8",
      33.90856790064437,
      157.49355526345707,
      740.1642512164599
    ],
    [
      "DEB-96DBAB70",
      -20.798990290363655,
      5.399957560390169,
      471.6980962695998
    ],
    [
      "DEB-DDF0AC29",
      11.206782956049713,
      -134.00938939985335,
      745.2033062025548
    ],
    [
      "DEB-81B76D32",
      -21.164897763725005,
      141.75735855143287,
      511.3456161887434
    ],
    [
      "DEB-C50A30F1",
      3.974965367184778,
      -99.52156272763446,
      617.4244687225282
    ],
    [
      "DEB-BA62F3ED",
      34.65677763081475,
      106.73465506589235,
      626.8662163938607
    ],
    [
      "DEB-13528E73",
      -10.324465840848415,
      -9.174548483407495,
      875.8671160340746
    ],
    [
      "DEB-EAEDF713",
      -32.081312328064584,
      139.9907842255008,
      644.5350073521586
    ],
    [
      "DEB-9893EF2F",
      -30.934364052043207,
      122.49055496822989,
      460.5831578131465
    ],
    [
      "DEB-E95F9DDD",
      -28.21097876068746,
      87.6928699277271,
      298.60287357891775
    ],
    [
      "DEB-E995CD89",
      10.369690194442788,
      117.03794234040569,
      323.3968777171003
    ],
    [
      "DEB-DD4B82CE",
      72.22089294982206,
      -13.529394955185767,
      507.2228696114844
    ],
    [
      "DEB-30A7F45F",
      0.28084297211246384,
      -35.03670271941885,
      407.5825966308348
    ],
    [
      "DEB-1AD3EB6D",
      41.84343419764656,
      -52.58703181382431,
      507.722578771346
    ],
    [
      "DEB-8B8A3A16",
      -8.90501620288478,
      -31.472903127341393,
      774.245589109094
    ],
    [
      "DEB-560812B2",
      -40.63619271068427,
      -107.22088427601344,
      709.8890210876061
    ],
    [
      "DEB-2604EC63",
      62.8561768876461,
      -52.271817840961745,
      361.75573024655114
    ],
    [
      "DEB-24C8CCCC",
      6.554419592477784,
      -136.03847257805756,
      335.2921907780892
    ],
    [
      "DEB-8235C3B0",
      59.645676081297374,
      177.50039479813736,
      751.8268894908824
    ],
    [
      "DEB-81630251",
      54.10891820394591,
      108.00616354589592,
      261.3302736968817
    ],
    [
      "DEB-486016F9",
      -39.27916436303795,
      -85.7649047120197,
      242.1056249292851
    ],
    [
      "DEB-2B78DD08",
      -50.00371835615418,
      33.40361861888793,
      181.3090342247633
    ],
    [
      "DEB-E8C0D8F3",
      72.18665382373844,
      30.79393459596776,
      634.8617348687003
    ],
    [
      "DEB-F690A46E",
      -2.047335898256166,
      -141.02807496114772,
      818.9768690883757
    ],
    [
      "DEB-3B2B72FF",
      -10.42993170904228,
      -45.46976459190018,
      371.1617170949821
    ],
    [
      "DEB-1CDEBC4E",
      61.96355348776601,
      109.16789380316118,
      747.9519155860417
    ],
    [
      "DEB-FA59873B",
      -33.32828825818331,
      71.49502400148553,
      280.7646382408475
    ],
    [
      "DEB-479FEAE1",
      71.27665746978118,
      174.81653386255533,
      379.7231012085149
    ],
    [
      "DEB-D0A41F2A",
      22.507662175825143,
      -54.774756702473645,
      481.46300801125744
    ],
    [
      "DEB-CA9458B9",
      14.2307300804783,
      -138.59784198709542,
      653.5826946177694
    ],
    [
      "DEB-757AFCE1",
      -48.38919693946603,
      -123.68546443686526,
      623.5697004554568
    ],
    [
      "DEB-0C989158",
      -49.90896166939298,
      -101.64385953568522,
      815.712452124455
    ],
    [
      "DEB-3DBA7CDF",
      -22.287373657145988,
      172.5050175573693,
      686.1139162169084
    ],
    [
      "DEB-050DDA35",
      34.34036402003478,
      -62.42380632778399,
      870.3308110468997
    ],
    [
      "DEB-C4258A46",
      -9.50867782972305,
      -52.26016796381604,
      225.76886037256463
    ],
    [
      "DEB-8C2CC74D",
      -67.53921768510948,
      153.69753485271323,
      126.50151476897372
    ],
    [
      "DEB-15523D1F",
      -30.763839057714545,
      75.05524493110613,
      854.4144711686031
    ],
    [
      "DEB-5EEBC22E",
      -31.81082949306684,
      170.87276993252527,
      814.3954966337251
    ],
    [
      "DEB-2440C41C",
      -36.988161479371485,
      -38.7024014676446,
      713.2301939462486
    ],
    [
      "DEB-3E4DEF19",
      -53.640027065227414,
      -130.13872719557884,
      574.5211359513432
    ],
    [
      "DEB-56CC006B",
      50.57157324865294,
      -59.51412122593229,
      876.0501823495442
    ],
    [
      "DEB-399BD955",
      26.80666718975787,
      -57.21752382816301,
      356.58434904581463
    ],
    [
      "DEB-FF15B110",
      39.991620074393175,
      148.377161040035,
      860.2343448343272
    ],
    [
      "DEB-7AE6F803",
      7.438069848913151,
      -27.13125667172688,
      458.28275581848175
    ],
    [
      "DEB-B26D7F67",
      -21.78325016519065,
      20.446560662494523,
      868.7165177883508
    ],
    [
      "DEB-CA97F528",
      -11.845250696322912,
      18.62708094806293,
      405.3446842874455
    ],
    [
      "DEB-4F806200",
      51.56197268669022,
      144.59088157671184,
      418.569475427621
    ],
    [
      "DEB-ABE3C71A",
      17.15967926674481,
      158.3689918222384,
      663.1566868702539
    ],
    [
      "DEB-7BC49A1F",
      -12.931619294352226,
      105.88547750583413,
      123.3874986510391
    ],
    [
      "DEB-A02DEABA",
      -49.73837447490649,
      51.7558449688314,
      531.5943391988731
    ],
    [
      "DEB-00170799",
      18.81591605899991,
      -149.97600629842665,
      557.7452593851021
    ],
    [
      "DEB-160B0B8F",
      34.10447483633011,
      24.760781797420794,
      683.4472544029741
    ],
    [
      "DEB-8E42256A",
      30.36220029496243,
      154.03788534342755,
      895.4803294967369
    ],
    [
      "DEB-1FF97DFF",
      -48.01390212715566,
      3.5551308426597905,
      594.5991462512147
    ],
    [
      "DEB-784D00A9",
      40.26926235070963,
      98.36941623181184,
      447.6877338335089
    ],
    [
      "DEB-E95764E7",
      -4.11399946184505,
      115.28732766304277,
      879.5617996141364
    ],
    [
      "DEB-EAEB4C73",
      30.200343581698146,
      -161.98515181172633,
      536.4673516458397
    ],
    [
      "DEB-3A9C99F0",
      44.543221498633386,
      -35.02623165071444,
      791.6731260558026
    ],
    [
      "DEB-A8571510",
      31.17761469494173,
      118.8384783056354,
      286.1466105741747
    ],
    [
      "DEB-6AC2DACF",
      -31.169111026429555,
      -66.07719821173006,
      483.2922214148384
    ],
    [
      "DEB-D075D6E7",
      -35.16344150807114,
      79.91703072218229,
      716.1277328254482
    ],
    [
      "DEB-5A03575D",
      -49.48758460211457,
      142.34176183576974,
      746.0587126740338
    ],
    [
      "DEB-30457E72",
      34.41953562949311,
      10.172406623605204,
      385.37164921275325
    ],
    [
      "DEB-E75A2873",
      55.95346878050288,
      -129.07653434867848,
      437.61139701177126
    ],
    [
      "DEB-DED45649",
      -27.32091833682176,
      171.44386514957853,
      897.4637636836151
    ],
    [
      "DEB-B8AA5DCC",
      6.501420673401867,
      -44.628823452486024,
      625.2475893290202
    ],
    [
      "DEB-774D124D",
      -35.240532214999476,
      119.76626179461373,
      241.90992487548647
    ],
    [
      "DEB-438A9240",
      9.334041041968215,
      16.698915469818818,
      226.81187821582535
    ],
    [
      "DEB-4E641DA8",
      -6.0262849666122005,
      -0.12676549803119055,
      368.19543260676255
    ],
    [
      "DEB-25B391C1",
      18.110705777589576,
      21.053914379223393,
      325.289251597007
    ],
    [
      "DEB-954E7A57",
      -23.087415289263582,
      -60.27132607855935,
      439.1858472025342
    ],
    [
      "DEB-C6A3E83C",
      -39.81991215284937,
      -11.273807080939322,
      220.7172594951453
    ],
    [
      "DEB-E67BE411",
      -59.3525184178515,
      116.31727229604635,
      340.8086040965536
    ],
    [
      "DEB-9F736B96",
      -23.64041323461862,
      43.919912574776006,
      644.2692672537978
    ],
    [
      "DEB-1E4D32BF",
      -51.723689089995396,
      -171.4832793888871,
      510.92364231927604
    ],
    [
      "DEB-674849E0",
      -53.072351200720284,
      -121.99238254150282,
      129.35796615975414
    ],
    [
      "DEB-397011F7",
      9.139012338844479,
      -30.522115010315787,
      199.333189015495
    ],
    [
      "DEB-A38BE0EF",
      4.559434732068735,
      73.35606007516347,
      454.6319668188826
    ],
    [
      "DEB-F7197F63",
      -42.504492030164,
      -50.34623640652687,
      125.5937081565653
    ],
    [
      "DEB-71A13F66",
      5.533253609439869,
      0.20461572600782257,
      722.8357320112636
    ],
    [
      "DEB-9269D910",
      38.75909308329792,
      105.68239244805484,
      609.2582261989419
    ],
    [
      "DEB-6D524EB0",
      43.16626688951057,
      63.640821464516044,
      292.5901314772018
    ],
    [
      "DEB-11A9C2A7",
      -43.022828002884125,
      63.85762824677935,
      327.887170101425
    ],
    [
      "DEB-412C4A84",
      -53.46866246199305,
      138.77406107298643,
      901.5374900206907
    ],
    [
      "DEB-8C83332F",
      6.151316059099169,
      -32.98454908340775,
      121.80832088317311
    ],
    [
      "DEB-DD523B14",
      -46.17582774470861,
      129.6564671259454,
      445.38687558350284
    ],
    [
      "DEB-D86B4198",
      61.6483236298159,
      -0.509949146523148,
      452.1932012874295
    ],
    [
      "DEB-731F0300",
      36.031753769520584,
      129.71824454615486,
      253.7953989509433
    ],
    [
      "DEB-193C5D53",
      -27.117553382838437,
      103.72819150297171,
      252.73565745227097
    ],
    [
      "DEB-D0E4B3B6",
      -50.48962821095976,
      3.0031919236824276,
      882.4253739257438
    ],
    [
      "DEB-D364432D",
      35.728214231271,
      141.172259138874,
      335.4976490930385
    ],
    [
      "DEB-83376A16",
      -30.19234513207012,
      -5.194951408323844,
      204.13887554281337
    ],
    [
      "DEB-EC9FAA14",
      40.40580506810855,
      -27.14859312424913,
      227.41531214944462
    ],
    [
      "DEB-51779787",
      39.92002675145352,
      171.29568448255864,
      766.6174514202921
    ],
    [
      "DEB-92E568CE",
      -10.893982216847283,
      79.74589319942955,
      518.4276006722421
    ],
    [
      "DEB-5986666B",
      34.94777156258082,
      -0.08945650982971962,
      437.1095080547775
    ],
    [
      "DEB-E4A3A0DE",
      -66.38340305143164,
      102.23781474857313,
      318.5022413874103
    ],
    [
      "DEB-6AC9666A",
      -37.36925980605986,
      -43.24509805719389,
      925.0376288060834
    ],
    [
      "DEB-F5071E00",
      19.563035048525226,
      -127.87353988530056,
      287.4352994833116
    ],
    [
      "DEB-930CB7AF",
      15.411493445021824,
      -37.36675375698642,
      243.17398565473377
    ],
    [
      "DEB-EE594B3F",
      -40.49020992132764,
      36.170108324608385,
      620.1293111638752
    ],
    [
      "DEB-28939E52",
      -57.7282725588789,
      -83.05847796027324,
      418.6828498499053
    ],
    [
      "DEB-34BC3A5D",
      -5.307251762972068,
      142.17003541005252,
      745.5801738714817
    ],
    [
      "DEB-22B3DB43",
      56.109450479526096,
      108.49010241977892,
      314.62810545397497
    ],
    [
      "DEB-41070825",
      -55.09245829300712,
      155.036804989768,
      838.7021814647478
    ],
    [
      "DEB-111345F9",
      -66.78031609808853,
      -163.7683277982177,
      593.883262635105
    ],
    [
      "DEB-F1EACA4E",
      -23.783174584774777,
      45.37052508604795,
      920.2409971659399
    ],
    [
      "DEB-FF53B2C3",
      50.50900572637033,
      141.430518966414,
      345.40924898547746
    ],
    [
      "DEB-D4A836A7",
      -35.24439826299278,
      -120.2618356230511,
      885.0271230379176
    ],
    [
      "DEB-2442F67E",
      -27.52610623145221,
      29.584683011991135,
      914.3994268197548
    ],
    [
      "DEB-B4C00A25",
      37.024089302428806,
      21.69104827989927,
      821.859441863673
    ],
    [
      "DEB-B2C6708C",
      1.4920739487090464,
      -130.67846269187814,
      830.7088938956067
    ],
    [
      "DEB-FDC6AAD1",
      -39.106608656287136,
      49.438739959322476,
      443.7670765527837
    ],
    [
      "DEB-AE045289",
      2.1974294683446396,
      158.9555708401762,
      150.6008763935488
    ],
    [
      "DEB-1CA87695",
      58.80076975807141,
      -141.8997327757996,
      564.3548900931446
    ],
    [
      "DEB-363FDE5B",
      -14.185354394466275,
      48.89787290928729,
      863.8893457179502
    ],
    [
      "DEB-C6732BC9",
      40.60295099297284,
      -114.50531831370472,
      661.9691293658225
    ],
    [
      "DEB-6CCA6189",
      -11.639974036635524,
      127.72362411859442,
      524.5888469951924
    ],
    [
      "DEB-CDE76836",
      9.62781751969298,
      172.3494823345597,
      463.4993322373084
    ],
    [
      "DEB-965F139C",
      50.40842200362451,
      -100.78957046723153,
      173.56171920973247
    ],
    [
      "DEB-A839C79C",
      -41.30651513979151,
      -100.8003013050544,
      217.36777677599093
    ],
    [
      "DEB-3D2D8AB3",
      20.884392623147452,
      -79.58805915866168,
      208.49066724993918
    ],
    [
      "DEB-AD9B9736",
      -4.104326215445478,
      -41.91531802822032,
      626.7746745395862
    ],
    [
      "DEB-3308502A",
      26.993402006114376,
      113.51260407052038,
      504.2024897997744
    ],
    [
      "DEB-31BB5A7D",
      -37.48879260599966,
      -80.48081913783633,
      867.640803203416
    ],
    [
      "DEB-9505FD57",
      56.44135004734518,
      99.17427858595954,
      845.1391365591917
    ],
    [
      "DEB-61CC0596",
      24.161560557862725,
      34.56119635391354,
      161.69703162166752
    ],
    [
      "DEB-F2ED4959",
      -55.1429439484279,
      -25.361561427350832,
      653.5914505301007
    ],
    [
      "DEB-2143F2C5",
      -22.026763559783134,
      -66.59311406217198,
      309.93961475345805
    ],
    [
      "DEB-60A9C92D",
      -72.46847614214191,
      -53.48781011520399,
      429.51813545619734
    ],
    [
      "DEB-FD99A364",
      -18.294250110603176,
      160.63180462070144,
      894.6734334047378
    ],
    [
      "DEB-65E1D4EE",
      9.570195217824045,
      23.947745676731465,
      478.39101444125845
    ],
    [
      "DEB-11B62BD4",
      26.02147413945674,
      -77.13853943664579,
      428.9016648972911
    ],
    [
      "DEB-F6EAFB3E",
      4.28604465207234,
      8.577363529909258,
      733.2552682072373
    ],
    [
      "DEB-BD0CCA87",
      -7.832876791456735,
      -114.51553326507006,
      751.2370237653204
    ],
    [
      "DEB-8B015A32",
      47.14157668480276,
      18.316776492138924,
      713.0602352382521
    ],
    [
      "DEB-3F70CB5A",
      59.10382385550715,
      -52.834272112993844,
      320.4160589350986
    ],
    [
      "DEB-1D180B2E",
      -37.2630967165957,
      -164.88339182832067,
      716.2353388150877
    ],
    [
      "DEB-10955AB9",
      33.128201192111476,
      69.6642433039002,
      819.5955052548325
    ],
    [
      "DEB-26CB7EC8",
      -3.336137053432185,
      99.91777499131254,
      463.122915285865
    ],
    [
      "DEB-3EBBFD81",
      -28.472550299786484,
      11.016701814755224,
      173.4067339209214
    ],
    [
      "DEB-A4C96FC1",
      7.90638922833395,
      -69.50579944955749,
      377.4074968946252
    ],
    [
      "DEB-82A98185",
      -20.26711146813822,
      138.45490845575264,
      694.6664229716771
    ],
    [
      "DEB-392B1A5B",
      -16.334283736489276,
      -148.44920486860195,
      710.4140617380408
    ],
    [
      "DEB-E9EE85A7",
      69.83362076726398,
      157.65834885476744,
      280.7837098276441
    ],
    [
      "DEB-377B7AA0",
      19.60493812318358,
      -115.40143599984421,
      408.17708358670916
    ],
    [
      "DEB-C3B292BF",
      -9.615640778182085,
      -107.55050135317532,
      778.2545801456063
    ],
    [
      "DEB-BBAB5DC5",
      -39.44612479284068,
      -67.28311781594078,
      687.5647030535392
    ],
    [
      "DEB-663FBCD3",
      -30.61582726791418,
      81.50801238699783,
      766.333035994533
    ],
    [
      "DEB-F15F997F",
      35.51395876017318,
      -0.895098102292356,
      133.71526637758143
    ],
    [
      "DEB-F8FFEE21",
      -10.703500065984164,
      77.2602480984693,
      861.3675132841199
    ],
    [
      "DEB-65C16698",
      -9.348516451461377,
      101.11665052624585,
      456.07200304102116
    ],
    [
      "DEB-66E59020",
      -34.35505257756032,
      65.2162610672122,
      544.1203015700794
    ],
    [
      "DEB-76F3B910",
      33.59101574669985,
      99.16964726242031,
      673.2589662598903
    ],
    [
      "DEB-60A09F3A",
      31.950211606766512,
      100.59745453808715,
      720.1374946141132
    ],
    [
      "DEB-B5838AFA",
      63.12671924966481,
      -93.7419720083976,
      171.1440932673786
    ],
    [
      "DEB-F34B749E",
      -24.857923418922653,
      -108.15627191867073,
      345.79385616142554
    ],
    [
      "DEB-1576AFBA",
      -14.616918175805518,
      -40.85554349487056,
      714.321597726288
    ],
    [
      "DEB-B7107531",
      13.784856753508757,
      -170.52444984604384,
      928.0254380194438
    ],
    [
      "DEB-C00B2844",
      19.118207691265418,
      -75.11666024458599,
      605.545754503185
    ],
    [
      "DEB-A28087DD",
      -58.70420712024814,
      25.04987792392908,
      601.615754240026
    ],
    [
      "DEB-FDA80D1C",
      -45.85125400927332,
      -51.58408543718802,
      248.90579015005278
    ],
    [
      "DEB-6AA7AAD6",
      -71.69950912097988,
      100.89506360693447,
      342.69490098834467
    ],
    [
      "DEB-9BC7A2DC",
      -79.70464516803557,
      -163.8240049817509,
      778.4639505560253
    ],
    [
      "DEB-B6F1762C",
      -68.10753772936899,
      -154.21184465190817,
      519.8861063779041
    ],
    [
      "DEB-E2C74CF8",
      -16.314129771977495,
      26.76883617142656,
      264.8560301628695
    ],
    [
      "DEB-5D78179D",
      78.17964936971609,
      -87.42038031422392,
      130.1300863065644
    ],
    [
      "DEB-56793703",
      8.610491293392085,
      104.46632159463094,
      756.8797899461242
    ],
    [
      "DEB-B0450E7F",
      -16.902582399661238,
      145.64853165806372,
      764.2458669201451
    ],
    [
      "DEB-E440542A",
      -11.250126822113154,
      -127.38504036526993,
      151.4160678792823
    ],
    [
      "DEB-EC660F6A",
      5.100263509682036,
      32.52796683069793,
      284.36196732110056
    ],
    [
      "DEB-BFAE12B1",
      72.65106213714893,
      89.1892244117374,
      274.30043586130705
    ],
    [
      "DEB-4427CCD7",
      15.073312328588202,
      -178.63540088894763,
      850.1228572190594
    ],
    [
      "DEB-7D417AF9",
      -28.905398995526514,
      143.77924188428204,
      831.7223251978367
    ],
    [
      "DEB-7E50A986",
      18.964602321538283,
      -117.28660958268327,
      209.49271501095518
    ],
    [
      "DEB-46F2AD10",
      -42.02006483046471,
      -5.177641287806874,
      334.87663187209546
    ],
    [
      "DEB-8A717F15",
      13.287114657115437,
      -157.8855669221055,
      821.3235431217308
    ],
    [
      "DEB-98FC522C",
      55.0188235204226,
      68.50284610861486,
      163.60145590096636
    ],
    [
      "DEB-4AA406C9",
      -10.27209831674515,
      31.891942397267165,
      747.7882824272674
    ],
    [
      "DEB-B5BF2A62",
      28.304776659511028,
      29.286126784664255,
      662.6813981709347
    ],
    [
      "DEB-D52AC8C8",
      -66.62945536184728,
      38.53769622968766,
      897.5857955429301
    ],
    [
      "DEB-A9617CC8",
      -30.803682351549345,
      -138.12458898052603,
      515.9512551162525
    ],
    [
      "DEB-0E8692BC",
      -33.10193600648509,
      -88.05825205172059,
      464.1437266642033
    ],
    [
      "DEB-5DCF4425",
      58.541387903854506,
      36.09395677495206,
      718.2184079531035
    ],
    [
      "DEB-4D489214",
      44.16787594968275,
      -146.13167989798677,
      448.5486582582889
    ],
    [
      "DEB-A48A1C3C",
      50.82423269029558,
      168.47734590948667,
      846.261278261888
    ],
    [
      "DEB-6EE93F81",
      3.7338884934531977,
      -47.90129138961106,
      498.3778095488824
    ],
    [
      "DEB-AE8E428A",
      3.6414419038763755,
      -92.85190807130074,
      232.3027290570153
    ],
    [
      "DEB-4C1C1722",
      15.942845952602084,
      -95.84701147730323,
      458.3417987178327
    ],
    [
      "DEB-63BB3956",
      -2.9074463358341895,
      -118.65904444066008,
      250.6603011271127
    ],
    [
      "DEB-346E1B94",
      -43.63055000175685,
      -149.8370553347996,
      635.837468229568
    ],
    [
      "DEB-644E6EA3",
      -14.108854041784484,
      94.62844619754952,
      705.0856745952851
    ],
    [
      "DEB-2F56926B",
      -28.880103936802442,
      -178.5258807725063,
      887.1687218405332
    ],
    [
      "DEB-668DFF2C",
      20.418136657211473,
      39.00661637139057,
      286.240646948384
    ],
    [
      "DEB-5BA7462F",
      -16.993315017563937,
      -40.19355314072395,
      174.25923105609763
    ],
    [
      "DEB-239DBEB2",
      42.75679737720673,
      76.39431023744443,
      616.9961251234936
    ],
    [
      "DEB-D441C9FD",
      19.80154001480721,
      36.93268809404043,
      688.8357624876598
    ],
    [
      "DEB-1940BA1F",
      -9.528972269877157,
      75.6237775050252,
      713.1559664498636
    ],
    [
      "DEB-511EEEC8",
      55.080327339487035,
      71.96099090652625,
      929.9554774822827
    ],
    [
      "DEB-A71249EB",
      34.837786287351065,
      142.02619540324883,
      335.7621014406441
    ],
    [
      "DEB-65ACCE7D",
      49.68431962460538,
      96.44139417767362,
      214.35768659453151
    ],
    [
      "DEB-B05CAB76",
      4.205370483144034,
      -68.41952639495639,
      327.9725152104902
    ],
    [
      "DEB-7AADB831",
      20.002277393645027,
      -114.7816061338727,
      583.3264601733154
    ],
    [
      "DEB-377D561A",
      -42.41759828452123,
      60.13327315156828,
      141.24581390938965
    ],
    [
      "DEB-B1949FBA",
      22.054925328683076,
      172.33776786120592,
      697.2047190327648
    ],
    [
      "DEB-CD0F2EC6",
      -5.322946322494435,
      -24.457594966206138,
      686.5425257599036
    ],
    [
      "DEB-2C17DE84",
      -20.048069672722885,
      -134.19036612488097,
      862.8078000567248
    ],
    [
      "DEB-780C9BC8",
      -3.270803818211551,
      40.608196101047675,
      137.43730008971852
    ],
    [
      "DEB-9D4E3777",
      19.421323596426515,
      161.2413985096834,
      192.3126783300777
    ],
    [
      "DEB-5059DE6B",
      23.81421955302537,
      -50.89872924472372,
      124.03323895688482
    ],
    [
      "DEB-0DEFD915",
      10.606420249449476,
      112.07617053820822,
      220.72234175168796
    ],
    [
      "DEB-751134E6",
      -66.28804596940242,
      -1.2146747161485345,
      525.185778832205
    ],
    [
      "DEB-C700D349",
      -29.38999909400962,
      -8.87138807510809,
      362.7346298889697
    ],
    [
      "DEB-2F0C386E",
      22.079640185964895,
      -49.0935551735121,
      360.090866609964
    ],
    [
      "DEB-B5F5C154",
      -45.98201894332207,
      -150.45243745786658,
      687.0534629588274
    ],
    [
      "DEB-FB3758C9",
      -7.26091692289176,
      -141.94282553074123,
      668.1209564198953
    ],
    [
      "DEB-DE1A775A",
      -24.745658579227495,
      -109.25400207624673,
      642.0329482553461
    ],
    [
      "DEB-D0B938F1",
      -16.882349804437567,
      -25.39281946348739,
      700.5774389070448
    ],
    [
      "DEB-2F272618",
      -49.328139896062204,
      12.18592670296928,
      824.8032135746726
    ],
    [
      "DEB-9F0D1AB3",
      -42.479646200287085,
      153.9901875140403,
      499.96730801886497
    ],
    [
      "DEB-D031581F",
      24.620476470392358,
      -117.59276780657535,
      492.6868166464874
    ],
    [
      "DEB-AB3D9426",
      19.685618581527443,
      -18.01411033369803,
      511.22155759974794
    ],
    [
      "DEB-A6FD5BFD",
      62.47265359679833,
      -23.223745642434107,
      124.2477152302472
    ],
    [
      "DEB-DBB8D0CD",
      -25.495230278503527,
      30.745681650706658,
      710.6786306126714
    ],
    [
      "DEB-1F9F58A4",
      -31.815111048547166,
      -134.9324719333768,
      462.18981603217344
    ],
    [
      "DEB-99A885EE",
      53.09533877856298,
      139.6937525061522,
      805.6164826666818
    ],
    [
      "DEB-06A82730",
      58.0450568474679,
      52.048143395590834,
      265.21767433998775
    ],
    [
      "DEB-00EE4667",
      -40.272594295337804,
      168.11786104135368,
      889.7518568311989
    ],
    [
      "DEB-DC49C306",
      67.40719304388601,
      -51.77246057393984,
      841.4062898381599
    ],
    [
      "DEB-95606637",
      36.276735169724375,
      168.99739556771974,
      444.7046719785385
    ],
    [
      "DEB-CDE7326A",
      56.92996719049302,
      139.37320175780062,
      422.396342402988
    ],
    [
      "DEB-348BD644",
      -47.10502400364321,
      -59.63960853053892,
      445.5351206056812
    ],
    [
      "DEB-C0306EE4",
      -54.80732410214119,
      154.55219035654375,
      576.6138975800195
    ],
    [
      "DEB-132506E0",
      44.8190217745154,
      -124.93750966882276,
      870.5131836943374
    ],
    [
      "DEB-03DADA95",
      24.112854017543505,
      120.24874292169591,
      870.0693557989771
    ],
    [
      "DEB-D841C3AD",
      -34.63974974107074,
      160.15584582913257,
      615.2129843953953
    ],
    [
      "DEB-1E137856",
      -17.862317049391436,
      -36.819807914009104,
      602.2106565000231
    ],
    [
      "DEB-76E30BE1",
      30.247252350779434,
      -85.91484828056139,
      647.6904588310299
    ],
    [
      "DEB-D9EC05C6",
      -4.783724410289098,
      68.38262648788691,
      344.126901147255
    ],
    [
      "DEB-69F90ADE",
      36.452829602479326,
      107.67885613026594,
      897.0653747499982
    ],
    [
      "DEB-06A5DDFC",
      -9.20666439231808,
      -86.62894698614018,
      243.24962086234427
    ],
    [
      "DEB-74B36514",
      -51.21235841332409,
      172.07169903051607,
      846.8014507732714
    ],
    [
      "DEB-28AC7A5F",
      -49.539448244193366,
      -65.40865279107425,
      769.2073394008448
    ],
    [
      "DEB-CF59CE01",
      45.33426544804804,
      -131.40195340624243,
      871.375805558554
    ],
    [
      "DEB-438F17C8",
      9.25193840421917,
      116.96690159935918,
      492.5794564838143
    ],
    [
      "DEB-C52EFFC0",
      38.8815541123906,
      77.1780248266882,
      234.23556405494037
    ],
    [
      "DEB-0F5AD6DA",
      1.2067688646383878,
      -158.43655321148552,
      647.4311865076543
    ],
    [
      "DEB-DF535EEC",
      40.22204907886412,
      -41.76043941953172,
      351.2030140396837
    ],
    [
      "DEB-659614A7",
      0.9937979858667275,
      -80.3969100380019,
      552.4785057878717
    ],
    [
      "DEB-12E12708",
      -31.974303322747836,
      -68.13341019869401,
      623.0466353122392
    ],
    [
      "DEB-729C5699",
      -31.43682647012243,
      -9.228058466761283,
      153.74638554392732
    ],
    [
      "DEB-B13A49E4",
      4.263722072438103,
      50.96169639436277,
      266.16635929114
    ],
    [
      "DEB-59787BD6",
      56.880775614093444,
      -132.74445877549496,
      308.12438872528037
    ],
    [
      "DEB-AD21EFD1",
      -24.409740413862746,
      -174.91813105323104,
      704.1166205500031
    ],
    [
      "DEB-90735541",
      -23.61881753721995,
      97.56278065603816,
      598.6124267841815
    ],
    [
      "DEB-78940725",
      69.29317298209656,
      133.56821847481956,
      350.256944385289
    ],
    [
      "DEB-127684BF",
      -32.17192094778405,
      -146.21421584436268,
      392.15350873107946
    ],
    [
      "DEB-CA013A1C",
      -1.5008905178544802,
      -168.84415721472212,
      593.1012202492357
    ],
    [
      "DEB-3114E827",
      -16.035239671608565,
      -164.01204084147193,
      834.5073071593106
    ],
    [
      "DEB-D91C4767",
      -44.74166298140428,
      21.935251040002623,
      328.7024392593021
    ],
    [
      "DEB-287581B7",
      -53.60788582169769,
      -89.09261671542767,
      628.0101512966203
    ],
    [
      "DEB-583E84BD",
      -51.83208168198135,
      -111.96593006863779,
      828.6956999645363
    ],
    [
      "DEB-9456EA7F",
      8.669019788641936,
      -9.390115045563409,
      625.3866105038478
    ],
    [
      "DEB-D1DE1CA0",
      4.136192367874977,
      41.37194068698401,
      321.17275578350564
    ],
    [
      "DEB-47290323",
      9.79777206636551,
      -62.832194238261266,
      404.60904226250295
    ],
    [
      "DEB-B8E6E356",
      9.848100607141381,
      42.26688151492619,
      650.7498035709041
    ],
    [
      "DEB-CEFA0EC8",
      -39.54679412492028,
      -115.89677656915298,
      788.856794504979
    ],
    [
      "DEB-625575CC",
      -33.45209964848743,
      177.35474611176508,
      478.2844177300003
    ],
    [
      "DEB-0A3F0698",
      -54.67402108069015,
      158.18102973300353,
      578.1925254948446
    ],
    [
      "DEB-883EA9F0",
      36.78156028580074,
      -172.80277206374987,
      798.3050058657509
    ],
    [
      "DEB-09CFF0EC",
      20.596412458668325,
      53.584154264248916,
      484.26757205693866
    ],
    [
      "DEB-8ED6C03C",
      32.815196416726124,
      -149.05929584310698,
      151.9869548088618
    ],
    [
      "DEB-76EC8F43",
      -32.421644306267254,
      84.12627887251134,
      149.58231753346627
    ],
    [
      "DEB-169DDFD3",
      49.72140462778108,
      21.928772729187056,
      221.66796871010138
    ],
    [
      "DEB-752B1E88",
      51.91667112287515,
      105.32351789228022,
      799.5085869693366
    ],
    [
      "DEB-B972CC45",
      -30.047037856278546,
      33.109727539008496,
      649.5965160873584
    ],
    [
      "DEB-E6EA5783",
      65.42560694301882,
      83.08367675811162,
      752.7289489297464
    ],
    [
      "DEB-F8C70D08",
      32.29977687600992,
      68.55226125690173,
      331.7822890950174
    ],
    [
      "DEB-39D906AB",
      -19.206031947006853,
      55.25175157930225,
      178.0485539264164
    ],
    [
      "DEB-1CAB6F05",
      -52.39396124361557,
      -80.56286217893889,
      878.121356011744
    ],
    [
      "DEB-B900BEF6",
      19.273396215667983,
      -136.81115656806875,
      753.6239935217673
    ],
    [
      "DEB-7C04FF5D",
      52.0968908682182,
      -151.98608951278206,
      516.361049414274
    ],
    [
      "DEB-783F0A83",
      -12.962907912324287,
      -157.11515529596545,
      179.92561603943705
    ],
    [
      "DEB-C80D2F17",
      74.97492129495919,
      21.683240409337422,
      295.14749952074544
    ],
    [
      "DEB-54CB8C5F",
      79.25402137532689,
      73.78426629040023,
      638.2294803447412
    ],
    [
      "DEB-E88437A7",
      -48.24226630877232,
      119.37295351712778,
      859.4396224585871
    ],
    [
      "DEB-BC5127E5",
      47.27628155991232,
      172.0848668635797,
      591.4612976536491
    ],
    [
      "DEB-EC8716FB",
      -22.778950190220442,
      54.9645900661751,
      225.94599349552118
    ],
    [
      "DEB-48CDBFB0",
      -47.48075103615368,
      47.140565035212546,
      436.37118232458215
    ],
    [
      "DEB-DD94F16A",
      -42.44167407407998,
      -113.7028184261457,
      841.7441071122394
    ],
    [
      "DEB-E74C4EF2",
      43.1572402817158,
      -54.599177897011224,
      804.5435115811442
    ],
    [
      "DEB-EC028857",
      -60.72862207229231,
      51.27674461678872,
      162.21623728498253
    ],
    [
      "DEB-1C953782",
      58.02898774595808,
      123.59454078461387,
      420.29740505252084
    ],
    [
      "DEB-18F97445",
      32.0185551003124,
      61.06246000119056,
      385.4360211347512
    ],
    [
      "DEB-262A766C",
      70.65118574872774,
      140.48199681189448,
      810.5604037419898
    ],
    [
      "DEB-37ACB12C",
      9.166797417360021,
      -33.01050283037213,
      874.2316405970905
    ],
    [
      "DEB-C3BF297D",
      30.141730929935225,
      68.97737105022544,
      717.2543486343784
    ],
    [
      "DEB-1306AA31",
      -29.4261750081349,
      75.20749559701375,
      875.8242494813248
    ],
    [
      "DEB-559237D4",
      25.36525749595994,
      -34.96770747064462,
      135.65556673356514
    ],
    [
      "DEB-1091FCF4",
      -1.8278479501857272,
      64.9618233202022,
      709.8393978520498
    ],
    [
      "DEB-578F0632",
      -40.67794215935018,
      -16.71903724883909,
      280.74621107727853
    ],
    [
      "DEB-326E9CEA",
      41.86411913248318,
      -85.84303111865475,
      471.7942089813705
    ],
    [
      "DEB-FDA30F51",
      -16.450986743019484,
      16.9032611306936,
      623.3169603273809
    ],
    [
      "DEB-0078E05A",
      19.23839608711184,
      139.3668118521765,
      445.3582496946883
    ],
    [
      "DEB-51B92726",
      80.09776665221844,
      -160.71588124826945,
      426.8586190326205
    ],
    [
      "DEB-37F4284F",
      38.945077730298586,
      158.63662942468446,
      142.9806857603444
    ],
    [
      "DEB-85C5FDAD",
      -52.00102784464886,
      -77.99444870215987,
      360.8540104343592
    ],
    [
      "DEB-B9170551",
      66.32016107056862,
      90.23008138287439,
      601.9531853952649
    ],
    [
      "DEB-CBCDC946",
      -10.999249089184671,
      34.56326426295724,
      336.2938231275202
    ],
    [
      "DEB-2B78AC35",
      -46.84166426923855,
      59.11076958152922,
      776.9815535924699
    ],
    [
      "DEB-C0891822",
      -45.726992164424686,
      81.26927665325688,
      772.206944181974
    ],
    [
      "DEB-07501715",
      -28.056321784250585,
      -30.766573338433414,
      301.63127835324303
    ],
    [
      "DEB-166E7AC6",
      12.302414875201386,
      73.48360203788047,
      490.22658639088877
    ],
    [
      "DEB-BF4200B7",
      -53.99087020057445,
      105.54398938157105,
      629.552252374242
    ],
    [
      "DEB-0AB8AB44",
      36.68704350540429,
      152.4642738411924,
      682.5104087550999
    ],
    [
      "DEB-6820F1BD",
      -40.54821414137265,
      80.01859400433858,
      405.66206356502244
    ],
    [
      "DEB-07D8414B",
      25.976381318327746,
      -179.91790311234362,
      842.0601864232658
    ],
    [
      "DEB-F347D707",
      54.80663513408275,
      157.9026124844609,
      286.81729705167345
    ],
    [
      "DEB-9DFA5093",
      31.10243555818957,
      140.09553428994857,
      867.2866382470211
    ],
    [
      "DEB-7C804534",
      -47.60023934623253,
      -2.736124305698157,
      271.80093492097694
    ],
    [
      "DEB-48AE73E0",
      -57.46761757748954,
      103.78905537514143,
      609.1747529098957
    ],
    [
      "DEB-C6F2F66F",
      34.79209228537636,
      83.8113449803768,
      674.3547166690332
    ],
    [
      "DEB-0AA3B492",
      17.3414296398177,
      -49.47952161538058,
      218.8244670075146
    ],
    [
      "DEB-EB88D221",
      -22.69502043069581,
      14.689603407951715,
      752.5243791138864
    ],
    [
      "DEB-CB4FB00B",
      44.725533453485376,
      -48.17896629722883,
      333.0398094848815
    ],
    [
      "DEB-6D6D3FD6",
      -10.52233051017827,
      87.75492466924175,
      782.8854906705546
    ],
    [
      "DEB-3FDACE8E",
      -38.96919378499461,
      -11.052952917241118,
      350.9608908437167
    ],
    [
      "DEB-9E934AE5",
      -73.74152001573754,
      26.479774401861253,
      287.36884361188913
    ],
    [
      "DEB-63165B38",
      6.181857786945652,
      -73.05094519245627,
      768.517101335905
    ],
    [
      "DEB-F60CAD7F",
      26.722345393114725,
      125.38495122341783,
      938.3295500141467
    ],
    [
      "DEB-AC611189",
      -4.372336739327076,
      35.10832071167123,
      863.5301291739561
    ],
    [
      "DEB-B244A052",
      44.36310685157566,
      -35.506842181049606,
      714.8915959362657
    ],
    [
      "DEB-A6AD709C",
      -20.920892772698366,
      48.03328623437109,
      440.8961332964782
    ],
    [
      "DEB-B7996F31",
      8.872476295469292,
      55.35221688071243,
      587.0476154520129
    ],
    [
      "DEB-3A14D1F2",
      49.00938442235725,
      -49.653274883162695,
      332.9571386738253
    ],
    [
      "DEB-787CC5D3",
      24.163463871024273,
      -151.49030758025495,
      663.5429585227439
    ],
    [
      "DEB-7958D07F",
      -46.742137880466785,
      157.36320903624414,
      214.1585622701059
    ],
    [
      "DEB-87F93C6E",
      -25.29587322229103,
      -20.34313702612654,
      621.3797559873656
    ],
    [
      "DEB-AB5D1791",
      -30.494460383637858,
      -114.46137334086696,
      687.29750859654
    ],
    [
      "DEB-4A02B93F",
      -37.08417296872549,
      98.87474922670096,
      236.1453817014035
    ],
    [
      "DEB-0A6E40D9",
      44.296966725988945,
      164.55522547190978,
      738.9585137732829
    ],
    [
      "DEB-326FE3BE",
      3.831391472018589,
      -170.527440851195,
      566.2419996931276
    ],
    [
      "DEB-5495F0E3",
      42.1874819152577,
      -89.8016513531321,
      199.6518627591022
    ],
    [
      "DEB-66FED930",
      59.938294839757205,
      -62.024553334469594,
      543.8748327828216
    ],
    [
      "DEB-D4F77224",
      44.9466770540189,
      -135.03694188081684,
      858.1139054897658
    ],
    [
      "DEB-C97545DC",
      -50.7286864623108,
      97.65474717945601,
      636.3707498170024
    ],
    [
      "DEB-ABD5B70B",
      -27.684276546604515,
      163.02743025493425,
      546.1707117032529
    ],
    [
      "DEB-CBE4CF9D",
      -43.960521357658706,
      1.7343758225962458,
      460.3309716204476
    ],
    [
      "DEB-5FDE9073",
      32.62744698122924,
      -176.0435763491805,
      462.8209923707609
    ],
    [
      "DEB-CA958D72",
      -16.350603490547076,
      166.8215614034379,
      902.2928961704556
    ],
    [
      "DEB-E9BDD602",
      21.01869147652769,
      137.66101077815793,
      381.7411740902726
    ],
    [
      "DEB-54338BED",
      -75.65105754520158,
      161.9102351985813,
      913.8618349247054
    ],
    [
      "DEB-373DE895",
      -16.425290678540417,
      -7.491541755786616,
      301.60854820053737
    ],
    [
      "DEB-0FC74B52",
      13.384861510945123,
      167.1544717791421,
      244.9042753051208
    ],
    [
      "DEB-16528367",
      54.914296699490954,
      144.75469861017686,
      427.9081153541756
    ],
    [
      "DEB-ED5825BD",
      -36.835031869510196,
      177.2311616650891,
      696.1209450864344
    ],
    [
      "DEB-0EC833BF",
      -50.99633453788729,
      82.87922563466162,
      464.93140917235814
    ],
    [
      "DEB-1A3EEE6B",
      55.33863780130428,
      -22.344274408146628,
      870.7478634615472
    ],
    [
      "DEB-6728C0F5",
      -53.666635333574106,
      -59.429396859055906,
      201.52683682113366
    ],
    [
      "DEB-73FC9A24",
      29.094356452739568,
      -55.40505113037744,
      889.6373246896464
    ],
    [
      "DEB-FA47D709",
      27.69616217719314,
      -147.7353873083134,
      291.02340556296986
    ],
    [
      "DEB-BD6093F0",
      -23.120971148627465,
      -77.21030638410988,
      501.45873174036115
    ],
    [
      "DEB-583E568B",
      -3.809858949177189,
      -107.8230892703175,
      881.2386662630979
    ],
    [
      "DEB-CD91D928",
      -31.46344802153041,
      117.83153527808453,
      885.8087700282085
    ],
    [
      "DEB-877E4CE5",
      24.101029919452095,
      179.30759636015554,
      841.9796501086676
    ],
    [
      "DEB-783DA2C3",
      -55.796713455590904,
      143.3124830664754,
      187.8980605503475
    ],
    [
      "DEB-69D6F816",
      -42.10988733356026,
      -120.22064295309089,
      410.6923335758511
    ],
    [
      "DEB-77CC2AC0",
      -1.1706833851735594,
      88.45873676074838,
      903.7812439851696
    ],
    [
      "DEB-CFEF8FCD",
      -5.742469673779269,
      -20.163460450816952,
      867.5193368785003
    ],
    [
      "DEB-C9994762",
      -14.810093865715732,
      38.46912703326429,
      695.3844168529658
    ],
    [
      "DEB-0FF5E3AF",
      49.041201351119796,
      86.87998776155406,
      173.97679248358236
    ],
    [
      "DEB-95D24F8B",
      6.229727575429102,
      -76.75094471591042,
      532.2060865730673
    ],
    [
      "DEB-C94CA9E0",
      -45.702604744515035,
      157.24530393066152,
      503.2974125419396
    ],
    [
      "DEB-284C866A",
      -35.36637761066096,
      -112.33273297323885,
      786.1569476929681
    ],
    [
      "DEB-66D41FD1",
      -49.3994763480125,
      -108.63674210223243,
      787.2762306567101
    ],
    [
      "DEB-02246258",
      52.14746549725888,
      -23.64725100723016,
      908.7266004800786
    ],
    [
      "DEB-6B7A1FD6",
      44.60639096767199,
      -2.4524478494372794,
      686.1822163258985
    ],
    [
      "DEB-00793E0C",
      48.70362609899118,
      4.5529501161422825,
      383.5958008488078
    ],
    [
      "DEB-FF81DDAB",
      -30.022303045604893,
      69.20148945583816,
      219.75059155318377
    ],
    [
      "DEB-684BBC80",
      -43.07584279383864,
      -139.8414650512161,
      439.9019622214155
    ],
    [
      "DEB-179B2178",
      26.566907651035034,
      -177.91484737974554,
      474.2914525501228
    ],
    [
      "DEB-79BB4731",
      0.10341836991159328,
      -125.87255847193171,
      331.39047888893583
    ],
    [
      "DEB-88FD37AB",
      76.88056536083484,
      96.85127732278009,
      785.3040945421644
    ],
    [
      "DEB-073590E6",
      23.745949880520698,
      138.7285902065406,
      471.5733376408216
    ],
    [
      "DEB-9357CF76",
      14.215001682405887,
      -127.47837760813287,
      626.4161669027753
    ],
    [
      "DEB-710FB83B",
      17.09032957270809,
      81.28018194409128,
      695.0782356699174
    ],
    [
      "DEB-9DEABED2",
      -69.88715129277291,
      68.18896314187904,
      346.68314435441425
    ],
    [
      "DEB-0E38D835",
      -56.997359483510905,
      122.2636844964089,
      259.0521133491966
    ],
    [
      "DEB-7F68FD26",
      43.898726743554704,
      140.23933785046782,
      706.1640441811742
    ],
    [
      "DEB-798D34FA",
      -24.044130396571205,
      -68.83437364254156,
      855.3872616925846
    ],
    [
      "DEB-8FCFD2F7",
      4.868550393613066,
      33.008740516359985,
      840.9265161703952
    ],
    [
      "DEB-2078C06B",
      21.045124786661216,
      12.315263278750834,
      144.45486328987408
    ],
    [
      "DEB-C0860C4C",
      -40.454343822552666,
      -153.8306893187579,
      309.4336372981343
    ],
    [
      "DEB-F9025B15",
      23.230019745772726,
      161.48302266916218,
      556.9781717176857
    ],
    [
      "DEB-6633D1AA",
      36.463231378050516,
      -150.03164676976562,
      576.1346021682639
    ],
    [
      "DEB-BF524864",
      19.861115785392897,
      38.34068879325283,
      884.8506365595267
    ],
    [
      "DEB-B43E6C7D",
      0.26776841366880666,
      48.97705664606877,
      821.0225248167071
    ],
    [
      "DEB-30E61AA7",
      -42.20526772744844,
      -53.8345111615786,
      131.59378548452514
    ],
    [
      "DEB-F46B98F3",
      -36.540136655696514,
      56.637045876398254,
      575.211933333896
    ],
    [
      "DEB-B91DF78D",
      64.83669231696894,
      24.39238504114257,
      504.0663860841496
    ],
    [
      "DEB-55F549F6",
      -0.08196270010960327,
      -61.41485445139513,
      326.04874562502846
    ],
    [
      "DEB-BA135719",
      -34.33137386945764,
      -39.221028066430556,
      543.2937986724546
    ],
    [
      "DEB-8C9EA4EE",
      0.22123846061793126,
      37.58558511444545,
      197.8326849928144
    ],
    [
      "DEB-7813DE1B",
      -81.98675086559008,
      -156.8566826400391,
      792.7339997290665
    ],
    [
      "DEB-5DB87E59",
      -9.482525285961838,
      124.05972992725916,
      839.6059704778663
    ],
    [
      "DEB-DB44828B",
      34.48690107343772,
      99.13022756405734,
      404.6242394789897
    ],
    [
      "DEB-D510F19E",
      45.00212744030839,
      40.219085188021836,
      156.9823343660746
    ],
    [
      "DEB-6E639CF7",
      41.54508343166243,
      -22.208772108745304,
      820.2389522504573
    ],
    [
      "DEB-4FD68735",
      51.71451611557731,
      -141.41196389079735,
      678.1293854426731
    ],
    [
      "DEB-495FB42E",
      -32.944653850377556,
      -109.9634491957242,
      276.46583311159793
    ],
    [
      "DEB-AFE5570E",
      0.2523458809957357,
      -71.03893208458463,
      263.1386059254046
    ],
    [
      "DEB-9BBDFBAD",
      41.4969257243747,
      59.343433581174686,
      504.70785539834833
    ],
    [
      "DEB-701C7298",
      11.251143048075994,
      0.4816568195189205,
      895.8515514582277
    ],
    [
      "DEB-1DD2DD5B",
      16.517465686631557,
      143.98510778632536,
      370.77844306704446
    ],
    [
      "DEB-E81237CD",
      -4.486099771316578,
      -113.543147309332,
      455.21515459715374
    ],
    [
      "DEB-F88A7792",
      58.90311898404068,
      -74.409866015445,
      304.21184471275956
    ],
    [
      "DEB-A826E5D0",
      -31.817119611154542,
      165.67300664014678,
      359.5441763292183
    ],
    [
      "DEB-2EAA409F",
      -45.37534583314005,
      -55.447008364658416,
      450.9819461931156
    ],
    [
      "DEB-D94F87BE",
      18.512102313020776,
      -162.6097241548256,
      275.91149258441783
    ],
    [
      "DEB-67F174D4",
      -20.587777299517075,
      125.93991592752214,
      730.2278637727923
    ],
    [
      "DEB-E0673ECF",
      4.518034588913507,
      135.87918620814418,
      661.2411505529126
    ],
    [
      "DEB-25244BDF",
      18.665364408293204,
      -110.87108626983498,
      470.6671925281571
    ],
    [
      "DEB-430A6871",
      47.052274957064704,
      67.36754727693082,
      251.2830198809097
    ],
    [
      "DEB-BD25C4C1",
      -17.588029236127415,
      104.85088558107236,
      584.5979243256315
    ],
    [
      "DEB-38788A5A",
      -41.29702894697839,
      -9.765967923766642,
      468.29767636704673
    ],
    [
      "DEB-5476BF21",
      -30.281574404990415,
      52.038202779738924,
      810.3864225335074
    ],
    [
      "DEB-277A758B",
      -30.93146509940137,
      -17.766677738710303,
      344.034858590182
    ],
    [
      "DEB-AA66D943",
      -43.29995600403498,
      175.07443275459653,
      511.4146699215253
    ],
    [
      "DEB-72BDEB9A",
      -81.43102242605384,
      -73.87233375395144,
      576.3024913111913
    ],
    [
      "DEB-8C923199",
      0.595467508431502,
      7.750073919030603,
      289.254445169483
    ],
    [
      "DEB-21127665",
      -69.45335153251095,
      60.578921805050506,
      565.7520978015218
    ],
    [
      "DEB-E127B0B3",
      12.913219303344356,
      127.69384199124083,
      222.5846920822778
    ],
    [
      "DEB-F189C01C",
      -51.072343214692324,
      127.78372796455074,
      586.8238237773039
    ],
    [
      "DEB-2AE2CBBE",
      19.380702497570606,
      -124.5641139249777,
      558.2601393040595
    ],
    [
      "DEB-B1D8B6EF",
      55.373781239304925,
      132.0817059785221,
      197.14213248793294
    ],
    [
      "DEB-595E79C4",
      30.61701273459579,
      16.219936929643506,
      550.2268520894004
    ],
    [
      "DEB-DAA77B1C",
      23.07505576705743,
      -25.49958975466102,
      295.1958514252856
    ],
    [
      "DEB-BAAFB09A",
      49.59391138880756,
      136.05460620490737,
      457.4153350216957
    ],
    [
      "DEB-D9EF7E7C",
      -22.37749978262095,
      18.97826084521929,
      122.44068762152347
    ],
    [
      "DEB-635517EA",
      28.47698228076661,
      66.68417878171087,
      885.8701617802435
    ],
    [
      "DEB-E39C624A",
      -10.117768226217446,
      -82.94792218885429,
      667.5446517672353
    ],
    [
      "DEB-930DCF1F",
      -8.137371442812091,
      -160.41173632930554,
      812.3994045541758
    ],
    [
      "DEB-1DD441BD",
      -0.5181049496733732,
      -2.576086463492154,
      269.82987993587994
    ],
    [
      "DEB-3401CEBC",
      -4.6732408820038485,
      -47.98800776298306,
      308.6894933575077
    ],
    [
      "DEB-9B3CBFCC",
      29.538933148280073,
      -95.26024003204445,
      439.0679994867287
    ],
    [
      "DEB-16E9E7BF",
      -63.18111678438777,
      -79.7607682061577,
      853.4376105414931
    ],
    [
      "DEB-C2E73F2B",
      -78.65669137395768,
      90.95567385541268,
      744.6633933830435
    ],
    [
      "DEB-57866DBE",
      64.53841149653532,
      -59.0024571848614,
      287.27111029157913
    ],
    [
      "DEB-945438E5",
      48.79435349307977,
      -144.89916025137825,
      818.8836504980491
    ],
    [
      "DEB-FFA3DAA8",
      68.27089094324259,
      -62.11115869748394,
      167.91224978129594
    ],
    [
      "DEB-00D40207",
      21.093533481094475,
      119.11396854540797,
      294.71710186579094
    ],
    [
      "DEB-436205ED",
      15.337347179508924,
      -105.09921034362065,
      535.5574878329508
    ],
    [
      "DEB-E83868C4",
      -16.018759467749998,
      -50.982075206574955,
      852.4357981502835
    ],
    [
      "DEB-3A71E630",
      1.8573012064819403,
      -11.62452493114276,
      480.8340118710721
    ],
    [
      "DEB-700D32EF",
      -32.864672733711366,
      40.6919300145742,
      165.35836807695887
    ],
    [
      "DEB-B88A4C48",
      3.4069470511026925,
      -47.438638638291586,
      211.32003188789622
    ],
    [
      "DEB-0FAEDF8A",
      -65.55171941747324,
      43.53693601928982,
      451.28739261449937
    ],
    [
      "DEB-DB4B4454",
      30.062712216325043,
      -60.48957189823305,
      210.7390273887504
    ],
    [
      "DEB-2554CD62",
      -18.726709673249392,
      91.81640858056167,
      624.8204734144892
    ],
    [
      "DEB-620C4F9F",
      58.21297487037649,
      -60.989353881841666,
      913.515387754871
    ],
    [
      "DEB-379F84BF",
      -70.86210818183194,
      -108.82851109034945,
      598.6538802918267
    ],
    [
      "DEB-0BCF7F37",
      -9.304258651348302,
      -86.1055329688877,
      645.3029799410233
    ],
    [
      "DEB-159AF491",
      48.623663986044185,
      -137.33998766729584,
      691.2998229352097
    ],
    [
      "DEB-ABCB4B9B",
      -57.406665421852395,
      -104.11053922353996,
      514.2295797373345
    ],
    [
      "DEB-1E834A4C",
      2.4892602912213655,
      -0.3364454876779118,
      737.9612560923852
    ],
    [
      "DEB-4D468F7A",
      -29.684062106990208,
      -27.919502756611184,
      424.4988393789281
    ],
    [
      "DEB-3123C786",
      50.428566995689565,
      119.32033168734371,
      861.5731054703656
    ],
    [
      "DEB-F4B0AD7B",
      59.80273582438187,
      70.44237368568376,
      486.15874732004704
    ],
    [
      "DEB-B4457022",
      12.818484925415511,
      -52.79120132062944,
      571.871384352502
    ],
    [
      "DEB-56834085",
      15.847767262223496,
      -94.60109777722798,
      604.1519854295539
    ],
    [
      "DEB-89AC55A2",
      31.149819624384428,
      -83.76763920948075,
      379.0567375876408
    ],
    [
      "DEB-20F2DA97",
      36.99126821694048,
      -173.50458108495582,
      419.1117582951201
    ],
    [
      "DEB-3ADDE7EA",
      18.61334411173302,
      -157.75342521552238,
      241.5146665312286
    ],
    [
      "DEB-1F7367F5",
      64.71707506247245,
      -40.04632156532792,
      342.0352455229804
    ],
    [
      "DEB-43C9F693",
      52.326402346547894,
      -68.55363096140152,
      531.1227229296219
    ],
    [
      "DEB-3B55C0D6",
      35.65068037314244,
      160.56626848057738,
      795.5313159707157
    ],
    [
      "DEB-F8C9B536",
      -21.279463338921598,
      -137.0221070886245,
      203.07396410665024
    ],
    [
      "DEB-A1BA163B",
      3.5829129901301897,
      84.64071567547167,
      543.1230406693303
    ],
    [
      "DEB-DE5F2A3B",
      8.87667957518548,
      -57.906643406063154,
      598.383463020863
    ],
    [
      "DEB-27F5D20B",
      5.71123983076219,
      14.335002874462596,
      166.2198558248274
    ],
    [
      "DEB-3B835066",
      -11.746974295842218,
      -129.8396726091469,
      808.0854667265912
    ],
    [
      "DEB-737CCA8B",
      17.677682545960906,
      37.33621920227763,
      342.42799993011977
    ],
    [
      "DEB-0E57D1E9",
      -60.773336426654986,
      -93.73859292985304,
      385.8453259434518
    ],
    [
      "DEB-1293B758",
      26.882059410938844,
      73.01656452696297,
      764.7728444479053
    ],
    [
      "DEB-7F9788CA",
      29.71593271089257,
      -27.91091477849694,
      588.6133472331221
    ],
    [
      "DEB-EA17C519",
      -38.54942958108023,
      121.89303122056505,
      772.2092519858725
    ],
    [
      "DEB-C7D1F0DB",
      5.121608199550771,
      79.68286442774183,
      235.19844248881236
    ],
    [
      "DEB-8367F595",
      -15.065233128590036,
      -5.864601894227435,
      852.7759745669418
    ],
    [
      "DEB-37075B6F",
      -36.01143989807183,
      70.57790057390686,
      629.2527433790365
    ],
    [
      "DEB-745DC07B",
      -50.22978708691723,
      151.26749082843352,
      208.6534712860721
    ],
    [
      "DEB-5B5AB1E3",
      -60.66141014566954,
      -33.87830616881513,
      583.1432541482418
    ],
    [
      "DEB-7486A6D1",
      15.690445970883916,
      -15.64551128440445,
      231.62419631818193
    ],
    [
      "DEB-36CBF2B5",
      -4.075115784436161,
      -167.58367777192476,
      907.3611633967585
    ],
    [
      "DEB-ECC084CF",
      36.351655864949784,
      -116.76684933409732,
      623.2842460247584
    ],
    [
      "DEB-541F169C",
      -22.889866866912172,
      52.03145012380268,
      893.9853586785266
    ],
    [
      "DEB-5929C10F",
      35.914240408269286,
      -96.53215983543897,
      786.399303704331
    ],
    [
      "DEB-D6798359",
      52.4172077155449,
      -68.90422191515098,
      118.08355926880631
    ],
    [
      "DEB-F1B3C755",
      26.475718420296953,
      30.310849924709927,
      209.5239676433148
    ],
    [
      "DEB-1C9B35D5",
      9.33726865511197,
      -61.213054711095644,
      851.7066779636561
    ],
    [
      "DEB-0ADAA6E6",
      -3.417574905691052,
      -24.62645214535995,
      897.5979776310805
    ],
    [
      "DEB-37670A3F",
      -84.78587968965817,
      -73.0917100898669,
      624.9799914962823
    ],
    [
      "DEB-9134BB5F",
      3.150704295454987,
      116.91059100694908,
      603.973158193875
    ],
    [
      "DEB-9B0B1114",
      48.48190946396518,
      -151.75894676775522,
      208.50453462418045
    ],
    [
      "DEB-658CFEEB",
      -54.36297174064836,
      -84.15836069365888,
      888.2663269200984
    ],
    [
      "DEB-9D2DB9C2",
      54.514983696025,
      20.764603433955504,
      571.1379809123855
    ],
    [
      "DEB-84391F9B",
      -14.104419383079437,
      -49.31616762023453,
      721.8155100577433
    ],
    [
      "DEB-7251F1F9",
      -44.82903264712318,
      -59.356216525506774,
      442.94245554386
    ],
    [
      "DEB-9F48ED41",
      4.351420052089036,
      40.80765235241402,
      498.81192073676993
    ],
    [
      "DEB-3A1AA9D9",
      -7.319986990881413,
      -105.46276913312087,
      241.58220978058216
    ],
    [
      "DEB-D547397A",
      0.9686210036930692,
      102.99743062963817,
      664.7328162287104
    ],
    [
      "DEB-B5326BDD",
      65.55872691568604,
      138.01637450352513,
      362.1076975346732
    ],
    [
      "DEB-B109E46B",
      -45.029570923863105,
      179.5086372623785,
      473.1915897034032
    ],
    [
      "DEB-14D353D0",
      -34.780446464731234,
      -14.729890458210285,
      459.271116875655
    ],
    [
      "DEB-CEE581A7",
      -4.914524543651266,
      -172.67002964097978,
      242.6929812546905
    ],
    [
      "DEB-3FC767F3",
      54.498296600861266,
      19.543668724258033,
      684.3147320575681
    ],
    [
      "DEB-D46F053C",
      -14.339565048617647,
      168.14515035588218,
      164.86362535735498
    ],
    [
      "DEB-E1E2BD57",
      4.468978048237865,
      -44.14618908011642,
      257.93826753559733
    ],
    [
      "DEB-2DE2EB57",
      -60.268164117632736,
      89.6458783420134,
      153.41609841589525
    ],
    [
      "DEB-A99DEAA6",
      0.9555032813298858,
      132.45353229162112,
      825.4891458079155
    ],
    [
      "DEB-95B82DCD",
      41.47100948802094,
      79.12728610024921,
      131.15733711235953
    ],
    [
      "DEB-CAC2AA86",
      -29.290678573643742,
      -96.13600593755751,
      453.30288514778385
    ],
    [
      "DEB-683ECB7B",
      -69.96041048309569,
      31.982442158541225,
      629.7361479332349
    ],
    [
      "DEB-008B9B43",
      -22.405488900441664,
      -80.15259923944026,
      512.7296501703931
    ],
    [
      "DEB-A2536A33",
      55.03454771310374,
      81.12067052534226,
      654.0489725072312
    ],
    [
      "DEB-E7B26C0C",
      -43.63910761100058,
      117.7430878358031,
      551.9283776053126
    ],
    [
      "DEB-BA338B5E",
      19.945841548831986,
      -116.41062481852303,
      688.7060602070069
    ],
    [
      "DEB-F0CC63B8",
      -66.33008704099257,
      98.41139481346659,
      168.61085962889138
    ],
    [
      "DEB-63529335",
      -13.131247951420319,
      27.301378164524266,
      451.0816246250688
    ],
    [
      "DEB-02D49CF5",
      12.031755223682104,
      -151.9271391601091,
      833.8576927653248
    ],
    [
      "DEB-76AAB6BE",
      -51.1864531827858,
      -78.65799591103818,
      699.9565157402376
    ],
    [
      "DEB-9B00AFB9",
      23.37213982761908,
      109.81606139890448,
      227.16554895080662
    ],
    [
      "DEB-C5AFC922",
      19.917043505421308,
      -136.76404828555937,
      271.50907815629853
    ],
    [
      "DEB-A3D7BC2F",
      -14.060195133322667,
      166.2206903325361,
      557.0820099933735
    ],
    [
      "DEB-CB29985E",
      -32.64373501764791,
      59.05715260352371,
      183.6471850911239
    ],
    [
      "DEB-3BA35C24",
      -8.264259169021821,
      -43.99233738954817,
      213.17825099560287
    ],
    [
      "DEB-38CB6C73",
      -13.526825835148752,
      -22.5142278692978,
      444.5631868559685
    ],
    [
      "DEB-F4752F55",
      58.03834560596476,
      -55.244321520022254,
      776.1800150784929
    ],
    [
      "DEB-5D86299B",
      53.78041099468855,
      -136.80471064188995,
      488.459054477481
    ],
    [
      "DEB-061FF84B",
      46.27477670244482,
      76.26495140678325,
      219.36239948767889
    ],
    [
      "DEB-239C841E",
      71.68028277769481,
      -179.8276394670483,
      185.77118586250344
    ],
    [
      "DEB-5D75E9D3",
      -54.67048991928678,
      -157.29829169425574,
      794.975430324309
    ],
    [
      "DEB-FA28E2AE",
      -31.954067595632612,
      20.344075877024327,
      651.1172776198446
    ],
    [
      "DEB-3DB9E810",
      -18.813922798680768,
      -174.46077332751292,
      850.3754015396926
    ],
    [
      "DEB-6135301B",
      82.22767488417716,
      131.9208073666,
      485.5064027369899
    ],
    [
      "DEB-ADB638A4",
      -19.390342233603164,
      35.810892019479546,
      576.3380737834841
    ],
    [
      "DEB-238B8E72",
      -37.29557407331362,
      169.61960055507328,
      338.5931568886772
    ],
    [
      "DEB-DEB3D27E",
      -11.22461614714705,
      61.97673539735398,
      358.67823534045874
    ],
    [
      "DEB-BEB61B16",
      -1.9828622804740579,
      133.32251646576103,
      217.95876954742016
    ],
    [
      "DEB-8A2560F1",
      18.434014927118472,
      18.800994778648167,
      795.6805030105861
    ],
    [
      "DEB-063FAC89",
      2.187438544514199,
      59.89192896829716,
      344.4974327245727
    ],
    [
      "DEB-F7F7D2FA",
      46.4777541065515,
      46.78670021171807,
      162.9001690803716
    ],
    [
      "DEB-2FDDF488",
      78.68009062954557,
      170.62618926126018,
      787.756756147457
    ],
    [
      "DEB-611D4B2C",
      -27.750100963885856,
      -171.21058974091164,
      863.1814175402405
    ],
    [
      "DEB-F4AFEC9B",
      44.13435090536462,
      118.64829150868475,
      779.297759526733
    ],
    [
      "DEB-BD29D4C6",
      16.238564072991004,
      4.162109612037952,
      561.1223792232022
    ],
    [
      "DEB-D050D38B",
      -44.234681640600236,
      163.35990272617946,
      184.21694648671382
    ],
    [
      "DEB-C27E20A8",
      28.639362224961133,
      -154.02329716796245,
      250.70039711574918
    ],
    [
      "DEB-E6EA3B45",
      -22.410511648601606,
      -171.0894021031911,
      538.538179474881
    ],
    [
      "DEB-02A0BA56",
      31.083178573572035,
      3.166752586071151,
      818.0522263715939
    ],
    [
      "DEB-D7E3AD67",
      3.3108176283386834,
      160.53133095070464,
      457.7405917502574
    ],
    [
      "DEB-00EF41FA",
      43.54611908227632,
      130.94410003547588,
      757.5962435156889
    ],
    [
      "DEB-7CE05ADC",
      -9.121276648025312,
      -102.62322314708919,
      488.7901795813723
    ],
    [
      "DEB-09028AEE",
      -18.12541436802071,
      -85.24657194041636,
      314.0609499398224
    ],
    [
      "DEB-BA0383EC",
      -5.829186686697184,
      25.88984146144835,
      451.2197596662445
    ],
    [
      "DEB-B944E906",
      -67.65584612063758,
      -29.073650583973347,
      490.12257125762244
    ],
    [
      "DEB-E6B41C88",
      -36.19916786951854,
      124.50566727147047,
      407.14735398919584
    ],
    [
      "DEB-87E2B207",
      32.28644984170769,
      -11.057563659799612,
      657.1302180314706
    ],
    [
      "DEB-4311294B",
      59.13898464630081,
      -27.098991239324906,
      277.40504722307014
    ],
    [
      "DEB-7CAE1867",
      -4.223120368996723,
      -6.197826837280727,
      595.4711068188417
    ],
    [
      "DEB-9DA9315D",
      21.846289808936866,
      -40.74656901886198,
      730.5886781753479
    ],
    [
      "DEB-87561C35",
      28.570396880763496,
      -54.888899630520115,
      826.8044964447563
    ],
    [
      "DEB-884283CB",
      7.7812515117170715,
      -9.188700244844075,
      611.5552375089719
    ],
    [
      "DEB-9D4AD93E",
      50.30118307785139,
      67.92165259992612,
      368.398956961948
    ],
    [
      "DEB-EA6F57A3",
      28.112657521613933,
      89.34453950058013,
      750.6756591351968
    ],
    [
      "DEB-7873CE89",
      -65.1897439103734,
      -54.114304063209204,
      327.5444337400668
    ],
    [
      "DEB-F35F6ECF",
      -44.25563727164556,
      -54.92909289080271,
      699.355047105867
    ],
    [
      "DEB-95798324",
      0.9779444101965363,
      -37.85708240111956,
      477.74099507332085
    ],
    [
      "DEB-3A701BB5",
      -2.793075782176625,
      147.73527599091415,
      586.4918180136629
    ],
    [
      "DEB-6276EEC2",
      21.61697877212604,
      -0.28989200240477625,
      254.77799708298335
    ],
    [
      "DEB-8AC27C8C",
      -5.270840720981758,
      64.74746878474078,
      852.0615965831084
    ],
    [
      "DEB-DEE7AD9F",
      64.88111892122167,
      -162.8763024187289,
      138.272501849533
    ],
    [
      "DEB-56ECB98E",
      36.150763514169725,
      159.436687014961,
      436.1061063512898
    ],
    [
      "DEB-3FB4C84C",
      5.638652144589305,
      -29.577173036303833,
      275.0840301857306
    ],
    [
      "DEB-9DDF0A34",
      69.09148209020377,
      148.07070796982302,
      456.86892008355153
    ],
    [
      "DEB-8A0C31C0",
      -64.83228102806632,
      171.54234455648094,
      765.106739450056
    ],
    [
      "DEB-04D3DA7A",
      -66.27974296001727,
      -25.2907065637375,
      720.7748859268067
    ],
    [
      "DEB-ED268616",
      -12.041779932541857,
      -112.69740398683912,
      352.33617623193186
    ],
    [
      "DEB-174505CA",
      25.991834948557877,
      2.992478388946259,
      702.4369241040349
    ],
    [
      "DEB-E91415ED",
      11.34781699840027,
      -165.18259288614306,
      657.5462028259926
    ],
    [
      "DEB-C817CE5B",
      -10.574726566622402,
      45.72956805727799,
      807.5982486512121
    ],
    [
      "DEB-91EC9804",
      -51.52554698897623,
      -39.615298165962926,
      210.89846312336613
    ],
    [
      "DEB-6EE86B4E",
      61.65650266845465,
      64.15493655825361,
      365.71824553570787
    ],
    [
      "DEB-EB47DCB6",
      -47.42233306175686,
      -153.7489839338964,
      427.06861837919405
    ],
    [
      "DEB-56FBF949",
      26.051885970987925,
      -81.72789452023997,
      404.68566149229264
    ],
    [
      "DEB-657BAE1F",
      -63.06392714063615,
      -143.29013117942466,
      226.94122221299403
    ],
    [
      "DEB-43CC1AE3",
      1.0154124345604847,
      -20.89555867921539,
      677.2351620259096
    ],
    [
      "DEB-4EF09F5E",
      41.39122061412706,
      4.106066025063457,
      358.30935381613654
    ],
    [
      "DEB-37D39794",
      -32.218928894536525,
      167.63909874992072,
      767.0804401320793
    ],
    [
      "DEB-0D7FFD71",
      20.476923533214276,
      -23.324668828915744,
      257.1184427528842
    ],
    [
      "DEB-AEBF2F42",
      20.85906167292646,
      77.88100954852139,
      517.8612808373346
    ],
    [
      "DEB-90F7EE0C",
      -2.4938807939326044,
      158.108678413674,
      194.1037816412454
    ],
    [
      "DEB-D750FD93",
      61.11903951908335,
      71.76876625153353,
      650.2749135702998
    ],
    [
      "DEB-7C50BC03",
      -3.4619624506026425,
      -177.21297946127322,
      482.5688073766187
    ],
    [
      "DEB-0C5EA66D",
      -34.22726377675917,
      -128.30912919982362,
      364.75429342867756
    ],
    [
      "DEB-D46F3C0F",
      -78.01196596633098,
      -147.10931393712022,
      892.0806043026878
    ],
    [
      "DEB-4FA1D770",
      43.7837081106613,
      62.839534400194296,
      608.9483445055439
    ],
    [
      "DEB-0B73B850",
      -18.648534827318546,
      -21.870608780370908,
      201.67250458153467
    ],
    [
      "DEB-ADB8EEA7",
      -11.231643541401564,
      106.51441041211442,
      603.564917223568
    ],
    [
      "DEB-3F54694B",
      -77.33445297325791,
      138.9230278634433,
      212.36529276624333
    ],
    [
      "DEB-31779EA6",
      66.27255310995297,
      79.67610763784305,
      370.0793989191179
    ],
    [
      "DEB-D9D739C1",
      -43.383454398771086,
      148.08576866711448,
      425.8362588090167
    ],
    [
      "DEB-5AD120D7",
      37.97275069919572,
      148.65683966176277,
      243.9955143662637
    ],
    [
      "DEB-264F5B0C",
      27.675197232997935,
      -147.70861106369074,
      447.58444364020306
    ],
    [
      "DEB-2458DFC1",
      -10.352006623386277,
      -13.197779450787388,
      131.73044511498665
    ],
    [
      "DEB-317253B5",
      -18.006143288437155,
      -153.85147533193822,
      252.50788846987416
    ],
    [
      "DEB-866404EE",
      -3.0944847504465582,
      160.496533702157,
      571.2103956096153
    ],
    [
      "DEB-C8C1C77A",
      17.701978639503654,
      172.07032571928266,
      877.2307149408398
    ],
    [
      "DEB-C523AE77",
      -35.21840759435997,
      171.13247856107495,
      735.1689989791848
    ],
    [
      "DEB-BAFCC7F6",
      -42.015931236488434,
      97.40582259105591,
      795.8104430932426
    ],
    [
      "DEB-DD3B1CFB",
      -42.092149547031354,
      91.96920399798128,
      539.2938298779072
    ],
    [
      "DEB-7DD189CC",
      -38.827214642152974,
      -179.58062109417975,
      563.5608249877341
    ],
    [
      "DEB-51174C9D",
      53.11656691029445,
      -61.27494113130409,
      825.8547830860234
    ],
    [
      "DEB-0242D44C",
      -31.216890249091485,
      -107.21646276329949,
      443.86204426932363
    ],
    [
      "DEB-174FE5AB",
      -50.395170849693464,
      -167.21592153578942,
      860.5130354584335
    ],
    [
      "DEB-20D93490",
      -68.7060680960684,
      -64.03307820913443,
      857.2642736667976
    ],
    [
      "DEB-A39B891C",
      1.75045410112448,
      76.51726378388999,
      402.39660075271786
    ],
    [
      "DEB-D859233B",
      -36.20094515118409,
      73.22560981669048,
      869.9415276726613
    ],
    [
      "DEB-C518118F",
      59.71153278177237,
      97.27049308538471,
      840.5027785118609
    ],
    [
      "DEB-F75F1B0E",
      -64.9081271224586,
      -97.13793858501059,
      187.67629133243463
    ],
    [
      "DEB-3FE61D69",
      45.98876426669767,
      -63.16996510931461,
      563.0262694236653
    ],
    [
      "DEB-A5352E73",
      18.401890930557123,
      -162.98934842147926,
      808.4814698982455
    ],
    [
      "DEB-69F6DFAC",
      -32.89753561141101,
      -112.88301415198877,
      802.7822462103813
    ],
    [
      "DEB-F1EE69D2",
      -5.865273585303657,
      -90.16462088799237,
      690.0318411276576
    ],
    [
      "DEB-124F7D35",
      42.70814509436799,
      20.327451340610793,
      472.6116173858736
    ],
    [
      "DEB-1412B1DE",
      80.02552213957135,
      124.46178022237818,
      615.647555732915
    ],
    [
      "DEB-3AAF3F51",
      -32.82536289407811,
      -71.49955705973143,
      515.0994835664469
    ],
    [
      "DEB-D240EFB4",
      -8.612061461031656,
      74.10666245782295,
      544.4084203441562
    ],
    [
      "DEB-FA5A5059",
      -21.68990948106868,
      125.74698988702221,
      791.2093704742056
    ],
    [
      "DEB-F9B876DA",
      13.225323685164051,
      -155.2896969967487,
      291.82878474832614
    ],
    [
      "DEB-99721D4D",
      1.3136510227852694,
      -27.294410823357456,
      258.60291259443966
    ],
    [
      "DEB-D6D8713E",
      -24.97271904272088,
      6.189821910238891,
      587.4846682014277
    ],
    [
      "DEB-2450D07D",
      29.5797095377057,
      -46.259996259607945,
      303.4973423020929
    ],
    [
      "DEB-4C66DEA5",
      -17.9962695460981,
      -172.24715156410224,
      432.46305809235855
    ],
    [
      "DEB-72C036C5",
      28.18440693975216,
      -112.39468693421992,
      617.59398524885
    ],
    [
      "DEB-F1607FB4",
      -12.455814707139657,
      -117.6247973771371,
      219.27552813847433
    ],
    [
      "DEB-749395FD",
      38.61822597016982,
      -146.80541400171003,
      360.5901751114761
    ],
    [
      "DEB-19EDDE1A",
      43.3562027393513,
      102.22616077720292,
      720.227056942138
    ],
    [
      "DEB-8857C69A",
      -14.936025056310642,
      -46.914372796112076,
      412.135052061426
    ],
    [
      "DEB-C9A9CC8E",
      -16.00723904255007,
      -98.74473056167727,
      351.8690420863513
    ],
    [
      "DEB-0475C89A",
      22.717256630670114,
      -98.08200789083854,
      592.0607670683103
    ],
    [
      "DEB-65097DDE",
      42.76870760367156,
      127.60133798411178,
      524.0567072005979
    ],
    [
      "DEB-019A450C",
      -61.18920187990916,
      124.28489022077032,
      584.9367679460975
    ],
    [
      "DEB-4539FC4D",
      22.375816136876463,
      55.89606092700301,
      374.993209533337
    ],
    [
      "DEB-B2382F8E",
      -64.16483866672962,
      -158.47223349414597,
      697.3431106600892
    ],
    [
      "DEB-44A40E21",
      3.1250667695586767,
      17.72097626544529,
      788.7514318610301
    ],
    [
      "DEB-5A737526",
      -43.20121368360685,
      90.89445362573039,
      524.1858881359185
    ],
    [
      "DEB-6832AE08",
      -49.66570888013854,
      -103.66632403130313,
      795.1390671391118
    ],
    [
      "DEB-485FF753",
      -2.4581778305959197,
      66.37646800442069,
      500.5378822052862
    ],
    [
      "DEB-92D76865",
      -52.123748541805625,
      173.24512719500893,
      265.40667850486807
    ],
    [
      "DEB-0FC913D8",
      12.37909685442672,
      -146.3406194810388,
      797.6107311604401
    ],
    [
      "DEB-B2F0B65C",
      37.181251984725854,
      154.20447113832358,
      698.679205212049
    ],
    [
      "DEB-56FFDBBD",
      -4.984568886384744,
      114.24986663398703,
      477.9919136058161
    ],
    [
      "DEB-68D59A17",
      43.918263012066646,
      51.378699515463325,
      177.56490927688264
    ],
    [
      "DEB-5FBC09BB",
      53.67902069007887,
      -141.06510787822847,
      605.1737474835845
    ],
    [
      "DEB-59F21808",
      -3.735179559633182,
      56.142381606998974,
      807.9370508218044
    ],
    [
      "DEB-95022C72",
      -10.737419034245908,
      -145.97614080501862,
      903.3171322965463
    ],
    [
      "DEB-3A26BDDA",
      1.2590605528405068,
      -89.76931218184424,
      226.39645852045305
    ],
    [
      "DEB-2AA3420A",
      -31.47989300779527,
      -88.38604897154924,
      578.6566341625921
    ],
    [
      "DEB-88351A2F",
      4.254092443689498,
      40.915993063968344,
      348.89868726082204
    ],
    [
      "DEB-35FFDB1D",
      13.470505397179492,
      -24.027855057141846,
      763.8942265561855
    ],
    [
      "DEB-44FFA41E",
      1.3111814301005786,
      -122.76590366959375,
      241.15207480668505
    ],
    [
      "DEB-55A3BCA5",
      -33.0901694263063,
      -44.30868081188221,
      256.4726270218098
    ],
    [
      "DEB-004AD30E",
      29.80497983244838,
      -90.4634438378216,
      187.66384395995374
    ],
    [
      "DEB-32FCA07F",
      -21.842997260546756,
      -125.44885717937134,
      132.46204136293545
    ],
    [
      "DEB-748B930B",
      -69.53811850892316,
      -131.8972584373892,
      169.3489550871609
    ],
    [
      "DEB-C4BA0C15",
      66.61318160038887,
      27.417608160308536,
      205.242220539767
    ],
    [
      "DEB-1E2BEF63",
      28.120213486177324,
      111.6749370826822,
      323.4252893700059
    ],
    [
      "DEB-47002E96",
      -65.81752940172532,
      -75.06690312904216,
      491.5596603217091
    ],
    [
      "DEB-65207084",
      57.968774070167306,
      79.88600958314674,
      274.00265481019596
    ],
    [
      "DEB-EC9AD54B",
      -59.27379370119277,
      -129.8594751585369,
      353.59274036349143
    ],
    [
      "DEB-AF22C7DD",
      -60.745985875812885,
      46.753232175361404,
      533.5285564957221
    ],
    [
      "DEB-81735B91",
      -32.76196444577121,
      -34.015441151852166,
      850.9900561260938
    ],
    [
      "DEB-93012E5E",
      37.236042625878476,
      81.57386331398257,
      571.1979465230434
    ],
    [
      "DEB-F709E6EF",
      -55.08365009583603,
      -123.49843356825401,
      494.22288578441294
    ],
    [
      "DEB-D9134205",
      -6.801201575448468,
      -106.43189930501138,
      389.5598029780749
    ],
    [
      "DEB-64A62A33",
      -30.716478317050836,
      106.61484332189303,
      880.3147793009803
    ],
    [
      "DEB-B9687903",
      -10.012363681458517,
      126.00938451257105,
      305.186298741728
    ],
    [
      "DEB-325C494F",
      80.68042001463233,
      -50.02169459634175,
      634.120630497192
    ],
    [
      "DEB-91EFBC71",
      15.328013672442024,
      36.64857000858607,
      177.6154316449456
    ],
    [
      "DEB-95A22D0F",
      2.1585799667702235,
      -107.76105325013798,
      233.74864488051116
    ],
    [
      "DEB-FD5CE6C9",
      -21.275967642085153,
      157.82364626825407,
      326.94167776801896
    ],
    [
      "DEB-6BB3A0BA",
      6.137011226999267,
      124.41441244956188,
      180.81408915313023
    ],
    [
      "DEB-925A530E",
      2.515748772556426,
      60.12253576785206,
      551.7733884151294
    ],
    [
      "DEB-85BE6A85",
      -59.57015918939623,
      95.26624943119286,
      452.2100143146863
    ],
    [
      "DEB-AEDC080D",
      31.273287781806772,
      -9.154732263918357,
      250.95521387968256
    ],
    [
      "DEB-B6CDC1A8",
      25.095817596923943,
      -83.86129380038327,
      116.2870223069358
    ],
    [
      "DEB-3E41F243",
      10.678493520555008,
      -122.63518565648096,
      505.85938546435045
    ],
    [
      "DEB-EBD3F28A",
      16.464869435459292,
      69.77379337608933,
      704.2769014767282
    ],
    [
      "DEB-5B1B65FD",
      43.7899622601297,
      22.149308830192865,
      254.88484149218402
    ],
    [
      "DEB-C3166325",
      -51.82389762251217,
      -165.94292491023845,
      692.9500801992854
    ],
    [
      "DEB-13084092",
      -36.965292525714304,
      110.05363065726458,
      121.32002182630822
    ],
    [
      "DEB-BB95669F",
      -55.334912237470085,
      -132.19730842008505,
      874.2776714176061
    ],
    [
      "DEB-96AFEA4F",
      -11.613703156310002,
      107.76159580855739,
      135.2604647240678
    ],
    [
      "DEB-B0BE191B",
      -11.187589711639927,
      -46.817331786197066,
      428.8404956741142
    ],
    [
      "DEB-9A8F5A62",
      -30.00773979001068,
      100.58817867228261,
      131.81644855357717
    ],
    [
      "DEB-267474DE",
      -23.202118815544416,
      -45.48291576429584,
      781.5221176855357
    ],
    [
      "DEB-4DB3FEEC",
      18.342360787327184,
      122.95926944984615,
      829.9677529578948
    ],
    [
      "DEB-8D079FB1",
      -1.065198464980202,
      -140.1911443955778,
      533.3371642243519
    ],
    [
      "DEB-236B3961",
      -77.63377327793818,
      19.581679693323853,
      191.06053093548144
    ],
    [
      "DEB-83A871AC",
      -41.19072955743215,
      -21.16275358782959,
      804.7741809163326
    ],
    [
      "DEB-E7FAD5FD",
      16.58192477662954,
      11.779111089612094,
      845.4977758930227
    ],
    [
      "DEB-8230D2CC",
      47.897341218160356,
      87.65631898908543,
      228.09365558721674
    ],
    [
      "DEB-C76BE779",
      -64.35428277930976,
      -85.75978046351801,
      905.0721263564719
    ],
    [
      "DEB-DD836AFC",
      -42.42694149375283,
      -104.58120044413711,
      611.84471195082
    ],
    [
      "DEB-0B66495B",
      -4.387978604337626,
      79.14366331556,
      192.48462277231192
    ],
    [
      "DEB-EFEC0072",
      -66.81091496576325,
      -59.829951619444614,
      376.24156551841406
    ],
    [
      "DEB-42EAF240",
      55.64877126035729,
      134.971527440292,
      931.3446030900113
    ],
    [
      "DEB-D29DFB95",
      3.1950405101371007,
      -47.38396238123894,
      897.7720214327692
    ],
    [
      "DEB-08B91892",
      -8.566607597701246,
      105.86943189576668,
      857.5399617079484
    ],
    [
      "DEB-B1E64F9A",
      -26.126461721584196,
      122.76506913874438,
      728.2232747595599
    ],
    [
      "DEB-FA6EFE73",
      -23.781618419875535,
      -0.1487619893922449,
      727.4173293131298
    ],
    [
      "DEB-7383670E",
      -41.9789722892658,
      -72.61633026568272,
      899.3953340439348
    ],
    [
      "DEB-28C5A80E",
      -37.72839130922307,
      -25.596499771331025,
      406.42634675537556
    ],
    [
      "DEB-774E62F3",
      -32.82298657967163,
      -45.93411658324,
      129.1065671525639
    ],
    [
      "DEB-9BD4DF40",
      -33.03533285983938,
      -109.42219949966857,
      807.9950475221112
    ],
    [
      "DEB-19776FD4",
      16.814779360146865,
      -62.00569577306212,
      487.3128451771727
    ],
    [
      "DEB-8F8EB9A3",
      11.922537107297332,
      -111.00920967759615,
      327.4057024004278
    ],
    [
      "DEB-C0817DAE",
      -12.616802332049327,
      128.24410599580048,
      266.0348037120293
    ],
    [
      "DEB-ED02F2E8",
      -27.452992469801533,
      -103.58489715054924,
      832.594670895437
    ],
    [
      "DEB-F27985A4",
      27.390297194457023,
      87.78660362814568,
      568.7601878263167
    ],
    [
      "DEB-DC800B11",
      -36.4338223018747,
      174.66513452439509,
      513.52505390633
    ],
    [
      "DEB-897EC84B",
      -38.16724436128136,
      54.354409398493765,
      192.88718168068135
    ],
    [
      "DEB-09058B2F",
      67.67298362888062,
      -74.457555865068,
      157.16347979108195
    ],
    [
      "DEB-3A715D48",
      28.745147493014827,
      -71.99764025411015,
      127.69135711836589
    ],
    [
      "DEB-F778BA10",
      41.8210888154721,
      158.53385494045492,
      890.0930251805066
    ],
    [
      "DEB-423586BB",
      -12.05245218818998,
      69.5430917540767,
      849.2104527859501
    ],
    [
      "DEB-141D85FC",
      62.7126055735664,
      92.14436959063745,
      513.9602182914832
    ],
    [
      "DEB-8B2FD9F2",
      -34.67646270037785,
      -54.06161121896504,
      826.4193797906364
    ],
    [
      "DEB-68BF7104",
      -60.2254511779605,
      22.30211086835893,
      682.3321225087475
    ],
    [
      "DEB-5EBC4A04",
      -13.898738785818413,
      133.9280040012979,
      259.41395774392186
    ],
    [
      "DEB-204C6160",
      16.402672873200626,
      -141.5077540353167,
      725.386153279931
    ],
    [
      "DEB-0A897E8A",
      -30.334614470760325,
      145.82663924100945,
      777.7742085009831
    ],
    [
      "DEB-3DC8CD68",
      11.364773501667226,
      -127.73725776653063,
      797.1603217377833
    ],
    [
      "DEB-4551ED9E",
      3.4607236748029244,
      -76.10280000888089,
      854.5489212794855
    ],
    [
      "DEB-D6D055F8",
      17.29281943599509,
      -155.61778752130834,
      809.3144171064523
    ],
    [
      "DEB-F2D2E5B9",
      -12.368436276865996,
      19.96296476339404,
      863.2518649329231
    ],
    [
      "DEB-8717368E",
      49.889307810215904,
      -124.35221588520626,
      643.644276749651
    ],
    [
      "DEB-CD6A722A",
      60.199603069422274,
      77.32220897705164,
      893.4851249738886
    ],
    [
      "DEB-78FE3502",
      68.26585134198524,
      65.75446742900661,
      389.6223325992614
    ],
    [
      "DEB-2A2F9A38",
      -21.48588063319159,
      -22.114801526677432,
      534.85467237786
    ],
    [
      "DEB-27B5FF86",
      -26.668532520195612,
      96.9873643118866,
      880.444236297757
    ],
    [
      "DEB-D3CE7898",
      27.566517432814774,
      131.94098089964515,
      117.27640782175331
    ],
    [
      "DEB-91F80A82",
      38.69424074751541,
      -16.654956270690043,
      211.83584387051724
    ],
    [
      "DEB-D8589FA0",
      -8.655403522466727,
      -34.95796266711556,
      912.6235838202247
    ],
    [
      "DEB-1A9B8D86",
      -41.24067203239603,
      82.64499526495548,
      760.7680902723496
    ],
    [
      "DEB-F7DDCDA7",
      53.22585921385063,
      166.15083531983862,
      527.5629118619554
    ],
    [
      "DEB-B67468B6",
      28.559016767843513,
      -73.71400733806738,
      525.7924615469256
    ],
    [
      "DEB-8725E161",
      17.760989109784056,
      13.601982617341795,
      246.8888944785831
    ],
    [
      "DEB-8D3591F7",
      20.610592435020912,
      50.521891120066535,
      470.9887934166445
    ],
    [
      "DEB-217AC9E7",
      69.50138162796617,
      -156.25119835756325,
      281.0633197533043
    ],
    [
      "DEB-E884E7F5",
      -26.43782718106676,
      145.24368611299934,
      708.0592665676995
    ],
    [
      "DEB-114D4BF9",
      -1.9732139896179752,
      49.031885899085616,
      357.8173235611375
    ],
    [
      "DEB-96A34E94",
      30.331429640058644,
      158.79674530195308,
      909.9170328340442
    ],
    [
      "DEB-E6656B4A",
      74.73185912313724,
      27.113914128919678,
      671.6040938415972
    ],
    [
      "DEB-2505C399",
      -7.332578064926918,
      -113.67991699922594,
      659.3036118560221
    ],
    [
      "DEB-57D0D084",
      17.362579735611163,
      168.03447343067123,
      678.309632680599
    ],
    [
      "DEB-8594D35F",
      40.71383210259108,
      -104.9309810365853,
      259.4507265719358
    ],
    [
      "DEB-FA8486BB",
      -37.408770452565804,
      60.37833027002524,
      409.87438938788273
    ],
    [
      "DEB-178B7D1D",
      -75.57940153377578,
      -146.2030130008981,
      147.8867804985839
    ],
    [
      "DEB-BCCEB1D2",
      13.758947253460487,
      -149.41241230294432,
      771.7038165720523
    ],
    [
      "DEB-E2285A42",
      2.7009478733446626,
      46.40214326082287,
      533.0018866232604
    ],
    [
      "DEB-0EFB1BF6",
      -2.8831572164374726,
      127.46611926314922,
      695.8417797315205
    ],
    [
      "DEB-D621F620",
      -61.04209548901286,
      157.8727238100363,
      387.95837197378387
    ],
    [
      "DEB-083CDA47",
      -9.042415168230983,
      -19.372929740296787,
      904.3097404230839
    ],
    [
      "DEB-8B3E078D",
      -31.843768029528974,
      140.28151508868444,
      512.0272966681687
    ],
    [
      "DEB-F8E72F0A",
      -11.888403864902891,
      -6.148882529184207,
      679.5379607775576
    ],
    [
      "DEB-FDBDE032",
      -12.42826247196303,
      -140.19956270155342,
      600.2964282009552
    ],
    [
      "DEB-729796ED",
      -70.53927602531017,
      176.3073427579186,
      782.08421603033
    ],
    [
      "DEB-5D3F187A",
      52.75434866488654,
      142.66288451873135,
      735.9932699609044
    ],
    [
      "DEB-32B3B1D0",
      -11.67857379186194,
      97.80023791094501,
      895.0026543409922
    ],
    [
      "DEB-D5882245",
      -9.229142959169812,
      39.973780891888964,
      436.6973784942602
    ],
    [
      "DEB-D664574A",
      -3.7723993194923082,
      65.33223965585348,
      705.830479924266
    ],
    [
      "DEB-04078ADE",
      -1.6764542402832938,
      19.54738670675129,
      683.1995550484016
    ],
    [
      "DEB-129196E5",
      55.13080108020439,
      -49.44626489783106,
      703.3449246049795
    ],
    [
      "DEB-B75A04FE",
      -69.58021530962647,
      160.3508186279509,
      131.74016051782473
    ],
    [
      "DEB-7526DE99",
      -33.643145883198144,
      110.3298689348383,
      668.8941143809561
    ],
    [
      "DEB-F49265D6",
      -28.482056323210344,
      -15.56904683812861,
      265.52881613061345
    ],
    [
      "DEB-6714B67F",
      -36.8301844118676,
      -0.42541501471220783,
      683.568613028413
    ],
    [
      "DEB-DAFA04F7",
      58.24983787115914,
      153.3181162592953,
      352.4097671059926
    ],
    [
      "DEB-E0B11764",
      -39.499204018595364,
      15.785459577385934,
      917.0703553395624
    ],
    [
      "DEB-5BF19271",
      -54.79773783238734,
      60.47460097656882,
      164.29320087123415
    ],
    [
      "DEB-63801714",
      -70.6023745018665,
      -61.52194413494168,
      541.1732175202114
    ],
    [
      "DEB-092B6A5F",
      -44.87984298585061,
      168.05206700738466,
      190.9500229758687
    ],
    [
      "DEB-91BB1094",
      4.9960342443787304,
      -79.25344368481613,
      831.2118364497564
    ],
    [
      "DEB-18D4F5F0",
      1.5913072703399362,
      110.47977801001987,
      769.6542059992016
    ],
    [
      "DEB-3F6AC06A",
      -75.42811706367718,
      163.93993532943267,
      548.9373761583638
    ],
    [
      "DEB-7D45FFEE",
      67.53754733874909,
      -93.93650115800297,
      740.3392807303226
    ],
    [
      "DEB-C0BB6F2D",
      -46.39301087176598,
      -42.06733416065354,
      668.8265031872215
    ],
    [
      "DEB-5F25DBE8",
      19.14061739791319,
      97.44179505745706,
      141.84999213876017
    ],
    [
      "DEB-51114D49",
      -60.27730921974078,
      -140.01713683673842,
      311.76781255388687
    ],
    [
      "DEB-04AD9001",
      -81.23148937998027,
      -121.57992185988346,
      849.2699949796979
    ],
    [
      "DEB-35CE1952",
      27.147845219375114,
      39.1756244419424,
      227.72992690049978
    ],
    [
      "DEB-39FA0306",
      26.3802375385514,
      -135.36509515033248,
      721.7128021933431
    ],
    [
      "DEB-430C7744",
      -76.08157858835128,
      -58.344776765193494,
      171.79445971406312
    ],
    [
      "DEB-58395D95",
      -53.45075775194745,
      -36.421089296625,
      590.6397663778534
    ],
    [
      "DEB-33EFB479",
      33.28485119815636,
      -125.63438745071467,
      860.893599213332
    ],
    [
      "DEB-6ABA44A2",
      12.126156914113725,
      116.65064077541179,
      452.68786288907813
    ],
    [
      "DEB-151507B3",
      47.626347462502245,
      112.08173167280074,
      609.799544441199
    ],
    [
      "DEB-45052653",
      -24.79684071962693,
      -30.9015235805528,
      847.6744159306572
    ],
    [
      "DEB-08279DF0",
      53.040660299214764,
      79.20861540004913,
      256.12945298241084
    ],
    [
      "DEB-0D86F225",
      -27.54730794834881,
      -67.95112117113969,
      781.5832256316244
    ],
    [
      "DEB-37D96405",
      13.122836593227477,
      -18.43857536513039,
      389.95684799239734
    ],
    [
      "DEB-B6075AA7",
      3.4428713956502865,
      -48.056682397137855,
      429.9262763635943
    ],
    [
      "DEB-16027E0C",
      2.719362795569296,
      49.48012735519169,
      473.83351723321175
    ],
    [
      "DEB-C3CB2CC0",
      34.06810539007394,
      -9.281229555736317,
      342.54324327411905
    ],
    [
      "DEB-CA722F12",
      10.034900624559432,
      -4.113239172099413,
      875.9353155813524
    ],
    [
      "DEB-B569F45C",
      43.43863099709276,
      -88.42053347756217,
      356.44719073079887
    ],
    [
      "DEB-13197268",
      -16.946252594011057,
      -83.68414664344907,
      448.37123036320645
    ],
    [
      "DEB-64660DAD",
      6.449506709485408,
      -114.28958438173855,
      812.2791676800971
    ],
    [
      "DEB-1C5E1643",
      -19.202647657990486,
      126.57475705553286,
      684.3715816950771
    ],
    [
      "DEB-8262143D",
      -49.591301008592346,
      152.77297349544324,
      773.68968726188
    ],
    [
      "DEB-96D6770D",
      -23.115612505782096,
      -43.86891580814161,
      320.67851088493444
    ],
    [
      "DEB-460F5B8B",
      -13.119805863333525,
      34.08672102339002,
      740.1969580148534
    ],
    [
      "DEB-22711ADE",
      -20.70786964966194,
      -176.73062101221646,
      525.4458518828123
    ],
    [
      "DEB-61B7959A",
      29.884227881269016,
      87.77777242200492,
      267.2125866521101
    ],
    [
      "DEB-FEEEDE09",
      26.882919978605564,
      99.61164810149062,
      793.5787975074863
    ],
    [
      "DEB-72DC88D5",
      69.18074490019582,
      -92.90634211831934,
      513.2899715284893
    ],
    [
      "DEB-BA16AD8C",
      -17.532253304449632,
      168.7131816524132,
      701.9575644122142
    ],
    [
      "DEB-3FDEF007",
      -0.03505747485936723,
      -144.58490531291307,
      150.37742735052052
    ],
    [
      "DEB-AA12C191",
      31.39317830187623,
      -78.54588238355653,
      534.846959598498
    ],
    [
      "DEB-265EFDD0",
      -21.928659982086014,
      -134.79094661955514,
      714.6635423807465
    ],
    [
      "DEB-3BE9CD0F",
      -57.2762861902039,
      -45.50472665654682,
      729.9471918178924
    ],
    [
      "DEB-89EE457D",
      10.038542208910755,
      -72.215575752188,
      662.6030425365898
    ],
    [
      "DEB-7EF24CAA",
      -30.692218466217046,
      -124.11587208636628,
      273.8190282368605
    ],
    [
      "DEB-3A8579FF",
      61.564781015987805,
      93.83139041068517,
      153.2683695289934
    ],
    [
      "DEB-7FD8C22A",
      -47.79002628021619,
      117.04524773323709,
      447.70020832131286
    ],
    [
      "DEB-3048092C",
      -12.472190330217163,
      -54.3105851458976,
      723.6993052595053
    ],
    [
      "DEB-187290B7",
      8.014254751413471,
      62.84532007237851,
      335.55251103291266
    ],
    [
      "DEB-493349B1",
      -3.9560646929072245,
      36.16740119733526,
      300.3636574804641
    ],
    [
      "DEB-175DD92E",
      -21.263026235021837,
      115.41102812444964,
      601.9029180974258
    ],
    [
      "DEB-EA756BC7",
      50.36541932383608,
      6.1027239163195794,
      324.25776510765354
    ],
    [
      "DEB-298599EA",
      37.63267059858395,
      -115.04463703751114,
      359.20517512572496
    ],
    [
      "DEB-1C422758",
      23.61568649767023,
      -87.46713459829371,
      267.18342982002287
    ],
    [
      "DEB-FA4D8A43",
      35.33095286409996,
      138.1521818983137,
      637.5846715664829
    ],
    [
      "DEB-99ED8041",
      -48.88496145524702,
      2.331915008062957,
      563.4792708808773
    ],
    [
      "DEB-9CB9D249",
      49.98553175039596,
      -7.210895460633436,
      231.10777850655177
    ],
    [
      "DEB-1B16FFFE",
      49.571857670376524,
      8.908237342947661,
      131.1437477255431
    ],
    [
      "DEB-977479E4",
      4.923236373944636,
      147.28077006941314,
      170.0223136984714
    ],
    [
      "DEB-A15B057F",
      -24.972662660544753,
      -113.47797998344474,
      685.3158564907963
    ],
    [
      "DEB-EF1B5555",
      45.75735445431024,
      66.0017268170355,
      367.9295757329064
    ],
    [
      "DEB-B22AA1AB",
      -11.548650644327852,
      130.8087851002414,
      721.0613476086155
    ],
    [
      "DEB-B1F5C1EF",
      5.348472625907995,
      -83.54907150613582,
      226.8859713231377
    ],
    [
      "DEB-99FB1357",
      -78.35407617110651,
      -170.11189754017644,
      526.1154735305727
    ],
    [
      "DEB-6BE5569A",
      35.02412272382887,
      -139.8970990673243,
      769.4352040024805
    ],
    [
      "DEB-486351E2",
      51.039504237851936,
      -25.237349988930504,
      727.6303580490385
    ],
    [
      "DEB-66EC3423",
      -52.91549903943361,
      127.395835547317,
      599.9289048692481
    ],
    [
      "DEB-1D98D7CA",
      -25.243456464559106,
      -156.7255736453319,
      162.79153042303278
    ],
    [
      "DEB-C7AA9DEB",
      56.242850042403724,
      120.92925309381596,
      394.14424444379074
    ],
    [
      "DEB-EED17ACC",
      33.16366495089628,
      153.15819377690585,
      648.701642419448
    ],
    [
      "DEB-C96AC9D8",
      58.27982362788139,
      172.56408639245734,
      723.349739370653
    ],
    [
      "DEB-F291E6D8",
      51.90477419135343,
      151.62859806473426,
      843.1798354271914
    ],
    [
      "DEB-7C0FA4DC",
      -7.222042297757524,
      58.09210147363688,
      281.70274481140405
    ],
    [
      "DEB-784657E7",
      4.667648002967878,
      4.078072277656211,
      408.94765811550224
    ],
    [
      "DEB-4D6A64F5",
      61.00753339534357,
      141.57121209422462,
      468.80511142770683
    ],
    [
      "DEB-70C5BF6E",
      47.04712276716061,
      -78.52376527941853,
      447.9183591951278
    ],
    [
      "DEB-ACF4B48E",
      50.67643369174649,
      25.149113719116247,
      682.1752997639642
    ],
    [
      "DEB-C0AC4BB9",
      -8.876799523608177,
      -164.59112311274907,
      549.2408534009846
    ],
    [
      "DEB-B77F5012",
      -12.834325938519886,
      -96.16031841807138,
      461.15593831642855
    ],
    [
      "DEB-4DE74429",
      -30.5551741999668,
      -53.239613486349214,
      270.08755921263855
    ],
    [
      "DEB-497EB5D3",
      30.985936882865015,
      -120.18892255428216,
      498.51321067647405
    ],
    [
      "DEB-01FA906E",
      -52.36184197944216,
      -4.5659720307257095,
      895.9084440798542
    ],
    [
      "DEB-F16E5F12",
      -43.7894640077613,
      160.36503363563597,
      671.728402585406
    ],
    [
      "DEB-D111A125",
      6.460925199976169,
      48.53000354931074,
      861.9665444250923
    ],
    [
      "DEB-F61C1170",
      -62.23462708045602,
      104.76842260486806,
      895.1062693604572
    ],
    [
      "DEB-81F84153",
      32.00829636726253,
      -128.85659135963897,
      326.0144353928272
    ],
    [
      "DEB-AA19CB4A",
      50.96741793519231,
      -131.62167345921253,
      179.92320303864653
    ],
    [
      "DEB-7B61D1C8",
      0.8978137086963862,
      -40.87041746817383,
      602.9760176496584
    ],
    [
      "DEB-1DC0D3A0",
      27.552240702238112,
      -33.52017216168333,
      677.3030375087556
    ],
    [
      "DEB-285AD8D9",
      46.55290342127671,
      -98.65718981608353,
      633.3051062501227
    ],
    [
      "DEB-1FC328E2",
      -56.67336416683494,
      -47.89850199442924,
      425.85341487399455
    ],
    [
      "DEB-4F331D3C",
      -0.7061709570124372,
      141.16685899769172,
      773.6774750106488
    ],
    [
      "DEB-AB2BE14E",
      -59.98613325922299,
      -101.3356514655643,
      745.4606464075314
    ],
    [
      "DEB-58FC1243",
      -29.905490458885023,
      -171.75237388600996,
      407.56339656442833
    ],
    [
      "DEB-F8CC9187",
      -1.404446088951016,
      -103.62609003140753,
      570.5803015818465
    ],
    [
      "DEB-3FB6256A",
      12.222703587721794,
      -129.48871242086193,
      247.66048133588993
    ],
    [
      "DEB-131AE71A",
      -4.13789839636657,
      170.86829894322867,
      900.6103489507859
    ],
    [
      "DEB-0061CB4F",
      -38.25671708210341,
      -71.10495911528837,
      249.61350883463274
    ],
    [
      "DEB-DA43AC8D",
      -24.646146171382387,
      -62.68882325469852,
      293.44255972714745
    ],
    [
      "DEB-D9EC6B23",
      -29.431513923719372,
      20.396529887095667,
      229.85796698500053
    ],
    [
      "DEB-7DC70897",
      41.432484994645435,
      16.073284851316853,
      656.9099809753661
    ],
    [
      "DEB-82EA75E1",
      -12.71064631470338,
      -51.49085553031696,
      227.26060340219556
    ],
    [
      "DEB-486D64FF",
      34.123247119615144,
      -36.198187235181955,
      746.2520753178478
    ],
    [
      "DEB-3F9C0A6F",
      34.65051979693255,
      40.298735981865626,
      706.415280107527
    ],
    [
      "DEB-CA8343AF",
      17.563033241505533,
      -125.94114408266134,
      494.2721037877918
    ],
    [
      "DEB-300BCADB",
      -30.10923280127937,
      18.08154484733657,
      405.61338856242946
    ],
    [
      "DEB-3BC282A5",
      74.38780985388645,
      -4.779811650342175,
      366.7060202506673
    ],
    [
      "DEB-8E99438E",
      -64.24832470875624,
      -147.89315655625595,
      705.0219974646034
    ],
    [
      "DEB-8EED19A6",
      34.46596567988712,
      67.17846136205449,
      685.3007980673492
    ],
    [
      "DEB-41FA5F50",
      -32.81156096655472,
      -54.00851695676628,
      242.5358232851786
    ],
    [
      "DEB-6F2C99D2",
      -67.49574485576272,
      -114.1629619218766,
      555.8598204882592
    ],
    [
      "DEB-54B433E2",
      45.87173093526986,
      64.058542362876,
      154.81822633126922
    ],
    [
      "DEB-B50AF492",
      8.869806969793357,
      -25.831121014588728,
      789.5405218900323
    ],
    [
      "DEB-4590DF0E",
      51.32047705742001,
      -150.76154078864081,
      698.3539006272367
    ],
    [
      "DEB-83D09BFE",
      25.551055605776156,
      -125.16920325839409,
      209.12347049656182
    ],
    [
      "DEB-51AA89C5",
      -14.079349500027718,
      125.44138985081062,
      781.2749679335948
    ],
    [
      "DEB-6DF72F4A",
      -28.96492650502813,
      -95.55314506552345,
      130.2992742047545
    ],
    [
      "DEB-1CD90204",
      19.341123494890283,
      -29.865822003532998,
      392.2780771452062
    ],
    [
      "DEB-8A07DC17",
      38.277293289208906,
      -55.78560836704841,
      846.9490457708171
    ],
    [
      "DEB-34A733C3",
      -15.047560098883665,
      -124.19068421558204,
      319.73287153913043
    ],
    [
      "DEB-EBB81035",
      -10.877683182406303,
      -109.32222520387222,
      291.31717826121985
    ],
    [
      "DEB-3640832E",
      -76.61397996373188,
      32.93466536892711,
      127.04463146290345
    ],
    [
      "DEB-55C151CD",
      -60.96179657390955,
      17.780990875195524,
      177.1573906882686
    ],
    [
      "DEB-224F8CC9",
      34.38707101976378,
      -82.17986867903383,
      750.2988087498879
    ],
    [
      "DEB-4F9FA146",
      44.73937372250447,
      61.954080994199245,
      204.65402254104902
    ],
    [
      "DEB-918496DE",
      -28.40516429010087,
      79.07080787799917,
      177.2269208321768
    ],
    [
      "DEB-50E49004",
      -11.819981819299986,
      128.7930614694585,
      568.0966162233944
    ],
    [
      "DEB-54130C35",
      24.356649566427482,
      131.19436123486693,
      486.86876970725734
    ],
    [
      "DEB-7B567369",
      65.4203182597731,
      81.96622273827329,
      768.9816831509033
    ],
    [
      "DEB-B4C1178B",
      12.294652235077923,
      147.72131451542188,
      414.0989683095795
    ],
    [
      "DEB-BF8AAAEC",
      -31.040068321020996,
      82.32638001583135,
      820.0423016695195
    ],
    [
      "DEB-D6323DC5",
      51.843910760275804,
      76.27387495196645,
      376.31652222342836
    ],
    [
      "DEB-76267D97",
      -15.530690448517811,
      36.61156286771008,
      209.8274872148795
    ],
    [
      "DEB-AF38C183",
      23.719996848587417,
      -3.086323203889794,
      837.6261334811352
    ],
    [
      "DEB-4F78CC10",
      31.49259470226074,
      155.7703754764143,
      320.1251628892396
    ],
    [
      "DEB-45829E6A",
      -12.184692175807024,
      -13.973798408128294,
      767.773030321554
    ],
    [
      "DEB-5B549D94",
      -34.96841323915084,
      -157.26650080588536,
      239.9502862569825
    ],
    [
      "DEB-8450612B",
      -32.37693330880077,
      -6.657278365091789,
      329.25077854095343
    ],
    [
      "DEB-DBC123A0",
      -7.1948905282094735,
      -74.83209473722728,
      598.6380066287575
    ],
    [
      "DEB-294D550B",
      -14.133463228265844,
      23.000570438511755,
      835.4345797607448
    ],
    [
      "DEB-C24A5066",
      62.351680150331056,
      141.64348804131782,
      433.39612452084657
    ],
    [
      "DEB-C2EA8265",
      37.180950078973304,
      42.93658727203921,
      598.9905214186656
    ],
    [
      "DEB-8AF1FDC1",
      32.273257994756776,
      -72.15060388549048,
      665.5828207711593
    ],
    [
      "DEB-A5CF45E6",
      16.537756803651625,
      81.62495944515001,
      328.8084864660459
    ],
    [
      "DEB-8032FBB1",
      40.14942046442278,
      -26.63347443920478,
      443.56564131981577
    ],
    [
      "DEB-CA6EC9C1",
      6.619093246656521,
      -144.11419894941892,
      499.8976123468565
    ],
    [
      "DEB-EE20EA11",
      -24.36730853559111,
      -86.55548336552614,
      293.94423739236754
    ],
    [
      "DEB-29DD6336",
      5.565543260273327,
      178.1503960884728,
      729.0499144531404
    ],
    [
      "DEB-D3D33E3D",
      1.8115638103311613,
      45.29794985937266,
      603.2045963018054
    ],
    [
      "DEB-5384EF7A",
      39.54383982995539,
      158.04581753384505,
      380.1230956932859
    ],
    [
      "DEB-14F290D2",
      5.102436521230735,
      75.30026036527494,
      799.6861635444939
    ],
    [
      "DEB-636C916A",
      -36.65236069715629,
      164.44115096643705,
      541.7322453938141
    ],
    [
      "DEB-13157248",
      -60.15117234148172,
      -113.3333689764589,
      684.588766741058
    ],
    [
      "DEB-9A0242B7",
      66.07540358195861,
      -116.68948802589173,
      676.2557322498806
    ],
    [
      "DEB-192EC2C8",
      -38.96249700585083,
      -108.23578837103902,
      891.311396986458
    ],
    [
      "DEB-8885C2DF",
      52.03035635201084,
      -33.036792619347565,
      922.7917097320815
    ],
    [
      "DEB-C747514C",
      -1.7956411480989327,
      18.35755521579451,
      145.91177514387437
    ],
    [
      "DEB-F777C50A",
      -47.273593102186865,
      -103.15297708231144,
      401.78721013319046
    ],
    [
      "DEB-A627BF38",
      24.127479805915883,
      -62.03499685335597,
      727.8327104924383
    ],
    [
      "DEB-2E2810AE",
      -23.852308315740082,
      -65.2071455728219,
      356.79069617446294
    ],
    [
      "DEB-687EA91F",
      20.272306283015844,
      79.22038035814418,
      523.5126153619922
    ],
    [
      "DEB-58ABAE6A",
      -29.24049061194431,
      -163.43636152388711,
      321.5327519907987
    ],
    [
      "DEB-C211E226",
      -2.5107608317065844,
      -32.896004879322334,
      323.43503993761715
    ],
    [
      "DEB-2887A249",
      -30.028926073429126,
      97.00233262516376,
      372.1661527071292
    ],
    [
      "DEB-928C6266",
      -68.38459549451294,
      147.20696736386137,
      424.10073370365626
    ],
    [
      "DEB-5879DA6A",
      34.47179119516695,
      -78.08721203102583,
      791.6366112369096
    ],
    [
      "DEB-A9BB7D05",
      9.816179161348442,
      91.67659317089434,
      162.76242734080097
    ],
    [
      "DEB-D2C90BE4",
      22.66481678205642,
      -62.07191202786583,
      613.8874594135141
    ],
    [
      "DEB-4132B28B",
      -76.59197297618526,
      20.26855340925259,
      466.1590018335246
    ],
    [
      "DEB-8046F07F",
      9.75218115599707,
      -152.6410655204622,
      166.81860574388702
    ],
    [
      "DEB-1F47CE0C",
      77.5564551389498,
      14.7388754776494,
      664.3171741244314
    ],
    [
      "DEB-73968ED6",
      6.653159446752594,
      -11.266445703448344,
      791.4149867565475
    ],
    [
      "DEB-0B92AA4C",
      43.77572014725217,
      176.79114159450594,
      283.9914545291913
    ],
    [
      "DEB-F3193B33",
      81.85286386889642,
      155.97131139531754,
      628.6639578890045
    ],
    [
      "DEB-5697ED08",
      8.509271425537461,
      -9.838092592665193,
      695.8651885226873
    ],
    [
      "DEB-09F74B70",
      43.87795457563223,
      -73.40942962353607,
      796.6422693767117
    ],
    [
      "DEB-9F7EFFFA",
      -0.0747573866710995,
      95.29407370285712,
      140.23673438543938
    ],
    [
      "DEB-D0C4EA50",
      76.16659763419052,
      -60.770100311758796,
      891.2471409255741
    ],
    [
      "DEB-C6370EA4",
      77.27151210680519,
      -16.401987080143723,
      231.95445896692672
    ],
    [
      "DEB-87C18F22",
      -60.987319674040066,
      -168.00944596919737,
      708.9447938890353
    ],
    [
      "DEB-EDDC7E60",
      -9.238700702400907,
      -42.420046755402076,
      836.4914551744914
    ],
    [
      "DEB-4AB495A0",
      -24.40775677213869,
      -94.34015866823994,
      158.27768500916955
    ],
    [
      "DEB-514233E3",
      -19.11295728250966,
      129.4103180813733,
      598.5342067734919
    ],
    [
      "DEB-7DA2E79E",
      -22.37618126217014,
      -9.599412400592412,
      171.0700384565116
    ],
    [
      "DEB-525DF3A9",
      2.465559198261781,
      138.47603419675764,
      796.0333160463633
    ],
    [
      "DEB-CA49A3FC",
      16.930807626809532,
      171.1117982502431,
      821.1952054830035
    ],
    [
      "DEB-BCFAD7A1",
      9.720023281082511,
      161.96142055605867,
      612.2910891577576
    ],
    [
      "DEB-0F1611CA",
      36.80657162045095,
      -90.18323192884513,
      498.39759497586147
    ],
    [
      "DEB-618239C2",
      51.3193394573622,
      -25.907424080431127,
      827.4299978580711
    ],
    [
      "DEB-A4239795",
      31.88644407447112,
      19.60404671747347,
      875.3533402683315
    ],
    [
      "DEB-63906306",
      -9.001982760082445,
      96.36192885468611,
      781.8078251273037
    ],
    [
      "DEB-F8D4F950",
      -35.56220301794362,
      30.189460156223046,
      311.77676074840656
    ],
    [
      "DEB-EBC1A6AC",
      47.45912370835886,
      160.40703194513875,
      294.71056297742507
    ],
    [
      "DEB-A6079E01",
      -78.87313246360054,
      -39.672564874946886,
      398.4810303422828
    ],
    [
      "DEB-CF29DC60",
      -46.049950495016624,
      50.6761693732539,
      892.8807703392094
    ],
    [
      "DEB-0D815974",
      -44.218133906651005,
      -108.76944662177866,
      915.5661745944572
    ],
    [
      "DEB-77FCC082",
      23.5396097859545,
      -169.39028918131038,
      599.5234698654585
    ],
    [
      "DEB-1DBBAA35",
      -41.52802103887336,
      -133.7434463427646,
      788.68535755412
    ],
    [
      "DEB-9EA553D3",
      -23.663906048965668,
      -57.903304404436,
      412.3570643923995
    ],
    [
      "DEB-18B728C8",
      -31.67370417880945,
      -165.2509741296662,
      232.59338201623268
    ],
    [
      "DEB-BCB4EE91",
      -17.24440499848738,
      -17.43841987338977,
      454.5787751703192
    ],
    [
      "DEB-E00934F4",
      -18.621532467218557,
      105.29221725792813,
      212.60735393608138
    ],
    [
      "DEB-82296BC1",
      -2.6308277213151623,
      1.283650209645719,
      151.18623022648353
    ],
    [
      "DEB-87EAFE4B",
      -39.62791883277313,
      88.86056300140693,
      598.7204751589215
    ],
    [
      "DEB-E7511E9B",
      15.150091474554607,
      -145.67971558790833,
      314.62980809495457
    ],
    [
      "DEB-6994D22B",
      48.40603704739706,
      103.23297695481165,
      421.6199602464485
    ],
    [
      "DEB-D88C711E",
      10.501608308021597,
      158.87794174155476,
      150.65351129889677
    ],
    [
      "DEB-44D6B866",
      4.904349313981523,
      164.79444069550684,
      425.12611800281684
    ],
    [
      "DEB-4EFB4E1E",
      32.01415099466656,
      -163.03659473623247,
      584.5238027871819
    ],
    [
      "DEB-4B1420D9",
      -2.516378147134081,
      -67.4441964863188,
      187.16719723252572
    ],
    [
      "DEB-D009B8EB",
      -14.208927958901292,
      -148.05551586160396,
      500.9915240696664
    ],
    [
      "DEB-E6A5E40C",
      -16.05539077970246,
      -133.41940511015576,
      267.12604031876253
    ],
    [
      "DEB-0E663D24",
      -0.06244259487726185,
      -75.0201875084572,
      679.9276407031939
    ],
    [
      "DEB-21779160",
      -6.616982091159205,
      12.803502865621052,
      383.5794245063571
    ],
    [
      "DEB-AB2DD99B",
      -42.08755714722443,
      58.38315923006287,
      167.7599342530184
    ],
    [
      "DEB-89A46BAE",
      -73.88536929277812,
      69.69974034694447,
      893.4100652862253
    ],
    [
      "DEB-823F4FEF",
      -66.80553975999804,
      117.33349054052613,
      335.80905671539404
    ],
    [
      "DEB-2469117D",
      28.973402335930015,
      38.31149962794715,
      882.9016972659847
    ],
    [
      "DEB-C5063A87",
      36.60826648607227,
      24.724892352637784,
      414.20971349873435
    ],
    [
      "DEB-D7D055B7",
      55.39003267841046,
      -132.74626676391244,
      329.90484377559187
    ],
    [
      "DEB-59C6CCF3",
      -10.126875700495342,
      -52.02503436446214,
      311.8950857816335
    ],
    [
      "DEB-F321A739",
      -29.86365688842825,
      -124.35453654582287,
      768.2240163662063
    ],
    [
      "DEB-BDB6603F",
      5.648191256574282,
      -169.26326329326844,
      266.07456383269164
    ],
    [
      "DEB-0DFCF408",
      14.267522104745511,
      122.82140606448982,
      446.3892555623024
    ],
    [
      "DEB-04603293",
      -41.31953452768572,
      99.25254194635642,
      233.75080709386657
    ],
    [
      "DEB-1CDCECF4",
      -61.87855722444935,
      10.890592319219625,
      239.9605465732193
    ],
    [
      "DEB-64567BB4",
      63.94176541713708,
      -46.72903860476246,
      705.1837542307449
    ],
    [
      "DEB-1670B9FD",
      -0.43023354588845436,
      -163.0623223494523,
      774.4275122999306
    ],
    [
      "DEB-D2C14999",
      73.31897020997197,
      -107.98468979892348,
      653.1000662486276
    ],
    [
      "DEB-3F203035",
      -42.456123592512455,
      -9.318238257870847,
      358.1121813163609
    ],
    [
      "DEB-58DC2050",
      -40.97788399949898,
      9.609736669757435,
      511.90524431888207
    ],
    [
      "DEB-ED76F02F",
      -70.10812152195946,
      80.45433167696203,
      657.6587261728073
    ],
    [
      "DEB-49028764",
      3.7717144203008823,
      -13.538892641030406,
      692.4344697270981
    ],
    [
      "DEB-4425240E",
      31.27628597095638,
      -7.396952923461003,
      479.72771432383706
    ],
    [
      "DEB-BF9D50A8",
      -12.609766347906435,
      -141.92125475762364,
      822.0677713580008
    ],
    [
      "DEB-E71D9E3C",
      54.27070366920503,
      -19.809493274561177,
      530.7179902586604
    ],
    [
      "DEB-71802E7D",
      67.12085898440584,
      96.76217249958388,
      707.5073443380797
    ],
    [
      "DEB-697BDB4B",
      17.533567565912367,
      3.7627784373742514,
      313.4924439127435
    ],
    [
      "DEB-84FBF19C",
      68.20277302620414,
      148.93100619947037,
      508.014404494621
    ],
    [
      "DEB-F6D7A186",
      -47.864174911224545,
      27.338772825792546,
      397.5686930108195
    ],
    [
      "DEB-01B7157C",
      70.33082027747248,
      -79.01096763981464,
      159.0764364223587
    ],
    [
      "DEB-66873A4B",
      9.671638213527983,
      -70.1300410026213,
      220.95317383551082
    ],
    [
      "DEB-BDCD6585",
      0.023741234829720716,
      -161.57595127875138,
      493.573429545012
    ],
    [
      "DEB-5C84830E",
      65.46680129537663,
      63.54599847873749,
      313.59573551059384
    ],
    [
      "DEB-18F976E0",
      20.399491879551178,
      144.79725148672688,
      369.1692834057021
    ],
    [
      "DEB-88342814",
      45.398046761981135,
      -96.95090154901963,
      493.3460562174823
    ],
    [
      "DEB-B7F462B5",
      2.7443974189969134,
      171.50284676840076,
      492.9526398868038
    ],
    [
      "DEB-9B78B9FE",
      -3.4287430628321425,
      126.28557288223219,
      910.2283666508001
    ],
    [
      "DEB-E32B2F18",
      -28.987756310514147,
      144.1192387434763,
      133.80744592149313
    ],
    [
      "DEB-A7091F37",
      84.53805510710852,
      -145.62450504835718,
      914.4021773682398
    ],
    [
      "DEB-64BE246F",
      -56.25861746083753,
      115.13655839320046,
      233.49863319868837
    ],
    [
      "DEB-FCA545AB",
      4.698341244579668,
      -154.1657812364933,
      622.5518576213508
    ],
    [
      "DEB-7F08AA6C",
      -32.77322627793401,
      -149.27676419183825,
      431.6009221795139
    ],
    [
      "DEB-1AC119DE",
      -42.07903889389076,
      113.4715418229453,
      441.3094743854199
    ],
    [
      "DEB-03E33221",
      -79.21555526344648,
      -15.077289147896211,
      842.5651091392729
    ],
    [
      "DEB-37AE5017",
      20.448062523457754,
      -159.94192069255683,
      597.8932842356562
    ],
    [
      "DEB-D662F3D5",
      -48.21470195328327,
      63.23710607634343,
      809.3221590593948
    ],
    [
      "DEB-6A92B53B",
      -49.985223663332015,
      -159.718183576001,
      696.5635666361559
    ],
    [
      "DEB-0536A171",
      -2.5929998401359624,
      41.58375640044296,
      448.122052019452
    ],
    [
      "DEB-EC86E64A",
      6.122658685656221,
      36.09198440072791,
      442.76030257451384
    ],
    [
      "DEB-B34391E3",
      27.488010805284357,
      -66.20576002022497,
      642.6450374817259
    ],
    [
      "DEB-F52A0CAB",
      -23.108087861574443,
      -132.90334002372902,
      279.0626843864011
    ],
    [
      "DEB-58335506",
      -70.3258091530806,
      24.499026218310142,
      627.8247466494349
    ],
    [
      "DEB-1801678B",
      2.7172609013279834,
      -24.313600269202375,
      286.2689020726357
    ],
    [
      "DEB-9C2073AF",
      22.21057328072874,
      88.25793284493562,
      402.7750615227005
    ],
    [
      "DEB-2B52F7BA",
      45.855264816457534,
      47.188955073514556,
      606.212839237468
    ],
    [
      "DEB-52B0EAAA",
      -53.23679499759643,
      -35.75001551596459,
      737.54279741967
    ],
    [
      "DEB-A030D9B1",
      -26.507165459794514,
      -13.035336080504955,
      530.8280053835542
    ],
    [
      "DEB-01FE8DA2",
      -5.314782976068039,
      147.41071916823026,
      128.64130178377945
    ],
    [
      "DEB-167239D4",
      37.13869703774409,
      -114.0477139091419,
      612.4918188460933
    ],
    [
      "DEB-839B0CA6",
      -55.840836163283704,
      10.425032965326771,
      842.6145365810207
    ],
    [
      "DEB-F7E1FE81",
      -40.98445191496799,
      98.81276194937283,
      401.27968569716086
    ],
    [
      "DEB-45AB2EEC",
      -4.176973237464162,
      -120.47989922332236,
      658.3222811457763
    ],
    [
      "DEB-83582D0A",
      39.120378010173056,
      -164.87336886528107,
      723.1544752226009
    ],
    [
      "DEB-CA91E291",
      6.2035372004994835,
      -2.6014304337558927,
      747.9439355797822
    ],
    [
      "DEB-A3278945",
      11.528875124837095,
      -97.75191131601892,
      461.10797839383577
    ],
    [
      "DEB-346ECD5C",
      -7.069688893561217,
      179.5985486640369,
      910.076789745277
    ],
    [
      "DEB-56DD955A",
      -66.4906081892011,
      -1.3343542363211454,
      315.0935874927536
    ],
    [
      "DEB-D00CC61C",
      0.006161901593198417,
      -102.27251696143117,
      683.1136712847565
    ],
    [
      "DEB-6217E5E6",
      -4.151460745438742,
      117.25459312986014,
      146.4160608055845
    ],
    [
      "DEB-8284F9F4",
      55.95211837931456,
      -0.10490028614505145,
      372.7180217640571
    ],
    [
      "DEB-34335EDD",
      40.14285260715435,
      98.07521722117836,
      471.76789358159476
    ],
    [
      "DEB-5E32F84E",
      -22.559909922616146,
      -99.63419883385873,
      249.93359696362404
    ],
    [
      "DEB-3DDC77F2",
      59.17073964925061,
      -17.97328448831748,
      274.63041451096615
    ],
    [
      "DEB-D8BF5BED",
      -10.070543072239936,
      91.7193400500403,
      327.0116303784962
    ],
    [
      "DEB-66F06818",
      25.911419520852803,
      18.44325315496748,
      672.7305774532151
    ],
    [
      "DEB-7C36BDA7",
      44.763311126302746,
      -78.36552298980932,
      257.4353431259924
    ],
    [
      "DEB-2DE93E66",
      -38.88752889663073,
      4.871670447649767,
      193.91401336272338
    ],
    [
      "DEB-DFC3FDBB",
      -38.672166985573604,
      -124.28841460891624,
      773.80055352411
    ],
    [
      "DEB-983DA3C7",
      -41.94499409915825,
      -16.341839270708903,
      512.1252699958268
    ],
    [
      "DEB-8A09F5EE",
      44.08036374525346,
      -11.455568446723557,
      265.29845526592726
    ],
    [
      "DEB-A1286BAC",
      71.91246290804455,
      -154.34087707672936,
      841.8946147280449
    ],
    [
      "DEB-B0EAC699",
      19.971600392672787,
      122.1322547207444,
      319.2432458605672
    ],
    [
      "DEB-4BFFD04A",
      47.51551923692807,
      177.86488151127242,
      445.319767904959
    ],
    [
      "DEB-77ADC31E",
      12.89759885247161,
      -59.3862389903791,
      588.95668865477
    ],
    [
      "DEB-F72B7E6A",
      44.662649770833724,
      -18.08759040073836,
      410.57560950896095
    ],
    [
      "DEB-42F83EE8",
      36.564515784243014,
      35.413700811885946,
      228.64752908483297
    ],
    [
      "DEB-56B8E5E4",
      31.332298244845717,
      -110.53753834282817,
      399.8492381570577
    ],
    [
      "DEB-B9B1104D",
      65.26702878375009,
      -143.48170173009134,
      592.3222660050751
    ],
    [
      "DEB-B1FBEDDF",
      27.604540156244454,
      -2.4443867139580067,
      309.02820126584083
    ],
    [
      "DEB-A51D958F",
      50.45085077682119,
      20.386609292006472,
      393.67820090700934
    ],
    [
      "DEB-1111FEB1",
      17.63827360647104,
      -149.94302873980027,
      618.3681735938999
    ],
    [
      "DEB-EDE4DBFC",
      -15.116461078793531,
      -40.60613390596274,
      363.42731923187057
    ],
    [
      "DEB-9461A45E",
      -37.178137023341115,
      80.85712719106087,
      496.4215586265491
    ],
    [
      "DEB-5A8BF0BE",
      -7.731842665461156,
      -58.58735279874217,
      524.2365846595967
    ],
    [
      "DEB-C1768E0C",
      -44.0744809741978,
      -105.44352183792627,
      568.1569453394322
    ],
    [
      "DEB-726000BB",
      -28.774162337989033,
      175.6610306387722,
      818.3866974059256
    ],
    [
      "DEB-FB505A2D",
      -32.37698494311079,
      52.338849682385295,
      223.5411646078992
    ],
    [
      "DEB-889BDD08",
      29.382047041387956,
      -163.86691815402463,
      490.45143327516325
    ],
    [
      "DEB-12BFC9F1",
      -34.911060321312185,
      -63.77379886149453,
      736.3449617163333
    ],
    [
      "DEB-7EE5D82B",
      1.9696080186939264,
      -81.00080901118685,
      434.7707641652987
    ],
    [
      "DEB-CC8A122A",
      39.64118595198346,
      4.451993113237975,
      518.4482131962804
    ],
    [
      "DEB-EA1A728A",
      -78.05598401865734,
      107.62487306919147,
      545.6294304357925
    ],
    [
      "DEB-08984C23",
      -29.87592898581205,
      144.33617909077532,
      866.7866008090423
    ],
    [
      "DEB-8D24759E",
      84.73089291285633,
      -56.62333915589226,
      511.84742752589773
    ],
    [
      "DEB-D7B3C52F",
      24.818049835842928,
      67.11007171338807,
      940.2673374715214
    ],
    [
      "DEB-1F4E27E2",
      -33.28517790021693,
      -74.08915899036886,
      181.44458980433592
    ],
    [
      "DEB-64A822B7",
      13.726460463055911,
      99.83532614014138,
      198.0795573640089
    ],
    [
      "DEB-F840A8A1",
      80.58835080295883,
      56.36291031302483,
      418.8781479021327
    ],
    [
      "DEB-3DA0F2CF",
      36.21325727452324,
      69.15157574126722,
      489.6684633020677
    ],
    [
      "DEB-157D2E20",
      10.397779612719045,
      147.0952701196549,
      746.230017096238
    ],
    [
      "DEB-D5C95D08",
      -24.443965794331245,
      -44.90706038583267,
      293.20365783066427
    ],
    [
      "DEB-5EA2ED56",
      -63.35956584450239,
      20.88411696365273,
      895.4259835258499
    ],
    [
      "DEB-021272A7",
      -22.536987449968795,
      23.59918215983526,
      231.06602857740563
    ],
    [
      "DEB-A10B8D9C",
      69.89507084019266,
      103.51978994620677,
      172.60073865150025
    ],
    [
      "DEB-FF591BF2",
      19.773253610010773,
      -43.876366060743464,
      791.0155251950346
    ],
    [
      "DEB-D884CA65",
      10.02658502917933,
      24.541867904756977,
      719.8587011128247
    ],
    [
      "DEB-C94114BF",
      -36.37473391603312,
      124.14278493858154,
      911.713808849945
    ],
    [
      "DEB-811EDB69",
      32.43759559564422,
      140.490970163044,
      308.2506007254142
    ],
    [
      "DEB-9BC4C222",
      33.67780366919475,
      -5.479404507900171,
      164.53836619755293
    ],
    [
      "DEB-3687051D",
      72.14384716417258,
      -69.05892353443359,
      559.9083458715422
    ],
    [
      "DEB-08F30409",
      27.17554792891434,
      -0.1947204271268866,
      273.2854662207983
    ],
    [
      "DEB-AA4BB890",
      39.03498658159706,
      -44.4576672397926,
      556.4412180323798
    ],
    [
      "DEB-529CF626",
      -12.87698233131574,
      -82.04523408152957,
      842.3918868427954
    ],
    [
      "DEB-5E8CC841",
      20.806108036917742,
      5.647100217825655,
      382.3893518752875
    ],
    [
      "DEB-3D4AD121",
      26.701727045022647,
      -138.1551789095519,
      392.9937220182228
    ],
    [
      "DEB-FEDEA767",
      -30.4703037495535,
      -94.5060006066223,
      651.8151662140463
    ],
    [
      "DEB-5C66D109",
      -57.40103791413813,
      -14.385477641630706,
      867.3437043916583
    ],
    [
      "DEB-B05ED088",
      46.07864521484281,
      -126.43175997954195,
      687.6519801308477
    ],
    [
      "DEB-4E38873A",
      -38.19288726982427,
      140.3928699110972,
      457.19768345760076
    ],
    [
      "DEB-531F3F63",
      -26.27957716237416,
      82.08363703026036,
      286.1729528461128
    ],
    [
      "DEB-538E23DC",
      -56.87980919297654,
      41.77561456284304,
      502.92573513314346
    ],
    [
      "DEB-7E232B82",
      -35.38312702964625,
      136.12023102599963,
      175.2086509343162
    ],
    [
      "DEB-11D607CF",
      -36.19107196601216,
      -170.27478061991837,
      324.7299641409645
    ],
    [
      "DEB-D0127ED1",
      -60.750303572396575,
      27.128138253526426,
      699.3260379532057
    ],
    [
      "DEB-F44BEBDA",
      -3.614486923554287,
      150.7575023972127,
      212.98467312596404
    ],
    [
      "DEB-691FCAB3",
      -19.18394411930296,
      -94.99959329765883,
      386.9703734321911
    ],
    [
      "DEB-478D8816",
      5.6132954491825835,
      50.3484467114145,
      220.91073868586318
    ],
    [
      "DEB-6DFDA4F4",
      -4.864748118245785,
      -49.70759939691948,
      476.198536898778
    ],
    [
      "DEB-13404784",
      41.539040141949904,
      -151.42794146685668,
      765.7570029710641
    ],
    [
      "DEB-EF8BF23A",
      4.068166406797026,
      85.53944216859888,
      766.9233813606525
    ],
    [
      "DEB-E388485F",
      5.068670958661808,
      101.26595628248879,
      136.91564046480835
    ],
    [
      "DEB-8763F4B5",
      37.02261255208605,
      77.5496913629619,
      247.06645725312774
    ],
    [
      "DEB-00AAD268",
      52.04603309536105,
      -168.51757374098108,
      700.4379663055706
    ],
    [
      "DEB-C5E0F2AF",
      26.23448633491094,
      116.52630865778261,
      138.07697923473006
    ],
    [
      "DEB-6F9EA204",
      30.471495823830615,
      41.896324494376074,
      858.915796068839
    ],
    [
      "DEB-6CA64D69",
      24.631557037662624,
      -172.60014616630647,
      461.55378518240286
    ],
    [
      "DEB-7B21F57C",
      -22.86407614086255,
      -26.949327545501646,
      256.04842627787184
    ],
    [
      "DEB-37300C3F",
      15.180594646722302,
      -9.552762137307894,
      150.74176753874417
    ],
    [
      "DEB-123E4A1F",
      4.76815754094824,
      -70.23956581979864,
      805.9598284784879
    ],
    [
      "DEB-261A1BB7",
      49.646539230498846,
      153.8313554540188,
      664.8403866095687
    ],
    [
      "DEB-30E4F9C0",
      12.175063841915728,
      -139.47440361510544,
      764.5966000501803
    ],
    [
      "DEB-67055FC3",
      50.37085583265002,
      32.722460596917095,
      374.34746029495454
    ],
    [
      "DEB-43C95C33",
      46.66177014868789,
      -98.2694982442174,
      171.21325761847493
    ],
    [
      "DEB-BE3EA42D",
      56.126857288551854,
      -121.65805601261033,
      788.5801140394506
    ],
    [
      "DEB-D8B5DF1F",
      12.496456021304873,
      -162.48406383945425,
      486.968034386151
    ],
    [
      "DEB-7C969E74",
      17.173631842185394,
      -21.712887300753444,
      343.5560610680359
    ],
    [
      "DEB-2DDF37BE",
      -3.4818587978403692,
      -144.0838415551866,
      576.269953687146
    ],
    [
      "DEB-3A60E007",
      -35.43455097509298,
      -173.78861089759133,
      171.76106974213963
    ],
    [
      "DEB-C5257B09",
      -48.78493962110781,
      124.22986133514702,
      751.2422784757073
    ],
    [
      "DEB-961679D7",
      -15.215192109897204,
      11.507625896798944,
      379.30249604863366
    ],
    [
      "DEB-AA3FF563",
      -35.933299285528896,
      140.74266285385607,
      893.8886857396728
    ],
    [
      "DEB-CBF6DA99",
      51.23133792848075,
      178.00767916577826,
      882.4473651776179
    ],
    [
      "DEB-B4415419",
      41.108607076220565,
      34.837997684307666,
      261.97896013279205
    ],
    [
      "DEB-1FC3FD5C",
      70.33860246035157,
      -52.0382949038982,
      149.92202605939838
    ],
    [
      "DEB-A3874611",
      -25.56778032311612,
      174.8360642422318,
      237.03871110037835
    ],
    [
      "DEB-28DF1C03",
      -13.247393811744566,
      11.165321006650595,
      863.2366442410666
    ],
    [
      "DEB-2D66DBD6",
      -27.258610866354317,
      -52.42654681528516,
      192.15332752014092
    ],
    [
      "DEB-AE708579",
      69.44182412422829,
      -143.97746572775537,
      179.9587434969335
    ],
    [
      "DEB-0D0A1A1F",
      -45.20154195446187,
      132.16196009052607,
      788.8989983349366
    ],
    [
      "DEB-EA061D78",
      -47.74657313462104,
      157.6057344559895,
      629.8327398406
    ],
    [
      "DEB-3BA67485",
      -21.80860789530048,
      -17.220972120876063,
      460.92136065777595
    ],
    [
      "DEB-1CE175EC",
      0.8956061733906806,
      3.7691302781927023,
      502.44542500986427
    ],
    [
      "DEB-F8CCF240",
      10.23660772552238,
      107.57257254792916,
      847.5358872710967
    ],
    [
      "DEB-47C83989",
      -48.699612265757956,
      -97.6170678245312,
      331.3517231297192
    ],
    [
      "DEB-00CF29B0",
      -22.538047322792856,
      -55.99006527661366,
      161.2976640147417
    ],
    [
      "DEB-310E634B",
      -70.94275527504703,
      -14.09314704391561,
      150.0108570996017
    ],
    [
      "DEB-C35F074F",
      51.36094576364157,
      -12.676469374096946,
      738.7418103447599
    ],
    [
      "DEB-61343141",
      -50.21791991313405,
      148.94673128206315,
      437.72860517913614
    ],
    [
      "DEB-D9A294C5",
      -50.458267925210926,
      -126.11842933652858,
      759.145283599315
    ],
    [
      "DEB-998EDEB5",
      -24.074697664117423,
      74.25664980663419,
      702.9576133893215
    ],
    [
      "DEB-39E5CD8C",
      24.947447612744043,
      -124.23127879793773,
      774.7275520275816
    ],
    [
      "DEB-1AB30BA0",
      -18.306371553621744,
      13.389127275966617,
      352.18195928123987
    ],
    [
      "DEB-D9CC8C21",
      43.42088528576082,
      -88.58999767001444,
      261.613271475926
    ],
    [
      "DEB-101237F6",
      53.97633325179567,
      -8.394092361651504,
      343.7619778569451
    ],
    [
      "DEB-01D50D87",
      -23.825661473408772,
      89.62934887233685,
      707.2022596306178
    ],
    [
      "DEB-C904FEC1",
      -51.89543122516714,
      -72.50701876392537,
      224.63484317621533
    ],
    [
      "DEB-153DBE5D",
      11.457572522741092,
      137.47545523318982,
      764.2911135118802
    ],
    [
      "DEB-2CD8017F",
      -42.27236487498381,
      -40.88325791983124,
      128.92660121442805
    ],
    [
      "DEB-1A57582F",
      -41.25586060390798,
      -21.92965782146895,
      582.6243927526111
    ],
    [
      "DEB-21F44B8A",
      7.161610093374036,
      108.15346097565978,
      665.417277845595
    ],
    [
      "DEB-42BBAE60",
      20.403812852646368,
      108.56623402038653,
      174.7256453143509
    ],
    [
      "DEB-2C860108",
      -27.406658229069194,
      -94.12828408959645,
      838.3208249477457
    ],
    [
      "DEB-A9395525",
      -32.41559427700578,
      20.632543235223164,
      763.9011142820946
    ],
    [
      "DEB-E36196AE",
      -11.131500517585373,
      37.01002289119789,
      305.78930991125435
    ],
    [
      "DEB-ADDB1369",
      -47.19767152166661,
      -74.30614195418158,
      474.15514913325933
    ],
    [
      "DEB-99F23C4E",
      -29.040982479583217,
      120.5671095904671,
      525.4279903774741
    ],
    [
      "DEB-1FD0BFAD",
      -15.015245228227469,
      -175.31086574342635,
      534.5721408966447
    ],
    [
      "DEB-D9112A8D",
      -6.720465302471421,
      118.55565128503405,
      309.02041667773756
    ],
    [
      "DEB-8A113793",
      -9.224704821810436,
      136.42605469967012,
      809.358162310963
    ],
    [
      "DEB-53B99EE1",
      18.076543421825175,
      -34.72447452451616,
      788.0724676859318
    ],
    [
      "DEB-4F61CC41",
      -6.728595595698455,
      1.7932638698925507,
      851.0646081366012
    ],
    [
      "DEB-DDE4D80B",
      56.07584848711544,
      -16.118500308736017,
      663.3257223040309
    ],
    [
      "DEB-698F3F83",
      2.2347318229871798,
      126.2490821457585,
      679.403807282687
    ],
    [
      "DEB-B3DC6798",
      -61.122381994269496,
      -132.17138904281546,
      629.3785202767876
    ],
    [
      "DEB-6D63E071",
      33.267884466455506,
      69.43639027558659,
      456.92702077641025
    ],
    [
      "DEB-D4944B25",
      -14.128963580831364,
      -143.15038937426596,
      463.0056025942067
    ],
    [
      "DEB-10556310",
      41.181876969083426,
      135.94628432868763,
      758.3941312258439
    ],
    [
      "DEB-431D7171",
      -48.64884730915463,
      75.63948215511888,
      673.5131490862559
    ],
    [
      "DEB-9F6A0921",
      48.77275021068495,
      39.671971308803464,
      547.0830476590236
    ],
    [
      "DEB-9B92C0A8",
      -47.39130842850696,
      -92.72401025825977,
      434.7560527751775
    ],
    [
      "DEB-DD899D2B",
      -52.99582136320955,
      178.39818309775794,
      655.2993537375487
    ],
    [
      "DEB-DAB83019",
      -12.48207852270479,
      -32.14247124367843,
      250.46805766621947
    ],
    [
      "DEB-29FB02BB",
      -40.89316122892642,
      -24.909490814914466,
      529.9094381672412
    ],
    [
      "DEB-8BB4C200",
      3.5282574166993754,
      9.481106795849692,
      743.7422054335675
    ],
    [
      "DEB-DDEC3F2A",
      -8.135243684865138,
      -51.30291529938937,
      814.6814202139485
    ],
    [
      "DEB-93908611",
      48.68285547037938,
      72.17953889915457,
      629.0880164172531
    ],
    [
      "DEB-F1BFB4B3",
      -56.629344638640994,
      107.51141547771546,
      465.5383215960237
    ],
    [
      "DEB-A8082C50",
      -21.629752751630157,
      2.4355638789115255,
      288.617081442736
    ],
    [
      "DEB-6BBCC715",
      -52.842530805891315,
      134.25796947058683,
      201.68631632672805
    ],
    [
      "DEB-AB7825B2",
      -18.389670909040365,
      65.28547414933561,
      546.9236625191934
    ],
    [
      "DEB-30109482",
      29.07688008696304,
      -49.34934794259538,
      279.86175018209633
    ],
    [
      "DEB-7BEEE3D0",
      34.24227669085954,
      -118.85729355568753,
      784.1373728440894
    ],
    [
      "DEB-3CDB74F5",
      -18.589147463151093,
      31.864308339692712,
      617.4485832030105
    ],
    [
      "DEB-DE53EBA6",
      -9.591862930453745,
      17.250945660043605,
      525.3947540155477
    ],
    [
      "DEB-15B4D08E",
      50.40139118152036,
      9.81741460469645,
      368.71595652994347
    ],
    [
      "DEB-911EE440",
      -41.91000880557665,
      54.12600272317545,
      658.1642155295931
    ],
    [
      "DEB-02F70658",
      -10.744511590793563,
      -51.97794505247767,
      260.0517520626172
    ],
    [
      "DEB-56C830A4",
      -8.240879647030923,
      -8.263460600291126,
      341.73920335706407
    ],
    [
      "DEB-0895F11B",
      -20.29368823888765,
      -26.024788182154538,
      375.1737554379288
    ],
    [
      "DEB-7464E7E5",
      -56.47562504713033,
      15.183030632391056,
      504.3749437601982
    ],
    [
      "DEB-2F16062E",
      69.36262482750807,
      -29.01233787392109,
      438.4883061190503
    ],
    [
      "DEB-A664303B",
      32.311829089484476,
      83.68694525262197,
      238.95655470402107
    ],
    [
      "DEB-E805A43A",
      28.02316719271416,
      102.33372909785899,
      421.67281868098326
    ],
    [
      "DEB-1E741178",
      17.205327570411892,
      -150.97161003828552,
      577.6441593621466
    ],
    [
      "DEB-67209C9C",
      44.829572238804666,
      161.56158616843894,
      789.0459611518008
    ],
    [
      "DEB-6E356661",
      -0.7801783150328119,
      117.83573646073366,
      413.5257268056994
    ],
    [
      "DEB-00391282",
      -28.74614284879297,
      -85.53172885001868,
      283.03952114777985
    ],
    [
      "DEB-583F8DB0",
      78.76172973626079,
      144.77371900436864,
      531.9711755022254
    ],
    [
      "DEB-19C8C92D",
      34.82095289697228,
      -94.0907603829252,
      174.15424242108656
    ],
    [
      "DEB-F881AA92",
      67.084369128649,
      -28.981604335886978,
      846.0023429843468
    ],
    [
      "DEB-37B085FC",
      -11.976726773371817,
      109.97161566705198,
      476.27801727557016
    ],
    [
      "DEB-5FD0682C",
      17.362768892385333,
      -65.08093459743583,
      486.7250566392959
    ],
    [
      "DEB-78BEE449",
      50.12227854225311,
      124.06613600589978,
      900.7990424017526
    ],
    [
      "DEB-B88B5D2A",
      -18.168842391244034,
      -149.1464071855491,
      751.6624027059761
    ],
    [
      "DEB-D8A8DE7E",
      69.68028383326924,
      -176.1067096513982,
      420.4285813594124
    ],
    [
      "DEB-30525B08",
      -73.59828319824211,
      88.26185870832244,
      693.8217739445308
    ],
    [
      "DEB-A5FE578C",
      -15.822487832959633,
      -18.189917204952526,
      491.3535404394306
    ],
    [
      "DEB-2AD45CD7",
      -9.0506956662829,
      51.72959710076815,
      204.8778123793927
    ],
    [
      "DEB-87A40DE3",
      -5.575039070057148,
      123.45418476737605,
      421.7192351311969
    ],
    [
      "DEB-E1BE240F",
      -29.390664604502568,
      -25.556332044849103,
      514.0986725651583
    ],
    [
      "DEB-7F7919F7",
      -20.461353118228,
      -78.02026708083821,
      542.5848993059108
    ],
    [
      "DEB-F3AA7318",
      -8.539070765022428,
      -107.47282832343645,
      655.8551160236739
    ],
    [
      "DEB-D5C4313D",
      3.060074274557197,
      101.32724078987323,
      552.6038666018922
    ],
    [
      "DEB-188BCA83",
      -71.65906215724112,
      24.731064752059186,
      723.6803004832209
    ],
    [
      "DEB-8891F837",
      -10.413912098878797,
      147.57711670140446,
      659.6005474823569
    ],
    [
      "DEB-BB194E6B",
      45.202151632638724,
      -0.08306519709823443,
      378.85263448623664
    ],
    [
      "DEB-8CE9BFFF",
      2.3012740105903813,
      72.77449790942377,
      739.1431169698226
    ],
    [
      "DEB-A930F661",
      -4.906584884474836,
      -83.07695184675023,
      174.39069595748515
    ],
    [
      "DEB-9067DF42",
      -16.828427782370404,
      24.76142857266679,
      798.8230416747538
    ],
    [
      "DEB-A6588BCA",
      -49.78254219628495,
      -97.88833433423827,
      586.990205377926
    ],
    [
      "DEB-C6F38D82",
      18.40760560161402,
      -146.27142518102696,
      840.7949013517728
    ],
    [
      "DEB-5DEFC325",
      2.8383993688222753,
      -175.46283970200622,
      431.5655520731034
    ],
    [
      "DEB-61647535",
      61.00718350033751,
      -4.825584362061914,
      424.00120863175925
    ],
    [
      "DEB-5677B27A",
      31.36540812634873,
      -51.574984735695494,
      710.1865871006248
    ],
    [
      "DEB-0DED04AC",
      -45.91891084349989,
      79.10277257078715,
      797.414177152491
    ],
    [
      "DEB-7B942080",
      30.764627979098584,
      149.99417576886722,
      809.0566584825456
    ],
    [
      "DEB-03C9FE08",
      -0.9267146427770556,
      -12.583465905989618,
      626.2282264017585
    ],
    [
      "DEB-E33D478F",
      29.8635246071977,
      172.20729522502072,
      251.02216344731914
    ],
    [
      "DEB-44F7691A",
      -9.105353953492253,
      158.43556601367214,
      247.75176665071376
    ],
    [
      "DEB-BDC1E70A",
      -31.12937384514956,
      34.64623838928562,
      770.315726194397
    ],
    [
      "DEB-A1135584",
      -21.0419418008195,
      11.099457203778975,
      896.2236962539273
    ],
    [
      "DEB-798F0395",
      42.96734680949226,
      -24.98396707905562,
      910.0311317627957
    ],
    [
      "DEB-15719041",
      43.680935453997456,
      -111.44352304132734,
      745.0814281362591
    ],
    [
      "DEB-20186CE0",
      44.8880612613506,
      -126.96948867854147,
      814.4939329813051
    ],
    [
      "DEB-B25B97AE",
      -24.328300645413016,
      19.704924719051927,
      363.5162546388856
    ],
    [
      "DEB-74D88A76",
      43.27601976619438,
      44.26180262431851,
      368.558391563055
    ],
    [
      "DEB-5760F0D0",
      34.00162598561356,
      11.276239636989553,
      185.84436147942597
    ],
    [
      "DEB-409B9108",
      6.408142369662959,
      -37.5196112525953,
      843.4976779349645
    ],
    [
      "DEB-C20A6249",
      -55.13206134417711,
      11.097383261201891,
      477.821303909559
    ],
    [
      "DEB-DF996119",
      14.536120138257628,
      -154.80551760150135,
      604.8945717019897
    ],
    [
      "DEB-016E9FF8",
      71.0798975880752,
      -142.33444764185114,
      268.2574796559411
    ],
    [
      "DEB-63A6695F",
      -16.851835810550178,
      61.11363774548881,
      418.2265762186353
    ],
    [
      "DEB-8682C91E",
      -8.702506335150911,
      -123.97125546659862,
      492.50571038498947
    ],
    [
      "DEB-A7B8D17D",
      65.3299871371061,
      -67.4681807041943,
      409.17040011372137
    ],
    [
      "DEB-D514EEC0",
      55.8540848003291,
      106.60231545491479,
      341.92691339901376
    ],
    [
      "DEB-879CE1BF",
      51.174527498946404,
      -31.836337651368954,
      196.87199695473373
    ],
    [
      "DEB-F78F5DB9",
      -35.23440080333528,
      -109.91542274204431,
      247.23557665314092
    ],
    [
      "DEB-457CD971",
      -12.495803242448977,
      23.640299410440207,
      337.93948159078354
    ],
    [
      "DEB-49959BFA",
      38.41632025781596,
      -16.99000570701791,
      906.3852629603143
    ],
    [
      "DEB-8F946822",
      -6.320126771331893,
      142.83656451128934,
      649.3360246126977
    ],
    [
      "DEB-0E786ABC",
      -30.03122200681887,
      -83.72770988172698,
      244.64495634592913
    ],
    [
      "DEB-913350BE",
      0.43586399336315523,
      13.815771134638082,
      529.6318918957322
    ],
    [
      "DEB-B6EB9326",
      64.58333986872002,
      -147.18451233376598,
      826.173142153938
    ],
    [
      "DEB-DBC06D56",
      -39.104653804527686,
      -162.6231223299125,
      602.1020236602399
    ],
    [
      "DEB-CB243C9C",
      -55.1381094310263,
      -122.21215655632426,
      353.30644761399435
    ],
    [
      "DEB-BDB70F62",
      78.05138488698088,
      164.7775560747303,
      749.9820046741897
    ],
    [
      "DEB-211517EF",
      23.74440777055083,
      107.40406445652309,
      199.32293275270695
    ],
    [
      "DEB-393F38F2",
      40.04338536741008,
      -83.26466505470461,
      517.1804609375022
    ],
    [
      "DEB-C6C89880",
      72.47683322916251,
      -20.78925250960623,
      544.9300812112479
    ],
    [
      "DEB-1218A323",
      -10.05450068542566,
      98.49985219826502,
      509.7180439963822
    ],
    [
      "DEB-880FFDEC",
      -21.242020602032056,
      150.64994451126307,
      359.71021741549794
    ],
    [
      "DEB-68D473FE",
      -36.20968011876076,
      -69.09237062301139,
      182.44623502551713
    ],
    [
      "DEB-BDFA3B45",
      -19.54846686090569,
      -86.81146822881266,
      495.95470450104676
    ],
    [
      "DEB-910A5229",
      10.46589789520284,
      -71.557387950126,
      421.9009808757228
    ],
    [
      "DEB-EEFBCBAC",
      27.350467518730593,
      -143.3520684100485,
      218.03314700414285
    ],
    [
      "DEB-ACE061C8",
      67.48986724721117,
      -82.65376291064906,
      837.6598091538817
    ],
    [
      "DEB-DC214DAE",
      -15.389729790242761,
      155.43414234615165,
      301.5221687212261
    ],
    [
      "DEB-76A305DA",
      3.7403501527502954,
      98.59788655407958,
      211.36721374062927
    ],
    [
      "DEB-DAE41926",
      31.133692358617683,
      -36.803922039308446,
      793.4209611466986
    ],
    [
      "DEB-49316061",
      25.065526838783633,
      31.766151503753292,
      454.6431829701969
    ],
    [
      "DEB-BA88E512",
      13.123051252102659,
      40.927454350699044,
      551.6974036230977
    ],
    [
      "DEB-12FA9A03",
      12.65553865810252,
      89.26439904438081,
      447.4322524926547
    ],
    [
      "DEB-84F0A063",
      -14.287640100822392,
      120.09560950728455,
      187.14207101085958
    ],
    [
      "DEB-84051C4F",
      39.39132246665974,
      103.95172736531141,
      277.13662226149427
    ],
    [
      "DEB-6C07F591",
      -19.526719207568007,
      -124.43875965005988,
      806.3152907488384
    ],
    [
      "DEB-7F17859D",
      37.026780472907774,
      124.2693444273478,
      620.3843132869915
    ],
    [
      "DEB-201790DC",
      41.63139417726469,
      28.69902985706539,
      222.8328153399525
    ],
    [
      "DEB-0FA553B5",
      -15.305472777741606,
      -158.63665446070715,
      859.9719331626748
    ],
    [
      "DEB-529CE80C",
      7.486477652101615,
      -0.3854802632798358,
      911.0261951284037
    ],
    [
      "DEB-0B80EEEC",
      -40.301674777193206,
      -30.26335846408546,
      626.2108982696345
    ],
    [
      "DEB-15B5ED4B",
      28.227845663625786,
      109.39233449651161,
      845.6969920774118
    ],
    [
      "DEB-A4C6946D",
      24.773689362137173,
      127.07598680323814,
      519.5386046306949
    ],
    [
      "DEB-9FCBD2FC",
      22.03347515837987,
      86.5285868951115,
      444.49621667123847
    ],
    [
      "DEB-B68A826A",
      -32.425048481033784,
      95.41363763320055,
      216.63076157882915
    ],
    [
      "DEB-4695926A",
      -15.896075754917641,
      -3.0265219224648394,
      420.1220419616375
    ],
    [
      "DEB-AA5002FF",
      -73.57209254426755,
      -129.52915149382343,
      241.6351889943835
    ],
    [
      "DEB-914DEB57",
      -40.76264918878745,
      -148.28843755595375,
      357.75930191697626
    ],
    [
      "DEB-F8FB89C9",
      58.692299513755245,
      -91.38592741653348,
      446.7599589377887
    ],
    [
      "DEB-CF58406D",
      -74.02722626164393,
      28.96406247129541,
      210.2784477465766
    ],
    [
      "DEB-CC04FC38",
      -61.49126137214018,
      -176.28030931111567,
      366.70820893950076
    ],
    [
      "DEB-3CFB3119",
      9.536394576681674,
      140.31507071333058,
      763.565206971507
    ],
    [
      "DEB-39618BF9",
      -37.848082525499095,
      -145.4354718905994,
      244.65474203008398
    ],
    [
      "DEB-FBF03963",
      -21.6157438063198,
      115.29849008301723,
      501.01450403753734
    ],
    [
      "DEB-A91618C1",
      -23.27663819837521,
      139.69229821702282,
      249.41327794204426
    ],
    [
      "DEB-A8E3BEDE",
      -46.414439512921675,
      40.54192065577358,
      243.05721760721735
    ],
    [
      "DEB-0CD118E1",
      -13.661460265098873,
      43.99957110335803,
      768.108170443983
    ],
    [
      "DEB-326256EE",
      -11.659709153229747,
      -110.99953720050601,
      526.0341286792554
    ],
    [
      "DEB-25244B30",
      15.28486397580803,
      -164.83856942454975,
      253.54222574252253
    ],
    [
      "DEB-7BE36C1B",
      18.062211441128618,
      -114.63753180966704,
      632.8644703260661
    ],
    [
      "DEB-F1A3EC8A",
      -14.622910548274527,
      -159.3118906099476,
      384.24069461719137
    ],
    [
      "DEB-EA20A7D2",
      16.968405118337603,
      -64.54930550486408,
      146.66633723300583
    ],
    [
      "DEB-107A406A",
      -21.912407934754036,
      -79.5226443495093,
      810.7687336615982
    ],
    [
      "DEB-19FB4871",
      -42.17445827405936,
      -0.03415382965549176,
      757.5820145046373
    ],
    [
      "DEB-B10FAA6F",
      15.228579868343848,
      -133.78178924934886,
      136.47731481761548
    ],
    [
      "DEB-43A4332B",
      31.72527077804444,
      116.95788354941861,
      491.58991916982905
    ],
    [
      "DEB-F271C3E8",
      -31.668229889676507,
      11.621003516322853,
      178.974340948379
    ],
    [
      "DEB-290A00D1",
      -8.784561995148751,
      -137.1547053755968,
      516.4366046217929
    ],
    [
      "DEB-071BD5B2",
      17.66095257832978,
      90.37633171548853,
      120.707379681362
    ],
    [
      "DEB-71729F1B",
      27.387074725676058,
      127.46631318821103,
      458.5330634241345
    ],
    [
      "DEB-BA58EA28",
      -23.509673387820893,
      1.059757448854023,
      259.9680075906399
    ],
    [
      "DEB-B94EE4AD",
      44.06311301177794,
      120.11870583658794,
      327.83213491541846
    ],
    [
      "DEB-4E559002",
      33.62176698693712,
      97.92028478458134,
      593.3921640564959
    ],
    [
      "DEB-EF152AA2",
      -40.08215798847092,
      -137.4190795815628,
      857.6818372741882
    ],
    [
      "DEB-7BFDFF73",
      -25.495808063780178,
      95.21305938983673,
      651.140154627592
    ],
    [
      "DEB-EACA8E9A",
      -72.48287464077589,
      -10.775049272167978,
      398.00831580744125
    ],
    [
      "DEB-E805DDD9",
      12.966602205747954,
      99.84079468541624,
      355.83232837202195
    ],
    [
      "DEB-3471B611",
      27.477180025922188,
      156.18509968942456,
      692.5592667086485
    ],
    [
      "DEB-27760BDB",
      -20.95305583096906,
      37.46900549028273,
      865.5389461143104
    ],
    [
      "DEB-4F1464A7",
      -12.045202175070601,
      141.68856179641716,
      538.091558550318
    ],
    [
      "DEB-2C82A19C",
      19.836058459571966,
      -82.50134246515839,
      620.6503166974599
    ],
    [
      "DEB-F6C22635",
      15.810457545574891,
      -88.34513937370896,
      923.9005235197474
    ],
    [
      "DEB-4728FE62",
      -44.09254996076858,
      -160.43476618043215,
      749.612739287747
    ],
    [
      "DEB-0EDE72C9",
      54.7283526537979,
      -74.1710015161415,
      275.3568325395727
    ],
    [
      "DEB-2D27D11C",
      -32.03953311884023,
      -76.86988622930409,
      846.8117823574112
    ],
    [
      "DEB-1DC8BF6D",
      65.55171243492049,
      -12.026077538164179,
      559.8551082002177
    ],
    [
      "DEB-D7A24DA8",
      13.892641477091715,
      -11.463838619391085,
      543.610943410843
    ],
    [
      "DEB-480DF926",
      -53.45443829526226,
      96.3094570183103,
      537.8730054952048
    ],
    [
      "DEB-90EDE10B",
      43.69188547220644,
      75.86516211044083,
      290.52086261948443
    ],
    [
      "DEB-8C2AC45A",
      -46.66068064561575,
      -171.7350398280699,
      363.81757410301543
    ],
    [
      "DEB-B90720E4",
      -56.694004813778854,
      84.16070687101094,
      194.24599801878503
    ],
    [
      "DEB-A6BBADE2",
      14.702627333066806,
      -162.4090907969342,
      759.0583136541009
    ],
    [
      "DEB-B0D8740B",
      -5.619120175299599,
      -129.7530456099578,
      254.44051047556786
    ],
    [
      "DEB-0B6556EC",
      -8.316705630167124,
      -135.26837215221596,
      557.4113889999044
    ],
    [
      "DEB-9CC3C968",
      -14.759542097100002,
      -173.5168374968189,
      521.3223487495079
    ],
    [
      "DEB-83748FA9",
      -5.312198575016539,
      63.6502010899595,
      920.1359778421966
    ],
    [
      "DEB-43406D28",
      -26.027846788721853,
      54.40612403769948,
      845.0208120897196
    ],
    [
      "DEB-03B50D75",
      11.546356441050984,
      20.142068887136023,
      487.4035526093212
    ],
    [
      "DEB-739BB5A0",
      -13.527378808802656,
      -179.2661713517162,
      621.0757596994727
    ],
    [
      "DEB-161E245C",
      22.159397696266186,
      15.129564942591857,
      291.5538505350696
    ],
    [
      "DEB-E67692A8",
      63.90167159217171,
      -136.89307077914557,
      768.1594649508588
    ],
    [
      "DEB-D654A2E6",
      65.09321447625852,
      -30.28427975115914,
      500.4128348016129
    ],
    [
      "DEB-C39ABE51",
      20.119366222151175,
      130.01141199467108,
      644.2839625650313
    ],
    [
      "DEB-9DD3CDCB",
      -7.893248805267514,
      -65.66970266543365,
      712.1725293450627
    ],
    [
      "DEB-65783927",
      31.79986061323517,
      -104.65255710393967,
      782.1436357444354
    ],
    [
      "DEB-DE1BC77D",
      -4.084746939063934,
      23.990168245273622,
      423.6370891947354
    ],
    [
      "DEB-8E5A408F",
      47.969316005947135,
      -85.60870848064344,
      804.2403827079652
    ],
    [
      "DEB-922DC51F",
      -57.7720727087389,
      -76.7097615781533,
      777.8361551524777
    ],
    [
      "DEB-8178A018",
      7.5266731286198745,
      -79.11951322576374,
      266.4575267134787
    ],
    [
      "DEB-D22D1851",
      -0.3609472882300501,
      -65.3983199469367,
      662.405075254549
    ],
    [
      "DEB-67085D3F",
      -49.3162827375434,
      -135.90399325507963,
      652.9475118935943
    ],
    [
      "DEB-EEA73006",
      53.596601739403745,
      -122.14458757091069,
      576.9311457416388
    ],
    [
      "DEB-595CDB6C",
      3.3287194971349274,
      100.90181436057406,
      318.28550707440263
    ],
    [
      "DEB-287EF216",
      -50.11149048728185,
      166.1204264542285,
      783.4927367366708
    ],
    [
      "DEB-518276C9",
      4.692150745376506,
      130.6972203879524,
      719.9383403531383
    ],
    [
      "DEB-96F7E458",
      -3.920512557102898,
      138.06806338613694,
      194.40717815652624
    ],
    [
      "DEB-435DA571",
      59.558026218041114,
      -67.07395180636105,
      477.54711554440473
    ],
    [
      "DEB-09757C10",
      19.84455175499914,
      75.88445814355684,
      655.5114668075976
    ],
    [
      "DEB-899D7EA3",
      45.392318683931265,
      -36.32203571444781,
      458.27040719905654
    ],
    [
      "DEB-F0627A13",
      -10.539393867823716,
      -155.46705407671075,
      540.9941615415828
    ],
    [
      "DEB-D10E987C",
      53.39487284143214,
      80.10448512211946,
      568.9893542273676
    ],
    [
      "DEB-DFF7ECAA",
      23.601342922458894,
      7.013223172289119,
      757.7725100451735
    ],
    [
      "DEB-58F98C31",
      -55.832134117223994,
      -5.33011692599951,
      288.1673064145698
    ],
    [
      "DEB-63F43A13",
      0.5460212377628839,
      44.47921653772505,
      470.04238845074633
    ],
    [
      "DEB-CC3CD381",
      79.74721807293322,
      140.73407052326505,
      337.0088586939628
    ],
    [
      "DEB-7B164751",
      55.52289420083541,
      178.3678878999299,
      733.5617946605362
    ],
    [
      "DEB-AD085395",
      -45.85826984599335,
      -179.80677252889433,
      520.0159810303803
    ],
    [
      "DEB-0B80D725",
      -15.729814934988745,
      26.94480749835695,
      209.8722582522223
    ],
    [
      "DEB-745FA060",
      21.499259743879637,
      148.9817309495753,
      240.08278596780838
    ],
    [
      "DEB-C50C52F9",
      49.26490400514046,
      -48.38724228482199,
      166.0193775809921
    ],
    [
      "DEB-DAB1C18D",
      50.03469292007599,
      -5.611780202366641,
      785.2373006567213
    ],
    [
      "DEB-B9C20125",
      -70.65311324496506,
      -34.71685523242584,
      185.23163045696583
    ],
    [
      "DEB-C0D2FE10",
      30.986355005724263,
      -43.46642805787632,
      813.2308387646781
    ],
    [
      "DEB-906296E2",
      27.926791379448787,
      -24.535703928487294,
      173.45214607945036
    ],
    [
      "DEB-5FC76867",
      47.029676600708655,
      -176.51207475005583,
      287.2663959195852
    ],
    [
      "DEB-454524E4",
      18.841662116091644,
      21.105402431165118,
      552.498267712207
    ],
    [
      "DEB-57445030",
      9.82321552177609,
      128.8560724753367,
      756.8441878841459
    ],
    [
      "DEB-001573B1",
      3.354963101181356,
      -91.76705039574875,
      840.7437576386292
    ],
    [
      "DEB-6E850BD3",
      -67.00101768859294,
      -132.35094049369025,
      914.492254552465
    ],
    [
      "DEB-4719E074",
      -33.373468305291745,
      5.535287469457372,
      310.1388887209996
    ],
    [
      "DEB-F9EE0376",
      43.51216036495871,
      -177.64074198670517,
      211.06111824773416
    ],
    [
      "DEB-86C16143",
      28.457540001919035,
      -136.01800951764184,
      355.19871581453026
    ],
    [
      "DEB-4D0540AA",
      30.929562139267155,
      -64.2735961973667,
      459.14368657644536
    ],
    [
      "DEB-9B4D96DD",
      32.34912943881165,
      -50.67735686246995,
      436.77990306680476
    ],
    [
      "DEB-E1E5A328",
      -20.407599001935118,
      102.88111743177458,
      503.03914111713493
    ],
    [
      "DEB-67452115",
      65.55168886996118,
      32.40559837989931,
      872.3679428488595
    ],
    [
      "DEB-BD71F27E",
      -20.76685030854528,
      -146.29664207187042,
      291.9340447199065
    ],
    [
      "DEB-2889501C",
      -23.311937432213984,
      39.040218031131,
      508.46548713724223
    ],
    [
      "DEB-02A1D3BC",
      36.54244150855351,
      112.32772935546194,
      213.37729567063343
    ],
    [
      "DEB-04A81232",
      1.8315951905763774,
      -76.2890708097257,
      798.7317321562323
    ],
    [
      "DEB-E67F1DC5",
      25.56715451910105,
      -23.42526816552349,
      674.3576851423759
    ],
    [
      "DEB-C4E16DAC",
      85.0525060257338,
      -22.806614287043658,
      570.8592331428072
    ],
    [
      "DEB-75312A2D",
      36.124974610430364,
      -81.61472376008348,
      801.343449451706
    ],
    [
      "DEB-74907A2E",
      35.040749566055226,
      -47.04632418161132,
      157.7742285801396
    ],
    [
      "DEB-2C51293F",
      -29.821505073420326,
      -89.96307748989656,
      668.1381262288669
    ],
    [
      "DEB-7D3695AB",
      29.93648776476717,
      -57.81904218492201,
      684.7071202945008
    ],
    [
      "DEB-1E66C61D",
      -28.67133779876043,
      -100.51491373817817,
      196.6945749886845
    ],
    [
      "DEB-B2E66F87",
      39.98157010501888,
      -130.95248693240353,
      855.0515779670523
    ],
    [
      "DEB-FD2DE348",
      -37.72309250658756,
      -122.05829169205343,
      787.799946948724
    ],
    [
      "DEB-0E298ECD",
      -65.72657886301285,
      -95.35332535865217,
      466.58067768712954
    ],
    [
      "DEB-126828B2",
      20.978633535723386,
      -137.25506451293006,
      765.0072482434134
    ],
    [
      "DEB-BE7267B9",
      47.68150789603707,
      -134.7293119226235,
      668.3858187355345
    ],
    [
      "DEB-17F8BC8C",
      31.25880676201712,
      67.90100954987932,
      172.54998784385862
    ],
    [
      "DEB-F724F936",
      15.944789139451153,
      103.73539320668651,
      279.4095592786398
    ],
    [
      "DEB-53D685F8",
      18.68748078574155,
      -115.9512322385245,
      471.13528709940965
    ],
    [
      "DEB-FF6E95DA",
      16.18475089233271,
      -71.36252718144713,
      213.62701507476777
    ],
    [
      "DEB-87C1D429",
      27.062176396516826,
      53.30451160773011,
      557.3185399558151
    ],
    [
      "DEB-A4D9196E",
      -0.00773078022550848,
      37.67671178008189,
      715.9892705096318
    ],
    [
      "DEB-D761BE28",
      3.804293115002224,
      -118.91896057442032,
      824.5186756829462
    ],
    [
      "DEB-56B328A9",
      -71.26937688414664,
      38.290595180017,
      304.14498467519024
    ],
    [
      "DEB-C82AFCB6",
      -50.32293880120592,
      37.48997377773446,
      491.2078870254327
    ],
    [
      "DEB-2D7D8A6A",
      25.941606068840414,
      -17.677621235690555,
      503.6064115825011
    ],
    [
      "DEB-46F3126D",
      31.930261446727517,
      172.03298829338604,
      386.59832886768345
    ],
    [
      "DEB-0A0E8420",
      -27.38164937048728,
      -74.0323096678832,
      880.5566955499644
    ],
    [
      "DEB-90941952",
      -8.846346288151194,
      31.117294610619965,
      168.1173473587687
    ],
    [
      "DEB-EBF40817",
      29.814720175657648,
      111.97875931283562,
      357.739681680946
    ],
    [
      "DEB-4DBE4031",
      7.554779636211884,
      -104.66560275668265,
      363.3635112741058
    ],
    [
      "DEB-E5C44BB2",
      -50.61183270823953,
      -147.56544511233935,
      153.95757457785476
    ],
    [
      "DEB-605761D6",
      -45.475872762492195,
      31.96195617409754,
      579.7882718779756
    ],
    [
      "DEB-B774239D",
      5.4000600611117715,
      97.26022543565396,
      419.3636323530336
    ],
    [
      "DEB-38FEBC10",
      23.895433059159743,
      28.187887295496093,
      308.3166881728357
    ],
    [
      "DEB-207198B0",
      45.84495143214989,
      122.88045977953998,
      615.6681960314017
    ],
    [
      "DEB-B3D4637B",
      55.73814050768755,
      -69.44546392360044,
      660.4246821563092
    ],
    [
      "DEB-477038EE",
      -7.051666121520639,
      -130.828447163182,
      818.2253810396587
    ],
    [
      "DEB-C461499D",
      83.58111873910414,
      89.88422502874477,
      195.42596812110787
    ],
    [
      "DEB-5202E486",
      -37.14416451270747,
      -43.419863974000066,
      885.7331710253802
    ],
    [
      "DEB-1C0F5B3C",
      -6.852608504321545,
      175.74863177475254,
      901.5708482979526
    ],
    [
      "DEB-E2D80756",
      -12.78691069115233,
      118.55118216908097,
      706.6440720987575
    ],
    [
      "DEB-35D758D5",
      8.02570168986151,
      -133.96025381657483,
      164.3041245254317
    ],
    [
      "DEB-BF0446BB",
      58.16018881194757,
      -25.261438363730125,
      799.5569662129055
    ],
    [
      "DEB-A52C2088",
      -10.030603838722493,
      -38.82279450130539,
      922.8898695476455
    ],
    [
      "DEB-0B6293B5",
      19.51770816828305,
      151.68958682212332,
      201.01223363337886
    ],
    [
      "DEB-79759B54",
      16.494035550630464,
      5.980329608742365,
      401.723496863965
    ],
    [
      "DEB-79FEE9DD",
      80.55705940652196,
      -121.7719171945058,
      483.27222488082225
    ],
    [
      "DEB-9E4FEDA1",
      18.079040455893654,
      -111.48150775770112,
      898.9375172272694
    ],
    [
      "DEB-A885CC77",
      -82.76136288135297,
      -110.71957235737756,
      301.9807779051025
    ],
    [
      "DEB-BC22A8DA",
      16.522527693191712,
      -167.20660662841303,
      378.3989478943531
    ],
    [
      "DEB-1E3EA937",
      -27.66694082887214,
      -163.87122664421182,
      367.9440702210659
    ],
    [
      "DEB-811BEC59",
      51.33276534809938,
      67.60034419632494,
      865.2905508719468
    ],
    [
      "DEB-4AA0C375",
      11.282905936124044,
      -64.954852251715,
      677.929266967707
    ],
    [
      "DEB-430AD5A9",
      28.56068449390604,
      -63.14956932940472,
      815.9920001359114
    ],
    [
      "DEB-ABD11CC1",
      -10.384187269209976,
      61.71739744394743,
      127.86394733514135
    ],
    [
      "DEB-726165A5",
      -47.811364125698105,
      -51.47452879559576,
      325.5897486192589
    ],
    [
      "DEB-28A44966",
      33.777948663792955,
      70.72722232011357,
      212.17806412750997
    ],
    [
      "DEB-67C3EB45",
      31.053715985709623,
      -118.63554605101226,
      177.6881529111397
    ],
    [
      "DEB-B06B3DEF",
      -9.186636988307349,
      -84.76163286278332,
      733.8039880776269
    ],
    [
      "DEB-73DCC962",
      28.047602448366685,
      140.33314152141364,
      513.0786711356532
    ],
    [
      "DEB-0B56DBE7",
      29.675039411158206,
      -142.12422638582072,
      239.72240268933547
    ],
    [
      "DEB-4ADD4B97",
      21.757952341336996,
      -18.14844702306533,
      881.3436069260551
    ],
    [
      "DEB-66F34200",
      64.45838870226252,
      6.109447081210199,
      771.3800445453289
    ],
    [
      "DEB-77932F99",
      -52.298614147922265,
      98.26117262567979,
      431.8515223946706
    ],
    [
      "DEB-B508A81F",
      47.219738645713335,
      -176.14446261289746,
      518.0107210865772
    ],
    [
      "DEB-F246ECC2",
      25.88140209574521,
      -12.579033868604006,
      631.3395490381499
    ],
    [
      "DEB-31B8A6AA",
      32.736253341935004,
      119.91283947738576,
      173.4418120470409
    ],
    [
      "DEB-9D717830",
      52.68082970235175,
      -104.22439569039128,
      705.4292016012914
    ],
    [
      "DEB-59E6CC75",
      -31.87060690769102,
      117.07834217464256,
      433.7252060983283
    ],
    [
      "DEB-940E85C2",
      -37.972238483938334,
      -176.93580554317947,
      763.9452400482996
    ],
    [
      "DEB-C84EE69D",
      -54.50202188671885,
      1.7492847149164672,
      246.16406993600322
    ],
    [
      "DEB-1CC33B3D",
      47.1987752785068,
      88.66908683434252,
      286.3919469241355
    ],
    [
      "DEB-70B21E67",
      5.421080590633387,
      66.43343313986463,
      708.236511442753
    ],
    [
      "DEB-4B7411C5",
      -57.07761503389407,
      -30.621275120195776,
      907.0223317823138
    ],
    [
      "DEB-6EE96ED5",
      -2.3255358622635556,
      26.34437230340417,
      179.3333289119646
    ],
    [
      "DEB-AA1929B9",
      -50.772490838858275,
      133.34150630061097,
      459.46865271828483
    ],
    [
      "DEB-2788DFF1",
      49.16253227914879,
      -58.054117250958505,
      388.7146959438023
    ],
    [
      "DEB-B61BD251",
      20.123423411367906,
      -109.03399013140103,
      730.9541558504134
    ],
    [
      "DEB-05DAA806",
      -17.219231380610225,
      71.26939127532962,
      417.33248782942064
    ],
    [
      "DEB-07B1E85B",
      -56.23194346311642,
      56.155217134317645,
      254.6916611242168
    ],
    [
      "DEB-4CD9B394",
      -7.754217787584314,
      106.61040193812961,
      202.6967204887569
    ],
    [
      "DEB-9471FABE",
      28.0537059569569,
      -163.7653048461255,
      292.7367095484751
    ],
    [
      "DEB-BE19DE0D",
      -9.300777670143681,
      -11.325806196038883,
      556.957806214954
    ],
    [
      "DEB-2EA59E9D",
      55.49940791680103,
      173.92934891327747,
      602.0767551188592
    ],
    [
      "DEB-568F2F3C",
      -39.01753133280264,
      -70.14601016417608,
      655.9298174967889
    ],
    [
      "DEB-1290C3BA",
      14.690366600823763,
      -51.48411885224169,
      363.19486634128134
    ],
    [
      "DEB-5B856DAA",
      45.17312602139055,
      106.83770649777415,
      709.8561511047874
    ],
    [
      "DEB-FAC1D593",
      4.72563159068621,
      -78.12027843955245,
      141.58849094822108
    ],
    [
      "DEB-3D02BB28",
      -45.934481622517616,
      -10.313259319921512,
      677.0690841752366
    ],
    [
      "DEB-FC00442B",
      17.31204483790405,
      -166.97641060217566,
      862.6020477821166
    ],
    [
      "DEB-C8268E5D",
      -12.373027034958119,
      -147.2804263038652,
      687.9138979752797
    ],
    [
      "DEB-D86619F1",
      52.805180884735684,
      -126.38973858057507,
      211.8782789713414
    ],
    [
      "DEB-49443B84",
      -22.78518226899973,
      -157.91438558714128,
      809.8761227239338
    ],
    [
      "DEB-9427E069",
      60.58316816741605,
      -47.43623919494023,
      724.531977351332
    ],
    [
      "DEB-518D5643",
      13.181377902353535,
      76.88971426710914,
      636.0546149157808
    ],
    [
      "DEB-71F8FC6C",
      19.25384241252722,
      148.81921515532366,
      634.592282962928
    ],
    [
      "DEB-7DE1357D",
      2.7855284117778734,
      -37.39487775305164,
      772.4831212223307
    ],
    [
      "DEB-EE19E5C9",
      31.71823153628751,
      -144.35100928323723,
      726.3578835713342
    ],
    [
      "DEB-570AA38A",
      -51.8641008807278,
      -71.34539695377995,
      251.59762553989913
    ],
    [
      "DEB-F6332A35",
      -37.88964732280858,
      -171.9898361877134,
      383.765053923923
    ],
    [
      "DEB-07D73C49",
      -2.582524726274448,
      -44.00905488182128,
      252.48043301363577
    ],
    [
      "DEB-2D3F51DE",
      30.987625012981514,
      -174.61417390999702,
      201.09666331968583
    ],
    [
      "DEB-0CE42C4E",
      -7.109389242410832,
      138.31967185174892,
      528.9034899374165
    ],
    [
      "DEB-BB7F1CC9",
      10.452211213959714,
      -54.87362800788895,
      312.0687100969508
    ],
    [
      "DEB-A51B4DE9",
      51.97426980613941,
      120.39991903934896,
      747.4866850774661
    ],
    [
      "DEB-4637CF8F",
      -52.86580339801115,
      -154.97709644514737,
      891.9851912889462
    ],
    [
      "DEB-0FDFEB15",
      13.28586174592539,
      74.4897993962446,
      843.6584472375407
    ],
    [
      "DEB-DBD729FB",
      -20.891610974804244,
      -126.10034605669559,
      562.0215105507395
    ],
    [
      "DEB-B948782F",
      -57.83861212787293,
      89.64508333801611,
      805.8895990805977
    ],
    [
      "DEB-D281100E",
      17.545161984654214,
      -30.4063006395555,
      660.0960436645883
    ],
    [
      "DEB-A39BFF4F",
      -49.83771055660047,
      137.8211417159398,
      260.1940792237592
    ],
    [
      "DEB-65DC665D",
      29.113502783229407,
      31.058061378531452,
      905.8610267875101
    ],
    [
      "DEB-4D272A6C",
      1.8469559460298703,
      -86.44562167244003,
      287.57911850768505
    ],
    [
      "DEB-150BE1FE",
      36.65639463230347,
      -167.2462817121955,
      507.9755237618947
    ],
    [
      "DEB-3281300B",
      -40.904895533377776,
      -39.97677297941712,
      298.40442884559616
    ],
    [
      "DEB-6CC43698",
      50.541204429839844,
      37.23967503341446,
      462.69385740768666
    ],
    [
      "DEB-E8896FF8",
      52.87803657917942,
      131.09814863858867,
      692.175004453351
    ],
    [
      "DEB-89CA4196",
      1.9216730550634453,
      33.48252876303607,
      473.09573982325037
    ],
    [
      "DEB-7510CF65",
      25.446420707138817,
      -116.82547582486022,
      474.00435011114314
    ],
    [
      "DEB-45ACF484",
      60.82253731168179,
      88.640827411677,
      579.5511995504985
    ],
    [
      "DEB-6F06834F",
      58.10452744212845,
      5.956779094483697,
      224.09191188170826
    ],
    [
      "DEB-7CBCC0D8",
      -25.671758819967188,
      -143.09623688455673,
      882.5219426751237
    ],
    [
      "DEB-6DD5A248",
      -14.068633907686365,
      130.87246766603937,
      194.55089779017726
    ],
    [
      "DEB-1B95690D",
      26.75023404680522,
      107.64731614536316,
      498.7680160295122
    ],
    [
      "DEB-4AF53DAD",
      72.45982801140529,
      156.26229895129734,
      123.87482255121904
    ],
    [
      "DEB-C29AD11B",
      -32.681072149430406,
      154.845485440049,
      253.4424433127342
    ],
    [
      "DEB-BA6B9AB5",
      -23.359050523966147,
      110.62689579957927,
      897.5096036879258
    ],
    [
      "DEB-60313463",
      -20.373077966095174,
      -43.36138684022585,
      671.0399401020595
    ],
    [
      "DEB-26951631",
      -35.504500922163025,
      -101.27894595632523,
      149.98840679867135
    ],
    [
      "DEB-ACBD4483",
      -60.930206254396836,
      -58.64962512862696,
      292.5509330250152
    ],
    [
      "DEB-E664FCB5",
      -15.329570875376666,
      65.77689380906932,
      585.3458401342323
    ],
    [
      "DEB-AE2C19C6",
      53.39205697276412,
      -113.31570227651586,
      307.0502801224038
    ],
    [
      "DEB-601FE0DC",
      -37.3436835501682,
      -72.58433237955043,
      880.4692284499752
    ],
    [
      "DEB-44E45EB9",
      15.122375485945607,
      156.80987312300422,
      739.6144588506049
    ],
    [
      "DEB-DC4AE8AF",
      -28.031048204776866,
      -38.05069742714735,
      195.43766915306333
    ],
    [
      "DEB-1EA290AC",
      22.77756262062101,
      15.444784810979417,
      582.4008928434696
    ],
    [
      "DEB-8949CE3C",
      28.577270820257223,
      111.98196154960534,
      648.3044373766725
    ],
    [
      "DEB-EF8A6CE8",
      18.556899981574592,
      -148.73562628658783,
      727.6205802620498
    ],
    [
      "DEB-EA11ED8A",
      1.0574027468279017,
      -72.68989043313128,
      284.3538070491504
    ],
    [
      "DEB-CCD0B5C9",
      -27.908288128839946,
      98.68106762209594,
      616.4333440709861
    ],
    [
      "DEB-32934AF4",
      27.401657848773144,
      165.60039779103536,
      663.1854422679198
    ],
    [
      "DEB-68A13855",
      -35.51805272602844,
      -110.48545174495196,
      669.4436341324235
    ],
    [
      "DEB-E00641FF",
      1.6036578453557684,
      -47.00752738860375,
      144.54738305038245
    ],
    [
      "DEB-B141E294",
      22.897184236027602,
      -120.04746014140729,
      787.4535415998525
    ],
    [
      "DEB-4AAFDD04",
      -4.629496996188442,
      146.77395352683314,
      347.39143622049596
    ],
    [
      "DEB-1295439C",
      -6.265378041066835,
      -162.8018954004036,
      604.0162014149655
    ],
    [
      "DEB-6FB2B30D",
      31.244877671359472,
      -46.48619652371988,
      502.21731658644694
    ],
    [
      "DEB-B6D178D3",
      -23.20980775894057,
      -163.40903544636814,
      714.4898974881535
    ],
    [
      "DEB-1D35D17F",
      64.84196633939435,
      -91.95995328447877,
      161.38876989731943
    ],
    [
      "DEB-0C881D56",
      -63.77092729324684,
      -60.756107734344084,
      588.6364190887743
    ],
    [
      "DEB-C166E70D",
      61.94538723131357,
      11.380787587536494,
      868.6866046818513
    ],
    [
      "DEB-C4F1AFEE",
      -10.860079609497696,
      115.76813362132634,
      318.2197654557376
    ],
    [
      "DEB-2A02C8B3",
      -1.4348034859821985,
      -65.36976687381056,
      568.9094535268314
    ],
    [
      "DEB-01116637",
      62.18060293312251,
      -112.21953376351713,
      727.4744203060136
    ],
    [
      "DEB-638FEF8D",
      -30.407974144148852,
      -106.89697976535638,
      570.9457345536293
    ],
    [
      "DEB-020DBD9F",
      17.143310072224796,
      -28.978763358267717,
      722.7726359602948
    ],
    [
      "DEB-175FD516",
      -64.68231190412982,
      -34.65747440919522,
      641.5804281335231
    ],
    [
      "DEB-73D5799E",
      15.054855006263534,
      121.43985202809743,
      377.29972854250445
    ],
    [
      "DEB-B1E805D2",
      -54.62397331962409,
      -70.65807627847323,
      835.6323744559631
    ],
    [
      "DEB-08627945",
      75.705407480728,
      58.89499699413404,
      446.4728263754405
    ],
    [
      "DEB-788839D5",
      27.50747383571734,
      -77.40889361338421,
      360.22826484920824
    ],
    [
      "DEB-87014C25",
      -48.89256247540443,
      -75.12384379004787,
      559.4597383438768
    ],
    [
      "DEB-74CD319D",
      -50.51717727342013,
      7.810962582983047,
      869.356322408843
    ],
    [
      "DEB-20D778DB",
      26.244389701179152,
      101.86586766061212,
      684.2695698073167
    ],
    [
      "DEB-B5EDEAA4",
      -15.355101427269734,
      -87.2581751627374,
      173.6014161108833
    ],
    [
      "DEB-ED67D689",
      -13.829042601580754,
      -54.64916019701294,
      893.7626641113602
    ],
    [
      "DEB-7EBEF318",
      56.38992988241089,
      76.56540637201745,
      742.6738432527209
    ],
    [
      "DEB-3461D481",
      -6.144879613677358,
      53.31227762203982,
      758.1526736861169
    ],
    [
      "DEB-C815A373",
      -36.69494787075409,
      -59.96919438268077,
      731.2123548304189
    ],
    [
      "DEB-18046E06",
      71.4735482041039,
      -151.89872987055975,
      237.97070129017266
    ],
    [
      "DEB-4E2D5EA7",
      43.57525905456188,
      118.51846194294038,
      760.6400314270131
    ],
    [
      "DEB-553AAB77",
      9.12270100074389,
      74.4190300612983,
      356.5101039129322
    ],
    [
      "DEB-8CA7E82C",
      30.491317254527377,
      -92.91054219294135,
      836.4927567125651
    ],
    [
      "DEB-4A03F025",
      -34.34767931313164,
      -89.5846308242848,
      112.53475198710476
    ],
    [
      "DEB-057E24F1",
      -42.55788914891114,
      -146.10162137147861,
      803.9184380561792
    ],
    [
      "DEB-BF6FA87B",
      -7.873428532688936,
      111.03138179134528,
      840.4584092478981
    ],
    [
      "DEB-A3F023E4",
      23.256217437582276,
      137.67077584213845,
      366.9255780168369
    ],
    [
      "DEB-9A1D5C1D",
      2.8298356553086954,
      140.01595609031529,
      164.97646116684155
    ],
    [
      "DEB-6997D764",
      -60.164175596280195,
      135.33613303314337,
      709.9212979186241
    ],
    [
      "DEB-96A0A048",
      14.257874653232752,
      -119.47119532336778,
      632.4911322776361
    ],
    [
      "DEB-BC6F636D",
      21.416763423696437,
      -150.23494008599087,
      770.4250807234057
    ],
    [
      "DEB-A91A7750",
      -30.58036703652044,
      70.5632814708637,
      643.772950230773
    ],
    [
      "DEB-D9A44AD5",
      -60.57783268680934,
      -30.734929591763905,
      752.7321779757112
    ],
    [
      "DEB-2449EE52",
      4.442738059312263,
      -25.59255651223235,
      429.7676552516532
    ],
    [
      "DEB-F723A713",
      -59.02732032894881,
      85.4422871581377,
      594.897623763015
    ],
    [
      "DEB-E6542E4C",
      -9.345518625148026,
      -127.79930104908354,
      246.1107234082947
    ],
    [
      "DEB-14E99E63",
      10.752274412138313,
      -108.11624504319337,
      634.4048975660999
    ],
    [
      "DEB-FDF08DD0",
      -31.712960774183593,
      -55.62428142172812,
      693.8745358946335
    ],
    [
      "DEB-EC6F890B",
      -28.096781699886094,
      78.75062340357911,
      226.45349089440606
    ],
    [
      "DEB-991C4BBC",
      -19.419880596009538,
      -154.60114671045528,
      174.21755272752216
    ],
    [
      "DEB-8E814AD0",
      27.812000429345577,
      77.77348910734763,
      251.8921583093952
    ],
    [
      "DEB-2796D045",
      -8.45468552557547,
      76.44758577098929,
      587.0187485683309
    ],
    [
      "DEB-13C1CE9A",
      -0.582710655197651,
      -68.98260111816047,
      142.98386417810707
    ],
    [
      "DEB-A8862E1E",
      -57.01600590699316,
      136.91314517194442,
      175.2325591587187
    ],
    [
      "DEB-6D0A6C51",
      -28.6332476438583,
      45.950404576602004,
      765.0027488334481
    ],
    [
      "DEB-FAF053A5",
      21.039699771410607,
      -162.15058979999696,
      321.2721652950913
    ],
    [
      "DEB-DDFD5DB5",
      -47.71357096299687,
      77.83498113615138,
      578.4149867587485
    ],
    [
      "DEB-57B7983D",
      14.69618504192793,
      4.477193547958016,
      125.69332280841627
    ],
    [
      "DEB-D48909C2",
      47.87866503060348,
      -127.2028557000086,
      500.8055310304353
    ],
    [
      "DEB-30D26F75",
      -69.05456780051809,
      65.2864567725071,
      551.2046413425614
    ],
    [
      "DEB-051BEA23",
      27.368854098458126,
      42.7411424984676,
      115.76112093726988
    ],
    [
      "DEB-26F10897",
      28.91824060510541,
      -136.08430455261734,
      646.4854134973248
    ],
    [
      "DEB-A0D0C1E8",
      -13.803571981726694,
      174.57882987120587,
      833.7795053699056
    ],
    [
      "DEB-64AF514E",
      -2.1478960413293144,
      121.04670972188802,
      279.2179110013831
    ],
    [
      "DEB-5FC802B2",
      20.771968347361497,
      -31.418110538596146,
      323.85375411623954
    ],
    [
      "DEB-981AEC24",
      71.25847776890846,
      -142.32628207812755,
      578.8188209634973
    ],
    [
      "DEB-D4324052",
      -2.5660205031710666,
      -63.53160847399683,
      893.4417651809827
    ],
    [
      "DEB-70D216DE",
      15.79383016720805,
      141.0972513227718,
      260.28320097586493
    ],
    [
      "DEB-47C31903",
      -64.9410156674218,
      -122.14509536988203,
      848.6954575779973
    ],
    [
      "DEB-382C9EC3",
      -11.537204610546935,
      44.81613790237987,
      260.74845948526945
    ],
    [
      "DEB-4DA04A5A",
      -6.966578178530444,
      -169.9196902635986,
      165.32823071437906
    ],
    [
      "DEB-76C6C104",
      -20.928878122452215,
      -146.86677515644627,
      552.4766273157584
    ],
    [
      "DEB-A616F8D6",
      27.914769288780537,
      -124.69572924407532,
      400.41383025357936
    ],
    [
      "DEB-60F54141",
      61.60536174686906,
      -9.171961298982692,
      931.7131577271639
    ],
    [
      "DEB-173A3345",
      -45.16178453851382,
      -170.23237565728365,
      448.5901079134501
    ],
    [
      "DEB-B91BCE23",
      40.01324875377541,
      -33.51538984418075,
      871.1598486529392
    ],
    [
      "DEB-CCF91AA3",
      -17.936571378429765,
      176.5911464711446,
      726.2389534293225
    ],
    [
      "DEB-11D9FC78",
      27.453707920005453,
      -144.10899127509703,
      781.0378244385838
    ],
    [
      "DEB-DEF041A5",
      51.450905938005896,
      -124.16381172017176,
      356.3279467183711
    ],
    [
      "DEB-893D5C9F",
      8.39375847208737,
      58.38169770602117,
      333.6851666058583
    ],
    [
      "DEB-BB263BB0",
      -36.78043522235281,
      83.70063616515354,
      749.3171316558846
    ],
    [
      "DEB-C7993B35",
      -81.19280030928034,
      5.357591744823871,
      772.5078347898425
    ],
    [
      "DEB-0E9BC8F9",
      -49.62388960833188,
      -57.13171047435742,
      777.9852664165601
    ],
    [
      "DEB-F6373013",
      49.2474754441214,
      -155.24140828123822,
      565.3433721687989
    ],
    [
      "DEB-513284AE",
      -42.57001362086423,
      -178.49253344893404,
      467.1199722145311
    ],
    [
      "DEB-CD46BC39",
      34.0244378901025,
      123.61760800902748,
      850.4823172683919
    ],
    [
      "DEB-FACC2791",
      -19.808512038868574,
      -68.9028503105673,
      716.2344473446947
    ],
    [
      "DEB-02A0D970",
      -47.899210144808634,
      -27.23691100874683,
      218.27285088265853
    ],
    [
      "DEB-A0434D3E",
      -29.12276833321511,
      -155.64484029134186,
      214.19279742053095
    ],
    [
      "DEB-399B208E",
      42.58901350857772,
      22.179001217969198,
      595.9123087264388
    ],
    [
      "DEB-4DE8FEB8",
      -5.063681689622802,
      3.6990096059085724,
      584.1881140000351
    ],
    [
      "DEB-0AB5AB62",
      31.366769880964124,
      85.04446010434026,
      510.34726864410004
    ],
    [
      "DEB-77C61980",
      15.85667756589542,
      51.65199775435234,
      878.0648515899366
    ],
    [
      "DEB-581B15AB",
      14.781921446885162,
      108.12426548252313,
      861.0624510645803
    ],
    [
      "DEB-D824C604",
      -12.352501701678362,
      -36.24317234877832,
      477.17510818349274
    ],
    [
      "DEB-4E5802AC",
      -2.328031651020002,
      -26.13164712659875,
      511.9905267707645
    ],
    [
      "DEB-03EDF75C",
      -9.331816830450553,
      115.09463059422899,
      614.4816163504138
    ],
    [
      "DEB-048CCA86",
      57.58583416379902,
      105.31553224090624,
      547.2022969010677
    ],
    [
      "DEB-24AC9688",
      -26.643436372104283,
      -105.96320754381566,
      892.0841133492959
    ],
    [
      "DEB-5F48A614",
      30.969348565610417,
      10.18222014368147,
      450.7772542918756
    ],
    [
      "DEB-56FDF12F",
      -3.765186726698967,
      14.905208315624055,
      614.0713304416513
    ],
    [
      "DEB-51B9D201",
      -8.646811159906129,
      162.78861421952257,
      731.935839126063
    ],
    [
      "DEB-F171E232",
      13.897648613436946,
      164.14166211119135,
      278.58422186864937
    ],
    [
      "DEB-8AC0905F",
      -21.017862215677983,
      95.28865079822523,
      405.7448252212598
    ],
    [
      "DEB-90B4C58E",
      23.029818610879666,
      6.401745565542089,
      680.0816723825728
    ],
    [
      "DEB-979A9C0A",
      -38.69156206125129,
      -100.22296587622957,
      584.0720354183013
    ],
    [
      "DEB-2818C175",
      28.51908072409797,
      -51.155383812152216,
      452.4561797313072
    ],
    [
      "DEB-0C017D06",
      29.949156504014006,
      -109.05427918236924,
      544.8857504690586
    ],
    [
      "DEB-1799B9D9",
      -2.4193769264118523,
      123.09410977944893,
      646.5828921556604
    ],
    [
      "DEB-722B481E",
      -42.63088908775901,
      -101.9746245471434,
      723.7339759220185
    ],
    [
      "DEB-5EEEEB75",
      -2.6149659871500845,
      111.40315217050309,
      891.2513896349246
    ],
    [
      "DEB-8EC399FD",
      38.26446324140801,
      -83.93157703720415,
      362.38204423514526
    ],
    [
      "DEB-C4059E71",
      53.16961408522652,
      127.6811807760753,
      656.3346120692495
    ],
    [
      "DEB-9FE3F26D",
      -77.2823454296704,
      -137.5337480039976,
      247.1377690342715
    ],
    [
      "DEB-A6C4FFA0",
      -39.71164505403031,
      -175.5495843195694,
      664.523667220903
    ],
    [
      "DEB-5691FCF4",
      -6.384462132280896,
      -20.356764159536695,
      675.9076669180149
    ],
    [
      "DEB-FDC0D98E",
      -3.9017042340736823,
      14.218136006901304,
      337.9077810743984
    ],
    [
      "DEB-EB73B7BF",
      22.25067986696497,
      -118.84304841646598,
      532.6446342617046
    ],
    [
      "DEB-2CBD82DE",
      -5.288767929180036,
      89.53871060420165,
      886.7760796604343
    ],
    [
      "DEB-8A1801F2",
      -30.6613301882398,
      117.6739761963649,
      352.5180633178679
    ],
    [
      "DEB-E9602257",
      50.729831966424534,
      4.64097600612745,
      168.26227782511887
    ],
    [
      "DEB-30A2B91D",
      38.81488588295032,
      16.540122987615582,
      205.61512886363653
    ],
    [
      "DEB-EF2297A0",
      35.92799184984202,
      -49.51179635078599,
      436.5738042099392
    ],
    [
      "DEB-7407C441",
      3.238102411795933,
      20.37685321797746,
      436.67267778831047
    ],
    [
      "DEB-D895CBFD",
      -37.90946313097436,
      -122.81234469372808,
      233.17086455575827
    ],
    [
      "DEB-FD8EEA54",
      -30.185064616714733,
      148.3431028738633,
      692.5542344483256
    ],
    [
      "DEB-F3279F08",
      -34.347206866953634,
      -40.424830274748835,
      514.5873914934264
    ],
    [
      "DEB-6764E39F",
      -11.322615022821955,
      -58.36140718990381,
      218.28019018692157
    ],
    [
      "DEB-B6C1DD25",
      -80.09760121983048,
      28.48666958434662,
      447.45484356103316
    ],
    [
      "DEB-30D0FD20",
      -42.51762775540621,
      -90.80227821590286,
      513.9026885310614
    ],
    [
      "DEB-30116E4D",
      17.178854661501976,
      -77.45836027302225,
      706.7485581689489
    ],
    [
      "DEB-ECAFB28E",
      45.77271024580405,
      -128.13173713771155,
      504.685649015948
    ],
    [
      "DEB-0AF421A8",
      13.00068770089561,
      22.492664398781734,
      295.4892872647715
    ],
    [
      "DEB-D7D4E3A9",
      10.521824384900006,
      58.90901552216467,
      679.8422548325998
    ],
    [
      "DEB-4F729FFE",
      42.97733153882591,
      37.5445199732439,
      204.10370875536773
    ],
    [
      "DEB-71E44E5F",
      -3.176725423460891,
      14.710628739786278,
      361.56730148041515
    ],
    [
      "DEB-3B191CF7",
      -0.6419954252605351,
      -9.75158448331241,
      563.6972373349845
    ],
    [
      "DEB-EA5241D9",
      18.32138499959528,
      -121.8239295542178,
      705.9169293002742
    ],
    [
      "DEB-697216F8",
      37.82962156226174,
      141.2685569882914,
      803.7698362336187
    ],
    [
      "DEB-2F6BF61A",
      -4.391899089793704,
      -11.83765504118685,
      742.0193725850422
    ],
    [
      "DEB-BCAEC951",
      4.951707025599707,
      39.05417088840319,
      238.89187259363007
    ],
    [
      "DEB-387F30EF",
      -2.4226241660138883,
      17.555752915265327,
      395.23413978100143
    ],
    [
      "DEB-04E9507B",
      -13.80665565476529,
      -52.994336844433896,
      370.8296517489316
    ],
    [
      "DEB-DE35B318",
      -47.60805695264696,
      130.8625981700866,
      469.6170524733243
    ],
    [
      "DEB-700E71CC",
      79.0431679141142,
      159.67626824219124,
      620.9251017540682
    ],
    [
      "DEB-6441EC84",
      1.904476034655699,
      9.908471620484434,
      529.5160280750079
    ],
    [
      "DEB-517A82BF",
      -59.10188431656401,
      -160.68318270105732,
      804.0330649564085
    ],
    [
      "DEB-3511D813",
      19.16240947541119,
      29.426520935119143,
      411.2244038726476
    ],
    [
      "DEB-5F77DDAD",
      -6.128985511064538,
      35.520483295541275,
      860.2320076517526
    ],
    [
      "DEB-87CA2690",
      24.626738793322833,
      44.75062409343783,
      550.5338972808167
    ],
    [
      "DEB-4FA506CC",
      -21.483108437454124,
      35.95602952824701,
      170.10407615362055
    ],
    [
      "DEB-11CA6C36",
      -41.02099781528385,
      -161.902483320589,
      520.6174530768667
    ],
    [
      "DEB-C2B33F3C",
      13.269017341485677,
      25.41644345441133,
      855.5103832896903
    ],
    [
      "DEB-65C37A80",
      -54.01919744251361,
      -4.232279680735909,
      574.8318970264563
    ],
    [
      "DEB-17889942",
      -4.8800257992874245,
      -165.6935838915223,
      532.7247002619733
    ],
    [
      "DEB-00D88CDC",
      2.0719296709428097,
      11.355235893973859,
      254.01643306899496
    ],
    [
      "DEB-5B807CE7",
      32.78908678783222,
      -15.957638047686494,
      197.85343774947887
    ],
    [
      "DEB-36C42C50",
      -23.286099062310864,
      138.8850556279355,
      693.0966069520819
    ],
    [
      "DEB-45956888",
      46.06437780356883,
      125.48740322566356,
      705.692124993062
    ],
    [
      "DEB-D6D197F8",
      -66.20403345406741,
      -134.84614860950091,
      120.89399935321671
    ],
    [
      "DEB-07E39440",
      26.781314252421087,
      39.27871577691807,
      404.02324153734844
    ],
    [
      "DEB-9C7D9D4D",
      -36.655983881529615,
      -126.17850392208325,
      888.2066585905104
    ],
    [
      "DEB-D5F07F42",
      12.56964843841353,
      147.8127681438271,
      765.1396812039266
    ],
    [
      "DEB-65CE575B",
      -15.17356944007583,
      -60.10475614378307,
      594.3479562333832
    ],
    [
      "DEB-20835AA3",
      24.448325216138045,
      -64.08749009815318,
      914.2451030519314
    ],
    [
      "DEB-01F8B894",
      23.033154241339787,
      -137.33612618705095,
      645.9704159338044
    ],
    [
      "DEB-C963202E",
      -11.103902504181956,
      150.3672709279554,
      383.765490879121
    ],
    [
      "DEB-08C40E4D",
      70.32864755826036,
      75.36829372661497,
      735.0979707594252
    ],
    [
      "DEB-955CAEB6",
      34.55765502867373,
      120.45359622938919,
      257.40343899611617
    ],
    [
      "DEB-FB1EA1EF",
      44.886866334777366,
      -107.79801344643464,
      630.398126748154
    ],
    [
      "DEB-2EDEADB1",
      -26.409198322207267,
      74.68142074193861,
      314.08493453262327
    ],
    [
      "DEB-BD78A94F",
      7.681805824359809,
      129.47581379546452,
      670.5369091511757
    ],
    [
      "DEB-A87A6DCA",
      -4.781710261105648,
      6.706918035362111,
      557.4961601663354
    ],
    [
      "DEB-EE3DFCCF",
      -35.136333728595865,
      140.17022265789814,
      627.2279552570908
    ],
    [
      "DEB-77DE396A",
      -7.594952393564738,
      95.47599048451632,
      598.5847198052525
    ],
    [
      "DEB-016AEF59",
      44.26834772617495,
      6.890979769311112,
      569.4930364339007
    ],
    [
      "DEB-343A7616",
      12.974082203154225,
      -48.95067251179972,
      286.52865168561493
    ],
    [
      "DEB-EC525B27",
      -19.65597103534699,
      -72.17428362749193,
      716.6323019471365
    ],
    [
      "DEB-1DD02E3D",
      0.007483983135181963,
      -38.64696634245615,
      405.5565338811484
    ],
    [
      "DEB-B4699C93",
      1.9713863547861108,
      -170.36966316834364,
      807.4159736924457
    ],
    [
      "DEB-126518B1",
      0.534548755216886,
      152.4030268049101,
      484.573739168668
    ],
    [
      "DEB-D895C5D3",
      -44.57405756173797,
      -44.929487104115275,
      492.8563225366961
    ],
    [
      "DEB-1529E3E5",
      3.8323114457061624,
      97.45613423930345,
      447.3461410913669
    ],
    [
      "DEB-DCE58583",
      -33.4429442967175,
      11.197050549751985,
      660.250342720391
    ],
    [
      "DEB-4B4552C3",
      34.83312778924325,
      161.92686300877276,
      579.2049136113874
    ],
    [
      "DEB-EFB84F78",
      -3.776498590921158,
      -37.32890588506404,
      680.7666925238254
    ],
    [
      "DEB-1D883CE8",
      7.311269647849523,
      90.64693085577946,
      580.5199231888992
    ],
    [
      "DEB-7B4AF493",
      -44.63393570466438,
      -87.76389143459726,
      559.0776584808655
    ],
    [
      "DEB-A5C0AFDF",
      71.84107754175815,
      139.21271668872475,
      126.6814648804866
    ],
    [
      "DEB-8402A9FE",
      -24.827363812949894,
      -114.68377206375139,
      289.25650395332104
    ],
    [
      "DEB-9D85088E",
      -30.304911430166886,
      -61.85115424399862,
      539.6138131867428
    ],
    [
      "DEB-4D24576A",
      -15.228051615317815,
      110.43761116599582,
      599.4404969767165
    ],
    [
      "DEB-527C3622",
      -27.36691565091126,
      -127.28231896937073,
      297.8039714672268
    ],
    [
      "DEB-A072C4CC",
      -15.075700337908893,
      175.70118534256142,
      831.3169866116195
    ],
    [
      "DEB-86F1A671",
      41.70404788674859,
      98.54338035860658,
      314.138240110844
    ],
    [
      "DEB-A3147CD5",
      -36.155875349821095,
      -156.57688049492845,
      551.9218205416273
    ],
    [
      "DEB-53AD2279",
      43.046205937802206,
      -110.16601274004232,
      190.52337765102766
    ],
    [
      "DEB-031CCFA6",
      66.37517558488213,
      90.10131591248911,
      465.77332334089715
    ],
    [
      "DEB-AABEE63C",
      41.68897209427539,
      63.530762877124445,
      178.37817070525944
    ],
    [
      "DEB-5C26244D",
      14.68148416554655,
      39.239061467560596,
      630.0827148140197
    ],
    [
      "DEB-9154E6DE",
      -75.67059895270997,
      158.5125818310083,
      918.66086067164
    ],
    [
      "DEB-9402615D",
      4.2485605330072955,
      -32.99470917790747,
      678.8447228169043
    ],
    [
      "DEB-912439A7",
      -45.09563758967584,
      -25.304754702484033,
      283.67181282733236
    ],
    [
      "DEB-B5C0B771",
      42.962631431274836,
      -155.00515952607097,
      573.178836457897
    ],
    [
      "DEB-DBA61F90",
      -31.31264221528975,
      -165.834882200598,
      778.9892042397587
    ],
    [
      "DEB-437B5863",
      17.384937748880283,
      75.60656402179637,
      907.2530133372975
    ],
    [
      "DEB-96A4CD27",
      -35.42253993982335,
      -150.6955640899613,
      652.6969836424014
    ],
    [
      "DEB-AB022647",
      -63.44619763721362,
      -155.45991541944534,
      115.43860010358821
    ],
    [
      "DEB-E94818BB",
      35.08720565182674,
      -44.89103422320731,
      702.7939100709636
    ],
    [
      "DEB-AA04A754",
      -30.61531828463607,
      -171.72257953200045,
      184.23609427776228
    ],
    [
      "DEB-DD148B20",
      6.889942343845537,
      -98.13037220684551,
      576.9112742139187
    ],
    [
      "DEB-0A05E07B",
      8.514440494318142,
      0.660432454689392,
      347.3601300643877
    ],
    [
      "DEB-93BC557F",
      46.127209348080164,
      -82.83692976066169,
      175.82237735278704
    ],
    [
      "DEB-EFC69380",
      -58.15839365100594,
      143.3865079649208,
      611.0028376975997
    ],
    [
      "DEB-2889BB27",
      -30.55994081147373,
      80.43058940005496,
      505.60990874868276
    ],
    [
      "DEB-0C76808B",
      46.885019146404446,
      -113.03118187016194,
      518.4693359116773
    ],
    [
      "DEB-78060325",
      13.67464742430111,
      -41.79457449824643,
      797.513383272244
    ],
    [
      "DEB-149FECE4",
      30.252103609549167,
      -16.213450947532518,
      761.3874704301516
    ],
    [
      "DEB-5118AECD",
      -27.366949335846062,
      -159.82510528264083,
      190.78321971405785
    ],
    [
      "DEB-59C81C30",
      -22.838465281004023,
      -135.59414341516032,
      454.1643939313044
    ],
    [
      "DEB-0746B8B4",
      -14.443990310691243,
      -155.1684967408922,
      430.8264487527222
    ],
    [
      "DEB-51AD5353",
      64.8835644190955,
      -20.2831501432588,
      854.6819650569842
    ],
    [
      "DEB-292CAFD2",
      -18.49297796019034,
      -56.11751807029996,
      278.1633817021275
    ],
    [
      "DEB-05794683",
      28.60195943647849,
      131.80713662142415,
      517.8887610668844
    ],
    [
      "DEB-49298CB4",
      6.548510702553273,
      117.38138801281926,
      709.1319991287019
    ],
    [
      "DEB-3E4806E5",
      39.710759246117284,
      -27.37781210782778,
      804.2261771177682
    ],
    [
      "DEB-096CD0E0",
      -50.98270641625171,
      -48.601315830049096,
      287.21311981183044
    ],
    [
      "DEB-82AAFBDE",
      18.311025512519848,
      -49.91914477613834,
      180.54841206803212
    ],
    [
      "DEB-565C2A80",
      -35.989997660660826,
      -103.57624283340435,
      189.17024495746864
    ],
    [
      "DEB-8BCD6411",
      -2.9914788550529154,
      -125.38115075665056,
      806.3504464976668
    ],
    [
      "DEB-DE94DACF",
      -4.839233573937146,
      72.47741482128713,
      317.5876858367137
    ],
    [
      "DEB-3585B1FC",
      16.350034120488182,
      113.98448661062021,
      820.8343839280078
    ],
    [
      "DEB-B96AD001",
      -7.640472139724685,
      133.61315067970114,
      165.7348118748614
    ],
    [
      "DEB-F8AD54FD",
      -15.488063831674335,
      -45.982487372946295,
      747.2468146203119
    ],
    [
      "DEB-CF140EFC",
      19.21879675857112,
      -108.08816970041069,
      305.16632211475826
    ],
    [
      "DEB-05388ABE",
      -76.36097925102217,
      -28.234863502140605,
      736.7667529012388
    ],
    [
      "DEB-CCE699AB",
      41.581141113903534,
      41.75322630894293,
      893.0343801015515
    ],
    [
      "DEB-D6B29982",
      -6.405764237367594,
      -39.49622949752042,
      189.5627447934403
    ],
    [
      "DEB-A658EBC5",
      -52.73376556129975,
      112.17148462555707,
      669.5312729843627
    ],
    [
      "DEB-B60F0E00",
      4.885863248548273,
      152.97253952527691,
      771.9073525131644
    ],
    [
      "DEB-1E171935",
      40.25687649846526,
      25.58917396748,
      828.819784684898
    ],
    [
      "DEB-9328E7C5",
      37.536619972532534,
      71.0755777986907,
      854.5022742515293
    ],
    [
      "DEB-DF567F2D",
      2.13426876430169,
      -131.48040708107413,
      335.5525414078529
    ],
    [
      "DEB-C16FB485",
      -26.9021716167694,
      -24.28524315577033,
      654.5511300842927
    ],
    [
      "DEB-48CE3543",
      -46.999510515240665,
      2.8300563182351026,
      580.1984687234044
    ],
    [
      "DEB-8F99EACC",
      -40.75460535045883,
      -90.38739154399578,
      418.46531023280204
    ],
    [
      "DEB-495A1B7E",
      -4.69326122454748,
      177.92091858094415,
      437.49391767661837
    ],
    [
      "DEB-2EE02A36",
      -23.015724237318047,
      -20.71705538662873,
      825.0908283562976
    ],
    [
      "DEB-C7FC7149",
      -2.1622034781440336,
      -49.72505197070234,
      445.80163167595674
    ],
    [
      "DEB-A0D19726",
      8.92546041381913,
      82.79267186636548,
      618.0203045034787
    ],
    [
      "DEB-9672DA73",
      -43.878710156765116,
      63.59871869101888,
      731.3358685764406
    ],
    [
      "DEB-9267BFC6",
      -41.22010559725664,
      172.17938242821415,
      235.0230985307362
    ],
    [
      "DEB-F1566EDB",
      -39.56740940992862,
      48.80483907731145,
      379.91797761859834
    ],
    [
      "DEB-63704FDB",
      -28.362474511022643,
      154.79095904938563,
      891.7691085341712
    ],
    [
      "DEB-E6A3CDFD",
      -44.56825950642734,
      52.95556489799259,
      885.9085241333669
    ],
    [
      "DEB-A74C4167",
      -26.94733783843825,
      -81.87806503700595,
      407.1097833169888
    ],
    [
      "DEB-18393DFD",
      -11.993812764963298,
      73.29521371155502,
      159.50687242096592
    ],
    [
      "DEB-ABC87D66",
      -45.79175653420358,
      -115.28052203237004,
      826.1586549287558
    ],
    [
      "DEB-F8101210",
      3.169609863312608,
      161.32833006541446,
      903.9601278209348
    ],
    [
      "DEB-1F699C58",
      -82.04469829557837,
      137.70707963539076,
      572.0917050158005
    ],
    [
      "DEB-402A82A5",
      7.190179680318795,
      -82.7614528899467,
      732.1833964609768
    ],
    [
      "DEB-BFAC8036",
      35.78576612405287,
      79.56935443387987,
      384.83158290350366
    ],
    [
      "DEB-C47A9DAA",
      -35.24505559115102,
      -8.753735623007818,
      167.5578946269752
    ],
    [
      "DEB-71863B41",
      48.6333480975923,
      -112.73098673813242,
      792.2159537128528
    ],
    [
      "DEB-97BE9305",
      15.930981502890344,
      -157.76173413030904,
      436.71563484730814
    ],
    [
      "DEB-07BB10C4",
      15.108942319373824,
      -133.94069344826494,
      289.2685946873871
    ],
    [
      "DEB-7EA128FE",
      -38.95493063256939,
      -30.583007986421286,
      631.8162494914995
    ],
    [
      "DEB-61B5B3EF",
      0.3664270048487668,
      166.7522179783637,
      666.030051957322
    ],
    [
      "DEB-0BBFF309",
      -32.33337932349676,
      26.013855234286627,
      239.70061527744747
    ],
    [
      "DEB-38E13D8B",
      -45.10006067472671,
      59.75735053839821,
      396.471125731523
    ],
    [
      "DEB-13D421EB",
      -48.19720934922063,
      60.262901319571476,
      705.0826345649066
    ],
    [
      "DEB-794734CC",
      -42.89854163955793,
      -84.52997453566111,
      352.46378950734106
    ],
    [
      "DEB-09229473",
      76.79725379813917,
      -15.006474834578967,
      452.00812137195226
    ],
    [
      "DEB-EEDDD59B",
      38.51375482098233,
      -92.10841057623331,
      781.8764234285782
    ],
    [
      "DEB-D2101469",
      57.7460113960614,
      -113.44672582742864,
      382.96615479216416
    ],
    [
      "DEB-2A694A90",
      38.84624219095853,
      -21.637673923577857,
      507.6440979398485
    ],
    [
      "DEB-96B321C4",
      -58.67784756839242,
      -37.96888253314103,
      509.3455776176652
    ],
    [
      "DEB-8736FD26",
      -47.19128370701434,
      -22.269336508932177,
      857.9807304049318
    ],
    [
      "DEB-3AB319E1",
      23.526842229011223,
      -119.30002135528576,
      223.0008061778517
    ],
    [
      "DEB-2399B7A0",
      -62.567723821637784,
      -161.84492221376485,
      860.5814576774346
    ],
    [
      "DEB-700F7A7D",
      62.65173225532763,
      -26.275273215643143,
      192.4732528628374
    ],
    [
      "DEB-37E3E5C4",
      -0.7951176811284246,
      174.92470253889738,
      724.2266225317126
    ],
    [
      "DEB-AF485EFE",
      -14.91230603843195,
      -0.10623111163354476,
      762.3934301235186
    ],
    [
      "DEB-D2ABBCD8",
      10.266275307736901,
      49.8163304545122,
      822.565694681839
    ],
    [
      "DEB-56571923",
      -67.64321957697999,
      -145.5143909471025,
      538.6050024107071
    ],
    [
      "DEB-E6BC61BA",
      38.01531692989381,
      55.48344904555707,
      794.0484832306392
    ],
    [
      "DEB-7DBA922F",
      -26.664029227543956,
      174.49853188186881,
      578.5175130921125
    ],
    [
      "DEB-E4AE23EF",
      76.67100588441978,
      113.02865434391845,
      904.3289982618771
    ],
    [
      "DEB-C266A684",
      21.356992372587033,
      -57.740824987379526,
      374.0557860630215
    ],
    [
      "DEB-3BE63E93",
      35.846332034713285,
      -144.36473368820938,
      311.81308973050636
    ],
    [
      "DEB-3910A859",
      60.94775869734478,
      22.823597226102176,
      763.1984208527883
    ],
    [
      "DEB-641B3177",
      42.22655616654939,
      -83.94699155007555,
      238.9154137269261
    ],
    [
      "DEB-A046B48C",
      -4.836795805996368,
      155.00168045501277,
      751.999820144415
    ],
    [
      "DEB-1804AF7D",
      76.3462243120637,
      -102.66493953873288,
      423.3908859393432
    ],
    [
      "DEB-C2BC8117",
      20.640901692685375,
      175.23566202315595,
      248.34011627796644
    ],
    [
      "DEB-9B32DF3A",
      -48.811488079336236,
      62.90016995312664,
      873.0618359872651
    ],
    [
      "DEB-9F47BA71",
      50.07538591039639,
      91.04159411956071,
      339.4344446590403
    ],
    [
      "DEB-54F96797",
      12.597014483004395,
      -178.78849607307168,
      162.3550673480213
    ],
    [
      "DEB-01D6DEEF",
      7.467008829878571,
      -166.37965111454355,
      896.2468502081629
    ],
    [
      "DEB-35576A1A",
      -4.322974843050827,
      -136.0746638443095,
      639.1173745937631
    ],
    [
      "DEB-F0FA47EF",
      -17.009545270779938,
      -33.8014813708881,
      588.4067725880359
    ],
    [
      "DEB-F0F954BA",
      -34.61978965386964,
      9.994799240298223,
      800.0783138488741
    ],
    [
      "DEB-08B828C2",
      61.73013193821006,
      124.3734852414427,
      407.37890032722225
    ],
    [
      "DEB-35FFAC22",
      42.96462535230798,
      161.86970214369646,
      510.5585295693645
    ],
    [
      "DEB-572AE237",
      -5.979318117252235,
      76.66867853978772,
      189.50470692171893
    ],
    [
      "DEB-26B14C0B",
      -5.277918549544526,
      105.33883483372267,
      212.51074641667856
    ],
    [
      "DEB-F9146C0E",
      44.22561797614917,
      -56.64988847262389,
      392.825743952244
    ],
    [
      "DEB-16EEEF38",
      29.669778497038262,
      20.789162070707192,
      357.521238994188
    ],
    [
      "DEB-0BADFBCA",
      -5.792964422795281,
      -61.07596573398438,
      572.6484295673454
    ],
    [
      "DEB-BDA998C1",
      -17.289035103313257,
      51.01472548485284,
      918.5424968190355
    ],
    [
      "DEB-54AF70AF",
      28.122179855089982,
      178.37113146808173,
      204.69433007750558
    ],
    [
      "DEB-B0B90CD3",
      -22.087650027900192,
      159.40939298217856,
      137.59471441677215
    ],
    [
      "DEB-8812EC47",
      -29.67613685222639,
      -32.22930253241934,
      637.1717980827361
    ],
    [
      "DEB-E09081ED",
      -18.29963414067456,
      179.01718928348754,
      534.8860453055413
    ],
    [
      "DEB-56F5CBCF",
      -83.47864271414404,
      9.088887759114243,
      910.6362286086005
    ],
    [
      "DEB-E6461D5F",
      47.45173007071357,
      2.8432316074002237,
      444.8456641006769
    ],
    [
      "DEB-163CAF78",
      -56.805634436393035,
      54.012216764483135,
      347.37768289581436
    ],
    [
      "DEB-5B16CB9B",
      -26.67131822559314,
      14.352352057748785,
      137.78389890709514
    ],
    [
      "DEB-FD10533C",
      16.371295830554967,
      62.1540952304831,
      332.48455513571025
    ],
    [
      "DEB-9D512961",
      52.25418549819617,
      71.16362022026921,
      172.4528803983858
    ],
    [
      "DEB-8732E8F1",
      49.78886575447056,
      -62.426272470039905,
      752.4835171702125
    ],
    [
      "DEB-3F62C221",
      -32.172736342984294,
      -108.17816248894155,
      359.1701066299893
    ],
    [
      "DEB-3692256B",
      74.08212287541299,
      54.245604214052776,
      283.169988615944
    ],
    [
      "DEB-DEC91014",
      -75.49361941760245,
      89.34735481754143,
      418.7027630699322
    ],
    [
      "DEB-75C712CE",
      70.00111922443703,
      83.32380232561701,
      597.4909848478355
    ],
    [
      "DEB-299061D6",
      15.180175836706931,
      42.8684103928003,
      521.8802182588179
    ],
    [
      "DEB-C41D9650",
      -60.38874272787747,
      163.7107245577563,
      367.2140960797624
    ],
    [
      "DEB-8FD933E8",
      20.09591782597385,
      31.211285474685702,
      134.1512021675171
    ],
    [
      "DEB-EFF1D8C1",
      -21.80834382179185,
      173.91742931432574,
      833.1879663495374
    ],
    [
      "DEB-1DBCEA93",
      -4.1303857518693325,
      142.06853438537624,
      634.9084374838667
    ],
    [
      "DEB-C331E7CC",
      72.37632038797419,
      110.60977662931535,
      790.1610673686691
    ],
    [
      "DEB-DB747EF7",
      27.960491267781563,
      171.23231277599902,
      230.17961548983385
    ],
    [
      "DEB-9D97AFB3",
      36.27416223993306,
      34.43756663022256,
      577.7082461082382
    ],
    [
      "DEB-0EED4447",
      24.924309113146474,
      149.57615998849673,
      242.01112043211197
    ],
    [
      "DEB-A5E75CED",
      25.647157468570615,
      75.33478110946592,
      421.66911803859784
    ],
    [
      "DEB-6D68F70E",
      9.111403263860188,
      -147.78345111254865,
      818.2266344935333
    ],
    [
      "DEB-37AEC0E1",
      13.954489055097104,
      -29.538045134777384,
      279.0790507491938
    ],
    [
      "DEB-35220523",
      -43.12364594825438,
      90.76471604551664,
      130.40191248053816
    ],
    [
      "DEB-233D000D",
      -27.97966149583858,
      159.55738199322056,
      176.9034086210322
    ],
    [
      "DEB-59EF5737",
      -16.827309314327955,
      63.12917131712915,
      793.3338754105271
    ],
    [
      "DEB-43BE4239",
      17.417651487139445,
      -31.146260680209846,
      609.0932967299232
    ],
    [
      "DEB-581A36D7",
      -81.62730950007426,
      -102.87457587536835,
      650.0483984790453
    ],
    [
      "DEB-6C9E534E",
      -21.544121874709102,
      77.48410925961709,
      616.6764094040636
    ],
    [
      "DEB-89FFC68E",
      -0.2227980183371439,
      -86.18025511242803,
      641.030213917943
    ],
    [
      "DEB-95B1F0DB",
      32.05632254590538,
      -114.83526387569617,
      268.14593710463123
    ],
    [
      "DEB-48842660",
      1.796939942916985,
      -89.01462065112658,
      897.1471323248879
    ],
    [
      "DEB-81489BB9",
      -34.720656747772935,
      -16.444591320228866,
      666.1612950766212
    ],
    [
      "DEB-90C9BDF0",
      1.5749263200884083,
      -42.36279710931404,
      318.3197447913117
    ],
    [
      "DEB-9B5ADA3C",
      -38.765793859205814,
      55.87788015477053,
      477.0673730945555
    ],
    [
      "DEB-397A5540",
      -11.75680498436436,
      -100.28268069561277,
      729.9361533024157
    ],
    [
      "DEB-C8550A05",
      -50.320956187038355,
      -140.72788603674812,
      286.0392432306853
    ],
    [
      "DEB-1743C2F3",
      12.640152083667713,
      128.4074666051372,
      256.6648129412579
    ],
    [
      "DEB-C94AD048",
      -0.9165825233203002,
      93.9053857557169,
      590.3321064623096
    ],
    [
      "DEB-CA9045A8",
      25.393240860564248,
      -21.75507023986932,
      185.46079050452863
    ],
    [
      "DEB-B4E99359",
      -5.3955779432954785,
      -21.967980441961817,
      853.2176988025276
    ],
    [
      "DEB-2C503555",
      -37.16346196337966,
      151.84901138653925,
      177.13571236568987
    ],
    [
      "DEB-BBDE6CC0",
      -3.2342698272894346,
      80.50938597291409,
      616.0530187570266
    ],
    [
      "DEB-AF6F1594",
      31.82978060523565,
      170.5855149307182,
      276.3868435035438
    ],
    [
      "DEB-D8167467",
      -9.021387024255258,
      41.449714005892254,
      751.4036324429699
    ],
    [
      "DEB-72B9ECD1",
      25.87297183448326,
      -177.575038311643,
      822.8013703384713
    ],
    [
      "DEB-D621EA9E",
      -14.477529807772212,
      1.0032135229472008,
      712.0738130009877
    ],
    [
      "DEB-78038C0C",
      -13.627454201763877,
      58.22585072096239,
      131.31255223258904
    ],
    [
      "DEB-C877B6EE",
      -57.54472280255336,
      -14.772653661106881,
      754.6292673760599
    ],
    [
      "DEB-6DB23F10",
      -44.043781063356455,
      -178.18206038905603,
      376.658816062356
    ],
    [
      "DEB-8458864D",
      15.44719596193489,
      45.62607691874749,
      849.3777313224018
    ],
    [
      "DEB-E8E24CEF",
      51.84460630552833,
      -2.7311823836745903,
      569.018230996754
    ],
    [
      "DEB-7CEBF9F7",
      -38.09550999865336,
      90.0858367991598,
      391.28062312328984
    ],
    [
      "DEB-B41F7ECE",
      24.17116074929219,
      -26.96153892124131,
      212.92860127148106
    ],
    [
      "DEB-643ADFB0",
      40.143980753126904,
      -62.87445271057947,
      193.2648052213026
    ],
    [
      "DEB-936770F3",
      -23.440725519168602,
      121.59072587263694,
      636.6645612165694
    ],
    [
      "DEB-4BAFE169",
      -77.90397443441739,
      -105.77542115588443,
      236.74601036511012
    ],
    [
      "DEB-B7C3B5A9",
      41.37342481236626,
      -39.093160472434214,
      486.5313619338831
    ],
    [
      "DEB-05E20184",
      -37.99021692710663,
      -108.0477289312162,
      566.6251198901582
    ],
    [
      "DEB-78323A6F",
      30.86372950824206,
      120.19759071195838,
      302.0016065602558
    ],
    [
      "DEB-36EF4F2E",
      37.05625616082086,
      -61.58788756029902,
      153.6813440561582
    ],
    [
      "DEB-EA4F92E8",
      -33.99931038770826,
      12.261661738555484,
      842.8247114534615
    ],
    [
      "DEB-8A2200E0",
      -14.098604157020178,
      -133.15926883358105,
      211.7167868256829
    ],
    [
      "DEB-3DB6B072",
      29.581574840361743,
      -118.28949606027068,
      415.99348008390825
    ],
    [
      "DEB-4741AD79",
      -14.517822201849174,
      10.166901396582478,
      537.0714742016553
    ],
    [
      "DEB-046FF93A",
      48.06607874142263,
      3.406336517524845,
      530.5584912092854
    ],
    [
      "DEB-B6C34091",
      -21.072664377909216,
      -38.15667654450248,
      602.593150159375
    ],
    [
      "DEB-CA343072",
      41.894507350119504,
      -98.7467037973067,
      338.68239220328906
    ],
    [
      "DEB-26F0AC13",
      52.14945310474804,
      -133.3422082036178,
      618.0876099345905
    ],
    [
      "DEB-EB9AA95B",
      -42.8805309386817,
      1.562224811272109,
      458.9175066994794
    ],
    [
      "DEB-21339CF1",
      6.609612163088814,
      -145.1637810969177,
      663.7912752223629
    ],
    [
      "DEB-6C252988",
      29.445117824923685,
      147.54182636921604,
      549.1126821596145
    ],
    [
      "DEB-3FB7D4E5",
      19.744447702347568,
      -43.340777984986076,
      478.7887496092708
    ],
    [
      "DEB-0E68A147",
      -3.817677250170503,
      91.78897839170627,
      183.391321850253
    ],
    [
      "DEB-26B7353B",
      -19.716117065434396,
      120.2617475678121,
      523.5841242362612
    ],
    [
      "DEB-0563DCA1",
      20.706711270973067,
      -18.307419176197058,
      745.9809117247914
    ],
    [
      "DEB-26EA8AF2",
      -56.37341692567153,
      127.8234085782073,
      518.0592684845424
    ],
    [
      "DEB-43D53C07",
      36.58769802027162,
      -88.45621939132774,
      296.6302211664124
    ],
    [
      "DEB-25605F66",
      20.62314203842021,
      82.13661461228617,
      807.359238057601
    ],
    [
      "DEB-87A26CEE",
      30.2735748080848,
      109.99595725369146,
      675.6907681643997
    ],
    [
      "DEB-030AB3D9",
      13.290038117262602,
      169.23671819850543,
      295.291629995374
    ],
    [
      "DEB-1AA70BBB",
      -62.97112413120988,
      -73.140689969502,
      762.3424104411979
    ],
    [
      "DEB-7EFEF128",
      63.6990968805434,
      161.09746968111799,
      309.7430354564858
    ],
    [
      "DEB-97417EDB",
      -7.818896156144428,
      -144.98555666814715,
      145.03443289630468
    ],
    [
      "DEB-74B4BD5C",
      53.549682865310125,
      91.44087304637802,
      554.1244155042286
    ],
    [
      "DEB-4E7A4EB9",
      -47.85188054346019,
      -61.55794597660642,
      771.5241819953044
    ],
    [
      "DEB-4693F172",
      5.71397921200816,
      167.75940672788937,
      622.5462033590929
    ],
    [
      "DEB-2E1DE904",
      -38.313991360583046,
      99.91161362809906,
      497.40122561568387
    ],
    [
      "DEB-AC212EB6",
      -48.394361702606865,
      127.11247439640367,
      160.68062095347705
    ],
    [
      "DEB-0E138B1B",
      0.03384234763739613,
      126.69467983653954,
      710.0505160407065
    ],
    [
      "DEB-11CD7E72",
      87.43758239612148,
      -104.82952282558583,
      244.20686749565175
    ],
    [
      "DEB-26519F4D",
      -82.03688246035686,
      -35.78165397306909,
      721.0151913872378
    ],
    [
      "DEB-A4121483",
      49.08032607469779,
      74.69187575550008,
      786.1585766954695
    ],
    [
      "DEB-034F6F9F",
      33.280505679141974,
      78.90223561703854,
      859.086524522043
    ],
    [
      "DEB-1CDA9B6A",
      25.69131223915046,
      21.177671397533636,
      811.3756688257281
    ],
    [
      "DEB-741889C2",
      -32.2287065576323,
      -128.7011024945537,
      890.3870276983171
    ],
    [
      "DEB-F3C2D5B5",
      -19.799417023664038,
      5.774324121420708,
      505.3854210736672
    ],
    [
      "DEB-EFC28748",
      -13.799403526694705,
      -178.56445034862872,
      443.02815391463355
    ],
    [
      "DEB-1F6A934B",
      -30.777438819574762,
      79.95886001158942,
      876.1689711333129
    ],
    [
      "DEB-E56EF03B",
      26.26478725385627,
      7.22390548701274,
      407.21797697404236
    ],
    [
      "DEB-D017699F",
      -16.442522783664685,
      17.77696621555436,
      450.35867035233787
    ],
    [
      "DEB-2A426704",
      75.06461184748721,
      106.49031759191669,
      770.5016417925044
    ],
    [
      "DEB-63EDA3C0",
      -43.96712459707773,
      174.92294864496853,
      849.781072081525
    ],
    [
      "DEB-2520D96C",
      -34.7211647631378,
      78.49918607070052,
      165.33220112271192
    ],
    [
      "DEB-5651D53F",
      20.636319919420167,
      82.43977659743273,
      476.99927124131864
    ],
    [
      "DEB-E37EB863",
      42.37416332714638,
      -65.67368584426015,
      421.3072483932947
    ],
    [
      "DEB-DAF22335",
      67.72175180798268,
      109.54637096966043,
      735.5676158193492
    ],
    [
      "DEB-04561CEA",
      55.81576180215495,
      58.31887818957713,
      832.6116761114281
    ],
    [
      "DEB-76191D3E",
      -61.75993932604238,
      -55.09031468800335,
      279.0860180104728
    ],
    [
      "DEB-ACA10BF9",
      48.49569216204391,
      -31.045861081759767,
      248.37891875611695
    ],
    [
      "DEB-33C1D1FB",
      -30.02444149716915,
      38.555038007391325,
      176.70230643459854
    ],
    [
      "DEB-31F1B4AD",
      -7.655819447291114,
      121.52968717791798,
      288.91456607952387
    ],
    [
      "DEB-66D66D7F",
      30.616315885974537,
      -66.45573415603361,
      395.6137980781805
    ],
    [
      "DEB-8C4B2104",
      -57.081553818464506,
      54.06460749038159,
      185.2558231381563
    ],
    [
      "DEB-859E0182",
      -39.75601640364251,
      -57.086371089127205,
      341.37331488171367
    ],
    [
      "DEB-9C0A55E6",
      -1.0058221984407434,
      -95.78813368535596,
      515.6816309891419
    ],
    [
      "DEB-B5C47645",
      -8.255317027812389,
      -47.04606812578508,
      732.9009765695264
    ],
    [
      "DEB-7A0AFDE3",
      56.094796384438,
      35.570242089305694,
      503.12501545336363
    ],
    [
      "DEB-80C6161B",
      -11.484681026278535,
      -35.65033117500848,
      343.49871458991674
    ],
    [
      "DEB-0A62F9DE",
      -28.87532182039092,
      -141.56807381467078,
      631.7548293439213
    ],
    [
      "DEB-1559E4B5",
      -1.6964276771183509,
      -110.7419382713362,
      575.5799178210955
    ],
    [
      "DEB-31027066",
      1.680846583592478,
      129.75793258097286,
      907.9015571776836
    ],
    [
      "DEB-5CE111C7",
      42.33518290785196,
      167.66429026248537,
      733.8819633682078
    ],
    [
      "DEB-4ABF3FE5",
      80.52972973668975,
      -133.38508658954495,
      207.37295565195836
    ],
    [
      "DEB-4AC66DB2",
      63.4380865786251,
      -25.47566628024252,
      372.2916518792281
    ],
    [
      "DEB-20B9D192",
      -24.127387710190497,
      -2.2859836844381696,
      824.2284165574365
    ],
    [
      "DEB-6C9F8F8F",
      73.57284435231813,
      37.048425953687286,
      136.31115425503322
    ],
    [
      "DEB-D4F28964",
      -59.381177340947644,
      109.18949351625686,
      322.05433639385046
    ],
    [
      "DEB-DDC5F116",
      -15.286671434219848,
      -116.44104615038727,
      843.2641386849391
    ],
    [
      "DEB-E4F48857",
      -52.51578415909751,
      164.76483167725803,
      181.9586057914412
    ],
    [
      "DEB-E8FC8E8C",
      1.9113044437453743,
      -116.31927378201702,
      359.171232235185
    ],
    [
      "DEB-68CF295E",
      -30.4630948286259,
      -26.365605692966206,
      175.3810592361706
    ],
    [
      "DEB-CAB70FFE",
      -9.405149796073271,
      -103.48905807537994,
      587.7073957508619
    ],
    [
      "DEB-0AE7BA03",
      -2.8404974786261747,
      -42.40946703522029,
      221.16718888588002
    ],
    [
      "DEB-CD10E11D",
      18.93401962522834,
      162.6944527908879,
      338.5453808217635
    ],
    [
      "DEB-1A64B032",
      22.517362424925317,
      -50.57768771021467,
      171.25052511535523
    ],
    [
      "DEB-A147E62F",
      33.88334561286412,
      97.61382520355548,
      904.2283206154516
    ],
    [
      "DEB-2337C48E",
      52.169115099255364,
      -110.35131808798974,
      485.9751891863325
    ],
    [
      "DEB-A4189704",
      -47.40616224565104,
      -151.96856197238233,
      394.23461654345283
    ],
    [
      "DEB-9B2ED806",
      4.059252852679654,
      -48.28747403406808,
      293.85804935300257
    ],
    [
      "DEB-02632D48",
      18.278835000852194,
      -46.254862632622874,
      412.36349360835266
    ],
    [
      "DEB-34191BC7",
      -47.258755181871024,
      -42.24987359285551,
      743.1959412095748
    ],
    [
      "DEB-5C45DB77",
      -5.9839618684971505,
      -174.78646978769933,
      295.11162353873624
    ],
    [
      "DEB-DDE0BFB0",
      -39.935827264550205,
      126.29655048864086,
      696.946793459827
    ],
    [
      "DEB-EB7A5AC0",
      47.474855328855384,
      116.30780216364526,
      731.3441112309692
    ],
    [
      "DEB-87CB6A18",
      -2.691657069606639,
      -122.84470508830174,
      611.8120800116776
    ],
    [
      "DEB-B05C0DC3",
      34.31719672812891,
      -5.112532204110512,
      308.29138861509455
    ],
    [
      "DEB-82837766",
      -15.747487127427663,
      -111.41302676400917,
      570.0079193437441
    ],
    [
      "DEB-9B09FC44",
      9.79143717822016,
      56.26350201463657,
      193.65393187090285
    ],
    [
      "DEB-F76578A9",
      -6.4415768042902934,
      166.23024405477165,
      373.48681261561796
    ],
    [
      "DEB-8CC5D622",
      63.28422991014254,
      -145.93272680418218,
      862.3981358583324
    ],
    [
      "DEB-05EB2C59",
      -46.64084024650743,
      97.26607879522803,
      356.3971649089226
    ],
    [
      "DEB-6046D791",
      34.22346985465521,
      15.828391316817568,
      179.67707952463752
    ],
    [
      "DEB-E1C6D48A",
      -49.85692903667011,
      -34.570835252584125,
      171.2563023497787
    ],
    [
      "DEB-7A62E7B6",
      -56.17279947677958,
      108.21806079114333,
      865.1980992523604
    ],
    [
      "DEB-B415344C",
      -5.542361487437493,
      144.19169656461696,
      561.8861610841759
    ],
    [
      "DEB-9D478485",
      -25.99459744814025,
      -140.41642054414956,
      329.3431986918531
    ],
    [
      "DEB-77A5B94F",
      18.941749099386215,
      -57.65333699764325,
      602.490606302852
    ],
    [
      "DEB-1C623AFD",
      78.64079156742812,
      -119.48195186826754,
      384.9146257523762
    ],
    [
      "DEB-D53C239A",
      -52.840816771734495,
      -74.57179343186858,
      301.1965309409361
    ],
    [
      "DEB-BB8E5045",
      10.644184190318258,
      -49.371442799181544,
      869.2393051923109
    ],
    [
      "DEB-1F92D821",
      -13.239515549227425,
      -124.92203995019767,
      918.0267476664312
    ],
    [
      "DEB-9977CE45",
      3.74398726194173,
      126.6097552678074,
      402.71659556466875
    ],
    [
      "DEB-E5E2B887",
      -64.43552395277311,
      -139.35295539165318,
      720.7763059579884
    ],
    [
      "DEB-61FD1340",
      15.734131762667364,
      -135.10281818997484,
      692.2204365449079
    ],
    [
      "DEB-F75BE6AC",
      -43.68439102587691,
      -176.5750645438727,
      579.5216094484767
    ],
    [
      "DEB-FFC7295F",
      50.28512176637531,
      102.39866743974794,
      310.60295038408367
    ],
    [
      "DEB-CA851D5D",
      -79.39075647702228,
      -51.93519957117364,
      706.1510559142398
    ],
    [
      "DEB-6329CAD0",
      7.493066308925807,
      126.56017818582575,
      517.3907631408865
    ],
    [
      "DEB-D09C47DE",
      -56.41525236866792,
      49.77116437670524,
      178.60232112228096
    ],
    [
      "DEB-36141E24",
      10.543126325949574,
      86.16612959964526,
      182.1464405683064
    ],
    [
      "DEB-A2857E3E",
      -9.442359595286224,
      -87.64542539082981,
      541.8495107837398
    ],
    [
      "DEB-460BFC37",
      52.07829012180156,
      -141.73932566575292,
      377.40247447078764
    ],
    [
      "DEB-46EC815F",
      -44.74408063616991,
      91.71612377989588,
      506.268554833845
    ],
    [
      "DEB-DA9B4663",
      -74.3785414931376,
      -61.61045763839602,
      712.3017022267568
    ],
    [
      "DEB-A41DAC22",
      8.1347969522133,
      -61.334438981598964,
      400.9608033502918
    ],
    [
      "DEB-4DB2F532",
      10.706230111434959,
      31.82770928406606,
      178.00814978326343
    ],
    [
      "DEB-BC4727B9",
      71.11544670103076,
      33.426018068348135,
      316.3443493689156
    ],
    [
      "DEB-B90DDE43",
      -15.778012895138522,
      70.33802383746568,
      435.2210906848404
    ],
    [
      "DEB-60E64A0A",
      -61.675584777195205,
      65.43111474248828,
      541.8570386689362
    ],
    [
      "DEB-7A29B575",
      -48.23728979579569,
      49.62310625561621,
      441.59494041911057
    ],
    [
      "DEB-77648309",
      77.3029475034093,
      34.62841118127018,
      317.51730478733043
    ],
    [
      "DEB-2EB5EFC9",
      -17.58389582254711,
      34.955409364319934,
      416.5414641820198
    ],
    [
      "DEB-1962C864",
      -32.28183855612567,
      40.57115535396212,
      686.0222010352782
    ],
    [
      "DEB-36B6DEC1",
      -56.82567241250705,
      152.0355747580024,
      344.74490961905303
    ],
    [
      "DEB-417DC56B",
      -58.43655897367586,
      -105.9470089185844,
      133.46419116570723
    ],
    [
      "DEB-643F22B3",
      29.80799213245574,
      -26.067241389661877,
      154.56582066947067
    ],
    [
      "DEB-3B54DBB8",
      -7.212432412015058,
      -50.771820792612,
      791.9717700282181
    ],
    [
      "DEB-72FB19C0",
      12.050501654920522,
      -10.423199288303508,
      619.7074749707581
    ],
    [
      "DEB-8C21A867",
      -49.14297384806133,
      162.89189302506588,
      873.7660171039752
    ],
    [
      "DEB-7D3D9DFE",
      -5.39436775876627,
      -30.786614028879292,
      748.2476089844431
    ],
    [
      "DEB-EEB294F7",
      -77.87538043087348,
      -61.48966032776214,
      528.7696990262102
    ],
    [
      "DEB-F163815A",
      28.77873827640879,
      -134.28372253643786,
      594.0853461910465
    ],
    [
      "DEB-BF2F210B",
      80.21513669983145,
      29.185052281734947,
      489.34266083935836
    ],
    [
      "DEB-4E38B3DC",
      54.93362705593718,
      3.3739659391848007,
      387.0925710164538
    ],
    [
      "DEB-7BD7B5DA",
      9.168823453264485,
      -52.26068413512419,
      493.6257011226826
    ],
    [
      "DEB-899F12AC",
      -11.679970082831602,
      -44.0503302257971,
      351.44950006080853
    ],
    [
      "DEB-A6B661E8",
      0.08160499721968237,
      69.03895494158672,
      438.7850985011546
    ],
    [
      "DEB-75113FA3",
      -63.56119201945723,
      -70.8643316891529,
      725.2740227802751
    ],
    [
      "DEB-8A682666",
      61.249998441299226,
      78.30767061333228,
      133.71922789383098
    ],
    [
      "DEB-05B3D901",
      -66.51538888013798,
      124.28516570192356,
      824.3019897584745
    ],
    [
      "DEB-16BB815B",
      -14.140289127399045,
      -53.949530497423986,
      391.7932131884536
    ],
    [
      "DEB-65969AE8",
      51.324135083996595,
      126.20609597737715,
      613.0988486803317
    ],
    [
      "DEB-915D4B15",
      28.58783391829263,
      -5.098000972980015,
      691.6263361575357
    ],
    [
      "DEB-969EB108",
      50.02266878558549,
      -156.95288971160906,
      798.1889366070473
    ],
    [
      "DEB-D64B4534",
      74.2107633723063,
      -44.84689679567303,
      481.6292027336822
    ],
    [
      "DEB-08E52264",
      25.55773046849887,
      -141.69039905758723,
      578.381309968594
    ],
    [
      "DEB-050F2967",
      -42.91165041802799,
      57.84091588213408,
      602.031060352756
    ],
    [
      "DEB-617621E2",
      -47.539914631500196,
      76.83919308890674,
      820.3975280314453
    ],
    [
      "DEB-FA6DA0E0",
      -38.90708126670787,
      -16.818278767478244,
      834.4187369661258
    ],
    [
      "DEB-A02F806E",
      15.441357145711601,
      -95.75687456558369,
      456.6524154965364
    ],
    [
      "DEB-977953D9",
      -48.569913531010954,
      174.2239398606749,
      838.7419163433997
    ],
    [
      "DEB-2C9ED4C5",
      -5.375618768076523,
      -53.04147885865631,
      347.3370498823433
    ],
    [
      "DEB-28EC1648",
      9.848757384193709,
      138.90084178125989,
      863.4436124103077
    ],
    [
      "DEB-2E53EA66",
      41.18170067187023,
      -39.58889021818327,
      260.1665635146592
    ],
    [
      "DEB-0E5FB170",
      60.05309720639089,
      116.3909798721007,
      501.6633455598576
    ],
    [
      "DEB-1A0B9E86",
      49.250934436682776,
      70.54330362292528,
      841.7204942192147
    ],
    [
      "DEB-5693F84E",
      -16.87449704794761,
      128.35998590147457,
      447.9628722001862
    ],
    [
      "DEB-9B40C7AA",
      38.81918900323789,
      -63.944924831531985,
      265.1838545997898
    ],
    [
      "DEB-024F3C8F",
      32.395677509233856,
      -133.87335802040036,
      363.08284990775337
    ],
    [
      "DEB-07977F69",
      -16.587175241947424,
      -49.2657912891274,
      590.0054855675344
    ],
    [
      "DEB-E23279BC",
      17.348440987868976,
      -17.3787788353504,
      877.0491231287406
    ],
    [
      "DEB-B73E02AA",
      26.127147790825223,
      59.6372815941728,
      380.0731087410268
    ],
    [
      "DEB-C0F3324A",
      -64.72758669349251,
      2.65291125270622,
      145.26587882035528
    ],
    [
      "DEB-A73E7897",
      38.80646029818202,
      -23.31672567973514,
      330.92098397827795
    ],
    [
      "DEB-FBC114D9",
      -63.74987476790603,
      5.652730276834174,
      695.0920229541762
    ],
    [
      "DEB-BF847ACB",
      -53.535432761672894,
      115.77844159370291,
      761.4949577136167
    ],
    [
      "DEB-C98B552A",
      68.30802654262735,
      93.25219956076863,
      646.762502355602
    ],
    [
      "DEB-20DEE921",
      49.078642764857186,
      -170.97719533159568,
      754.2226377432426
    ],
    [
      "DEB-71634930",
      53.02526987413368,
      -105.56069983376456,
      636.2858052050096
    ],
    [
      "DEB-B80E3C87",
      16.112072730495754,
      17.856511417921247,
      886.9659267277757
    ],
    [
      "DEB-E5FCFB0A",
      -48.80918297159239,
      -157.44959782057168,
      348.53767933244944
    ],
    [
      "DEB-86C94426",
      -53.06709932573498,
      -101.01467802561736,
      250.8357846047229
    ],
    [
      "DEB-C3BFC792",
      -53.30749161854097,
      -125.67990021523292,
      487.4734221097933
    ],
    [
      "DEB-A869FD49",
      50.75524830469598,
      18.603976163823422,
      731.5178735880145
    ],
    [
      "DEB-23F0A807",
      -44.31464043939111,
      -177.79152009896686,
      257.04539629075407
    ],
    [
      "DEB-8C20BC99",
      -74.79157368567014,
      139.37944330155977,
      840.8888441211802
    ],
    [
      "DEB-D3D5EBEF",
      7.936894643096505,
      -127.09919751419925,
      541.4397805360968
    ],
    [
      "DEB-E437B19D",
      -14.312063637646393,
      -110.94962512373553,
      777.9510022125314
    ],
    [
      "DEB-7003B95C",
      -21.893913889528033,
      -47.57866105414656,
      276.72477860849267
    ],
    [
      "DEB-D2F1C1A7",
      55.752343609178766,
      48.584546131294154,
      663.4190359796503
    ],
    [
      "DEB-8F64168A",
      -48.690290292907,
      66.91799772419516,
      174.53955564138778
    ],
    [
      "DEB-3D737156",
      -8.448456156567456,
      0.6537760019306769,
      461.77667878421653
    ],
    [
      "DEB-0D65355C",
      56.160203254306545,
      -3.2103704428869633,
      459.58228374263126
    ],
    [
      "DEB-554832B0",
      -0.38310370143249156,
      -86.00154206378915,
      706.9071192498377
    ],
    [
      "DEB-5D6EB98A",
      27.94307731028842,
      87.796317483516,
      626.036773563601
    ],
    [
      "DEB-03C61D93",
      62.88946578081557,
      -38.465985965265304,
      136.08722859499994
    ],
    [
      "DEB-F3BDB2CD",
      19.241248472421358,
      -148.48293613198538,
      443.3445550590932
    ],
    [
      "DEB-34E51DEF",
      -46.70581525482592,
      42.26622247704792,
      925.6972283528994
    ],
    [
      "DEB-8B0CE03A",
      -7.243539940801089,
      43.97317891554373,
      876.0366278253878
    ],
    [
      "DEB-BF0C6F12",
      -15.134516626676422,
      165.83815888414097,
      152.76649202696808
    ],
    [
      "DEB-A5782D27",
      -12.7052549943793,
      27.118421283014218,
      812.5046460336289
    ],
    [
      "DEB-C9345FFB",
      20.983167747999723,
      160.3151459926533,
      652.8379494424944
    ],
    [
      "DEB-10729337",
      -55.64387850769077,
      134.7450668258957,
      216.74345838314002
    ],
    [
      "DEB-ADBBA1F0",
      10.957092024637596,
      121.44417176272738,
      431.28170292295454
    ],
    [
      "DEB-126130FD",
      -69.04852262028398,
      -8.994632382460932,
      326.1632131289307
    ],
    [
      "DEB-7722E516",
      -67.59703017350103,
      -99.18144766976742,
      408.42174135417554
    ],
    [
      "DEB-963DBC4F",
      15.134921597480059,
      96.81133752113408,
      917.2784585735062
    ],
    [
      "DEB-B8DC7D69",
      -30.906864163345734,
      55.45164595989533,
      766.1059968854888
    ],
    [
      "DEB-2608FCB4",
      10.030634262347673,
      -166.93045133807925,
      476.83640949200435
    ],
    [
      "DEB-F52DA3DB",
      -1.6765299811295877,
      -115.9040321248004,
      592.1700856023999
    ],
    [
      "DEB-3AA67DAF",
      63.02900586678463,
      42.4491099600655,
      719.4416329198657
    ],
    [
      "DEB-81109CBF",
      22.29466780548706,
      107.62017857811884,
      164.0520372496776
    ],
    [
      "DEB-D50C923E",
      -7.782922288498681,
      123.7616792379624,
      334.88765859437717
    ],
    [
      "DEB-0F950411",
      -48.31026593327425,
      -48.60149269973841,
      401.0817101666171
    ],
    [
      "DEB-2DB12C52",
      27.544765474975488,
      36.74800516192162,
      509.35944136191574
    ],
    [
      "DEB-1D3AEEB5",
      -11.15149708182888,
      -57.15683559984573,
      651.4377370767961
    ],
    [
      "DEB-10D78971",
      13.341669948660686,
      -104.2736678241606,
      364.695943820273
    ],
    [
      "DEB-FE03AA09",
      16.539956966476264,
      163.32089139640428,
      295.4521414261453
    ],
    [
      "DEB-129AABDF",
      -32.690791454879566,
      -41.99797395682686,
      902.9935075274016
    ],
    [
      "DEB-CBE11F0A",
      -20.341063553306427,
      178.3585734284087,
      356.0639245946668
    ],
    [
      "DEB-730CD6CD",
      -75.8752265990502,
      100.79352120763266,
      254.11617735018626
    ],
    [
      "DEB-597860DB",
      -65.62579230601558,
      -87.81503254555267,
      542.1552480850178
    ],
    [
      "DEB-E72394B1",
      18.498090004128308,
      -170.8372302076896,
      358.2548623677567
    ],
    [
      "DEB-B9012F16",
      39.944185312431,
      48.20518304427358,
      284.44794723777886
    ],
    [
      "DEB-DD0EB193",
      -66.33601907678282,
      -57.4658757620363,
      573.6726654845024
    ],
    [
      "DEB-1F93B34D",
      -25.905250555758478,
      -163.07988080439176,
      349.443707432265
    ],
    [
      "DEB-D0F4E25C",
      14.284699219802974,
      27.263697766930672,
      584.9006911701345
    ],
    [
      "DEB-70B40EAC",
      9.71316618996332,
      20.12400703307633,
      498.00771667430945
    ],
    [
      "DEB-570CFE6B",
      64.76011980383598,
      108.11311626474486,
      432.7831399580127
    ],
    [
      "DEB-55A8A038",
      45.356078418862545,
      127.04295690785571,
      195.43977063663806
    ],
    [
      "DEB-B12EB63D",
      -71.50851247238865,
      136.02316041817366,
      832.2175002873219
    ],
    [
      "DEB-B470F96F",
      -39.284177658772634,
      48.16075962686738,
      473.14817719124403
    ],
    [
      "DEB-1B285373",
      -33.33644114729375,
      145.19900553530735,
      837.9643415307501
    ],
    [
      "DEB-84E67093",
      -77.56229077666568,
      143.63737529008915,
      637.1940836777558
    ],
    [
      "DEB-0CE73E77",
      42.14387313032472,
      11.679998973406745,
      730.7056788474365
    ],
    [
      "DEB-E19FEDC1",
      30.958489315461097,
      141.78344792103567,
      864.932038662193
    ],
    [
      "DEB-A9B08CEF",
      4.576883221294718,
      76.83081377320589,
      334.5915540350625
    ],
    [
      "DEB-59D962DB",
      37.216222064459764,
      125.14711112521252,
      151.295461882959
    ],
    [
      "DEB-857D86B8",
      36.450559774702334,
      -14.93665171818887,
      500.0552437808865
    ],
    [
      "DEB-4ABB2F69",
      -42.32632324824393,
      -75.9823810598017,
      518.0068808389005
    ],
    [
      "DEB-29DD4CAD",
      33.38186431080653,
      39.65034879122092,
      176.3836449062137
    ],
    [
      "DEB-B6E12908",
      -35.81926670950936,
      121.56383892976802,
      650.786059881134
    ],
    [
      "DEB-1791C2A1",
      -51.43492954566734,
      112.23703087442762,
      491.0687560301576
    ],
    [
      "DEB-DD099030",
      15.659390933490931,
      -142.449151808493,
      867.9906039983744
    ],
    [
      "DEB-D7570C7D",
      35.547212841999524,
      -101.83919861843168,
      531.1690389383657
    ],
    [
      "DEB-BDE12317",
      -35.30669378755141,
      -172.2996020248879,
      702.836748431334
    ],
    [
      "DEB-4B09E1FD",
      35.22971191449615,
      71.47519305362978,
      449.4168369200306
    ],
    [
      "DEB-CC93D9A4",
      -6.52142898425867,
      37.96538991197531,
      830.5925145503397
    ],
    [
      "DEB-154F9B32",
      5.450322741453218,
      25.563250189353553,
      843.6581970662983
    ],
    [
      "DEB-A6A46BED",
      8.748527319380871,
      -89.17251271860394,
      567.8296453748653
    ],
    [
      "DEB-D25F54BE",
      7.439671061601521,
      150.37390473068953,
      860.3938050868328
    ],
    [
      "DEB-F6DA884F",
      45.2390253585085,
      25.421864819776026,
      822.4973192596453
    ],
    [
      "DEB-56BD0E12",
      26.683535292314613,
      -136.2932513612381,
      533.8432558345885
    ],
    [
      "DEB-2B7E8BC2",
      -25.702143495416017,
      -19.373916014652853,
      213.71286816111387
    ],
    [
      "DEB-CAA300DB",
      -18.84752100905195,
      -86.59001124640281,
      426.9389535023456
    ],
    [
      "DEB-8AC457BF",
      43.50758405046643,
      -67.38607669155712,
      338.8911083847888
    ],
    [
      "DEB-170E6C5E",
      -43.53820680661548,
      173.75282795923366,
      622.8541672449373
    ],
    [
      "DEB-4A09957A",
      21.146172430196103,
      149.84604966159807,
      877.8434927333201
    ],
    [
      "DEB-CCCDA116",
      47.31686009780513,
      115.51252564425756,
      412.8084584108565
    ],
    [
      "DEB-C0A06E64",
      11.09701141984823,
      98.09615927193151,
      567.2347537435626
    ],
    [
      "DEB-F464DF9E",
      40.13213039218896,
      -107.9601288916931,
      467.1641503228557
    ],
    [
      "DEB-6AEE2825",
      35.601152288705535,
      -157.2291926062055,
      313.10015833638954
    ],
    [
      "DEB-23799A2A",
      10.307319595732235,
      111.75806315505416,
      419.87657399121053
    ],
    [
      "DEB-C2067322",
      17.96260366306339,
      -131.24356803547172,
      379.49062563975076
    ],
    [
      "DEB-B6AFC293",
      31.19636960854635,
      -3.6878687932999745,
      525.1332841718759
    ],
    [
      "DEB-B22CEA1E",
      -29.283713828374974,
      19.815432186620022,
      241.89437179839024
    ],
    [
      "DEB-6C616676",
      24.23843563633835,
      9.095081412521681,
      349.45241673737473
    ],
    [
      "DEB-C1846914",
      38.20428541543871,
      166.81497297444358,
      260.2282586340925
    ],
    [
      "DEB-6E4DA1B3",
      -28.921936275222365,
      88.41904176315916,
      394.16985031560125
    ],
    [
      "DEB-76C074E0",
      63.84107461764336,
      -15.562798230645868,
      168.16968699253084
    ],
    [
      "DEB-65BB42DE",
      39.87505303214177,
      50.16522788375214,
      431.3969050285323
    ],
    [
      "DEB-94467403",
      -4.372280685420421,
      15.212330259710575,
      520.247036105724
    ],
    [
      "DEB-4AB63EB1",
      -45.31036732785062,
      161.23286681054893,
      236.47484538003482
    ],
    [
      "DEB-5598F349",
      41.866375505256265,
      47.40771929146267,
      681.7754772794524
    ],
    [
      "DEB-1544CEBF",
      -44.2812966284537,
      -10.798506825145914,
      682.8572953660305
    ],
    [
      "DEB-31F68005",
      15.502069695372917,
      109.62192540001286,
      193.24544297155353
    ],
    [
      "DEB-F2E22ED7",
      -6.935975851687846,
      -5.158197446324943,
      443.86036078166126
    ],
    [
      "DEB-8095F1EF",
      27.02651511733876,
      -78.3743295285684,
      437.37809891225425
    ],
    [
      "DEB-A9854239",
      -34.79604603589022,
      -127.87636236856333,
      694.7872223629347
    ],
    [
      "DEB-B5F142F8",
      -75.53497687454451,
      163.7372453232753,
      696.0228540140934
    ],
    [
      "DEB-BCA96197",
      -47.027254822937,
      -149.9084926072399,
      706.3448336714009
    ],
    [
      "DEB-D06EC58D",
      26.900638014239284,
      -1.4667522036340304,
      490.7746981764449
    ],
    [
      "DEB-9B0A7D14",
      34.24338551500929,
      9.450533878211532,
      130.38883281689596
    ],
    [
      "DEB-398C198B",
      84.31970025716862,
      -90.26830530147019,
      727.538716662074
    ],
    [
      "DEB-7326497E",
      36.7091299635872,
      -68.81468087298511,
      528.9548423539773
    ],
    [
      "DEB-DA9F0E73",
      0.059271837375588485,
      137.8761915767162,
      656.5241299895033
    ],
    [
      "DEB-688E0AC5",
      9.875153788931668,
      -145.15607005001172,
      755.1928209220941
    ],
    [
      "DEB-26D1BEEC",
      -36.371521876558454,
      8.164465003379082,
      297.97270642527747
    ],
    [
      "DEB-3DADDF65",
      -10.2200263460731,
      -172.97780239994975,
      890.5278174773048
    ],
    [
      "DEB-914221BB",
      -6.722560437400309,
      135.79855599798668,
      677.507260217476
    ],
    [
      "DEB-522023A2",
      -9.505452961073667,
      -121.92665217624321,
      470.2776306396545
    ],
    [
      "DEB-1CD3069D",
      -14.716808143793354,
      88.42158745068137,
      208.99975491987607
    ],
    [
      "DEB-B85A30EA",
      -44.395524794457636,
      67.42970435688137,
      867.5240628693746
    ],
    [
      "DEB-F30E2275",
      61.8171571544106,
      122.74737130735554,
      289.88985468736246
    ],
    [
      "DEB-0333F3AB",
      29.583380718589815,
      -92.67632780271916,
      649.7788978783819
    ],
    [
      "DEB-25AB7CA7",
      -74.48538056370714,
      -58.20019051318486,
      177.60408068402376
    ],
    [
      "DEB-A53C0B3A",
      -5.395753547346843,
      -33.75526884068212,
      717.4103281005455
    ],
    [
      "DEB-B383E97D",
      -47.18661704057409,
      77.69833503112136,
      382.7610997669899
    ],
    [
      "DEB-E694AFF6",
      -69.98892728571946,
      107.34840886962199,
      495.4685503794826
    ],
    [
      "DEB-B1C14534",
      1.1990213708936484,
      -123.18062536126654,
      141.90501093456896
    ],
    [
      "DEB-E30E7B39",
      27.530839304005827,
      77.77624250237935,
      425.3196147188446
    ],
    [
      "DEB-857B86EB",
      45.04226032035296,
      -120.72764233147574,
      809.2742818589932
    ],
    [
      "DEB-07EAACF0",
      30.192965776511215,
      -135.89150787189442,
      432.6782419538522
    ],
    [
      "DEB-5FC779C5",
      63.24584654198336,
      -39.84938488868838,
      180.94859942413404
    ],
    [
      "DEB-CA61DE9C",
      -17.272013977224123,
      -6.801434446915237,
      795.2546118294176
    ],
    [
      "DEB-DEE2D3FB",
      -22.035162193226387,
      116.70208780511136,
      907.2576524686083
    ],
    [
      "DEB-DC5E82EF",
      30.981807097894777,
      156.231044954188,
      300.3877763434057
    ],
    [
      "DEB-E987D0B7",
      -32.69498820045196,
      44.02816593679624,
      662.1775964488315
    ],
    [
      "DEB-83193F5D",
      37.13784374171621,
      -89.97363636895305,
      850.3928063559679
    ],
    [
      "DEB-A87B4AD1",
      -5.753127420286018,
      179.7258436365451,
      764.0358545514373
    ],
    [
      "DEB-647A9B28",
      -3.811862409219652,
      -138.45982517137853,
      356.5764532542362
    ],
    [
      "DEB-2DDE379D",
      -5.440486897360772,
      -177.66582270458673,
      496.06043559940736
    ],
    [
      "DEB-EF85357F",
      -49.4744937671977,
      28.94801428679813,
      262.8682747995708
    ],
    [
      "DEB-28C75FF2",
      9.709799802104287,
      177.88084407857883,
      212.5080013939596
    ],
    [
      "DEB-0A71CF7B",
      -25.526227786772345,
      -50.84421858122958,
      118.7339381974898
    ],
    [
      "DEB-DF911982",
      -39.90189786467975,
      110.86266863215612,
      344.34404681814885
    ],
    [
      "DEB-317954F9",
      69.84402552778747,
      46.05025378057123,
      633.7555598890658
    ],
    [
      "DEB-7FF0F406",
      6.293060648322663,
      -40.32622994299083,
      906.3576683200836
    ],
    [
      "DEB-D8C45198",
      -69.2508021491388,
      95.01197005592526,
      707.0468632493921
    ],
    [
      "DEB-41AED1E4",
      -2.078879489660552,
      -152.05514134582427,
      287.3254738882015
    ],
    [
      "DEB-9702E2BC",
      13.965212920075775,
      -106.32115485634695,
      248.13955506476032
    ],
    [
      "DEB-59EEFF1F",
      31.30480662137455,
      28.04213324633311,
      661.3009306718914
    ],
    [
      "DEB-1781C4A9",
      -58.66685837809561,
      -122.84049107021255,
      690.2724405135168
    ],
    [
      "DEB-8F9C47F6",
      41.65145147534189,
      149.31009196478612,
      756.3739855166768
    ],
    [
      "DEB-7A8CFC87",
      -29.83767917171703,
      -27.46641532610155,
      167.17741904586728
    ],
    [
      "DEB-1905857A",
      47.9664007893858,
      102.72610385275345,
      178.82294468606233
    ],
    [
      "DEB-B213FCDD",
      2.734092779541619,
      -35.66566277391534,
      875.5967937183041
    ],
    [
      "DEB-07A99ECC",
      -30.55408420914475,
      108.87316658591551,
      830.8504548847268
    ],
    [
      "DEB-2A01F461",
      -39.091135382733974,
      -95.44947015743301,
      769.0304894949613
    ],
    [
      "DEB-96114693",
      -24.26238023255931,
      0.8405587854300449,
      709.3937433806977
    ],
    [
      "DEB-54D39610",
      -51.01107965078517,
      -21.835787900656587,
      576.1156014743519
    ],
    [
      "DEB-735911EE",
      18.644436227116195,
      97.86832958684712,
      854.8426264800873
    ],
    [
      "DEB-DF549511",
      15.77348866834435,
      -49.4184783939024,
      151.336076830401
    ],
    [
      "DEB-D6F8FBDA",
      27.880073975443356,
      118.97153923738902,
      401.37303089371744
    ],
    [
      "DEB-E1443DF3",
      16.73796982769604,
      -35.59270901961176,
      924.8686340959166
    ],
    [
      "DEB-F32F6401",
      30.046182599194996,
      97.57054307396935,
      524.153428169273
    ],
    [
      "DEB-518CC0BF",
      13.209205551404528,
      -95.84684809967136,
      725.2888581067773
    ],
    [
      "DEB-06696713",
      56.660751789118706,
      -143.55133628790503,
      621.2513425601446
    ],
    [
      "DEB-03BAB1C9",
      -16.594052015890988,
      119.35068341377682,
      684.7561180004604
    ],
    [
      "DEB-887FC617",
      41.12325908964237,
      71.71473271625379,
      596.2030129093582
    ],
    [
      "DEB-A5CECCC7",
      46.94241537352712,
      10.952468679250577,
      415.9644431169809
    ],
    [
      "DEB-239AB849",
      82.50565661790975,
      -157.94087951341513,
      189.40242444151045
    ],
    [
      "DEB-BDA986FA",
      45.056139173417534,
      -40.237738796319114,
      835.0421037384276
    ],
    [
      "DEB-9144A1BD",
      77.08135403064118,
      105.73206703786605,
      628.1047560427642
    ],
    [
      "DEB-2F2849F6",
      28.034027163358292,
      175.6475193171062,
      691.7066196289215
    ],
    [
      "DEB-E42EB026",
      -37.5055138506591,
      144.95947694556372,
      865.89430751276
    ],
    [
      "DEB-82EE56EE",
      -12.095904085701804,
      38.03683544850174,
      133.83807115155014
    ],
    [
      "DEB-6D9CB07F",
      53.145790915791146,
      -65.03077356108447,
      876.9802017525835
    ],
    [
      "DEB-A3713C02",
      -75.06438764928889,
      2.903141076151235,
      695.7710513045622
    ],
    [
      "DEB-01E569B8",
      -4.362756551962727,
      -158.5056045282219,
      864.1123128899335
    ],
    [
      "DEB-39D104E6",
      59.374238191741725,
      110.63472016437916,
      402.50882663156426
    ],
    [
      "DEB-028C571C",
      -62.80182898451872,
      -64.8951837008791,
      344.11450593191876
    ],
    [
      "DEB-968B0740",
      47.20968357971384,
      86.90872642050957,
      174.11576585400235
    ],
    [
      "DEB-6028B523",
      -18.76991899728648,
      137.48479174833832,
      271.47632159433033
    ],
    [
      "DEB-87308EED",
      13.49177974686338,
      81.98660751753076,
      524.5079400641362
    ],
    [
      "DEB-4581BFB4",
      6.356503353230975,
      53.39982448096352,
      382.67427152933305
    ],
    [
      "DEB-226DFB15",
      -10.156716064746824,
      142.2181222258568,
      474.36839068104564
    ],
    [
      "DEB-4B134557",
      28.617114761229857,
      -9.271376159244108,
      861.0078642673816
    ],
    [
      "DEB-87C9DE90",
      58.027461763611655,
      177.64343168138532,
      144.70589809018202
    ],
    [
      "DEB-CC9E89F4",
      26.434957078459064,
      -22.39646575760345,
      150.2629274459041
    ],
    [
      "DEB-343392DC",
      22.834337372441826,
      87.54580966315609,
      243.15000400866575
    ],
    [
      "DEB-3C30BCEA",
      -52.78213853559278,
      109.29246645175871,
      708.3194682400954
    ],
    [
      "DEB-38CE572E",
      36.65065086215339,
      40.10303857475007,
      510.34653367936244
    ],
    [
      "DEB-0D529263",
      -12.088764178052303,
      -25.937485257673778,
      227.3855617079662
    ],
    [
      "DEB-6AFFC14B",
      -5.0263778120674845,
      96.29355758400139,
      301.0646175505917
    ],
    [
      "DEB-9ED150FF",
      -65.09319673142457,
      155.1174812518828,
      865.4859536501563
    ],
    [
      "DEB-38A05614",
      41.31324874759024,
      121.4023697655288,
      408.4691315824484
    ],
    [
      "DEB-635D74AA",
      8.41156412327852,
      28.46249132431665,
      565.0152850176801
    ],
    [
      "DEB-EF43BB2B",
      -7.5969630098503265,
      157.11992981714954,
      489.05063737406726
    ],
    [
      "DEB-F068CB8E",
      38.01802401622293,
      -143.59404794584552,
      766.2910304461948
    ],
    [
      "DEB-E65916A1",
      65.97984074738038,
      -18.85094231049777,
      401.3432790874158
    ],
    [
      "DEB-3BA03351",
      -56.90750254624634,
      -127.86790578063348,
      731.4489307951844
    ],
    [
      "DEB-80A02BB1",
      -65.40850932482877,
      53.87441088494999,
      157.428772080214
    ],
    [
      "DEB-D44CA9D9",
      70.90598544056773,
      164.58647735970294,
      193.2375182029482
    ],
    [
      "DEB-A26A4E3E",
      6.006414972376843,
      178.1273777133974,
      126.6332252782804
    ],
    [
      "DEB-AA27B0C1",
      -18.412266014670358,
      169.605608759005,
      284.54214332823085
    ],
    [
      "DEB-D9E9FA52",
      -36.75543670982397,
      118.82867721512811,
      158.49674877281632
    ],
    [
      "DEB-068BF7B9",
      0.4639867978457889,
      148.3839968916621,
      824.2266615774852
    ],
    [
      "DEB-61D05BAB",
      -51.39668618523946,
      113.09734297092481,
      592.6799655727282
    ],
    [
      "DEB-9E416CBB",
      40.81661346386037,
      64.97128935855878,
      183.8416675396029
    ],
    [
      "DEB-99E723BC",
      27.554359686713287,
      -104.84941057053805,
      761.6948413676646
    ],
    [
      "DEB-0C16A6AE",
      -40.75244106638292,
      -144.90473103186912,
      458.1089074825122
    ],
    [
      "DEB-21FDC34B",
      29.15520815550541,
      46.76137505173179,
      517.3115584328043
    ],
    [
      "DEB-806C25B6",
      -36.82489806880175,
      52.668607813163824,
      734.3654322391722
    ],
    [
      "DEB-512F5B1F",
      5.11558794517379,
      -159.74061853738596,
      680.3643350931961
    ],
    [
      "DEB-1723F6C9",
      38.608392915038586,
      -156.13167323456113,
      814.5096479225413
    ],
    [
      "DEB-8FAAE069",
      63.405144450576294,
      56.90321206821917,
      122.63608844287319
    ],
    [
      "DEB-FBD53E17",
      32.34292433680244,
      139.9382920191271,
      914.4847389170964
    ],
    [
      "DEB-C604123E",
      21.213170975071673,
      -52.26457934122107,
      374.6125346496983
    ],
    [
      "DEB-DE2C6AD0",
      33.320865458881585,
      85.8998773668832,
      400.3050114851594
    ],
    [
      "DEB-A7298C77",
      1.5202103434400074,
      -112.7866877614302,
      338.0968457668532
    ],
    [
      "DEB-FFDFEECF",
      4.5062709495995295,
      -91.47997025406046,
      550.593586295925
    ],
    [
      "DEB-593C294A",
      -16.1098585706385,
      -100.54162732038218,
      547.5563429094864
    ],
    [
      "DEB-81DA1F82",
      -75.87424484939064,
      -114.71499367161476,
      611.9049932528824
    ],
    [
      "DEB-1ADC1246",
      -35.46018665461063,
      -122.71938770026374,
      321.03092074480446
    ],
    [
      "DEB-50B7BCE7",
      28.990757534433254,
      -61.82087793270693,
      621.148662969681
    ],
    [
      "DEB-34341C5A",
      62.55239942041798,
      123.64944488324628,
      620.9764185013491
    ],
    [
      "DEB-AB493E54",
      -45.85019552030624,
      109.63277110234324,
      395.84039765971465
    ],
    [
      "DEB-080428DD",
      33.54867588577708,
      -170.3595656318904,
      195.3772216976704
    ],
    [
      "DEB-91DD2CFC",
      58.13474266226551,
      1.1358037515044233,
      508.56757000273774
    ],
    [
      "DEB-61E8787F",
      -22.583750367182642,
      -113.71986019885033,
      897.7750923700323
    ],
    [
      "DEB-773BB26B",
      10.397231821125098,
      -119.92294157225486,
      711.0949381019491
    ],
    [
      "DEB-60F96E1E",
      -63.757596612545115,
      -140.85967793122663,
      818.1036121558045
    ],
    [
      "DEB-69C4C120",
      61.796395463769294,
      -128.87460225247128,
      667.5594243860187
    ],
    [
      "DEB-D4078BDA",
      -1.7282354313432944,
      -159.5134655694139,
      907.3179104061765
    ],
    [
      "DEB-E52D4DC1",
      -18.46677642764979,
      -34.264003864716315,
      649.2952585513849
    ],
    [
      "DEB-DA3AC3B3",
      31.167234996147226,
      -118.03239374008328,
      739.1952679306396
    ],
    [
      "DEB-3AE7AA48",
      -33.46736858228422,
      173.85306405017124,
      780.4126989737624
    ],
    [
      "DEB-4D480CDC",
      78.38399212327616,
      22.52099671643122,
      917.5298936635099
    ],
    [
      "DEB-6E6949FF",
      -51.04910326830836,
      -34.93007534913294,
      138.25699610442007
    ],
    [
      "DEB-FB19FBF3",
      47.523563134348116,
      161.35390482662103,
      259.87015893417083
    ],
    [
      "DEB-BFDC2C16",
      -35.35575948493795,
      48.294920126333935,
      809.2438896121776
    ],
    [
      "DEB-1364F279",
      -63.240248376598764,
      114.7953020025906,
      798.3517357805904
    ],
    [
      "DEB-E628DEC1",
      -13.9534775679585,
      -75.12124156045802,
      787.8221178634667
    ],
    [
      "DEB-0FCB0997",
      -19.842697472329945,
      -83.81515510870713,
      505.81516358528825
    ],
    [
      "DEB-74D5B995",
      -25.438805015191477,
      -77.22232842168489,
      332.82775266517456
    ],
    [
      "DEB-39347DC1",
      32.54401076920944,
      -99.08114441813242,
      789.5038418268941
    ],
    [
      "DEB-A017C0F8",
      22.163038431383846,
      126.15617391213881,
      413.3230852343995
    ],
    [
      "DEB-55650190",
      -10.503249988584843,
      -35.361835198336266,
      863.0514898029487
    ],
    [
      "DEB-5D92A782",
      45.75647628833669,
      -106.16216479015178,
      529.0087791386277
    ],
    [
      "DEB-CB648A09",
      29.52992779034142,
      -103.84253950309564,
      577.0892812587817
    ],
    [
      "DEB-AAF381B0",
      -26.342878150231503,
      -77.3067951047854,
      735.087192885665
    ],
    [
      "DEB-FEA9BC09",
      -39.32951500778566,
      -54.05566373789367,
      685.0660595572808
    ],
    [
      "DEB-7603B5A7",
      29.832765167057012,
      -29.52861073044364,
      172.32884766906773
    ],
    [
      "DEB-4965177E",
      -9.367477701073257,
      -129.790943596833,
      593.791402410583
    ],
    [
      "DEB-387069C8",
      0.3319680124551785,
      -77.4489603680023,
      482.13564277802107
    ],
    [
      "DEB-4120EF9B",
      25.635818230698412,
      20.52389595118313,
      383.8439797351575
    ],
    [
      "DEB-6EB1770F",
      -14.720370668778264,
      -62.637827398152105,
      915.0862342238106
    ],
    [
      "DEB-3DEB555A",
      11.033407755846719,
      -17.794668459178315,
      601.80266487671
    ],
    [
      "DEB-AD364E88",
      -23.60155890506437,
      45.60139180079546,
      846.6332311387459
    ],
    [
      "DEB-7E61AE23",
      47.5101894756372,
      140.57941483155835,
      334.3303835518627
    ],
    [
      "DEB-B3401296",
      -22.146953016323113,
      -24.845410492672055,
      643.9692691882228
    ],
    [
      "DEB-D809BE8C",
      2.2411252168147713,
      -82.5803012318405,
      840.949396991874
    ],
    [
      "DEB-C7BD0689",
      14.641257263940377,
      -28.118277503332347,
      779.5838501334747
    ],
    [
      "DEB-D5286C36",
      69.26864624782314,
      87.22273857455414,
      804.5458080996277
    ],
    [
      "DEB-C7F40416",
      -33.76525614383608,
      18.701072711004112,
      580.5655173674841
    ],
    [
      "DEB-11607433",
      -27.766514133978227,
      -158.60851525780973,
      261.0348604276869
    ],
    [
      "DEB-CFFDCE75",
      -6.37509346356131,
      109.57515649735303,
      547.7695156521977
    ],
    [
      "DEB-E320E2CC",
      -75.43853813018266,
      30.919829859692793,
      127.67852463544841
    ],
    [
      "DEB-B927378A",
      -11.993166885718432,
      70.73726341867493,
      642.4931763301256
    ],
    [
      "DEB-827BDEFB",
      0.9220150835300026,
      -42.16218909315213,
      213.30859829414385
    ],
    [
      "DEB-178BFE39",
      -45.96268373029665,
      -148.4968449056929,
      251.95490702636835
    ],
    [
      "DEB-06E35F25",
      -25.77896948843931,
      -132.22201744627435,
      637.5684795137777
    ],
    [
      "DEB-574640A5",
      10.193656356117444,
      -72.84340480799838,
      522.288117256664
    ],
    [
      "DEB-988121EE",
      53.160293369686535,
      45.15269435076043,
      443.79666553628886
    ],
    [
      "DEB-18B0A655",
      -57.68748812687106,
      -131.54361054530244,
      350.9712787291446
    ],
    [
      "DEB-1E9F0CBE",
      38.36021400493422,
      -128.76163366035388,
      457.8477831904538
    ],
    [
      "DEB-0850B13D",
      -12.986015293223021,
      -165.04893308773865,
      218.4865848615391
    ],
    [
      "DEB-49764CFC",
      -51.42936952241907,
      76.82836047879485,
      649.2884236946347
    ],
    [
      "DEB-734B0493",
      17.329415955592125,
      92.06086643887116,
      231.02500114440318
    ],
    [
      "DEB-EC235F1E",
      48.73721005735637,
      -100.84542974534808,
      205.33690430125716
    ],
    [
      "DEB-3BE7B738",
      -56.753959720699086,
      137.29348983663326,
      157.95450814473588
    ],
    [
      "DEB-A63204C9",
      39.405266402642155,
      -179.09443576279165,
      243.9310727132388
    ],
    [
      "DEB-E5C0E0F1",
      69.5868635728762,
      -21.771555302735216,
      529.2424258475212
    ],
    [
      "DEB-D0EDEA14",
      42.25519494397228,
      -79.42645842971015,
      481.86513141237356
    ],
    [
      "DEB-00198618",
      6.728380134824597,
      -34.25492291355988,
      263.30503353948006
    ],
    [
      "DEB-89DC958D",
      58.440200287526395,
      -26.838260350795437,
      560.5520186149843
    ],
    [
      "DEB-E2FE7BC9",
      -13.892109660676448,
      115.41557985482112,
      392.778767113321
    ],
    [
      "DEB-9AEF391A",
      -43.25251409936841,
      -145.53358408204235,
      853.0599316239777
    ],
    [
      "DEB-08486E26",
      53.582184292395425,
      -22.670436918510195,
      126.91742292368144
    ],
    [
      "DEB-E58D202E",
      26.763451622568233,
      -5.670505706991944,
      755.5568126901826
    ],
    [
      "DEB-F251A4C5",
      33.74197718190663,
      155.39542788589992,
      266.18940645183375
    ],
    [
      "DEB-BAF1E435",
      -8.828865264560113,
      120.92707379182453,
      394.7909355742295
    ],
    [
      "DEB-5B4BE84E",
      39.96352076960431,
      154.86825294037504,
      282.28839977299504
    ],
    [
      "DEB-F83AC305",
      -25.568573840764078,
      -100.92293501414068,
      529.398192542887
    ],
    [
      "DEB-6F6B423A",
      35.78427958688069,
      -106.31525434145921,
      850.6699948558708
    ],
    [
      "DEB-3E464A2A",
      -44.853436719190185,
      90.54856200069678,
      558.1531192939547
    ],
    [
      "DEB-713305D6",
      3.720294602756523,
      -158.71625986702992,
      144.3843693448771
    ],
    [
      "DEB-0D27E35F",
      7.778142169981329,
      106.78413728843738,
      431.7689314761765
    ],
    [
      "DEB-DC0FA170",
      -57.40063411672394,
      36.56139912987875,
      729.3223521781592
    ],
    [
      "DEB-85B4B2BF",
      32.57912811129051,
      -111.83934734568024,
      505.43072616330846
    ],
    [
      "DEB-4D1ED135",
      -30.125218182370894,
      134.21401579234157,
      652.944709339582
    ],
    [
      "DEB-1DA61573",
      -50.66347007981794,
      157.51852213455382,
      343.6577026526411
    ],
    [
      "DEB-65A4296E",
      23.770400983208127,
      -170.7375482816894,
      278.32245542746205
    ],
    [
      "DEB-72A03987",
      25.96533313507318,
      -164.47956797020552,
      585.7999666184342
    ],
    [
      "DEB-1E45D5B1",
      31.04372457121046,
      106.23819361495809,
      623.3006169328683
    ],
    [
      "DEB-192C1F1D",
      33.257465436706184,
      61.19095543540817,
      234.8054335073184
    ],
    [
      "DEB-4B00C0BD",
      -79.99685656684758,
      -5.24857124474723,
      707.1937637726851
    ],
    [
      "DEB-F65EFA50",
      -18.957421455616217,
      162.88368130658762,
      278.6594297455513
    ],
    [
      "DEB-791B6E73",
      9.171587542156649,
      -33.56026128894863,
      183.1236656556548
    ],
    [
      "DEB-7859730B",
      41.463384521923366,
      152.06992576092622,
      175.06574653568168
    ],
    [
      "DEB-E334E720",
      70.61227257893314,
      -150.28135324087054,
      844.1319355524483
    ],
    [
      "DEB-AAB550B1",
      9.235978422355776,
      173.5570657136455,
      177.34633496977767
    ],
    [
      "DEB-DF63C290",
      19.26451584919638,
      83.63839712945638,
      562.3498635255064
    ],
    [
      "DEB-9A5730CA",
      19.42535899842857,
      -39.064152721593025,
      592.8632946368034
    ],
    [
      "DEB-BF8522E3",
      -42.64376074981996,
      -77.77722803462278,
      558.6850890018559
    ],
    [
      "DEB-222A7F07",
      -28.769618128018873,
      0.49874416137501726,
      680.9815793251946
    ],
    [
      "DEB-3AB2581F",
      36.59196393701366,
      108.73024655645834,
      539.1136613305243
    ],
    [
      "DEB-12784D42",
      -0.40599840642135715,
      122.57714217681436,
      677.541124222882
    ],
    [
      "DEB-D70E798C",
      -63.495797961156555,
      124.43656698371002,
      462.079958112382
    ],
    [
      "DEB-E794A3BF",
      13.147100274097566,
      9.280793857961745,
      296.2667222103664
    ],
    [
      "DEB-3FA95B0C",
      32.14647160183357,
      49.861114013945645,
      736.8966766447611
    ],
    [
      "DEB-0B0D0C32",
      -61.036442703476645,
      -158.02719291405424,
      692.5056321685561
    ],
    [
      "DEB-5E7982D1",
      -64.5287577606651,
      -161.08350477189592,
      684.4562859232865
    ],
    [
      "DEB-F9EB84AA",
      61.41470424550736,
      168.98800162437044,
      483.91369103358556
    ],
    [
      "DEB-853DABAF",
      -19.114833103970167,
      22.097820491499508,
      295.20986441138666
    ],
    [
      "DEB-BC62F89C",
      40.49188310806824,
      49.7348875572219,
      131.4118033763216
    ],
    [
      "DEB-424B23DB",
      -36.00900313548671,
      -90.95710479504841,
      628.3783967516247
    ],
    [
      "DEB-6F76BC7E",
      -5.185020234720104,
      -149.25661028316358,
      294.8940995262665
    ],
    [
      "DEB-729674D8",
      -76.48161680843347,
      113.83670513266912,
      373.11141048119134
    ],
    [
      "DEB-E16D3B9D",
      20.436409878878354,
      -32.45648830189124,
      774.4597770067539
    ],
    [
      "DEB-3DF9F32B",
      0.7726375331381651,
      -13.059099898401797,
      203.19932901771335
    ],
    [
      "DEB-0A893C7D",
      43.46395638226219,
      166.04950727112254,
      861.8237688075833
    ],
    [
      "DEB-8DAF5A63",
      48.66606374453708,
      -44.500671977461955,
      285.7660509987809
    ],
    [
      "DEB-464990F7",
      -59.5872865970989,
      127.8275208686183,
      682.1466912240157
    ],
    [
      "DEB-DF1C979E",
      -5.827152881698888,
      -115.69701428727414,
      794.5860350089042
    ],
    [
      "DEB-3CB20B66",
      -21.517201733283454,
      -33.76471538328343,
      647.4181774851668
    ],
    [
      "DEB-9741F204",
      -47.82577055707575,
      108.77576169191704,
      171.99722809920877
    ],
    [
      "DEB-0F4CD7D7",
      20.792848927624387,
      -52.35489623679677,
      268.6908144964118
    ],
    [
      "DEB-35591860",
      39.85400901439744,
      140.45113233620413,
      453.59344321312983
    ],
    [
      "DEB-CA65F0F8",
      45.69500783385561,
      -48.01500150732511,
      717.6186084311403
    ],
    [
      "DEB-157FF00B",
      -0.18169934597329854,
      -37.9330334546984,
      785.9151787023002
    ],
    [
      "DEB-184F6198",
      13.403353055191017,
      114.98991732014494,
      295.8270613262621
    ],
    [
      "DEB-58728817",
      -14.042952755782387,
      -144.2786690191876,
      482.44954097502796
    ],
    [
      "DEB-F8D6D7C6",
      -9.208503631653187,
      -174.95774269348405,
      622.5960472881461
    ],
    [
      "DEB-B0F5A596",
      52.14102990551395,
      20.89301239260902,
      922.6409523141192
    ],
    [
      "DEB-355455FE",
      -29.66191694290506,
      97.56750914986263,
      448.06773033582795
    ],
    [
      "DEB-D80A870B",
      11.502626701407024,
      -132.87182006840087,
      488.5513558974044
    ],
    [
      "DEB-9BFBB128",
      46.903016077008765,
      57.809165068665756,
      422.311104118141
    ],
    [
      "DEB-24BBACE9",
      22.92506216124167,
      -2.687106680709004,
      521.058077021612
    ],
    [
      "DEB-E68E0E1F",
      2.244144636252633,
      34.738161558548114,
      740.2397603722102
    ],
    [
      "DEB-85439560",
      0.054952872377781445,
      -23.20689749625556,
      170.18467540821257
    ],
    [
      "DEB-0A5C5A48",
      -11.142693714206292,
      -116.01069563344234,
      731.7054681138725
    ],
    [
      "DEB-8D8B71AF",
      28.285348635561736,
      143.11662610256712,
      715.5504112812278
    ],
    [
      "DEB-086D1DEB",
      9.75896417082444,
      -84.3958017148669,
      628.9624279753634
    ],
    [
      "DEB-444AC3A6",
      -65.59174591242183,
      -38.49145259598593,
      426.6319134495807
    ],
    [
      "DEB-A1AB7E62",
      13.05504588665766,
      166.27287056070824,
      657.6425418429999
    ],
    [
      "DEB-27123750",
      7.925968364153913,
      131.3155834816279,
      151.94237751782657
    ],
    [
      "DEB-8BF9E33B",
      -36.64293572191598,
      57.727253129463485,
      333.04227095901115
    ],
    [
      "DEB-55ABB2FE",
      55.398303614548965,
      -157.98515839035585,
      148.0615617745052
    ],
    [
      "DEB-26CEC249",
      23.060318017691305,
      -118.57247361183299,
      324.5784941887805
    ],
    [
      "DEB-E5EC366F",
      -22.730945386520737,
      135.3841509372782,
      509.72461847496197
    ],
    [
      "DEB-7E1003C1",
      29.04062319899706,
      -121.48424783205122,
      183.09255097725054
    ],
    [
      "DEB-DBBF56B3",
      0.5944297508042389,
      -79.86773108445078,
      519.7045397222728
    ],
    [
      "DEB-3449D472",
      -49.92959103080982,
      63.54396578861235,
      442.7939311170985
    ],
    [
      "DEB-AAE0CCB5",
      -37.34654149743773,
      174.35418127426266,
      183.12215470002138
    ],
    [
      "DEB-D24FAA78",
      -33.92902137174829,
      154.64185360584878,
      551.0480490803693
    ],
    [
      "DEB-C885BF83",
      -34.13392389459254,
      170.94531456249646,
      514.5677200111477
    ],
    [
      "DEB-8E2C5C54",
      67.13817721266989,
      8.65962477867555,
      486.70652456150947
    ],
    [
      "DEB-89F342D5",
      -1.2286515582733963,
      -94.09191751663985,
      170.5917622902689
    ],
    [
      "DEB-F2D82998",
      6.329367095709976,
      -123.38708050280331,
      835.1404673497227
    ],
    [
      "DEB-14180697",
      -59.49286899879392,
      -24.73550202122006,
      342.36496813218037
    ],
    [
      "DEB-036CB26D",
      -6.47450317833079,
      -63.21375402495158,
      596.9178471644009
    ],
    [
      "DEB-FFE4C65D",
      -24.2109359989329,
      -65.19809268696991,
      386.5933615952754
    ],
    [
      "DEB-F02D8584",
      -60.02470640919349,
      -143.8795066379983,
      228.36679353213185
    ],
    [
      "DEB-B226417D",
      24.4355916782573,
      45.00454374351915,
      673.1212652852628
    ],
    [
      "DEB-333F2B40",
      -42.21694625615976,
      -99.13777895186253,
      408.9602639929035
    ],
    [
      "DEB-AEB33BC2",
      7.849636641547972,
      78.84252217701322,
      721.8416059860829
    ],
    [
      "DEB-A590ACE4",
      18.17128982276243,
      -60.55700299975364,
      768.0398713262075
    ],
    [
      "DEB-F1775B11",
      -55.174191417052874,
      97.30386231797185,
      654.7394342187908
    ],
    [
      "DEB-82C393F2",
      38.6068604183907,
      117.0386827043062,
      329.9424663354057
    ],
    [
      "DEB-7E4D4798",
      27.102085649804483,
      67.36816334152647,
      194.8967844908493
    ],
    [
      "DEB-60A54D13",
      -7.029876281989285,
      -13.13665556461415,
      193.6854508032493
    ],
    [
      "DEB-728F3AD1",
      32.65411093697386,
      -160.34903108383637,
      300.4309890671493
    ],
    [
      "DEB-AC55DA4B",
      35.25328930837909,
      123.88309197279345,
      851.7126999159618
    ],
    [
      "DEB-5C64674E",
      38.030886217513384,
      -89.19604324301379,
      604.319500248479
    ],
    [
      "DEB-D24ABD22",
      28.64822803624643,
      51.22238999153264,
      309.7967197732287
    ],
    [
      "DEB-0FA49F00",
      -30.802083501864484,
      132.44216269262486,
      365.21100595982807
    ],
    [
      "DEB-B01427CE",
      -9.068575673543602,
      66.73840031805932,
      597.2529288864635
    ],
    [
      "DEB-16AFBEB8",
      26.52272688995661,
      -47.03054034740769,
      739.7895255759759
    ],
    [
      "DEB-29EF4884",
      59.213561187820346,
      159.2071982839289,
      462.0050270610236
    ],
    [
      "DEB-44E2E7D1",
      15.025961758120586,
      -177.86081136849052,
      334.17271097956836
    ],
    [
      "DEB-CEEDB16C",
      -27.35844874060154,
      46.8024198451607,
      359.0722931584587
    ],
    [
      "DEB-40D37829",
      -2.898790311305729,
      -130.57802177389487,
      122.53703168158245
    ],
    [
      "DEB-E7C8B063",
      -20.228551297835633,
      -19.309716927781658,
      571.4713873884311
    ],
    [
      "DEB-3BC65F60",
      -46.122097564472,
      -52.7298857896606,
      672.4551209379724
    ],
    [
      "DEB-A8367A11",
      66.92421938551821,
      49.533572808852156,
      448.8392535225621
    ],
    [
      "DEB-40B8F85F",
      41.215860907743476,
      -88.0999414135098,
      257.49772409958405
    ],
    [
      "DEB-A9533F07",
      13.808271512682353,
      -157.24970914692508,
      569.2833461053997
    ],
    [
      "DEB-6A7B97DF",
      17.080394980157813,
      -53.83602813644726,
      472.77137977741586
    ],
    [
      "DEB-943BC4F3",
      0.3924271066480186,
      70.31240857389659,
      702.830278220622
    ],
    [
      "DEB-7B0EAF13",
      62.4173691562295,
      -2.9766756878835374,
      221.76506579206307
    ],
    [
      "DEB-4B60AA26",
      -58.871204368176755,
      153.37681492967116,
      370.9070101971938
    ],
    [
      "DEB-3A449742",
      -24.337101913615342,
      95.47009514820927,
      186.59653658202114
    ],
    [
      "DEB-BA0A3085",
      -2.1400022331788486,
      -165.10789471456008,
      925.0992648274905
    ],
    [
      "DEB-4ED3B513",
      2.78261998654544,
      53.633726462513884,
      839.881296195581
    ],
    [
      "DEB-B48BAE30",
      -23.31729978243579,
      -20.479398470961023,
      474.50094721557707
    ],
    [
      "DEB-41A0358E",
      35.55724953469746,
      -111.00212768891234,
      528.7794425219172
    ],
    [
      "DEB-3F757F05",
      33.62730716539373,
      87.97929408069426,
      667.3525891763647
    ],
    [
      "DEB-743251B2",
      -18.594967105501993,
      142.60550195441357,
      691.5739064680729
    ],
    [
      "DEB-9C04BACE",
      -47.413571271959206,
      128.43284790540713,
      874.617562618525
    ],
    [
      "DEB-6FD05A1B",
      68.71265070829983,
      154.28499030742978,
      524.1625603588327
    ],
    [
      "DEB-8927E52B",
      32.64142670088542,
      124.8282682866024,
      716.2698677389653
    ],
    [
      "DEB-D2493FA4",
      49.34109434634948,
      -112.82981547479433,
      712.2923068072996
    ],
    [
      "DEB-6177EDA5",
      -66.08850860597556,
      13.990618848688264,
      424.1184365235513
    ],
    [
      "DEB-1F9466FA",
      66.21168795615253,
      -130.12346376033398,
      836.3154210950161
    ],
    [
      "DEB-6FDFF7E4",
      -5.896613969119403,
      -118.64734784781682,
      366.4946062927838
    ],
    [
      "DEB-783F33CA",
      29.094596483500688,
      179.0693032733089,
      436.0120228628448
    ],
    [
      "DEB-2AE47429",
      66.73600368740767,
      177.3492151735454,
      173.75851116464491
    ],
    [
      "DEB-BC75767D",
      23.4007408229566,
      -135.71570841811098,
      746.4587245973253
    ],
    [
      "DEB-C2ED47BD",
      85.3198354046072,
      -134.51463841928754,
      571.1761005738663
    ],
    [
      "DEB-F6A5D280",
      61.99742503601326,
      -126.17378667576706,
      359.91916277438486
    ],
    [
      "DEB-3AE6A98C",
      45.06253736981204,
      24.968683830959975,
      725.5177253346474
    ],
    [
      "DEB-DDB8F4BC",
      42.177143834965335,
      84.89301415190997,
      812.04233254277
    ],
    [
      "DEB-308F3C16",
      68.66449723226482,
      66.10734922357851,
      303.260544319317
    ],
    [
      "DEB-F0C62D43",
      50.28256544198222,
      -48.14902489265282,
      811.6183897821475
    ],
    [
      "DEB-5C5F53E3",
      2.4307115262012564,
      178.8952314190008,
      426.42107657777524
    ],
    [
      "DEB-411C7FED",
      -12.475907376651637,
      8.025537246735304,
      638.7452629842373
    ],
    [
      "DEB-DE90D476",
      24.226827156193398,
      -159.61460626858238,
      717.9612828443351
    ],
    [
      "DEB-40D8134C",
      -51.14949769226904,
      -43.71464888719781,
      467.79935812384883
    ],
    [
      "DEB-16D49C21",
      54.115294326484566,
      103.35679972472933,
      180.71033860938314
    ],
    [
      "DEB-3F19E2C8",
      -32.04147515596487,
      37.19917812771574,
      884.9102433451944
    ],
    [
      "DEB-9442AF88",
      21.16590471593919,
      -6.072114500665184,
      283.9777590176227
    ],
    [
      "DEB-E87362BF",
      -1.531866045640509,
      34.2247490742616,
      156.7822699354174
    ],
    [
      "DEB-213C4D22",
      33.319899736409944,
      56.479040804448104,
      187.17003678430956
    ],
    [
      "DEB-93F6F030",
      29.713036944105944,
      -177.0671952004283,
      301.19659613456315
    ],
    [
      "DEB-869D172F",
      18.764004981332594,
      140.0635277143756,
      917.9730268845633
    ],
    [
      "DEB-50209FD8",
      37.31381250409732,
      86.04093491314873,
      582.3045005268568
    ],
    [
      "DEB-7C697342",
      -49.96075602645843,
      -124.15347079596087,
      638.1830924626329
    ],
    [
      "DEB-E98B4E36",
      56.97617089417382,
      149.62992566808248,
      776.8437209302083
    ],
    [
      "DEB-A6EAA70A",
      -33.12406526606217,
      84.90585769048127,
      431.22535915548997
    ],
    [
      "DEB-F82C00A8",
      -26.29848267877433,
      -61.13831371028996,
      128.6300217074231
    ],
    [
      "DEB-61A63848",
      -54.78050015687694,
      79.00473066063425,
      442.75356268902397
    ],
    [
      "DEB-03F7065E",
      -15.379612548395576,
      -129.78493354901465,
      541.747796402783
    ],
    [
      "DEB-8786AFE9",
      5.9101691266748215,
      -84.43455251636722,
      510.3721330527205
    ],
    [
      "DEB-140B9B39",
      17.54086497524909,
      -40.69424757966316,
      593.3932621369831
    ],
    [
      "DEB-7D6A1670",
      -8.449736083591134,
      28.41061676695458,
      775.1222226960135
    ],
    [
      "DEB-F7AD8484",
      -41.96237299840916,
      -22.506818825358998,
      427.2685061146267
    ],
    [
      "DEB-EBB0B9A3",
      41.402084668581786,
      51.477511130247954,
      227.43700625804922
    ],
    [
      "DEB-70854D97",
      45.161016239116584,
      146.80558338882145,
      670.6739939782747
    ],
    [
      "DEB-37F0E5D6",
      27.1333187348832,
      -83.17802339514641,
      511.3601683414063
    ],
    [
      "DEB-E0AA32E5",
      19.2942986288958,
      41.11200799966748,
      829.9809242831407
    ],
    [
      "DEB-9B6B59BF",
      -41.99388859326484,
      -165.22817576599877,
      723.4138616104965
    ],
    [
      "DEB-27DD8F8D",
      -67.20488169187972,
      -6.66317909487424,
      840.390424287847
    ],
    [
      "DEB-0F07C521",
      -48.57518626589353,
      51.816157655521486,
      212.04577341262484
    ],
    [
      "DEB-8EF4BD19",
      -1.2480018206771795,
      150.0448636319416,
      397.97457118360035
    ],
    [
      "DEB-3F98584A",
      -32.620790362302515,
      -44.33046502861758,
      773.7589488922031
    ],
    [
      "DEB-1643AE62",
      -12.826501769787782,
      -136.32414794457398,
      585.5319074192976
    ],
    [
      "DEB-41294A03",
      -42.92536638614281,
      86.01167699643972,
      902.7517859770778
    ],
    [
      "DEB-19A7991A",
      55.8253140831886,
      22.448984671732955,
      445.3881379254035
    ],
    [
      "DEB-ED90276F",
      30.85761530439604,
      -57.93098523013399,
      892.6982716582806
    ],
    [
      "DEB-A7359CEB",
      -31.88394612614354,
      167.02791650104692,
      846.8668206028588
    ],
    [
      "DEB-BFD163EF",
      78.95370070519978,
      -88.75829854908808,
      666.0956493868143
    ],
    [
      "DEB-81A30302",
      -10.666531357674096,
      -96.1562242162979,
      456.99149055180715
    ],
    [
      "DEB-AC030A56",
      -20.780599598966226,
      65.76513964159933,
      471.24470752964226
    ],
    [
      "DEB-E7A4B4CF",
      37.222937289443905,
      -100.62653385658277,
      774.7219869541896
    ],
    [
      "DEB-57F7D512",
      44.572280962853895,
      40.89708360761954,
      300.5053692618794
    ],
    [
      "DEB-AF843C2C",
      8.092813419514803,
      -146.9016956042781,
      358.821119184262
    ],
    [
      "DEB-38C223B1",
      45.27146359412275,
      -78.97317101178224,
      348.8434886492232
    ],
    [
      "DEB-C51609CB",
      -25.97622920372858,
      -113.19351590719009,
      903.8557360502064
    ],
    [
      "DEB-86678ABC",
      -27.615317444049044,
      -24.146186205577184,
      840.4299472886232
    ],
    [
      "DEB-62D6A262",
      -4.431601293819606,
      157.70476068456523,
      559.5650272843604
    ],
    [
      "DEB-AA5D04E9",
      36.67097903615972,
      -5.938928800919304,
      263.652891267865
    ],
    [
      "DEB-CBC9E6F5",
      3.0307943529277073,
      -85.22428562695309,
      174.91195134746613
    ],
    [
      "DEB-D8E65BA4",
      -3.8421124941799296,
      174.5670674354279,
      468.1130391500719
    ],
    [
      "DEB-6CE2DCF7",
      49.87805788588407,
      30.718379576677417,
      708.4056171215452
    ],
    [
      "DEB-87ABDB6F",
      9.100187692249364,
      31.24650688641104,
      607.354110315674
    ],
    [
      "DEB-31D095A2",
      -37.72351384558197,
      -100.960440133785,
      335.67664694158884
    ],
    [
      "DEB-92D2F84B",
      -47.74117912347386,
      54.54896384467249,
      514.4704759842571
    ],
    [
      "DEB-121B01CE",
      -52.249129640839264,
      159.53554145270866,
      622.6387493980374
    ],
    [
      "DEB-AED46250",
      -26.405697131572808,
      -61.55714511274044,
      435.9828312087575
    ],
    [
      "DEB-EA8CF393",
      -54.52770715593258,
      -107.32547108722721,
      466.29132395476336
    ],
    [
      "DEB-DAC8E2D5",
      -39.71583012150021,
      -16.701903826282518,
      529.3662192773645
    ],
    [
      "DEB-0073106C",
      44.173862655142365,
      74.56537119518268,
      228.79746970689484
    ],
    [
      "DEB-FDFA4D47",
      -29.934165946938425,
      156.36995560522337,
      750.8858491318433
    ],
    [
      "DEB-F3AF95FB",
      -9.39475233863195,
      145.47880800054364,
      210.90535887044916
    ],
    [
      "DEB-DCD3C50A",
      49.77341187293805,
      -128.47266351123702,
      284.54800061158676
    ],
    [
      "DEB-CF8B8959",
      -41.11960551284236,
      116.23847190513116,
      486.11982928490306
    ],
    [
      "DEB-D1DFA8C1",
      -29.132516828182116,
      115.59518822463497,
      229.48605499205314
    ],
    [
      "DEB-DB69735E",
      36.34404994009587,
      7.607240955230777,
      113.75954809892846
    ],
    [
      "DEB-1A391B61",
      39.36774533800375,
      -39.2896608439522,
      631.647141415664
    ],
    [
      "DEB-03429156",
      5.8792893902501895,
      -8.601499399176596,
      450.50492461444446
    ],
    [
      "DEB-1714C801",
      -56.15638934201969,
      100.06614789585781,
      548.2907075470857
    ],
    [
      "DEB-5DF976B8",
      51.048040368418924,
      74.76104047951297,
      726.8908438580411
    ],
    [
      "DEB-0AA95423",
      37.41024029389017,
      119.97300500423084,
      712.1864345025151
    ],
    [
      "DEB-F7D61EC8",
      -47.33358851334655,
      137.40573704392352,
      663.6363275723388
    ],
    [
      "DEB-8471A354",
      -6.841694604385763,
      37.604770996231736,
      474.2564834194354
    ],
    [
      "DEB-B0CBF7D1",
      27.161795922658804,
      -175.39555935568004,
      416.1400831443607
    ],
    [
      "DEB-376FB433",
      3.7123020030139986,
      -86.40991732933136,
      401.0559847298
    ],
    [
      "DEB-80A83AAC",
      -69.29565202657895,
      -113.67647104141025,
      158.0398582657208
    ],
    [
      "DEB-6AC8C766",
      -12.079611600157396,
      -102.53367557024733,
      239.17439034417748
    ],
    [
      "DEB-C077CFD8",
      -8.435090568878426,
      11.703214178898785,
      445.7263574621729
    ],
    [
      "DEB-FCE6CFB3",
      -33.925533479252316,
      -64.07986678190562,
      323.9288052665852
    ],
    [
      "DEB-56DFA633",
      -63.851792052285965,
      111.68333715277966,
      594.327409993426
    ],
    [
      "DEB-E4DDF57A",
      59.426841362060216,
      118.37756380601981,
      249.86827871477726
    ],
    [
      "DEB-59A0E473",
      17.586341156867736,
      -167.40503704486954,
      296.47577819347407
    ],
    [
      "DEB-DDA24BB8",
      18.20597130999321,
      -156.38406725273813,
      404.2042100424269
    ],
    [
      "DEB-67EEBC30",
      -60.648397208946605,
      -14.064524400565594,
      585.2862481168941
    ],
    [
      "DEB-E1D1621D",
      83.09056179804338,
      -80.90378632999712,
      428.09203092591633
    ],
    [
      "DEB-951AD1A8",
      14.270289091785891,
      171.33083295140187,
      148.0056421481513
    ],
    [
      "DEB-3C22E173",
      41.89012103546675,
      84.23067576041949,
      584.0140016611022
    ],
    [
      "DEB-78F1054A",
      65.56972423163992,
      -15.388461766851957,
      440.941127124589
    ],
    [
      "DEB-EAF4DF4B",
      -53.51079671957914,
      24.72979324609682,
      859.1801395359917
    ],
    [
      "DEB-2E52E907",
      -13.480777329908793,
      -140.85746036272647,
      116.43851050754893
    ],
    [
      "DEB-528F9135",
      23.356471523666148,
      -5.3241493975164085,
      248.3512734385813
    ],
    [
      "DEB-5AE60DB4",
      -1.7419469349854035,
      102.89148891400765,
      136.75619912293223
    ],
    [
      "DEB-B3D70588",
      20.227239572389465,
      107.3062738856644,
      145.08277435846594
    ],
    [
      "DEB-91E1DB56",
      -0.6884676479702257,
      -28.828189399207506,
      665.2670243232697
    ],
    [
      "DEB-BB8EABFA",
      -16.777714449591784,
      119.28600509414812,
      243.43756290106376
    ],
    [
      "DEB-5AABF3EE",
      13.754391281708568,
      140.87078667021598,
      494.31493877513003
    ],
    [
      "DEB-73B90D92",
      -0.3770403850829028,
      -4.3128439171251225,
      876.658751214276
    ],
    [
      "DEB-78354D22",
      29.380684231359183,
      -76.35272940046764,
      517.2243199144477
    ],
    [
      "DEB-A220E8EA",
      26.004893483159464,
      -109.23777701270018,
      523.3190513510854
    ],
    [
      "DEB-071AEAFF",
      -25.852657604547574,
      -86.27315210305362,
      403.22714647359953
    ],
    [
      "DEB-219F324A",
      -38.780943617984505,
      -15.773656463469036,
      119.17844657218211
    ],
    [
      "DEB-7DA73A3C",
      -28.834204267880033,
      114.78829872583006,
      589.9273283388557
    ],
    [
      "DEB-6F635ABA",
      0.5832842756324458,
      106.10676463151712,
      745.8861515526005
    ],
    [
      "DEB-45762919",
      -45.36948683421375,
      -64.91936366884524,
      644.432774674272
    ],
    [
      "DEB-FBD31CCA",
      -44.8293345237829,
      78.82054365423107,
      259.021857718978
    ],
    [
      "DEB-C3E310D8",
      58.7200559632583,
      128.8501435050699,
      332.0718175196889
    ],
    [
      "DEB-01ABB60A",
      -23.123684029418985,
      -138.47550786894035,
      204.50785465265653
    ],
    [
      "DEB-6291653B",
      -4.295971792063896,
      -122.60576300092187,
      755.4829636616287
    ],
    [
      "DEB-EE2E80D4",
      -20.91015814123986,
      122.6202899205745,
      324.31858833439765
    ],
    [
      "DEB-59CEE271",
      55.422926761055244,
      -138.85806818618224,
      266.2425398455507
    ],
    [
      "DEB-89F1CC4D",
      -27.98846112590707,
      148.32348687357816,
      134.7291324720063
    ],
    [
      "DEB-068FD3D4",
      -11.838257770064105,
      -86.25783652570337,
      347.03837137610844
    ],
    [
      "DEB-F1BB905A",
      -19.6118236524663,
      89.80578054533997,
      829.7413278037939
    ],
    [
      "DEB-E064A44F",
      62.750379158555546,
      -104.04448305394419,
      907.6713105696381
    ],
    [
      "DEB-186689AF",
      10.950916669169338,
      75.06204927375568,
      421.30197465666697
    ],
    [
      "DEB-D60A2CD0",
      -65.23120220188574,
      -92.49432428679359,
      520.599944246429
    ],
    [
      "DEB-4A1E72B7",
      43.28629176621188,
      114.04491285122405,
      485.04198712486595
    ],
    [
      "DEB-68E46F84",
      -11.624704430198067,
      7.761040376367434,
      583.4344713271721
    ],
    [
      "DEB-02F0B8A8",
      1.3395692562284722,
      142.0341245081027,
      183.41667122956187
    ],
    [
      "DEB-3ADA1FE0",
      86.8713092967207,
      -55.500256502935294,
      265.6814617881182
    ],
    [
      "DEB-708A38D7",
      30.00125441702912,
      -155.10945163367603,
      267.4580949187075
    ],
    [
      "DEB-FDC68EFE",
      -72.85948417083118,
      111.68051711326751,
      810.2226982899347
    ],
    [
      "DEB-6A225927",
      73.98180714312122,
      66.11189525982915,
      506.6563367590634
    ],
    [
      "DEB-71A89EE0",
      -2.3210503897309276,
      -167.18756043075766,
      722.6185993043118
    ],
    [
      "DEB-A772A594",
      4.426956570251851,
      -55.71176646694866,
      283.2423516142326
    ],
    [
      "DEB-59884752",
      -11.348286461604586,
      101.89902081440438,
      670.2594013649586
    ],
    [
      "DEB-2871EC99",
      52.83158965081907,
      2.446606050144377,
      325.38604154215227
    ],
    [
      "DEB-91764D31",
      25.826647585005315,
      31.08315562596308,
      338.351740966129
    ],
    [
      "DEB-41D968FF",
      9.034540476114678,
      20.048166012240618,
      457.1503367766527
    ],
    [
      "DEB-F61C1640",
      -24.178460853453817,
      14.688570681626187,
      578.4445032665826
    ],
    [
      "DEB-B0FC025B",
      26.06791245452104,
      -177.41263433642283,
      480.29794345918344
    ],
    [
      "DEB-07EEBBAE",
      60.00549339733911,
      -60.599879544708905,
      671.7784694884858
    ],
    [
      "DEB-F9085A9C",
      4.116081426953085,
      35.96130723098705,
      486.2308958933954
    ],
    [
      "DEB-9E97C857",
      -29.07781635842207,
      153.22690881634708,
      328.98369708866994
    ],
    [
      "DEB-92C62AD9",
      -8.33275933080421,
      -142.14580104281978,
      338.7466103289089
    ],
    [
      "DEB-4E4C5B7F",
      -20.432509508332846,
      -52.398445485729944,
      818.8747154997709
    ],
    [
      "DEB-D750D5CA",
      -33.7905911313593,
      141.7935268489322,
      872.3458126405958
    ],
    [
      "DEB-E9ED8FDE",
      23.120294495180136,
      168.4865919595076,
      437.7865237696142
    ],
    [
      "DEB-FF7B6BCF",
      -39.605962578647684,
      27.741242064702725,
      288.6705339012742
    ],
    [
      "DEB-CAC75389",
      20.22992007513672,
      -163.71432958207677,
      579.5944304232735
    ],
    [
      "DEB-756FD7EA",
      8.684919595231985,
      -136.97516943284975,
      442.26431174758545
    ],
    [
      "DEB-47B5B9B2",
      29.077031021484636,
      19.47876990558689,
      770.5833208599006
    ],
    [
      "DEB-76BEC82E",
      -32.656400871203665,
      -135.27109414296444,
      828.259647170893
    ],
    [
      "DEB-0853E639",
      -15.87432677854357,
      -67.21685243006849,
      804.1753302477455
    ],
    [
      "DEB-21AE2655",
      15.013612681563597,
      145.48365973442426,
      518.0123864101442
    ],
    [
      "DEB-AD5387E3",
      37.39976530386383,
      94.30906832362875,
      782.5351565980218
    ],
    [
      "DEB-AFD60865",
      10.288995842288958,
      -1.120881178678032,
      334.29931935706827
    ],
    [
      "DEB-B7A4588B",
      31.845308380068435,
      26.382135692627713,
      347.7304104138566
    ],
    [
      "DEB-B6EFD89B",
      -0.6988500560586085,
      74.43842324604466,
      373.3440805507671
    ],
    [
      "DEB-AB9AFAFB",
      53.34893324077999,
      -105.54510665108222,
      870.8972173606007
    ],
    [
      "DEB-4B8E5BFE",
      -19.981444706704885,
      -18.506529042380766,
      375.81010767151747
    ],
    [
      "DEB-786F63C1",
      31.86816425305066,
      161.2253752626839,
      774.129789814574
    ],
    [
      "DEB-388CD6B2",
      2.414198865257897,
      118.68553947169721,
      409.76933784913217
    ],
    [
      "DEB-2B917239",
      -49.8445968483946,
      -68.36494490708782,
      685.7469353579045
    ],
    [
      "DEB-F475888C",
      20.827563287106198,
      152.34111514491912,
      924.1086722257032
    ],
    [
      "DEB-0F9727B3",
      23.95440916769398,
      -1.1436863581614476,
      836.3015094886796
    ],
    [
      "DEB-F5B8837A",
      69.3565459148989,
      175.86580177592302,
      286.3570722528548
    ],
    [
      "DEB-26E48EC6",
      15.41696413195154,
      -146.88803597165332,
      618.4185665736004
    ],
    [
      "DEB-57FF1339",
      44.02726447681286,
      -64.87991192848524,
      214.12814230424374
    ],
    [
      "DEB-209DE4E9",
      -64.29125738252755,
      -171.4711992452771,
      412.9382380691086
    ],
    [
      "DEB-E38BF492",
      16.06965838711749,
      -26.90572414672653,
      249.83472353622165
    ],
    [
      "DEB-7F7A5152",
      38.33553098269308,
      -128.63540206174957,
      785.5793072367524
    ],
    [
      "DEB-DD45A397",
      -14.88339746242072,
      14.508795964190853,
      712.939072562307
    ],
    [
      "DEB-FB6370FE",
      66.81097133075406,
      -140.8853400837558,
      733.0172665250939
    ],
    [
      "DEB-7DF6002B",
      2.2607665741407095,
      134.23046957789086,
      825.5612963187477
    ],
    [
      "DEB-E3DCE5A1",
      47.02048126759848,
      -31.05312994446708,
      872.0632535806226
    ],
    [
      "DEB-D0CE2B61",
      17.173714862829982,
      -78.83601900918619,
      441.5187252448195
    ],
    [
      "DEB-62D46023",
      -9.447406348082648,
      -144.63680301277986,
      537.7483614980911
    ],
    [
      "DEB-A6993E17",
      -54.43014545614414,
      -94.30097607442457,
      734.7567274065541
    ],
    [
      "DEB-881DB99F",
      13.45676832247525,
      -116.76109348452927,
      662.4084898751789
    ],
    [
      "DEB-A71FCE4A",
      36.00370097380247,
      -95.05053820299403,
      466.60008395070236
    ],
    [
      "DEB-F7962B0A",
      29.463508769132403,
      -2.863225095629749,
      511.1790234422788
    ],
    [
      "DEB-3E7DA5CF",
      0.4921571872308416,
      -116.6424327429039,
      303.1419833140362
    ],
    [
      "DEB-B3887C6A",
      -32.45357607653926,
      155.837264604543,
      903.456034740304
    ],
    [
      "DEB-1F8758B6",
      -51.97596483612393,
      -43.9824228134201,
      211.19750237476364
    ],
    [
      "DEB-35DAA2E6",
      34.52578187723568,
      45.30254171191771,
      632.8858595606589
    ],
    [
      "DEB-4626C8A8",
      -9.760208839638889,
      52.742585203786334,
      786.5073322008493
    ],
    [
      "DEB-59EA0983",
      25.475295643127804,
      -161.415862766214,
      528.5481274835529
    ],
    [
      "DEB-E8A2D949",
      1.3230321195491963,
      -158.42106842509187,
      877.285712112036
    ],
    [
      "DEB-9CD5EC57",
      -49.319816103271485,
      144.747271314065,
      491.04052666986627
    ],
    [
      "DEB-10236308",
      -20.6771246672189,
      -162.77454500228677,
      338.9877248766861
    ],
    [
      "DEB-7AF5A001",
      49.95192835404534,
      51.583348560751034,
      793.2887253190511
    ],
    [
      "DEB-F3F10503",
      -27.817057841643425,
      92.14559669990203,
      921.6496061509415
    ],
    [
      "DEB-7C408D6E",
      1.2780534534712313,
      -164.19692100815502,
      217.21991868046734
    ],
    [
      "DEB-F6FB1DB1",
      42.23499531683906,
      -157.20566533970467,
      817.9994020868799
    ],
    [
      "DEB-0D3D1BFD",
      -1.2846007675265771,
      0.9266109170908388,
      578.8225579608343
    ],
    [
      "DEB-14D7BFDD",
      0.14481413758196968,
      115.3603283929683,
      732.4294808473542
    ],
    [
      "DEB-ECCD3EAF",
      8.133704846962052,
      -103.05663519809323,
      663.2545640972166
    ],
    [
      "DEB-F530AD30",
      23.304847861008067,
      109.36457185678451,
      331.90270948803027
    ],
    [
      "DEB-694A43EF",
      73.11504828915312,
      -6.74796917053718,
      872.367647488958
    ],
    [
      "DEB-6F4CEA14",
      7.388992113771071,
      144.17964576555963,
      840.4507835427175
    ],
    [
      "DEB-6D233CDA",
      -50.454040150871585,
      -177.27229988466868,
      298.9409727995053
    ],
    [
      "DEB-2670F196",
      -34.41490753527951,
      -6.4823546132721015,
      655.6821282560186
    ],
    [
      "DEB-8683E60F",
      37.582981775258474,
      135.2292237086499,
      229.45855239957928
    ],
    [
      "DEB-EF3454CB",
      -21.810233465048913,
      82.87753167839116,
      857.6482999679129
    ],
    [
      "DEB-19DC9606",
      -1.9476829199422483,
      149.80795164731185,
      579.6558324391926
    ],
    [
      "DEB-E0E7A352",
      2.938980936434024,
      116.66242313961187,
      330.5090278427242
    ],
    [
      "DEB-5AE597DC",
      7.910844326374699,
      -0.14478957288463698,
      750.194166371115
    ],
    [
      "DEB-C48EB9EF",
      65.80649373808227,
      59.29719573496287,
      653.4223411414678
    ],
    [
      "DEB-184ED405",
      54.988313983517195,
      160.24363417694366,
      389.3466196781337
    ],
    [
      "DEB-96C28391",
      -25.88146739131033,
      -100.55424736817186,
      547.6067003013031
    ],
    [
      "DEB-5162878A",
      78.48007556227257,
      -30.981344037064286,
      768.8128083091015
    ],
    [
      "DEB-CD49FAC1",
      -15.77134478063727,
      -78.07055442440544,
      429.7775869814541
    ],
    [
      "DEB-CA7047E4",
      0.06403782955060143,
      -165.81110005938027,
      621.5749791270582
    ],
    [
      "DEB-28E412EC",
      -16.56724668289663,
      52.145102083605394,
      290.70378777705446
    ],
    [
      "DEB-33C0C371",
      -78.02917854848504,
      26.659425622984145,
      730.687079500176
    ],
    [
      "DEB-0EF5C067",
      -4.016317642662303,
      -108.16556484074057,
      525.4380073361981
    ],
    [
      "DEB-68AA369C",
      38.72457330510779,
      41.223722552214774,
      569.1927270926471
    ],
    [
      "DEB-52DE6220",
      -59.84892615665986,
      -135.05537911747427,
      413.7550266567987
    ],
    [
      "DEB-07203CDF",
      -40.116004811581,
      -56.1632612890089,
      534.2595047748109
    ],
    [
      "DEB-097CC696",
      14.30857689336224,
      6.388199111911048,
      540.4270931530418
    ],
    [
      "DEB-287B09D3",
      -40.654866264044855,
      -160.4436217999278,
      661.9822560522989
    ],
    [
      "DEB-FA014F85",
      21.47732300151864,
      -128.3354972333766,
      428.59530964149144
    ],
    [
      "DEB-96AF5A2A",
      -63.024821346483805,
      -154.87759911485895,
      283.68864116741315
    ],
    [
      "DEB-BBBD9EBF",
      32.76144956551651,
      112.81211062715921,
      140.5784559162248
    ],
    [
      "DEB-AAE5CD7C",
      22.561334499878324,
      -146.5419790013302,
      891.6548051268173
    ],
    [
      "DEB-B3AF9606",
      8.897725860327464,
      -43.46060865646543,
      287.7256873263141
    ],
    [
      "DEB-B2B38715",
      -16.961334245446825,
      -74.0692482993567,
      464.3184703752595
    ],
    [
      "DEB-2F4BC1C8",
      -45.14310686612252,
      -151.79101945624592,
      140.67205409488452
    ],
    [
      "DEB-49233FC4",
      54.865039937092405,
      -133.4583612917002,
      739.3036362038501
    ],
    [
      "DEB-5691C059",
      38.54878341086623,
      128.44594573434586,
      397.7731739344372
    ],
    [
      "DEB-582BE86E",
      41.29854120482552,
      49.94741527483058,
      582.859422066721
    ],
    [
      "DEB-13FE8F8B",
      -40.15425674450601,
      -149.56525027339362,
      489.2889635333977
    ],
    [
      "DEB-2EE32181",
      6.445402913706075,
      -145.18232160332713,
      682.6434499647976
    ],
    [
      "DEB-28EAA592",
      60.38081050770128,
      161.49241606692527,
      506.8829293123763
    ],
    [
      "DEB-A611B028",
      23.805118104307414,
      -176.27774628934637,
      772.9272905989892
    ],
    [
      "DEB-D9E41CF0",
      49.95165457255236,
      61.351719609874465,
      889.2028434722497
    ],
    [
      "DEB-8476D02A",
      12.099604267062185,
      -137.77930693855274,
      652.6179059570704
    ],
    [
      "DEB-FA1B86AE",
      2.1435861935560268,
      -128.0163641585836,
      497.6692873110196
    ],
    [
      "DEB-F599E5C6",
      -61.222548998427975,
      -86.24745090311418,
      679.3619180538071
    ],
    [
      "DEB-D0D428FD",
      -12.26077553749507,
      68.78487385139412,
      891.5158315731205
    ],
    [
      "DEB-6EBC225B",
      -85.94675963513289,
      -117.1721855980961,
      530.6382190752956
    ],
    [
      "DEB-90DC9429",
      12.938183988564692,
      5.944657710274746,
      484.8441862955751
    ],
    [
      "DEB-4FEDA99E",
      -17.62342476605839,
      58.14063269796275,
      366.446833768111
    ],
    [
      "DEB-A78B9655",
      -53.309032213738526,
      -78.35971043301805,
      837.3213041066638
    ],
    [
      "DEB-A8B5C787",
      21.7177367588556,
      171.49172177580564,
      443.1624378263987
    ],
    [
      "DEB-097E1D89",
      5.665821671819824,
      142.21131687633977,
      274.28739012332153
    ],
    [
      "DEB-2BA00372",
      -29.386198973953306,
      66.17911901618147,
      883.0617405763114
    ],
    [
      "DEB-566CF08C",
      -1.1768665303525265,
      51.67024873373319,
      302.643259214864
    ],
    [
      "DEB-E1869799",
      -47.0549021921511,
      -121.20413756209838,
      648.8386895779595
    ],
    [
      "DEB-61DE8A92",
      8.825826094902329,
      136.75647098624054,
      200.5043815523286
    ],
    [
      "DEB-25768B3A",
      -14.010127589827466,
      -37.1980858199637,
      907.3155820564016
    ],
    [
      "DEB-41D2FB0C",
      44.437168696297995,
      23.667127975811226,
      637.6181374541684
    ],
    [
      "DEB-FD6CDD14",
      75.89705947925377,
      -79.6931609935491,
      354.5703533040787
    ],
    [
      "DEB-6BC2C26F",
      19.389658240277644,
      89.43761997156474,
      148.67763876448225
    ],
    [
      "DEB-5ABA0C26",
      0.46155731319284116,
      -142.9237554997774,
      925.8774792518952
    ],
    [
      "DEB-220BDB79",
      -57.59815379220997,
      -86.22110748077625,
      625.8798916947462
    ],
    [
      "DEB-33C17FB3",
      -20.427411178533664,
      -65.72239361055931,
      423.3710506660809
    ],
    [
      "DEB-49ADA7EB",
      -41.16837450958748,
      77.0405913433758,
      546.3279871170362
    ],
    [
      "DEB-42C78998",
      -2.346739873728959,
      62.06218774718654,
      211.5091582155037
    ],
    [
      "DEB-7BCD48C7",
      -73.9002140830242,
      -0.7906605282834894,
      223.95717702634738
    ],
    [
      "DEB-9083E842",
      21.589114601975904,
      134.55748845492056,
      429.9591211597617
    ],
    [
      "DEB-6A1E7371",
      -43.63233836655282,
      91.46322742669304,
      472.18739150564943
    ],
    [
      "DEB-5C2DA8C8",
      54.85712568291041,
      105.84983567512894,
      786.7444939989109
    ],
    [
      "DEB-1762EFE3",
      67.29104218338284,
      169.2156049799894,
      291.1140639861387
    ],
    [
      "DEB-4286B53B",
      -0.908308313019309,
      -33.845995993198024,
      336.7073784364675
    ],
    [
      "DEB-66C637A5",
      33.54049333630067,
      -30.056181603844827,
      612.4067309000156
    ],
    [
      "DEB-EEF1C6A7",
      36.36480139089429,
      38.7817311734462,
      601.8360343693566
    ],
    [
      "DEB-366AB4BD",
      -7.818828028284996,
      -67.96181471001297,
      719.9208043552926
    ],
    [
      "DEB-A7D8CFCE",
      -13.448854821263375,
      -175.3906519192215,
      456.1502400010868
    ],
    [
      "DEB-9DA2BC1C",
      52.991349727314905,
      -88.4000709590434,
      708.4834910831514
    ],
    [
      "DEB-B253FEF7",
      -47.90677583559734,
      -120.66848322394391,
      276.333087248172
    ],
    [
      "DEB-717D572A",
      7.886501051868023,
      -48.04158448790879,
      479.1517170972538
    ],
    [
      "DEB-C1D3BA09",
      -30.606418455045965,
      111.59386223701273,
      808.2847813727121
    ],
    [
      "DEB-929B7D3B",
      -10.310366185115551,
      55.147218672812734,
      355.14392841945846
    ],
    [
      "DEB-54EAB9C9",
      -1.8604835057878448,
      79.79700816770546,
      521.5509618937322
    ],
    [
      "DEB-CB5A176C",
      -41.294047020859054,
      140.68838852390226,
      498.97469865091534
    ],
    [
      "DEB-D291D172",
      -16.066788815027113,
      151.35541741036164,
      229.19027410385206
    ],
    [
      "DEB-D0FB3C64",
      64.66013365702722,
      93.26869885266017,
      661.4698473709759
    ],
    [
      "DEB-EE6E84D1",
      7.986132206475349,
      -162.6450569153668,
      210.96807249803624
    ],
    [
      "DEB-7CEED1E2",
      73.97265614206464,
      27.377780918027288,
      570.8288442536677
    ],
    [
      "DEB-7E5AE637",
      44.29155522477402,
      -50.89979409272652,
      196.62216639124745
    ],
    [
      "DEB-AD114877",
      -14.866285627883238,
      76.04902087863668,
      447.6620036463555
    ],
    [
      "DEB-6FA678DC",
      21.20127964543437,
      -148.21103675632665,
      646.5220037877298
    ],
    [
      "DEB-22531A90",
      60.73199602675972,
      -58.77114978013043,
      308.17138385556336
    ],
    [
      "DEB-3B2A1527",
      -3.784511740452449,
      172.08785510648082,
      819.018229111397
    ],
    [
      "DEB-EACDAFE8",
      -23.848131122580277,
      123.88927734073337,
      607.9595024198215
    ],
    [
      "DEB-B672C6A6",
      -33.055569614037246,
      -119.4875170500885,
      206.98862273046143
    ],
    [
      "DEB-3E0890E3",
      65.45641791159039,
      -53.19398456709011,
      675.3740677142932
    ],
    [
      "DEB-806738F9",
      -11.16554035770005,
      -86.0231633022567,
      584.7946944295963
    ],
    [
      "DEB-07DA928B",
      -28.1294210213207,
      10.535368726450441,
      888.8807391400369
    ],
    [
      "DEB-30D166C9",
      53.15435040448476,
      53.29681554358988,
      607.2297707349253
    ],
    [
      "DEB-A45F0B11",
      -21.92486116733161,
      -102.75778775794203,
      193.84195331867522
    ],
    [
      "DEB-3F6E3AF4",
      28.867103694438963,
      124.2300911956244,
      788.1408743197098
    ],
    [
      "DEB-EB240C6E",
      0.5018065531512617,
      -7.081554913294685,
      886.9489778235575
    ],
    [
      "DEB-568219BF",
      30.61722439966295,
      -10.11796182938853,
      472.64202477739946
    ],
    [
      "DEB-B913848E",
      -17.877633530934055,
      -55.453587680886905,
      247.66238413687734
    ],
    [
      "DEB-F9DD885C",
      54.455938292665145,
      118.42683738492482,
      595.5782738588359
    ],
    [
      "DEB-CE27D58A",
      -68.43034086800516,
      -28.522271922371104,
      473.23312936529965
    ],
    [
      "DEB-7EBF949C",
      -19.08688243864417,
      -136.64569423906846,
      690.086108338799
    ],
    [
      "DEB-D9E9400C",
      -0.00891953632063343,
      72.83623530507082,
      564.0624019006054
    ],
    [
      "DEB-70CEEDCB",
      -27.34354332284832,
      -155.16862773902196,
      790.33765854395
    ],
    [
      "DEB-BCB50320",
      10.050287298240715,
      -113.11925146006834,
      321.00080219513075
    ],
    [
      "DEB-59D508E9",
      25.955128672619416,
      -143.90875379409118,
      334.2137462074279
    ],
    [
      "DEB-17BAB065",
      -18.567104291609464,
      -128.8464133037895,
      217.84276997217785
    ],
    [
      "DEB-85CBACB8",
      27.89045103310368,
      -51.80838519761675,
      674.476705597679
    ],
    [
      "DEB-08ADA193",
      -9.905958649772526,
      0.15310562274339146,
      148.14791964327742
    ],
    [
      "DEB-135A8AF3",
      81.1498759148493,
      -171.31855854699458,
      456.1373721224645
    ],
    [
      "DEB-0AC32319",
      81.9754672348369,
      117.77455917084727,
      714.4846463671147
    ],
    [
      "DEB-0EBBE5A3",
      -32.94174102910725,
      -173.75033966871632,
      643.6070969191132
    ],
    [
      "DEB-F75DC11B",
      -52.62569846236423,
      -142.32165481727148,
      545.9129299101623
    ],
    [
      "DEB-63942C99",
      11.08349720538286,
      141.97544274178645,
      364.6367696723546
    ],
    [
      "DEB-149CC6CB",
      20.423582314923106,
      88.12975094446699,
      833.8942518627837
    ],
    [
      "DEB-2590BCF8",
      -42.26571684363064,
      34.816067489925906,
      730.730021377035
    ],
    [
      "DEB-A003CC6F",
      3.074390200727371,
      76.41692488184412,
      792.5330640908705
    ],
    [
      "DEB-BEEA6B47",
      27.242261106126595,
      29.241260359007885,
      860.6555636049716
    ],
    [
      "DEB-D88EC2B4",
      32.552271269219105,
      -176.89917801925364,
      358.5830994536145
    ],
    [
      "DEB-6D6AB431",
      -51.85364046386045,
      -107.78085955282788,
      320.28972431895545
    ],
    [
      "DEB-C1FFE497",
      7.259549425705519,
      -148.98868220255352,
      653.309601218326
    ],
    [
      "DEB-75F55184",
      -73.40252424679267,
      -22.394206766534428,
      380.1516557539953
    ],
    [
      "DEB-67E17ED1",
      50.38452617507487,
      21.343683125196947,
      579.4797668475139
    ],
    [
      "DEB-2D8DD36A",
      -36.39410337334033,
      122.94968744303797,
      579.0083278287029
    ],
    [
      "DEB-831410A1",
      24.942043824723502,
      -106.8330149907625,
      422.5173944006001
    ],
    [
      "DEB-2055A4E3",
      -14.865233187515132,
      -23.8242535078964,
      247.0101104996902
    ],
    [
      "DEB-6515B5C5",
      15.953261734954097,
      61.55426607904546,
      570.0013901386001
    ],
    [
      "DEB-60338DB6",
      -18.75903860317127,
      42.03391507987431,
      125.34687082881646
    ],
    [
      "DEB-18A64248",
      4.092110815630125,
      86.51197830962934,
      184.10270422383655
    ],
    [
      "DEB-0E42BBB2",
      -63.85008588544177,
      -19.015209392249304,
      731.5540061058855
    ],
    [
      "DEB-F0AFCED3",
      -4.796483825570035,
      178.60749755660137,
      665.847570806196
    ],
    [
      "DEB-1CF1F8FC",
      -32.14960954558966,
      -123.54187419187633,
      708.7744620863987
    ],
    [
      "DEB-E3ED754E",
      -17.182695228430205,
      123.99434763818054,
      690.3657188958023
    ],
    [
      "DEB-EFAB0D5D",
      -0.5139500930822518,
      33.36376735098584,
      555.0588620329727
    ],
    [
      "DEB-4A9E5368",
      -50.50796667098344,
      98.49130486826418,
      884.6653555639841
    ],
    [
      "DEB-0A6E8008",
      10.982331523747783,
      -48.50905839109257,
      176.9688549207267
    ],
    [
      "DEB-B35357E0",
      -5.596725724499102,
      -24.853464008418467,
      419.47670147919325
    ],
    [
      "DEB-1AFD33EF",
      46.861301582992155,
      134.33558349704452,
      762.2948814450947
    ],
    [
      "DEB-4D7D6FCB",
      -51.16020211686817,
      -86.86178805991031,
      279.87459291533924
    ],
    [
      "DEB-23A0398F",
      2.049394380236472,
      42.650769945864816,
      549.778999877868
    ],
    [
      "DEB-22588E20",
      -56.48384763399445,
      155.80391032309436,
      143.4416225043242
    ],
    [
      "DEB-7385BE6F",
      62.598083445050555,
      -73.14957010258938,
      675.9237006040939
    ],
    [
      "DEB-835B7E5D",
      -26.89995712184862,
      134.6221125179919,
      120.43059672790332
    ],
    [
      "DEB-30120283",
      15.961398122630635,
      -121.22252560906726,
      890.8680557845464
    ],
    [
      "DEB-9ABC30DF",
      -41.23743558618802,
      -44.03557649761824,
      327.02478176016575
    ],
    [
      "DEB-207A032F",
      -7.111169202044859,
      -128.14519928906262,
      703.4030171615123
    ],
    [
      "DEB-93B057CE",
      31.32827619852993,
      68.9016204868465,
      269.0315173711324
    ],
    [
      "DEB-14B5E857",
      37.93544019398815,
      -132.21424891563987,
      217.22032048336314
    ],
    [
      "DEB-E675D265",
      -55.65295673610575,
      8.956889927202448,
      368.6830422015837
    ],
    [
      "DEB-6586B132",
      63.76119610479932,
      -98.34712241353158,
      210.4365695994029
    ],
    [
      "DEB-FA953B6B",
      -26.5321230040919,
      18.14293585310886,
      575.4123815080575
    ],
    [
      "DEB-5424A150",
      3.007110326760998,
      165.73863742511506,
      505.93018419742475
    ],
    [
      "DEB-141EF41F",
      13.302710669528166,
      38.06681675315295,
      776.0984533468873
    ],
    [
      "DEB-34EE4D6A",
      -31.968253192934696,
      -111.85897188836115,
      731.7128751047194
    ],
    [
      "DEB-E399AA93",
      0.8043224374610919,
      -125.85145294239896,
      337.3526272748095
    ],
    [
      "DEB-91A03BCD",
      15.075003242237056,
      -143.81820945985186,
      258.227888097249
    ],
    [
      "DEB-17A9AD0E",
      15.136447228644682,
      -131.79093241127842,
      529.5378764417037
    ],
    [
      "DEB-99DA4B3E",
      51.105426026067974,
      -132.7398724395959,
      393.59207000316565
    ],
    [
      "DEB-DD058E2F",
      -88.93259298366883,
      141.90912820574673,
      370.3620951654457
    ],
    [
      "DEB-1DD43E5E",
      -58.99776319133467,
      38.16015919230327,
      208.93932621044223
    ],
    [
      "DEB-1CE7F0CC",
      42.25569628983683,
      -36.333796918520015,
      284.964350253259
    ],
    [
      "DEB-ACA1FEC8",
      5.314170872646407,
      98.82747506098951,
      511.50690818217663
    ],
    [
      "DEB-D695174A",
      5.60270462025293,
      -125.10034225141237,
      271.7507349266252
    ],
    [
      "DEB-CA016497",
      38.674956466740404,
      -10.180802768670707,
      234.82052555447353
    ],
    [
      "DEB-AD542D9B",
      64.36601582720893,
      -139.62738868610992,
      257.84092833781506
    ],
    [
      "DEB-F7BA5392",
      -67.7549666454192,
      42.816095550254055,
      862.1755895483384
    ],
    [
      "DEB-84C6B3BE",
      19.463868405295795,
      54.990809086234975,
      762.0042833046682
    ],
    [
      "DEB-7C44C868",
      33.51805663329962,
      67.81470343651796,
      747.8269379638386
    ],
    [
      "DEB-6C7C6644",
      28.469618735851856,
      161.93549036068637,
      391.3834545912441
    ],
    [
      "DEB-FD8397EB",
      0.12745065564386837,
      102.27335095403373,
      416.16391786167696
    ],
    [
      "DEB-8CEA5BBF",
      -0.36112374370424266,
      -41.27540354010642,
      163.588568179287
    ],
    [
      "DEB-1B575614",
      59.05494414961094,
      39.16930558405677,
      650.688216018294
    ],
    [
      "DEB-6C38C4A3",
      45.46666618793062,
      123.87139165855983,
      705.618263803839
    ],
    [
      "DEB-152B67B2",
      33.257836091420465,
      41.31372535440658,
      684.4540507485972
    ],
    [
      "DEB-9886E6A5",
      46.97024419355261,
      -108.74359382982085,
      887.6261850914334
    ],
    [
      "DEB-72874459",
      46.07777259004521,
      -126.40973411625374,
      138.22528788793534
    ],
    [
      "DEB-47C8D950",
      -75.12007934048232,
      3.0222206273864964,
      222.26421464806754
    ],
    [
      "DEB-8F79DB7A",
      9.958690831797643,
      -141.24778870764035,
      751.0287774245444
    ],
    [
      "DEB-E94BD123",
      44.880221168743546,
      56.849426914832556,
      841.843986673035
    ],
    [
      "DEB-5BBC785C",
      -49.86046866932082,
      148.08346714236194,
      707.4805493802787
    ],
    [
      "DEB-FDC63608",
      -13.747435203305821,
      -126.07221411823697,
      861.2576299916545
    ],
    [
      "DEB-F6E31F39",
      -63.5619379343821,
      148.09952157018753,
      265.60042780663935
    ],
    [
      "DEB-ADD95CD8",
      -7.725796995061277,
      -141.2349555635909,
      810.1091699963226
    ],
    [
      "DEB-87B55BC1",
      -24.304494532813003,
      13.68103327409947,
      619.8714444992183
    ],
    [
      "DEB-416CDE61",
      -7.635928786992008,
      -78.20563428595355,
      131.57453129760506
    ],
    [
      "DEB-95928F07",
      8.44272657825212,
      -50.307621958215115,
      701.5540023035055
    ],
    [
      "DEB-34340096",
      70.68615798730639,
      177.82055633851945,
      847.6428774879441
    ],
    [
      "DEB-B4EFF865",
      -73.00056436000398,
      120.90339877066543,
      206.02884753365743
    ],
    [
      "DEB-DE82B22A",
      -36.54996996205901,
      -177.10099988251173,
      570.2895842822572
    ],
    [
      "DEB-68B3D984",
      -44.38654018624482,
      -151.7311980290349,
      515.3005211803829
    ],
    [
      "DEB-E1517C6B",
      -71.7682420502495,
      163.49425007232225,
      843.4995523742155
    ],
    [
      "DEB-3DAC8E10",
      69.39139410860534,
      -32.97415137157837,
      295.5028542450236
    ],
    [
      "DEB-FF917D7B",
      -65.59227712779033,
      42.2328514484324,
      666.0733967617343
    ],
    [
      "DEB-4CC0CE50",
      47.056046065246235,
      -179.83023679448763,
      861.5358972147897
    ],
    [
      "DEB-B6D2A812",
      -37.85122462958632,
      -148.90625463038126,
      754.3626075786578
    ],
    [
      "DEB-F37545BF",
      5.909106421944844,
      0.8561517624895683,
      204.77459567111237
    ],
    [
      "DEB-2CA0F4EA",
      0.6308083994240624,
      -56.07223177451806,
      572.8238956671557
    ],
    [
      "DEB-E3AB354F",
      0.03325792648682387,
      -103.73970164489593,
      417.80215414000213
    ],
    [
      "DEB-49EDF375",
      25.378759811714097,
      114.413485712693,
      449.29835020210794
    ],
    [
      "DEB-586ABE48",
      15.27186772990338,
      124.40443723349615,
      759.7887028739424
    ],
    [
      "DEB-5DA705D6",
      -41.18088156147748,
      52.06839655142126,
      603.835939962798
    ],
    [
      "DEB-C598070C",
      26.380811888730086,
      171.78231031464833,
      878.379283373507
    ],
    [
      "DEB-0F42E36C",
      53.23733535742258,
      -72.7737596427199,
      695.3740700033713
    ],
    [
      "DEB-45DEA5F9",
      -35.274036871444295,
      -168.64430960543316,
      409.21927617552774
    ],
    [
      "DEB-EE30F487",
      5.0179317954688,
      28.98646734192434,
      560.6967450389893
    ],
    [
      "DEB-5A66800C",
      -37.90937166146958,
      55.89274879482517,
      915.2484708259153
    ],
    [
      "DEB-23AA4B40",
      33.64487170824344,
      51.855761297506966,
      639.2296814248366
    ],
    [
      "DEB-307FCBD0",
      -58.75065000995512,
      109.72065994993623,
      780.7356431330654
    ],
    [
      "DEB-D526F31D",
      71.72674280734545,
      140.68167789042712,
      349.7545964001656
    ],
    [
      "DEB-F2EF801C",
      -41.04014973763882,
      -169.50247346400275,
      558.1190866325087
    ],
    [
      "DEB-EE4E79A9",
      -26.897095362191,
      -125.86622372284795,
      475.59548033300507
    ],
    [
      "DEB-3D4FAC1F",
      -27.12188685593884,
      167.38500725798448,
      550.2594949172571
    ],
    [
      "DEB-7ABBE736",
      38.71618998764242,
      -54.04299328016271,
      317.8766249320979
    ],
    [
      "DEB-C170C8E3",
      23.65554302309879,
      -156.3131806588938,
      662.4350615986605
    ],
    [
      "DEB-5C262A46",
      -32.45481857909206,
      17.468871755647513,
      881.1948339890141
    ],
    [
      "DEB-2B492285",
      14.712655954877484,
      116.39725893580189,
      165.82362849904348
    ],
    [
      "DEB-6E16AAC3",
      -33.309904650509374,
      -38.13564273717121,
      912.0737785019519
    ],
    [
      "DEB-47342011",
      -86.77532935384379,
      -140.70493255147278,
      597.0173924653982
    ],
    [
      "DEB-26EF498A",
      -21.39704679235886,
      108.07221071746648,
      829.9121443323675
    ],
    [
      "DEB-7E8E9604",
      15.867272137837459,
      -88.93312709283151,
      272.86625541793364
    ],
    [
      "DEB-F55F6E8B",
      -11.40343645639123,
      -132.30002029770125,
      872.9171907786922
    ],
    [
      "DEB-47500021",
      38.87903397852354,
      -126.79557706496003,
      259.2421511290877
    ],
    [
      "DEB-63682F4F",
      -46.04317490714183,
      -8.35632563634114,
      909.5063601251986
    ],
    [
      "DEB-1F321013",
      5.054513943280416,
      -102.01808485988668,
      611.9175572741324
    ],
    [
      "DEB-77F19FA3",
      11.716016148675395,
      -28.620908079882717,
      858.3094925128689
    ],
    [
      "DEB-D2F98DA7",
      28.943853401873255,
      126.49106841059695,
      872.5169806474505
    ],
    [
      "DEB-7524D9F5",
      74.08455685415875,
      -153.16744586211206,
      152.93781254102032
    ],
    [
      "DEB-3AAD6831",
      -36.33910484309138,
      105.7765864517008,
      869.0839467136457
    ],
    [
      "DEB-C6571D6E",
      -26.160322951712082,
      102.35406495419541,
      367.36433208185827
    ],
    [
      "DEB-7A7759A3",
      23.577398786498303,
      158.82966617975498,
      194.30154803842197
    ],
    [
      "DEB-CBA59713",
      7.665349690658899,
      -62.378822961450126,
      453.64050065679476
    ],
    [
      "DEB-609C3BF7",
      5.368292529691473,
      120.98714902108553,
      250.7497592248401
    ],
    [
      "DEB-8325F387",
      -3.988549397972707,
      -93.63551238718404,
      453.1980566886459
    ],
    [
      "DEB-2DC425FC",
      -46.93559054163855,
      -161.75450702254034,
      738.3949441688765
    ],
    [
      "DEB-238225E4",
      -49.65901353361975,
      -5.87322961145112,
      635.579969154468
    ],
    [
      "DEB-28122E26",
      -33.78470994200285,
      -126.23023208143567,
      906.1456331982736
    ],
    [
      "DEB-230A35B2",
      76.42971599625564,
      -37.868133599136414,
      760.5440056332154
    ],
    [
      "DEB-7F4C07A8",
      16.34142803213088,
      92.51745296030306,
      869.4850200049195
    ],
    [
      "DEB-A53F38E6",
      12.800288214515703,
      -165.08432181274796,
      197.8094005458115
    ],
    [
      "DEB-F09A95E7",
      4.446703321470442,
      90.87862791757878,
      790.4017327657612
    ],
    [
      "DEB-EB436886",
      -13.542353423659897,
      2.4575087366966053,
      844.2471039853317
    ],
    [
      "DEB-79A7CAAE",
      -34.548470334412556,
      86.18782327355972,
      289.8091993678636
    ],
    [
      "DEB-EBE2C18B",
      2.482611373776034,
      124.59863526430642,
      519.5988668962418
    ],
    [
      "DEB-E2146AEE",
      -4.496068416934355,
      149.44873691828923,
      669.1013248919726
    ],
    [
      "DEB-A26FF596",
      12.483070887747836,
      160.89202061160555,
      476.1369916400927
    ],
    [
      "DEB-89002231",
      -3.2824282063686403,
      -110.91604030216016,
      589.1106412572026
    ],
    [
      "DEB-B712D0D4",
      -77.2329292319686,
      143.92450749976638,
      812.5026662761748
    ],
    [
      "DEB-B1CDDBFD",
      32.354405914830764,
      19.522841782218233,
      439.84985296857394
    ],
    [
      "DEB-AFD6B0E1",
      32.893310294677285,
      -101.85808556839385,
      602.986512673745
    ],
    [
      "DEB-E8F8969E",
      -18.90601567116077,
      -119.81120519075087,
      759.3722043653443
    ],
    [
      "DEB-4F307E1D",
      -47.49542604515794,
      -166.88086018871806,
      275.3474144421034
    ],
    [
      "DEB-59BCDC5D",
      53.72436651881114,
      156.10710888411077,
      527.1623871993652
    ],
    [
      "DEB-B71D81B8",
      -7.119314136234556,
      77.54473948694269,
      842.9049600114586
    ],
    [
      "DEB-5F53B082",
      46.26394368694006,
      57.57387185703741,
      356.2636723457945
    ],
    [
      "DEB-53E9B1EC",
      43.151115009265354,
      -66.67696841386743,
      146.47393327897316
    ],
    [
      "DEB-889393CA",
      2.373623623870938,
      -87.10316746647592,
      158.79779287957717
    ],
    [
      "DEB-A502C2B6",
      27.827642507849223,
      -12.232809902683737,
      695.7913759130679
    ],
    [
      "DEB-50B963F5",
      19.70908334442043,
      18.193736896389936,
      891.187910433744
    ],
    [
      "DEB-FE42B90E",
      61.66079345820882,
      31.085711667702252,
      647.616059297332
    ],
    [
      "DEB-94143AA4",
      -33.378927285542844,
      -51.926921446151354,
      719.7977329584182
    ],
    [
      "DEB-9FF35166",
      -52.41193670709563,
      88.89717334480318,
      546.3925815179773
    ],
    [
      "DEB-31E73BCD",
      -16.916828723300736,
      35.090520154635,
      888.8400821414862
    ],
    [
      "DEB-DD572A37",
      -37.178665100817554,
      163.5450130846414,
      542.7542678256359
    ],
    [
      "DEB-5B19044D",
      66.97466490512402,
      -62.61459439819539,
      676.6191562962913
    ],
    [
      "DEB-7274BAA5",
      -32.578203663889184,
      39.132994151994104,
      241.54095026099458
    ],
    [
      "DEB-D8A75285",
      -49.71636975161461,
      -128.03264587667869,
      158.0574466996386
    ],
    [
      "DEB-E50927C1",
      -14.894230307537763,
      -28.06649982121391,
      441.5988571868602
    ],
    [
      "DEB-0A9D190D",
      8.608315920831867,
      23.369114463716805,
      721.1584829531457
    ],
    [
      "DEB-C027C322",
      6.23669743288122,
      48.075241827175134,
      770.4819546455155
    ],
    [
      "DEB-15293425",
      -39.17829510895422,
      131.0580797156937,
      554.6727034912947
    ],
    [
      "DEB-9592142B",
      26.77478687250633,
      -72.52355738923087,
      652.841029157602
    ],
    [
      "DEB-DEA8A7B2",
      -56.01861973152119,
      151.66585187138412,
      603.0053294508907
    ],
    [
      "DEB-E1DB2B74",
      23.573257568198724,
      -44.37087207014821,
      287.7782115469363
    ],
    [
      "DEB-42A0B0D7",
      13.442597045891452,
      113.97151840257206,
      588.5648355379944
    ],
    [
      "DEB-CCFEE511",
      -58.84323292419852,
      -90.92644848306756,
      352.14455773603186
    ],
    [
      "DEB-DB6EA00C",
      -35.287377819009066,
      130.218969859933,
      615.9677831696054
    ],
    [
      "DEB-96B1AA72",
      -42.47825808293373,
      -103.36158748233575,
      148.13102240832904
    ],
    [
      "DEB-BF77540C",
      29.006425975732334,
      -85.51426145222511,
      652.2601446670469
    ],
    [
      "DEB-7E514DBC",
      -10.022260225507809,
      -54.260043819826286,
      420.9273423269269
    ],
    [
      "DEB-413EB7AE",
      -44.38576280385477,
      -96.22940197562511,
      423.64416700900256
    ],
    [
      "DEB-794334FC",
      -50.359235703367126,
      -99.07594296936517,
      876.9481162676757
    ],
    [
      "DEB-C6B126C7",
      51.917967918891655,
      -170.1437459550123,
      420.9553613522903
    ],
    [
      "DEB-63760DBB",
      4.39576669868786,
      34.44292488062467,
      473.4747450745226
    ],
    [
      "DEB-214AA82D",
      1.5744027636831939,
      40.788990520476936,
      802.6956485770324
    ],
    [
      "DEB-CA65EA31",
      20.898969815663293,
      -33.088043910897845,
      883.4418746253978
    ],
    [
      "DEB-F1027C84",
      -4.7966142673233945,
      132.72997051508352,
      556.8057215731587
    ],
    [
      "DEB-97F722AB",
      -4.2302810674874225,
      159.86414889868743,
      684.9755594157677
    ],
    [
      "DEB-7F753C82",
      23.06044579738292,
      144.17877584639825,
      639.1973707052775
    ],
    [
      "DEB-2B7E24A0",
      -48.79533178302823,
      -11.538492954436038,
      216.92831066120198
    ],
    [
      "DEB-F9076F41",
      -40.63836122269891,
      -96.37322474578117,
      257.2585129184108
    ],
    [
      "DEB-611AD9BB",
      27.875907015765716,
      -140.12514131381363,
      265.9568163532995
    ],
    [
      "DEB-9C21865F",
      -29.495505137864885,
      -118.4640219600298,
      376.18470735573646
    ],
    [
      "DEB-C48B124D",
      -14.766029101331108,
      -26.759460802856363,
      155.0039210609557
    ],
    [
      "DEB-D53C1CB9",
      -2.5304729931274035,
      138.87995803875367,
      779.9880528874619
    ],
    [
      "DEB-DC81AD89",
      74.04252765343278,
      17.299626011448115,
      695.8688450565514
    ],
    [
      "DEB-D78CF66A",
      -36.97827914705802,
      7.553397079297666,
      387.0527347305124
    ],
    [
      "DEB-AF16F4A7",
      -8.283906896102248,
      7.74877690559521,
      791.8175102811811
    ],
    [
      "DEB-72563F4D",
      44.48862580914712,
      21.81762118141227,
      616.7805319365052
    ],
    [
      "DEB-116C8BEC",
      -28.06125139872738,
      87.87358698752655,
      769.8324269679006
    ],
    [
      "DEB-670E3062",
      -65.52406543910628,
      26.142262472759246,
      704.3135543031094
    ],
    [
      "DEB-F7F4BBBC",
      -55.6353147437973,
      72.92176868386,
      291.46903532743
    ],
    [
      "DEB-9734DC6F",
      25.29097102415234,
      -121.4537347766464,
      720.4274389059992
    ],
    [
      "DEB-4CAE5BA2",
      40.18447464766796,
      127.69635066872932,
      356.6525810584926
    ],
    [
      "DEB-524490F8",
      67.45756434227637,
      114.36473231398233,
      540.1383634044432
    ],
    [
      "DEB-805496F1",
      1.1706112653643763,
      50.41582713514413,
      928.4863882140444
    ],
    [
      "DEB-23F95C5F",
      27.558158601162575,
      -79.94262675997533,
      222.44761837110036
    ],
    [
      "DEB-48DE2047",
      -21.39495733563301,
      -122.601738055687,
      192.0657718079019
    ],
    [
      "DEB-CD2533F9",
      -20.645034215691787,
      9.66384176803689,
      138.29564976570236
    ],
    [
      "DEB-37C94429",
      34.51312822202739,
      170.1039240526101,
      414.31590871896697
    ],
    [
      "DEB-69AB83BD",
      22.355579802385233,
      118.97182463502116,
      721.3140193071331
    ],
    [
      "DEB-E860C87F",
      31.065569322576206,
      -71.84716152925435,
      636.9416326776281
    ],
    [
      "DEB-EC661530",
      73.27074506488813,
      -35.83384813120023,
      339.825139470071
    ],
    [
      "DEB-DFCB60BD",
      4.569814690700218,
      48.76797167125341,
      458.3686057395398
    ],
    [
      "DEB-FE022548",
      -73.70494503200256,
      -68.57248444251462,
      496.6870853286973
    ],
    [
      "DEB-FA7A93AF",
      31.04255199946873,
      113.65799184771456,
      798.8554152457646
    ],
    [
      "DEB-26698902",
      46.17813978744134,
      81.87235232968479,
      722.7677073995392
    ],
    [
      "DEB-3FDF4D67",
      49.756992249661025,
      62.574607588214526,
      358.46737347187263
    ],
    [
      "DEB-C00473B1",
      4.163208826525921,
      -10.109632206077789,
      442.87649000486454
    ],
    [
      "DEB-22DE2F29",
      -43.38371603279022,
      176.86932912546803,
      535.5510530064321
    ],
    [
      "DEB-261A204F",
      -31.567797231957332,
      -39.32393718376443,
      652.497365907906
    ],
    [
      "DEB-3B82C6B5",
      -65.59848237225818,
      14.616956861514986,
      308.67776264834083
    ],
    [
      "DEB-5DF48C4F",
      -60.891291543310764,
      153.51999685178015,
      475.5077740781044
    ],
    [
      "DEB-0FEACEF7",
      27.613280800767907,
      -157.93824335499272,
      367.39733565684674
    ],
    [
      "DEB-E67023CD",
      -43.34020984524592,
      -127.6155215210427,
      344.6394644045904
    ],
    [
      "DEB-6C4ED8C1",
      -34.13660307668669,
      -1.816451291911861,
      475.75624002601035
    ],
    [
      "DEB-84AD72BE",
      33.92597593792382,
      43.354522833293544,
      398.74809506837937
    ],
    [
      "DEB-6DF468F2",
      -32.535615148775804,
      -126.49127469570982,
      254.65809158605862
    ],
    [
      "DEB-20B3B359",
      6.1808821495434225,
      17.506404567771025,
      835.6059569743929
    ],
    [
      "DEB-2CC3AEE8",
      -67.73665678406783,
      -113.11973130865067,
      133.14970240688308
    ],
    [
      "DEB-E8CA7956",
      -23.779208673163893,
      -101.80583502625028,
      889.2901243452352
    ],
    [
      "DEB-FC7FC123",
      -43.381250574750446,
      104.91429517717641,
      263.1806954914282
    ],
    [
      "DEB-9234A670",
      -48.46628632080391,
      -38.22573232388462,
      145.3314567622565
    ],
    [
      "DEB-A089A03F",
      10.028542034651379,
      149.21313997257454,
      589.3595978430667
    ],
    [
      "DEB-0FB228CF",
      59.63226425270143,
      30.775274193367245,
      615.551209375968
    ],
    [
      "DEB-C3FA9C4A",
      14.413628115615928,
      -88.34937454090515,
      826.0870243463096
    ],
    [
      "DEB-664DBCC1",
      8.718272686536094,
      52.02021473311383,
      148.47212281341945
    ],
    [
      "DEB-7C8610D9",
      40.37813767558622,
      142.56798366125886,
      729.2053735427689
    ],
    [
      "DEB-1A718A7F",
      17.05674641712213,
      160.75257000392173,
      896.2771881907174
    ],
    [
      "DEB-6327DBC4",
      2.351723617479935,
      137.93598244991907,
      337.8783085915875
    ],
    [
      "DEB-A7752C49",
      1.0177112435687508,
      130.75337059151877,
      228.437252231025
    ],
    [
      "DEB-4C5C4DC9",
      51.099155343280465,
      -100.17876923837979,
      457.687668725398
    ],
    [
      "DEB-2C34CA50",
      16.624792530334453,
      155.1879937318879,
      572.7419646278768
    ],
    [
      "DEB-DB6DA2A6",
      28.08609252152348,
      -147.2068079268035,
      329.15949565789106
    ],
    [
      "DEB-291DFA3B",
      -33.49143580122763,
      146.0110862632545,
      676.4328316192659
    ],
    [
      "DEB-2F2E112B",
      22.430775187422928,
      40.696026519464645,
      825.4415188367511
    ],
    [
      "DEB-AC6245E9",
      50.79186063171305,
      41.23647294736452,
      581.2774935091775
    ],
    [
      "DEB-ECC1AC8A",
      40.29757418396385,
      -69.48915424686614,
      351.82312242776425
    ],
    [
      "DEB-05E51027",
      2.61988438430602,
      161.7801842875037,
      498.27433398484845
    ],
    [
      "DEB-F669A864",
      -26.684119685515974,
      145.82901203369042,
      251.5260907040174
    ],
    [
      "DEB-5558234F",
      22.420715207983203,
      -109.0576979393403,
      589.8063997725349
    ],
    [
      "DEB-B9751F74",
      19.91054737854804,
      -18.635114854290027,
      705.7482255153827
    ],
    [
      "DEB-922E4533",
      54.28735411488385,
      14.91391655659882,
      236.46798762470553
    ],
    [
      "DEB-7C2651EF",
      -37.710148605101296,
      17.374052547565256,
      527.1890332657849
    ],
    [
      "DEB-89E8643E",
      -55.00778960469903,
      86.32162129039061,
      710.4251944195703
    ],
    [
      "DEB-10DC96DC",
      45.13203873724091,
      31.236542057326904,
      612.7451344588517
    ],
    [
      "DEB-9829342A",
      62.37115933442565,
      99.65510568064306,
      512.3710063867793
    ],
    [
      "DEB-9413A16B",
      -11.788880784242396,
      118.02206758331238,
      241.27916613893558
    ],
    [
      "DEB-5474EFD9",
      -21.487276145243257,
      -100.5791087865267,
      459.0080367448363
    ],
    [
      "DEB-FB082BC0",
      -7.069374939589182,
      135.82262385431258,
      843.3002658021878
    ],
    [
      "DEB-9D7C2F51",
      -49.03397584860653,
      42.511924861778745,
      818.6353440433459
    ],
    [
      "DEB-4BF4D524",
      20.788274064406686,
      -115.7964799961183,
      255.92075932556145
    ],
    [
      "DEB-BD39EE7A",
      52.781091331901095,
      94.5832071417301,
      638.0634315624729
    ],
    [
      "DEB-807EEF71",
      65.42678286330975,
      -97.09865551005517,
      559.859959481485
    ],
    [
      "DEB-42100013",
      1.1788832975608072,
      -146.68158317863112,
      894.9963925549591
    ],
    [
      "DEB-89940D9D",
      28.38693277123118,
      135.32055350508386,
      322.5598772369176
    ],
    [
      "DEB-B91740B1",
      14.356145376856809,
      125.96333354572917,
      384.5255835695398
    ],
    [
      "DEB-3153E10B",
      -71.87566068433155,
      151.1294857052485,
      627.5334836241709
    ],
    [
      "DEB-D69FFD4F",
      -30.545440533174478,
      -168.78461681976992,
      254.75002489047074
    ],
    [
      "DEB-6BE73645",
      58.17970281678236,
      -112.78861281114953,
      303.9270901528116
    ],
    [
      "DEB-006B44D6",
      32.55526873039917,
      -170.98101383540393,
      914.3961215069612
    ],
    [
      "DEB-7C05BD1B",
      43.135283250093316,
      99.0214774658248,
      219.76194194614982
    ],
    [
      "DEB-87A3D45E",
      -5.4039706517573975,
      62.95549698443224,
      448.9714493164347
    ],
    [
      "DEB-8FA70E6B",
      -22.361879324512298,
      39.12104928336105,
      229.51410957136795
    ],
    [
      "DEB-8F51EF18",
      -50.428459310211615,
      128.61007861519988,
      307.97425897117955
    ],
    [
      "DEB-E448DF7F",
      -6.352961270126784,
      113.50380071602477,
      146.7391850875374
    ],
    [
      "DEB-9A22A106",
      -33.45516933557046,
      8.322601726338654,
      549.3909919595471
    ],
    [
      "DEB-DDA25343",
      3.42927639835617,
      133.89135332723504,
      269.043817418069
    ],
    [
      "DEB-E3AF4151",
      -10.886875963504465,
      68.75059267023619,
      771.5437772997584
    ],
    [
      "DEB-EEBE3165",
      -57.177172830160515,
      65.51214427646303,
      692.4620163793152
    ],
    [
      "DEB-D4DD2E20",
      56.554954865050995,
      -86.00102041507921,
      307.98064036653614
    ],
    [
      "DEB-7F40CAEC",
      23.350587682023,
      -109.47818542191365,
      663.223196044265
    ],
    [
      "DEB-88627AA9",
      -24.329601621883246,
      -25.924606599573885,
      369.1961738791888
    ],
    [
      "DEB-BBAA4D14",
      8.494281851445932,
      13.263226342240417,
      608.4724567240919
    ],
    [
      "DEB-C854745E",
      33.459635992187636,
      -60.2692647881448,
      899.9628377109057
    ],
    [
      "DEB-E9D7555F",
      -10.521130047563274,
      10.062275930665454,
      379.2176882357553
    ],
    [
      "DEB-31AB5945",
      38.99024715562096,
      -125.39829658113868,
      639.6738206832633
    ],
    [
      "DEB-B04289FB",
      26.66659260421921,
      112.5262699724033,
      217.42095005444298
    ],
    [
      "DEB-B9D13343",
      -67.45668670139385,
      166.61541893062787,
      548.7328898117094
    ],
    [
      "DEB-C928C2DC",
      11.340592781792735,
      -146.86563341353974,
      756.7853237286126
    ],
    [
      "DEB-0F5B171D",
      -1.5318813839206766,
      129.9947996542107,
      899.5773514146858
    ],
    [
      "DEB-9B6CF1F1",
      13.958774858234907,
      -141.5677451673392,
      173.9556892972996
    ],
    [
      "DEB-F4B29EA9",
      -40.196021832857525,
      -5.852213027068871,
      463.1099479308341
    ],
    [
      "DEB-1D5D4C28",
      26.005115911339495,
      -105.64803532944114,
      594.9032893703607
    ],
    [
      "DEB-8C5F20C7",
      33.39223765748589,
      -84.16539072167198,
      853.0164384979207
    ],
    [
      "DEB-C70BDEFE",
      6.27554803138492,
      111.38504864637295,
      544.65477538307
    ],
    [
      "DEB-D0309443",
      -65.58884359319183,
      38.57949361419647,
      196.67229513555776
    ],
    [
      "DEB-FA32B00B",
      -3.005591899392553,
      -81.2865687932423,
      841.2543335108367
    ],
    [
      "DEB-E895A829",
      -39.26776036525356,
      -88.34576806123208,
      364.70527495160513
    ],
    [
      "DEB-62820434",
      -37.18073047245062,
      96.47216139781396,
      165.16144032891316
    ],
    [
      "DEB-346C0063",
      72.70264010979403,
      71.95825251333974,
      260.30210083711154
    ],
    [
      "DEB-ADE35430",
      61.11445345580266,
      -71.82999726795465,
      271.42820016801215
    ],
    [
      "DEB-A87C3C4C",
      -33.87661335325143,
      -18.894686089893067,
      161.88123981403442
    ],
    [
      "DEB-EA979243",
      -21.467158073561055,
      114.94147692934865,
      864.5411892393104
    ],
    [
      "DEB-E30C6F45",
      60.91001026900619,
      24.36752034476662,
      366.06065097250394
    ],
    [
      "DEB-EF44830E",
      33.77695891388176,
      -130.00686347191063,
      481.3050792604845
    ],
    [
      "DEB-0AD1C3B0",
      9.669920408066954,
      103.84979386136659,
      351.65765781155915
    ],
    [
      "DEB-F0B53F4A",
      -40.7789654776225,
      81.74911272505813,
      399.6609127576703
    ],
    [
      "DEB-0D6811FF",
      -39.61022921269005,
      -3.793659928929772,
      514.8415934759851
    ],
    [
      "DEB-10BF8A64",
      4.669880644976219,
      177.2493097507856,
      740.7065477507113
    ],
    [
      "DEB-882B980F",
      -4.455982011290506,
      -66.76706959185876,
      392.2427842853467
    ],
    [
      "DEB-5F59B388",
      18.260899589846407,
      124.84958564645541,
      863.3421963113851
    ],
    [
      "DEB-0067417B",
      5.998590614561457,
      -158.52732256878417,
      515.8902250681003
    ],
    [
      "DEB-FC8BBD83",
      -61.468032001142134,
      -28.04543177556452,
      152.99714491031682
    ],
    [
      "DEB-CE2208E7",
      -29.4787427547805,
      176.61988299775487,
      753.5316174931286
    ],
    [
      "DEB-226B44F3",
      -5.685140920590754,
      74.56375879119939,
      136.77732915380966
    ],
    [
      "DEB-56CA6994",
      25.186055891557285,
      -76.39466664210687,
      355.89364517525246
    ],
    [
      "DEB-A873623E",
      -43.373038171461154,
      138.22519040693498,
      448.58469253286603
    ],
    [
      "DEB-4818C968",
      62.81007548539523,
      -162.07043403396915,
      164.6228007519203
    ],
    [
      "DEB-EE998774",
      10.333955845470175,
      159.69884747674197,
      731.5273959466567
    ],
    [
      "DEB-CF041185",
      -15.304169194238053,
      158.11316324066985,
      298.95933632184915
    ],
    [
      "DEB-2CAE8612",
      -70.15625816715006,
      6.19484811039285,
      479.4368868598549
    ],
    [
      "DEB-5AE9F7C9",
      -20.908121366405332,
      -176.39220477709787,
      613.0681162995743
    ],
    [
      "DEB-C6CAE11F",
      37.21647391231944,
      -7.792179202447154,
      397.66006171304434
    ],
    [
      "DEB-FBA6DAFE",
      -62.46029505438388,
      -136.0784133184632,
      338.82427237590673
    ],
    [
      "DEB-49DA6BA4",
      7.271807227108114,
      -176.27713298056887,
      698.8611291486832
    ],
    [
      "DEB-8DB76F89",
      42.04110599267037,
      146.05160503413148,
      285.66350061354024
    ],
    [
      "DEB-76430B24",
      35.918735605161146,
      -92.32620967351558,
      147.31657649708086
    ],
    [
      "DEB-B3793E29",
      -10.896132263212015,
      100.26437472892478,
      523.407203366045
    ],
    [
      "DEB-C234829A",
      -23.1765903814722,
      163.11188194457995,
      517.5351899292982
    ],
    [
      "DEB-EC5073AA",
      -43.14810538387167,
      12.49735353782277,
      717.5489706885965
    ],
    [
      "DEB-7D40880B",
      -14.552078902162783,
      -80.319789378316,
      738.6321831821815
    ],
    [
      "DEB-E6CE51B3",
      9.771288101904068,
      41.66066365077169,
      136.03108083519237
    ],
    [
      "DEB-DC04CB55",
      61.76752133784691,
      60.0729218974363,
      325.15614655302124
    ],
    [
      "DEB-5277032B",
      79.71012190952496,
      -169.031985722311,
      142.62118328654924
    ],
    [
      "DEB-1F565D60",
      -47.027074434260754,
      59.1344052957333,
      344.8376634749666
    ],
    [
      "DEB-1128E588",
      22.348095808163084,
      15.493812836764429,
      133.90758876956988
    ],
    [
      "DEB-3AE9B224",
      -6.851650361654503,
      60.42875675350739,
      455.1661596251406
    ],
    [
      "DEB-7EBC71DF",
      54.21711988597429,
      98.28113094848588,
      506.24989562121937
    ],
    [
      "DEB-432C5E0B",
      -32.24219913093328,
      8.760148284395548,
      789.5007109869075
    ],
    [
      "DEB-D8868312",
      -3.6837067306721205,
      99.4682508848204,
      380.1778698537937
    ],
    [
      "DEB-976A0AA6",
      30.724399978388636,
      -5.706353580273086,
      752.6017986583593
    ],
    [
      "DEB-3B70BA29",
      30.809198597012003,
      -92.21134213121627,
      448.15723254159184
    ],
    [
      "DEB-3E624ED8",
      -47.46680482746934,
      20.111038698489242,
      469.3862642611566
    ],
    [
      "DEB-0146F613",
      -36.80952529613479,
      -17.074800668634314,
      501.0979361618629
    ],
    [
      "DEB-31F61B8A",
      40.93232735945031,
      -61.75580419872045,
      725.0191099916519
    ],
    [
      "DEB-A170ACE7",
      -13.670422906477532,
      -40.69004514754731,
      336.92026426222765
    ],
    [
      "DEB-AD664E73",
      15.475122639744287,
      87.36272288433422,
      737.6731409761078
    ],
    [
      "DEB-1DD721A5",
      10.083134792817322,
      -169.06651889332593,
      317.52674854065026
    ],
    [
      "DEB-8D9E52F8",
      11.340666741136328,
      -15.606571952912995,
      266.5480291914255
    ],
    [
      "DEB-C28DBDB2",
      -37.88957009285409,
      -110.33485143877175,
      417.32156341356676
    ],
    [
      "DEB-D0D71C96",
      25.336311415925667,
      89.66868015132572,
      490.896821861802
    ],
    [
      "DEB-68875212",
      50.306235559031826,
      17.545925787491136,
      912.9124046005918
    ],
    [
      "DEB-12FFAD77",
      20.79683944789258,
      78.55948059196923,
      426.3426286417571
    ],
    [
      "DEB-FB5A6F21",
      29.630871448656013,
      46.05685469330593,
      623.6732599124425
    ],
    [
      "DEB-2B87BBAF",
      58.69740931729505,
      -107.34737785029111,
      759.5135825395164
    ],
    [
      "DEB-91AF6E3B",
      -15.534112337926338,
      -146.84570690104226,
      292.74647065591944
    ],
    [
      "DEB-6FF4A604",
      -37.330701292700965,
      -53.161497438891324,
      912.9533020513327
    ],
    [
      "DEB-4ACC6056",
      -30.630158839825874,
      -0.8461155212252583,
      301.2242551569607
    ],
    [
      "DEB-35134C91",
      -57.80628189940538,
      -173.17331928053972,
      574.7140399216469
    ],
    [
      "DEB-5D08F1B8",
      -34.242351269140414,
      67.47137425149587,
      765.7283590683919
    ],
    [
      "DEB-23F6F437",
      21.366911666459817,
      -141.28438419594428,
      600.8749767660765
    ],
    [
      "DEB-7681BB48",
      -48.50771290699148,
      94.04997503005768,
      558.5288213558852
    ],
    [
      "DEB-EB633D97",
      -11.862531766891797,
      53.59556360014654,
      912.9666157838492
    ],
    [
      "DEB-25FA7F55",
      -35.20416829079647,
      -51.15642459352079,
      765.9729458905567
    ],
    [
      "DEB-F0376B27",
      61.447021690198376,
      -42.93501798345467,
      516.1221743493925
    ],
    [
      "DEB-4B2701C5",
      26.545679874869677,
      -159.84542781251315,
      686.1850709113141
    ],
    [
      "DEB-827FF1B3",
      37.167756105735094,
      -56.00552165974388,
      439.8397347767268
    ],
    [
      "DEB-DBC0FAA8",
      41.105285001318954,
      -8.540877274947434,
      135.52170389431285
    ],
    [
      "DEB-475811A6",
      36.56746887167173,
      -25.524234587662665,
      809.0787042797101
    ],
    [
      "DEB-B761B09F",
      -72.33078393323545,
      21.233527680163444,
      284.46102911806884
    ],
    [
      "DEB-CC6B8442",
      19.107160503586673,
      80.27073637560414,
      906.7105313112452
    ],
    [
      "DEB-D5914D99",
      37.00762108591763,
      80.79599442216383,
      530.88665049686
    ],
    [
      "DEB-AFD05E13",
      6.937901902928572,
      33.699147010130574,
      901.4411919713039
    ],
    [
      "DEB-F68C052C",
      31.214248818552964,
      -131.94084119807664,
      261.67257899578635
    ],
    [
      "DEB-99CE3978",
      49.26803322350876,
      16.991589788604593,
      239.54520155482805
    ],
    [
      "DEB-7B72705B",
      28.338817036419286,
      171.25484350572583,
      332.7225148366033
    ],
    [
      "DEB-755E8C8C",
      26.5224203693175,
      108.66516419369452,
      315.94536616588084
    ],
    [
      "DEB-67C63BC3",
      -58.789310436876335,
      -105.01921768947948,
      776.778417537329
    ],
    [
      "DEB-3B87CC66",
      7.932163724260289,
      -54.76885730710506,
      641.5525011111549
    ],
    [
      "DEB-1CE53B62",
      -42.898415225928055,
      84.40949515140802,
      656.1399166236406
    ],
    [
      "DEB-B6BD248E",
      -9.986929645390878,
      18.928205821024655,
      253.38787352685358
    ],
    [
      "DEB-A3994653",
      -7.657275025965263,
      59.49006813655642,
      287.790233776449
    ],
    [
      "DEB-AE085CC2",
      1.7670305224740637,
      -154.30689905717148,
      316.326966755938
    ],
    [
      "DEB-DA22559E",
      21.779119652555053,
      -144.3087752595106,
      786.2417928064933
    ],
    [
      "DEB-C0916D6B",
      31.934527858252945,
      113.95987749970844,
      574.1197897507864
    ],
    [
      "DEB-264DC696",
      -16.51076164768216,
      -107.448363335234,
      338.3323044382014
    ],
    [
      "DEB-F8AECDEE",
      -3.872357774080644,
      -63.352154893357564,
      338.0847504705989
    ],
    [
      "DEB-7916FCDC",
      -66.82831523922175,
      -74.98743132394371,
      665.5002852048092
    ],
    [
      "DEB-31CBFE51",
      -40.01728194350598,
      -153.14202974083224,
      296.5967866423316
    ],
    [
      "DEB-835FB006",
      -24.682696481751073,
      -37.250270045110156,
      426.6200037122935
    ],
    [
      "DEB-8EC06EB9",
      -2.3159997223768087,
      -169.28072910124504,
      906.8351420464469
    ],
    [
      "DEB-965AFAFA",
      -17.045689052491145,
      148.41252264131853,
      918.7840389471085
    ],
    [
      "DEB-A021D99E",
      -49.067309291911464,
      -97.03029000044332,
      568.3769133381174
    ],
    [
      "DEB-331B392A",
      7.514278591793601,
      11.333841412183357,
      714.8983176717593
    ],
    [
      "DEB-C91C9540",
      -38.07054889065339,
      173.71113812225374,
      718.6621438357124
    ],
    [
      "DEB-E96B4633",
      28.81013182634886,
      67.68596992868456,
      634.4558171645203
    ],
    [
      "DEB-0EF956A5",
      7.187430976091502,
      -37.04071820853011,
      203.8818188250525
    ],
    [
      "DEB-42691D59",
      78.79877938184616,
      101.97333032667363,
      165.23136609914127
    ],
    [
      "DEB-FF6B51E3",
      -5.277762918539157,
      119.48823285472619,
      293.5170841335612
    ],
    [
      "DEB-96A4E9C4",
      7.8842754093904475,
      109.001163722925,
      531.0270365007837
    ],
    [
      "DEB-4AC7A5A4",
      -72.34141650560005,
      -44.66275600192067,
      368.7896996559766
    ],
    [
      "DEB-18F92AFC",
      -8.249157604152478,
      132.8683364010056,
      903.0259808286946
    ],
    [
      "DEB-8A114B96",
      -61.04765273384427,
      169.35223799433766,
      541.050032510434
    ],
    [
      "DEB-CABD68E9",
      -1.728725139558374,
      152.67432299123448,
      187.59172330001547
    ],
    [
      "DEB-DB03795D",
      -78.27803113628431,
      -6.395907355050996,
      676.5064199282633
    ],
    [
      "DEB-A72E6ECB",
      -40.02618233170307,
      -48.87100983376973,
      798.5233686629281
    ],
    [
      "DEB-DF0F98E8",
      -33.00812777205082,
      -85.09331516807833,
      353.4361111896069
    ],
    [
      "DEB-2FE615A1",
      -9.789512662469168,
      -18.79026364717478,
      795.7757653118242
    ],
    [
      "DEB-4D426917",
      45.490875966680555,
      -43.26491831736409,
      303.20118365941835
    ],
    [
      "DEB-561BF79A",
      -47.594367407665224,
      -175.55954637773732,
      603.3874232671869
    ],
    [
      "DEB-4285C10A",
      -21.90572089425275,
      -174.62250040296254,
      682.3213182803429
    ],
    [
      "DEB-2A92D71A",
      -27.165460948269576,
      -1.8110045201749652,
      265.23700770744654
    ],
    [
      "DEB-824C4F82",
      -56.197877072664106,
      164.41254943524217,
      747.0853847136095
    ],
    [
      "DEB-143490C5",
      44.79160556493119,
      177.42466486609857,
      292.78831320810787
    ],
    [
      "DEB-9CB4E4A2",
      6.882146889854139,
      -9.813718938809094,
      284.53749349383634
    ],
    [
      "DEB-16E6C652",
      -35.71055740993944,
      84.75441809861952,
      639.0571638443189
    ],
    [
      "DEB-D6C609BE",
      31.3892806642478,
      75.22263522318066,
      628.3080891895415
    ],
    [
      "DEB-5EBA73DB",
      -43.34941782007063,
      -88.46228463605617,
      805.8219700986856
    ],
    [
      "DEB-B38DC9C9",
      -26.624159632964304,
      80.8531284668599,
      553.6528909134877
    ],
    [
      "DEB-5A636BFF",
      35.01948749313748,
      -127.82519975755444,
      701.1848708079506
    ],
    [
      "DEB-4B534142",
      -7.6098595574719,
      13.386265699707856,
      171.4747310294697
    ],
    [
      "DEB-C152DD49",
      -4.748395711725222,
      -126.02393592213207,
      913.86556668086
    ],
    [
      "DEB-BCF00345",
      -39.055842729137225,
      13.432797714510164,
      719.9299430175006
    ],
    [
      "DEB-9828A87D",
      -56.38063387312781,
      27.60433923982385,
      575.3567661736051
    ],
    [
      "DEB-CC3E1B61",
      -20.895911290928478,
      119.34713482703083,
      456.7213879238716
    ],
    [
      "DEB-64E4AD68",
      39.470764827643144,
      171.78291585898808,
      873.8555269640392
    ],
    [
      "DEB-AFCC0A22",
      63.72324466458337,
      80.50951931352425,
      886.6841383943402
    ],
    [
      "DEB-23FB5426",
      33.62071326116093,
      -25.3377963309632,
      159.65376007986924
    ],
    [
      "DEB-4C04C238",
      73.14007017418488,
      -42.753068429093716,
      173.628085175862
    ],
    [
      "DEB-B29CCE6D",
      32.256995450075415,
      -160.3995242364319,
      806.4838687700512
    ],
    [
      "DEB-4DD841FF",
      31.02517454810676,
      -154.4461489917319,
      567.1727858154973
    ],
    [
      "DEB-AF7E48AE",
      -0.8640376621368453,
      14.763069056123387,
      680.5284762598912
    ],
    [
      "DEB-96DA76EB",
      8.297932050309486,
      170.9001791611705,
      636.4697235700069
    ],
    [
      "DEB-7B8784A0",
      -7.371191350912252,
      -51.84031332143231,
      609.3617213177322
    ],
    [
      "DEB-C0C87B58",
      -18.518850408938135,
      90.2002407026409,
      564.642085492811
    ],
    [
      "DEB-59B35183",
      -56.83368231308867,
      -32.844034957437486,
      726.7991702680747
    ],
    [
      "DEB-9E13B9BE",
      40.990418238627434,
      -110.86112882633509,
      680.7508275497794
    ],
    [
      "DEB-37984B76",
      29.83643343583586,
      23.51891419301638,
      136.57899984100277
    ],
    [
      "DEB-6657F1CC",
      76.69867251897215,
      -24.29897054030739,
      725.2223741915486
    ],
    [
      "DEB-CF2A8909",
      21.84381049085425,
      83.10175502527365,
      805.4662200219773
    ],
    [
      "DEB-AA8032CC",
      11.036057717200112,
      141.40897896973584,
      862.0305107605018
    ],
    [
      "DEB-8D2E307E",
      -24.83682232855903,
      1.4738855937873692,
      518.9774827122956
    ],
    [
      "DEB-820B8CBE",
      -27.086391234758008,
      70.86215589486555,
      846.8158422890392
    ],
    [
      "DEB-ECCFB5C8",
      41.19956495111821,
      -81.52965195849407,
      560.8580323479282
    ],
    [
      "DEB-19CD41FE",
      -34.65119134843855,
      -55.72055677779865,
      208.93755372874057
    ],
    [
      "DEB-25BB2E95",
      -24.663840243765577,
      -131.37701657695698,
      755.0674358995229
    ],
    [
      "DEB-D88E4615",
      2.3805614209272763,
      86.89442995801737,
      645.2479193630579
    ],
    [
      "DEB-D33E36B7",
      -1.7964208783224,
      -45.03021868596316,
      295.6039872573019
    ],
    [
      "DEB-C1543946",
      -40.3464346797376,
      -30.736133518404024,
      205.6289461835122
    ],
    [
      "DEB-3C82E7E3",
      -15.53292500385798,
      175.1773302804987,
      309.95535162096894
    ],
    [
      "DEB-82DA0359",
      -10.262411864142214,
      -41.91135658627918,
      273.93999039967366
    ],
    [
      "DEB-90B2E88E",
      -79.25947807642466,
      132.23773938826346,
      306.7499752460908
    ],
    [
      "DEB-763D88C5",
      -27.1215228220687,
      167.68270501211867,
      598.2066183797979
    ],
    [
      "DEB-CCC30928",
      -23.43184065669743,
      -81.91324268408597,
      791.0115014631565
    ],
    [
      "DEB-62241C85",
      22.686586625647756,
      -139.8545949864172,
      327.862093132625
    ],
    [
      "DEB-DC004711",
      36.813542994516304,
      -92.35843509380862,
      897.3118308203229
    ],
    [
      "DEB-632F00E5",
      -48.42779040458641,
      7.557187742573006,
      283.2621889808879
    ],
    [
      "DEB-6CD9B8E1",
      62.991788798412905,
      -80.08369143203424,
      755.8558371445424
    ],
    [
      "DEB-423EDB93",
      -46.16687459198844,
      32.91095879838323,
      220.11453024856746
    ],
    [
      "DEB-858E439C",
      52.91235303139705,
      148.04624422666436,
      499.92564592954295
    ],
    [
      "DEB-9B19D7C1",
      -67.22514193917281,
      166.80117648510162,
      559.6517838878399
    ],
    [
      "DEB-4E68410B",
      21.058352879245838,
      72.75432718821922,
      850.0624866870494
    ],
    [
      "DEB-0C0FC89B",
      9.861288844753293,
      -170.82300542919248,
      693.1611641796098
    ],
    [
      "DEB-D192ED9A",
      -11.58328780840335,
      -139.12962373234836,
      470.79559585718016
    ],
    [
      "DEB-12142195",
      22.824210975001705,
      152.15329941905057,
      138.86743966713402
    ],
    [
      "DEB-B7694B61",
      43.36500819650116,
      -93.40068901017095,
      889.4427624559785
    ],
    [
      "DEB-5DA3BD5E",
      40.70010988759255,
      -62.2187494370053,
      272.4419339156102
    ],
    [
      "DEB-B1F7F7DF",
      47.07627283083281,
      -83.62786293622032,
      511.9317411069287
    ],
    [
      "DEB-E1D78027",
      -36.58073895270495,
      -86.17816745024423,
      449.5842171594968
    ],
    [
      "DEB-3C46E6BF",
      29.567245551046355,
      80.56879499200542,
      797.4033825293045
    ],
    [
      "DEB-74A2CB65",
      15.701482816013117,
      140.8339740010588,
      858.4237629347654
    ],
    [
      "DEB-F43241AD",
      -2.349748301905674,
      -64.37790633449174,
      193.52999074998388
    ],
    [
      "DEB-AA8E1FFF",
      -7.793639821008921,
      42.96929408376411,
      821.2610115773496
    ],
    [
      "DEB-D8A0F8D2",
      36.456684601696345,
      102.11279610722458,
      817.2122517639918
    ],
    [
      "DEB-04F70236",
      10.5327274003526,
      -54.87231735118379,
      610.0712968029229
    ],
    [
      "DEB-8E02C3E5",
      -4.955317594271193,
      105.87527622797992,
      318.3300145837147
    ],
    [
      "DEB-5138B0DD",
      44.22969406108672,
      44.86028969303344,
      588.5776630226137
    ],
    [
      "DEB-FF821130",
      57.4174600607107,
      -18.359340260311992,
      748.5446968209744
    ],
    [
      "DEB-6CE8D9F9",
      65.09148794150492,
      -173.00588846561658,
      898.5363960547857
    ],
    [
      "DEB-12456EDB",
      26.920471931476023,
      -123.41831979076933,
      158.96229345626944
    ],
    [
      "DEB-37B2DADC",
      -8.71108810022043,
      -105.71808314803383,
      320.65356500964936
    ],
    [
      "DEB-C6AFB6F9",
      -15.176856730518198,
      121.28462475951498,
      603.5299675119459
    ],
    [
      "DEB-AA79C53A",
      54.9033275550262,
      134.87508393230044,
      251.1357625596902
    ],
    [
      "DEB-B2E8FE22",
      22.23442989000477,
      -58.34181568923918,
      798.2086814787217
    ],
    [
      "DEB-A31E6C96",
      19.441896194037945,
      131.6684655898715,
      730.3446422814832
    ],
    [
      "DEB-86F256C5",
      -0.8653645945615801,
      54.153013819600844,
      648.8867199664955
    ],
    [
      "DEB-BCA22C9F",
      -11.316672098601,
      92.10454417049601,
      461.6247032281826
    ],
    [
      "DEB-AEE997E4",
      6.7022371571310035,
      -108.47542738903151,
      428.66927503521674
    ],
    [
      "DEB-7F2B9EE4",
      8.857603183249635,
      -76.04967186406802,
      421.5947756445448
    ],
    [
      "DEB-001CE41C",
      -3.537349286860403,
      132.44897600562564,
      543.7014298315244
    ],
    [
      "DEB-5BDCB303",
      -81.92987601770206,
      -40.311008018750776,
      187.69606584915437
    ],
    [
      "DEB-06DDD499",
      -48.706169143705196,
      50.41289480387315,
      731.3501796526516
    ],
    [
      "DEB-1DE3E681",
      -12.245707792217084,
      -106.63082841335154,
      866.419853577393
    ],
    [
      "DEB-A5C9A688",
      -52.38471306204159,
      -7.579580834902724,
      489.41643316609134
    ],
    [
      "DEB-287021B4",
      5.938565679660359,
      -111.0773962421327,
      855.4259348986152
    ],
    [
      "DEB-EA857E50",
      -12.69216912081127,
      129.62831610459992,
      134.47082997280813
    ],
    [
      "DEB-755A248C",
      0.4751007947064788,
      89.55870613978827,
      127.52198909707204
    ],
    [
      "DEB-CCE96D87",
      -39.178574518059676,
      57.990026986130644,
      240.79527052416415
    ],
    [
      "DEB-5BE53622",
      -11.036907862280389,
      -176.58090524733177,
      422.7657016187304
    ],
    [
      "DEB-B3873060",
      -3.1888016623865902,
      104.62370884707403,
      646.2905315489634
    ],
    [
      "DEB-977582F0",
      2.697335764269575,
      -157.6098506244965,
      650.6104447217094
    ],
    [
      "DEB-C5CA578C",
      -4.556993934546615,
      173.75515374217892,
      746.1245273241038
    ],
    [
      "DEB-F0C44E87",
      20.251473306302103,
      125.68057798809139,
      416.9225698299042
    ],
    [
      "DEB-82430B71",
      3.691191841508943,
      106.51527760056057,
      683.8189859671847
    ],
    [
      "DEB-F420FFB3",
      -52.21006041983123,
      -102.48283097766013,
      253.4117752109405
    ],
    [
      "DEB-AC1F8698",
      54.32438232061915,
      42.587759394877814,
      902.8080375476047
    ],
    [
      "DEB-D0509BF9",
      -35.353855468715444,
      42.91316973493649,
      673.4804031638632
    ],
    [
      "DEB-8E66E9FB",
      49.465418714372866,
      154.78946702168122,
      459.18091559501045
    ],
    [
      "DEB-B5862F30",
      17.076754586933674,
      154.55990652353498,
      177.2416986074404
    ],
    [
      "DEB-C2EAA3A3",
      61.484966447130226,
      131.77392547263645,
      636.2660753771561
    ],
    [
      "DEB-E81592AD",
      12.133943571188182,
      144.04141064478696,
      298.5335532150484
    ],
    [
      "DEB-7D22DBDE",
      -3.8941919364202278,
      -3.5465948370128144,
      668.3400146320382
    ],
    [
      "DEB-A4A0DE48",
      -30.31386914719611,
      -108.49814472721485,
      244.6856278498517
    ],
    [
      "DEB-6E718C07",
      -47.289012504162116,
      -174.85018539004477,
      332.98965902019245
    ],
    [
      "DEB-97F7AC8D",
      -47.58885055328738,
      -72.90935858100605,
      721.2730167643131
    ],
    [
      "DEB-5B0D5BFB",
      -29.329501731393357,
      -143.19062814173716,
      222.6743613645749
    ],
    [
      "DEB-9D45F496",
      -30.706971909089756,
      100.2213459753138,
      742.5838027985483
    ],
    [
      "DEB-A897DDE4",
      50.0620127100866,
      55.41293485439262,
      836.3637969097545
    ],
    [
      "DEB-A2336979",
      -19.87136131319502,
      95.79321180898464,
      826.3132248996917
    ],
    [
      "DEB-A2BE4B45",
      -35.75544785533193,
      70.86309522841509,
      233.90972012475322
    ],
    [
      "DEB-F377F5C2",
      -9.690508385212631,
      -76.26903016462674,
      477.3311764118189
    ],
    [
      "DEB-CEAB061D",
      -80.50757154490667,
      149.72006710248445,
      266.73623901174415
    ],
    [
      "DEB-1DF03A18",
      -67.1908855593881,
      -144.9700824068392,
      202.68779634858765
    ],
    [
      "DEB-968620CF",
      -2.3310886856127744,
      161.98578913596856,
      423.1222162996328
    ],
    [
      "DEB-D8258E23",
      -47.097159728886105,
      30.86313830652814,
      391.934853172982
    ],
    [
      "DEB-6E3757B9",
      9.55524808853527,
      -52.9453169978479,
      295.62277774138056
    ],
    [
      "DEB-C1D2D924",
      -40.33576177790684,
      74.46333079748356,
      246.72168724058702
    ],
    [
      "DEB-5AF6AC93",
      10.156421757402603,
      125.33224244732425,
      574.2437864758595
    ],
    [
      "DEB-774E84E9",
      -63.998577047741584,
      179.13407275283092,
      609.7519852022679
    ],
    [
      "DEB-2E4549D0",
      27.494150842582194,
      179.60409237156813,
      413.4628584266138
    ],
    [
      "DEB-A8C0C7F3",
      16.464827696196352,
      105.44793429960033,
      635.0364478561851
    ],
    [
      "DEB-D9C49C56",
      45.56786024118075,
      -154.8034044255597,
      599.8137770007252
    ],
    [
      "DEB-E02F4EE6",
      -77.76779669769594,
      58.08617940228299,
      906.9682037916136
    ],
    [
      "DEB-6489ED55",
      -72.97506841617604,
      -127.92141341953355,
      396.6690177749779
    ],
    [
      "DEB-4055496B",
      -1.5080857603360431,
      -153.59694075193676,
      687.549176984483
    ],
    [
      "DEB-251A27E9",
      67.46064936826515,
      162.86669649885695,
      901.1882934298483
    ],
    [
      "DEB-5DFEC037",
      -44.21094541236343,
      128.23854554125847,
      582.010015328533
    ],
    [
      "DEB-4D02060E",
      -25.833184479396873,
      -136.67605990577022,
      919.049866419592
    ],
    [
      "DEB-53C817BC",
      -41.30630851683053,
      42.82561928857169,
      570.7898485976084
    ],
    [
      "DEB-D77E388F",
      -4.33652650992888,
      22.66760095179071,
      494.28415102722465
    ],
    [
      "DEB-386CB42A",
      -28.653974248102042,
      -3.1333573803211685,
      644.0354376707692
    ],
    [
      "DEB-AF8D1AB7",
      -51.77060469169791,
      -143.24031680750298,
      606.7915800661322
    ],
    [
      "DEB-1865F652",
      17.173204967534904,
      138.1917188873212,
      912.5145755934936
    ],
    [
      "DEB-BA385A39",
      8.726500573224646,
      82.57526772791977,
      474.6415279377261
    ],
    [
      "DEB-EAB7FC0E",
      -38.39397876856107,
      120.7910827899726,
      908.8212617545641
    ],
    [
      "DEB-3C30319F",
      15.054359014558397,
      -126.08479954476341,
      294.9732763669881
    ],
    [
      "DEB-EEA87CBA",
      -7.560555694105036,
      -105.97431645086705,
      370.0881999405892
    ],
    [
      "DEB-64DE100A",
      42.33370831654608,
      58.55331698418064,
      272.97677364347874
    ],
    [
      "DEB-32690567",
      76.50065067676844,
      -118.03697583848684,
      755.559765037704
    ],
    [
      "DEB-D04F8A07",
      -37.93180506398852,
      51.03963483496528,
      262.30098470979283
    ],
    [
      "DEB-F5012F03",
      87.02892216042116,
      79.354493227024,
      631.2903309263356
    ],
    [
      "DEB-D6667236",
      -2.2798258245091314,
      -110.68115083765629,
      634.0688957458187
    ],
    [
      "DEB-06F2C622",
      10.005925332273083,
      157.8347623677246,
      642.5723255273979
    ],
    [
      "DEB-287AE259",
      85.51559871936487,
      109.91147961815199,
      220.4756802090751
    ],
    [
      "DEB-B9C737A0",
      46.39411635393596,
      58.268827266097986,
      161.19609762506843
    ],
    [
      "DEB-79549E6D",
      9.240778903571302,
      96.69247886775486,
      591.4840807134224
    ],
    [
      "DEB-2C4DCFA2",
      22.637863852638397,
      68.98516018080403,
      750.5664062999185
    ],
    [
      "DEB-A387C1A5",
      -36.21035411379182,
      -168.6415088136973,
      243.1925314880691
    ],
    [
      "DEB-8EE08378",
      45.75985936179431,
      -80.92699756473094,
      843.9719824593367
    ],
    [
      "DEB-F25DE49F",
      -17.342339231599155,
      -99.87301389224302,
      679.0326018043752
    ],
    [
      "DEB-66862961",
      23.80206058652582,
      8.288285571969187,
      561.2507050264603
    ],
    [
      "DEB-0764C8EE",
      42.438426191920286,
      -83.1919257533063,
      688.7586434576933
    ],
    [
      "DEB-4FC70808",
      -23.57805982210825,
      -11.564666876288062,
      442.28177625103217
    ],
    [
      "DEB-E6FE4F9D",
      -0.8922368597404382,
      22.100255809462,
      535.1657154364293
    ],
    [
      "DEB-12584053",
      20.330720171811123,
      90.95109039853669,
      507.54967138755546
    ],
    [
      "DEB-13D0F3F6",
      -19.47545621514904,
      -53.33775731470521,
      245.4361394937132
    ],
    [
      "DEB-BAEBFE0B",
      24.825604352982925,
      141.9533208923313,
      302.3768264482924
    ],
    [
      "DEB-2FB410F5",
      51.96641436414503,
      -46.582666243601004,
      812.4864546359931
    ],
    [
      "DEB-CA58D70E",
      -42.837427356430595,
      -157.65866509504102,
      888.3433700022897
    ],
    [
      "DEB-3E31EF1A",
      6.952109117142155,
      42.777347783149935,
      326.20102152936033
    ],
    [
      "DEB-BD6D8ED4",
      37.60817896166268,
      74.26150340167997,
      593.1095558337838
    ],
    [
      "DEB-844DB246",
      56.76734080847934,
      -124.92247770045408,
      489.4992313747307
    ],
    [
      "DEB-9DBDA92F",
      5.103751005072345,
      0.5643191525946877,
      565.5621453061831
    ],
    [
      "DEB-670907B9",
      18.336413969199562,
      -175.4397270860712,
      613.1458145077831
    ],
    [
      "DEB-A92C59B3",
      41.24717205405425,
      -109.49147103454092,
      237.34060776949264
    ],
    [
      "DEB-BC521FCE",
      29.0464299694775,
      83.65664514714126,
      214.46975511992878
    ],
    [
      "DEB-A6B9A347",
      -36.215089335868505,
      -97.22069564776181,
      918.8980450599656
    ],
    [
      "DEB-DA9E4172",
      16.954326650855844,
      -113.14151826687484,
      353.47210079918386
    ],
    [
      "DEB-9C331714",
      -8.881111392777287,
      77.28136852832624,
      206.12793579609115
    ],
    [
      "DEB-9450DF7B",
      -55.127827397454034,
      -19.08724638182311,
      433.8448679693074
    ],
    [
      "DEB-56232AC4",
      -28.68576835981846,
      17.036152114474817,
      610.8732426226334
    ],
    [
      "DEB-31876A10",
      29.18672606861124,
      -147.89611357949113,
      269.0286923778676
    ],
    [
      "DEB-C0DAD20F",
      -39.571599309172,
      -26.947802367647068,
      625.3227847322114
    ],
    [
      "DEB-2E041433",
      17.548163599437032,
      142.1597484368696,
      320.3334431169087
    ],
    [
      "DEB-743153B8",
      -27.36379018668442,
      -108.62928546657213,
      700.092950852274
    ],
    [
      "DEB-EBA48AE2",
      29.64837980210886,
      -2.430409023948207,
      366.5839691079045
    ],
    [
      "DEB-32E43CF3",
      -26.606537366989528,
      35.61052409537621,
      392.5902311807795
    ],
    [
      "DEB-8DED89D3",
      -85.67356787965588,
      -127.54066547363855,
      511.95192234598653
    ],
    [
      "DEB-DE084C84",
      -7.704028768387034,
      26.641890087520657,
      308.3925766984703
    ],
    [
      "DEB-346390E6",
      -14.219229599053373,
      -149.24995089955618,
      410.994506401782
    ],
    [
      "DEB-EE6CB948",
      21.770491118668442,
      54.79965350736231,
      903.6532177578956
    ],
    [
      "DEB-A7C02706",
      6.259063738606777,
      50.61875200489161,
      476.3186265145623
    ],
    [
      "DEB-0052DCA6",
      60.132673359694536,
      43.41337058042931,
      331.9639945836316
    ],
    [
      "DEB-B91BD7AC",
      14.783053593671521,
      -129.67167967840282,
      489.74154138670565
    ],
    [
      "DEB-685B94A0",
      37.24945475259387,
      10.089999956376094,
      818.0023199944144
    ],
    [
      "DEB-BE037F4E",
      -15.271008881100556,
      93.99505988652781,
      610.2996557144588
    ],
    [
      "DEB-278A3730",
      -26.630714595337988,
      -142.19441280202074,
      692.6315346066485
    ],
    [
      "DEB-C0691811",
      -0.7777434083955764,
      107.01663542213666,
      702.6053256034129
    ],
    [
      "DEB-7772F869",
      -23.00856936616041,
      84.57453430172193,
      270.2168491488419
    ],
    [
      "DEB-9D128073",
      29.55728444242612,
      -93.52898243950811,
      329.9875676340962
    ],
    [
      "DEB-EEABE58B",
      34.378004046315915,
      -179.7875803786305,
      799.7802789835678
    ],
    [
      "DEB-63168328",
      -16.96517237682436,
      -120.87673424940566,
      882.8748630949212
    ],
    [
      "DEB-D31FB2F5",
      34.58232885835177,
      -22.748889098900204,
      867.312966538414
    ],
    [
      "DEB-F5CE0608",
      13.169523635324838,
      145.11356652486984,
      850.7025595446921
    ],
    [
      "DEB-8E169755",
      3.460482880188787,
      -130.70861420239424,
      515.463960876742
    ],
    [
      "DEB-141AB4C5",
      2.0847716953789304,
      -14.752267573706316,
      509.4636226063976
    ],
    [
      "DEB-788F920D",
      -13.409882367575888,
      -6.860848516521449,
      244.99941520942684
    ],
    [
      "DEB-333A3B68",
      -33.588795508637695,
      -97.69755504351777,
      226.35503710999092
    ],
    [
      "DEB-AFA38B68",
      24.99704825185819,
      -56.67083344766665,
      781.0396232576395
    ],
    [
      "DEB-E69201EC",
      -12.350315843373332,
      -83.75894582671094,
      344.67009610889363
    ],
    [
      "DEB-9B5E2288",
      15.649927302383665,
      89.83788021223401,
      826.6302975363251
    ],
    [
      "DEB-882CBFC5",
      -19.953884664962676,
      -125.73496920559133,
      418.2663918947437
    ],
    [
      "DEB-908249E8",
      22.989721010061455,
      121.16283579639828,
      486.959401106953
    ],
    [
      "DEB-27E09D81",
      33.10432156450198,
      35.855780866731564,
      192.44757391834992
    ],
    [
      "DEB-F338B4AD",
      8.16568204844932,
      -142.03261125560832,
      771.1142436650352
    ],
    [
      "DEB-F26BF0A1",
      -20.13591013949036,
      -89.53936306111433,
      531.1731207110215
    ],
    [
      "DEB-A73FB713",
      46.443146170859016,
      32.5784454151984,
      607.4900798635654
    ],
    [
      "DEB-ED2112CE",
      61.02004702226772,
      111.03450341388769,
      844.2963472470956
    ],
    [
      "DEB-BC168A20",
      -72.08548984752343,
      -106.0158022035823,
      277.72797202225047
    ],
    [
      "DEB-01B29537",
      -20.45803298448376,
      105.46161733932469,
      533.472238990923
    ],
    [
      "DEB-8F57F0A5",
      39.54084302684277,
      51.956378689391244,
      569.5041915715474
    ],
    [
      "DEB-28C06891",
      -35.975961263179514,
      -69.50005699418595,
      330.28141754778426
    ],
    [
      "DEB-F7B92B12",
      -84.25432262132809,
      -160.6674018333095,
      302.5917510076497
    ],
    [
      "DEB-5913CA02",
      -32.711998919119175,
      -1.3174889491106219,
      557.2914275185467
    ],
    [
      "DEB-51CF9853",
      -32.65310570711997,
      147.0745470691505,
      841.7098628627664
    ],
    [
      "DEB-C41D8CE9",
      -45.98704280321359,
      68.5663413372471,
      644.7530364666491
    ],
    [
      "DEB-19041E95",
      14.438716152085112,
      -97.43540618519881,
      656.9548847182095
    ],
    [
      "DEB-ED78E1AC",
      1.8715467594660167,
      128.48442166521426,
      471.3306523906258
    ],
    [
      "DEB-CC32563D",
      -82.9162479001825,
      -143.16222604379442,
      386.6668126536906
    ],
    [
      "DEB-24E551CD",
      -6.752231533972875,
      -130.8053793376581,
      624.9869242499053
    ],
    [
      "DEB-FF7F7F3F",
      61.084624706227736,
      -164.0211211642755,
      157.99431067753358
    ],
    [
      "DEB-7F58C4E0",
      -47.79518249435036,
      -102.70031252368227,
      356.99572027435715
    ],
    [
      "DEB-8D173B2E",
      -42.725460169358165,
      -132.7856112914616,
      458.1270379601665
    ],
    [
      "DEB-0CC7D2C0",
      16.812319559567722,
      171.08810540862063,
      657.7235849301551
    ],
    [
      "DEB-2BE08CC7",
      73.29624028921424,
      131.83933575770268,
      622.6351669376218
    ],
    [
      "DEB-353F14E5",
      -69.31700442797195,
      -72.6697807628742,
      703.8472845643219
    ],
    [
      "DEB-9D1D487E",
      38.51459073232423,
      14.889869904429663,
      261.7034133230063
    ],
    [
      "DEB-5E360729",
      -45.83339950035284,
      157.65048347718343,
      800.1428488842785
    ],
    [
      "DEB-15C3F799",
      4.017467212225388,
      -9.001453655518839,
      545.0782721781743
    ],
    [
      "DEB-3DB43BC4",
      22.65201134005556,
      38.692388085576155,
      482.1003785327639
    ],
    [
      "DEB-D8EEAF97",
      58.74537904551598,
      -83.87710940190031,
      344.92980641639224
    ],
    [
      "DEB-6F518F99",
      29.978172886858122,
      140.01121792649087,
      906.3525036000055
    ],
    [
      "DEB-966D2940",
      17.727288544795243,
      -174.8163404781147,
      437.15308596705836
    ],
    [
      "DEB-654A5893",
      28.792332468652532,
      145.45820254366933,
      405.23599380723954
    ],
    [
      "DEB-D98FD9B4",
      8.469579059014157,
      -71.18480660639894,
      468.1973172113421
    ],
    [
      "DEB-263A87A2",
      5.3369062270194965,
      -15.283469623190104,
      810.3727758023533
    ],
    [
      "DEB-6B5E76F8",
      -55.591007169181374,
      -125.59292177214007,
      208.35285184808708
    ],
    [
      "DEB-905CABB9",
      -46.83573452827846,
      12.490427035897856,
      732.8062936722026
    ],
    [
      "DEB-09FDCDD7",
      -71.19536944386462,
      -55.768138438322715,
      415.34918966229
    ],
    [
      "DEB-1140DE01",
      54.236556788334056,
      -135.93625275474187,
      461.5998500727592
    ],
    [
      "DEB-4F08D080",
      19.584450242124866,
      176.39766845209985,
      755.1700490490011
    ],
    [
      "DEB-313E2A58",
      -40.06015158804413,
      179.61744730361215,
      759.1235969885147
    ],
    [
      "DEB-42D32A0E",
      32.32409367583644,
      118.42567137314948,
      459.9998541474515
    ],
    [
      "DEB-CA4374A5",
      -53.45760503775098,
      -11.700507803544653,
      306.0271123944831
    ],
    [
      "DEB-F7A676AF",
      -49.73971140224579,
      125.90821069270491,
      566.6470355946776
    ],
    [
      "DEB-187421C0",
      -21.61782984276237,
      46.21185716254813,
      176.39236745828748
    ],
    [
      "DEB-A36ABEE3",
      -35.16000497290702,
      -117.97427002949927,
      360.8979326782037
    ],
    [
      "DEB-36DC280E",
      23.714042805615687,
      -168.20421440037998,
      224.02860598429015
    ],
    [
      "DEB-74889B1F",
      23.081033990089335,
      -99.8913802845654,
      701.1239365548863
    ],
    [
      "DEB-E407A1DD",
      -70.3847938422925,
      -150.27334027802777,
      200.0023178424144
    ],
    [
      "DEB-13D39FF7",
      -15.748690824814076,
      134.0115504029313,
      647.0893879976256
    ],
    [
      "DEB-ABCC5315",
      -39.51050779753876,
      41.82874541909064,
      239.1013700092508
    ],
    [
      "DEB-46C0DA1C",
      -26.871014086443566,
      -108.9832924888791,
      415.61277556511413
    ],
    [
      "DEB-D41946B8",
      8.771160616552542,
      -49.12633885929833,
      336.01870253226025
    ],
    [
      "DEB-0A83F7F7",
      20.329550242216392,
      61.13363143996609,
      889.6755694195726
    ],
    [
      "DEB-B6D57F7F",
      72.57452033079754,
      -58.575805804831916,
      177.23307658317754
    ],
    [
      "DEB-5DE2D6FE",
      -19.36343834477718,
      -26.293982849543713,
      546.1321872089748
    ],
    [
      "DEB-CB827949",
      -32.91646113011502,
      -1.416131602316774,
      197.37063710946313
    ],
    [
      "DEB-A73F8EA1",
      -24.73499407043539,
      -164.4723997601603,
      793.4184799062032
    ],
    [
      "DEB-4E1BD412",
      -48.90415194707815,
      -8.403262963009528,
      517.6468647572074
    ],
    [
      "DEB-7792F852",
      -22.77706149135343,
      112.73574889143157,
      394.5707786973826
    ],
    [
      "DEB-5F401E10",
      -15.677111316654653,
      9.61459238481662,
      412.46934670986684
    ],
    [
      "DEB-EFA3AF96",
      -20.15316140549778,
      -105.7930612144537,
      274.2333742075325
    ],
    [
      "DEB-D9979E9B",
      -37.32288030668977,
      155.66678901340643,
      408.93265716220503
    ],
    [
      "DEB-EA2E16EB",
      0.6474799994848462,
      137.8386201831645,
      569.6980572016646
    ],
    [
      "DEB-0F1F591B",
      -20.98054042500763,
      19.678630796141135,
      617.5717150581868
    ],
    [
      "DEB-6A24D6A0",
      12.73090556317862,
      110.81027537674532,
      862.5267165075429
    ],
    [
      "DEB-26B2D3B3",
      -24.141874070770303,
      9.420329897444205,
      322.9666858724895
    ],
    [
      "DEB-54D44756",
      -1.9257840258259769,
      128.31651148514715,
      601.0932750228731
    ],
    [
      "DEB-C9A9FE69",
      -48.598708936610485,
      -75.23762911662025,
      857.0388409365942
    ],
    [
      "DEB-E766C8CD",
      6.487980983341851,
      -74.02738129033017,
      414.30598078594176
    ],
    [
      "DEB-0744A857",
      -16.49957947657652,
      165.52789854415994,
      599.7935394028818
    ],
    [
      "DEB-B8144174",
      45.80522929293484,
      -21.236472747979356,
      162.2421546261421
    ],
    [
      "DEB-216CE890",
      -50.610238132583135,
      161.71325369783895,
      644.3872296973914
    ],
    [
      "DEB-8BF9A103",
      26.938279942004467,
      86.34552483778403,
      644.9351234658407
    ],
    [
      "DEB-429C97A2",
      33.30076729757718,
      116.23500318887051,
      846.5824080031916
    ],
    [
      "DEB-E2C7628F",
      58.89249703707144,
      -111.676811396565,
      456.98541244351054
    ],
    [
      "DEB-05A7D8D0",
      -58.36004491438899,
      -58.57681491644461,
      645.5982079413343
    ],
    [
      "DEB-A2ECB08D",
      -4.490000295149767,
      -111.34544942777818,
      312.1983353114638
    ],
    [
      "DEB-85687A99",
      9.609948651575221,
      122.68152631633136,
      371.470231876674
    ],
    [
      "DEB-2BCF71BA",
      -6.028806535840605,
      -43.943307330179614,
      887.977320669228
    ],
    [
      "DEB-827476AF",
      45.9951895018605,
      119.43451745250212,
      390.64254494755914
    ],
    [
      "DEB-3398997F",
      26.950217824924245,
      -149.41045862609366,
      179.18051081238082
    ],
    [
      "DEB-DA20B754",
      49.391611163088406,
      -103.81548944838381,
      208.24795380287833
    ],
    [
      "DEB-CF07CC18",
      -31.06007746847946,
      109.25691454138888,
      839.3703092295627
    ],
    [
      "DEB-72A85E35",
      -18.419310238165085,
      125.98386547322865,
      871.5021861761434
    ],
    [
      "DEB-32B2EA01",
      -16.648463407836985,
      -158.0311691337874,
      459.78024780269516
    ],
    [
      "DEB-884BEBEA",
      -37.752989562269164,
      -60.872320191961286,
      396.7498157992086
    ],
    [
      "DEB-4A2EFA28",
      38.985446871662845,
      -173.71429230870916,
      135.84903537739228
    ],
    [
      "DEB-306EBA58",
      -18.182605066885152,
      179.75750003532397,
      616.325211853854
    ],
    [
      "DEB-04B7D6C0",
      16.111562001356557,
      -12.058260998670601,
      133.8932056627482
    ],
    [
      "DEB-09969DEC",
      38.64685383219845,
      -158.59082041489654,
      885.8774252534604
    ],
    [
      "DEB-5D8C980B",
      9.67134203878496,
      122.53336197518043,
      799.0140241882145
    ],
    [
      "DEB-7C27E1CC",
      -10.699798915059858,
      -13.262617588466233,
      434.73265980770793
    ],
    [
      "DEB-9E96EC8B",
      -20.28213848046356,
      7.006506813400522,
      457.55011013907733
    ],
    [
      "DEB-9793470B",
      43.17929328138547,
      -50.42782775256357,
      422.7709575183253
    ],
    [
      "DEB-E3C90104",
      48.15251773601576,
      165.29262745698216,
      499.4525406763869
    ],
    [
      "DEB-984C913D",
      25.736741492888473,
      5.807291016484705,
      851.3965460728896
    ],
    [
      "DEB-BA5F23AF",
      -39.29603230840498,
      -21.181878613784637,
      815.9203264067382
    ],
    [
      "DEB-8F73EA04",
      -39.88773155963382,
      47.39126376152621,
      796.6305044641749
    ],
    [
      "DEB-7EC80A9F",
      -16.217961921962676,
      124.87112659618505,
      334.7764733793301
    ],
    [
      "DEB-11B63EC3",
      -21.88946618647118,
      -123.40980106296328,
      834.241665331926
    ],
    [
      "DEB-F33E90A8",
      -51.205297185034496,
      -65.22983532101956,
      334.43525041133125
    ],
    [
      "DEB-BC503867",
      19.330233842834566,
      67.96964671316317,
      250.46229260470136
    ],
    [
      "DEB-9359BA51",
      2.8036486318023197,
      106.46748871291665,
      189.7947853445421
    ],
    [
      "DEB-94916F76",
      -39.97509053837013,
      -146.71134490924703,
      702.8176228170341
    ],
    [
      "DEB-DE86D41C",
      59.55006041221683,
      142.99886311195218,
      210.30774918522275
    ],
    [
      "DEB-DE622212",
      -46.4591221796091,
      170.3858397890537,
      690.7759918569072
    ],
    [
      "DEB-6818940E",
      -26.313886344076188,
      153.61971164515722,
      568.9648030297922
    ],
    [
      "DEB-ABFEE9CD",
      -43.66677503796607,
      146.47241162838426,
      194.1111006604151
    ],
    [
      "DEB-8293964E",
      -44.835147290198,
      82.52990226007219,
      745.787676988024
    ],
    [
      "DEB-EA6C798F",
      -44.17027932050537,
      -78.2968692439263,
      829.037248831668
    ],
    [
      "DEB-BD3A4C90",
      76.50380129050237,
      68.41046197829353,
      160.78743478199885
    ],
    [
      "DEB-25B1D5A2",
      -17.351883157756127,
      28.782721383996527,
      887.8552453034717
    ],
    [
      "DEB-67F73E9A",
      -1.6684317669196953,
      -176.2074594009982,
      788.232662061102
    ],
    [
      "DEB-C1F092D4",
      57.13163978084794,
      -103.78332798803298,
      911.8341661998966
    ],
    [
      "DEB-CF20FF2B",
      47.580779351395144,
      -57.46155223054038,
      575.1747008252687
    ],
    [
      "DEB-4887B541",
      25.648437434364062,
      25.764916510075828,
      301.73118783065
    ],
    [
      "DEB-1DA35BA9",
      -38.81116669512006,
      -137.39436233122964,
      585.0278610476144
    ],
    [
      "DEB-81B72127",
      71.04544600723662,
      116.96444187925867,
      857.3191664872984
    ],
    [
      "DEB-E22582CB",
      9.477118581036795,
      -86.34654557123108,
      546.9868454507778
    ],
    [
      "DEB-885B40AD",
      55.58911418425826,
      -91.65168101691084,
      573.1348132083695
    ],
    [
      "DEB-2BE19383",
      -7.129510477937964,
      56.50100029715732,
      701.6463463701202
    ],
    [
      "DEB-26DACF5E",
      -51.77922964134916,
      -6.3472355734713775,
      169.72610710972913
    ],
    [
      "DEB-D0C7673E",
      34.21299597251226,
      -34.48180566680304,
      632.6613011526997
    ],
    [
      "DEB-9442F4E6",
      -69.88503281946979,
      138.3325859813627,
      798.0396867252139
    ],
    [
      "DEB-1F776B22",
      -53.71353694841402,
      73.40101197903702,
      732.3837930147492
    ],
    [
      "DEB-252D9400",
      -81.58808704842976,
      24.432565288122678,
      457.25747353197767
    ],
    [
      "DEB-12B46649",
      53.07351426414514,
      -105.43408130393108,
      880.363988785919
    ],
    [
      "DEB-35776FCD",
      28.622192713566296,
      -3.656415304001865,
      862.3139963777521
    ],
    [
      "DEB-462F2360",
      -12.701169693167481,
      -148.8803251250689,
      454.04645469868046
    ],
    [
      "DEB-6307651A",
      5.372882990788653,
      93.61966724039003,
      556.9253116655436
    ],
    [
      "DEB-6FBC4A4B",
      52.46773585589921,
      -138.6094933561519,
      736.0273280732472
    ],
    [
      "DEB-9911B6E9",
      10.778200393985221,
      153.47239775302413,
      226.87730145803653
    ],
    [
      "DEB-A6123403",
      -35.15451709205235,
      -70.57003364577422,
      473.20717973563205
    ],
    [
      "DEB-71D925B5",
      33.81293685548479,
      106.77687487974231,
      483.04407674985487
    ],
    [
      "DEB-039EB827",
      -26.898887342739314,
      114.60613250624058,
      838.330427494283
    ],
    [
      "DEB-F179ADB8",
      46.06273564669176,
      -151.80681610484817,
      229.68753823243424
    ],
    [
      "DEB-5D35853E",
      32.621106691131466,
      -44.884509032862525,
      160.48642524843763
    ],
    [
      "DEB-7D54F28D",
      21.10081369611267,
      19.195997186211144,
      209.75828470096712
    ],
    [
      "DEB-FFDD54BC",
      -1.7627345741347384,
      -29.667439579279666,
      838.2996451785639
    ],
    [
      "DEB-2005A68C",
      41.685338245870305,
      36.731985526963136,
      861.8069373051512
    ],
    [
      "DEB-4834A447",
      6.045695849314678,
      49.8411349473282,
      759.671899235912
    ],
    [
      "DEB-452EE42F",
      61.785686013363346,
      37.81398561420005,
      761.6999274982218
    ],
    [
      "DEB-E34494AF",
      4.651598673722347,
      -38.03053227341035,
      887.5263673454729
    ],
    [
      "DEB-D065D778",
      -10.02796444864228,
      -52.01671517584506,
      585.9543863653562
    ],
    [
      "DEB-61FCC62D",
      19.635560838876582,
      -138.90090774171284,
      227.6149104098531
    ],
    [
      "DEB-A32CDE3A",
      -0.901963647339295,
      -96.65729154506057,
      182.67460644986568
    ],
    [
      "DEB-EF8A4DB4",
      -62.99227842976673,
      179.8923891542066,
      519.2870305853221
    ],
    [
      "DEB-86364A79",
      -72.06389019334554,
      24.376557917262396,
      498.99171697499696
    ],
    [
      "DEB-B87EEAD5",
      -55.75997116174319,
      120.43767141285687,
      623.8356620612549
    ],
    [
      "DEB-A0AECB9B",
      -3.350099203540359,
      -51.829373167392845,
      435.4361087924235
    ],
    [
      "DEB-94040566",
      -37.44257701694296,
      -35.421802516688,
      270.19809711976086
    ],
    [
      "DEB-814E693F",
      -62.729659766327465,
      7.88691642344183,
      919.7905245678494
    ],
    [
      "DEB-D2F95F6B",
      17.695084009653048,
      -89.0981149675247,
      542.0441044797935
    ],
    [
      "DEB-C83E860B",
      48.572222703997596,
      -108.10387877857245,
      457.49543570846527
    ],
    [
      "DEB-77173A94",
      -42.35065591636822,
      -33.896783040540505,
      819.787539904336
    ],
    [
      "DEB-FC1087E5",
      -58.66560140701178,
      -166.84647699295417,
      164.00762722251602
    ],
    [
      "DEB-EDF9C1B3",
      -50.911597217175654,
      -23.499955257946894,
      363.7687012974593
    ],
    [
      "DEB-E035B964",
      -67.02873470912712,
      -170.2667094625852,
      660.1573346828891
    ],
    [
      "DEB-5DA5EF94",
      19.35183427953703,
      -75.34776980378778,
      613.1686574677597
    ],
    [
      "DEB-7F91C77D",
      -2.5669465585929006,
      19.121234967017585,
      452.34770871896217
    ],
    [
      "DEB-7586404C",
      32.87635706764059,
      66.75824565509556,
      340.94099014979565
    ],
    [
      "DEB-E17950BF",
      37.04650418578022,
      87.78633906716753,
      652.4622798705732
    ],
    [
      "DEB-1520F654",
      5.208261030262921,
      140.73290120480144,
      442.46881440955804
    ],
    [
      "DEB-26A977C4",
      21.32757538461396,
      -43.564933421772224,
      849.334252602901
    ],
    [
      "DEB-684FB498",
      -39.472298968933345,
      -75.30978099546617,
      774.5108986143296
    ],
    [
      "DEB-928FCD09",
      11.863246169942045,
      138.1919104028546,
      677.1799915278334
    ],
    [
      "DEB-1464E7AD",
      50.21239605570049,
      -44.98783640391234,
      713.6990328471948
    ],
    [
      "DEB-D582845C",
      -51.33479356573808,
      91.95750298795534,
      887.0525535550605
    ],
    [
      "DEB-B0B0FD4F",
      -20.141950661073878,
      -169.1899756479434,
      339.9731819459739
    ],
    [
      "DEB-09E22FEF",
      14.073635149228375,
      -130.68493250829474,
      410.0120177402978
    ],
    [
      "DEB-809F4EC6",
      4.06531915774035,
      57.768945561366344,
      496.00104919524165
    ],
    [
      "DEB-C80DE1EE",
      -15.260460986304654,
      49.404519218070725,
      153.5446927435587
    ],
    [
      "DEB-CF3EEB22",
      -20.30903754852174,
      3.1075871159996886,
      707.6476097631403
    ],
    [
      "DEB-5C413A7D",
      82.04882756493447,
      64.39026586317189,
      313.80226383538684
    ],
    [
      "DEB-23FA31B0",
      22.155863157053055,
      -63.2522366758677,
      404.14005266838103
    ],
    [
      "DEB-5EB2D407",
      8.645880209272528,
      143.37241116483767,
      707.7863715469139
    ],
    [
      "DEB-B50B5A69",
      67.15884604506803,
      132.8153286050711,
      899.6173125200648
    ],
    [
      "DEB-6ECB47C3",
      -39.2351300256408,
      63.72297334039784,
      792.0319642875311
    ],
    [
      "DEB-0F26AC01",
      42.81798805242264,
      36.4620011196573,
      357.3711058178369
    ],
    [
      "DEB-15A98F53",
      -12.494902165270673,
      -32.73494093570849,
      302.8017893609149
    ],
    [
      "DEB-F5ECA488",
      -0.32256743922380504,
      -132.17043369643568,
      529.5743023541281
    ],
    [
      "DEB-46A080A9",
      -43.77768619367596,
      171.61532546304338,
      156.66712001821907
    ],
    [
      "DEB-F7D0735C",
      55.88574856670697,
      120.65142345744744,
      479.06106679188633
    ],
    [
      "DEB-F82C12E0",
      -40.887161271779156,
      -135.82949667516138,
      875.7495694149529
    ],
    [
      "DEB-638020B3",
      -77.48188896048471,
      -86.64632556288026,
      481.80611688868976
    ],
    [
      "DEB-2BF3E156",
      -48.32362355253525,
      -159.72178750740522,
      191.66518467620244
    ],
    [
      "DEB-5C21B713",
      25.136266814661834,
      -144.97889699687045,
      258.7937597475293
    ],
    [
      "DEB-EB03C45F",
      -26.32623517186882,
      -56.892185054517114,
      123.2797427836731
    ],
    [
      "DEB-9312544B",
      43.36482138883028,
      71.4080085118489,
      778.1601759071282
    ],
    [
      "DEB-A1BF49AB",
      -30.031830922150647,
      -121.54412404928676,
      637.4368669740752
    ],
    [
      "DEB-F4B45651",
      -32.85715079313266,
      -80.29722167542796,
      791.0021946422175
    ],
    [
      "DEB-6C11A1A5",
      -6.2738321508685715,
      -49.6771411914105,
      830.1364952950844
    ],
    [
      "DEB-16690783",
      12.559122119606922,
      -127.64769569692449,
      283.34097005579315
    ],
    [
      "DEB-7D896D91",
      -40.786457027965504,
      -117.47309810809202,
      490.5728668408665
    ],
    [
      "DEB-F2D043A4",
      31.405676367454063,
      41.64620814741718,
      239.23980242546168
    ],
    [
      "DEB-685DD8DB",
      18.083219674783372,
      157.12523841174348,
      177.57809224167704
    ],
    [
      "DEB-02EC3E75",
      18.3669027813753,
      -61.749959395794185,
      396.0735031146378
    ],
    [
      "DEB-A3FBACC5",
      9.88000184704971,
      -78.27041961161099,
      882.8457191934567
    ],
    [
      "DEB-4A27D998",
      -82.2424184290683,
      135.97388410685528,
      274.28415499077073
    ],
    [
      "DEB-5DAEBCC8",
      -78.79213838007274,
      57.44464157472135,
      500.09535134921134
    ],
    [
      "DEB-228C6ACE",
      41.84716408237222,
      139.71007933637145,
      754.2107676848937
    ],
    [
      "DEB-34EBEE22",
      -6.4670189712357065,
      -86.74790686037026,
      748.8901021972206
    ],
    [
      "DEB-37C1B64C",
      3.4131054727233567,
      78.19492612123103,
      687.5362937442042
    ],
    [
      "DEB-733D66F7",
      -69.5475319840194,
      -48.73429133330489,
      763.8028392617252
    ],
    [
      "DEB-B7EDD7EF",
      40.79190233517414,
      -139.53774173685744,
      174.37259082396213
    ],
    [
      "DEB-2D0C564D",
      -46.58266888940925,
      -73.64615411715371,
      292.7857942256542
    ],
    [
      "DEB-C33DDBC5",
      29.987397734914058,
      32.4220012191405,
      414.9316618324956
    ],
    [
      "DEB-D722FB8A",
      -68.22946417849674,
      1.2957314161930502,
      380.7017421742803
    ],
    [
      "DEB-28FAAC11",
      16.026690762633798,
      119.40407839647726,
      900.1203869370138
    ],
    [
      "DEB-16D3015B",
      -51.793990614657176,
      -33.75030205333037,
      780.5745391819537
    ],
    [
      "DEB-310E6838",
      -56.38809803742854,
      34.42167711573087,
      860.883901222559
    ],
    [
      "DEB-2A128714",
      -52.25497274591911,
      -42.99203484061821,
      882.2870017344931
    ],
    [
      "DEB-470FBC5C",
      15.490398054527107,
      81.93501649584519,
      801.785424296454
    ],
    [
      "DEB-31A876CF",
      -51.53651212758056,
      -24.586504211015086,
      648.899866633732
    ],
    [
      "DEB-E5060CF0",
      8.024068322234957,
      -156.3953450716318,
      199.80995414636254
    ],
    [
      "DEB-69086831",
      -32.30477028703699,
      -16.508374687157026,
      417.6600216767174
    ],
    [
      "DEB-359D5969",
      -61.49507274051364,
      109.20093062984722,
      355.8571829451257
    ],
    [
      "DEB-E0C67724",
      29.152520883267414,
      -107.56187928819897,
      322.1949570853176
    ],
    [
      "DEB-6051A3C0",
      -28.702597347095058,
      130.65542833106278,
      616.7086574898622
    ],
    [
      "DEB-CC48BC17",
      -30.1756210131253,
      136.26966016650402,
      796.6623911076149
    ],
    [
      "DEB-7479E819",
      -11.986704879505629,
      27.889088334481475,
      612.3937899266957
    ],
    [
      "DEB-38CF561F",
      22.288676411812173,
      -105.14525313115517,
      312.6313083281393
    ],
    [
      "DEB-E6DA015D",
      -55.17806989936596,
      84.88402746044213,
      220.7373897302623
    ],
    [
      "DEB-6E3E3CA0",
      -36.34160551736588,
      -163.2125321740301,
      224.02213358193876
    ],
    [
      "DEB-1FCBD688",
      -29.423171020208336,
      -96.73185774579645,
      600.2941197741602
    ],
    [
      "DEB-AF91113D",
      -17.236620123206322,
      117.29379017209796,
      565.8981427657336
    ],
    [
      "DEB-E72D18CA",
      -28.71804153705577,
      50.164057950712625,
      735.6821951891679
    ],
    [
      "DEB-5947AE64",
      25.731215914795374,
      -85.24298024311992,
      507.06673206562573
    ],
    [
      "DEB-585A9FEF",
      -12.295368071335972,
      120.98258255069639,
      193.3365513462959
    ],
    [
      "DEB-4EF9A8ED",
      0.6494339893604928,
      157.57819205520403,
      546.7853798753931
    ],
    [
      "DEB-5B01AFE0",
      4.444408947688254,
      16.941693364477974,
      869.08823974589
    ],
    [
      "DEB-9FA3C93B",
      21.559783310824866,
      113.83634461657891,
      437.46280847801245
    ],
    [
      "DEB-B539FAE6",
      13.30056418772199,
      -135.10421509521026,
      576.350803039928
    ],
    [
      "DEB-B90FD664",
      -12.029260311159513,
      4.692607437262403,
      643.2836311412502
    ],
    [
      "DEB-563199C8",
      -9.891037030263396,
      -169.36080218598087,
      495.340764231144
    ],
    [
      "DEB-89FF89A8",
      35.06719826041884,
      26.115529088083125,
      495.94327925837933
    ],
    [
      "DEB-F70D32C7",
      -41.86057368402242,
      28.728885095727723,
      622.4682936316176
    ],
    [
      "DEB-832C3AD5",
      -26.802666447307196,
      -126.48313736938438,
      918.2398753163097
    ],
    [
      "DEB-66007621",
      4.250180561989792,
      -27.300014242582833,
      648.2062218647434
    ],
    [
      "DEB-FEAA016D",
      -27.989040284819424,
      -104.75311391167673,
      143.6793650318823
    ],
    [
      "DEB-EDFE1865",
      -41.101393776510506,
      -28.630864848646873,
      694.5644917533227
    ],
    [
      "DEB-41830E1C",
      55.28796413151711,
      26.07941659501404,
      880.6533666366922
    ],
    [
      "DEB-3A8A37E8",
      -42.75507479688593,
      4.923309794317356,
      201.43928627372406
    ],
    [
      "DEB-E1EE7F12",
      -69.04055042915692,
      -105.61513726803267,
      651.9840837331303
    ],
    [
      "DEB-17C1DA82",
      -62.28812500477031,
      159.19992063939193,
      684.7691309397542
    ],
    [
      "DEB-A8120AE8",
      -20.262093345192913,
      82.96468356608574,
      734.6229513059307
    ],
    [
      "DEB-B6B15863",
      -1.1949205641499732,
      35.69903595331927,
      679.0142390624706
    ],
    [
      "DEB-4484313F",
      3.35966405101371,
      -38.31283759109584,
      339.06800576949263
    ],
    [
      "DEB-B7D80668",
      -36.46724684725442,
      -2.536977558532893,
      508.2778339729657
    ],
    [
      "DEB-53384382",
      -57.03880156389879,
      103.81192093795815,
      578.2096776172693
    ],
    [
      "DEB-3ECD4E14",
      -7.631642953506538,
      124.07915623778085,
      683.1672464490948
    ],
    [
      "DEB-BB97BB49",
      45.20888623642547,
      -89.75425406611878,
      554.475723021269
    ],
    [
      "DEB-1D9456D8",
      -35.04936866935803,
      -82.46464055423756,
      521.530634993157
    ],
    [
      "DEB-29BCA65D",
      37.495760578779006,
      -32.57301555379415,
      458.80256109509173
    ],
    [
      "DEB-39F59541",
      -19.659653589620042,
      56.48393119944254,
      777.6875649622689
    ],
    [
      "DEB-AB648064",
      37.60539414067956,
      5.585866896174348,
      891.9724313716906
    ],
    [
      "DEB-CBC7FD6B",
      -70.17283148120202,
      -176.25830159659463,
      420.71462253012487
    ],
    [
      "DEB-44AED0D5",
      -3.741726549111684,
      -55.524604290333585,
      551.4723457531854
    ],
    [
      "DEB-81D54F89",
      64.6231799214194,
      70.23590549927893,
      788.5072224534151
    ],
    [
      "DEB-20EA2E61",
      -21.62196398919495,
      -139.41444195196772,
      311.59955106745747
    ],
    [
      "DEB-F90E58BF",
      -12.262179053437722,
      21.295034526095783,
      642.2953227516728
    ],
    [
      "DEB-07812A4B",
      -49.75403665957123,
      59.367534971431276,
      413.4421633968368
    ],
    [
      "DEB-CA552E9D",
      56.47002217525549,
      -20.993322086037704,
      430.1437471591653
    ],
    [
      "DEB-34C6BFCD",
      27.156583382552967,
      -29.514350983166285,
      172.64344091392286
    ],
    [
      "DEB-0F674212",
      -17.647881227832826,
      159.9534039186145,
      778.5681838767132
    ],
    [
      "DEB-6884EFBF",
      -15.152886332064375,
      -139.43740557129132,
      327.0611299893717
    ],
    [
      "DEB-00FD0E0C",
      -12.046170900203553,
      140.09115272988083,
      337.4747115717355
    ],
    [
      "DEB-D95CFEE7",
      5.264669672507999,
      -94.11141072848962,
      694.7977017997491
    ],
    [
      "DEB-EA0662D6",
      -19.420738177105324,
      124.28613885817205,
      559.3052020332279
    ],
    [
      "DEB-DA18607D",
      -38.09014670436899,
      132.99058828686785,
      789.9440420892279
    ],
    [
      "DEB-8DDA9603",
      -9.170875726402224,
      130.84615309514317,
      240.9418065088921
    ],
    [
      "DEB-7B0C1451",
      0.13856583757539245,
      177.3323136841047,
      858.6634806082211
    ],
    [
      "DEB-EB7EC062",
      67.26642146748766,
      173.10588418641538,
      734.8607041376054
    ],
    [
      "DEB-D4B49F7C",
      17.79311170490263,
      95.56142320537349,
      918.8325722381869
    ],
    [
      "DEB-2AD4EB22",
      -12.582927838615037,
      -165.0380389032684,
      301.2684093623611
    ],
    [
      "DEB-56C068E3",
      22.56942663165227,
      95.49884966398223,
      585.3078289108935
    ],
    [
      "DEB-0B65A5DB",
      53.14009634356765,
      -146.64424201945607,
      817.3045488949538
    ],
    [
      "DEB-1B54AD9E",
      48.926546373712014,
      114.43988408733914,
      158.5576145291261
    ],
    [
      "DEB-0ECB8EDE",
      -21.02820791738052,
      101.6815019182793,
      808.7642446417321
    ],
    [
      "DEB-A2491F07",
      -49.46344905374312,
      35.846862292646236,
      819.4030680909873
    ],
    [
      "DEB-30B2416D",
      -8.183594998849749,
      31.433409348695008,
      172.88561814092282
    ],
    [
      "DEB-018C9682",
      -13.62452525758137,
      -138.73017067905295,
      663.4182450181897
    ],
    [
      "DEB-2228464E",
      -0.5098418645455329,
      167.67703218325664,
      669.6116755856028
    ],
    [
      "DEB-672127A8",
      36.36807287135221,
      16.789708867395433,
      808.5085741823004
    ],
    [
      "DEB-6BBD5427",
      -1.6062786072933242,
      -80.4021120759453,
      578.412073887418
    ],
    [
      "DEB-7A83C298",
      17.703905340779873,
      -36.1795015226276,
      419.35556027429357
    ],
    [
      "DEB-9FA2FF06",
      -45.29252764144841,
      172.61576373777706,
      674.8206315695488
    ],
    [
      "DEB-E8F70032",
      -20.6647028781749,
      48.799132433575764,
      182.04315344897168
    ],
    [
      "DEB-B5453C03",
      -10.371835602673375,
      -94.4124798753701,
      292.062909071773
    ],
    [
      "DEB-CAB9A9F1",
      -17.266664557975858,
      -32.939129864042464,
      422.60034342607287
    ],
    [
      "DEB-BC5513AC",
      18.27392771684723,
      4.2669669992291,
      786.0661504739928
    ],
    [
      "DEB-398F98CD",
      -56.27980345025182,
      -56.64479358001592,
      659.1279417915521
    ],
    [
      "DEB-414AADC7",
      -4.609102149352177,
      -142.58426402010056,
      125.04805310095162
    ],
    [
      "DEB-F670E658",
      -14.562011995643786,
      149.97900839031962,
      402.88334697122446
    ],
    [
      "DEB-68FB72A1",
      -29.518215953692817,
      37.12435834512789,
      245.30402651910208
    ],
    [
      "DEB-DF49B488",
      9.927050382661022,
      161.2868473350896,
      652.647208047495
    ],
    [
      "DEB-88E1F25F",
      17.379133128599207,
      -5.164408430908837,
      650.2847353618299
    ],
    [
      "DEB-4287A23C",
      -20.16303956531213,
      -42.205880705220544,
      260.1276398806094
    ],
    [
      "DEB-96D5BDDD",
      13.646371886581147,
      -179.76227914646415,
      902.2738237368703
    ],
    [
      "DEB-EFA507BA",
      -37.348883928572064,
      -177.8954028075286,
      224.75983296389586
    ],
    [
      "DEB-A0E4F312",
      60.77005345371885,
      -163.42773262424254,
      404.7425746836934
    ],
    [
      "DEB-2C75389C",
      45.00543068741932,
      -28.524984243959338,
      516.7636563561146
    ],
    [
      "DEB-59BE24AE",
      -0.004196784024774696,
      -122.67518350459379,
      825.7595358381132
    ],
    [
      "DEB-4B262D31",
      -34.62630726989106,
      52.45573842659199,
      678.4370654665254
    ],
    [
      "DEB-2926F864",
      39.560244195345874,
      -122.18604864475574,
      360.17120693681227
    ],
    [
      "DEB-203BA52E",
      -51.9723562885713,
      -33.89590930688977,
      230.62920606071475
    ],
    [
      "DEB-9B66562E",
      85.12233735248283,
      72.5708405980526,
      236.51650122057617
    ],
    [
      "DEB-533A4419",
      -18.673517183357088,
      128.5760895159937,
      401.9143165433279
    ],
    [
      "DEB-6EAF2A9E",
      -25.312258643779852,
      -20.29925077314493,
      632.0370270605063
    ],
    [
      "DEB-621A5749",
      31.995700048436483,
      -58.988847693061395,
      490.0532217225209
    ],
    [
      "DEB-DC5184AC",
      59.78673606301685,
      111.93838789101216,
      332.229914851554
    ],
    [
      "DEB-7B92FFF5",
      25.393915907781324,
      47.109256395732594,
      392.52848376539987
    ],
    [
      "DEB-B4A4796B",
      38.19530099235939,
      140.83832347962417,
      293.5482861301298
    ],
    [
      "DEB-6E45F39C",
      9.053139116384427,
      -102.30790240663242,
      280.0665815130569
    ],
    [
      "DEB-7D5126FA",
      14.841629038238457,
      116.77733530593673,
      314.0835588084592
    ],
    [
      "DEB-71AACE07",
      26.79132910929315,
      81.86979627322066,
      292.92971402563217
    ],
    [
      "DEB-26AE007F",
      19.538493132141507,
      104.2558221939357,
      162.55422941460802
    ],
    [
      "DEB-40316308",
      -66.1268015441307,
      122.29139527551898,
      247.78317995615453
    ],
    [
      "DEB-CC524999",
      5.215251449874634,
      -150.93882836133096,
      484.0975337369673
    ],
    [
      "DEB-1C38BCDA",
      -7.491094172449002,
      -92.30603048083387,
      865.3608699616689
    ],
    [
      "DEB-6DC5932D",
      -0.7899876731888018,
      114.1668877847964,
      389.2364295435809
    ],
    [
      "DEB-B08BC610",
      43.095777900637195,
      -16.527444708926247,
      340.5891218699371
    ],
    [
      "DEB-22AB986B",
      -28.867186015896284,
      100.64337551994912,
      731.6877255314776
    ],
    [
      "DEB-439919EC",
      -42.49695949798021,
      97.91094100993561,
      788.9959429083747
    ],
    [
      "DEB-5BF7AEE9",
      5.8752179724785,
      131.074142346417,
      156.51544424815893
    ],
    [
      "DEB-AC223BEC",
      -16.59828699381036,
      158.9778964392051,
      355.3184538576852
    ],
    [
      "DEB-DCF1451C",
      21.631441192271197,
      -68.8553014201459,
      470.87637803193684
    ],
    [
      "DEB-AAF13ED8",
      22.544596873944176,
      172.03921307749917,
      923.3707532303806
    ],
    [
      "DEB-AE22DCF8",
      39.541744474473525,
      32.98814927155784,
      128.1443259376174
    ],
    [
      "DEB-CA9907DA",
      1.4049443906257197,
      15.093833735466413,
      479.3752558600527
    ],
    [
      "DEB-757C67CB",
      -76.5435599974526,
      -154.69293746102875,
      197.8788429561264
    ],
    [
      "DEB-CB0DEF0A",
      42.38394585052678,
      37.33639539280031,
      385.37173602740313
    ],
    [
      "DEB-087B7923",
      43.378102034388256,
      128.18380719226525,
      138.89196561123117
    ],
    [
      "DEB-9E5CE77B",
      42.89825660171485,
      -67.52360635770394,
      420.81946465597775
    ],
    [
      "DEB-EB28799B",
      -62.76066673268389,
      69.25432787610217,
      205.18939610074267
    ],
    [
      "DEB-B3CA1E5B",
      -22.488574872510924,
      74.46421670098985,
      193.29479380658813
    ],
    [
      "DEB-646262C4",
      -65.33756864521277,
      -35.26158184766604,
      806.2164657729818
    ],
    [
      "DEB-C32878FA",
      -75.30025947471506,
      151.65416331395681,
      383.31703104994085
    ],
    [
      "DEB-95BDCDD0",
      -14.272693377840335,
      -128.23138729224993,
      771.7761456644284
    ],
    [
      "DEB-9E573D9A",
      -6.2588838089374725,
      78.95830409353735,
      705.4986346536243
    ],
    [
      "DEB-C03186C3",
      -22.543862705324575,
      153.20506610933927,
      150.02601312887327
    ],
    [
      "DEB-57CEF3B9",
      -51.561634221577755,
      -163.96452221574725,
      780.4948629509281
    ],
    [
      "DEB-368BCD9F",
      -12.897543297508758,
      14.085075487438088,
      147.77605959789435
    ],
    [
      "DEB-A4FFC864",
      -0.30562951511658776,
      -52.10117684968574,
      319.5478275962196
    ],
    [
      "DEB-3ED189C2",
      18.62849460987866,
      -89.28609404112467,
      497.5014901308241
    ],
    [
      "DEB-CD666C9C",
      5.3166348920836946,
      -99.38491645932889,
      289.63748848850446
    ],
    [
      "DEB-3B476E05",
      3.0676718814750923,
      69.94895768470947,
      243.44564142125546
    ],
    [
      "DEB-0A3929D5",
      -13.382387099741427,
      -63.81031939897692,
      450.90768166952876
    ],
    [
      "DEB-0D90367B",
      -81.91315229591696,
      65.95339468449681,
      844.4595286952317
    ],
    [
      "DEB-1E026500",
      10.703432059761525,
      160.48724840481023,
      756.1994213339358
    ],
    [
      "DEB-D51C3800",
      -79.81962961366085,
      51.65990072010619,
      464.733821734515
    ],
    [
      "DEB-59934AB6",
      -32.14823031441292,
      -127.17198316924437,
      535.2916684166676
    ],
    [
      "DEB-86F77A46",
      -78.67520136882644,
      -101.17675683241815,
      244.19881451970468
    ],
    [
      "DEB-92F0E7D8",
      -52.8894896422968,
      -169.80612333320659,
      191.47730711836266
    ],
    [
      "DEB-15060049",
      27.632055447555345,
      130.8382095240398,
      378.50034016648715
    ],
    [
      "DEB-28A12EC8",
      -3.4132683643797024,
      43.11577041877369,
      311.3302442183667
    ],
    [
      "DEB-645325AE",
      12.549088149658955,
      6.946973233829713,
      276.5571864076019
    ],
    [
      "DEB-93C018CD",
      42.8712034414065,
      90.16800796760228,
      388.43097333487367
    ],
    [
      "DEB-3DE27A6A",
      -18.096489756292538,
      59.87052653519207,
      810.0731416461222
    ],
    [
      "DEB-510B9FB3",
      -53.98639157021434,
      -48.55903017996003,
      713.4836323622139
    ],
    [
      "DEB-453FB323",
      22.45255485651533,
      -147.65255928059844,
      137.65315000243118
    ],
    [
      "DEB-E1A6E5F2",
      -33.00492772498657,
      -59.33980379623172,
      862.5994338735263
    ],
    [
      "DEB-497C46AD",
      -6.977879187151457,
      -51.72152243047323,
      521.1346913494854
    ],
    [
      "DEB-D6A96BBE",
      78.28875432968958,
      -155.80597182965408,
      594.9281585572135
    ],
    [
      "DEB-F31063A0",
      78.70368982751461,
      38.0798718476375,
      314.264869389257
    ],
    [
      "DEB-EF9E25DA",
      18.13915535363,
      158.54449819451688,
      368.27541237103924
    ],
    [
      "DEB-44283990",
      4.780865107457823,
      -84.30786218618567,
      575.8009498172914
    ],
    [
      "DEB-EB6C4813",
      38.63105469078635,
      136.69095829574715,
      837.5808309651557
    ],
    [
      "DEB-E550F4A7",
      42.98263072699846,
      70.72029011587954,
      609.5241038560289
    ],
    [
      "DEB-BED052B3",
      -40.96263066345677,
      142.91816141816773,
      184.58956070130534
    ],
    [
      "DEB-0BF3E0C5",
      15.958669262175794,
      -21.11654254987602,
      629.2225136775314
    ],
    [
      "DEB-DF337C6C",
      -37.73093212229254,
      157.51875517143338,
      320.2406699088633
    ],
    [
      "DEB-341AB11F",
      18.55316302337452,
      -163.51502119174285,
      267.3103717318072
    ],
    [
      "DEB-21BE6F26",
      22.456172124261894,
      -165.5030956342973,
      603.9326898939571
    ],
    [
      "DEB-7A5023C0",
      -4.982249013818696,
      4.218808496587876,
      406.8223046437024
    ],
    [
      "DEB-224C4916",
      -51.509485564345255,
      73.71771854562478,
      896.4491372616949
    ],
    [
      "DEB-CBB82CE8",
      3.070358493175107,
      -165.09400937417323,
      875.1145079760227
    ],
    [
      "DEB-580436C8",
      54.25410445898154,
      -118.45912347085942,
      518.4789300640105
    ],
    [
      "DEB-F0635CFE",
      -9.603329216038118,
      39.4558897351993,
      147.8478846084863
    ],
    [
      "DEB-8B318356",
      39.6463025841417,
      -45.35859013183014,
      122.18395351634535
    ],
    [
      "DEB-23498F94",
      -20.393787185092297,
      159.76877643679703,
      371.14180111496626
    ],
    [
      "DEB-25BC167C",
      11.895002691304473,
      109.41706769095136,
      360.76046251580647
    ],
    [
      "DEB-4BBEE460",
      23.468379359036014,
      169.70816237506827,
      843.8480145787998
    ],
    [
      "DEB-26F745B5",
      -24.031672940336193,
      -143.4521458494062,
      227.92649351900855
    ],
    [
      "DEB-ED281938",
      1.9511301211658265,
      6.478648454078061,
      179.51787766641883
    ],
    [
      "DEB-0F4BC772",
      -56.95302337327206,
      -172.82458279570284,
      383.13407523771184
    ],
    [
      "DEB-3A43A704",
      -10.124257424892525,
      -60.44529255558956,
      325.2457518108022
    ],
    [
      "DEB-012C54D2",
      38.4381276350033,
      140.8025138809949,
      874.202761692779
    ],
    [
      "DEB-449DF0DA",
      -27.97417838416774,
      -60.42598890091528,
      541.7457928161593
    ],
    [
      "DEB-605C3A38",
      -4.059456023214482,
      -21.98606683131949,
      597.7079467840585
    ],
    [
      "DEB-7434D807",
      -75.9910423196925,
      -147.27796153050545,
      135.15043828542366
    ],
    [
      "DEB-112B21AB",
      -81.11388093920431,
      170.2852703468153,
      707.8455003186309
    ],
    [
      "DEB-9AF0959B",
      13.266433308856339,
      -142.46597492262654,
      889.614920558658
    ],
    [
      "DEB-0FA3D68F",
      -46.15422736463786,
      147.2922631243359,
      352.8649943266819
    ],
    [
      "DEB-0433178B",
      6.822627289798003,
      122.84167850508365,
      431.5977507931375
    ],
    [
      "DEB-2E347C7B",
      -24.542107523204294,
      -146.69168352785832,
      910.3528556994825
    ],
    [
      "DEB-DF897428",
      -49.93371172281856,
      169.4855141687903,
      902.7583000886025
    ],
    [
      "DEB-F58A45E7",
      33.85261817011568,
      118.57594985987063,
      568.0947807112343
    ],
    [
      "DEB-8213577E",
      18.819944038680507,
      -100.53427986352389,
      332.818071093081
    ],
    [
      "DEB-01C945BD",
      -26.275653964419853,
      127.30885643521563,
      574.2739947970495
    ],
    [
      "DEB-5FB3FC71",
      -25.17757463539872,
      -24.915437519003248,
      901.6962743883396
    ],
    [
      "DEB-4E5E20A4",
      -40.56017318203634,
      4.867562237121989,
      806.0413315772958
    ],
    [
      "DEB-6DE7E05C",
      14.247463761584035,
      -116.62046003662458,
      343.93737788648286
    ],
    [
      "DEB-2123702F",
      -48.86154455908664,
      -134.41839452516263,
      444.2095837838815
    ],
    [
      "DEB-EF085B99",
      -71.92474123549196,
      148.48248614510285,
      164.45014855409408
    ],
    [
      "DEB-3131D464",
      55.96365994602029,
      -70.20577837821553,
      760.5259889213676
    ],
    [
      "DEB-51272123",
      -49.74852674864854,
      -112.94211154297474,
      445.4646995427074
    ],
    [
      "DEB-B736DCB7",
      -20.71086653450544,
      -95.14947123675144,
      525.7289737590017
    ],
    [
      "DEB-7AA6C2EA",
      -63.361504636042206,
      179.31932087024384,
      806.4165768431285
    ],
    [
      "DEB-24FBA0E3",
      -41.65229076801739,
      -70.05194213719587,
      744.5432777018923
    ],
    [
      "DEB-16B460B3",
      -17.59023780655964,
      36.724075736577994,
      599.88653966734
    ],
    [
      "DEB-28974AC7",
      -41.34426977588122,
      160.45506102792052,
      478.2608219447093
    ],
    [
      "DEB-4AB7DADE",
      -54.82240370084148,
      69.56177195046584,
      342.6736871380526
    ],
    [
      "DEB-A371AA73",
      1.2136772675296217,
      80.28695855761823,
      868.7548192142021
    ],
    [
      "DEB-16A597C7",
      26.234048743848046,
      -50.10484419219666,
      776.5855654529942
    ],
    [
      "DEB-63AA323D",
      -18.86728696609304,
      12.656087229647705,
      267.90903991401956
    ],
    [
      "DEB-AAE214FE",
      36.66514625592271,
      95.94922280226834,
      748.607698240844
    ],
    [
      "DEB-EE6F7BFA",
      -23.94856112487646,
      59.02219898781592,
      628.1875441338143
    ],
    [
      "DEB-89361527",
      -83.7389581520999,
      -26.54495696046871,
      604.8227772141345
    ],
    [
      "DEB-7BBEA79E",
      62.72395701674915,
      98.38946279848658,
      280.3604326309369
    ],
    [
      "DEB-CA9E316F",
      -36.68759780556744,
      -150.79033166664075,
      267.7935186982968
    ],
    [
      "DEB-F5E0FFEB",
      22.67331426448826,
      -121.76379264740645,
      842.7701799611295
    ],
    [
      "DEB-B29F85D3",
      -31.38325499798023,
      -73.70024577925619,
      237.31381792423144
    ],
    [
      "DEB-56428FA6",
      -4.089373491099972,
      -13.778207163252882,
      887.4370923857887
    ],
    [
      "DEB-C792C6BF",
      35.46314441271569,
      88.59591657750617,
      625.1118554930745
    ],
    [
      "DEB-ED20E95D",
      -35.59438149694272,
      107.70399934411637,
      237.4893955956777
    ],
    [
      "DEB-F02880A9",
      45.610404610433896,
      -171.2057488542717,
      283.20963704964106
    ],
    [
      "DEB-2A82C533",
      15.277186532287212,
      -146.88336454849863,
      621.3476494456309
    ],
    [
      "DEB-97CE5933",
      67.0153704236138,
      -96.28813933974924,
      500.99931220749386
    ],
    [
      "DEB-F506E658",
      3.3328357084307636,
      -148.5303743746836,
      163.13410217957335
    ],
    [
      "DEB-EC18EEF2",
      59.83853288534362,
      -163.4500362038508,
      897.5292205686119
    ],
    [
      "DEB-3C4AEC18",
      43.179837741782116,
      -34.010294426297044,
      404.221894836468
    ],
    [
      "DEB-3C251B5A",
      -18.632823234291187,
      61.96973445412601,
      558.5976391189988
    ],
    [
      "DEB-932B6225",
      -54.22975827222125,
      -64.71291614126616,
      904.2388291997777
    ],
    [
      "DEB-2911BED2",
      51.93333509676105,
      157.80817199211023,
      326.0449506092218
    ],
    [
      "DEB-A51ACED9",
      34.597809996245246,
      42.72547517027135,
      424.1724878881096
    ],
    [
      "DEB-DF9FDC1F",
      -47.142301998780994,
      149.63350531820709,
      394.38032871267023
    ],
    [
      "DEB-3F1A18A1",
      19.02548121559993,
      -30.370066408881335,
      149.1253580563798
    ],
    [
      "DEB-30F94D9E",
      24.91380363397234,
      -146.35160857434894,
      851.1657050538288
    ],
    [
      "DEB-0386A752",
      3.940371912167974,
      -39.384641579981164,
      861.221322872736
    ],
    [
      "DEB-C1CF6A39",
      -53.50248434574538,
      -171.70028788064914,
      557.9079954399522
    ],
    [
      "DEB-ED52C012",
      82.57187011309958,
      111.54165825886497,
      698.4800315607936
    ],
    [
      "DEB-5288B3BB",
      11.953585178163417,
      12.42099967787773,
      421.2146858585711
    ],
    [
      "DEB-6DF715F7",
      23.92445349203528,
      67.81444527627484,
      793.4661818416344
    ],
    [
      "DEB-349FD18D",
      61.079895519775604,
      103.1218677175343,
      229.61780036801338
    ],
    [
      "DEB-DCF29F18",
      -35.11664100813586,
      50.605205019512084,
      276.44174654117614
    ],
    [
      "DEB-30575409",
      -5.023714545525922,
      -111.79852687269974,
      493.98903025332675
    ],
    [
      "DEB-4B1CAFB5",
      52.22066009538471,
      6.5784474505339565,
      431.7419986934892
    ],
    [
      "DEB-FC2FC681",
      -25.525720692209433,
      42.94378594093779,
      741.2563744974414
    ],
    [
      "DEB-D80082DB",
      6.1123369676011805,
      16.212028233288205,
      316.6712532073507
    ],
    [
      "DEB-1E4B4E05",
      -22.638418477756137,
      101.60442771239333,
      705.4185718964427
    ],
    [
      "DEB-A31F292D",
      31.411454683622384,
      70.30103353102719,
      838.0730433653453
    ],
    [
      "DEB-4D0FCA6F",
      55.914134869688425,
      20.4218831372811,
      218.15119645167124
    ],
    [
      "DEB-BE858663",
      -5.3706215798520205,
      124.27188657908643,
      246.567399515764
    ],
    [
      "DEB-56B57A5D",
      -78.2776935236822,
      -57.942636325660686,
      223.40037710587058
    ],
    [
      "DEB-01208FD0",
      -45.61708902985788,
      -168.8652785906641,
      127.51494434334745
    ],
    [
      "DEB-3158191C",
      -38.60899954808601,
      -143.36305108468162,
      314.5582102477474
    ],
    [
      "DEB-0DA05711",
      -60.00852565143931,
      142.9746785105508,
      611.472213876209
    ],
    [
      "DEB-A62E86EB",
      28.84942212208418,
      60.78709708455765,
      252.182041884118
    ],
    [
      "DEB-E3426754",
      -41.20732700476482,
      -158.28454997760159,
      329.90893778486134
    ],
    [
      "DEB-BE1EE5E4",
      -47.11876419029678,
      -99.94167740702433,
      300.7505100064427
    ],
    [
      "DEB-D7EF3B6A",
      41.42449045511753,
      -149.4574638057729,
      808.8287453480507
    ],
    [
      "DEB-CD0CED8D",
      -26.437341436411668,
      -157.4883226632461,
      248.46925777082197
    ],
    [
      "DEB-C0FD52AE",
      50.38059828944974,
      140.8466398037315,
      263.44783952806665
    ],
    [
      "DEB-06EAC7ED",
      2.761606984361702,
      -73.34002011030206,
      248.40203787670634
    ],
    [
      "DEB-63CE35DD",
      -57.68943464086423,
      130.2195360411855,
      646.0938965775795
    ],
    [
      "DEB-57CD4262",
      -20.896357142809116,
      -106.6668755306938,
      858.350266777773
    ],
    [
      "DEB-0D661A9A",
      20.369323782099258,
      90.75704582754817,
      290.9784794592788
    ],
    [
      "DEB-02F22BC0",
      39.74659702221152,
      17.058863396669857,
      566.7515722928556
    ],
    [
      "DEB-24451C49",
      -70.42722114920396,
      -129.7957605668812,
      490.98054582767963
    ],
    [
      "DEB-8EC12C85",
      54.63461202656658,
      -24.7885649578375,
      697.7207130923425
    ],
    [
      "DEB-79576D5D",
      -12.090649584180847,
      -118.70243439300084,
      751.11301642125
    ],
    [
      "DEB-87348093",
      -45.72348223501894,
      -99.61287851436241,
      283.1945443485747
    ],
    [
      "DEB-33708CB7",
      33.47612069678924,
      -102.8374844072167,
      428.7145717068188
    ],
    [
      "DEB-D53CAFEA",
      13.833762747452333,
      -140.55064376960652,
      262.9962362166025
    ],
    [
      "DEB-96587F94",
      -5.959820089417599,
      3.006222800280024,
      124.08138289350973
    ],
    [
      "DEB-78C075B9",
      9.776910320439114,
      43.34412718098725,
      380.0542358404109
    ],
    [
      "DEB-745DD200",
      38.06126992034823,
      -65.10567821151639,
      406.570144306922
    ],
    [
      "DEB-E688AE91",
      -12.74677867504297,
      66.58484404028202,
      554.4007395544158
    ],
    [
      "DEB-B4614E68",
      -57.93540709882588,
      56.25543860403308,
      771.289408900564
    ],
    [
      "DEB-0D3A1FC6",
      46.67950329837002,
      11.459066902038602,
      737.1498565698676
    ],
    [
      "DEB-E3075ECC",
      -44.465868390844825,
      -143.8143103969098,
      773.3428763424017
    ],
    [
      "DEB-40EC3C6D",
      -36.982280580544035,
      44.905484754135394,
      205.41086003886994
    ],
    [
      "DEB-6D4768A9",
      -11.441294735262513,
      123.07864338579397,
      379.18852982418866
    ],
    [
      "DEB-9387BC6E",
      -14.47405046936863,
      131.85752006979493,
      888.4535928333371
    ],
    [
      "DEB-4C579129",
      48.880353193836314,
      -159.92288757195303,
      293.40357544929975
    ],
    [
      "DEB-12256179",
      45.56082291244077,
      -12.02296962791148,
      765.3627966549093
    ],
    [
      "DEB-17BC9E69",
      18.358584853973124,
      -116.23394351419286,
      555.5148687702931
    ],
    [
      "DEB-EA2DDCD0",
      58.1360912198216,
      -148.82747845893212,
      583.2621326574736
    ],
    [
      "DEB-64A05749",
      15.928975543416001,
      -73.28906809049504,
      284.8492145194459
    ],
    [
      "DEB-3F842A65",
      -7.288262293399105,
      -54.227117324000574,
      201.53361634698467
    ],
    [
      "DEB-AA7BDDDF",
      -45.820466477999005,
      74.11138607970973,
      247.65797634266437
    ],
    [
      "DEB-D7368196",
      2.6812999451900406,
      -35.030956260879115,
      820.0520422197797
    ],
    [
      "DEB-D55EC2D2",
      -56.44585893036869,
      -78.87916834905133,
      597.7827764013709
    ],
    [
      "DEB-02789F0B",
      -17.28994933849535,
      59.74060260158556,
      579.8103678144871
    ],
    [
      "DEB-61D202F3",
      28.183184461313886,
      -133.82664266278604,
      894.6345152356789
    ],
    [
      "DEB-EFA01327",
      38.79278813471565,
      169.27775883604806,
      240.2458805146698
    ],
    [
      "DEB-242751D2",
      -16.781812066441827,
      -80.41036568001223,
      304.9925451152285
    ],
    [
      "DEB-E50F66C8",
      37.13894206368244,
      28.81596722610659,
      446.99096971152085
    ],
    [
      "DEB-EFBC9981",
      32.02386751641033,
      107.04929417510822,
      123.31818448554804
    ],
    [
      "DEB-750FC251",
      -56.542973230742724,
      11.71976847281384,
      232.19971315636485
    ],
    [
      "DEB-FB815545",
      -8.569494435065135,
      -38.98127188904991,
      286.91548721722484
    ],
    [
      "DEB-AA8B4785",
      -25.119672153282366,
      109.1805281478507,
      869.8887591562016
    ],
    [
      "DEB-4318363E",
      24.508493658260733,
      131.78746902714246,
      744.3734627020958
    ],
    [
      "DEB-D445ADC9",
      40.02341449847394,
      32.95438446132926,
      723.7298431279714
    ],
    [
      "DEB-9E81B635",
      11.51429339009189,
      91.60591479096423,
      313.7329645358368
    ],
    [
      "DEB-8986DD46",
      27.168560573595734,
      -160.8512278056292,
      680.7263474910924
    ],
    [
      "DEB-5A8694E1",
      33.8389250030129,
      152.12744381025064,
      197.00772295270872
    ],
    [
      "DEB-1C1804C8",
      -34.56960212781746,
      111.37357102560024,
      817.94423968724
    ],
    [
      "DEB-230106BD",
      12.477002115625202,
      -176.51568968859078,
      306.79806969885976
    ],
    [
      "DEB-38661721",
      51.43073041327503,
      53.621143243077334,
      144.5357601901178
    ],
    [
      "DEB-FA91A3F8",
      3.330648527772375,
      63.35713204516363,
      698.1695920643169
    ],
    [
      "DEB-8B12BF28",
      81.9143255304216,
      -155.24076722251715,
      818.7469269163994
    ],
    [
      "DEB-79DAFB64",
      82.00467045422458,
      81.49207130054447,
      854.0926461660538
    ],
    [
      "DEB-D6B3ADF3",
      15.756921076501303,
      -141.72723128898127,
      734.1547130750287
    ],
    [
      "DEB-9E249E80",
      -4.556269863889428,
      -43.93180315365683,
      570.9726415801415
    ],
    [
      "DEB-C34CEBC8",
      70.11114031266855,
      127.74340110272215,
      681.8761285528653
    ],
    [
      "DEB-5F420753",
      -63.03404313542399,
      -6.414286689453126,
      720.6550181495868
    ],
    [
      "DEB-F4B8F29F",
      -24.52264710405009,
      -80.20864998063796,
      643.2303549705657
    ],
    [
      "DEB-33F34314",
      11.911997829276617,
      -170.32196933257475,
      183.75509652330584
    ],
    [
      "DEB-477DB286",
      44.80453289675087,
      -150.14412666700653,
      615.566413483717
    ],
    [
      "DEB-28EB7E6A",
      18.01943678198467,
      -28.91694756293198,
      276.9469991077167
    ],
    [
      "DEB-E4A6855C",
      -72.03255099002953,
      -99.18793932889749,
      742.2763513852224
    ],
    [
      "DEB-3966D56F",
      66.8306948817431,
      -119.07918828036553,
      153.46259073862802
    ],
    [
      "DEB-8AB04771",
      77.40558618640011,
      7.60317587384109,
      270.18302284444235
    ],
    [
      "DEB-8F6E17E4",
      26.781994604283547,
      -15.07235136992251,
      190.31604198143032
    ],
    [
      "DEB-F0B24174",
      -58.27082377354798,
      -45.37710165244281,
      378.5850275168741
    ],
    [
      "DEB-DA2C58DD",
      4.58473557622709,
      86.53231898861033,
      658.3682164999445
    ],
    [
      "DEB-328050D3",
      -44.026984406613614,
      66.34330829522415,
      233.2618752693552
    ],
    [
      "DEB-A4F2B255",
      -27.712273364112853,
      158.1507238308258,
      407.5853193791554
    ],
    [
      "DEB-9D06F68A",
      -29.427720157291837,
      -148.52788722596435,
      503.4436989065325
    ],
    [
      "DEB-408203CF",
      13.844211809928153,
      57.51561463045873,
      776.484210650704
    ],
    [
      "DEB-E1F2938C",
      -23.927585448378068,
      -79.20332925325549,
      609.5611408560399
    ],
    [
      "DEB-1A13D8B0",
      -35.499410510404424,
      -151.22940804148453,
      311.1913996090043
    ],
    [
      "DEB-B2F1EBAC",
      -14.843100003798662,
      17.243892905096075,
      491.56033454948647
    ],
    [
      "DEB-7B521D16",
      9.543114026176433,
      -141.89660948385088,
      542.2749498885123
    ],
    [
      "DEB-CD238879",
      34.0007736839537,
      -124.27050583672968,
      712.8394636102512
    ],
    [
      "DEB-A86F056A",
      -4.89802692613832,
      -139.12545980764455,
      343.91565184139654
    ],
    [
      "DEB-C5385DD8",
      20.8127714728814,
      -69.21942798242192,
      893.9709028338193
    ],
    [
      "DEB-66A2E447",
      -44.30208887793047,
      62.8625635744567,
      243.37858937587043
    ],
    [
      "DEB-FB1D2F01",
      -54.41181316252774,
      11.710201913298162,
      297.31957938363485
    ],
    [
      "DEB-811FAEE3",
      -42.543912033306675,
      8.883193647703909,
      834.0216356474903
    ],
    [
      "DEB-79EC48EB",
      -49.41886501959529,
      147.31434448575044,
      139.93153183596223
    ],
    [
      "DEB-DE5631F9",
      -37.93726179139244,
      128.94044179337016,
      287.31195268576903
    ],
    [
      "DEB-854D874A",
      54.0251908345605,
      -62.01085229754826,
      631.2025164554152
    ],
    [
      "DEB-149BBECC",
      70.87723717840062,
      87.38330164699599,
      575.3098677804965
    ],
    [
      "DEB-10890672",
      15.422278563849838,
      -56.589702558624424,
      199.50681889145199
    ],
    [
      "DEB-0540D1C3",
      52.66996639214578,
      -111.44123982405179,
      824.3200715655912
    ],
    [
      "DEB-521E0BD9",
      -10.096783369251355,
      -96.96888888126401,
      647.9064866065146
    ],
    [
      "DEB-C31C8A1E",
      -39.964773038880885,
      -28.865060848441733,
      840.6927843017365
    ],
    [
      "DEB-B54F94B4",
      -36.63365706496434,
      176.26636522971387,
      441.9145926458714
    ],
    [
      "DEB-EEECF926",
      10.248841026058052,
      -158.50605294801923,
      736.5182710956778
    ],
    [
      "DEB-F8136297",
      33.26809381226702,
      -98.69552507815555,
      404.6532785588697
    ],
    [
      "DEB-834A409F",
      -11.684473388222504,
      146.5925822988494,
      182.6027072907309
    ],
    [
      "DEB-B37D6A04",
      3.929945971763729,
      -12.746620387352475,
      215.993722654287
    ],
    [
      "DEB-C9AAB0D7",
      -18.239384128919074,
      2.224901762433797,
      190.5504411632046
    ],
    [
      "DEB-E3EF3DCB",
      -30.179095621234694,
      -148.2106326735105,
      503.6165636690812
    ],
    [
      "DEB-D2FFB338",
      36.10367208689482,
      54.51363812437536,
      549.2775274347432
    ],
    [
      "DEB-222185B8",
      40.45884851788338,
      -137.90894830333426,
      286.775641062226
    ],
    [
      "DEB-633A4F77",
      -38.48045555411481,
      178.14388883546556,
      145.88687346114875
    ],
    [
      "DEB-405C9CC5",
      -36.16801693310423,
      -172.88508934944858,
      275.81363434925333
    ],
    [
      "DEB-F9E15AA7",
      -9.453232176946177,
      -160.38069014355906,
      847.74366407861
    ],
    [
      "DEB-C9F41B0D",
      4.8164261180757055,
      -132.23404011010317,
      396.0357375266467
    ],
    [
      "DEB-988A40C5",
      26.99265681364079,
      151.83234198576838,
      147.05988270501257
    ],
    [
      "DEB-720FC1BC",
      -58.81986091335078,
      171.86452020033818,
      355.601551014357
    ],
    [
      "DEB-79F50AAE",
      -65.31299199720516,
      158.8908111633911,
      153.83453706997352
    ],
    [
      "DEB-654470D6",
      -9.878218388129179,
      -109.12585304696519,
      723.4454726263493
    ],
    [
      "DEB-DC9BCF64",
      -17.527698183334284,
      -160.80099486636294,
      820.8107268031417
    ],
    [
      "DEB-8D0A6BC0",
      41.593096866382965,
      34.388250473749835,
      759.2659517555112
    ],
    [
      "DEB-4D57B2AE",
      83.19456056371683,
      125.96426379944444,
      774.7662985192128
    ],
    [
      "DEB-E98C5ED7",
      -1.4478609911994367,
      -141.99320038867913,
      700.5586840560973
    ],
    [
      "DEB-3364946B",
      7.368361010160736,
      97.22513229431974,
      551.9351085632688
    ],
    [
      "DEB-AA9F9864",
      -37.17697869447404,
      42.66926348896584,
      716.5233288962072
    ],
    [
      "DEB-4F3B08F2",
      -14.063055806061538,
      -47.06331969720702,
      379.9029388742447
    ],
    [
      "DEB-B47F83DA",
      37.70462798309303,
      -106.72162801783557,
      171.32289667311034
    ],
    [
      "DEB-8FD8C423",
      -35.86648519527507,
      -86.61269629569192,
      372.3483334921066
    ],
    [
      "DEB-C9C11877",
      -32.62702627934325,
      21.67365040183057,
      541.8659956648844
    ],
    [
      "DEB-7A6111F6",
      -35.37060146165225,
      -81.40424335899503,
      198.93980025547808
    ],
    [
      "DEB-F69100E1",
      -67.3800721709079,
      139.30088174756668,
      376.3579957454167
    ],
    [
      "DEB-B049EB2C",
      63.04938673028161,
      75.87634989888186,
      239.6529719506234
    ],
    [
      "DEB-3FABEC35",
      17.036475244742444,
      -39.43946817208624,
      788.4518672510585
    ],
    [
      "DEB-744D6DF5",
      -17.92578957021637,
      -127.33604012825282,
      251.45658440505485
    ],
    [
      "DEB-4398441F",
      -54.29563883544804,
      21.55294473784038,
      672.469976956052
    ],
    [
      "DEB-62CB935E",
      17.901063450534565,
      176.11160087245577,
      560.6019123808464
    ],
    [
      "DEB-5E9129F8",
      -38.645402611500074,
      -5.469828477948223,
      584.8362004842747
    ],
    [
      "DEB-14B30FD3",
      -76.67791466971691,
      136.49910289784248,
      506.53671888123426
    ],
    [
      "DEB-54AC25D9",
      27.957239871311018,
      61.10871479150768,
      434.71277584625295
    ],
    [
      "DEB-95683764",
      8.437522073020734,
      82.59713610030283,
      751.1832565440272
    ],
    [
      "DEB-2385DC73",
      -41.3498955657302,
      -26.27575143736374,
      630.829357779583
    ],
    [
      "DEB-4DC87175",
      -34.54155191687996,
      -152.911885246053,
      327.4796204893546
    ],
    [
      "DEB-5ED88F34",
      49.60168875180275,
      92.86622997553123,
      280.71789533926767
    ],
    [
      "DEB-28EE5034",
      -53.066919885811195,
      71.51008299037503,
      911.8209777963366
    ],
    [
      "DEB-5DD1CB36",
      84.87609698736624,
      -64.04050170209996,
      631.7848487449783
    ],
    [
      "DEB-87D80B3A",
      56.81326166543307,
      28.457274134377133,
      905.0137015723558
    ],
    [
      "DEB-CDACEB5E",
      -65.89973084710734,
      -58.673344961904675,
      619.659338885328
    ],
    [
      "DEB-289432C0",
      79.4862650281752,
      -140.34523562898733,
      880.5591459086245
    ],
    [
      "DEB-713D0033",
      -26.442846671211324,
      174.16058723308058,
      653.8828670453695
    ],
    [
      "DEB-1C847DE6",
      -3.4438879836283913,
      -146.67833515812532,
      719.4653970722902
    ],
    [
      "DEB-E9FFD544",
      44.3257984843823,
      33.872848421338915,
      909.8257076132113
    ],
    [
      "DEB-14AF7D9E",
      6.920245196786101,
      172.0037396310461,
      714.5119282817714
    ],
    [
      "DEB-1DE6E10D",
      -43.259101944874324,
      28.71180514354767,
      161.5097414523034
    ],
    [
      "DEB-F9CAC226",
      0.31752926351850624,
      -93.22240555711986,
      590.468560544201
    ],
    [
      "DEB-2165F268",
      13.124269212548782,
      -70.65513902805377,
      908.2950279186207
    ],
    [
      "DEB-08D55FD5",
      -2.2727740985272145,
      114.47010882560427,
      779.5126597931585
    ],
    [
      "DEB-470939AF",
      -11.892427274833038,
      119.8159475790206,
      658.0491343540889
    ],
    [
      "DEB-432563BF",
      34.84924695232844,
      102.77715698051512,
      908.2347708394227
    ],
    [
      "DEB-32EAB124",
      -30.050369663095484,
      59.85197239572579,
      695.6876972905839
    ],
    [
      "DEB-1D431C10",
      8.4431343307025,
      41.074452170439876,
      211.23361372030467
    ],
    [
      "DEB-F3707096",
      -47.714523695052605,
      152.6643129852912,
      615.8389630483853
    ],
    [
      "DEB-DA8D2A11",
      0.22703205813275926,
      -23.210560106227884,
      150.17541713633636
    ],
    [
      "DEB-51C0D77D",
      28.820882027554706,
      12.944052304284385,
      691.6574382197941
    ],
    [
      "DEB-E65D01E0",
      69.20019470436429,
      177.87802378145335,
      505.327836858939
    ],
    [
      "DEB-B31F2FB8",
      17.720378833038726,
      67.00179566627317,
      158.49532244682268
    ],
    [
      "DEB-6B835596",
      42.767369853084546,
      21.44440641105811,
      585.9175755862416
    ],
    [
      "DEB-E28365F0",
      3.2862194201035875,
      12.769945992728767,
      613.5191159926671
    ],
    [
      "DEB-76A6CDAA",
      20.517624370829026,
      -59.305565031017046,
      414.94367431602495
    ],
    [
      "DEB-4673CF82",
      -56.502856409934715,
      -115.92620794609044,
      568.2895005473192
    ],
    [
      "DEB-0127D007",
      13.754019672750017,
      122.51864206569816,
      452.64074658320715
    ],
    [
      "DEB-FEB0F200",
      44.774597927656096,
      179.34996923179222,
      260.0828620180864
    ],
    [
      "DEB-67DC6F1D",
      -47.79986921724616,
      -29.397732847629136,
      251.96048814957976
    ],
    [
      "DEB-EBB285F2",
      -0.26879193091239834,
      -169.2214946001524,
      637.9273481071777
    ],
    [
      "DEB-8B5D6C66",
      36.66845691495146,
      -89.22825414894899,
      277.89655876528013
    ],
    [
      "DEB-93EED152",
      -52.00915941982148,
      0.5424516206804513,
      776.3380716553202
    ],
    [
      "DEB-C3AA98E6",
      -33.021846948614396,
      68.4602764456819,
      239.50280520426622
    ],
    [
      "DEB-15EB2811",
      1.5141480203991515,
      -21.004589045569336,
      506.9975915545774
    ],
    [
      "DEB-1A6BDCFA",
      2.6162154327610976,
      97.65969650952994,
      718.3917163872648
    ],
    [
      "DEB-584D7BEB",
      -11.742305860533525,
      139.28385728432255,
      195.66254308891712
    ],
    [
      "DEB-72486EB0",
      61.87615358313464,
      84.14039615993214,
      136.28744530347103
    ],
    [
      "DEB-9CE3FF05",
      -0.9584875066496326,
      122.64600238816946,
      649.3578943952234
    ],
    [
      "DEB-1008D48C",
      39.094874810129284,
      -175.04344975925116,
      367.0956820343499
    ],
    [
      "DEB-047E96A5",
      35.430407172588154,
      -179.3751481075611,
      138.5576315519811
    ],
    [
      "DEB-76B3944B",
      -5.796122616578166,
      -120.20415189325708,
      777.4888773803177
    ],
    [
      "DEB-36141479",
      12.506217773577921,
      -38.84374415827012,
      641.5636586849578
    ],
    [
      "DEB-3C2F0855",
      36.642403688128375,
      -60.475160178952244,
      868.0458597840625
    ],
    [
      "DEB-CD374490",
      -58.69092746492705,
      -157.18889211665666,
      731.1664045098078
    ],
    [
      "DEB-D6EFD6CA",
      23.019616614041198,
      -157.79089007655077,
      557.4185497633425
    ],
    [
      "DEB-3138B114",
      -17.71883543291749,
      -55.37190174393922,
      794.8099670352367
    ],
    [
      "DEB-A5ACBBAE",
      68.49192490644118,
      -175.53951432902795,
      209.96415603319292
    ],
    [
      "DEB-0C1097C3",
      -20.93875698024529,
      140.11966844755315,
      770.7153917817113
    ],
    [
      "DEB-74461A70",
      27.203775489861773,
      143.9732693473586,
      554.3805591836617
    ],
    [
      "DEB-D6DBC379",
      -7.262661761327487,
      -86.13629931452198,
      190.56184937622675
    ],
    [
      "DEB-AC6EFC32",
      -67.79704571483929,
      23.17895606562811,
      482.1051642489092
    ],
    [
      "DEB-0B696D94",
      13.31013988094536,
      171.78566788784423,
      885.5544038657054
    ],
    [
      "DEB-E7852E68",
      1.4452036486092348,
      -51.944205331416924,
      133.92190695471527
    ],
    [
      "DEB-DC30A9F7",
      -5.0191480710957705,
      -44.11982916942761,
      561.305215149052
    ],
    [
      "DEB-6EAF4643",
      32.32003488593588,
      163.27265078283557,
      291.6349418017953
    ],
    [
      "DEB-ED0A8E89",
      17.65885569238976,
      35.603128361795314,
      882.1457875561819
    ],
    [
      "DEB-D6E262A9",
      -41.18811485688823,
      -15.385296973219816,
      360.7635094982679
    ],
    [
      "DEB-3D7C9A8A",
      -14.499388888794932,
      -51.08381929405845,
      590.4714993918942
    ],
    [
      "DEB-A7E25BE7",
      -1.4060888209712545,
      140.165177456989,
      903.1143118740056
    ],
    [
      "DEB-CC422E12",
      6.788435196218848,
      140.40887385766933,
      554.9737364262146
    ],
    [
      "DEB-CA4A144E",
      32.437487491793036,
      -48.95368457961292,
      858.7220262877263
    ],
    [
      "DEB-03E25A90",
      32.89238442021967,
      -119.87908036774228,
      889.1369117064614
    ],
    [
      "DEB-32FE063F",
      -65.05728145655965,
      -111.82067023549625,
      214.41887323527135
    ],
    [
      "DEB-72199BD8",
      -39.68750895684618,
      32.19530494785208,
      595.2304641505307
    ],
    [
      "DEB-9CC284F9",
      -1.1684252013761456,
      -144.44676238767394,
      831.3399929929474
    ],
    [
      "DEB-BE4B7B9E",
      -16.827010275552713,
      94.04224630602535,
      393.1067190631038
    ],
    [
      "DEB-FA643753",
      -36.635096619757675,
      78.38648875580778,
      586.2195828086778
    ],
    [
      "DEB-AAC7AEF5",
      -42.853289997217814,
      154.9427345892252,
      225.81954656817197
    ],
    [
      "DEB-9025A1F2",
      -42.89794916714008,
      -59.7532155573561,
      288.31121960054406
    ],
    [
      "DEB-493C0E26",
      -50.80442931846574,
      -157.36938938227786,
      490.4452253229483
    ],
    [
      "DEB-E6C5F3B0",
      8.95897193836205,
      -8.924375322998793,
      866.0353795593328
    ],
    [
      "DEB-13BFB54D",
      -31.75170276538021,
      -152.71310374423967,
      468.1406696928216
    ],
    [
      "DEB-9ED92022",
      -21.155873418527534,
      50.032128617745556,
      511.7164475157779
    ],
    [
      "DEB-6812F9E1",
      -49.99641641704366,
      40.11293294922925,
      834.6164032164415
    ],
    [
      "DEB-6A83E633",
      -25.726708782844362,
      115.060790893083,
      482.30524171239085
    ],
    [
      "DEB-315ED1AF",
      32.23954491974518,
      -21.646121626879722,
      495.14055983080107
    ],
    [
      "DEB-BDA94DCB",
      57.20165757378164,
      65.67421146379958,
      140.2836271258111
    ],
    [
      "DEB-452325C0",
      -73.86836737880235,
      31.570947489845523,
      286.0601311840501
    ],
    [
      "DEB-8031124B",
      -19.68301402738307,
      21.144818557254986,
      425.92796362923946
    ],
    [
      "DEB-DC96B838",
      -50.89801008292259,
      53.81683529176804,
      488.7710389649974
    ],
    [
      "DEB-C59FAA10",
      -76.642620199572,
      54.54098337721737,
      443.774190806329
    ],
    [
      "DEB-FD775C32",
      36.9803766309577,
      -41.968146904458,
      778.6808371856687
    ],
    [
      "DEB-D84597E7",
      51.344053422939155,
      91.88490011264588,
      888.9001843506967
    ],
    [
      "DEB-18ECD846",
      77.25719849931093,
      61.1022947667259,
      562.7116844638813
    ],
    [
      "DEB-D66C05E9",
      -30.95561353280815,
      -138.24280140976762,
      523.3934938040184
    ],
    [
      "DEB-4C6984D8",
      -80.7854930307258,
      20.466695475983094,
      838.91685663523
    ],
    [
      "DEB-0E16D88C",
      -21.04343670247257,
      -103.34159665372017,
      404.2455298790501
    ],
    [
      "DEB-8D9DB187",
      41.71730330589892,
      172.7797200124219,
      809.2024472317462
    ],
    [
      "DEB-1D677BCD",
      44.540811641557724,
      -94.80818107935312,
      691.9602818950716
    ],
    [
      "DEB-7C1EAE46",
      29.159977001214173,
      76.2521418838856,
      813.7174373357839
    ],
    [
      "DEB-C798ED03",
      -0.3618039048350564,
      147.86773072191457,
      558.0236999127892
    ],
    [
      "DEB-ACEDFF72",
      23.566001393211963,
      56.87203516953835,
      390.50257163371043
    ],
    [
      "DEB-5082880A",
      -19.081681150465663,
      -137.4841258150901,
      451.74049827041927
    ],
    [
      "DEB-67FBBC51",
      59.265855927896204,
      78.88616099707482,
      424.9328978310896
    ],
    [
      "DEB-E3D0B9B2",
      28.6372898084091,
      75.17150944949547,
      456.6814601578335
    ],
    [
      "DEB-6F5CE4DE",
      55.928737716090566,
      168.09177621068858,
      900.651630970322
    ],
    [
      "DEB-A71E7BFB",
      48.26382085165099,
      -32.219978248021405,
      350.08818928245637
    ],
    [
      "DEB-2FD5D6AA",
      -7.802070804120356,
      75.46187071405042,
      443.74328123874966
    ],
    [
      "DEB-4855C74C",
      -47.36220023277221,
      -172.07686964791083,
      799.2179269776188
    ],
    [
      "DEB-815077C6",
      -26.28391329421493,
      21.624804124048982,
      888.88066452762
    ],
    [
      "DEB-826B66FB",
      -4.946219526428153,
      144.09478352476478,
      522.0537391777989
    ],
    [
      "DEB-C6D5D606",
      -27.64882372208678,
      -11.039954359605565,
      399.69583534947014
    ],
    [
      "DEB-8300F236",
      15.892254987072956,
      -149.4829334061946,
      354.3078968380951
    ],
    [
      "DEB-3DA8DAE0",
      -30.62507112726214,
      -112.33814330846631,
      914.2555897965203
    ],
    [
      "DEB-1BE74127",
      -51.69669161329616,
      144.75728669909137,
      891.8314525635551
    ],
    [
      "DEB-8A715B42",
      -21.237593539485875,
      56.89117753514691,
      496.7098466110838
    ],
    [
      "DEB-4928FCF2",
      -29.28718218553865,
      -17.134001106081246,
      257.84934937794515
    ],
    [
      "DEB-758FEB2C",
      23.182775194138326,
      -96.46326755764788,
      535.7752579249463
    ],
    [
      "DEB-27AB8103",
      -1.646404883131435,
      -167.2323795220886,
      575.4315034801557
    ],
    [
      "DEB-46A540A8",
      -53.81402568888265,
      52.079124230512974,
      839.4570251801842
    ],
    [
      "DEB-E6B32CBA",
      -49.0015560614702,
      74.99424066763052,
      602.1647798481363
    ],
    [
      "DEB-A3D78F51",
      12.978568057586042,
      44.57493036388611,
      437.6638993092365
    ],
    [
      "DEB-7E55AC4C",
      62.49496563190867,
      -68.74539879720112,
      584.6671820357988
    ],
    [
      "DEB-16CED7F8",
      38.00883407141591,
      -136.6662225466932,
      608.3901186602225
    ],
    [
      "DEB-2C97E7D6",
      -13.789981180804538,
      -4.970098530687267,
      445.22976267080594
    ],
    [
      "DEB-CF1490D6",
      -49.53408790910083,
      67.83623672483176,
      282.881704069051
    ],
    [
      "DEB-3D0427B0",
      50.027587730960384,
      172.2633335347665,
      273.2955344542934
    ],
    [
      "DEB-D813F41A",
      68.53214978976324,
      31.023611662618062,
      443.6574999569166
    ],
    [
      "DEB-3C17C83A",
      49.51829557718521,
      149.8792814990262,
      607.5305814990661
    ],
    [
      "DEB-0A53B693",
      66.60800611534623,
      16.935550182908916,
      453.6441856840929
    ],
    [
      "DEB-4A194D7B",
      -44.16401392517871,
      123.15260145958459,
      333.5102698646151
    ],
    [
      "DEB-0D9D4246",
      -22.935365767276892,
      -1.58207481132099,
      608.2516423055295
    ],
    [
      "DEB-A2A0A62C",
      -0.8698345685853398,
      -168.55048664482376,
      198.92081500803943
    ],
    [
      "DEB-16A56007",
      -13.339940473936368,
      -102.55663545850246,
      472.79599190644876
    ],
    [
      "DEB-991C0295",
      43.86060229054631,
      159.39230377092147,
      520.8708117771785
    ],
    [
      "DEB-C0737EFA",
      38.34684419098938,
      178.52343288290533,
      517.0785447113622
    ],
    [
      "DEB-3898A949",
      -23.925164291585034,
      -34.90739664013943,
      400.38631610121956
    ],
    [
      "DEB-BF18F5B0",
      33.86373260160763,
      58.04291320212795,
      864.1454639920148
    ],
    [
      "DEB-D2681854",
      42.99977277199979,
      97.10002925872439,
      535.6942700485733
    ],
    [
      "DEB-1C5D5F5D",
      -49.953642172614316,
      39.910740320231206,
      301.10706583436786
    ],
    [
      "DEB-14D30387",
      27.43275592785196,
      -47.318877560615135,
      566.1248435289217
    ],
    [
      "DEB-2463D94C",
      -4.019082110308733,
      -92.2987974057278,
      913.5461230039837
    ],
    [
      "DEB-A2E12685",
      -29.125921349328383,
      -162.09360908671295,
      876.5350422550309
    ],
    [
      "DEB-9275B696",
      8.069317493339891,
      -40.209730484398804,
      383.4027350585329
    ],
    [
      "DEB-D3D63A8B",
      -36.89373677438227,
      2.48877297435687,
      379.30753359653136
    ],
    [
      "DEB-DE3DF41C",
      -38.73684150411399,
      171.5921973959105,
      148.6399219586283
    ],
    [
      "DEB-13B13A66",
      24.05357906909571,
      18.751061657036878,
      260.3848123504649
    ],
    [
      "DEB-67B81825",
      -52.828030901808745,
      -73.4922842789038,
      897.9742525214851
    ],
    [
      "DEB-5803E4E6",
      7.544911500532808,
      174.39698160841894,
      188.36759269630966
    ],
    [
      "DEB-85E28334",
      58.939431951789516,
      -35.143635507202774,
      904.9247721198144
    ],
    [
      "DEB-710EB131",
      31.913948065791594,
      -43.85684230500202,
      272.83285646327386
    ],
    [
      "DEB-D07C3537",
      -27.385015414909457,
      51.854334022676156,
      683.0990526157038
    ],
    [
      "DEB-C1895FF8",
      -50.64690426304572,
      84.93055897909463,
      415.04263502727645
    ],
    [
      "DEB-FB1F8C2A",
      56.027466790795664,
      -140.75167825415392,
      644.3126626745125
    ],
    [
      "DEB-8863964F",
      -62.97905478641566,
      -128.63660608254017,
      805.2949116823129
    ],
    [
      "DEB-60D7EE85",
      -2.500498993865783,
      82.99442189198435,
      325.9157372685004
    ],
    [
      "DEB-F3C6CF63",
      88.87637173915199,
      172.72754148562072,
      577.2717679518537
    ],
    [
      "DEB-1878EFCA",
      -14.016685297740393,
      68.10946138742065,
      806.3522119900299
    ],
    [
      "DEB-C51413B4",
      -53.04789673577946,
      30.20733876799368,
      791.1254494202985
    ],
    [
      "DEB-40C21543",
      1.88887244413837,
      -35.275850728014454,
      185.02691949729615
    ],
    [
      "DEB-E065E361",
      32.199723899127854,
      17.55131123477567,
      604.976695670458
    ],
    [
      "DEB-4301D1DF",
      19.64165093915384,
      59.336595781012676,
      704.1652995883023
    ],
    [
      "DEB-AE8162D0",
      21.104636565094296,
      57.903416802595274,
      546.914107495064
    ],
    [
      "DEB-9D92E2B3",
      20.37521534682424,
      131.82597290099633,
      865.5066656908984
    ],
    [
      "DEB-F8950A08",
      57.294300913842484,
      -27.71029940704851,
      793.7640807588623
    ],
    [
      "DEB-F0AFA8C6",
      31.796514389767264,
      63.16257302870411,
      196.02142786957393
    ],
    [
      "DEB-BE2DC4F6",
      -20.28727017218627,
      148.12123383433783,
      815.6620784166316
    ],
    [
      "DEB-25EC4A29",
      9.399529142851128,
      -136.6447687755875,
      588.5964401829888
    ],
    [
      "DEB-9D7A2249",
      4.915741316617122,
      -152.7368331646019,
      876.1561933813064
    ],
    [
      "DEB-74C868DF",
      -0.5644643015917538,
      82.99832601693964,
      213.637845405814
    ],
    [
      "DEB-922AFE29",
      -57.88913171423984,
      -172.71525157673474,
      395.35796446388304
    ],
    [
      "DEB-7916DAC4",
      26.155117263098273,
      143.19731972219316,
      797.2850033564227
    ],
    [
      "DEB-E215285C",
      49.589085219348696,
      27.43140905855211,
      359.62778543893637
    ],
    [
      "DEB-21FB17A2",
      17.43441765251818,
      -35.70796596323057,
      340.2689981634221
    ],
    [
      "DEB-37433C9A",
      15.315519179714974,
      -60.5949205718599,
      668.5278533518822
    ],
    [
      "DEB-1E38BF43",
      43.34038006942085,
      -22.874161134808496,
      782.0557129609351
    ],
    [
      "DEB-8DC2AC3E",
      -20.689957027179396,
      -12.971592386781925,
      224.46547171923066
    ],
    [
      "DEB-FDCA3061",
      18.407250938403816,
      -179.0980481395693,
      788.1844990435657
    ],
    [
      "DEB-CFD8A752",
      -56.01129500605512,
      132.79778726963062,
      503.43925315682554
    ],
    [
      "DEB-5E759909",
      3.200556764627192,
      171.76703403770117,
      658.5460271683642
    ],
    [
      "DEB-E8E2A288",
      -30.53782234952769,
      146.34062011653518,
      799.1940072571924
    ],
    [
      "DEB-22B1E88A",
      70.89691537570626,
      -155.7227327603868,
      815.9253836675625
    ],
    [
      "DEB-07222BEC",
      -39.31591591762475,
      -95.24420066003816,
      898.0824928049096
    ],
    [
      "DEB-2D2F0BEC",
      -46.70530519006937,
      -47.90548413840908,
      573.8914235779466
    ],
    [
      "DEB-271F87A1",
      -57.79276210712587,
      -88.50770261274269,
      557.4049799133318
    ],
    [
      "DEB-F97CB7F1",
      -60.3179433406258,
      -49.115717537321075,
      579.8922032673072
    ],
    [
      "DEB-721B56A6",
      0.8172968098771065,
      -114.85923115872919,
      308.837668583481
    ],
    [
      "DEB-9757C261",
      68.13639252166732,
      166.67989418208757,
      643.0412474605664
    ],
    [
      "DEB-54F4683C",
      -49.355381111365695,
      66.46232895594403,
      583.814470554431
    ],
    [
      "DEB-FFF3B85F",
      2.993483023231512,
      -57.24395023016352,
      261.0311694355969
    ],
    [
      "DEB-5F2A11A4",
      55.501414760459134,
      50.50257670623834,
      903.1328291417849
    ],
    [
      "DEB-B62863D6",
      55.56309177617122,
      115.72490767096399,
      261.5175957432966
    ],
    [
      "DEB-380998FD",
      21.69806312753789,
      111.99590213023887,
      424.092780137079
    ],
    [
      "DEB-9E510EC3",
      -11.121478519493394,
      26.18600211173522,
      523.1047912818203
    ],
    [
      "DEB-0232FBBE",
      39.3844336984933,
      74.47269116218654,
      647.0317565006235
    ],
    [
      "DEB-6597C963",
      -50.27829615667642,
      156.16757425627344,
      528.3617551356156
    ],
    [
      "DEB-21EA883D",
      55.88214763089103,
      75.73635913592058,
      831.9951084078975
    ],
    [
      "DEB-0FB50C8F",
      -10.84372447942243,
      -105.94414196713913,
      709.054726697459
    ],
    [
      "DEB-A2AD49B6",
      20.978047009851522,
      3.3219479653279285,
      913.5260994800165
    ],
    [
      "DEB-1EB03C61",
      -10.50651653247811,
      14.339530603902977,
      478.2444042808056
    ],
    [
      "DEB-66A81E9F",
      -17.26560506016269,
      102.94432355172331,
      642.0533420958045
    ],
    [
      "DEB-3D3E4D85",
      -22.85353265100912,
      -84.85603386006132,
      357.2244736779621
    ],
    [
      "DEB-FC64E78D",
      48.69971818754538,
      29.776740041034305,
      365.6594292601476
    ],
    [
      "DEB-CDE32270",
      -82.42995419790229,
      7.002369028058133,
      306.430500887629
    ],
    [
      "DEB-A4C6D280",
      16.9709950331647,
      44.371510903236,
      893.143844671531
    ],
    [
      "DEB-FF364B71",
      -5.108965825863329,
      -157.7600143501937,
      271.2216136118859
    ],
    [
      "DEB-5D2B3558",
      18.25169444382887,
      -134.75113149959435,
      491.5503935084653
    ],
    [
      "DEB-7E2BA7A8",
      25.430533052621442,
      132.70045835363894,
      705.8838460808392
    ],
    [
      "DEB-C77B7779",
      -49.361505889123585,
      -119.42936394387668,
      282.9498497595714
    ],
    [
      "DEB-F63A9BA4",
      20.00889677046045,
      103.29928445710229,
      154.02475316789514
    ],
    [
      "DEB-80B645F1",
      24.2067605329561,
      -159.06942952826068,
      510.6631282861308
    ],
    [
      "DEB-BA9E62BF",
      -39.27669078462494,
      150.56293888065363,
      568.3952403358344
    ],
    [
      "DEB-978779F4",
      -22.461638794834414,
      -34.617067580958626,
      336.0963858308314
    ],
    [
      "DEB-9644CADC",
      -0.2002198220792994,
      150.3402167863904,
      743.493466331619
    ],
    [
      "DEB-56595E42",
      8.05313163364563,
      22.90291140844461,
      259.7636021917169
    ],
    [
      "DEB-62ADA340",
      -71.73266167477557,
      -56.626048375615504,
      897.4425383495454
    ],
    [
      "DEB-3CE56E62",
      0.42657164270838643,
      97.75143270328161,
      764.9940536488557
    ],
    [
      "DEB-643D6363",
      25.279703154054,
      -113.17669722836916,
      773.7380985224045
    ],
    [
      "DEB-6335AF1B",
      -0.8905092707445099,
      98.13012758434239,
      352.07453426864595
    ],
    [
      "DEB-CEB85AEA",
      55.68234227342287,
      38.65765563118805,
      481.29978010416744
    ],
    [
      "DEB-96E250CE",
      56.13042854997165,
      154.80454324080364,
      826.9840832970849
    ],
    [
      "DEB-8310E955",
      -25.828504061317435,
      13.543234681940064,
      373.1067322039735
    ],
    [
      "DEB-415BB135",
      28.18340799596146,
      65.83506712767898,
      203.1807327661536
    ],
    [
      "DEB-5D69A0A7",
      49.81804191375907,
      110.07312671620129,
      359.72511216524526
    ],
    [
      "DEB-EDEF8A53",
      1.1170101244921573,
      -121.8170623091791,
      513.0536871684071
    ],
    [
      "DEB-651F31F1",
      -23.796243161130835,
      -122.41649223313594,
      467.2142151351227
    ],
    [
      "DEB-BE6A53BA",
      -3.7280537164727545,
      131.75593391959475,
      797.0368198670021
    ],
    [
      "DEB-77B8E1B6",
      15.881200805749701,
      -60.67483993342339,
      453.4106393706552
    ],
    [
      "DEB-5C5757BB",
      25.773006616820243,
      97.10459933999037,
      362.39092621828877
    ],
    [
      "DEB-72B29180",
      -17.8457082589868,
      -154.96865317597585,
      232.54572296531296
    ],
    [
      "DEB-FCEBF05F",
      25.92030470963918,
      -46.23958422972167,
      710.1444983498404
    ],
    [
      "DEB-C7E0CB80",
      -31.443667610167704,
      -97.49812844090656,
      618.0572807600211
    ],
    [
      "DEB-E5462D1F",
      12.763417992618844,
      -109.34709610718318,
      308.6186393512835
    ],
    [
      "DEB-F03DD1C1",
      -35.57865262879255,
      3.7868405672890133,
      520.3760587882125
    ],
    [
      "DEB-17B387D3",
      18.505215776495294,
      71.87760331397168,
      511.56358242180795
    ],
    [
      "DEB-45DE9A71",
      -53.92409919377831,
      -120.80606230287701,
      285.05792829665825
    ],
    [
      "DEB-817FCE07",
      25.803569337657652,
      -39.077580165061946,
      775.6056235247916
    ],
    [
      "DEB-AEFF7E8A",
      -8.87743557132819,
      -17.909034873870002,
      489.9953753569471
    ],
    [
      "DEB-4325C14F",
      30.023425771697717,
      -2.6699240043967176,
      599.6450161583043
    ],
    [
      "DEB-6470C456",
      22.433436978027803,
      91.09449297662097,
      662.2194140397378
    ],
    [
      "DEB-F9BFAC2E",
      -9.450007641430762,
      -48.72076870737591,
      360.6320601453308
    ],
    [
      "DEB-1321FAA1",
      -58.41145507460503,
      20.681953252913353,
      173.93412064813947
    ],
    [
      "DEB-49AEFC62",
      40.3590587999766,
      -131.08815667050888,
      696.5729276950942
    ],
    [
      "DEB-5FA20746",
      -3.5864206239073466,
      -30.22384178667099,
      239.37001009542837
    ],
    [
      "DEB-B2612776",
      50.14070714161734,
      -120.4684868027899,
      756.5497977371406
    ],
    [
      "DEB-902C2A3E",
      21.826698667478418,
      -160.8727627149406,
      902.2362853821423
    ],
    [
      "DEB-6B72F829",
      -55.7141673025657,
      35.73893267847954,
      254.88268406239422
    ],
    [
      "DEB-C08CF8F0",
      -44.740216200034354,
      -35.91557780785031,
      748.1747568550409
    ],
    [
      "DEB-BE4D79FE",
      -11.270211871357088,
      51.68305380447896,
      479.17864301972804
    ],
    [
      "DEB-99704298",
      9.352050017293491,
      -88.84857686810227,
      512.9109083016774
    ],
    [
      "DEB-58CD974C",
      -23.319144286797517,
      -117.31959988766238,
      119.84956330747809
    ],
    [
      "DEB-D453918A",
      -57.86602196733705,
      -21.15888530484085,
      865.0110346871606
    ],
    [
      "DEB-E730D65E",
      -26.22017836500925,
      -71.42029108613902,
      596.487148504667
    ],
    [
      "DEB-EB005C69",
      -24.31530949969839,
      48.36264148160897,
      831.648623350432
    ],
    [
      "DEB-5FE7F91F",
      -39.49042857927372,
      96.47421216644004,
      745.4199354863058
    ],
    [
      "DEB-AC5BC9F0",
      -4.065719996970229,
      113.34702448611657,
      934.8622907610888
    ],
    [
      "DEB-650D748B",
      -60.52094852775241,
      48.26297077288039,
      559.0620509410028
    ],
    [
      "DEB-449B9D9A",
      -37.07362621783442,
      -37.49125733443561,
      166.5396144129336
    ],
    [
      "DEB-3BAE5FDA",
      -11.195034435277375,
      137.8741361351354,
      878.458379290174
    ],
    [
      "DEB-195D54A6",
      -5.445825854378976,
      -6.665582853994745,
      676.7970986995406
    ],
    [
      "DEB-07CA92D9",
      -65.23730925683753,
      -169.4018879168298,
      688.7630098250193
    ],
    [
      "DEB-7BF484D2",
      19.830235517095797,
      69.53614960005117,
      541.3442916810236
    ],
    [
      "DEB-B4F6DCE5",
      -13.904220249196067,
      -123.30502552553006,
      784.5633525275198
    ],
    [
      "DEB-F3306B2A",
      -38.03715511145107,
      59.93622093797693,
      533.0173963144498
    ],
    [
      "DEB-B5D19C0C",
      30.719093405847968,
      -108.83048223122806,
      675.1200896540186
    ],
    [
      "DEB-D2DACE43",
      4.658858075633785,
      43.518135635014254,
      600.6841153041241
    ],
    [
      "DEB-560450E6",
      -13.109711956889669,
      48.251267312147384,
      319.82274693886575
    ],
    [
      "DEB-48600972",
      -1.643398159768472,
      -38.10940883383851,
      498.7464261072291
    ],
    [
      "DEB-6C2A4D02",
      -44.46587876565793,
      65.82504277941727,
      870.2285353193129
    ],
    [
      "DEB-EA1B4A62",
      -22.484125544674644,
      -174.07745975318204,
      140.84336524828723
    ],
    [
      "DEB-C86B5CE1",
      -38.200082034132414,
      146.48221080573995,
      482.8916830637954
    ],
    [
      "DEB-022E9843",
      -48.8598245271225,
      -29.267218452417534,
      526.0456501342087
    ],
    [
      "DEB-A4E71AAB",
      -17.441428143337717,
      64.57018766533011,
      785.4895467954238
    ],
    [
      "DEB-CD96C5A1",
      43.56547418447068,
      -102.0993086398662,
      805.3117815321075
    ],
    [
      "DEB-22F5964E",
      9.829897311962206,
      141.77578467076793,
      322.0482457919643
    ],
    [
      "DEB-C6423AE6",
      29.067504785811632,
      -142.02551578927967,
      800.7381846792923
    ],
    [
      "DEB-75C8F508",
      -22.69749599704249,
      -96.62678676789108,
      225.97396694184408
    ],
    [
      "DEB-990EBAD8",
      48.97968999817191,
      106.77130932054072,
      706.9121348887347
    ],
    [
      "DEB-5FD2E588",
      8.751065828904718,
      -28.042930208651658,
      285.58115203411035
    ],
    [
      "DEB-EAEE79E7",
      38.58486045092816,
      178.13842013836788,
      190.48917252245792
    ],
    [
      "DEB-6B7AC8EF",
      4.919205418990831,
      94.63364725553028,
      886.7479843847668
    ],
    [
      "DEB-AE62639E",
      58.011981577791005,
      -136.3161874971255,
      732.2352969098201
    ],
    [
      "DEB-A45FA991",
      -5.971696644678766,
      -73.30732613627542,
      880.6818753207535
    ],
    [
      "DEB-210826E2",
      -0.07497611737868547,
      -17.426306726158465,
      607.2438845834058
    ],
    [
      "DEB-2AE522CD",
      5.66971905681076,
      22.51837722489684,
      586.9856472545189
    ],
    [
      "DEB-D4E111C5",
      -5.486802666842803,
      -77.969736925145,
      924.1602641158415
    ],
    [
      "DEB-399A87F9",
      -45.41934543610553,
      -6.177290231985857,
      690.543887131249
    ],
    [
      "DEB-FBA9DFFC",
      65.08149281584016,
      42.90667352315605,
      155.804403525799
    ],
    [
      "DEB-23910ADF",
      22.240475451051882,
      140.75309106286446,
      412.76916483415425
    ],
    [
      "DEB-DA5D84BB",
      -46.59364275349316,
      -113.82952719677603,
      338.6425036769133
    ],
    [
      "DEB-52C608D1",
      -50.66159432684028,
      -129.02204397823934,
      697.3975510379705
    ],
    [
      "DEB-FA29C6B4",
      47.482742614833,
      -94.40986653676565,
      733.2363935071917
    ],
    [
      "DEB-0E0B9EEF",
      3.37416664590882,
      -131.06680065887923,
      174.28272191243013
    ],
    [
      "DEB-FCC07EDD",
      -48.29216026497258,
      62.33927222994669,
      710.2349288077694
    ],
    [
      "DEB-5CB5052E",
      52.20521434108633,
      -163.825563927475,
      308.76830388392045
    ],
    [
      "DEB-F617E5DF",
      -23.688690899284186,
      117.47188848441427,
      522.8717594567715
    ],
    [
      "DEB-486CDD50",
      -55.954464638106444,
      -100.55157085941937,
      742.6912848280626
    ],
    [
      "DEB-26FB6BBE",
      -35.10710293836729,
      -108.00506366886033,
      519.3630284634191
    ],
    [
      "DEB-4D24BD80",
      -35.629716376305005,
      -53.141441750548836,
      350.8636917245776
    ],
    [
      "DEB-A1551150",
      23.620427081609357,
      72.47351781706529,
      784.6682980409441
    ],
    [
      "DEB-EDEEA690",
      79.61278217542355,
      -96.12403616054682,
      218.54106903600314
    ],
    [
      "DEB-758805DE",
      11.165023017674848,
      -134.22960377389268,
      737.6373471925326
    ],
    [
      "DEB-FD4FFCE0",
      -9.658752953642416,
      -10.789425468849746,
      754.2527335321374
    ],
    [
      "DEB-33D4CABF",
      -19.711278487119824,
      -11.845185537816246,
      485.4584822031229
    ],
    [
      "DEB-4BDC39A9",
      -82.0509576065735,
      -13.141771838725008,
      154.946539114173
    ],
    [
      "DEB-6773F444",
      -38.57638465913311,
      -97.65304746606573,
      700.5031412658846
    ],
    [
      "DEB-D29D94DF",
      6.342327785303196,
      -36.396511056531814,
      171.12258598985227
    ],
    [
      "DEB-33E31150",
      35.792361236947784,
      29.420175876520815,
      495.42358664716903
    ],
    [
      "DEB-2D06AB67",
      -77.77179262125674,
      -19.088168917942557,
      456.13185176729985
    ],
    [
      "DEB-F4810825",
      -59.20428070064314,
      16.309580567385133,
      366.2232018778159
    ],
    [
      "DEB-EA8FB9C6",
      -71.4931711292567,
      163.9888353706789,
      191.02393610351555
    ],
    [
      "DEB-754923F7",
      -49.2944353585011,
      3.9058396766898964,
      581.3808056198104
    ],
    [
      "DEB-3C8AEC55",
      0.03593129148987112,
      -142.11280231075196,
      245.94514898921625
    ],
    [
      "DEB-DAF81694",
      37.66577368984604,
      -62.977616484777904,
      673.0480072936052
    ],
    [
      "DEB-370F1928",
      1.7341171830191109,
      119.604294607448,
      861.7443266732189
    ],
    [
      "DEB-944B5937",
      -37.21545870797257,
      -21.528683467089696,
      282.2567759198655
    ],
    [
      "DEB-2A52CA2D",
      -41.44956869159753,
      -141.28997604662544,
      844.2394231359704
    ],
    [
      "DEB-FEEF16FE",
      30.023711557040254,
      -65.6661043247804,
      302.4917551736726
    ],
    [
      "DEB-2F82FB3C",
      -47.795317660728095,
      13.548317831959912,
      430.59294513554505
    ],
    [
      "DEB-3962B7AC",
      -41.98313392149749,
      -60.84346826988334,
      207.84594318323798
    ],
    [
      "DEB-F26AC9B4",
      59.158843596582265,
      -17.736683609709594,
      335.8215302337712
    ],
    [
      "DEB-1936E86B",
      -67.99801514375149,
      7.063937170757748,
      447.4772217709278
    ],
    [
      "DEB-D43CA392",
      -8.263853330295051,
      -55.07707969508674,
      393.1265442718495
    ],
    [
      "DEB-19F003ED",
      -4.916959460646118,
      129.883573998436,
      528.8235771460413
    ],
    [
      "DEB-E5B9B154",
      37.012240556246304,
      -146.98750458002712,
      371.3583115128731
    ],
    [
      "DEB-60F87A89",
      19.505919396920213,
      -3.947345001173489,
      367.91791455290695
    ],
    [
      "DEB-E066877C",
      72.14376650759607,
      178.24447262299347,
      491.46641082451606
    ],
    [
      "DEB-1D078DCA",
      13.778138638463126,
      -155.36983933182083,
      805.6381783787019
    ],
    [
      "DEB-031418A7",
      -59.91460565692662,
      106.61723709495483,
      641.9415149929737
    ],
    [
      "DEB-BD3EDC52",
      48.168256345504204,
      -131.56553369757552,
      587.9561797632168
    ],
    [
      "DEB-3F372343",
      45.83578948149321,
      -100.54865384182764,
      809.8203085056257
    ],
    [
      "DEB-86679341",
      18.103010373174282,
      153.37623137135552,
      700.1365100437079
    ],
    [
      "DEB-0D93422D",
      -61.28054844225291,
      -29.408749774276572,
      636.7165126174532
    ],
    [
      "DEB-0D26BC0B",
      37.31303123141421,
      117.60638212039316,
      712.8274842441097
    ],
    [
      "DEB-225D22AC",
      19.880861269856982,
      49.174990924833516,
      354.2926964690723
    ],
    [
      "DEB-858CD3F1",
      56.27938569941121,
      -126.23041838453533,
      891.5779727862355
    ],
    [
      "DEB-9F59DE4F",
      -23.78209918723257,
      -140.677659733635,
      425.05265344923464
    ],
    [
      "DEB-216BAF25",
      -33.886454856873016,
      22.380205517936258,
      195.18925089276217
    ],
    [
      "DEB-86902C70",
      -2.6707438924202305,
      -85.18021770764096,
      685.4304500025864
    ],
    [
      "DEB-E07A24EE",
      -46.614569027457115,
      58.87492387729297,
      386.1031983587209
    ],
    [
      "DEB-5E7B4156",
      -40.27793966035046,
      -96.85324157159728,
      751.5196134752332
    ],
    [
      "DEB-E421298F",
      12.60215114622911,
      117.27017797585117,
      298.26336430759875
    ],
    [
      "DEB-14DE396E",
      39.870136539283166,
      74.7457531399854,
      174.199433401036
    ],
    [
      "DEB-E57A62F8",
      -60.052700453138584,
      -65.32938710690355,
      487.4485838589253
    ],
    [
      "DEB-0F2AFBCC",
      11.563034757284234,
      59.00299899486864,
      275.2288922000671
    ],
    [
      "DEB-6B5EBF23",
      -53.86988337051109,
      -112.60311475432363,
      609.4884239101721
    ],
    [
      "DEB-471CA29A",
      11.552476822602761,
      -135.32340172540341,
      698.484376805377
    ],
    [
      "DEB-340EB9C1",
      -46.35841785964609,
      61.300241479272124,
      198.80904764876868
    ],
    [
      "DEB-3F7D8EDF",
      -51.742763913697566,
      82.5124769070095,
      680.1195145297888
    ],
    [
      "DEB-4022864E",
      76.35911433040435,
      64.81283824628007,
      511.4877799832411
    ],
    [
      "DEB-C21BE399",
      -80.62887477634955,
      16.650707578069984,
      893.2893290513048
    ],
    [
      "DEB-DC32EF53",
      50.967451000932556,
      54.148713197332725,
      457.7176334546921
    ],
    [
      "DEB-7036E59C",
      41.586068505694335,
      -23.340319728123355,
      530.063326096656
    ],
    [
      "DEB-DE7C9CE2",
      12.572032687186963,
      10.057001961733066,
      370.58678461324234
    ],
    [
      "DEB-DFDF8FA4",
      -1.182548899615218,
      113.653252352327,
      122.0802297710834
    ],
    [
      "DEB-1932CCD5",
      72.64096874340157,
      -137.2343432240944,
      233.60558452413625
    ],
    [
      "DEB-78CBB422",
      2.653051327914738,
      -42.65933563349975,
      209.50559595813593
    ],
    [
      "DEB-FB7B19DD",
      -79.260868474196,
      -12.855555809839016,
      575.9524253177851
    ],
    [
      "DEB-1B2CCEE3",
      25.83751244175101,
      -94.48615336536218,
      888.5125130814222
    ],
    [
      "DEB-2BB2429D",
      -15.268762371619976,
      73.03090746385692,
      124.92543840964936
    ],
    [
      "DEB-E9D83788",
      -72.35829964142945,
      36.21370809659922,
      315.84508432913844
    ],
    [
      "DEB-644E705F",
      18.20480530789355,
      -20.813181690068404,
      593.2259325389805
    ],
    [
      "DEB-4C47A18D",
      13.734673397348745,
      -118.72817958180251,
      838.1939298352181
    ],
    [
      "DEB-3D892263",
      46.989587924810195,
      -54.46772785733428,
      863.3346074072115
    ],
    [
      "DEB-D6B0361D",
      -52.334035412635245,
      8.764474696710781,
      310.3137207739792
    ],
    [
      "DEB-6C9357A4",
      10.884044628094905,
      117.3680209941434,
      163.47179223759758
    ],
    [
      "DEB-5CBDA7C8",
      -7.405588334157607,
      -171.21115663638193,
      846.4336648893022
    ],
    [
      "DEB-2DCE806A",
      -8.605639158627678,
      114.83553419604121,
      306.9212156189242
    ],
    [
      "DEB-13B03A25",
      -13.021236139938763,
      -15.847361184345889,
      182.35582008991878
    ],
    [
      "DEB-F1D90F28",
      -21.968073330254448,
      -36.25380741295865,
      145.3358506347995
    ],
    [
      "DEB-DADE734C",
      41.73552778743481,
      63.29782548351271,
      576.667884028936
    ],
    [
      "DEB-310C06D3",
      -56.448016064724776,
      75.73042427872811,
      491.5682723113823
    ],
    [
      "DEB-6091A141",
      -58.12776485296231,
      -80.7256283421706,
      377.0459405993188
    ],
    [
      "DEB-C78D0E26",
      31.885762710515973,
      31.35684137230905,
      709.7708023512732
    ],
    [
      "DEB-F2106D20",
      -4.182763705326899,
      -88.0577629259395,
      723.642899201107
    ],
    [
      "DEB-B7801585",
      -0.2817269024226069,
      -96.01028213046018,
      651.5130731944528
    ],
    [
      "DEB-2FB80544",
      14.838966533485573,
      -170.56127560465504,
      748.0045858877465
    ],
    [
      "DEB-43C58554",
      27.713062000651252,
      -88.44497706719454,
      251.8732955513051
    ],
    [
      "DEB-895C806A",
      -74.51365002128931,
      -77.27437090538113,
      588.8587226517438
    ],
    [
      "DEB-F36A4B5B",
      19.53432281368786,
      -100.28209045969903,
      835.6059989912164
    ],
    [
      "DEB-FC791D73",
      -25.58697869482514,
      115.26113182864125,
      199.41970170131754
    ],
    [
      "DEB-9AE21985",
      -0.49954294467474775,
      -148.76370982329595,
      189.86069005484205
    ],
    [
      "DEB-248628F1",
      -44.00125062865249,
      49.88684078420894,
      247.27980337414647
    ],
    [
      "DEB-86FE206E",
      -40.21493890565018,
      -27.841008439736466,
      896.4405100137928
    ],
    [
      "DEB-76F6EB00",
      22.48010806203632,
      21.48411014440759,
      806.0056110740952
    ],
    [
      "DEB-E5320E37",
      32.35450250498183,
      -95.64659092098299,
      878.9098229561396
    ],
    [
      "DEB-E773FD78",
      -33.14732544245446,
      -53.06174172891108,
      621.7463626469262
    ],
    [
      "DEB-87C949CE",
      -24.174089724898135,
      -47.33539119200744,
      632.04525603402
    ],
    [
      "DEB-C071EE43",
      54.4071198653945,
      -94.96591894780393,
      684.1369330313391
    ],
    [
      "DEB-D789BB11",
      54.17794920116402,
      -83.19179809417847,
      308.6744680765614
    ],
    [
      "DEB-0D4AD3BB",
      -11.415662079842289,
      -62.88034853332165,
      281.6878578948945
    ],
    [
      "DEB-CD146C20",
      26.963844381607494,
      -8.273137364433492,
      514.9071968485778
    ],
    [
      "DEB-A20F12BF",
      -25.996060090359762,
      140.2364399712728,
      852.4572426623909
    ],
    [
      "DEB-D03D9E97",
      13.29288213051215,
      -59.74328052606874,
      505.25972896829626
    ],
    [
      "DEB-FDC65650",
      -4.574622839236936,
      92.6733150626623,
      483.74755056475715
    ],
    [
      "DEB-D1C647FF",
      28.65355293169541,
      159.5787312702168,
      686.3914089594446
    ],
    [
      "DEB-90FDDA1F",
      33.56700107431556,
      -7.332838988915942,
      501.63653803645775
    ],
    [
      "DEB-DDC02BB2",
      16.073844884282384,
      152.25708225856812,
      683.0691952626303
    ],
    [
      "DEB-365FD0F4",
      -2.8988023510081065,
      42.67017517464559,
      426.97626832201786
    ],
    [
      "DEB-93424937",
      21.18892926833329,
      -28.779778522475866,
      909.6046766926693
    ],
    [
      "DEB-FB0EC687",
      17.092756875917654,
      -148.04170542606363,
      882.4078419081661
    ],
    [
      "DEB-3B6F73A1",
      27.26228050602588,
      -163.3959253140859,
      331.8447282894149
    ],
    [
      "DEB-2FBF2E45",
      -9.75957332289153,
      81.32841792929872,
      592.0657367959966
    ],
    [
      "DEB-A365449E",
      34.309170551732166,
      100.0583629461857,
      505.5279602405353
    ],
    [
      "DEB-6120FDA8",
      -79.2070523876764,
      107.57583979463676,
      785.7500918250162
    ],
    [
      "DEB-AF1DC58C",
      -54.82421286605777,
      -35.66545756606426,
      832.8697332834263
    ],
    [
      "DEB-EDF73FC4",
      -80.52069109450215,
      -80.00045576249634,
      874.3668386742847
    ],
    [
      "DEB-DAD7A988",
      -6.739630041836364,
      -0.3050771096764745,
      157.7249000514721
    ],
    [
      "DEB-F2E88B22",
      14.291635538956415,
      55.90055929304106,
      675.2754965306449
    ],
    [
      "DEB-5057BD9B",
      31.445205786578583,
      -160.95081664021075,
      288.15574620971165
    ],
    [
      "DEB-EA7F867E",
      63.12411789668725,
      -64.63364788242329,
      696.9256153934402
    ],
    [
      "DEB-46596057",
      24.636124652558834,
      81.96513439831246,
      864.9348563925059
    ],
    [
      "DEB-C05B6642",
      -67.13846913136052,
      -87.06608314297112,
      546.2929489094331
    ],
    [
      "DEB-A34C10C1",
      -8.011458947794656,
      81.71843774950713,
      584.7143805688193
    ],
    [
      "DEB-29414C8C",
      -31.439133251725913,
      61.458530205915785,
      590.9042756970703
    ],
    [
      "DEB-BBE23F5A",
      -12.236184608649294,
      168.9686100084098,
      543.1779914862946
    ],
    [
      "DEB-1E5F4D53",
      -10.790735481272334,
      -159.29303624043274,
      671.0042641723167
    ],
    [
      "DEB-BB991E46",
      -46.90872691594785,
      157.54765480064304,
      211.7487006990841
    ],
    [
      "DEB-C4C1AB5E",
      16.450442943686753,
      175.93027830160688,
      813.1185415581112
    ],
    [
      "DEB-93ECBF5D",
      32.44878539968483,
      -106.60230913951095,
      763.4495464812326
    ],
    [
      "DEB-42CE4242",
      37.932651094819285,
      88.93023179138059,
      822.2462111211125
    ],
    [
      "DEB-42F58FFE",
      34.96777016409826,
      69.98866389266145,
      290.770170967171
    ],
    [
      "DEB-B15B0059",
      -38.84191285425325,
      160.417681814583,
      205.00264544152742
    ],
    [
      "DEB-E217F580",
      5.349224328632002,
      -162.97069127574136,
      280.70290300734996
    ],
    [
      "DEB-D8914F7E",
      7.11520438457212,
      -126.3892653301962,
      135.34362100809903
    ],
    [
      "DEB-96D70191",
      -18.574635220666536,
      -84.10925862470076,
      799.2910530476993
    ],
    [
      "DEB-4187E975",
      27.91649123694711,
      -106.77682640608462,
      538.2714335890914
    ],
    [
      "DEB-D7787E9F",
      -14.201008114655309,
      143.52469477193418,
      215.4949599790798
    ],
    [
      "DEB-94E3780F",
      10.97673401906127,
      35.29151870741846,
      290.88457246234793
    ],
    [
      "DEB-2ABF31AA",
      -3.456604159034423,
      158.86901018177787,
      169.29346232680746
    ],
    [
      "DEB-11F0812F",
      20.573081026519194,
      79.70749348626063,
      681.2957141970546
    ],
    [
      "DEB-B06B4E09",
      2.5808055585032186,
      -179.68491536189086,
      593.3408643186485
    ],
    [
      "DEB-16311AA5",
      31.13949545033862,
      -166.07462781086844,
      546.7962448333119
    ],
    [
      "DEB-A04C799F",
      10.559583453220931,
      173.32431026980964,
      751.5836133084949
    ],
    [
      "DEB-0C53BA4B",
      33.469897722619145,
      -97.96262477781598,
      307.2922110987047
    ],
    [
      "DEB-0CDF23C2",
      23.183951802891002,
      -116.18841827093395,
      433.33574284950646
    ],
    [
      "DEB-4E6939BB",
      -5.671382787584788,
      117.02434360180844,
      757.29838503669
    ],
    [
      "DEB-B47B48CF",
      -12.577319001413567,
      170.28969496049865,
      367.1615249946317
    ],
    [
      "DEB-B6B3E4B3",
      -52.44338268762611,
      -28.104251041256536,
      448.6203725823789
    ],
    [
      "DEB-C9D92D93",
      -16.53417059187768,
      -119.6126865015249,
      176.09751925539877
    ],
    [
      "DEB-56C9A85F",
      -1.2044939391822802,
      -161.5688398292353,
      258.54189668267554
    ],
    [
      "DEB-A8EF78D5",
      -28.53804020196189,
      -52.99285599663413,
      572.4940784634564
    ],
    [
      "DEB-FA89BE31",
      -44.27238493308899,
      36.10190051603838,
      839.8016077324173
    ],
    [
      "DEB-3FE1D7EA",
      -57.37059289166158,
      39.632573651544206,
      526.6931732729281
    ],
    [
      "DEB-FEDBE6C8",
      34.193832616835515,
      -139.71414973538722,
      726.7243869603717
    ],
    [
      "DEB-6C7C9330",
      -7.729955464020093,
      -113.08671805104782,
      649.3419008621859
    ],
    [
      "DEB-E97B22C1",
      -17.86005380548121,
      -30.770499801388773,
      355.95540299697313
    ],
    [
      "DEB-0C92C869",
      -44.499342522450185,
      95.11042923550312,
      744.2467751377335
    ],
    [
      "DEB-35426E66",
      -63.22181061772241,
      164.73614993720764,
      880.3424141257801
    ],
    [
      "DEB-EBA73524",
      50.36173358208039,
      -110.4061703821236,
      694.9920488626567
    ],
    [
      "DEB-D9501534",
      -9.509983776047847,
      178.84872069508504,
      446.04125891365675
    ],
    [
      "DEB-D1A5083D",
      47.97292970048706,
      -143.54365350438601,
      762.9160936460576
    ],
    [
      "DEB-E86EB8D1",
      -14.211464728401596,
      -117.09963181981831,
      610.6974762892387
    ],
    [
      "DEB-1AA616E9",
      -14.983684632252688,
      -33.40457318744164,
      173.8540130450101
    ],
    [
      "DEB-0FBFBC1D",
      -9.537461891158609,
      12.018359227577893,
      191.07391734722842
    ],
    [
      "DEB-46D84F05",
      26.926610775113993,
      -83.57736900756407,
      892.909920747742
    ],
    [
      "DEB-030854BC",
      78.1493049221718,
      50.29715171790258,
      142.43034825941868
    ],
    [
      "DEB-606EAB4D",
      -47.19469873998983,
      77.44208459379806,
      276.82038673741954
    ],
    [
      "DEB-442F8A7A",
      -8.377964928274373,
      -3.1070869246066937,
      520.4484353303824
    ],
    [
      "DEB-FD559E37",
      53.63753771210373,
      144.14754667952778,
      571.9745828840141
    ],
    [
      "DEB-A2445CEB",
      -55.017894747911704,
      -77.61180842599455,
      289.8001259411103
    ],
    [
      "DEB-78897583",
      -15.771791077555893,
      -107.51197608018003,
      832.828360053807
    ],
    [
      "DEB-121A06E1",
      -23.414906249841387,
      -119.44127984135388,
      699.1556948007992
    ],
    [
      "DEB-9F917A44",
      -17.642669777655613,
      135.53964075255362,
      830.5044255954144
    ],
    [
      "DEB-900C7B75",
      -36.320389305213105,
      -123.78586247933886,
      175.67748558248786
    ],
    [
      "DEB-698F78E1",
      -10.761861198767496,
      -23.61922709307693,
      850.709910048412
    ],
    [
      "DEB-C9DC48C4",
      12.618584875472859,
      177.53177303281956,
      163.4663801976103
    ],
    [
      "DEB-3E211A19",
      38.00091748747731,
      95.98942704469269,
      308.7970524372631
    ],
    [
      "DEB-3F90882C",
      -49.350895574256505,
      -77.95829041953358,
      142.11377745042773
    ],
    [
      "DEB-8B55166A",
      -33.34650841757579,
      63.82169250194372,
      236.18445714013433
    ],
    [
      "DEB-D365CB49",
      31.61345270195701,
      137.8068558753069,
      845.2305120360688
    ],
    [
      "DEB-3070E04F",
      32.89597301919236,
      125.86153255768556,
      183.09657043617153
    ],
    [
      "DEB-B021A4A5",
      12.611364953588954,
      -21.956455599317454,
      139.49301649041809
    ],
    [
      "DEB-93211B67",
      30.62962324482807,
      -79.0061335678906,
      441.101190594527
    ],
    [
      "DEB-8BE79EB0",
      -22.821520425558717,
      -95.66603242588978,
      694.0263848270743
    ],
    [
      "DEB-3F8F9ED1",
      61.20692379585589,
      -21.749075172382106,
      827.1696255140287
    ],
    [
      "DEB-36518A61",
      42.71187284494266,
      -8.910422507594413,
      457.8517600101086
    ],
    [
      "DEB-7508F3D7",
      -62.15330148753309,
      -49.80685580638552,
      879.242059438483
    ],
    [
      "DEB-0080775C",
      -55.2536747818663,
      -77.44491960837306,
      672.3396496377
    ],
    [
      "DEB-8AAFBE68",
      -1.0431371972945347,
      -147.47146309905213,
      192.24434822144758
    ],
    [
      "DEB-9617DF50",
      -32.27473471956726,
      -42.46704666794284,
      137.92796388255465
    ],
    [
      "DEB-043FCA83",
      -7.56687204177547,
      -26.92495555366111,
      450.05043698053396
    ],
    [
      "DEB-BB5A8D11",
      -33.244773921497476,
      143.8968992339278,
      738.8968002738711
    ],
    [
      "DEB-C2B34444",
      0.8231485847313209,
      87.28701209928863,
      844.4137094566859
    ],
    [
      "DEB-E27C8A20",
      63.50418510330859,
      0.11245152686585931,
      332.81660760903924
    ],
    [
      "DEB-7B476719",
      -34.591457878541185,
      128.31016651232576,
      715.549878747116
    ],
    [
      "DEB-B6E2CAAA",
      -13.418335794090023,
      -122.81489645217128,
      383.80147952385687
    ],
    [
      "DEB-DA775284",
      -7.531134555554824,
      -5.0831127996952405,
      483.7304160674821
    ],
    [
      "DEB-7E207074",
      3.0271268010157777,
      -52.642460908276306,
      510.7133487879755
    ],
    [
      "DEB-705E40B9",
      39.87586899011032,
      89.46176451435329,
      313.88558017850755
    ],
    [
      "DEB-2CA51462",
      61.92460880019179,
      -103.83942595028084,
      625.1623046892291
    ],
    [
      "DEB-A55F022D",
      -50.866915864252356,
      -80.68859467473992,
      766.8147667799985
    ],
    [
      "DEB-D3B7E956",
      -28.49958444608915,
      78.77048154913196,
      680.9782581656491
    ],
    [
      "DEB-8101AEDD",
      -32.85572858787724,
      7.654829247035606,
      843.179418846209
    ],
    [
      "DEB-13DD3043",
      35.42807189139027,
      136.96285128725197,
      704.7212706682931
    ],
    [
      "DEB-CCC3C51B",
      -41.45256174585838,
      -47.770644366412014,
      635.3582974369338
    ],
    [
      "DEB-8BCCFC8B",
      51.84376953998485,
      152.55934625738814,
      415.6957976643271
    ],
    [
      "DEB-240400DE",
      -0.9957342065700641,
      -138.25209166659897,
      410.2888686961069
    ],
    [
      "DEB-42CFB989",
      -24.99623949090822,
      -60.570520947665955,
      628.5133615426985
    ],
    [
      "DEB-C9887220",
      -26.777168690980737,
      -75.56883373677111,
      745.4848925980505
    ],
    [
      "DEB-077F2262",
      9.105589001763594,
      169.18618128027595,
      130.41261305180342
    ],
    [
      "DEB-AC0596B5",
      -8.283676403535654,
      -6.023492836997014,
      920.3005364924702
    ],
    [
      "DEB-ABCC0978",
      40.00439578593132,
      -158.6767533123866,
      224.12712086269585
    ],
    [
      "DEB-4B63E975",
      15.813023375404716,
      28.915815576749274,
      323.33785014447585
    ],
    [
      "DEB-D0A1B5B3",
      10.440042996324953,
      96.46597345945342,
      378.9408451717909
    ],
    [
      "DEB-7E99D3D6",
      40.041094437419304,
      117.69881216497116,
      362.2055961379765
    ],
    [
      "DEB-940EB67F",
      -59.252493056965825,
      22.51869367777351,
      867.5560344965643
    ],
    [
      "DEB-C21AAD27",
      35.57497306399394,
      168.66788719096704,
      483.699336128112
    ],
    [
      "DEB-A7EF6ADA",
      57.36089824153793,
      166.07182512834348,
      382.983414460934
    ],
    [
      "DEB-FD2AADA6",
      -66.8429973632507,
      98.78322414140284,
      280.17577235204317
    ],
    [
      "DEB-7EC76FCC",
      -36.62691469915415,
      54.92544165269633,
      288.58466362200306
    ],
    [
      "DEB-A1BC3407",
      1.2351892340277066,
      74.62033157566638,
      543.8300399253412
    ],
    [
      "DEB-E4FD73FF",
      10.546907487065363,
      -80.47288027391967,
      200.29886023349263
    ],
    [
      "DEB-155349FB",
      11.747607416249291,
      -131.1614036077245,
      311.4333858223954
    ],
    [
      "DEB-EA940765",
      29.024013524054986,
      -117.14153952408279,
      698.5880981979017
    ],
    [
      "DEB-2DE89105",
      -44.43077205331246,
      60.94842931130496,
      448.122883045311
    ],
    [
      "DEB-3E278F83",
      -35.272941775240064,
      -99.32070929084477,
      672.7599203106465
    ],
    [
      "DEB-93A07B9F",
      39.90422131601838,
      -151.54931223330996,
      275.66594390852424
    ],
    [
      "DEB-93961E49",
      42.35671247747392,
      30.693941707725678,
      123.78890491636685
    ],
    [
      "DEB-7B6029C9",
      19.32103525674744,
      -136.1110957398056,
      686.0799473645702
    ],
    [
      "DEB-86AC60B4",
      -47.5739318903357,
      7.823450555062239,
      351.8636391856344
    ],
    [
      "DEB-C6D5B11C",
      33.26421735743266,
      -104.51572626901407,
      656.9383160101479
    ],
    [
      "DEB-8B5A51E3",
      25.077565290846056,
      -105.90923053893613,
      882.3342107416074
    ],
    [
      "DEB-8512A39F",
      51.34568032040464,
      39.34775767793639,
      719.5340901577038
    ],
    [
      "DEB-C11B6871",
      -5.737645484409138,
      -133.25955533665652,
      406.413111451664
    ],
    [
      "DEB-45D29F01",
      40.34595671954009,
      -145.8819772770876,
      531.1353470597878
    ],
    [
      "DEB-3F1B7E97",
      12.336685512844495,
      131.0775254239086,
      132.20879321662233
    ],
    [
      "DEB-4F7E818A",
      17.574744616980738,
      77.92979828749026,
      558.2055880724456
    ],
    [
      "DEB-40F98510",
      -35.4698548711156,
      -82.52499661679643,
      720.0587883762628
    ],
    [
      "DEB-2A0D98AC",
      16.941978640741723,
      78.49800307158674,
      870.98554927028
    ],
    [
      "DEB-BF80E960",
      39.45073928137659,
      28.488290147366744,
      403.50165650314375
    ],
    [
      "DEB-C2D3B7F1",
      -9.936248582151588,
      -176.90897130438267,
      581.530552699407
    ],
    [
      "DEB-E03D796E",
      36.500359655620095,
      84.34942299169684,
      368.46216111777267
    ],
    [
      "DEB-EECF51F8",
      -46.550393885556545,
      -43.96412886868851,
      165.3497855032465
    ],
    [
      "DEB-0164D6A5",
      -7.643066273751182,
      151.7953838424996,
      383.63463711949953
    ],
    [
      "DEB-9AD9E1AA",
      -59.35029518353226,
      -131.34223468268885,
      625.1481756128296
    ],
    [
      "DEB-D74B420F",
      7.245372641321901,
      -92.69486045499238,
      699.3421221409544
    ],
    [
      "DEB-0180725C",
      -13.372486485031255,
      160.63056277137716,
      153.45937572386265
    ],
    [
      "DEB-59F239CE",
      2.041758041468405,
      128.03666871980516,
      697.5083723706875
    ],
    [
      "DEB-E7D4A622",
      -13.3087591311378,
      -124.6325982133737,
      759.9717384854985
    ],
    [
      "DEB-C6EA97A6",
      -12.518979798771252,
      -134.3774668929705,
      365.2939868565836
    ],
    [
      "DEB-76446141",
      23.80918495345106,
      27.029482990102412,
      658.278700067046
    ],
    [
      "DEB-B361F28F",
      60.925635170159566,
      137.37290193172882,
      639.556862712494
    ],
    [
      "DEB-00FAA403",
      -75.9791735839417,
      17.956813507212185,
      406.44502279501376
    ],
    [
      "DEB-B224AD22",
      -36.453902140381956,
      -75.70170294659219,
      397.3312960312642
    ],
    [
      "DEB-ADDCDA95",
      20.625945473714687,
      -127.0566027637697,
      289.9513151073679
    ],
    [
      "DEB-D1445398",
      -38.66827783968284,
      154.600470219096,
      901.1303059371612
    ],
    [
      "DEB-12062B37",
      -15.140609408860442,
      127.15736337973323,
      738.0429428945718
    ],
    [
      "DEB-8B25B8A3",
      -32.69927616952824,
      152.0643681008182,
      473.51957741229216
    ],
    [
      "DEB-D5613334",
      8.677349000010958,
      -11.634476664120294,
      756.3388695221374
    ],
    [
      "DEB-FA1F510E",
      42.05037538687488,
      -70.19461427992063,
      668.2043042265386
    ],
    [
      "DEB-2238CF20",
      -45.9504799068321,
      -82.43635054228643,
      190.5526941518201
    ],
    [
      "DEB-BFD6A249",
      9.892069086860284,
      -142.284180910585,
      293.15419771058714
    ],
    [
      "DEB-4EFC4DDB",
      -4.283054264720941,
      -132.42296224744922,
      741.825499646462
    ],
    [
      "DEB-8B08C843",
      -18.20779740247405,
      -90.16033853640405,
      458.0882431340524
    ],
    [
      "DEB-629E7A03",
      44.24232415297062,
      179.37138196408253,
      488.07899423953404
    ],
    [
      "DEB-B2C41D13",
      27.387675201328175,
      0.2486469555644675,
      582.9446411846402
    ],
    [
      "DEB-F86ADD52",
      -5.846562641624192,
      -160.81646033315175,
      602.6291915104757
    ],
    [
      "DEB-122E8461",
      66.23547057827352,
      -81.30317119260754,
      594.2553159965964
    ],
    [
      "DEB-498040A1",
      24.23399340960662,
      64.07027434153508,
      925.4728087221465
    ],
    [
      "DEB-60E88951",
      29.283144792810376,
      86.33706128694804,
      435.4276083817531
    ],
    [
      "DEB-10BED411",
      62.68968354196895,
      82.77410505487768,
      337.12216178366634
    ],
    [
      "DEB-C5A1740F",
      10.707513607048654,
      -72.98929358835223,
      387.1029963178544
    ],
    [
      "DEB-A5C3587E",
      -34.08780470690856,
      -56.12277608693081,
      132.4368725314962
    ],
    [
      "DEB-12781C90",
      34.65083095453033,
      170.1905895604298,
      570.1476096189472
    ],
    [
      "DEB-04FA9AEA",
      41.09080736743418,
      -121.17354237047171,
      834.547176561985
    ],
    [
      "DEB-977F1B42",
      7.699509180602451,
      -79.35540565699162,
      679.3785120186649
    ],
    [
      "DEB-A9E0902A",
      20.40973665134908,
      129.83955057330076,
      845.550577945005
    ],
    [
      "DEB-571D0907",
      -28.590478410672887,
      20.746318197939047,
      503.77651999384125
    ],
    [
      "DEB-9472A2AE",
      -69.78963523044823,
      49.47871258702711,
      224.93721796860336
    ],
    [
      "DEB-B7AD99C2",
      -64.20311329406624,
      -1.823704824472676,
      395.5291934334937
    ],
    [
      "DEB-9EBCC36C",
      61.955780840698154,
      -95.49513293662214,
      399.2791792022708
    ],
    [
      "DEB-6B39B8B5",
      0.5787853773821924,
      140.00590005678143,
      882.7899112840596
    ],
    [
      "DEB-DF865BE9",
      -41.381328067145084,
      148.14120519411878,
      859.5119740347254
    ],
    [
      "DEB-E2B11872",
      50.3018706672976,
      50.02580718941706,
      404.5590787382707
    ],
    [
      "DEB-E5DF2D17",
      13.189839187252968,
      101.66851070792792,
      705.5169527722155
    ],
    [
      "DEB-CC240470",
      4.814495071403595,
      155.41331665264065,
      428.76215218915604
    ],
    [
      "DEB-753D4A07",
      -12.275026877257902,
      -176.37804462427525,
      183.12239371316082
    ],
    [
      "DEB-CEFF7C10",
      -42.90227255430043,
      -95.02610884125077,
      761.2511979325318
    ],
    [
      "DEB-05860688",
      -45.09824825649944,
      -82.09540969738177,
      848.394774234448
    ],
    [
      "DEB-277A6670",
      52.192844228189934,
      -79.65083409323579,
      773.2922910650414
    ],
    [
      "DEB-0BEED98F",
      45.31142645783916,
      166.77382939470206,
      471.5404479961644
    ],
    [
      "DEB-EE5AAFF7",
      1.5821941622034001,
      101.29075783182893,
      745.1037884881443
    ],
    [
      "DEB-DB7E9517",
      -14.902251891214128,
      -72.12355088750489,
      621.2715237025095
    ],
    [
      "DEB-2DF93FA5",
      -10.268251921425048,
      86.51600719513206,
      603.1615675512312
    ],
    [
      "DEB-6C3AC5FC",
      27.492673960785446,
      -81.3231747396999,
      307.68602687928524
    ],
    [
      "DEB-949B3B50",
      54.16034846786424,
      112.03155889360245,
      587.9923873280468
    ],
    [
      "DEB-3E13ECD9",
      13.341681195398904,
      156.49252259101445,
      290.9112259912645
    ],
    [
      "DEB-C820B3E8",
      -46.12169879418256,
      10.03328506565685,
      478.37770659518446
    ],
    [
      "DEB-96374283",
      9.144712659719037,
      179.3024330315113,
      490.65293207727245
    ],
    [
      "DEB-ADF72544",
      28.466879047339138,
      136.60602112543265,
      753.702751665177
    ],
    [
      "DEB-6BE575B7",
      26.001858554034307,
      -118.44318495402916,
      645.4547469913368
    ],
    [
      "DEB-027E4BC6",
      -1.745388628409605,
      -94.32371276881932,
      870.7987027904464
    ],
    [
      "DEB-7A3FF70A",
      64.27083881327331,
      55.922778448628016,
      288.1439615356885
    ],
    [
      "DEB-B1996B40",
      52.560008956826486,
      -44.31296923316109,
      266.94198104805037
    ],
    [
      "DEB-01FD32FE",
      -50.60125482223203,
      -32.496468170571795,
      430.40411933714495
    ],
    [
      "DEB-1DFD01A9",
      11.687850734517312,
      -33.39533374401069,
      876.6064991868989
    ],
    [
      "DEB-AAC98393",
      -63.06385231880979,
      -85.85075480622314,
      138.83290155116902
    ],
    [
      "DEB-EF4F5B25",
      1.8163150534205834,
      18.40046215366702,
      755.801850553009
    ],
    [
      "DEB-0A7CE9D3",
      33.433330511061705,
      147.91298768495088,
      665.3967745111704
    ],
    [
      "DEB-423F2A08",
      62.20460319767129,
      -17.13037333854608,
      267.5318396896073
    ],
    [
      "DEB-EACF6818",
      -12.586915556886025,
      -176.00734296376453,
      542.8983171826221
    ],
    [
      "DEB-9C8380A5",
      8.84567090994473,
      -106.10630624238034,
      671.9037423630361
    ],
    [
      "DEB-B6B03AB8",
      14.477029316620595,
      -68.91794986340467,
      610.4202950806839
    ],
    [
      "DEB-57793CCF",
      -43.23468003752488,
      23.00519805461076,
      174.91053619464674
    ],
    [
      "DEB-D18902BD",
      65.24221660858713,
      83.23455372132125,
      238.74298475362775
    ],
    [
      "DEB-7EB947CF",
      -47.813486763079034,
      -174.9801422631534,
      275.6407285706209
    ],
    [
      "DEB-B9025846",
      2.00765539794483,
      -127.13583085338168,
      896.5349968256287
    ],
    [
      "DEB-2234C326",
      -7.316011496299374,
      156.63958586943411,
      604.4049257745673
    ],
    [
      "DEB-B8E8D09F",
      -6.4546705208967845,
      148.07056656937533,
      431.85154225573024
    ],
    [
      "DEB-1D8F23A8",
      -67.41404328707134,
      -53.79614936589997,
      551.9215504623298
    ],
    [
      "DEB-6C4E13A6",
      -14.38138739551161,
      26.948187531134124,
      693.9047722365003
    ],
    [
      "DEB-20B2450B",
      15.503613343754793,
      -10.908999486623582,
      345.5459334975958
    ],
    [
      "DEB-09635005",
      15.792756688227408,
      35.04504945273587,
      724.5866613990984
    ],
    [
      "DEB-D1518BD4",
      28.286627520506407,
      -46.72325834724441,
      544.7882103398524
    ],
    [
      "DEB-01957FE3",
      18.45102573360653,
      -51.280817162652404,
      128.45450862349117
    ],
    [
      "DEB-501A7E18",
      -33.74509232521741,
      -140.21651034357978,
      227.4600296038816
    ],
    [
      "DEB-FBB21F52",
      46.390178494400764,
      -122.19166661300017,
      380.81664788243415
    ],
    [
      "DEB-0CA0F0BF",
      54.10936824929827,
      -24.20440054656999,
      586.5055556568368
    ],
    [
      "DEB-CE0C69B3",
      -62.773869277439445,
      -160.78366347199488,
      651.1136323180945
    ],
    [
      "DEB-F776F7DA",
      9.278399448047965,
      -154.86089668254692,
      308.8523036699962
    ],
    [
      "DEB-2571E739",
      56.053439362083594,
      29.81019550552269,
      551.1423994040433
    ],
    [
      "DEB-0FBEA91D",
      -9.163085208428708,
      24.70944509508558,
      863.1887154720289
    ],
    [
      "DEB-A8AAD437",
      18.1698190826148,
      73.67007288698882,
      295.577466753577
    ],
    [
      "DEB-432CD213",
      -7.585893907376505,
      120.05916671152191,
      538.8938271804172
    ],
    [
      "DEB-E5B1FADF",
      -17.372619386041237,
      74.78294027945682,
      387.46582583330473
    ],
    [
      "DEB-3CBC796F",
      -34.20991850224572,
      62.3541019163067,
      298.31576270903224
    ],
    [
      "DEB-57A37DE4",
      23.45283329683919,
      -142.49495318435575,
      237.04676477711473
    ],
    [
      "DEB-9838F8FA",
      17.91652251133997,
      -69.91315030360082,
      879.7240107316447
    ],
    [
      "DEB-1A29B0A6",
      -5.8997521770681205,
      -26.739027287132636,
      317.6444210191585
    ],
    [
      "DEB-15440ECD",
      -26.883492285698214,
      93.42411794531276,
      636.723746223749
    ],
    [
      "DEB-C7AF1ED1",
      -3.611834372425809,
      -70.23288475022092,
      539.6723727763401
    ],
    [
      "DEB-9BEAFDAD",
      29.583451124387306,
      -65.23898645346772,
      258.6567930153942
    ],
    [
      "DEB-F4B5C745",
      -45.530764844542524,
      -131.09931232074536,
      689.5727359618122
    ],
    [
      "DEB-2F780D6B",
      -49.80352844117981,
      -40.296771208071455,
      440.6253751291579
    ],
    [
      "DEB-2B22D5B6",
      41.28747530394614,
      -38.06098364897557,
      143.54450845780138
    ],
    [
      "DEB-2FEA2D95",
      37.27640184922417,
      -65.46090586234781,
      507.1870895004604
    ],
    [
      "DEB-8352B67C",
      -32.155946602289994,
      85.02843336090297,
      583.608607909001
    ],
    [
      "DEB-905FA3B0",
      78.15739264884073,
      90.81896919352603,
      720.5574802625106
    ],
    [
      "DEB-67EF3F23",
      60.039021952869135,
      -157.1220366221052,
      496.7920375878548
    ],
    [
      "DEB-5AEEEB06",
      5.585973424771603,
      -20.021591038388642,
      859.0023578126184
    ],
    [
      "DEB-C6DE2788",
      70.54683523040367,
      -0.25924304624729466,
      531.6555023896854
    ],
    [
      "DEB-820A87F2",
      31.630231421121362,
      -15.018296647398277,
      611.0699596674658
    ],
    [
      "DEB-27832EF9",
      -47.70194344380676,
      -97.93739566198428,
      271.05512825149253
    ],
    [
      "DEB-A1323FA6",
      22.914753897773977,
      -118.47503200823974,
      291.14184410376856
    ],
    [
      "DEB-F618FBF1",
      -14.523507557058023,
      -36.732689793144296,
      901.054740900312
    ],
    [
      "DEB-4ADCB229",
      -32.572489708801974,
      69.04809043107201,
      512.5038487963939
    ],
    [
      "DEB-51D0CC90",
      -57.19158165542317,
      -97.08267598926666,
      752.7410655967342
    ],
    [
      "DEB-A45C4CC1",
      -63.437233669834804,
      104.02008943453981,
      371.17026276136676
    ],
    [
      "DEB-758BC86B",
      2.408417362117616,
      158.06077260331173,
      278.3086534375252
    ],
    [
      "DEB-342C9CC6",
      15.480854512917217,
      -74.71954922893143,
      371.5305017876044
    ],
    [
      "DEB-16F9C492",
      67.12534754413713,
      -158.31805542887142,
      356.45921232334786
    ],
    [
      "DEB-1F45BA46",
      44.7461163385507,
      113.41053754586682,
      294.58232861298893
    ],
    [
      "DEB-F7BC0FD6",
      44.449219789976574,
      47.868053817178904,
      551.1660461926376
    ],
    [
      "DEB-65147FFE",
      -71.46654765002941,
      177.769404467128,
      633.997470702775
    ],
    [
      "DEB-D7431F82",
      -79.76482723990675,
      -164.56989339607188,
      345.9829358187253
    ],
    [
      "DEB-3998BCA8",
      25.44978845847872,
      15.530372978579123,
      652.2936330551056
    ],
    [
      "DEB-1877F466",
      -3.9213670186746143,
      166.10671503966958,
      784.0679005121583
    ],
    [
      "DEB-3979DA83",
      -29.046513706906016,
      58.83190887042052,
      694.5072439385567
    ],
    [
      "DEB-63B8503A",
      -41.21619253718915,
      115.4914424435612,
      417.6955084412375
    ],
    [
      "DEB-9A280E70",
      -21.792932321688262,
      111.49993637615465,
      702.5883135510921
    ],
    [
      "DEB-6A3F7A0C",
      -51.866254372442356,
      -130.19271459503253,
      565.8614328444392
    ],
    [
      "DEB-9A61DA32",
      -77.59584182836934,
      4.221977387161152,
      259.65790925473357
    ],
    [
      "DEB-E5BD99EB",
      49.0238510522192,
      84.47289441116735,
      318.86883222440156
    ],
    [
      "DEB-5EA300FD",
      -27.366764349488335,
      152.70380094085246,
      836.1952375301935
    ],
    [
      "DEB-C5A1382A",
      -28.763915555774165,
      112.03313798817402,
      719.0415223549271
    ],
    [
      "DEB-5EF5FBA4",
      29.40468525162885,
      -128.13695616590027,
      488.78069879150735
    ],
    [
      "DEB-44CBCD63",
      19.944628856980124,
      77.66036305923225,
      433.6133785103684
    ],
    [
      "DEB-E250E636",
      -14.83570248681996,
      26.501904037737667,
      355.5208281484556
    ],
    [
      "DEB-25F7C4C6",
      21.77263991811831,
      -176.72555252657673,
      880.5791442974696
    ],
    [
      "DEB-8D7C40B7",
      -16.795022976983745,
      93.01933480255664,
      810.8094892926647
    ],
    [
      "DEB-FA9B77BE",
      -30.192637214399976,
      -131.50167520690505,
      519.1273646729433
    ],
    [
      "DEB-9F905E1C",
      21.551414512808318,
      -109.48105285865377,
      763.1234870765356
    ],
    [
      "DEB-C1206EB5",
      67.07811869710588,
      91.46254142196268,
      689.9902001082519
    ],
    [
      "DEB-977C3550",
      54.168167234286976,
      80.82565518548085,
      836.5583371237744
    ],
    [
      "DEB-38176FA3",
      -46.19772563426775,
      -59.74362560614632,
      804.4325251040009
    ],
    [
      "DEB-1E2980BA",
      -61.45888596794379,
      142.8062598590572,
      566.3423060126279
    ],
    [
      "DEB-36DCE68F",
      28.034023991514765,
      -30.629825176394064,
      383.56443730754745
    ],
    [
      "DEB-3B8DBE8C",
      -45.52126520831925,
      158.2347086580339,
      585.9157629467018
    ],
    [
      "DEB-70A250F5",
      21.617908156370188,
      -6.274956178142782,
      369.4094628406956
    ],
    [
      "DEB-1473AEE9",
      -45.202348455557036,
      76.75114200033168,
      726.5761262053966
    ],
    [
      "DEB-6489EA43",
      28.76964182439767,
      40.298369409921406,
      818.9774840855907
    ],
    [
      "DEB-A5168C01",
      36.68023505962266,
      77.91598477604047,
      671.2940223923788
    ],
    [
      "DEB-2296976E",
      -2.9728794822151805,
      144.25581281643576,
      530.882279131396
    ],
    [
      "DEB-45D53F2D",
      33.21964747369299,
      15.751442296778196,
      831.6808557448603
    ],
    [
      "DEB-B0898530",
      66.62745952640252,
      -138.9860312891916,
      857.5400567864453
    ],
    [
      "DEB-A4091B1E",
      22.472286769862393,
      165.34562765168494,
      905.1697545045754
    ],
    [
      "DEB-F9077EBF",
      10.873033361693487,
      82.78971708506775,
      553.0332285579852
    ],
    [
      "DEB-56D91C0A",
      21.755180631440396,
      -114.29537284488043,
      419.88720284223837
    ],
    [
      "DEB-1FA243EA",
      49.60349719147345,
      83.43556005524543,
      622.3620410864896
    ],
    [
      "DEB-D5FA610B",
      10.622031943502302,
      -84.5781443897448,
      803.8597207789999
    ],
    [
      "DEB-FD1489C1",
      -19.171173267995233,
      -27.242548866862492,
      512.8886468468463
    ],
    [
      "DEB-81933274",
      24.863492001045277,
      -66.20400362633183,
      891.0113380704497
    ],
    [
      "DEB-01841ECC",
      -27.990922233328625,
      -153.23153647353826,
      782.8678478954835
    ],
    [
      "DEB-9566C552",
      -79.34883306108077,
      -0.5672907577374994,
      595.4716230861004
    ],
    [
      "DEB-27ED0AB2",
      -10.942474010634964,
      -76.39681724941062,
      862.5930399827203
    ],
    [
      "DEB-367110A5",
      21.64422800662456,
      -104.81469441016777,
      911.9897837076187
    ],
    [
      "DEB-52486C4F",
      -23.995428545440564,
      41.930977814079064,
      721.4443673126707
    ],
    [
      "DEB-BF096854",
      -43.30177924324603,
      76.63308985479806,
      455.57239123213094
    ],
    [
      "DEB-CE0C7290",
      16.440471246211327,
      -133.9043218323398,
      846.9955746180985
    ],
    [
      "DEB-D15F3852",
      -22.26443147722302,
      -118.18054794628277,
      413.54456567974376
    ],
    [
      "DEB-5C0DBC83",
      -0.4217211222368701,
      149.4707999444346,
      860.2719600306473
    ],
    [
      "DEB-05682425",
      84.40907778626092,
      -144.49731990752045,
      247.81736474774698
    ],
    [
      "DEB-0414BDCD",
      78.84147242793514,
      -24.83195296861997,
      333.0789621723661
    ],
    [
      "DEB-A9870FE5",
      61.04440986594551,
      -32.25360554127344,
      811.4427196380884
    ],
    [
      "DEB-3AB20A41",
      17.558402077348486,
      62.81728347713968,
      377.30640276817667
    ],
    [
      "DEB-C5398C0D",
      74.64112990450191,
      15.762716674276357,
      743.5333244884541
    ],
    [
      "DEB-C48F42DC",
      51.48437809640995,
      -14.432251448218194,
      306.37062016600794
    ],
    [
      "DEB-60E3DDA1",
      -4.964274490686318,
      -171.12660551651481,
      199.22778311916863
    ],
    [
      "DEB-9A9BC7F8",
      24.303745788011742,
      -139.17960072699563,
      193.14848019133478
    ],
    [
      "DEB-2D393376",
      -37.26451795092437,
      147.13861790492297,
      521.6051377648673
    ],
    [
      "DEB-0E61D15D",
      -61.322226033729514,
      -51.160085313868876,
      713.3163031245413
    ],
    [
      "DEB-C30C16E1",
      -60.499650309703455,
      86.33867324463742,
      677.6071623586859
    ],
    [
      "DEB-E9E67E61",
      -18.09649511085343,
      112.98571594454478,
      645.0453410680921
    ],
    [
      "DEB-64CB7775",
      10.932487559431381,
      125.99374262721868,
      566.1061383743872
    ],
    [
      "DEB-58E1087D",
      -15.479743031964176,
      -170.31342028789192,
      195.8607562841671
    ],
    [
      "DEB-76C6A141",
      -10.325768899423254,
      7.09185298013808,
      339.58541993333256
    ],
    [
      "DEB-11035332",
      41.49016731723184,
      161.04549608285635,
      680.5215957274459
    ],
    [
      "DEB-2C22A714",
      -9.57124732634337,
      72.9290284712333,
      396.82599362267865
    ],
    [
      "DEB-48FB741B",
      -52.84614293208156,
      -137.2806376351319,
      755.1008756711308
    ],
    [
      "DEB-1801BB5B",
      -60.17648860995916,
      -113.35571502980861,
      149.3772098952768
    ],
    [
      "DEB-38DFA07A",
      11.367662980944397,
      -114.27447401956734,
      313.4128160150367
    ],
    [
      "DEB-B4DF7CD6",
      53.641841589843075,
      147.51899802260562,
      338.8568676540708
    ],
    [
      "DEB-556E12F1",
      6.369221633212668,
      85.06332044430297,
      454.55717172188815
    ],
    [
      "DEB-FB91D581",
      -40.19278917701187,
      167.5288342255498,
      387.10073911836025
    ],
    [
      "DEB-21D16E1A",
      28.48645237302178,
      -168.8304825426265,
      424.93326766504197
    ],
    [
      "DEB-C5B40BAA",
      30.15025522191297,
      -96.01838607463063,
      594.2924926694704
    ],
    [
      "DEB-2D51A787",
      65.98036403481427,
      177.22120072611855,
      336.8251135705568
    ],
    [
      "DEB-5DC70764",
      -3.637721062349887,
      -3.47634410039313,
      306.2144911350615
    ],
    [
      "DEB-DAFF0ED8",
      -15.82324263400616,
      -12.332925744036023,
      845.4721644556166
    ],
    [
      "DEB-DAB3FC8C",
      -37.1838622425913,
      -3.4950718833978756,
      912.9007257018593
    ],
    [
      "DEB-71AE31DF",
      56.701006973662295,
      -160.98207600117402,
      707.5610369463056
    ],
    [
      "DEB-F4FE78EA",
      -64.62525052647236,
      -56.122495053674484,
      426.21664212661744
    ],
    [
      "DEB-CDC03AC7",
      -60.557765488692624,
      43.44895783290546,
      657.6945579336307
    ],
    [
      "DEB-974BB9A6",
      44.13815115336586,
      91.82226062530567,
      770.3349787185925
    ],
    [
      "DEB-8CFC329C",
      -12.629956330078036,
      18.047972705464364,
      392.3183724915716
    ],
    [
      "DEB-0BDF3E8D",
      31.33300448455636,
      176.89398618625728,
      691.4727247983228
    ],
    [
      "DEB-54ED270C",
      -7.201333536568,
      -121.02509787494732,
      925.432365454898
    ],
    [
      "DEB-1D5965BD",
      8.304459081452837,
      126.93327562278682,
      297.8275394031052
    ],
    [
      "DEB-7DF0CB9F",
      -74.65331964038079,
      57.520347255330535,
      423.33045908828717
    ],
    [
      "DEB-8E7C1549",
      4.417072489978081,
      -109.54257147287112,
      334.79663621752934
    ],
    [
      "DEB-E3F88CB1",
      21.485564401244176,
      -94.98561767848713,
      362.22972971465333
    ],
    [
      "DEB-30381784",
      41.6915379805008,
      85.2567416184316,
      128.96180035998532
    ],
    [
      "DEB-9CD727D0",
      -18.60724838158866,
      -63.8142784756612,
      817.4814302103723
    ],
    [
      "DEB-96C28B64",
      -66.70722993756547,
      -58.23209203354562,
      549.5395771365238
    ],
    [
      "DEB-5E0A6414",
      71.68997336769638,
      -111.0624824656784,
      207.4635327929327
    ],
    [
      "DEB-30ADFF07",
      1.0256078113957725,
      31.37447222075071,
      818.6008514091563
    ],
    [
      "DEB-60EC0B2B",
      17.044458521534118,
      35.937303258621576,
      552.5332417905465
    ],
    [
      "DEB-ABDB7712",
      30.55392495111527,
      3.5677657112596366,
      581.4661520110058
    ],
    [
      "DEB-40E1CB01",
      4.050981023332182,
      91.45515586348687,
      357.49596615054907
    ],
    [
      "DEB-F19FE5A5",
      -46.22319700655988,
      162.4925612928765,
      894.8620782472417
    ],
    [
      "DEB-20C19D45",
      -6.600297452409862,
      170.40970400334933,
      510.7163412764603
    ],
    [
      "DEB-D0033D08",
      2.0733720209725006,
      -112.6082478331542,
      854.203813120087
    ],
    [
      "DEB-BF70B623",
      -5.558806668631072,
      -76.3982251238142,
      511.8947961822105
    ],
    [
      "DEB-2DE76F1A",
      -35.015904353395804,
      167.5255566940413,
      722.7442806253812
    ],
    [
      "DEB-06E7CB50",
      41.861944046469304,
      -43.33668444998963,
      339.5619955344864
    ],
    [
      "DEB-84FA7F7D",
      3.845176436566405,
      -90.35149113688152,
      140.75654312110146
    ],
    [
      "DEB-F7F9F1F7",
      -30.440938205496415,
      -36.623032904670126,
      249.2757079593639
    ],
    [
      "DEB-95783264",
      -22.527275683569467,
      113.0850549125943,
      195.56470075648303
    ],
    [
      "DEB-5FC1CF33",
      -20.075438376430988,
      -149.761756890772,
      810.0750681121817
    ],
    [
      "DEB-021F9543",
      74.42055498291704,
      -30.971371202540556,
      293.20241080651704
    ],
    [
      "DEB-0221C8D8",
      -52.410474847419486,
      112.27516501855365,
      629.9801827134661
    ],
    [
      "DEB-116C2DD2",
      -7.670006964470678,
      176.56263580130977,
      173.8524600911678
    ],
    [
      "DEB-AA4D2F81",
      42.03664109434434,
      86.1166185020994,
      885.0019861337951
    ],
    [
      "DEB-5B195832",
      11.021727996101724,
      149.98449867598174,
      557.8134301867003
    ],
    [
      "DEB-B8293A50",
      48.02253765481871,
      178.7796181149643,
      256.2801428312596
    ],
    [
      "DEB-D53944A0",
      38.323705867680594,
      49.829239290730804,
      549.7423959251892
    ],
    [
      "DEB-1AE40BBB",
      52.26791469232745,
      83.34994841452661,
      434.41644390054626
    ],
    [
      "DEB-57BA1471",
      -58.73395161257637,
      -61.38140955591266,
      563.9197344303893
    ],
    [
      "DEB-1916A388",
      -16.35318352443896,
      -66.95745388379656,
      787.8057800436909
    ],
    [
      "DEB-954A5B32",
      -28.818681551652123,
      -61.6390756459854,
      176.3928790213804
    ],
    [
      "DEB-465FD048",
      -31.313612870171607,
      119.02247045220004,
      377.71101434857155
    ],
    [
      "DEB-BC111E30",
      12.3922647564547,
      133.0578346484176,
      203.88429203830856
    ],
    [
      "DEB-D9B8B347",
      17.684533232946503,
      62.056241885529374,
      817.665512809971
    ],
    [
      "DEB-A7F54388",
      45.985406032569294,
      86.10725346352025,
      630.999602225429
    ],
    [
      "DEB-CD4D6542",
      8.328191381529727,
      -134.59916147062123,
      345.5473817315169
    ],
    [
      "DEB-2840B17F",
      -30.419552050995684,
      172.7833265915612,
      879.9877423530006
    ],
    [
      "DEB-092BC232",
      -10.67345366701592,
      -86.88246105841239,
      495.5942742327261
    ],
    [
      "DEB-C40BB680",
      70.62335173820557,
      154.73919850617872,
      825.5895988729644
    ],
    [
      "DEB-63778089",
      -61.955319981735656,
      -162.11232717253725,
      527.9240972494999
    ],
    [
      "DEB-822AAF7A",
      43.29152854105294,
      -112.36372521149448,
      296.92601724435735
    ],
    [
      "DEB-D2A7C1F4",
      -15.657792303510082,
      -45.63949491515676,
      206.1461936422029
    ],
    [
      "DEB-22CC4FA3",
      63.879354512329535,
      57.639342245278534,
      276.2516458696118
    ],
    [
      "DEB-8FE73C8C",
      19.811079527457064,
      -7.555878692916612,
      260.97571119525855
    ],
    [
      "DEB-CF270EC5",
      4.977683177476793,
      -40.01039982292837,
      740.5044075949936
    ],
    [
      "DEB-05125DDB",
      -67.28209325037011,
      -7.232522973305028,
      548.9574567496238
    ],
    [
      "DEB-18DE2D2A",
      68.37210256060322,
      -177.21914135147657,
      653.4587148931869
    ],
    [
      "DEB-97C00965",
      -22.6101511755914,
      -28.958896627933722,
      441.8491909289605
    ],
    [
      "DEB-64CEA028",
      65.57520637270494,
      -136.96164087151078,
      805.8742254018853
    ],
    [
      "DEB-7A512F2E",
      -15.238047949504793,
      1.4392701832624692,
      429.1718946252304
    ],
    [
      "DEB-AD04032B",
      -23.432193137424278,
      15.088177280825096,
      715.2280606597551
    ],
    [
      "DEB-7FD28ECE",
      -21.100064264852232,
      -47.36619854126975,
      827.2317967984691
    ],
    [
      "DEB-DB8A98F7",
      -36.281102828099165,
      76.578246279261,
      298.5160857433357
    ],
    [
      "DEB-788F193C",
      -62.247221445754,
      -117.96593584037664,
      356.3602806947383
    ],
    [
      "DEB-0018CB0F",
      48.72666413398018,
      109.71318084740925,
      456.6478724194558
    ],
    [
      "DEB-5DB0C4E7",
      87.2252639526707,
      67.36215490221191,
      519.7117410057153
    ],
    [
      "DEB-DEEFD043",
      -39.099607291040485,
      111.34685373638418,
      327.7931805014714
    ],
    [
      "DEB-17C6C8F1",
      11.168696023944426,
      -67.79249279465128,
      526.8793704569407
    ],
    [
      "DEB-B4F1D31E",
      3.225481689240672,
      72.60885421127512,
      439.96778028843346
    ],
    [
      "DEB-C0BAF678",
      19.023798177257373,
      -66.78572333997027,
      710.5751486963745
    ],
    [
      "DEB-2023BE92",
      -34.18325985602351,
      -124.83637107147207,
      513.9555378432278
    ],
    [
      "DEB-D4842419",
      -40.8969615067609,
      -42.23275970053159,
      814.1328376337833
    ],
    [
      "DEB-6F0ABF8F",
      9.74876941917394,
      52.14012821376855,
      344.6294496872133
    ],
    [
      "DEB-A3261122",
      60.27185885924495,
      147.12059319502725,
      392.01646960596645
    ],
    [
      "DEB-183A7561",
      77.17814536966601,
      -140.5119244006327,
      835.5376622822878
    ],
    [
      "DEB-76A8379A",
      -45.67324392562417,
      -38.738778844018846,
      161.28664259608013
    ],
    [
      "DEB-546B1B50",
      58.18921632923977,
      -68.53908870318199,
      358.248258343443
    ],
    [
      "DEB-98490136",
      42.709456142811916,
      -55.14022415836006,
      764.7736747289318
    ],
    [
      "DEB-2F22761B",
      5.29204523116096,
      -133.0490610543433,
      623.7627423231634
    ],
    [
      "DEB-88A5798B",
      -5.177618547735152,
      157.3815610221578,
      870.4506678170819
    ],
    [
      "DEB-58DA4994",
      47.29812652383473,
      -71.00718195111409,
      756.8283321889176
    ],
    [
      "DEB-38943342",
      47.727985693673546,
      -127.71317930473049,
      360.51830002988845
    ],
    [
      "DEB-8CC0A05E",
      -13.649603092420502,
      49.94667968725621,
      891.8793999525224
    ],
    [
      "DEB-1F6B60E2",
      -5.484438735478796,
      -94.76224545899194,
      459.29627430865
    ],
    [
      "DEB-4C69219C",
      -30.931195829771095,
      -146.48963258945813,
      191.97755255117863
    ],
    [
      "DEB-F252A317",
      23.123801974921825,
      2.6370423018939215,
      400.02708883653395
    ],
    [
      "DEB-6642727F",
      -13.57467238834608,
      157.41629294889407,
      221.56028185994637
    ],
    [
      "DEB-51478BE1",
      -14.395127878799263,
      -6.035610769550072,
      166.2587358238079
    ],
    [
      "DEB-323BB407",
      -11.629004588746046,
      120.78528419836252,
      870.1929816947877
    ],
    [
      "DEB-59B974B8",
      19.925173944238455,
      154.02356262774103,
      653.2865557689029
    ],
    [
      "DEB-8A8DA84F",
      -43.83364586114092,
      155.04707103954894,
      495.63766755712277
    ],
    [
      "DEB-3ED936F8",
      -2.046042665075408,
      -34.48681530387758,
      123.30083944672424
    ],
    [
      "DEB-7ED2E125",
      69.12935354148959,
      -77.81301419783173,
      487.9261994741255
    ],
    [
      "DEB-E10BC595",
      23.541541613862844,
      114.60953095571665,
      506.37512711565523
    ],
    [
      "DEB-DB872C4B",
      20.379302856350893,
      76.91963849932601,
      788.0655965923097
    ],
    [
      "DEB-32B0501E",
      27.020130357018456,
      32.91168622159775,
      859.5672238558209
    ],
    [
      "DEB-63F0B0EA",
      2.431190182924132,
      -95.19949558538625,
      502.11125464322504
    ],
    [
      "DEB-175336FD",
      -36.95081873731124,
      66.08464171050362,
      453.4400669838906
    ],
    [
      "DEB-36CD4B6E",
      13.470325299602136,
      173.23770814594397,
      608.7785236316049
    ],
    [
      "DEB-0CC178D9",
      -25.507188018659175,
      74.0436951116545,
      730.5690787299072
    ],
    [
      "DEB-5B1759A7",
      -24.442701590647413,
      63.954460613019336,
      238.74594869828707
    ],
    [
      "DEB-1E8F1165",
      -47.36903708956382,
      -46.04121198634083,
      231.377970721348
    ],
    [
      "DEB-751ED821",
      32.74343268960238,
      36.51517506183143,
      817.2650903907415
    ],
    [
      "DEB-FF3A5381",
      -13.84394129462521,
      5.873837274196596,
      857.4475114677762
    ],
    [
      "DEB-44CF658E",
      19.30022162330281,
      -37.676574738178445,
      856.0676960726787
    ],
    [
      "DEB-21CA7A05",
      -21.170995357222463,
      -108.42111979664755,
      660.5275686008072
    ],
    [
      "DEB-65C476FF",
      49.04441525678783,
      10.387081380783528,
      314.3497379966893
    ],
    [
      "DEB-3F68ABA5",
      -55.33724288191375,
      21.176233429395534,
      392.19687428942234
    ],
    [
      "DEB-B95FA9D9",
      -76.16852202783065,
      92.18052839002517,
      825.77785005449
    ],
    [
      "DEB-A2792BC7",
      30.737371838105986,
      -171.84929647912435,
      666.6832296202183
    ],
    [
      "DEB-844E91F4",
      43.425424668533836,
      -60.904179917094105,
      545.2433103197882
    ],
    [
      "DEB-F699C57A",
      -17.72202675955191,
      -140.65711731196214,
      242.86225267176724
    ],
    [
      "DEB-4A4AA940",
      -16.692772946020575,
      -164.9475544154066,
      758.1009743928134
    ],
    [
      "DEB-5B426F3D",
      -51.96779625301729,
      177.4842868370344,
      266.57729422382727
    ],
    [
      "DEB-3838C2C7",
      -50.492692426095964,
      -4.534226696999005,
      155.59897425550753
    ],
    [
      "DEB-A17DFAA6",
      20.731184328123113,
      -131.463063772867,
      902.8028286671952
    ],
    [
      "DEB-D95568EA",
      -63.54047091685702,
      -164.55361215795207,
      788.8715047134556
    ],
    [
      "DEB-C2E51048",
      -68.06762467522125,
      150.83617525117012,
      498.50107616824425
    ],
    [
      "DEB-C38699E9",
      45.417760568147,
      88.79088199537334,
      879.4382007251315
    ],
    [
      "DEB-E50EF020",
      -26.186527027506365,
      -80.39700996252704,
      392.5428376349546
    ],
    [
      "DEB-25BAB697",
      -65.78239442318063,
      -5.435487049048283,
      347.9818257295592
    ],
    [
      "DEB-8A91DB51",
      17.233603402848967,
      113.04559791892987,
      516.5264029535256
    ],
    [
      "DEB-A6C44244",
      2.788777490797096,
      5.2104258891874045,
      411.9946015893547
    ],
    [
      "DEB-C5827D85",
      -54.30486546007139,
      130.70417032821348,
      565.7549892948955
    ],
    [
      "DEB-DA8F2B10",
      -19.991399065263497,
      12.670282507365906,
      838.6743250166492
    ],
    [
      "DEB-C6C1D0DC",
      18.607144996949092,
      132.2583253616584,
      456.88691390030635
    ],
    [
      "DEB-A13E3A61",
      23.531891396369254,
      51.34759686468549,
      208.95711160930477
    ],
    [
      "DEB-C5674DD4",
      -35.128556044362305,
      25.620138111993267,
      367.7147749736232
    ],
    [
      "DEB-DA2CFB0A",
      -16.799664536012326,
      5.168571034147312,
      446.44308500280204
    ],
    [
      "DEB-54D09A12",
      -55.842210016610046,
      99.672212701744,
      664.1202988247778
    ],
    [
      "DEB-AF948AC6",
      48.43136110883034,
      -91.88583817848112,
      396.77444468631984
    ],
    [
      "DEB-C4BE9378",
      10.35597322481822,
      170.09041908349846,
      868.2789058626213
    ],
    [
      "DEB-A8D48D0B",
      9.572705132209354,
      87.8015329460389,
      291.1752037232236
    ],
    [
      "DEB-70A9A32E",
      -36.90180888326348,
      -139.77000947879895,
      325.34836741311756
    ],
    [
      "DEB-9D6C74E6",
      -73.27302425012638,
      86.22267397754588,
      425.8423690364052
    ],
    [
      "DEB-582DACB5",
      -36.83616241674258,
      167.0068705015918,
      151.17370277858117
    ],
    [
      "DEB-FFC2D1FE",
      18.59051336556455,
      -161.48878742427888,
      326.9893529845922
    ],
    [
      "DEB-D130F810",
      16.95844077148296,
      4.891174524756376,
      352.21475222758454
    ],
    [
      "DEB-31D1BEA8",
      -53.8453733398212,
      -116.96842820290821,
      887.7828092195314
    ],
    [
      "DEB-980B45BE",
      37.221028992247135,
      135.37066269426288,
      708.0849349594328
    ],
    [
      "DEB-43F81A58",
      -16.33593746602711,
      45.07752746950535,
      655.4189545015897
    ],
    [
      "DEB-2ED85D51",
      -50.02161796543706,
      75.65398687107711,
      654.6074598116138
    ],
    [
      "DEB-04C95DB4",
      -86.18041867118838,
      178.53651861759178,
      654.1367767641259
    ],
    [
      "DEB-B66BA38E",
      -36.1994328734355,
      -87.60266413106788,
      347.5441229521857
    ],
    [
      "DEB-2E095ACC",
      30.684229291653853,
      -1.7249360642903608,
      514.6134983967777
    ],
    [
      "DEB-F4326555",
      -40.80608521214303,
      -94.74295110943639,
      317.17992973166747
    ],
    [
      "DEB-FD09E0BF",
      -9.050620769732122,
      63.69607155807295,
      632.5863225831054
    ],
    [
      "DEB-2F47FF91",
      -22.35380518878653,
      -104.48752639146889,
      508.9949655386108
    ],
    [
      "DEB-641ABFAA",
      0.47106629256521443,
      158.17614707373048,
      402.4539542188477
    ],
    [
      "DEB-5CEF222A",
      -5.480960297975868,
      -4.474154587174088,
      596.0877346106172
    ],
    [
      "DEB-21A5C137",
      3.540734389941807,
      -26.592080599649513,
      481.5773426557762
    ],
    [
      "DEB-9E8E8555",
      -43.422358128314094,
      147.25577333330378,
      678.4790643477099
    ],
    [
      "DEB-ABF6423B",
      -51.81478717779788,
      -0.24267536400926426,
      129.20294881265454
    ],
    [
      "DEB-C1306104",
      15.996602324547526,
      -155.93177745852094,
      444.2216079470909
    ],
    [
      "DEB-4D3CA6BC",
      35.23189497494759,
      -57.4964193966207,
      270.5060872934664
    ],
    [
      "DEB-952B9DDA",
      -9.226595001618564,
      -112.27964453560634,
      484.1729292934833
    ],
    [
      "DEB-953CB880",
      60.81245598599322,
      139.57242885665647,
      447.82768364430467
    ],
    [
      "DEB-74A36257",
      35.527969466615055,
      68.48279285733621,
      501.08376142354973
    ],
    [
      "DEB-0DC81253",
      -36.120561052783266,
      143.31982232507949,
      699.0613577714385
    ],
    [
      "DEB-A4C11430",
      -66.14837224968728,
      -121.16632395279878,
      490.19831694054847
    ],
    [
      "DEB-E18D40E9",
      36.935409956039464,
      -19.64358606206621,
      243.3197758557253
    ],
    [
      "DEB-19589B6D",
      60.998124128556476,
      -75.28634710716076,
      378.51960084568327
    ],
    [
      "DEB-40E0F991",
      -51.578044520580555,
      115.00842607689457,
      734.8502821685288
    ],
    [
      "DEB-D735DBA9",
      -6.561251441063426,
      152.51216834707537,
      910.7517134685922
    ],
    [
      "DEB-287FC8F6",
      -40.60906610801237,
      -167.41028475430514,
      856.918885591027
    ],
    [
      "DEB-3D16BDDE",
      24.41165091965523,
      30.603158858775835,
      548.1161799477095
    ],
    [
      "DEB-9571C0FE",
      59.33912584939467,
      135.90954126630066,
      709.7842256967524
    ],
    [
      "DEB-E5E1FB83",
      -63.34295442636213,
      86.15347520950435,
      850.2317152601754
    ],
    [
      "DEB-8524F356",
      64.58349473018633,
      -78.28373037920034,
      367.45137304152104
    ],
    [
      "DEB-61D370D9",
      18.910621430919143,
      152.61417535113378,
      697.0454183297761
    ],
    [
      "DEB-CED79C80",
      37.21793729188739,
      -1.959785412825004,
      673.1683751793116
    ],
    [
      "DEB-39ECC0D7",
      -1.9300968271989651,
      8.354559616126645,
      341.3930971311811
    ],
    [
      "DEB-8C950AAE",
      50.93895879500031,
      -110.93897028279707,
      309.1651295198808
    ],
    [
      "DEB-BBCA849B",
      -35.43868519580367,
      87.67691074929955,
      680.377047905773
    ],
    [
      "DEB-E72A4432",
      40.62989312254096,
      -18.704617662052446,
      922.3139749195125
    ],
    [
      "DEB-EA02EC90",
      16.733952285304934,
      49.34012978837793,
      254.77956457335586
    ],
    [
      "DEB-0853F435",
      -17.651731265373197,
      82.3839140259691,
      709.940487768913
    ],
    [
      "DEB-C73E728C",
      71.74067572053866,
      -66.60875387566118,
      488.737618964019
    ],
    [
      "DEB-429C4763",
      -22.132636423114093,
      159.71583851185716,
      560.6762886764045
    ],
    [
      "DEB-4865BC64",
      30.84347618222247,
      46.95432657252745,
      270.5591137893234
    ],
    [
      "DEB-80023C27",
      35.96005748926793,
      83.50462241265049,
      792.7242797525378
    ],
    [
      "DEB-22E70760",
      -64.32755940233343,
      -57.68088217690708,
      264.2477539126339
    ],
    [
      "DEB-FC761106",
      19.685900211935113,
      -54.87782820550964,
      431.5396364615217
    ],
    [
      "DEB-E82D7CF4",
      33.88850285095685,
      -124.98178580035271,
      500.5930956373095
    ],
    [
      "DEB-35961FCB",
      13.904664203243591,
      -146.50554511365888,
      896.0080989785201
    ],
    [
      "DEB-82AFA387",
      -4.548500353490698,
      126.01245370072913,
      742.4042532625836
    ],
    [
      "DEB-8B3D28BE",
      -40.672534298114144,
      -137.79936857243507,
      896.6330037289481
    ],
    [
      "DEB-91C05720",
      -0.9479868248062268,
      74.98564885529537,
      602.4962368973156
    ],
    [
      "DEB-B01AC4FE",
      4.642705344124776,
      76.71575859252003,
      207.82507806170088
    ],
    [
      "DEB-862DEF78",
      -14.33511158743766,
      -59.291106523107224,
      390.16518824269224
    ],
    [
      "DEB-A078011A",
      23.13367797628136,
      80.20957599825813,
      256.7159473555321
    ],
    [
      "DEB-145521E8",
      15.316880336650552,
      -14.468287450732213,
      402.6582220432556
    ],
    [
      "DEB-C99C2DD1",
      74.47888596433513,
      -111.61821031464942,
      222.0245764287274
    ],
    [
      "DEB-1D9A8E37",
      -14.419370558321631,
      70.56382127973265,
      380.08372855204016
    ],
    [
      "DEB-BA9F6550",
      41.10004986866189,
      9.468671569535474,
      412.2585344756226
    ],
    [
      "DEB-28DB4C1F",
      12.696618900595787,
      -48.467520475004214,
      581.7209745841492
    ],
    [
      "DEB-3C614034",
      -42.426760548242264,
      -49.04146563769814,
      391.590370840343
    ],
    [
      "DEB-07FB2B24",
      -1.939670185098731,
      46.98904670881584,
      631.0047103876168
    ],
    [
      "DEB-46DE7448",
      -65.8535906989626,
      -123.10772327472945,
      379.69156357947304
    ],
    [
      "DEB-A9BAD087",
      -78.65146299554003,
      -125.00187072286528,
      616.539906510664
    ],
    [
      "DEB-659F4EF4",
      21.476135293475085,
      -155.96823783391122,
      251.81114429431636
    ],
    [
      "DEB-2E44A34F",
      -6.878808105312162,
      -122.14037462259714,
      527.4273982155682
    ],
    [
      "DEB-E4ED0F2B",
      12.535964795237511,
      35.1964540242266,
      367.0390804212593
    ],
    [
      "DEB-6AA21417",
      4.43877896732702,
      -9.863376687817812,
      350.7211719077477
    ],
    [
      "DEB-BC05ADC4",
      -56.97670807510127,
      -116.4773820404185,
      884.4419450831119
    ],
    [
      "DEB-EEF3EEED",
      -40.286546002947986,
      122.51317553943622,
      695.257375910297
    ],
    [
      "DEB-CEC10E19",
      -46.828230939019825,
      65.59358436742973,
      504.31684483724894
    ],
    [
      "DEB-B78CECB0",
      -48.735280847496554,
      -126.35310434148887,
      192.9910198287762
    ],
    [
      "DEB-6350DA43",
      -34.86274946278035,
      28.923765449849764,
      690.0921519670292
    ],
    [
      "DEB-6A819F51",
      -32.92791310813549,
      95.66912102303672,
      173.71942864576704
    ],
    [
      "DEB-8023BC73",
      10.089104311553617,
      -101.89810505569537,
      291.56966588034265
    ],
    [
      "DEB-6FCA5CEC",
      28.014780826186403,
      89.71483659848268,
      315.7467949161055
    ],
    [
      "DEB-EFE93D14",
      47.201973001985756,
      99.90105891254483,
      384.74673554015044
    ],
    [
      "DEB-B7DC3ED7",
      4.444044263707827,
      16.866878529670007,
      243.93002190401876
    ],
    [
      "DEB-8E9B346E",
      -32.88517631954546,
      108.70552426408183,
      243.13718802760832
    ],
    [
      "DEB-77E6E294",
      -56.68942733211133,
      174.55595552955498,
      410.3001530670808
    ],
    [
      "DEB-CDE0ABB8",
      -18.894192003651536,
      67.71749318985214,
      806.8174159538185
    ],
    [
      "DEB-B821EC88",
      -18.974667023934092,
      -100.52827965570312,
      898.7185704100648
    ],
    [
      "DEB-DA20B942",
      73.9995436241047,
      70.60184431819911,
      240.76845647178834
    ],
    [
      "DEB-223735B2",
      -43.738899121912006,
      -26.66982273401888,
      552.0287405013514
    ],
    [
      "DEB-D631B82E",
      -4.864438112245265,
      124.1386653906186,
      712.4772132391954
    ],
    [
      "DEB-0AAD0992",
      -49.222632125055696,
      -14.993161882523498,
      559.4751139710206
    ],
    [
      "DEB-EF147B53",
      0.7136668745793069,
      134.53119271557694,
      874.4816185116633
    ],
    [
      "DEB-F48D4CB4",
      15.896435197436132,
      97.07289243125854,
      823.3417578875187
    ],
    [
      "DEB-DDA80E67",
      29.038619574244674,
      100.87261669772086,
      896.4217698007733
    ],
    [
      "DEB-D02123B4",
      -17.949337438712483,
      108.12096761795667,
      437.94089409153094
    ],
    [
      "DEB-1D827907",
      14.309510166589698,
      147.69221768869087,
      691.4301448320166
    ],
    [
      "DEB-824F4899",
      6.443000300158479,
      -124.57748607748047,
      675.405499169834
    ],
    [
      "DEB-1B4CD4F3",
      22.838249211583697,
      60.55402015176063,
      773.0269014965143
    ],
    [
      "DEB-1DD1A40D",
      39.87054765530131,
      31.083943957212938,
      254.32026470499568
    ],
    [
      "DEB-07A5A05D",
      -1.6643540988052514,
      -35.273248778284874,
      385.1910411537374
    ],
    [
      "DEB-6B676F04",
      -70.69483186129648,
      54.968779710157285,
      523.8445874344206
    ],
    [
      "DEB-D71ED769",
      -7.689943145381115,
      -126.64006406936282,
      155.94351574918073
    ],
    [
      "DEB-42AC3312",
      -34.37247942777134,
      -39.86170171297685,
      233.66528442132312
    ],
    [
      "DEB-D6E0FD39",
      26.14600644400738,
      57.18723293717647,
      230.7163949961723
    ],
    [
      "DEB-4EFE95ED",
      -19.549845675379306,
      -157.59101422773804,
      420.7028584924674
    ],
    [
      "DEB-65582FDF",
      46.26255045038111,
      -134.4418311724461,
      856.7852241506771
    ],
    [
      "DEB-7CFE5FE0",
      -25.289531028990563,
      141.81631808395278,
      234.24372417785162
    ],
    [
      "DEB-E1A0ED79",
      58.76674522542872,
      16.014409380665455,
      558.8548142093059
    ],
    [
      "DEB-C981E376",
      -24.32771146207409,
      41.801029360143126,
      328.0843590679342
    ],
    [
      "DEB-9F5AE50E",
      18.578063889541323,
      -122.30357069033059,
      848.3612137519149
    ],
    [
      "DEB-FB29759D",
      -6.634536837238216,
      32.97258737750561,
      340.95525433178955
    ],
    [
      "DEB-132B7388",
      -6.607801765796793,
      -109.3346859730225,
      768.0723977221669
    ],
    [
      "DEB-C9CEB778",
      -27.057882146092954,
      61.7715771825832,
      275.5281424086497
    ],
    [
      "DEB-F86F927E",
      -4.741150391715238,
      -158.8654334329643,
      327.5772244458067
    ],
    [
      "DEB-FC26314D",
      19.04954763435897,
      -110.37639903970636,
      472.08780664343703
    ],
    [
      "DEB-70D88BD3",
      66.96742371149143,
      -29.294877262002704,
      447.2912704633263
    ],
    [
      "DEB-4737C2ED",
      -31.1669246579776,
      27.761144157587395,
      254.34369025579235
    ],
    [
      "DEB-C6D26ACF",
      -25.950328658101736,
      53.6773146694638,
      238.48948573523012
    ],
    [
      "DEB-976A6D26",
      -19.072151932911893,
      -123.49901695281818,
      269.073101062977
    ],
    [
      "DEB-E4562068",
      0.20230446369785982,
      -58.30449987164207,
      773.3462948834931
    ],
    [
      "DEB-26203B37",
      -1.2563431343119553,
      -81.71108543154814,
      734.0294359202362
    ],
    [
      "DEB-ADF43D3D",
      46.12696341737005,
      -158.35103032709847,
      179.14665955751752
    ],
    [
      "DEB-D85CFE50",
      82.06856226465169,
      -14.463645573847483,
      223.90364796482845
    ],
    [
      "DEB-20B59DCD",
      46.38384074156153,
      -84.98675978858735,
      540.8062034995019
    ],
    [
      "DEB-A07B53B0",
      -51.08800170057868,
      -80.93886219565047,
      694.1771724711234
    ],
    [
      "DEB-1C8BE1E7",
      44.45175960701812,
      -62.0183945749351,
      743.7347394699436
    ],
    [
      "DEB-0DE4D1AC",
      -41.02304974116163,
      77.39214316494781,
      820.2048770147558
    ],
    [
      "DEB-B2F3E0AD",
      -22.636613319102363,
      -109.09114576348404,
      793.0318141180715
    ],
    [
      "DEB-CC78F213",
      -0.844462785107587,
      -146.69477243200643,
      525.8015094093143
    ],
    [
      "DEB-02BA6F9C",
      64.72625751845197,
      114.7450433716294,
      126.96929395410916
    ],
    [
      "DEB-A23D8DEE",
      54.41296638100384,
      16.623236106604157,
      133.46524754461007
    ],
    [
      "DEB-DB199E54",
      74.65016457530012,
      -131.4375723467784,
      591.6051064783169
    ],
    [
      "DEB-388D6EBE",
      -10.774654488436765,
      150.1463143680036,
      247.1461863444947
    ],
    [
      "DEB-9C742ED3",
      -52.92315785147938,
      -121.3600389197052,
      890.2255476795326
    ],
    [
      "DEB-C0B58E0E",
      36.07608140231765,
      -34.37946500013823,
      171.65171498399013
    ],
    [
      "DEB-BB795D27",
      13.636542503427995,
      84.68211522329709,
      594.9945313236058
    ],
    [
      "DEB-5A3D0253",
      66.01553230215806,
      6.081560253822339,
      541.9531126554175
    ],
    [
      "DEB-79B3AA4F",
      -2.5317243703621246,
      161.76483321918758,
      705.9346833744457
    ],
    [
      "DEB-9D0D1CCC",
      -52.73704219263523,
      68.26363806030515,
      178.51882952000688
    ],
    [
      "DEB-B7F8AA56",
      -13.55729547796242,
      104.67941745238242,
      754.2819184887976
    ],
    [
      "DEB-588AAA3B",
      33.997684442191975,
      -84.67540444557551,
      355.58667691766004
    ],
    [
      "DEB-559536BE",
      63.530062529159196,
      -168.97237865315768,
      528.8555271564328
    ],
    [
      "DEB-415440C3",
      -23.646507387797172,
      -157.32472388666457,
      390.5657673386995
    ],
    [
      "DEB-F6FE7BCB",
      -51.71130618181777,
      -10.483910697038178,
      597.8040029783715
    ],
    [
      "DEB-98ECB280",
      11.034759647164824,
      -82.18017467141159,
      662.7252132457761
    ],
    [
      "DEB-BC18DE98",
      -30.168962905761777,
      -108.13316432068393,
      856.4057345989204
    ],
    [
      "DEB-4746CF01",
      24.679670188824648,
      25.979575065425433,
      887.5418612951489
    ],
    [
      "DEB-6E1C8B2A",
      5.143117211668048,
      75.87325540401082,
      462.1344549196565
    ],
    [
      "DEB-C1934883",
      -18.212844708713085,
      -153.5878940023347,
      747.5149166212659
    ],
    [
      "DEB-9D17E64F",
      28.365509862389516,
      -3.680001440252132,
      684.3067139938357
    ],
    [
      "DEB-E6316547",
      -52.02492719938632,
      -151.57592859223524,
      524.0549744902146
    ],
    [
      "DEB-2963D281",
      -75.53944914514459,
      115.78109104304878,
      806.4514064266268
    ],
    [
      "DEB-902B859A",
      -63.56239936026187,
      117.18414220198422,
      502.3080595176798
    ],
    [
      "DEB-F355F1FD",
      -31.717697315192524,
      -61.281854708470036,
      235.71905179985333
    ],
    [
      "DEB-C1DB3CE9",
      15.105992965844644,
      -38.25405990346762,
      621.8699925697374
    ],
    [
      "DEB-AFED4C98",
      -9.20094154148174,
      -102.61813028583043,
      585.2408607660718
    ],
    [
      "DEB-7CFFE7BC",
      -10.89641886141362,
      -23.49505426009596,
      704.8432595019885
    ],
    [
      "DEB-5A37694A",
      48.638869360246574,
      -144.77784843765158,
      147.85208159126432
    ],
    [
      "DEB-1B135BED",
      -82.93642814133518,
      132.78842977862496,
      451.86993352558875
    ],
    [
      "DEB-56649B5B",
      -18.251558072527732,
      88.71660103924255,
      870.8100996966014
    ],
    [
      "DEB-AAE22513",
      -51.927934302180674,
      77.26408742539284,
      428.75591272417296
    ],
    [
      "DEB-B2E6A46C",
      -70.58685135035164,
      16.312895629434085,
      155.4162983231463
    ],
    [
      "DEB-2FEBB085",
      -5.986403844522434,
      -171.17968786720544,
      427.33959443443837
    ],
    [
      "DEB-213CC658",
      -20.719552910422475,
      71.2069723929466,
      131.28596978422866
    ],
    [
      "DEB-DA291493",
      28.740670868264854,
      -70.13279586004546,
      553.8108146578043
    ],
    [
      "DEB-E47509FE",
      18.924483598215918,
      21.201695586368906,
      617.4565862589134
    ],
    [
      "DEB-1162F16F",
      16.834361191963286,
      122.62676652137917,
      189.1929803969324
    ],
    [
      "DEB-4F085D79",
      40.343419549891934,
      144.66509430646147,
      275.50779001681167
    ],
    [
      "DEB-78AEA42A",
      -12.35929688415529,
      -79.21002570206805,
      813.2601290483526
    ],
    [
      "DEB-50B89C17",
      -5.781430820775234,
      -124.27626972903464,
      282.88346194971564
    ],
    [
      "DEB-B8B35EF3",
      1.3154219499822049,
      34.0059893073274,
      246.5680129994871
    ],
    [
      "DEB-B20B7585",
      -45.15082686543057,
      64.82454380565382,
      811.3672129262623
    ],
    [
      "DEB-DC13A14E",
      2.666191205582964,
      -65.32705083773016,
      666.0035963784458
    ],
    [
      "DEB-0EE8CEF3",
      -59.83581509415738,
      -149.39279749684246,
      736.3084350964891
    ],
    [
      "DEB-7C90AE30",
      19.7266689606968,
      116.08249560326544,
      201.11507243645156
    ],
    [
      "DEB-7C79F94E",
      -58.38299608445642,
      -25.230780700856183,
      506.2985810819664
    ],
    [
      "DEB-2F1FE02F",
      37.04880623356498,
      -15.012173841936207,
      325.2692681616518
    ],
    [
      "DEB-957445BB",
      -42.64741474876578,
      -108.1443961043155,
      318.42541064137095
    ],
    [
      "DEB-07FE631B",
      52.3183119425464,
      -74.14229958546696,
      418.3153956061715
    ],
    [
      "DEB-B43E3827",
      61.28016314247399,
      -150.58391722607027,
      798.3514497444821
    ],
    [
      "DEB-501AACF5",
      -37.440330659998544,
      119.51100445717178,
      914.971683438991
    ],
    [
      "DEB-81BB003E",
      -3.4688634740639412,
      -56.295005360744,
      287.38799306694455
    ],
    [
      "DEB-04B1FE75",
      43.70445469081294,
      -93.23949150898505,
      214.33481868654326
    ],
    [
      "DEB-E9597784",
      13.078118198873833,
      -4.684121173324577,
      531.0677950506279
    ],
    [
      "DEB-1904F7F8",
      -0.14541095398395723,
      -63.49993365581695,
      807.0216753943623
    ],
    [
      "DEB-E53C102B",
      -19.698369931557036,
      -103.19816872887304,
      598.5280490301084
    ],
    [
      "DEB-2DA6CE5C",
      -10.11542509140646,
      -71.87362336603671,
      467.9319361008711
    ],
    [
      "DEB-66753825",
      -2.000585644595568,
      -139.2668318739915,
      865.0422141460585
    ],
    [
      "DEB-7F21E56A",
      67.74122959582057,
      132.7217784611792,
      886.7973126758889
    ],
    [
      "DEB-87C92555",
      24.770841715202145,
      27.683495357470775,
      804.3891806146512
    ],
    [
      "DEB-688E9D53",
      -31.811061277876014,
      -9.021714086175576,
      528.0619617157254
    ],
    [
      "DEB-F6BA35A0",
      30.912165628231122,
      113.47369379878182,
      128.0348125431019
    ],
    [
      "DEB-0B5E6C52",
      -15.205105686189498,
      135.905532867715,
      142.17857441075557
    ],
    [
      "DEB-279AA5D0",
      34.12706679820821,
      81.61182733235157,
      233.1430898448989
    ],
    [
      "DEB-BA708349",
      33.323521645780254,
      128.59157616965527,
      294.8486348288643
    ],
    [
      "DEB-DC1FB025",
      42.432749585812225,
      118.66239740522673,
      612.3945258596341
    ],
    [
      "DEB-BDE4C3FD",
      58.7399407788251,
      -3.0809123001325447,
      211.07405863857093
    ],
    [
      "DEB-006D935E",
      -38.81946532432285,
      120.05829591524767,
      507.97699460957756
    ],
    [
      "DEB-A8F5BFBF",
      35.739216778185835,
      116.36074310365147,
      442.71703435216114
    ],
    [
      "DEB-E38C79AD",
      69.64160951198134,
      175.44285292597695,
      752.3314679748582
    ],
    [
      "DEB-F9E6F7D9",
      40.5599770676984,
      26.903721110550762,
      323.05922900781843
    ],
    [
      "DEB-2BC88845",
      -33.329161687189014,
      -158.9026487887886,
      596.0452794709845
    ],
    [
      "DEB-BFE3BE62",
      -30.70456256823658,
      137.70827114388842,
      322.65921815973525
    ],
    [
      "DEB-66BA4E66",
      -43.730186686788734,
      106.4128378295364,
      475.95026528373637
    ],
    [
      "DEB-4B195591",
      22.149746311706256,
      141.11021369214248,
      579.2263608979738
    ],
    [
      "DEB-B30620E7",
      -49.32537109988965,
      -142.78363474669894,
      586.3549934894481
    ],
    [
      "DEB-FE4F2A2C",
      39.57938438167544,
      -124.73530943896512,
      249.65602714347642
    ],
    [
      "DEB-BF31A56C",
      -52.451848933218784,
      89.52061321536716,
      357.7987293697588
    ],
    [
      "DEB-428BE77F",
      30.997325958977523,
      -81.80744668745832,
      461.0041900345568
    ],
    [
      "DEB-91847109",
      29.45449809692699,
      -151.09348866796563,
      626.3476034986361
    ],
    [
      "DEB-4916F4E4",
      40.5121689202417,
      28.822822112708216,
      346.2309765772861
    ],
    [
      "DEB-FF0B5E59",
      -66.6332064743445,
      -25.81548585449539,
      479.03073717545703
    ],
    [
      "DEB-91393CA5",
      66.92155420007636,
      -154.53566480106758,
      129.58704356835005
    ],
    [
      "DEB-473EB3CC",
      -10.270403055536987,
      -81.34004803283413,
      806.947086620039
    ],
    [
      "DEB-BBDD0BC9",
      20.313930926209444,
      126.01098496751176,
      131.3997426952128
    ],
    [
      "DEB-F713B02C",
      2.409463398184887,
      -5.4527367921402,
      843.6844096044506
    ],
    [
      "DEB-9B06A3F4",
      -26.60191224707602,
      97.71806172195203,
      419.12896087806985
    ],
    [
      "DEB-5F11317A",
      14.406865525048113,
      164.29133230949978,
      365.409481876879
    ],
    [
      "DEB-F6ED5B83",
      -15.641643881379013,
      -77.89538037026469,
      150.29128228272293
    ],
    [
      "DEB-2BFDD9B3",
      -16.05338737467579,
      49.34613979214725,
      426.39521725680515
    ],
    [
      "DEB-C0B4AC7E",
      19.43201333597788,
      -164.95143900887132,
      646.4011890487645
    ],
    [
      "DEB-FC1349F2",
      4.125878728093211,
      -56.79924768088202,
      300.8519129990236
    ],
    [
      "DEB-AA5883D6",
      -7.16968326976833,
      -27.683704899438947,
      754.634780831977
    ],
    [
      "DEB-4EA31120",
      24.181930951435945,
      -77.2308698061382,
      550.3956361760247
    ],
    [
      "DEB-EDFCC516",
      -17.744789952889498,
      111.5644765286548,
      722.0222734122408
    ],
    [
      "DEB-F45E6985",
      -11.227128665585358,
      -3.75271953084093,
      165.32181561753623
    ],
    [
      "DEB-BF23504B",
      7.70936129651657,
      -162.66051309929549,
      839.6739419589803
    ],
    [
      "DEB-4E975D27",
      51.562145589951,
      136.7466696015739,
      887.7053988708567
    ],
    [
      "DEB-1466C3B0",
      68.2910879359753,
      104.69408507648721,
      473.00676010638017
    ],
    [
      "DEB-DF9698CF",
      -10.330416465410952,
      165.11816549570608,
      445.96930279439675
    ],
    [
      "DEB-89A13A4D",
      12.477744630522364,
      -73.1128016299918,
      826.7969700675667
    ],
    [
      "DEB-D7C76653",
      22.164124419990713,
      -177.50429096860097,
      122.08466219701313
    ],
    [
      "DEB-0C0C8315",
      -33.05729800405097,
      -74.73557287036783,
      449.7151231928192
    ],
    [
      "DEB-9303B4BB",
      -28.600030530270548,
      -4.404476257086667,
      806.7402660552589
    ],
    [
      "DEB-05D8F9E4",
      -50.15359655554204,
      170.15777502747423,
      843.4308543720981
    ],
    [
      "DEB-7C98261A",
      -49.09077960923159,
      -52.74517243503314,
      779.074449371963
    ],
    [
      "DEB-358A0E48",
      81.53475321791795,
      50.33763753972486,
      696.6194586204911
    ],
    [
      "DEB-D8A840FA",
      -24.33965406268149,
      127.0083341225482,
      207.77165704390973
    ],
    [
      "DEB-F363FD41",
      -44.0729929803871,
      -73.07738709899859,
      648.7725689038953
    ],
    [
      "DEB-F4E9A469",
      16.463685095920678,
      163.91642667775986,
      486.3903486351028
    ],
    [
      "DEB-CDCD1806",
      9.297728785332692,
      16.597517721780708,
      429.0582005654196
    ],
    [
      "DEB-E8B8E9AF",
      -30.48522380426697,
      -105.2057886176904,
      541.0361531493554
    ],
    [
      "DEB-F110C607",
      70.59888321885713,
      28.262771823031034,
      843.7532574873912
    ],
    [
      "DEB-8810D637",
      -5.307727861249777,
      39.61091533839407,
      189.92408658240493
    ],
    [
      "DEB-0EFCD9F1",
      -7.565005112297634,
      -35.291911153352025,
      437.30403854483666
    ],
    [
      "DEB-3FBD3391",
      -17.552260087430277,
      -144.70654523373253,
      295.87712877368085
    ],
    [
      "DEB-4744A2CE",
      -15.197557403094928,
      -18.575361703715316,
      463.8325036201704
    ],
    [
      "DEB-6E0754FF",
      13.338303137644639,
      84.99254090149768,
      305.5643548706839
    ],
    [
      "DEB-C2568DD4",
      -40.86951550338097,
      168.3501611915344,
      916.9204991066372
    ],
    [
      "DEB-28AA7EDE",
      65.25195197345626,
      -142.11196944138243,
      839.7968937488085
    ],
    [
      "DEB-43CF778A",
      13.745090156403526,
      21.720572093662483,
      845.9364895427425
    ],
    [
      "DEB-49DAC9CF",
      -8.325096834885288,
      -163.55394153283606,
      846.8382659247382
    ],
    [
      "DEB-A433F8AD",
      39.12907394267543,
      65.48483718362299,
      329.59237560794827
    ],
    [
      "DEB-CEB969D1",
      -38.03340626269752,
      -17.868737445622607,
      802.7504870752837
    ],
    [
      "DEB-A2DD1E96",
      -33.120565828306695,
      28.10344314497043,
      396.86231521216996
    ],
    [
      "DEB-B2080B30",
      -31.571531869380912,
      79.23588355206404,
      630.7613123225401
    ],
    [
      "DEB-38ED26F0",
      -30.093892442701183,
      114.35950128040415,
      129.27372427722003
    ],
    [
      "DEB-6495CB54",
      39.41476076177536,
      49.37411335743166,
      247.91383940959258
    ],
    [
      "DEB-0901FE63",
      45.91864545663676,
      106.77903932061197,
      859.388189102905
    ],
    [
      "DEB-92A7B85C",
      30.819907775852588,
      99.07611237496873,
      172.67716236348133
    ],
    [
      "DEB-29564F6A",
      55.635842529401444,
      138.95480465339762,
      568.990347297261
    ],
    [
      "DEB-D54A4BD6",
      -2.701192352870585,
      104.96258266048089,
      874.8099862877862
    ],
    [
      "DEB-D7001B96",
      -67.6576044904777,
      -170.78481583332285,
      472.82238741496894
    ],
    [
      "DEB-FB70FC66",
      -55.62422449116372,
      9.243429593891587,
      623.0399350593307
    ],
    [
      "DEB-F5EBE277",
      50.66258414409446,
      -175.07025218423018,
      579.5589022190088
    ],
    [
      "DEB-6961B02C",
      -33.72527085399557,
      -47.519151298150994,
      348.14917142250215
    ],
    [
      "DEB-964858A6",
      58.55054535532919,
      137.55670906016732,
      717.310285475939
    ],
    [
      "DEB-8456ED3C",
      -6.944976675483409,
      39.83532104719963,
      692.8874398157786
    ],
    [
      "DEB-E5ADC1E5",
      22.449730465445125,
      10.021013654573636,
      435.96877875195696
    ],
    [
      "DEB-08D7172F",
      -34.071856019645374,
      -127.39502912578132,
      187.13059729759698
    ],
    [
      "DEB-393C4323",
      -2.0321980668297384,
      131.35579756713088,
      227.5289593908292
    ],
    [
      "DEB-EACAF19D",
      8.432909014789509,
      -143.04842595890912,
      832.9321591363214
    ],
    [
      "DEB-B48E2E7C",
      80.05184356308231,
      -47.01612878247359,
      684.9948399794876
    ],
    [
      "DEB-C2C0D1E5",
      31.566580236475534,
      -101.31050917166567,
      752.1054602158847
    ],
    [
      "DEB-1FBC22A5",
      -14.356681667122109,
      -54.20029631396588,
      364.4200283138016
    ],
    [
      "DEB-BF84AE3E",
      32.76982794358293,
      -85.95137736167477,
      654.4401536256064
    ],
    [
      "DEB-7A5559E4",
      30.85717894184887,
      137.0197169328265,
      262.29286357195906
    ],
    [
      "DEB-CDEC2078",
      -33.48502176606788,
      133.86487295906366,
      246.99220832341325
    ],
    [
      "DEB-B63264C5",
      -80.13317798403718,
      54.977385313826574,
      780.1351567507854
    ],
    [
      "DEB-4F071346",
      7.047225674264827,
      -106.58367964744632,
      618.5309566847072
    ],
    [
      "DEB-CCCF94E3",
      -22.79141883015644,
      -99.38113779071514,
      308.49022959682316
    ],
    [
      "DEB-BDA1D553",
      40.40682817759972,
      134.7241059179774,
      811.7974936370147
    ],
    [
      "DEB-FB3491AA",
      32.719546087362836,
      -167.6758070250549,
      768.947552763656
    ],
    [
      "DEB-E8AC3095",
      -1.5183337655227467,
      -83.21793315911823,
      383.8568274315585
    ],
    [
      "DEB-1039A681",
      26.819865959184188,
      -29.160308592873868,
      580.1432636291438
    ],
    [
      "DEB-AFA3A40C",
      45.560142889517195,
      -119.0722791113023,
      813.0369691707238
    ],
    [
      "DEB-40ECA352",
      0.3221357970326469,
      51.30847907916928,
      446.73053632733445
    ],
    [
      "DEB-D8358692",
      -49.154019116335085,
      -146.91422533552551,
      323.490319041759
    ],
    [
      "DEB-B1395119",
      -13.732602208476672,
      52.95829896624344,
      160.3755691185861
    ],
    [
      "DEB-73C6564F",
      -42.831938068778776,
      47.393701942811205,
      611.1483342733827
    ],
    [
      "DEB-125A68A2",
      74.1516463474482,
      -101.83545310716073,
      262.9012361793684
    ],
    [
      "DEB-F2C1688B",
      -5.74171719390909,
      162.31351143806683,
      808.0066001723462
    ],
    [
      "DEB-293DB3B6",
      -39.688181538093716,
      -11.130483301134356,
      385.54972876955344
    ],
    [
      "DEB-F4A67D0A",
      -1.3055680202921391,
      -50.63705857314281,
      195.79369164211857
    ],
    [
      "DEB-94FE326C",
      -17.495006459557022,
      -173.90604026353031,
      605.5920724097887
    ],
    [
      "DEB-A40B4E68",
      -15.84863992485199,
      136.42485334065952,
      865.9999477406091
    ],
    [
      "DEB-F17479EE",
      34.40657837655235,
      84.23003074403987,
      899.5268567241374
    ],
    [
      "DEB-05196771",
      -12.493224943903629,
      155.66347301337697,
      481.17161502194085
    ],
    [
      "DEB-9299199D",
      -41.86435476444999,
      175.52035460699105,
      245.21044275039458
    ],
    [
      "DEB-3C556CF6",
      2.0744742575705297,
      -68.84299563104935,
      530.0823261895575
    ],
    [
      "DEB-FD7F61A9",
      -12.27933205027877,
      178.06782444336093,
      717.4838129436039
    ],
    [
      "DEB-34CFA6F9",
      -53.38421866918749,
      92.38436920277795,
      444.140339820643
    ],
    [
      "DEB-32EFBC5A",
      20.687764597858752,
      96.5364763043079,
      623.780326461102
    ],
    [
      "DEB-B6B9515E",
      -43.78389588193916,
      -43.54683205102411,
      544.6327503187931
    ],
    [
      "DEB-DAFE973D",
      -8.056785258586073,
      172.70955900043342,
      557.1355382837446
    ],
    [
      "DEB-2E3B6C94",
      48.235671665345414,
      160.92519160978395,
      887.6336224108991
    ],
    [
      "DEB-0F5912D8",
      -16.949846170370616,
      -12.621860205202623,
      598.9244178941935
    ],
    [
      "DEB-C6BC657C",
      -53.046866411574506,
      -56.92203564407735,
      157.6133785408574
    ],
    [
      "DEB-8C8A9265",
      -81.30483317029261,
      77.68792538832355,
      507.62965712291407
    ],
    [
      "DEB-725A1A9C",
      -69.49675398658344,
      161.25097015890972,
      489.25118205894887
    ],
    [
      "DEB-0DF47467",
      50.082839085792756,
      -105.75194245292619,
      489.96934180773314
    ],
    [
      "DEB-77B2EE86",
      1.8096191205636065,
      59.32061293066646,
      777.6317794729202
    ],
    [
      "DEB-BE4C5D06",
      4.41516206989075,
      42.16410287841147,
      635.2839316287873
    ],
    [
      "DEB-10170BFA",
      -0.5641067599248226,
      168.79960154644144,
      323.57209747112483
    ],
    [
      "DEB-B5139878",
      39.65205764274951,
      -140.6814324883462,
      327.3901408726597
    ],
    [
      "DEB-B1FCD8B7",
      -29.78892828095956,
      -20.043845054071365,
      455.3200293999689
    ],
    [
      "DEB-241B06F1",
      -57.002610113530274,
      -54.82405156550425,
      867.68953323593
    ],
    [
      "DEB-F02B7B7B",
      -6.069718812575204,
      50.46122834545042,
      381.02808099308004
    ],
    [
      "DEB-72406AF7",
      29.3747482317925,
      86.28886528297726,
      277.64142728521074
    ],
    [
      "DEB-64EEC89A",
      -32.53500897967567,
      77.53762312993919,
      342.761079560727
    ],
    [
      "DEB-6A7E927B",
      33.82328664870573,
      -9.107399254398576,
      339.76587959206427
    ],
    [
      "DEB-98012DB9",
      38.814062431648,
      -10.866577675412726,
      573.5414494655979
    ],
    [
      "DEB-BD022843",
      -48.98186349759719,
      -139.50151055635956,
      713.5042950144207
    ],
    [
      "DEB-BA66B9D0",
      -12.11819784612154,
      -73.00014763737813,
      206.13651254579509
    ],
    [
      "DEB-B851A519",
      27.72828220496403,
      -113.45273899226264,
      514.6056813507857
    ],
    [
      "DEB-21AD8AEC",
      -15.512142106735075,
      -20.515003485522392,
      167.12961026091762
    ],
    [
      "DEB-E116F2F9",
      -23.1857422474153,
      -9.295465964904759,
      255.6979066406093
    ],
    [
      "DEB-08D7985E",
      1.0841401087875187,
      -66.3547498393545,
      566.0545595658214
    ],
    [
      "DEB-DD3D9F13",
      -61.53620503429774,
      -80.48349680229592,
      151.06332116471276
    ],
    [
      "DEB-4F42C460",
      -31.79422380971869,
      30.41956533041945,
      170.7029973661538
    ],
    [
      "DEB-F4935BA6",
      79.868499413158,
      32.54498226332564,
      445.0214607584403
    ],
    [
      "DEB-4B215D6B",
      -34.119550216666944,
      42.07290151819676,
      413.30949085865177
    ],
    [
      "DEB-8066F6A8",
      -77.83528082297573,
      -11.961761126225516,
      544.97055602409
    ],
    [
      "DEB-B2E6281F",
      -7.767394817379861,
      45.94783309056239,
      887.8301797937502
    ],
    [
      "DEB-3C7B5472",
      53.92370312737867,
      48.01576672937319,
      583.9394724923004
    ],
    [
      "DEB-69ED1AC7",
      7.224760893574437,
      68.76249366878986,
      642.6974513671757
    ],
    [
      "DEB-4A865ED0",
      -43.23563662598488,
      94.22578510273503,
      413.0773522916452
    ],
    [
      "DEB-0888EDA8",
      -48.917229993754646,
      -169.45977663862362,
      672.1601150748993
    ],
    [
      "DEB-7D9FF871",
      -60.48485422503329,
      171.54783230477634,
      141.0522043157407
    ],
    [
      "DEB-BFA1341D",
      84.86293526265221,
      -14.230669946285383,
      324.8066389280093
    ],
    [
      "DEB-824AFD9B",
      38.69152545384283,
      63.63931064092753,
      847.2524018711256
    ],
    [
      "DEB-6E6C1790",
      -79.01045374579721,
      -32.844998876121295,
      484.7825386470795
    ],
    [
      "DEB-304B0DC9",
      -74.6783513715606,
      53.04564060468054,
      157.17574358406728
    ],
    [
      "DEB-79481E9D",
      8.605187570225608,
      44.535339734849465,
      506.3536653940282
    ],
    [
      "DEB-0C9A395D",
      6.972068175614747,
      10.753267717208354,
      493.7186022576252
    ],
    [
      "DEB-85BE52EE",
      47.44471220586625,
      108.48714400888855,
      135.4255377782083
    ],
    [
      "DEB-7985F63B",
      -12.100150762898163,
      -128.07609494749298,
      283.2075882917052
    ],
    [
      "DEB-5C786B2A",
      -68.0627255825046,
      143.85181912080202,
      608.5183973618914
    ],
    [
      "DEB-3DB3328F",
      -26.18199071419782,
      -96.15013995954774,
      734.6725743857569
    ],
    [
      "DEB-3FF3D267",
      1.998645975554294,
      -39.16544120710701,
      324.60732741979245
    ],
    [
      "DEB-4A1618D6",
      -1.5821802791606785,
      -41.96558540859199,
      423.52567134289257
    ],
    [
      "DEB-ED41F976",
      -13.021410672460226,
      97.87727240584563,
      456.37530735972723
    ],
    [
      "DEB-68B79B52",
      -44.6159637872896,
      -38.30709290691965,
      284.36192417418533
    ],
    [
      "DEB-F09F0071",
      40.63366138228247,
      -43.585284570536395,
      155.1697146550341
    ],
    [
      "DEB-35034229",
      51.904201723058215,
      125.96707198878629,
      867.1438773972259
    ],
    [
      "DEB-282A8039",
      -62.79879577670697,
      111.47188274169707,
      726.7862353857354
    ],
    [
      "DEB-088820C3",
      43.618747614924274,
      24.26381978982017,
      767.9525021165291
    ],
    [
      "DEB-E1554381",
      -17.183004819326992,
      71.52219148732756,
      670.0073543141752
    ],
    [
      "DEB-0242BF52",
      15.05368312171064,
      -68.88644431657403,
      699.5253429853756
    ],
    [
      "DEB-8EC10C30",
      80.66124109925822,
      116.69921301773465,
      618.3449661059876
    ],
    [
      "DEB-CD32143E",
      35.646631861489276,
      95.46711374258413,
      864.5757042972409
    ],
    [
      "DEB-F4154798",
      69.45564045605522,
      -97.29713892461352,
      442.63838396370375
    ],
    [
      "DEB-CF69B7A5",
      -67.69197458786617,
      0.45123006873346677,
      877.5037876442675
    ],
    [
      "DEB-A949C66F",
      -6.963643445841597,
      54.38935313993242,
      484.775737103575
    ],
    [
      "DEB-E66EED67",
      41.365121211051154,
      160.07461792628843,
      393.6649617357534
    ],
    [
      "DEB-104E541A",
      -3.5638698038731067,
      87.88474792879545,
      754.6278843718328
    ],
    [
      "DEB-F198B973",
      33.27112445940164,
      -8.253544722201918,
      300.51265653048995
    ],
    [
      "DEB-37E61946",
      -8.537634169234016,
      -80.45687238441113,
      401.71460583223416
    ],
    [
      "DEB-1694FE36",
      34.862494394272055,
      -153.66929941292835,
      886.6127228427194
    ],
    [
      "DEB-DF65A2E4",
      58.643665083161004,
      -32.43733917643214,
      538.3297757551136
    ],
    [
      "DEB-B5678953",
      11.413248570209712,
      -115.36452949045128,
      253.41914241150153
    ],
    [
      "DEB-26081F2C",
      -17.927129916257158,
      -149.39289263241918,
      646.490324753534
    ],
    [
      "DEB-1A02C4D7",
      -43.13525869954156,
      -13.606990219924516,
      332.0577983703988
    ],
    [
      "DEB-1205BFC6",
      54.533721505571194,
      177.2014694376534,
      822.898407878658
    ],
    [
      "DEB-61C2041A",
      -25.854617478104124,
      -120.03868830159576,
      765.7212894585173
    ],
    [
      "DEB-4969962F",
      13.524289041580667,
      -74.29654025514435,
      687.8599638625119
    ],
    [
      "DEB-3A14BDB7",
      1.5583544945087473,
      -124.65572857646997,
      300.600316856664
    ],
    [
      "DEB-20DC56F8",
      -27.219778485470474,
      179.68187308029806,
      511.47550542671615
    ],
    [
      "DEB-04288022",
      -37.475482705697196,
      146.8933706670364,
      203.49307541521466
    ],
    [
      "DEB-A6ADBCAF",
      59.256164969863576,
      -176.63486663794728,
      799.0814044347344
    ],
    [
      "DEB-43E98626",
      83.10116524324958,
      143.42405956811808,
      596.9135317832697
    ],
    [
      "DEB-3240FD14",
      28.500740866587122,
      -164.9464484503401,
      891.9230094378299
    ],
    [
      "DEB-5E61CB5D",
      -32.72057804890683,
      62.325293369821814,
      392.1172578346732
    ],
    [
      "DEB-9BC58C87",
      -40.63762281279622,
      -158.52421520421635,
      732.7175065274023
    ],
    [
      "DEB-BE02A901",
      -52.77601249999169,
      137.0572472185495,
      668.4737974160671
    ],
    [
      "DEB-EF65E6EA",
      -15.756413487129324,
      -92.33651879514471,
      665.8507842026129
    ],
    [
      "DEB-139C8428",
      -22.728139483581533,
      -85.1913133127294,
      458.2813684723651
    ],
    [
      "DEB-AEF13C86",
      38.61989454680542,
      -44.835988542695674,
      378.26906247123225
    ],
    [
      "DEB-BED257BC",
      12.886588533623566,
      -143.35150341571781,
      795.3311680877914
    ],
    [
      "DEB-7E16D31B",
      59.15011938867304,
      -131.77825447166944,
      225.38852141230745
    ],
    [
      "DEB-8EA903EB",
      -35.264638180100235,
      -72.12812596918435,
      533.0070204856611
    ],
    [
      "DEB-DEF148A6",
      26.912947290860846,
      119.27755276922765,
      239.1232038542894
    ],
    [
      "DEB-0B5DF368",
      -49.400699306621675,
      115.56091701952631,
      138.27179987981253
    ],
    [
      "DEB-C138E398",
      -65.606762630444,
      -61.88568856872515,
      252.17602200398687
    ],
    [
      "DEB-5CEBBE77",
      10.790556286982289,
      71.06244605040659,
      783.8239969134547
    ],
    [
      "DEB-3450E479",
      46.60866579659503,
      -64.5276309495114,
      322.08754531268096
    ],
    [
      "DEB-CA5B5769",
      30.31530522988306,
      -175.67564296814965,
      736.8762774484949
    ],
    [
      "DEB-1E2D5689",
      58.185379684793226,
      101.54013278459844,
      654.2983051289848
    ],
    [
      "DEB-57D553CD",
      9.495361144863525,
      -169.2634290099626,
      722.6038021758413
    ],
    [
      "DEB-AE30A737",
      -32.14869054237683,
      -62.87981880873048,
      155.83518052283216
    ],
    [
      "DEB-47E305BE",
      -30.284106944490567,
      147.06618957891268,
      894.1361646606183
    ],
    [
      "DEB-5C2E2F72",
      -25.273245644504122,
      22.43820225936524,
      756.1123467809102
    ],
    [
      "DEB-37BD2102",
      31.410572584360846,
      -155.15386836937316,
      243.53770976097076
    ],
    [
      "DEB-133AB99F",
      19.41721232189352,
      4.725007216484485,
      408.4371325814918
    ],
    [
      "DEB-09BBDFD8",
      12.050519188728426,
      73.72920085888455,
      486.3480701973376
    ],
    [
      "DEB-D8D97859",
      59.18538522246145,
      -138.63994941652868,
      247.7531728090953
    ],
    [
      "DEB-8E30938A",
      -3.0488120571391875,
      -154.63054073880667,
      736.1345036274097
    ],
    [
      "DEB-E2FFBBA4",
      -22.785432982767432,
      97.7666723549795,
      746.7327922477161
    ],
    [
      "DEB-406C34BC",
      34.70804950615831,
      -103.68547351764784,
      879.6213449529041
    ],
    [
      "DEB-B5D1F228",
      6.43302114072161,
      -141.446887504677,
      572.0488498035375
    ],
    [
      "DEB-C0DB7C4A",
      16.508072337642144,
      31.701135145292906,
      439.8195107154761
    ],
    [
      "DEB-9C4BA313",
      -81.57831974753896,
      -170.20532765446353,
      190.04854155643534
    ],
    [
      "DEB-5134E425",
      -5.98894161799457,
      141.86928654124463,
      550.1345125912094
    ],
    [
      "DEB-00745A05",
      4.472544392569127,
      -70.99969061479456,
      456.24072193155826
    ],
    [
      "DEB-BB6D4999",
      -15.255401621423669,
      -125.58174643370691,
      580.5546388098146
    ],
    [
      "DEB-F141ACC1",
      -31.564723424269143,
      -47.05262099548315,
      687.9532329925805
    ],
    [
      "DEB-A0F0A2F2",
      -70.6594696574804,
      -98.59385843427543,
      129.67113348707426
    ],
    [
      "DEB-E3A7C6CC",
      13.325950809099844,
      -160.3092889569616,
      570.0081792015308
    ],
    [
      "DEB-A28DEADD",
      -76.8325285718889,
      -82.85574874546329,
      641.3697719651991
    ],
    [
      "DEB-111BD77F",
      25.70372253388145,
      -99.65911261837371,
      398.9067047799226
    ],
    [
      "DEB-B81807B1",
      -27.535899872802975,
      7.381872582801392,
      646.2297379358733
    ],
    [
      "DEB-35AB81AD",
      -28.022495794144405,
      -38.00414793756852,
      619.2504908150022
    ],
    [
      "DEB-2E8FF01A",
      -23.43490915467658,
      -178.45036244496217,
      929.3279859283703
    ],
    [
      "DEB-5B6D5BD6",
      -4.235076017954897,
      -126.29265150383539,
      422.50252618554987
    ],
    [
      "DEB-8B414FF4",
      44.81625829075319,
      -173.4544759979791,
      845.6735281095644
    ],
    [
      "DEB-94C061C4",
      22.340023499551137,
      162.64486001872916,
      535.995392249396
    ],
    [
      "DEB-FFF88B5A",
      -50.95747238183696,
      178.11201143737296,
      698.5534627243724
    ],
    [
      "DEB-AC2BA439",
      53.00764830607008,
      -148.803659754162,
      515.4774240819788
    ],
    [
      "DEB-D7BFBBBF",
      -22.247362305937866,
      -97.25257881755883,
      448.55254376436915
    ],
    [
      "DEB-8D7025B4",
      -34.1188014606959,
      74.4128035060837,
      610.0094915131913
    ],
    [
      "DEB-BC383932",
      17.961679504160692,
      -157.10668927211523,
      180.46294604386094
    ],
    [
      "DEB-2FA3082E",
      21.168250282087925,
      9.769767763114567,
      880.436850858704
    ],
    [
      "DEB-7D77BBE8",
      9.869289526475702,
      -166.87078271822887,
      473.0384914645565
    ],
    [
      "DEB-1E0ABF92",
      60.0464545715011,
      76.60682940495383,
      142.3654543406983
    ],
    [
      "DEB-F6A45F74",
      30.22479948548405,
      -21.608868313040183,
      695.0609513240515
    ],
    [
      "DEB-88DF8B63",
      -6.049834762496956,
      171.3983801620595,
      514.110852071899
    ],
    [
      "DEB-D16907C7",
      -47.0741513332361,
      -72.05640081051398,
      641.6846516181604
    ],
    [
      "DEB-D60E4646",
      45.92310949619932,
      137.4714972282367,
      811.4569710731903
    ],
    [
      "DEB-00B33A35",
      43.26034142388894,
      154.3664746672807,
      714.0937588233919
    ],
    [
      "DEB-8B650294",
      24.850060070461204,
      134.99754101311177,
      449.8231864357713
    ],
    [
      "DEB-FC9E80E2",
      -16.78491396136946,
      83.1397650262269,
      620.4337424611986
    ],
    [
      "DEB-288831C3",
      -13.857716550217068,
      134.990057525538,
      205.94346764287639
    ],
    [
      "DEB-1EA85E0E",
      19.75683390148221,
      -50.05761493984943,
      130.17283051695267
    ],
    [
      "DEB-34C954B1",
      -10.789392422588076,
      -36.114446576625745,
      761.7472746600233
    ],
    [
      "DEB-D233530D",
      -1.6346255406116585,
      9.025401751449104,
      920.6042977754778
    ],
    [
      "DEB-46A953CA",
      1.3856923346930579,
      -64.60508166674171,
      300.216318561319
    ],
    [
      "DEB-DB3C35D9",
      -22.693090619495685,
      60.4070769111686,
      424.78691256956154
    ],
    [
      "DEB-E1C5DA27",
      -31.81025586978654,
      -12.47340873925062,
      311.4299306192688
    ],
    [
      "DEB-58CB7AE7",
      -47.44556736477494,
      -24.070890111482644,
      357.23704066259324
    ],
    [
      "DEB-228AF7D4",
      -15.942453306231158,
      129.1665100119544,
      317.7698750416921
    ],
    [
      "DEB-14687A7F",
      53.058296543842786,
      117.98599778088074,
      159.90243716041823
    ],
    [
      "DEB-5FBB7F06",
      55.082480224846215,
      117.34093991570792,
      260.22715625025194
    ],
    [
      "DEB-3F04BD6A",
      -4.549383077917621,
      170.87526678603373,
      243.2651059257705
    ],
    [
      "DEB-DE167C91",
      15.866984808210505,
      173.3183970764123,
      847.7979171220513
    ],
    [
      "DEB-DAF56207",
      -14.375476865375994,
      -79.02352513095398,
      552.2797797546627
    ],
    [
      "DEB-EBB86565",
      7.462151250379408,
      22.64113504224584,
      525.5695103158359
    ],
    [
      "DEB-116E15D4",
      31.035421740825715,
      -159.82626916645899,
      220.3150636204482
    ],
    [
      "DEB-D8834117",
      -4.517601664000303,
      -87.4782079579477,
      359.9525339632519
    ],
    [
      "DEB-4F464119",
      -0.2896467553938353,
      45.61710513423821,
      748.8621787279335
    ],
    [
      "DEB-7A575917",
      -5.198571106706037,
      -176.3258456935161,
      862.588574822611
    ],
    [
      "DEB-7445FBAB",
      -46.58568927442553,
      135.48280553629937,
      695.6356525593146
    ],
    [
      "DEB-94CA6641",
      -19.299846144064304,
      77.87521109036162,
      353.69448080769143
    ],
    [
      "DEB-363DB7FA",
      -41.28077140035276,
      57.896503913568786,
      713.6686783883715
    ],
    [
      "DEB-62CC3BBB",
      -4.156005357072877,
      144.65277234244004,
      865.1501657234894
    ],
    [
      "DEB-7EFC37E0",
      4.670103415549412,
      -92.23554084921889,
      423.17546120404495
    ],
    [
      "DEB-BE70F621",
      3.9638587421432856,
      95.23681496897689,
      482.4668354071464
    ],
    [
      "DEB-4A4D25B3",
      -18.72912216604048,
      -25.178317640297898,
      754.1664012330693
    ],
    [
      "DEB-151870DB",
      -74.91736510522011,
      158.8333886452768,
      553.2960223836508
    ],
    [
      "DEB-283B82CA",
      2.4114758712100195,
      -68.4820473699266,
      747.9689018403278
    ],
    [
      "DEB-8C57A096",
      -3.724030438817692,
      -8.509288532535642,
      727.6175554999336
    ],
    [
      "DEB-7BC949A9",
      -0.121649855002434,
      178.43407419618023,
      635.3562453534869
    ],
    [
      "DEB-19F6CF82",
      -64.94460830815561,
      -81.31058595421185,
      797.5015423013137
    ],
    [
      "DEB-28A8CDE1",
      -31.429652966509668,
      47.162325905187814,
      725.0967024247257
    ],
    [
      "DEB-0139E902",
      26.961405951757545,
      -84.18792425134126,
      131.71859361966472
    ],
    [
      "DEB-36A900C3",
      -25.263964611059638,
      165.70146579072056,
      125.93305105322543
    ],
    [
      "DEB-CA4D43AC",
      -10.650277216445536,
      142.66632095258183,
      341.3871893479409
    ],
    [
      "DEB-AAA7120A",
      41.194976473258336,
      4.177243804124193,
      416.88049494085135
    ],
    [
      "DEB-9055BB3E",
      33.186998473663955,
      90.51131376465399,
      424.25910403471244
    ],
    [
      "DEB-CFD00A04",
      -58.843662330454485,
      158.56514142801942,
      486.38151112763717
    ],
    [
      "DEB-DC334569",
      -24.367813047541063,
      -66.19165165463252,
      228.43814746786938
    ],
    [
      "DEB-B4453DF1",
      -6.965094015395838,
      47.5352557085562,
      796.6461158701713
    ],
    [
      "DEB-DDA41FE8",
      13.62675525527391,
      106.05412340333872,
      838.8640254654583
    ],
    [
      "DEB-A59B215E",
      -15.047041385253369,
      49.804473920448416,
      402.7335446867264
    ],
    [
      "DEB-748E1D95",
      -48.69714967968335,
      16.91088146123502,
      668.133012211737
    ],
    [
      "DEB-503F0DE1",
      50.259926327256075,
      133.25890398235907,
      260.52224477607797
    ],
    [
      "DEB-F710C095",
      54.33314398708999,
      38.67503774996561,
      712.4998924040883
    ],
    [
      "DEB-EE1B2DF9",
      -44.85171004711958,
      164.27186698901815,
      388.705535690684
    ],
    [
      "DEB-E5E312B3",
      65.5510013718138,
      -84.41723236978653,
      771.2182864697315
    ],
    [
      "DEB-82366F36",
      -8.502774549632289,
      62.50282247292481,
      823.5491478216582
    ],
    [
      "DEB-D43E3E16",
      -3.783783095779879,
      -170.88290184083294,
      600.9165306057866
    ],
    [
      "DEB-18570028",
      -11.836125447380663,
      -41.01182349451276,
      412.9135467050046
    ],
    [
      "DEB-1FD4074A",
      1.354085057536813,
      34.05539797306863,
      388.1099638493315
    ],
    [
      "DEB-7B3DD4BC",
      34.90697116498903,
      -54.509715069553195,
      852.1687523715282
    ],
    [
      "DEB-B7E72EF7",
      -19.604132512103526,
      -135.00068697567266,
      130.55164056909598
    ],
    [
      "DEB-6D8C94B6",
      15.325233628057985,
      88.65040272460581,
      163.44591540283182
    ],
    [
      "DEB-D8E012AE",
      -68.28715076800373,
      -131.41215332800664,
      534.0907749754952
    ],
    [
      "DEB-53BC7FA9",
      -59.90313176964281,
      48.349110972236176,
      279.63679403774404
    ],
    [
      "DEB-7E262F40",
      -1.210523095906625,
      -29.137213325998786,
      137.97563246878326
    ],
    [
      "DEB-50AF5278",
      -61.06896415888152,
      -136.73734851871092,
      313.14996860313204
    ],
    [
      "DEB-734A3577",
      56.59663206881241,
      -16.233073624134217,
      525.8917436429392
    ],
    [
      "DEB-5A742FBB",
      37.6005434133922,
      -89.91793596904601,
      719.5851921202757
    ],
    [
      "DEB-48782C1F",
      -28.542382900828883,
      -156.45951088572957,
      570.0576729212962
    ],
    [
      "DEB-F8781EBC",
      37.47558760316462,
      27.6215602695591,
      519.5906089356286
    ],
    [
      "DEB-340EC4BE",
      31.150097111418596,
      -21.479372355230844,
      859.2004765044576
    ],
    [
      "DEB-AF1335A8",
      -34.01939202766837,
      65.42828302530786,
      762.1762098989993
    ],
    [
      "DEB-F9EA3951",
      -12.2875371978832,
      -65.84354177360788,
      857.1077719920359
    ],
    [
      "DEB-4A6C55E2",
      -19.30455245038915,
      132.4136520317783,
      874.6475264638502
    ],
    [
      "DEB-B8DC7701",
      33.16839312764718,
      -178.5603829074617,
      840.7921518588164
    ],
    [
      "DEB-1E584C2A",
      46.91344341044852,
      -120.55895091086924,
      661.5075653078466
    ],
    [
      "DEB-7B4DEB23",
      -9.233765289685833,
      160.56686054713794,
      649.0244502752503
    ],
    [
      "DEB-E1704105",
      -23.147560711730886,
      -44.48989793418711,
      906.586160006731
    ],
    [
      "DEB-24E5A561",
      -39.0735779040579,
      73.34774619217971,
      165.3556711757965
    ],
    [
      "DEB-C8FC695B",
      21.997531566684433,
      -72.66142718608404,
      805.8429340659859
    ],
    [
      "DEB-70D9646D",
      4.310302704252929,
      16.92919127408999,
      584.4678004691696
    ],
    [
      "DEB-3A2ECB8C",
      -6.047999370082806,
      -54.785547915472755,
      690.5051797789465
    ],
    [
      "DEB-87BD267C",
      7.649422618097411,
      63.126786072666164,
      403.56150485230137
    ],
    [
      "DEB-1261DFE1",
      -57.242309985722336,
      -159.6340832225933,
      859.1837315478215
    ],
    [
      "DEB-276FB013",
      37.971158894340356,
      144.55929963735431,
      866.870996513052
    ],
    [
      "DEB-CD5D6848",
      22.16012727429231,
      77.61223970212822,
      442.76512839037696
    ],
    [
      "DEB-6BAAD07D",
      -4.081791219005349,
      59.8013044673115,
      282.1243469982164
    ],
    [
      "DEB-78ECA964",
      -64.81492274717912,
      32.85210091730998,
      432.94141300667434
    ],
    [
      "DEB-A2DF9A72",
      83.59843690649504,
      -33.80301725562107,
      408.610995693668
    ],
    [
      "DEB-942E254E",
      26.738069989473928,
      -110.057241399067,
      197.8317143160948
    ],
    [
      "DEB-B1233194",
      -45.9007689964407,
      -0.7505479433129159,
      654.634761923834
    ],
    [
      "DEB-2F4CC343",
      -74.39863007397037,
      34.26240548388351,
      379.7946230899415
    ],
    [
      "DEB-3BE3EC3F",
      57.36600164272861,
      -13.893960814987594,
      841.3271782499442
    ],
    [
      "DEB-5E1302A7",
      10.399066376012312,
      21.796675274120666,
      632.9654680949743
    ],
    [
      "DEB-26FAB8D2",
      2.0667363097169553,
      66.78781920804587,
      131.37952396114542
    ],
    [
      "DEB-4CB46323",
      -50.25383947578829,
      145.25671917463603,
      486.2917707320348
    ],
    [
      "DEB-80956441",
      -9.716473441226384,
      -31.63848144050091,
      577.8069987886574
    ],
    [
      "DEB-3C73ECB4",
      52.2756235544558,
      -1.2607465877078858,
      449.2908167785554
    ],
    [
      "DEB-2AB47DFA",
      -2.7066387022103333,
      139.53613173848493,
      124.14971429804154
    ],
    [
      "DEB-12EDA365",
      -45.81819564405191,
      -38.85081882009798,
      766.3776681054933
    ],
    [
      "DEB-1635CAA8",
      -27.912873075787395,
      -65.14321845256882,
      334.32031917118275
    ],
    [
      "DEB-83243FBD",
      5.336812204064862,
      90.23295632146765,
      714.8884880967807
    ],
    [
      "DEB-F0546E99",
      24.757965232507562,
      171.7454675277278,
      155.91149287875942
    ],
    [
      "DEB-359E7342",
      41.760566001553954,
      107.46055116631943,
      303.07360402981703
    ],
    [
      "DEB-9884D34F",
      3.8547147268312463,
      17.625738678393986,
      524.4638101513265
    ],
    [
      "DEB-936C8AC1",
      -4.476564813864979,
      161.28589968046123,
      197.19816261408414
    ],
    [
      "DEB-54F73CB1",
      -18.992304732147993,
      71.10779829773254,
      719.380923899349
    ],
    [
      "DEB-8666E004",
      8.724125715278607,
      95.24695742700439,
      608.7799351861931
    ],
    [
      "DEB-9F43DEDB",
      3.049492127418874,
      157.70013339261334,
      745.6095501520867
    ],
    [
      "DEB-7D1691BE",
      -46.682078814146706,
      129.85243495992856,
      300.81852175330823
    ],
    [
      "DEB-367E4B96",
      69.27359215477465,
      103.61840884189311,
      447.67643769619553
    ],
    [
      "DEB-D0F1FB15",
      32.53150421013805,
      82.36072431164393,
      174.0778353317255
    ],
    [
      "DEB-49028DB9",
      28.747847165616264,
      -54.20908419113203,
      524.9072617502297
    ],
    [
      "DEB-B6838929",
      -13.767405746535838,
      -90.22642185854674,
      600.463633559234
    ],
    [
      "DEB-219F7B46",
      30.918703538790908,
      -72.32554438387524,
      718.9505678000414
    ],
    [
      "DEB-A2BE74C7",
      -16.151435071910324,
      137.18765808920816,
      369.02768069107697
    ],
    [
      "DEB-B82647BE",
      -46.92634227781418,
      -69.8194420688887,
      839.5204550823746
    ],
    [
      "DEB-96EE04B3",
      -10.0474666008565,
      167.92558133131845,
      456.76696631441337
    ],
    [
      "DEB-5747EEE4",
      -37.25863507451319,
      -119.57944482045704,
      445.62020836658576
    ],
    [
      "DEB-51F7C9BD",
      42.572641173350846,
      44.722221686850915,
      369.45694441402156
    ],
    [
      "DEB-B124BA2C",
      59.063160865283585,
      -80.91856532153835,
      205.65468870243512
    ],
    [
      "DEB-FA9BBB3B",
      50.45086285821994,
      21.809584842674077,
      332.22973129959973
    ],
    [
      "DEB-8B8AB441",
      41.1559912418095,
      170.37044649221886,
      417.69993117578633
    ],
    [
      "DEB-CF8243DD",
      -71.93222141233689,
      149.8573512262627,
      826.3335216944861
    ],
    [
      "DEB-86D81F51",
      -10.594906386850765,
      66.02523937852105,
      881.8801908650967
    ],
    [
      "DEB-FB963922",
      4.390300964893843,
      -22.617713114959177,
      140.23570618602207
    ],
    [
      "DEB-41B905E2",
      -84.91689407081738,
      146.67525371538528,
      537.078170265002
    ],
    [
      "DEB-207CCD5F",
      18.137461873452516,
      173.79017011935403,
      357.16424937214015
    ],
    [
      "DEB-55B266F4",
      31.064100629019507,
      -23.812045884992063,
      306.46471505692443
    ],
    [
      "DEB-E49AC79F",
      -44.746026319013104,
      -24.220006139274485,
      438.5211360387866
    ],
    [
      "DEB-E787EA39",
      10.294056861812344,
      -114.62728155367626,
      492.6247869621757
    ],
    [
      "DEB-25E2A697",
      76.47692210588164,
      -66.6732065281442,
      713.752115712894
    ],
    [
      "DEB-EB279DEE",
      -9.375437984178712,
      -73.43754242627487,
      623.287289565561
    ],
    [
      "DEB-E7E92EFC",
      23.0962852699651,
      -49.0146100322714,
      135.92880792653887
    ],
    [
      "DEB-9CD6711A",
      -24.51367266716844,
      6.689771163085319,
      408.41558309782886
    ],
    [
      "DEB-4F5F83C8",
      -38.52568205270015,
      -60.113591120153025,
      625.7879105843012
    ],
    [
      "DEB-4A4403D9",
      31.95352339326618,
      8.64722387402568,
      915.2179479652114
    ],
    [
      "DEB-7C969A5A",
      6.5798396517807625,
      159.25428199905537,
      366.66390920219146
    ],
    [
      "DEB-F34A98DC",
      25.841502025326555,
      28.646570345759464,
      413.09813146128
    ],
    [
      "DEB-0DA394F2",
      43.149738604724206,
      -43.868727464264666,
      903.6730052462217
    ],
    [
      "DEB-A3171FB0",
      -3.707633445711248,
      -155.13599179924284,
      774.1785215835926
    ],
    [
      "DEB-4514AF9E",
      -37.42169604902731,
      62.1417861001104,
      882.9466474423589
    ],
    [
      "DEB-D35CBA77",
      10.48780852585827,
      77.5304567319809,
      637.046821116649
    ],
    [
      "DEB-B51E0BA5",
      69.42214882721872,
      -81.87628855337006,
      131.03958979377148
    ],
    [
      "DEB-E5A649EB",
      32.10098613216357,
      -87.44914151009583,
      564.9362016687155
    ],
    [
      "DEB-98FEF931",
      -68.18447748698968,
      -121.0264642487416,
      636.8728615509572
    ],
    [
      "DEB-E1DFBF0B",
      -13.511223166281697,
      131.7468680185256,
      926.3935286685819
    ],
    [
      "DEB-A8FC89D9",
      -30.835846883373065,
      169.05684069115316,
      638.9891065259217
    ],
    [
      "DEB-33BD00E1",
      -9.061095675954784,
      -109.44721674992584,
      710.0760598550951
    ],
    [
      "DEB-774CD186",
      -12.872886957330218,
      -18.254793461428147,
      915.1549743599644
    ],
    [
      "DEB-6FDC5146",
      -31.880142794354462,
      89.07479238199275,
      353.124716852406
    ],
    [
      "DEB-B832378B",
      -30.922827507867122,
      134.81599953263068,
      653.2960056117718
    ],
    [
      "DEB-012DE493",
      2.7604694915612216,
      34.52003309284921,
      507.19024885364524
    ],
    [
      "DEB-2B0FCC7B",
      -25.93073008906801,
      92.27842109953087,
      804.5378037433584
    ],
    [
      "DEB-2B67BF4F",
      45.92309017625774,
      -26.297503961624784,
      143.88496753462368
    ],
    [
      "DEB-018B3368",
      -74.04379366101523,
      22.51097404380326,
      207.80957034796666
    ],
    [
      "DEB-8A158378",
      -22.686124216042405,
      65.70483589523027,
      393.56241616742955
    ],
    [
      "DEB-DB87774B",
      7.513892175408102,
      106.30969742144022,
      234.5442181645367
    ],
    [
      "DEB-B25F3A04",
      -17.330355739840726,
      128.46983303201256,
      588.1398523888147
    ],
    [
      "DEB-544D3791",
      48.07971834635987,
      116.17095692365409,
      309.00259493441445
    ],
    [
      "DEB-87BCDFD0",
      34.0810671051864,
      -135.71585720885466,
      579.8796395633826
    ],
    [
      "DEB-757BA584",
      -38.98713272238036,
      34.24240695712093,
      311.2658520779869
    ],
    [
      "DEB-A2458747",
      -19.609442093557355,
      160.02004156533013,
      669.5431247362558
    ],
    [
      "DEB-6ED09F83",
      -15.023571960202526,
      71.0657355251755,
      307.2169639423664
    ],
    [
      "DEB-D56D0033",
      -5.199802259040566,
      151.07858336071214,
      870.9021998175094
    ],
    [
      "DEB-2C545E15",
      1.4941053113010139,
      134.47273614755056,
      252.96323299678716
    ],
    [
      "DEB-BC70B4A1",
      8.126222791006944,
      49.80722336674269,
      684.9399454424092
    ],
    [
      "DEB-74A6E24C",
      14.831398507059959,
      -123.4439069287624,
      689.2147983325731
    ],
    [
      "DEB-17B70243",
      72.329257935715,
      139.7094537308591,
      162.9810220874815
    ],
    [
      "DEB-5C6A0183",
      65.74953976834658,
      -156.59117779884392,
      345.056535003906
    ],
    [
      "DEB-8EB2E06F",
      40.00529420790486,
      100.24109889305367,
      730.7703918317184
    ],
    [
      "DEB-D3D3D256",
      -21.939864163949128,
      -163.02649381786995,
      540.959699695255
    ],
    [
      "DEB-B09AAFC2",
      -64.60275860097508,
      -52.37760906561043,
      551.3304498521775
    ],
    [
      "DEB-BC558AFE",
      -11.907977915236204,
      -96.83666680635149,
      622.469284292607
    ],
    [
      "DEB-1E802E6F",
      -53.38571474028403,
      143.8232814106323,
      437.0089694209055
    ],
    [
      "DEB-7A590E48",
      -18.03966187089928,
      51.011854536311915,
      429.6681494325112
    ],
    [
      "DEB-1BAC66AF",
      11.47585410313619,
      56.14443767168292,
      765.0195900641347
    ],
    [
      "DEB-E507D025",
      -50.758891257028516,
      -111.37291518823562,
      559.245036949209
    ],
    [
      "DEB-97A1E007",
      0.08514422073761699,
      -110.9400192445346,
      878.237753973066
    ],
    [
      "DEB-C8FD5A0D",
      -71.23176923836701,
      -37.58730226323075,
      663.2683760885839
    ],
    [
      "DEB-65D1C5D2",
      -33.849762137681296,
      85.75930807430821,
      520.3378780815592
    ],
    [
      "DEB-C8305788",
      -43.390076396193926,
      -68.87630193563949,
      672.2833763411118
    ],
    [
      "DEB-20259341",
      5.274199966603494,
      -157.0376001062672,
      616.185150800974
    ],
    [
      "DEB-23E37193",
      -67.23515431010969,
      -0.9596380049250833,
      438.0994972873186
    ],
    [
      "DEB-FCDFCAC9",
      69.1691996866433,
      -66.42369246217287,
      831.1278307600314
    ],
    [
      "DEB-EE6FF788",
      36.95965076672429,
      -106.82903509810652,
      310.7318287366479
    ],
    [
      "DEB-467440E9",
      -28.704378647441978,
      -168.25306862914556,
      206.67886192355581
    ],
    [
      "DEB-8382CCB7",
      48.24056925819816,
      -17.09351174016862,
      157.56982805765347
    ],
    [
      "DEB-0796CFA7",
      -0.6549526378013995,
      -9.760049385595302,
      404.45965657516444
    ],
    [
      "DEB-38C9ECFB",
      -58.89328589577947,
      18.080032440829296,
      145.90873422861205
    ],
    [
      "DEB-EAD3E458",
      -16.384635289294195,
      52.857790147133485,
      526.7026560300455
    ],
    [
      "DEB-39FC4693",
      -16.1369553305922,
      -94.80598782800593,
      489.67787303091063
    ],
    [
      "DEB-4A799FB9",
      0.27644992191235807,
      -123.23310019955117,
      247.11827071802873
    ],
    [
      "DEB-23B6C024",
      -43.71128398346025,
      -62.36984780102067,
      840.7397781364562
    ],
    [
      "DEB-D779247F",
      74.2285965610833,
      52.11522315932404,
      482.3507425708103
    ],
    [
      "DEB-18713743",
      48.52956454845518,
      41.97546302574401,
      527.9792614728958
    ],
    [
      "DEB-FDFFCDF3",
      -54.45786790852187,
      -88.31468480625993,
      882.8285165737125
    ],
    [
      "DEB-1E3DE868",
      60.09577564089056,
      -135.77083724809128,
      622.8289135913856
    ],
    [
      "DEB-3B4B4A6D",
      53.29346748083247,
      -122.44175430120933,
      575.6770539664576
    ],
    [
      "DEB-D4A93AF9",
      -38.79503842855635,
      -66.46205528264093,
      355.6571469957007
    ],
    [
      "DEB-D8186746",
      -35.702635603090656,
      -61.03085019041061,
      737.5909387258916
    ],
    [
      "DEB-9E7CC705",
      53.70621239243212,
      91.46299009105553,
      800.0580919518961
    ],
    [
      "DEB-404BD021",
      -5.844114290092853,
      -93.58198716727667,
      534.1885146067789
    ],
    [
      "DEB-3A293D5F",
      22.619360754897507,
      113.62911611883251,
      311.3176418223784
    ],
    [
      "DEB-EDBA7020",
      -43.17248461344327,
      -121.12254800095404,
      202.78229974845362
    ],
    [
      "DEB-9C1A483B",
      11.631831304208124,
      -168.58707913863637,
      419.86550917738714
    ],
    [
      "DEB-A33EB49B",
      -21.014590404853987,
      -39.37622140890551,
      700.142286439992
    ],
    [
      "DEB-463CE6DA",
      -30.853144662439878,
      -89.84743405891548,
      130.49905200965895
    ],
    [
      "DEB-7FA57585",
      41.85499699741734,
      -172.87146585453664,
      304.59189304789834
    ],
    [
      "DEB-CBEF79C8",
      -40.77290351943361,
      -25.552502312235433,
      861.3685315451376
    ],
    [
      "DEB-29894829",
      -41.9808368440546,
      56.22264515288907,
      187.7965639263839
    ],
    [
      "DEB-054545A5",
      -35.53599288888125,
      -125.65860478490423,
      524.597915181087
    ],
    [
      "DEB-B06A3A72",
      -67.73545963389363,
      -68.59576404474976,
      639.1861082293126
    ],
    [
      "DEB-41B8201E",
      -5.890794289153576,
      6.281332729506806,
      621.6578172944764
    ],
    [
      "DEB-23CA84C4",
      -21.85566805349186,
      123.7947558463363,
      728.9524390923461
    ],
    [
      "DEB-F7DA7C1D",
      24.95552671540694,
      118.86382031155787,
      798.5487390805547
    ],
    [
      "DEB-C0EC40B1",
      47.73649723347088,
      100.14734027641138,
      487.05532252842295
    ],
    [
      "DEB-E606DAC0",
      31.171337844629058,
      -35.52888598314577,
      559.5349845693272
    ],
    [
      "DEB-FC9A1C18",
      65.90896846287524,
      137.28792049984656,
      671.2767990200418
    ],
    [
      "DEB-7C8A9305",
      52.25679282688869,
      -50.312922409487676,
      633.7361929081253
    ],
    [
      "DEB-CF4B46DE",
      29.281470386471906,
      114.36652128918233,
      565.5185547742267
    ],
    [
      "DEB-1E607919",
      34.8512262525226,
      -110.4485709063028,
      176.90266045316912
    ],
    [
      "DEB-44132CDD",
      -51.83521331145336,
      158.33548686865862,
      377.09703782769975
    ],
    [
      "DEB-8759B5A8",
      -61.18312670077897,
      -100.48017526899983,
      570.4498622668807
    ],
    [
      "DEB-255BF5CD",
      35.82463464593048,
      -163.38667293877447,
      801.4871246749435
    ],
    [
      "DEB-C06D7845",
      -66.2150478899163,
      -48.774336620139685,
      783.5629013635271
    ],
    [
      "DEB-70C76543",
      -34.37322665004955,
      132.39333872203756,
      770.7804283410487
    ],
    [
      "DEB-0DE30543",
      32.526446068763875,
      -167.71417441331474,
      281.13737688257424
    ],
    [
      "DEB-90B590CA",
      -55.6397334498303,
      175.6341030849166,
      256.869536093438
    ],
    [
      "DEB-DC54DC53",
      21.454854470989595,
      147.3407533831812,
      918.1818765735788
    ],
    [
      "DEB-3AEE98E5",
      58.69820555890955,
      174.7466426494093,
      726.9498860044196
    ],
    [
      "DEB-C920EB36",
      27.543119829555334,
      -61.80502631260545,
      740.89816179633
    ],
    [
      "DEB-2E776307",
      7.869658353339346,
      90.42933818542502,
      669.3103610761336
    ],
    [
      "DEB-5EA4C2C8",
      26.806984540666125,
      173.16299616672026,
      785.5235264520052
    ],
    [
      "DEB-9C3FBD49",
      -52.076060359918024,
      -18.122751587632816,
      211.0265671191255
    ],
    [
      "DEB-D17B7ABF",
      -75.08636839399884,
      -91.08579178332029,
      176.3114120243381
    ],
    [
      "DEB-5EE9F8AB",
      -14.272984279172597,
      -74.37680387281308,
      338.9195284811576
    ],
    [
      "DEB-F4DBCBDE",
      1.103976248531867,
      115.56098317180103,
      616.7098486401101
    ],
    [
      "DEB-0F2A1BDA",
      -27.768393529616013,
      -58.22034289283384,
      505.7662618668437
    ],
    [
      "DEB-BED38880",
      -14.644867848294508,
      31.221250830316627,
      132.66398480875887
    ],
    [
      "DEB-D9192858",
      -77.24184234578628,
      -82.42096163063395,
      191.54897024304228
    ],
    [
      "DEB-6252F2C6",
      15.246800766364029,
      146.01822090734635,
      531.9291930574991
    ],
    [
      "DEB-7BB20339",
      -0.5835901406187971,
      -172.86978695284168,
      303.14815582515985
    ],
    [
      "DEB-63170732",
      23.43645901053473,
      8.89134342278302,
      608.2699643987053
    ],
    [
      "DEB-38E15F72",
      -7.973653055161443,
      87.35218656086633,
      497.68633416843295
    ],
    [
      "DEB-F5BDB219",
      -9.185734862970984,
      -62.56652426416623,
      194.5856455614603
    ],
    [
      "DEB-4EAC9C05",
      -57.69655326072313,
      -176.48039014790538,
      141.0208123115017
    ],
    [
      "DEB-85374728",
      39.28100324317636,
      156.9611476467304,
      320.9039255345451
    ],
    [
      "DEB-61F3FACA",
      23.18909914430578,
      -43.294891080610384,
      777.202214276901
    ],
    [
      "DEB-EB55009C",
      -11.151595682049017,
      4.0324462556272,
      555.945835761524
    ],
    [
      "DEB-280D41BA",
      -20.26647624991604,
      -133.98051070255207,
      759.2489667641903
    ],
    [
      "DEB-1246957C",
      -69.28507483658848,
      -155.607493095925,
      544.6722842452318
    ],
    [
      "DEB-B653A681",
      -21.117698855947435,
      -42.54720892873256,
      658.26793952355
    ],
    [
      "DEB-2A67FC9B",
      -75.58053769185396,
      89.48898078423072,
      485.73581969130373
    ],
    [
      "DEB-7B4CB88A",
      33.16778252384711,
      57.11124079163058,
      634.4649446522244
    ],
    [
      "DEB-D174C613",
      -15.372658490755319,
      24.399772475616665,
      279.60703392536107
    ],
    [
      "DEB-FDBC3D97",
      -13.734455372437397,
      -43.190424839278464,
      516.5664565218576
    ],
    [
      "DEB-3975EB89",
      -62.82633757039856,
      -103.06033288395184,
      180.46692020037244
    ],
    [
      "DEB-3FB0BB55",
      46.311518654164765,
      -157.4252922412466,
      266.9396520451901
    ],
    [
      "DEB-88300658",
      -5.153647065559176,
      86.35959791767003,
      695.7437625033381
    ],
    [
      "DEB-4DB13573",
      20.34496261285818,
      -137.40521634105548,
      622.4623903664005
    ],
    [
      "DEB-7439F236",
      4.657399222289631,
      -131.5275309242956,
      511.5782016491139
    ],
    [
      "DEB-AB123BBC",
      -24.91114795625945,
      -23.683463073084514,
      859.574070001493
    ],
    [
      "DEB-63456566",
      48.69691594973705,
      -87.11269653555046,
      824.4792558317031
    ],
    [
      "DEB-BBD3C952",
      -12.210575830500066,
      -178.23755320030946,
      218.6097467127256
    ],
    [
      "DEB-8AF6BD88",
      -9.033522626384272,
      164.05795135743705,
      515.2623229286
    ],
    [
      "DEB-A7F1CC54",
      50.37929365404842,
      -98.57475359932764,
      164.22310063229997
    ],
    [
      "DEB-4E48AE73",
      -28.68466979741655,
      -100.48996929278141,
      279.31006151582915
    ],
    [
      "DEB-CD2E7FEA",
      -23.594863590004493,
      -159.17485517903856,
      508.75728984170564
    ],
    [
      "DEB-109D9441",
      18.98119051203911,
      7.478489707048007,
      672.6734242949397
    ],
    [
      "DEB-4A2F637D",
      -9.324248624256326,
      -83.38041532867021,
      858.1522850183328
    ],
    [
      "DEB-3F29141C",
      -14.831111370907003,
      -151.58795935186927,
      559.3611141747333
    ],
    [
      "DEB-99F91C88",
      0.7271558464472118,
      -21.994635325157105,
      368.553498840507
    ],
    [
      "DEB-113A978D",
      5.838584779102856,
      73.01284695360307,
      521.3679239859475
    ],
    [
      "DEB-35F6E9F9",
      20.019915010723604,
      138.02284479543462,
      547.8929071755329
    ],
    [
      "DEB-53169283",
      -25.58648938936048,
      122.2473276078884,
      805.082854563414
    ],
    [
      "DEB-09FBFB59",
      65.42973458530658,
      178.2301145944431,
      492.6404610992322
    ],
    [
      "DEB-2C5B7F88",
      -36.67298314488861,
      -173.243677859249,
      339.815665223593
    ],
    [
      "DEB-5A557594",
      -40.68393686299342,
      134.08392444026802,
      712.5573055265113
    ],
    [
      "DEB-0B26DE2F",
      -19.212304140316416,
      -70.7009846357334,
      121.10682984634241
    ],
    [
      "DEB-A3AB944E",
      -26.66529916190135,
      -172.1476342755328,
      677.0169716461105
    ],
    [
      "DEB-8E6AE0FB",
      32.29072231976253,
      48.28277969324985,
      800.7739695737637
    ],
    [
      "DEB-D4043E6F",
      7.089817344008667,
      -49.41601077883767,
      270.85135295285636
    ],
    [
      "DEB-59D3A830",
      37.73676102573925,
      -119.84178355735544,
      706.3931531553271
    ],
    [
      "DEB-44FBF2F7",
      -2.1583870442980597,
      21.26395456242065,
      853.6584304203689
    ],
    [
      "DEB-6B29FA4C",
      -78.86547666490269,
      -64.88413833661828,
      226.57825813443287
    ],
    [
      "DEB-C99D7142",
      -35.642344860213534,
      -51.663991019898255,
      870.7251192072772
    ],
    [
      "DEB-48706821",
      34.67326925873073,
      -38.699950030321546,
      862.8524449063452
    ],
    [
      "DEB-E593D63C",
      45.3360736593935,
      114.90335533497479,
      341.76720616051534
    ],
    [
      "DEB-179AE107",
      -47.61856856509173,
      152.2838147018516,
      893.9118781627976
    ],
    [
      "DEB-14FBF208",
      -42.956176817204906,
      -176.54149868056297,
      669.2905396606257
    ],
    [
      "DEB-EFA9B7E0",
      -70.47395343702738,
      175.3036524613334,
      391.49205592992257
    ],
    [
      "DEB-CED9A995",
      52.49335782688613,
      -93.82623672941799,
      187.39173992787528
    ],
    [
      "DEB-614417E5",
      11.767139792108969,
      -97.66200529834077,
      713.205375894313
    ],
    [
      "DEB-0F23A252",
      -1.3088387218514992,
      -70.35070424182908,
      528.1470086720037
    ],
    [
      "DEB-99B1B003",
      -69.4743994606922,
      -35.09244661739352,
      732.3148052856941
    ],
    [
      "DEB-80BBFA19",
      21.53439146167666,
      -161.66063334866016,
      222.9103711616999
    ],
    [
      "DEB-7A5DBF8B",
      -9.781575505947831,
      -174.03024902157267,
      714.1519986181665
    ],
    [
      "DEB-32E0CEF6",
      -41.974546283061905,
      65.54495196984291,
      498.6398189464462
    ],
    [
      "DEB-D7C3F1BE",
      -18.472565748072167,
      -37.909172200256464,
      178.18023482919125
    ],
    [
      "DEB-CD491407",
      45.44143351297983,
      -102.79025443620668,
      612.7192966946641
    ],
    [
      "DEB-3236F968",
      66.0112993273499,
      -142.72497656329392,
      237.45432259856534
    ],
    [
      "DEB-99960196",
      -4.6600502191445425,
      45.1515177253362,
      387.3302495030639
    ],
    [
      "DEB-75DE67A4",
      -2.617354369181305,
      7.2832925814384515,
      160.19948602852583
    ],
    [
      "DEB-0CA12F79",
      -5.419818222419127,
      -35.89285269256207,
      746.810418303412
    ],
    [
      "DEB-A81C61B2",
      26.86936257815788,
      117.64215456350333,
      907.6670705296647
    ],
    [
      "DEB-094CA563",
      24.92209481381083,
      84.59838175388647,
      341.89371692100576
    ],
    [
      "DEB-67160663",
      25.942432107964404,
      -75.40507532117597,
      239.25157901511284
    ],
    [
      "DEB-4FB39EDB",
      -43.48979897102901,
      -71.51722639240708,
      873.0165406330052
    ],
    [
      "DEB-3C43FC8C",
      -36.116487142902685,
      86.68018998201775,
      788.1912066132527
    ],
    [
      "DEB-25F9B848",
      5.784097355266561,
      -113.20189731932804,
      796.7790327270195
    ],
    [
      "DEB-022BF230",
      36.965448323269584,
      29.701910224915302,
      324.4042709271562
    ],
    [
      "DEB-7744392B",
      -24.46114362138488,
      42.47945290433075,
      514.7928667888582
    ],
    [
      "DEB-F2387725",
      9.672138961263816,
      79.44841261579722,
      687.0495577302945
    ],
    [
      "DEB-96EE8FA8",
      -28.28190952252805,
      -88.45006343592281,
      578.2720313556838
    ],
    [
      "DEB-21D3F3F7",
      30.384398794433647,
      -115.67196024084366,
      862.4154445466866
    ],
    [
      "DEB-A1591445",
      75.52973621052398,
      -95.18102588043145,
      726.696537094951
    ],
    [
      "DEB-FA32D877",
      59.81839160865577,
      -105.20880124699022,
      604.1555891036369
    ],
    [
      "DEB-CA680615",
      -47.558755771016294,
      68.19528761259022,
      186.46795000745078
    ],
    [
      "DEB-425CFD01",
      -23.960099862339614,
      -97.53760408832584,
      405.4663356985975
    ],
    [
      "DEB-73E009D7",
      -43.257350491511,
      -160.93990276903938,
      220.71093580796423
    ],
    [
      "DEB-9BFF72BC",
      -71.41506806833198,
      103.2547120676296,
      370.0452908633788
    ],
    [
      "DEB-477B533D",
      -24.232595477403454,
      -70.71435732617735,
      127.23034166507296
    ],
    [
      "DEB-418E9353",
      76.78754783121383,
      -57.66862643029406,
      650.7495958786058
    ],
    [
      "DEB-B2D3611B",
      17.123695685776664,
      -163.16192527495377,
      479.56605164568555
    ],
    [
      "DEB-21A667E0",
      7.350065042288986,
      -101.73534926432954,
      555.3120190172276
    ],
    [
      "DEB-FD65074B",
      -16.471161594852013,
      -0.13865071734098716,
      828.5819649158066
    ],
    [
      "DEB-0FA761EE",
      -36.61688443163022,
      -71.92874222868379,
      226.69242111370295
    ],
    [
      "DEB-0CF76592",
      -15.506883042709104,
      74.89919971831864,
      595.7649005513849
    ],
    [
      "DEB-66A099B8",
      14.856375031540244,
      73.21024511908553,
      723.7911049617951
    ],
    [
      "DEB-76566ADE",
      8.76694720811989,
      -92.35071730602999,
      575.3181981451071
    ],
    [
      "DEB-CE85BF15",
      42.492630698089926,
      -117.56646501059306,
      221.55335077457585
    ],
    [
      "DEB-23CAA643",
      -7.623674553815574,
      15.477006609277701,
      145.79739528244863
    ],
    [
      "DEB-D66916EF",
      -72.22349397316471,
      -73.22707621666376,
      750.4749664656383
    ],
    [
      "DEB-E540367D",
      -13.231967807456282,
      -176.97985197717713,
      484.753367555184
    ],
    [
      "DEB-296F0DA4",
      -17.300225510168012,
      -148.0354577834313,
      384.40912134512655
    ],
    [
      "DEB-5C73022F",
      29.680697982872527,
      -106.97459276319648,
      560.8707095658183
    ],
    [
      "DEB-87B067D7",
      -11.16254152404228,
      53.066367566979416,
      304.9074326668497
    ],
    [
      "DEB-A02BAB4B",
      60.324818367655745,
      -70.43555599720834,
      849.1430762067303
    ],
    [
      "DEB-DCC7A176",
      -12.31693943943119,
      94.89816547854467,
      593.9417290600977
    ],
    [
      "DEB-1BDAB482",
      -14.092163130223058,
      -7.822860521061899,
      487.5414469661955
    ],
    [
      "DEB-CEFFA6D3",
      -7.533954843930215,
      10.248951867134046,
      893.1736783722336
    ],
    [
      "DEB-B6796D0C",
      -17.068969191598317,
      -40.054713991903824,
      364.2135916001962
    ],
    [
      "DEB-A8E34A82",
      3.1585723942923276,
      -125.0919486461639,
      179.362585072804
    ],
    [
      "DEB-59500138",
      -33.241213425958804,
      -92.39021437442146,
      438.27096865489966
    ],
    [
      "DEB-1BE3ADCF",
      56.83134820155776,
      -133.95092436685013,
      732.9171668743402
    ],
    [
      "DEB-EA13D8FD",
      10.05123054493375,
      -53.29808843508271,
      544.2061773903424
    ],
    [
      "DEB-A020A8F1",
      -30.69493964934771,
      148.0864223272265,
      909.4289658289508
    ],
    [
      "DEB-25C3EC2B",
      37.93208670761344,
      -127.067051285088,
      877.1018038301854
    ],
    [
      "DEB-A75532AB",
      19.478704496029312,
      52.253521742216286,
      511.6215698173273
    ],
    [
      "DEB-FBA4684E",
      0.015832544179089345,
      -98.40115609297385,
      770.8688865683862
    ],
    [
      "DEB-E5C99A3F",
      -38.92896193338737,
      62.605527724053815,
      442.8589063687077
    ],
    [
      "DEB-AF5A5C4A",
      -11.385915060888472,
      43.68952684067542,
      463.17679367401524
    ],
    [
      "DEB-2D2DC575",
      49.94802785922595,
      -156.05323037126342,
      716.5234425512645
    ],
    [
      "DEB-78E6CD76",
      -35.10073013946987,
      123.64108745139525,
      594.1275040352193
    ],
    [
      "DEB-12A79AC6",
      11.0894902931178,
      33.307753952720745,
      261.33633896222364
    ],
    [
      "DEB-9B5D83DF",
      0.6252484781835297,
      18.95049313674783,
      689.0121704465837
    ],
    [
      "DEB-7306C5EB",
      61.71221985006381,
      33.45562000421889,
      765.4329267249477
    ],
    [
      "DEB-B6563103",
      56.3652607120635,
      87.78978646316264,
      255.89196561839435
    ],
    [
      "DEB-C3714D9A",
      43.70922711478867,
      103.1529859088249,
      136.93115435886284
    ],
    [
      "DEB-1DA38F27",
      50.69330977885757,
      121.485807592409,
      535.0363953750348
    ],
    [
      "DEB-C83635D7",
      43.66695159343185,
      -20.52484831938104,
      198.7109932653011
    ],
    [
      "DEB-8181869D",
      -3.6390313589923715,
      39.191495327057886,
      481.61914884627095
    ],
    [
      "DEB-FC45875C",
      -61.51273532086859,
      -179.78717089687711,
      210.7388738409818
    ],
    [
      "DEB-71495130",
      19.695472407677464,
      170.70549282896914,
      475.49265245016704
    ],
    [
      "DEB-B1B82D8D",
      58.807353517753256,
      -6.7110008591990615,
      562.8889720498146
    ],
    [
      "DEB-348A9FC2",
      1.3876968328153756,
      162.36690930372603,
      767.1664464918613
    ],
    [
      "DEB-10259261",
      17.97703836768516,
      -14.329697506404958,
      375.4359364380907
    ],
    [
      "DEB-F94155A0",
      48.8678359707227,
      -24.683735935429407,
      676.8947725676853
    ],
    [
      "DEB-250A9327",
      23.89099147098986,
      -117.82924291046841,
      205.55830046747178
    ],
    [
      "DEB-6F468F2D",
      -23.711354432405088,
      -21.101574793696297,
      406.8334223089432
    ],
    [
      "DEB-5DEA8F9D",
      -57.90787138472065,
      -107.53950768495764,
      655.4880691643712
    ],
    [
      "DEB-4681839F",
      42.66704706706238,
      -129.8666744475518,
      381.1428334243428
    ],
    [
      "DEB-21524B3A",
      9.945485353951959,
      -46.113646592364375,
      574.2086778700068
    ],
    [
      "DEB-AA2DC5B9",
      -66.40134984267684,
      -24.218099959137675,
      834.0174600256751
    ],
    [
      "DEB-9570DFEE",
      47.12381260414502,
      56.755655093515394,
      197.79084466742825
    ],
    [
      "DEB-2122A282",
      20.21417985354361,
      122.16649430798822,
      925.1502905179341
    ],
    [
      "DEB-08906A32",
      23.55895830659518,
      -20.11233533176196,
      391.4670740038182
    ],
    [
      "DEB-B539F85D",
      46.93931111463903,
      -99.05934450192245,
      827.2542128045079
    ],
    [
      "DEB-9FF74BF3",
      -15.585779919447448,
      178.5466899807068,
      413.8287500627466
    ],
    [
      "DEB-DBE8D7E7",
      15.829810680836209,
      -95.02215298317492,
      800.0939385991987
    ],
    [
      "DEB-9719553E",
      -4.245656679178839,
      -73.28191428684455,
      329.23011054373274
    ],
    [
      "DEB-01FA77E9",
      42.209595312173775,
      -158.78051575370975,
      495.49405203953575
    ],
    [
      "DEB-A608BE9E",
      -3.7100553076704896,
      -34.411713799662024,
      899.5977705212445
    ],
    [
      "DEB-336C3024",
      25.068552320187724,
      -89.91313210503745,
      810.2991016475198
    ],
    [
      "DEB-A3A0E312",
      53.79429056938436,
      -136.66578243804764,
      286.13289773880297
    ],
    [
      "DEB-25553EAB",
      15.663673672873841,
      -80.82704908382458,
      888.5560004913077
    ],
    [
      "DEB-4D7514D6",
      13.345961519415155,
      -142.6179320058591,
      550.5534612738275
    ],
    [
      "DEB-AA823840",
      21.006473947602696,
      -149.03877422409923,
      488.83515227976113
    ],
    [
      "DEB-97286366",
      49.948407131520916,
      -107.7168139273032,
      500.6599679357996
    ],
    [
      "DEB-E1AF46F1",
      -21.225141590651706,
      41.18457698989985,
      246.04032792616363
    ],
    [
      "DEB-DC21BECA",
      -12.018558505427256,
      -55.655754412015156,
      821.6703226565442
    ],
    [
      "DEB-90C2C476",
      -53.536280896725785,
      -179.68525660782677,
      237.41349822483699
    ],
    [
      "DEB-93B5FB83",
      -6.327679777261712,
      -95.11899356032592,
      125.30526610987181
    ],
    [
      "DEB-4F61F786",
      45.134413495209394,
      -124.1987675968251,
      431.02137034132375
    ],
    [
      "DEB-7E1C1582",
      -41.80986417495351,
      14.742220246217649,
      130.44765657087464
    ],
    [
      "DEB-D84F5EEB",
      -32.13142830345155,
      -59.41089518771399,
      397.05794312838043
    ],
    [
      "DEB-AAD42792",
      -4.546411775552964,
      153.0428899077324,
      398.2723154822552
    ],
    [
      "DEB-85E3709E",
      60.97880080877906,
      -78.49643173486425,
      846.227565065652
    ],
    [
      "DEB-115DD68F",
      -37.959818695116674,
      136.44791572350744,
      167.65933908906482
    ],
    [
      "DEB-210EDBC2",
      2.565467727483732,
      35.99434539330783,
      511.09340714814334
    ],
    [
      "DEB-CF640EFF",
      14.1788597042418,
      -78.96713824949167,
      629.7464525106234
    ],
    [
      "DEB-837C4C70",
      53.97700401637236,
      111.52612772106126,
      705.2885880473332
    ],
    [
      "DEB-184264DA",
      -62.52309046980861,
      -20.16321539287654,
      900.6463311664475
    ],
    [
      "DEB-2F26AE38",
      65.7365630342012,
      95.36753662906798,
      619.2945869617733
    ],
    [
      "DEB-24D1C3AF",
      54.79915906077672,
      101.50753367339942,
      558.481762757915
    ],
    [
      "DEB-41699D5C",
      -13.176365810422434,
      127.59873058303121,
      669.1092391456286
    ],
    [
      "DEB-2BC9D314",
      -34.85752796953885,
      -176.61799984419977,
      298.9038696984735
    ],
    [
      "DEB-60F33438",
      38.10883055124315,
      -28.166080937525177,
      237.1356617594265
    ],
    [
      "DEB-E2E820F4",
      70.83438847013842,
      140.15783281511196,
      546.3914958068463
    ],
    [
      "DEB-B72920E8",
      49.460624103901424,
      114.65221305841835,
      554.8246733111155
    ],
    [
      "DEB-5804095A",
      -35.01549471017343,
      40.12352437372237,
      610.8422192859325
    ],
    [
      "DEB-C7203570",
      18.17390996970996,
      -67.16081502847591,
      529.3961777815466
    ],
    [
      "DEB-D933AA36",
      6.070806991581661,
      55.38018922732594,
      806.0649201832493
    ],
    [
      "DEB-F0AF112C",
      -69.97499933995103,
      150.34193919638662,
      436.0523043089961
    ],
    [
      "DEB-0ACEA637",
      1.0641256224106608,
      112.37480306741969,
      769.4640645282834
    ],
    [
      "DEB-D70DF9F7",
      67.32317065050941,
      152.24250881481433,
      693.8395287400826
    ],
    [
      "DEB-22B320E9",
      -50.40916080003494,
      -115.45051943702336,
      618.1426294929342
    ],
    [
      "DEB-CC20666D",
      -24.93370454438479,
      -154.22680429026005,
      277.74214497836874
    ],
    [
      "DEB-4E6401BB",
      -42.33254693917545,
      119.09561920529508,
      746.9549403545489
    ],
    [
      "DEB-50E8FA7A",
      57.50500312930716,
      -159.95902358587315,
      908.0026410562223
    ],
    [
      "DEB-5D954BE0",
      -60.94356925909769,
      -134.6832037126881,
      757.3793088870152
    ],
    [
      "DEB-72950BCD",
      55.19805453711736,
      60.424968160107376,
      392.2699668047426
    ],
    [
      "DEB-FA62DE57",
      53.13536134549328,
      62.24228144850213,
      785.8644153883533
    ],
    [
      "DEB-DB3CA94B",
      6.013185781886873,
      142.15650601562487,
      793.0474770648543
    ],
    [
      "DEB-75841C72",
      -44.96657199736067,
      -69.28529010339363,
      209.8983844019258
    ],
    [
      "DEB-D8AA76CF",
      2.2342917789024686,
      156.86560020335082,
      758.1213063287905
    ],
    [
      "DEB-502F9A13",
      -30.553180620803573,
      -93.30079776210357,
      551.9887943955755
    ],
    [
      "DEB-E8F74E1E",
      -27.910479382091644,
      122.24963614260011,
      278.552763668652
    ],
    [
      "DEB-C1DDA511",
      -21.840956076651963,
      -14.474017067763702,
      200.43449899616826
    ],
    [
      "DEB-47C21733",
      -58.099599485539116,
      28.62243689102026,
      909.4810771943485
    ],
    [
      "DEB-DB74E884",
      15.08526496311631,
      91.48767890643921,
      599.5712591851834
    ],
    [
      "DEB-357AB83C",
      -18.92310823218899,
      -2.6263944212007018,
      437.42328699593054
    ],
    [
      "DEB-6F7FC4E7",
      -52.83611922180179,
      142.7372775460426,
      597.4077697769198
    ],
    [
      "DEB-F7108A5C",
      3.132137794927972,
      -81.03110772130077,
      920.2223753767885
    ],
    [
      "DEB-07636B30",
      21.04566975670196,
      -132.65821095433554,
      720.8963878763216
    ],
    [
      "DEB-3F6421C5",
      -35.065760111072386,
      -99.65152065291191,
      828.2461156806185
    ],
    [
      "DEB-3059603F",
      -14.53794796826728,
      68.00427442666557,
      732.418933856432
    ],
    [
      "DEB-CFFDD6CF",
      18.165706462930242,
      154.71947419716653,
      867.5197885916432
    ],
    [
      "DEB-5B954D6B",
      -1.1422251739959222,
      33.83446352150898,
      233.5772541573815
    ],
    [
      "DEB-67AC66E2",
      41.419062620437764,
      -55.85867727275365,
      166.44939651362256
    ],
    [
      "DEB-D3E0F498",
      -48.75906628854825,
      34.12938955903555,
      581.8161054313359
    ],
    [
      "DEB-CBB68DC9",
      60.59265529278822,
      -165.70503846441753,
      838.5123376575102
    ],
    [
      "DEB-53919CF3",
      -58.02430539183551,
      37.76183551569147,
      830.5686748002754
    ],
    [
      "DEB-5607915D",
      7.691490173279779,
      172.71490085628116,
      167.92713666850705
    ],
    [
      "DEB-1773F10F",
      -82.93741996062928,
      -117.7630017901794,
      708.8839286654311
    ],
    [
      "DEB-3D8F9E9B",
      -21.92293717690287,
      -179.31540876138027,
      134.47981231702852
    ],
    [
      "DEB-E36C92FE",
      24.878186272183587,
      153.68568975213165,
      438.5261602124765
    ],
    [
      "DEB-C6E9FC1F",
      -10.144215855386042,
      -70.92364764497617,
      565.3365672175323
    ],
    [
      "DEB-CC64AC99",
      -13.978483862153853,
      48.189993367884355,
      900.7128417244749
    ],
    [
      "DEB-770DAFE5",
      -0.9303100087612104,
      116.69987695307452,
      419.95544257734855
    ],
    [
      "DEB-76615FE7",
      23.39674151840045,
      -62.90762774399073,
      692.9444928961657
    ],
    [
      "DEB-16BC916B",
      -27.294828620558505,
      -93.09292476585107,
      754.6264436521469
    ],
    [
      "DEB-FFA2DF94",
      27.21876324711728,
      90.44940770967267,
      153.49397910037715
    ],
    [
      "DEB-C66269B9",
      -14.534893457165557,
      -47.938157229912086,
      227.18894217828165
    ],
    [
      "DEB-83BFCB60",
      -82.95667216555131,
      43.18213217184163,
      690.2733709293516
    ],
    [
      "DEB-9C5B2E05",
      -4.413032513004363,
      135.0736154567068,
      348.6409310840254
    ],
    [
      "DEB-58AD91A8",
      41.96978668837333,
      -24.60326996675148,
      708.6563857378014
    ],
    [
      "DEB-FF613692",
      21.41832660921952,
      -37.18759388393552,
      584.0663684006104
    ],
    [
      "DEB-F3A75F78",
      -37.36582859589657,
      -104.90371789756584,
      517.2241746356431
    ],
    [
      "DEB-E9C64D85",
      -54.00172797998475,
      100.21927758847035,
      836.9070702071285
    ],
    [
      "DEB-620CDC74",
      -41.85300470848852,
      -165.9680840740875,
      558.0639977399733
    ],
    [
      "DEB-595FB101",
      -53.112201584377836,
      88.88070981116627,
      409.0001979277804
    ],
    [
      "DEB-189B0094",
      32.405651580335324,
      97.66064012915355,
      482.50159063256615
    ],
    [
      "DEB-8E369104",
      26.196254831538813,
      90.15743535479201,
      342.396989412473
    ],
    [
      "DEB-B1616415",
      -35.34194554719892,
      108.81052820415347,
      514.9824523255747
    ],
    [
      "DEB-400E1F72",
      -38.9585030666672,
      98.34356644400278,
      488.18199837568955
    ],
    [
      "DEB-37F70827",
      -23.351595114455694,
      146.1042800933548,
      778.9060542629413
    ],
    [
      "DEB-10A89A08",
      -50.9400749236077,
      175.59220689204685,
      295.54108717651434
    ],
    [
      "DEB-72A28426",
      54.99769775151904,
      9.439599501595497,
      331.30583127275895
    ],
    [
      "DEB-364BBCE6",
      58.298466466795,
      -44.556812617493115,
      214.72952272617204
    ],
    [
      "DEB-B81F1705",
      -38.85646119601011,
      -62.94351920928941,
      578.5863936923024
    ],
    [
      "DEB-BB0E8193",
      63.933297120417556,
      87.34522517652042,
      234.8759983873515
    ],
    [
      "DEB-1A695596",
      -15.572156000077019,
      118.13511640113454,
      330.2514509815137
    ],
    [
      "DEB-BE1B2791",
      66.41682435765081,
      -87.1184420090087,
      646.795467615244
    ],
    [
      "DEB-0C2808BD",
      -40.94407334767414,
      -144.66872492293766,
      217.07809372934844
    ],
    [
      "DEB-56C7F2DA",
      -59.87308452980448,
      39.15108881328802,
      547.7669927888319
    ],
    [
      "DEB-E32A3069",
      79.54880711327189,
      -113.17276243219251,
      784.2271713940681
    ],
    [
      "DEB-2B45060F",
      13.599663696024635,
      -91.89433787693059,
      656.0409835235714
    ],
    [
      "DEB-479D0F0B",
      -1.1068100136595036,
      -4.106740113042675,
      651.1310866090262
    ],
    [
      "DEB-FC79C4D1",
      13.039979158570892,
      85.52724230299316,
      821.9110434395143
    ],
    [
      "DEB-DC9C0FA9",
      -43.69163333340704,
      162.62604391378224,
      690.7680715626248
    ],
    [
      "DEB-ADC46405",
      4.190793598792861,
      -140.39618278089625,
      344.8310987242485
    ],
    [
      "DEB-F956541E",
      17.22290731515519,
      58.64108812117384,
      541.7107011022254
    ],
    [
      "DEB-C5A0BD1F",
      45.173862488438495,
      -119.74652652020879,
      300.36475182664253
    ],
    [
      "DEB-A375D1B9",
      52.542447761087466,
      -171.8060716386516,
      637.8128439968377
    ],
    [
      "DEB-E8FDB26A",
      -4.5737466097755615,
      170.03480156062236,
      459.273809045917
    ],
    [
      "DEB-98C8F615",
      26.59368548771634,
      22.17107816306622,
      550.7178240501344
    ],
    [
      "DEB-6E49A2D6",
      2.515667086995064,
      42.563585148163206,
      660.5457730920543
    ],
    [
      "DEB-CCB62D79",
      25.529568503592884,
      177.9192825078108,
      273.2193704375086
    ],
    [
      "DEB-78FB421C",
      9.458184793058788,
      56.07721402552185,
      296.1085088140717
    ],
    [
      "DEB-F1215768",
      -29.713857080762203,
      59.633308450274264,
      340.5249082800383
    ],
    [
      "DEB-F1BFCB73",
      -0.06658365793214842,
      -68.92626539156751,
      421.73958784713705
    ],
    [
      "DEB-4187C23D",
      -41.096839225249,
      -118.84353089704827,
      403.6276650784421
    ],
    [
      "DEB-ED8E5576",
      0.10961518665874434,
      -60.15877819718051,
      520.0497442330134
    ],
    [
      "DEB-DA194961",
      -75.7851303905061,
      10.930693561241723,
      142.32137950526248
    ],
    [
      "DEB-7F3AB2BC",
      25.942782744035966,
      -131.42861924035554,
      428.13337117520405
    ],
    [
      "DEB-170D347A",
      -49.416028424728296,
      -103.5208473151326,
      363.42318883203006
    ],
    [
      "DEB-ED256EA4",
      -32.056417352073304,
      82.52933395783445,
      791.8136228606018
    ],
    [
      "DEB-BA6E8A31",
      -52.45219913951725,
      176.31320253456622,
      203.1461607024894
    ],
    [
      "DEB-11E28AE6",
      52.44473512494324,
      86.75775423025466,
      195.95291414235726
    ],
    [
      "DEB-05C712B0",
      -75.33803915256905,
      -176.01291696947118,
      702.090930999555
    ],
    [
      "DEB-C30886C3",
      -38.32961169014781,
      141.67788857750267,
      259.74502685094103
    ],
    [
      "DEB-B0CA8BB4",
      -8.838937810971059,
      116.7414485288743,
      579.58038791745
    ],
    [
      "DEB-4960935E",
      15.451274658022973,
      -124.42646691165204,
      613.9787469744306
    ],
    [
      "DEB-AD27E972",
      -22.329357218185596,
      57.65960736015765,
      281.655191299913
    ],
    [
      "DEB-C175C020",
      -29.70554200154155,
      -162.19701813630155,
      834.6051732700007
    ],
    [
      "DEB-45FDFB36",
      70.82395373080779,
      18.833459005192744,
      794.6840035708965
    ],
    [
      "DEB-3D133830",
      45.44081798633809,
      156.63421738856246,
      915.4845669058859
    ],
    [
      "DEB-A737D367",
      -6.331124471598309,
      -37.36309980127343,
      673.2765230685945
    ],
    [
      "DEB-9B4CB8A7",
      9.574422731844363,
      43.07924684860714,
      907.7845959051892
    ],
    [
      "DEB-31EE589A",
      1.3196191610065318,
      29.03465015197936,
      396.27689540995107
    ],
    [
      "DEB-8F7C9227",
      17.864433260945226,
      90.27316671883011,
      545.7871376746207
    ],
    [
      "DEB-E0B058F4",
      -59.193201884992945,
      -66.74017259808257,
      325.93742068092797
    ],
    [
      "DEB-2C168D95",
      40.23680013291178,
      -55.446370164154814,
      749.4750361142642
    ],
    [
      "DEB-4348D26B",
      31.71531336473074,
      -52.6627062907001,
      612.4079857965316
    ],
    [
      "DEB-CFE88185",
      -28.222741193948746,
      -130.33008578092506,
      373.2772100613183
    ],
    [
      "DEB-C21A4BE8",
      -36.496003802670764,
      -61.512460749994716,
      236.93317754643522
    ],
    [
      "DEB-FF4869D5",
      -22.11536808877798,
      5.673393820150596,
      121.01151542306798
    ],
    [
      "DEB-DEA369EC",
      12.74644548086198,
      -97.97753660294126,
      281.5458618482762
    ],
    [
      "DEB-F78439AD",
      -87.96921509234521,
      153.13108218605308,
      535.7816833261513
    ],
    [
      "DEB-05FAB6A9",
      -59.05358390213001,
      -140.86695029394414,
      666.1876334082854
    ],
    [
      "DEB-28C36CCB",
      0.46622368628077765,
      64.36024245111504,
      311.959279228332
    ],
    [
      "DEB-AB194E13",
      -36.62560078011475,
      14.96144803429989,
      875.9481426546836
    ],
    [
      "DEB-23D1EDD7",
      -43.53568870224303,
      -113.6099975784424,
      452.5977921649237
    ],
    [
      "DEB-F9062D0E",
      -15.525582245827186,
      21.530354267833225,
      482.05097439524707
    ],
    [
      "DEB-9B3634D8",
      -17.95758274065357,
      68.56726040749228,
      838.713764723756
    ],
    [
      "DEB-DB66F226",
      -47.11159794352967,
      -106.72190364789851,
      747.8247945546555
    ],
    [
      "DEB-89F631C1",
      58.26552798039855,
      155.96471895268925,
      879.6551600135581
    ],
    [
      "DEB-FDFD3BCA",
      15.070831020153049,
      64.99898080426587,
      828.4698663560384
    ],
    [
      "DEB-53892575",
      36.798720468165406,
      -157.9996984941345,
      245.9277980212437
    ],
    [
      "DEB-B7A1A1AF",
      39.51385282581433,
      -112.34031798878573,
      453.0594892937943
    ],
    [
      "DEB-411DA7DB",
      58.19022929088339,
      -32.66865206640836,
      886.7139058752382
    ],
    [
      "DEB-BC76AB83",
      15.957144202923493,
      -74.01452410867765,
      298.5294234612229
    ],
    [
      "DEB-97EF468F",
      23.33484401090092,
      -145.23739750089334,
      261.13249274939244
    ],
    [
      "DEB-5A82BAED",
      -22.362863943002374,
      -59.8971152309812,
      230.67135228377447
    ],
    [
      "DEB-387EEC82",
      -14.20091131608156,
      -114.91431837358513,
      198.92297274283283
    ],
    [
      "DEB-815BB50B",
      -4.543282832369577,
      -107.23497698154145,
      345.38102578457256
    ],
    [
      "DEB-303958FE",
      22.5963286273568,
      -95.2260078399406,
      734.6301385618799
    ],
    [
      "DEB-AB28964C",
      -83.82047122103415,
      -151.79095952593946,
      718.7232341145982
    ],
    [
      "DEB-F83FA95E",
      -48.45331369506401,
      -111.80673817714865,
      551.0209719304676
    ],
    [
      "DEB-5D8A1D97",
      9.118677585081421,
      106.4057404456173,
      288.6007899330989
    ],
    [
      "DEB-B52906A6",
      25.112736444212263,
      -72.03575243182901,
      753.2047672170311
    ],
    [
      "DEB-E43006BA",
      -13.23908489724893,
      -166.6980939543154,
      463.056682444374
    ],
    [
      "DEB-FC737149",
      0.9719238756048337,
      13.48446055427366,
      775.3676648776491
    ],
    [
      "DEB-B265A42D",
      -23.994876132819503,
      -80.80038862796923,
      325.16996738982743
    ],
    [
      "DEB-6D2D9F7C",
      73.54388202706151,
      91.77271787471037,
      404.4145126140793
    ],
    [
      "DEB-4802935C",
      41.23920430580203,
      -9.838174419549846,
      812.5257652340679
    ],
    [
      "DEB-EB3D4458",
      14.206966567539508,
      -6.836094767370202,
      477.60251586524646
    ],
    [
      "DEB-357E1662",
      -53.290148893476896,
      45.79605221586402,
      639.486911578012
    ],
    [
      "DEB-82784F97",
      -80.95055872478719,
      -135.14220596922212,
      842.8937353135061
    ],
    [
      "DEB-D4474387",
      -56.23577738282997,
      -44.642731101672275,
      372.1661404032102
    ],
    [
      "DEB-B315D614",
      65.52477149624565,
      -88.14191129788419,
      796.8495865621971
    ],
    [
      "DEB-21750805",
      -33.978548998020294,
      160.60282570417303,
      591.9931688167089
    ],
    [
      "DEB-55E6C807",
      -14.295219105964577,
      25.939742541023,
      316.2578433943236
    ],
    [
      "DEB-C0F28F2D",
      -58.30259684054422,
      178.45315967925683,
      580.6233891940592
    ],
    [
      "DEB-4B54120B",
      -13.724510746533399,
      49.94104858313253,
      219.99181202201908
    ],
    [
      "DEB-FA9D83A1",
      65.3338831215159,
      168.48179778981964,
      802.5779727521958
    ],
    [
      "DEB-C09241D4",
      -48.13560189267996,
      60.96557192095013,
      463.45061371217525
    ],
    [
      "DEB-13FE42ED",
      -35.77161423135814,
      -151.65736293302217,
      704.1787718128207
    ],
    [
      "DEB-872E165E",
      -55.53199573057126,
      -143.5089242619277,
      169.2818984648493
    ],
    [
      "DEB-5259F427",
      -41.59482433788044,
      84.34523120384834,
      706.8413425892631
    ],
    [
      "DEB-6CCD1EE5",
      -15.997993060167119,
      39.75509453340505,
      446.4772287858159
    ],
    [
      "DEB-8DEEFDEB",
      -14.40973374323921,
      132.7971416057772,
      356.974374714453
    ],
    [
      "DEB-04AC6039",
      -15.576272096872803,
      -102.93661857189923,
      243.79673308194197
    ],
    [
      "DEB-29366971",
      -19.805764035272876,
      -172.77456066474974,
      398.08338922427447
    ],
    [
      "DEB-DF45FD07",
      39.966958224911075,
      149.516403806695,
      427.62520719719487
    ],
    [
      "DEB-044F772F",
      35.17168565213985,
      -161.01289933180078,
      490.3767195345754
    ],
    [
      "DEB-CFF00772",
      57.123627507881366,
      -105.32460148297143,
      700.7320504451127
    ],
    [
      "DEB-05B912C5",
      -40.88433214839505,
      175.01281564668292,
      553.5302251594394
    ],
    [
      "DEB-D1EE6B52",
      -14.501371981057192,
      -123.24705819320788,
      503.65360320514355
    ],
    [
      "DEB-7859D326",
      -14.6504777909706,
      -97.982804244959,
      205.02103592302046
    ],
    [
      "DEB-2707C351",
      -54.73857345887628,
      -119.90176490603503,
      144.65441227777592
    ],
    [
      "DEB-78AF6487",
      29.493643651643104,
      38.64589403600208,
      335.9222408609603
    ],
    [
      "DEB-6BE156E6",
      -29.18288938044831,
      -24.45955520114499,
      898.7761464130626
    ],
    [
      "DEB-B867564D",
      10.016690630296878,
      4.024816672154087,
      657.0523024678105
    ],
    [
      "DEB-542DDFDE",
      64.59679945248553,
      -121.72247527891355,
      754.2409092220532
    ],
    [
      "DEB-900444AD",
      50.64574833306972,
      -41.40882637198439,
      193.7949618562543
    ],
    [
      "DEB-49CFA1AC",
      -24.404751144825457,
      -77.62025488823225,
      151.57097779369087
    ],
    [
      "DEB-E6C14D3A",
      -48.06301849181698,
      -19.39039386179612,
      243.48160048978843
    ],
    [
      "DEB-8FD73467",
      24.594217148221123,
      -115.6533804251418,
      416.63571016148217
    ],
    [
      "DEB-EBFC78E3",
      23.403898813210688,
      -43.409396118043404,
      748.2474561294657
    ],
    [
      "DEB-6AF43DBF",
      29.252530009545154,
      6.500007005263347,
      630.1907163995129
    ],
    [
      "DEB-B9851EFC",
      -31.81936545267966,
      103.83902366533017,
      185.98240284214626
    ],
    [
      "DEB-B0EF6A3D",
      18.57528420268227,
      -109.32051318572857,
      912.2340089884356
    ],
    [
      "DEB-55947084",
      16.588781841134974,
      49.71327220350124,
      166.1413133537426
    ],
    [
      "DEB-2E19534B",
      -1.974510528815448,
      12.616665946961593,
      216.1424387627967
    ],
    [
      "DEB-86056A2B",
      -24.95904758205098,
      -168.2602629210039,
      477.0294677749125
    ],
    [
      "DEB-8A684E47",
      9.990935720329855,
      27.72278933685277,
      326.3377555988791
    ],
    [
      "DEB-4FBECAC8",
      -21.87909764860941,
      -41.36088126228431,
      133.23807605392994
    ],
    [
      "DEB-49989BFC",
      55.653534870024984,
      99.60758106001057,
      887.8168300138459
    ],
    [
      "DEB-A87EFEF0",
      -37.93687737217757,
      35.800319140438454,
      570.7508544798766
    ],
    [
      "DEB-E65623BB",
      39.789924765498704,
      138.92029033959685,
      559.6628528803267
    ],
    [
      "DEB-84E61F5B",
      -76.174416077863,
      -60.776259225379896,
      861.6878848225751
    ],
    [
      "DEB-C1885424",
      10.06538180639206,
      171.22475038509876,
      183.1831087176697
    ],
    [
      "DEB-2E1AE0C2",
      5.3480427805910455,
      -55.89767479452202,
      345.81575564163086
    ],
    [
      "DEB-1544EC4F",
      -35.219971080437546,
      -47.6750549765964,
      853.2275906374807
    ],
    [
      "DEB-DE821490",
      -21.738344291871986,
      -69.80436899553375,
      186.37806515688408
    ],
    [
      "DEB-9B91FFFF",
      -12.738230918481337,
      0.3930668611485433,
      744.3266920168771
    ],
    [
      "DEB-768209D7",
      40.36882802304021,
      153.90449422983326,
      562.0444448872613
    ],
    [
      "DEB-9A8044C2",
      -16.332454966008243,
      14.951187025447071,
      123.86029459232577
    ],
    [
      "DEB-A7119303",
      -50.121836534966945,
      -166.16630202735297,
      552.9369753188603
    ],
    [
      "DEB-FF2C2455",
      1.4116045318535135,
      -73.63971975249869,
      794.8540710330517
    ],
    [
      "DEB-FF93297B",
      1.8192155849010023,
      -62.41447258547425,
      421.4395785894849
    ],
    [
      "DEB-12591356",
      -10.141651354853975,
      -47.87825027542481,
      456.17740009306544
    ],
    [
      "DEB-0D28E712",
      29.534673440435228,
      -83.99894916779103,
      484.28465625296576
    ],
    [
      "DEB-E02C37D4",
      -10.347829712527682,
      -55.19804368447163,
      818.2207168286577
    ],
    [
      "DEB-01ABBB80",
      -36.463782431491715,
      170.25654091937827,
      893.0292301501213
    ],
    [
      "DEB-B84173B0",
      -9.997908162130955,
      119.34907445122181,
      682.4541846243446
    ],
    [
      "DEB-59D4BBC6",
      2.8614842386077197,
      71.37283151171243,
      639.9052539247059
    ],
    [
      "DEB-0E393208",
      24.524056752599215,
      138.19651582028814,
      665.9083076114257
    ],
    [
      "DEB-B89A50A9",
      -52.784476411627516,
      -151.41446822719746,
      731.1384408711492
    ],
    [
      "DEB-EAC7AE82",
      -22.10844520898705,
      124.81382583042439,
      504.47241792325804
    ],
    [
      "DEB-C60AB75A",
      23.11703691153483,
      147.27260604904885,
      739.7360657817662
    ],
    [
      "DEB-80B46E39",
      23.728093407985394,
      -94.2636313904683,
      176.26608279109132
    ],
    [
      "DEB-F3C90AAF",
      -23.902023496865944,
      -1.188328613925265,
      200.57536772735511
    ],
    [
      "DEB-A5F53802",
      54.22647862398046,
      -15.103426391415267,
      454.3237558587716
    ],
    [
      "DEB-2FF45AE2",
      32.41171952866718,
      -67.08911237851278,
      157.05359631880583
    ],
    [
      "DEB-E0CCA25E",
      -41.257188224773444,
      102.14842408484301,
      671.6254955123031
    ],
    [
      "DEB-5F991469",
      40.64182379861397,
      -87.47545079676773,
      901.190329214377
    ],
    [
      "DEB-1240D0F4",
      -54.91458595756864,
      163.42130662231506,
      785.2471133361787
    ],
    [
      "DEB-26475102",
      -48.220426641256836,
      166.92535873818179,
      824.3619846803049
    ],
    [
      "DEB-C0FD6C74",
      19.98405974770286,
      27.93022187712381,
      313.4033236308969
    ],
    [
      "DEB-662C788D",
      44.28282045107237,
      63.79060038439054,
      663.7550443860573
    ],
    [
      "DEB-7FBDE44A",
      -12.125323513056415,
      -22.618649781876886,
      729.54421056515
    ],
    [
      "DEB-876654BB",
      47.85418964685897,
      168.76027298336888,
      625.7902398538654
    ],
    [
      "DEB-DDEA99AC",
      23.37471130286033,
      34.44571889285144,
      477.24220097787384
    ],
    [
      "DEB-470F3CEA",
      55.712447508577284,
      -146.53086223279658,
      373.216993000151
    ],
    [
      "DEB-B4F9FF96",
      39.23754240900722,
      13.90892582855931,
      453.15308589729466
    ],
    [
      "DEB-B37357E7",
      10.101145366769076,
      69.36916716318093,
      818.4952422895321
    ],
    [
      "DEB-8248A115",
      6.789322899309202,
      107.48400478471649,
      234.71859425528055
    ],
    [
      "DEB-3F23A566",
      69.22398780231339,
      -1.124093349439355,
      670.9113274440242
    ],
    [
      "DEB-5DC3B078",
      -13.353247733567711,
      -15.706822220780891,
      529.4069328988799
    ],
    [
      "DEB-211EFCEF",
      28.967449301257407,
      17.81119836922203,
      864.5299601061297
    ],
    [
      "DEB-58E07090",
      -40.90065592246596,
      15.96944393584841,
      836.6738477025565
    ],
    [
      "DEB-CB945D2B",
      13.362317119830381,
      -125.89071867837285,
      624.2827548975802
    ],
    [
      "DEB-D891C117",
      -27.818414027707828,
      55.01754003520058,
      725.3831365033075
    ],
    [
      "DEB-6A0A6ADA",
      -26.94334617242839,
      -15.289916850157736,
      480.0888369830345
    ],
    [
      "DEB-FE9E58F0",
      -3.4944869740638973,
      -33.683328900441104,
      328.67328461276793
    ],
    [
      "DEB-B3911ED3",
      -22.31167419032757,
      64.87632172544266,
      680.8443630270149
    ],
    [
      "DEB-F3F10E4D",
      12.820061003943906,
      115.87167376564497,
      605.686909768885
    ],
    [
      "DEB-46C67D62",
      -55.30913398832656,
      -161.47798090978,
      410.1869421936699
    ],
    [
      "DEB-8826DAED",
      -27.88144529586451,
      -19.058446550683055,
      142.6834640316829
    ],
    [
      "DEB-32FFB63B",
      38.836771905155736,
      84.03944394376255,
      594.66312218438
    ],
    [
      "DEB-F980C369",
      -37.79062154280797,
      68.55668240114046,
      335.6753565457266
    ],
    [
      "DEB-BB860A43",
      18.068488021520544,
      85.9538262695934,
      407.3416279619387
    ],
    [
      "DEB-DEB14361",
      -24.391048036641777,
      -118.47328572222102,
      175.18247169766255
    ],
    [
      "DEB-2E10E0DF",
      -42.520283848391024,
      34.9505665816547,
      891.979825884011
    ],
    [
      "DEB-EF7E0232",
      -5.2352462770723704,
      -87.7431152785601,
      925.3232014284276
    ],
    [
      "DEB-B1918DBA",
      7.362908214458501,
      -41.43314104853025,
      624.9730262887279
    ],
    [
      "DEB-DCEB33C7",
      23.94255840710436,
      -62.03702281691028,
      695.9390453804972
    ],
    [
      "DEB-91AB9F23",
      0.2542307735771025,
      140.86761340163142,
      365.42797535112004
    ],
    [
      "DEB-F0D2A6EB",
      26.1026463828262,
      120.27463879504322,
      931.5952526242909
    ],
    [
      "DEB-BBF64FA3",
      28.368420733328588,
      -85.38742730662841,
      604.3011417977414
    ],
    [
      "DEB-C67FD833",
      -41.19741890373439,
      55.099290239391706,
      373.3608602227969
    ],
    [
      "DEB-E012C58D",
      14.779743448386652,
      131.72442073634838,
      742.7574704840017
    ],
    [
      "DEB-D94F2ECD",
      -46.33597374154117,
      66.2220683841731,
      410.5234690507459
    ],
    [
      "DEB-03E7D6A9",
      63.83851748307762,
      -51.51393821432216,
      449.2111549945612
    ],
    [
      "DEB-071BF30A",
      39.64682785651031,
      -14.511792108506834,
      601.2674004762193
    ],
    [
      "DEB-6641D49C",
      -19.698478456536826,
      -47.924774791993535,
      277.97433680286485
    ],
    [
      "DEB-CBA13768",
      77.12257106030036,
      -35.98762669106025,
      158.6046901203208
    ],
    [
      "DEB-E46B5632",
      -69.35536204991173,
      67.24408175038904,
      374.86591336381116
    ],
    [
      "DEB-19513DB7",
      -19.01413805117672,
      -41.0702951583692,
      162.7741446367736
    ],
    [
      "DEB-8F2EC9B9",
      -24.112856170009184,
      116.9424722013252,
      815.017281829565
    ],
    [
      "DEB-F2FCB2D7",
      52.74683229615043,
      2.0031487557843604,
      619.5598068116005
    ],
    [
      "DEB-BCDD2F73",
      70.81535752313182,
      -74.23038117966433,
      643.8051058804431
    ],
    [
      "DEB-3CEF76EB",
      32.252146164833604,
      -104.15519565326196,
      877.3242842624068
    ],
    [
      "DEB-CD6257EB",
      37.70352395555674,
      84.87319836911297,
      778.1158978000576
    ],
    [
      "DEB-3838188B",
      -16.416987390784595,
      -13.711780578174928,
      455.50107081783244
    ],
    [
      "DEB-E57F2E54",
      -20.84940749128481,
      82.42815476143585,
      599.6575624374909
    ],
    [
      "DEB-95D40EEF",
      21.485602334990187,
      128.00063698187648,
      535.9872517328158
    ],
    [
      "DEB-39ADA691",
      -11.751210042987477,
      95.23808905952994,
      455.5848230571155
    ],
    [
      "DEB-BC77B5EE",
      59.79587015257564,
      -116.99319280362467,
      320.7789990924075
    ],
    [
      "DEB-996418CD",
      -50.698475253138234,
      82.67602058776474,
      439.3343366883564
    ],
    [
      "DEB-EB4EC41A",
      32.53408063130792,
      178.2286156882294,
      905.5142178283504
    ],
    [
      "DEB-AC7C6DC9",
      -3.5829349389196015,
      -84.9713803368032,
      154.5339976482146
    ],
    [
      "DEB-1988A2C6",
      32.98549926009496,
      27.96063639911682,
      132.07035522615024
    ],
    [
      "DEB-A8424EBF",
      23.98247615600936,
      30.656828332831903,
      922.880536437171
    ],
    [
      "DEB-8FA27798",
      -18.256965036698965,
      52.245702789032606,
      523.7817760842954
    ],
    [
      "DEB-61D28D0D",
      -17.05872492863353,
      77.23242644813871,
      384.4534159807172
    ],
    [
      "DEB-FCF9AC66",
      -17.240758318712004,
      62.89480024551362,
      327.28951127389064
    ],
    [
      "DEB-3C929A96",
      -25.67502283570304,
      83.66351343841784,
      561.8344151688871
    ],
    [
      "DEB-297C1C04",
      44.79227021248784,
      -175.44156717871422,
      765.8399337198807
    ],
    [
      "DEB-D064F4E5",
      -29.82016252735709,
      60.822314416834764,
      512.1569865003257
    ],
    [
      "DEB-0F125AC5",
      -43.64622631116684,
      -20.955949104804102,
      361.3213251163397
    ],
    [
      "DEB-C6A36BEB",
      -73.28299116257205,
      25.016749281064005,
      888.7356421370023
    ],
    [
      "DEB-00E738A1",
      15.161459872612356,
      32.15816592801151,
      536.6947010355598
    ],
    [
      "DEB-37970BEC",
      -55.21100735693024,
      124.08014570219356,
      856.9089403569869
    ],
    [
      "DEB-77C9E611",
      -40.109555113564845,
      104.99513321759953,
      210.4231813135384
    ],
    [
      "DEB-B6C0B33D",
      17.14084006321863,
      -8.098561999937525,
      885.8984320828522
    ],
    [
      "DEB-D8D6A04B",
      -20.46303005315273,
      151.26533756764007,
      641.2124376241936
    ],
    [
      "DEB-D05F9C6E",
      -15.247514761518223,
      -135.9457216492329,
      277.703792727345
    ],
    [
      "DEB-80D0D8C2",
      14.278267147948164,
      -162.79680048080522,
      669.3885234253858
    ],
    [
      "DEB-AF1EA956",
      6.0194428715957855,
      102.13668368650526,
      133.97362785411497
    ],
    [
      "DEB-13F8B3C0",
      19.188885164825933,
      -56.66735424596596,
      537.1633071123342
    ],
    [
      "DEB-391B5BCD",
      46.716051120717,
      25.783150262431768,
      463.9327894560347
    ],
    [
      "DEB-192E9501",
      2.6582753701445876,
      49.60164809531044,
      335.76679856608644
    ],
    [
      "DEB-40BDB6D5",
      -72.89131002557404,
      -170.74980203949724,
      911.1866015292371
    ],
    [
      "DEB-122CB6B3",
      18.474150065701103,
      -97.66146944789104,
      635.2557959294963
    ],
    [
      "DEB-B48B3625",
      31.98498278267783,
      9.40219941041309,
      148.63975507541454
    ],
    [
      "DEB-A9E18AB4",
      -37.90415586301212,
      -16.14642528698329,
      327.37844429904726
    ],
    [
      "DEB-2ED0EC6C",
      11.320787095886965,
      -106.26936200483306,
      481.7421449685089
    ],
    [
      "DEB-7960DAF8",
      -43.49389376384681,
      7.4219175230895935,
      533.4120428675942
    ],
    [
      "DEB-35DA8646",
      37.845020182537155,
      -50.63632930901939,
      904.7782375874385
    ],
    [
      "DEB-F6DAC8C5",
      49.8807653810211,
      -63.67168009914149,
      804.3310205627677
    ],
    [
      "DEB-0B8487E1",
      -31.08904339813712,
      -101.71383117137327,
      496.98923938157986
    ],
    [
      "DEB-EA9E25DD",
      62.28278808686542,
      -176.99091050927086,
      808.3086738607026
    ],
    [
      "DEB-6E8B64CF",
      -0.48189595102012234,
      -138.93556521179067,
      590.1587559215159
    ],
    [
      "DEB-8A537FD3",
      28.676238561771076,
      -76.12561540045377,
      573.3888074558863
    ],
    [
      "DEB-1A4EB33A",
      -33.811528871690285,
      -49.595629093458285,
      730.2431991634194
    ],
    [
      "DEB-FF88F6B8",
      41.91331376973723,
      -162.26062922150254,
      519.5841878098008
    ],
    [
      "DEB-43CAAC7F",
      -57.01995649195642,
      -86.22151816110679,
      400.61416600664325
    ],
    [
      "DEB-06456F20",
      -34.88156983468771,
      144.92051046404256,
      862.6926199257159
    ],
    [
      "DEB-C0F3FC0B",
      32.80927707347675,
      148.18981784000252,
      815.0722099561381
    ],
    [
      "DEB-D266A7BB",
      -48.25797075654964,
      -112.44523713988453,
      720.9069470348186
    ],
    [
      "DEB-247CEE70",
      30.33191244729909,
      92.2536779216687,
      628.3469848505301
    ],
    [
      "DEB-EAC586C7",
      0.9516092457644482,
      -176.90093226716255,
      398.7530563337277
    ],
    [
      "DEB-2DFD5E07",
      -42.21816576637389,
      -18.116667654408214,
      913.3823694099628
    ],
    [
      "DEB-BBA3649E",
      19.80491181217945,
      67.45718560595424,
      406.9717226085004
    ],
    [
      "DEB-CDF69AD6",
      30.11178785634771,
      106.69557280947538,
      612.9283200079626
    ],
    [
      "DEB-DFB0A187",
      34.62128753024006,
      -101.55952609069061,
      431.5461861316644
    ],
    [
      "DEB-812D2242",
      -16.87619678529805,
      135.35078632281588,
      242.03174813035366
    ],
    [
      "DEB-9E034DFA",
      17.600206501099798,
      45.84348152129921,
      359.15074138506225
    ],
    [
      "DEB-171310A9",
      25.05965752917301,
      -134.89646853970513,
      819.6374525347792
    ],
    [
      "DEB-5F432C21",
      -17.342748189355376,
      -123.93674042744966,
      273.8071517710214
    ],
    [
      "DEB-D6105A96",
      24.670001892747127,
      14.994920440835624,
      913.6417544510587
    ],
    [
      "DEB-A3E0C407",
      50.602099056616396,
      -147.36900427502496,
      812.6054842201656
    ],
    [
      "DEB-3435ED2D",
      -38.264835264615634,
      121.38980905603388,
      460.5632427053306
    ],
    [
      "DEB-D66CF5D0",
      -35.50936489178888,
      -29.586933812528056,
      871.6340731218461
    ],
    [
      "DEB-4791DFBE",
      -61.71096634348102,
      -140.82335726286794,
      306.7674892235027
    ],
    [
      "DEB-968A101E",
      -56.28709923435038,
      136.07609545474838,
      177.69079277489163
    ],
    [
      "DEB-8C5C272C",
      14.125710541030184,
      153.64303200241903,
      219.9482051091136
    ],
    [
      "DEB-7F9D468E",
      70.5302082314043,
      61.08200832143611,
      646.5624893750864
    ],
    [
      "DEB-DC2D92FA",
      15.928577783103714,
      -61.09350172191311,
      403.4095654894991
    ],
    [
      "DEB-F6FAFBF3",
      43.60432594895832,
      -38.513474183907825,
      306.3139589091861
    ],
    [
      "DEB-204DF9E4",
      -62.77171994170422,
      -52.328611552295094,
      276.5338729832347
    ],
    [
      "DEB-E02EAA99",
      7.991884941663033,
      148.7928004306042,
      539.9864182276469
    ],
    [
      "DEB-EFF28033",
      65.94355758059892,
      -165.78830496817648,
      682.0219292189931
    ],
    [
      "DEB-C36D2089",
      55.78281344433118,
      -122.70569249693095,
      821.7704082596556
    ],
    [
      "DEB-164E8D6B",
      -81.34977730656574,
      -1.2410152501536043,
      517.8955619674261
    ],
    [
      "DEB-6A34A23C",
      -53.78984418655021,
      29.337182948778356,
      568.0314602473691
    ],
    [
      "DEB-9AE0FD43",
      7.10915714044425,
      -76.88369587127114,
      196.07724451728882
    ],
    [
      "DEB-0FBD260F",
      -16.190923845224873,
      -101.63500380706418,
      125.35186811626045
    ],
    [
      "DEB-2E110DA8",
      21.693546417494062,
      115.21309957571513,
      700.2474427247535
    ],
    [
      "DEB-E0AD48EF",
      1.2720064314964104,
      161.73490194817978,
      757.181645231648
    ],
    [
      "DEB-E02A2156",
      19.36846778162014,
      -155.44446653785013,
      718.4611585526345
    ],
    [
      "DEB-A1519990",
      -46.10828857603142,
      -13.898643535962933,
      479.0358275187036
    ],
    [
      "DEB-745C86BF",
      -17.02206844214907,
      19.52874083443616,
      666.2893341404342
    ],
    [
      "DEB-17FED2C6",
      -52.29459295400826,
      144.66823377875227,
      558.2211226109903
    ],
    [
      "DEB-FC72BDC9",
      50.166504563689024,
      83.95744417374381,
      274.50724779132725
    ],
    [
      "DEB-DEC7123E",
      18.36591890454386,
      82.89144775111592,
      139.34490189265398
    ],
    [
      "DEB-EE5A7995",
      -48.001707477447155,
      -165.57235133512958,
      558.6857940033196
    ],
    [
      "DEB-B416F3B4",
      7.054378752981913,
      109.61769715949703,
      165.7544578478055
    ],
    [
      "DEB-5B22A713",
      31.233922520146248,
      -48.83146394430931,
      276.2439543507171
    ],
    [
      "DEB-F33155FA",
      5.450510803179664,
      -172.8090433696805,
      172.03315278422997
    ],
    [
      "DEB-3D591604",
      -27.775401928210982,
      57.95951751802737,
      601.161658971233
    ],
    [
      "DEB-EF47FAF3",
      -20.262899170187957,
      -122.50447226335437,
      803.1309236363604
    ],
    [
      "DEB-ADBFCDBE",
      -14.440414550125968,
      153.92736488153213,
      196.26343089404145
    ],
    [
      "DEB-5C870F61",
      -78.54091623284214,
      87.76639422121173,
      643.1254463480918
    ],
    [
      "DEB-5C8E3664",
      24.519879859737614,
      -33.3910733722332,
      555.6130895135148
    ],
    [
      "DEB-584615C3",
      -62.84957738185068,
      -138.55074579829235,
      751.9001239704421
    ],
    [
      "DEB-9B14B7A2",
      16.065780304095554,
      164.0476611408246,
      444.0860442507719
    ],
    [
      "DEB-1011189A",
      52.89318460058352,
      111.00937315350701,
      375.92473494133264
    ],
    [
      "DEB-8F318EDD",
      -38.18970258384614,
      92.33858286568626,
      786.7534022967184
    ],
    [
      "DEB-EA19F2C8",
      -43.44682771297475,
      -16.117171897415947,
      460.4819440897072
    ],
    [
      "DEB-D4FE8383",
      60.279942099994415,
      86.26561730851905,
      446.5052186537605
    ],
    [
      "DEB-8FD088D3",
      -5.06562081787654,
      -62.73949781468744,
      326.19392470510775
    ],
    [
      "DEB-A04F0299",
      -31.191586423875243,
      -118.46416822024698,
      293.67706832306794
    ],
    [
      "DEB-86E85D8C",
      17.320302079378017,
      80.7236289530958,
      846.919850787971
    ],
    [
      "DEB-8C81CDCF",
      -76.73250554114566,
      -102.171656630118,
      744.0581016440719
    ],
    [
      "DEB-BB5EC1F0",
      60.663257755666606,
      -172.12281234341827,
      449.22517474969754
    ],
    [
      "DEB-3136FB57",
      -49.28867492355025,
      154.87484523070145,
      471.0840516334056
    ],
    [
      "DEB-1F49518A",
      14.71632004019253,
      -109.07106665487946,
      151.07259260687078
    ],
    [
      "DEB-6054EB6E",
      -20.86404473648475,
      66.70827430168481,
      381.2224751180529
    ],
    [
      "DEB-1AAB1D97",
      14.602592779115268,
      -32.569187720375375,
      666.0943268458859
    ],
    [
      "DEB-50B30D71",
      22.608886008230293,
      -25.605707592529676,
      177.6317855655834
    ],
    [
      "DEB-43B665B8",
      -17.296994551876384,
      19.796463146563436,
      706.1055887698776
    ],
    [
      "DEB-37AB289B",
      -53.99900905518627,
      109.52200577937394,
      308.33968573720904
    ],
    [
      "DEB-2E6BC3D9",
      -6.582374231480699,
      -133.93104287718276,
      780.6492192818387
    ],
    [
      "DEB-3F015143",
      46.94218887832536,
      -156.34334920425712,
      904.2689705666326
    ],
    [
      "DEB-200F86E8",
      0.9880145483460059,
      130.025608330485,
      153.82922331457848
    ],
    [
      "DEB-A3D8C0F3",
      1.1672589011245995,
      -78.83279622278474,
      209.87101654613343
    ],
    [
      "DEB-3CFE47D6",
      -17.35236852653034,
      61.5773113884981,
      575.5212875076058
    ],
    [
      "DEB-F3D17793",
      51.669753646956714,
      161.3566838414035,
      521.3842699466613
    ],
    [
      "DEB-4DF1951E",
      -50.99275246295499,
      -62.21656339938146,
      628.3537017540821
    ],
    [
      "DEB-047A3931",
      53.990038629308486,
      29.992937530437555,
      643.9800069066823
    ],
    [
      "DEB-A14DF07E",
      27.525971491887052,
      58.262729084089955,
      700.5270898481813
    ],
    [
      "DEB-A8A1D31D",
      18.94544496029421,
      -34.636175791036784,
      195.07984128715725
    ],
    [
      "DEB-D31F6680",
      24.562002762763868,
      124.45741980126184,
      629.2155059688139
    ],
    [
      "DEB-E3BEF500",
      19.019611718412825,
      -15.812182280788303,
      866.9521075094417
    ],
    [
      "DEB-33CF8433",
      43.52583169130101,
      43.16873640425446,
      888.1656839757425
    ],
    [
      "DEB-3C055BCB",
      65.71135884088372,
      121.80946881021642,
      658.512140104518
    ],
    [
      "DEB-52F760ED",
      -36.694245865856104,
      140.5598737988571,
      264.5945336250197
    ],
    [
      "DEB-57FC2360",
      -57.98717288915646,
      106.59633345543892,
      658.8474789088259
    ],
    [
      "DEB-0FF91F69",
      10.514917773813993,
      70.8565139514666,
      888.6881920271117
    ],
    [
      "DEB-62A64860",
      1.185611851775271,
      -140.35900238103127,
      682.9448826805392
    ],
    [
      "DEB-D74C2D47",
      71.32712166625916,
      -106.85651623182682,
      216.05617220446584
    ],
    [
      "DEB-D9E59D9A",
      20.170317962508303,
      152.7999940390486,
      207.34674863396776
    ],
    [
      "DEB-45240D48",
      2.5005065633688055,
      102.86186449174981,
      376.90341442023873
    ],
    [
      "DEB-4CE2D225",
      32.20319289398454,
      89.15964451925798,
      799.0527181371344
    ],
    [
      "DEB-CC94E2F4",
      -5.430150454750731,
      -35.581709979672354,
      595.5357350451595
    ],
    [
      "DEB-5720A8BA",
      -6.520025349288038,
      38.72604230028501,
      884.7132095777997
    ],
    [
      "DEB-998676BA",
      0.8741273818128605,
      -91.03614044300369,
      243.68906859855815
    ],
    [
      "DEB-466ED255",
      -15.285863132430721,
      178.04478883073637,
      550.6964496883738
    ],
    [
      "DEB-7DBD57B8",
      -4.089791338597155,
      -47.01195371023918,
      396.81714965946867
    ],
    [
      "DEB-E5C9BB1B",
      36.20113412226332,
      -111.3575193164309,
      775.1324192096799
    ],
    [
      "DEB-BFAD2993",
      11.431740817018412,
      52.26212482059782,
      152.20250373175259
    ],
    [
      "DEB-D2AC7B21",
      40.93956114288982,
      -105.59317624576401,
      514.0690422185144
    ],
    [
      "DEB-8515343E",
      17.768744336150046,
      -24.19349304107556,
      467.68564762505684
    ],
    [
      "DEB-AC7CF1A3",
      14.592367127946792,
      -50.24949479622548,
      353.393484697599
    ],
    [
      "DEB-8B3095D1",
      -43.04736725100511,
      -10.829732816038543,
      792.2021642303835
    ],
    [
      "DEB-59704DFC",
      -6.928755309904543,
      -179.02056025483947,
      284.4381259556294
    ],
    [
      "DEB-55A987FA",
      -26.087652882301253,
      42.74844773237424,
      641.5943357701808
    ],
    [
      "DEB-EEED6A40",
      47.50612765448682,
      -125.2615056014253,
      791.6490438674637
    ],
    [
      "DEB-FC5AC7EC",
      12.307546638371342,
      118.61241526219924,
      812.2905588290387
    ],
    [
      "DEB-49CB01FD",
      -38.31948313489353,
      -105.42352959777678,
      674.8493219143311
    ],
    [
      "DEB-53ED30F4",
      -50.23753775056437,
      -134.28165746694276,
      749.9091475536607
    ],
    [
      "DEB-ABFCF6D6",
      1.5139212444537653,
      -145.19957804489974,
      125.68701764279831
    ],
    [
      "DEB-690A6D3E",
      16.635894618580412,
      -97.73340599654293,
      460.5505522255635
    ],
    [
      "DEB-E8CB78D4",
      -0.7872964916449771,
      4.59732403774534,
      911.4440018701653
    ],
    [
      "DEB-5649FB56",
      28.93431139305172,
      -142.72143633095902,
      420.7640738495693
    ],
    [
      "DEB-F28B3161",
      14.801712441629267,
      81.7066434685066,
      874.0602451320074
    ],
    [
      "DEB-447C5A2C",
      -38.78750931854903,
      -131.74485264421716,
      346.6337990506008
    ],
    [
      "DEB-03F23024",
      -13.600572215243554,
      59.68860485247283,
      406.78427209530673
    ],
    [
      "DEB-641F458B",
      -48.18714371483662,
      56.63656596829066,
      792.285468104692
    ],
    [
      "DEB-1D1208A1",
      -66.03641629841158,
      97.36875131070808,
      298.9656711637472
    ],
    [
      "DEB-C13B87FA",
      15.441800455243987,
      -179.20424411544624,
      565.5953449947365
    ],
    [
      "DEB-615C1C08",
      -58.39387720141527,
      -131.47236611990724,
      652.6047937824242
    ],
    [
      "DEB-89C26E9B",
      -21.648886400529502,
      111.52433099001439,
      881.9806877160263
    ],
    [
      "DEB-03AE81E1",
      -1.2050664828274935,
      118.64383907916461,
      581.4148140014868
    ],
    [
      "DEB-6BCF5178",
      -33.89355445324762,
      37.88930713489773,
      162.875293880953
    ],
    [
      "DEB-F939A0F8",
      58.740755704825084,
      -29.158740706035804,
      754.2642163256633
    ],
    [
      "DEB-B8752230",
      81.00108203575026,
      131.2213191636303,
      827.7366949610314
    ],
    [
      "DEB-007E4424",
      -64.74403715809873,
      -11.972845991188509,
      583.1905237547417
    ],
    [
      "DEB-EEEBED31",
      -47.59065594917955,
      166.20974801795913,
      834.9085132106156
    ],
    [
      "DEB-32568199",
      -45.19265238731413,
      18.902897677786367,
      607.7824998761507
    ],
    [
      "DEB-DDA892ED",
      -78.61699362443427,
      59.60630047009319,
      421.2422814442116
    ],
    [
      "DEB-6DFA24D7",
      14.16875892335308,
      -3.1717191474538,
      839.582864637473
    ],
    [
      "DEB-84D2FDCF",
      1.2382175221975313,
      -20.219049803343143,
      724.5480311030979
    ],
    [
      "DEB-10E18CC1",
      -22.326772839502613,
      5.116126273282049,
      471.9809188340396
    ],
    [
      "DEB-0192FC70",
      42.06031511791078,
      9.785626815380171,
      248.94299019570644
    ],
    [
      "DEB-060422C8",
      -38.62191771672326,
      10.40024216130588,
      554.3995427623286
    ],
    [
      "DEB-4DB65BBC",
      -46.57434112751954,
      75.00115420126403,
      584.8191852976024
    ],
    [
      "DEB-07A33BBE",
      54.748158177827605,
      128.31503157030326,
      267.6181498289552
    ],
    [
      "DEB-4434CCB1",
      -15.871525503142442,
      1.5469616734460667,
      798.4836758800957
    ],
    [
      "DEB-22BC885D",
      37.664971517155706,
      113.9587934307621,
      542.9408218841108
    ],
    [
      "DEB-34C090E4",
      -52.74078423862925,
      -164.1765292203807,
      539.1806804652651
    ],
    [
      "DEB-48C6950F",
      -34.69097660178656,
      -62.95153425089009,
      655.378195447207
    ],
    [
      "DEB-D252304D",
      -6.240328638052571,
      -153.1807376420881,
      255.57353029224578
    ],
    [
      "DEB-1A7491DF",
      24.06367786835944,
      -154.6559710431016,
      752.9416850049929
    ],
    [
      "DEB-10C70AE2",
      75.66110668056547,
      27.981550539020375,
      244.4305722759609
    ],
    [
      "DEB-032E5704",
      -11.615026716267689,
      7.020995206092172,
      417.7874270007669
    ],
    [
      "DEB-27A16017",
      71.92172237507927,
      99.04276390203205,
      575.3178259711349
    ],
    [
      "DEB-8B446EF7",
      60.939959364989036,
      -42.88836082752653,
      734.90068115537
    ],
    [
      "DEB-AA81B6E4",
      11.437182743305074,
      133.6514956644871,
      587.362330392627
    ],
    [
      "DEB-3B8FA8A0",
      23.412511459234583,
      -34.13103005258754,
      272.74995865336405
    ],
    [
      "DEB-170D3F9D",
      -21.718149488380295,
      -69.34836670469483,
      487.56809536050423
    ],
    [
      "DEB-97B7C2C7",
      -8.823951320708524,
      -19.89785972807736,
      246.3855383868049
    ],
    [
      "DEB-0461BC24",
      -42.951670830652226,
      143.1652122823592,
      484.0495631044505
    ],
    [
      "DEB-051D22E4",
      -33.30414219163059,
      -8.22248983928636,
      327.23580333623795
    ],
    [
      "DEB-5E7A93EA",
      -45.42475037393993,
      69.12546609814274,
      637.3654004886021
    ],
    [
      "DEB-D9272F50",
      41.66993193680613,
      -46.56323290076154,
      680.8703998534838
    ],
    [
      "DEB-825D6AE9",
      29.424173234358314,
      -12.601958392150584,
      448.58361497880196
    ],
    [
      "DEB-76FEA85D",
      -33.05720798459673,
      28.064153655215854,
      448.64039608974053
    ],
    [
      "DEB-E4B52490",
      89.05029690517068,
      -35.58800524159487,
      315.60566660040513
    ],
    [
      "DEB-42844AD8",
      6.126343249892412,
      120.70163220697393,
      889.425756890615
    ],
    [
      "DEB-907BCED9",
      27.67886619330019,
      27.03899261738621,
      177.49131069569194
    ],
    [
      "DEB-97862BB9",
      -7.3658273520028885,
      -111.69781047636039,
      188.66267109144883
    ],
    [
      "DEB-7B3832FC",
      63.51392779892053,
      86.83418070381266,
      830.6194845604296
    ],
    [
      "DEB-9C7600B1",
      -29.73166434855793,
      145.70124525321967,
      870.9756980477532
    ],
    [
      "DEB-5F849857",
      -9.265618557354532,
      20.034393808852208,
      739.9018527201433
    ],
    [
      "DEB-CEB83CAB",
      9.97171759477461,
      -46.87045065407684,
      905.0160934485239
    ],
    [
      "DEB-B308ADF3",
      39.55761133007306,
      176.00590431881943,
      737.9655440883143
    ],
    [
      "DEB-EA4DE8E5",
      -37.856789054979146,
      -110.13890019481066,
      548.1617211429111
    ],
    [
      "DEB-58B4BF70",
      10.247232353754166,
      -110.36950855573303,
      728.5719317191524
    ],
    [
      "DEB-D39050F1",
      30.790423556120782,
      65.7363952843012,
      532.1670698050139
    ],
    [
      "DEB-F8BC26F8",
      -31.12241168156826,
      -11.893039379377486,
      394.5346926846805
    ],
    [
      "DEB-FDD7F7D1",
      32.334672444956205,
      -134.78422011218848,
      154.20429640606108
    ],
    [
      "DEB-82BC51B5",
      -29.808814207278825,
      -124.32688488184766,
      534.1581224468327
    ],
    [
      "DEB-58872B73",
      59.36750889671115,
      -103.96879576037912,
      699.5914274193774
    ],
    [
      "DEB-FF5A368D",
      19.82312939601675,
      -107.60884783548566,
      779.3776828749333
    ],
    [
      "DEB-9F2F976C",
      29.43926073273193,
      -51.26098409110235,
      261.7284747174099
    ],
    [
      "DEB-238A5E93",
      31.652333609908528,
      -4.258372688087954,
      506.87585600577495
    ],
    [
      "DEB-DC229343",
      -24.77888597885424,
      27.097580356361266,
      594.9210722042881
    ],
    [
      "DEB-44234FDD",
      -51.84358009896584,
      -80.0644306722406,
      160.80973282408104
    ],
    [
      "DEB-2E1EEFA2",
      -57.52991554805915,
      170.76789688503672,
      672.3452685464417
    ],
    [
      "DEB-4C2F0E05",
      -38.11150038718858,
      9.943015388153901,
      892.1774521461848
    ],
    [
      "DEB-EEF44AE2",
      30.791798343335806,
      121.77354859957717,
      694.4838590075688
    ],
    [
      "DEB-0742AF19",
      -8.936852046148207,
      -120.72125628827024,
      584.2316916648069
    ],
    [
      "DEB-A8D4422F",
      12.68752712025135,
      62.40705565314602,
      758.234671575944
    ],
    [
      "DEB-5B851E1F",
      1.7084965945195172,
      145.22425479678304,
      233.51367679717714
    ],
    [
      "DEB-0E50C9C7",
      67.91474894540363,
      -36.11404086383301,
      338.94823726911636
    ],
    [
      "DEB-B308F549",
      34.73119136682742,
      134.7166369438258,
      394.7730972308318
    ],
    [
      "DEB-1B515D8E",
      -33.12604729783231,
      59.03484313846721,
      552.1476599940588
    ],
    [
      "DEB-DDCAD758",
      -16.18747888728044,
      93.68837788148953,
      511.87988387972473
    ],
    [
      "DEB-CF2CCCD0",
      32.064318207929475,
      -75.41704748590539,
      286.3302650621008
    ],
    [
      "DEB-D5D88D68",
      -0.889522296772428,
      10.685497044057346,
      466.9869577975469
    ],
    [
      "DEB-0A0DE53A",
      -12.47916338355682,
      -157.65538807155357,
      583.4967056226269
    ],
    [
      "DEB-57795FE8",
      3.234466227667353,
      -44.0229897362919,
      364.284806450587
    ],
    [
      "DEB-5A1ECBB5",
      11.359756876720015,
      -160.36589439408618,
      531.9499439267784
    ],
    [
      "DEB-E8DC7C0E",
      -19.597340778813265,
      133.44698001121574,
      793.577940914236
    ],
    [
      "DEB-801AB9F7",
      -3.4841919125552407,
      -27.35448621775199,
      523.1182780830832
    ],
    [
      "DEB-3342675B",
      -32.42016850416318,
      -139.99559771601483,
      384.97927772342155
    ],
    [
      "DEB-BFEC9C74",
      6.283230078159913,
      -82.89156880041915,
      674.3929922683628
    ],
    [
      "DEB-B26D0C79",
      77.70336533524342,
      165.75263753636474,
      911.4178295825122
    ],
    [
      "DEB-F094BB65",
      22.464814731785058,
      -88.84100547928598,
      130.67646869732653
    ],
    [
      "DEB-D385F0B7",
      37.53397927382339,
      146.70439813009367,
      804.0852041635808
    ],
    [
      "DEB-49696C62",
      56.292188444333654,
      -168.22183842547363,
      199.70926116409282
    ],
    [
      "DEB-7C5AB3C5",
      12.753103232525936,
      121.2488376521667,
      135.43642825230927
    ],
    [
      "DEB-076806AF",
      32.90543047713622,
      122.76532397796069,
      741.2648503608152
    ],
    [
      "DEB-281B488E",
      -21.0288643954613,
      89.7886021928781,
      671.9040536740731
    ],
    [
      "DEB-1F620E12",
      1.801204224677172,
      -45.5610795546041,
      497.14646405447274
    ],
    [
      "DEB-3D4A27E0",
      -50.51381878552824,
      -173.90424877939876,
      672.1925100369363
    ],
    [
      "DEB-6624D85E",
      18.06857842164876,
      -55.18615528073467,
      360.8850482622056
    ],
    [
      "DEB-A736416B",
      14.336033542082404,
      128.55168640555647,
      767.3295880729247
    ],
    [
      "DEB-50B5CFC8",
      -54.69194501262123,
      -90.92910611640791,
      564.1190637794107
    ],
    [
      "DEB-EB32A73D",
      38.676173272662666,
      33.96965525599941,
      544.9692082463598
    ],
    [
      "DEB-6041272A",
      -48.33131136144475,
      128.25356273729096,
      248.6128563565917
    ],
    [
      "DEB-4A6E350E",
      -71.17918437140567,
      29.94607003515617,
      197.07457046049512
    ],
    [
      "DEB-02E958EC",
      -56.98312167255927,
      165.82128426623024,
      698.7370268163422
    ],
    [
      "DEB-68D7692F",
      -47.594356752607446,
      177.34164529729176,
      746.5938607716535
    ],
    [
      "DEB-590E9785",
      13.65197323621937,
      -144.2426710769525,
      787.5556325632551
    ],
    [
      "DEB-23AE8898",
      -30.298801130407796,
      -34.95542455117732,
      308.80463815912844
    ],
    [
      "DEB-D3F0CDDA",
      -12.014611697944819,
      88.45080396320468,
      419.4942763337622
    ],
    [
      "DEB-83CA96AC",
      27.08181880227008,
      -171.36261620909616,
      563.9241864307132
    ],
    [
      "DEB-88B105AD",
      52.23040699008957,
      -148.8911348357012,
      760.7497268939078
    ],
    [
      "DEB-2479FB7E",
      -31.00038183545099,
      162.22396879684112,
      458.55269959500856
    ],
    [
      "DEB-5721BB0B",
      22.667723844194022,
      154.11190473978883,
      474.1248835749984
    ],
    [
      "DEB-3B95FFC8",
      35.38998224574649,
      -2.668075682888596,
      160.8959591195462
    ],
    [
      "DEB-3FD520EE",
      -74.70935389765864,
      -6.529263079908987,
      570.8856072789258
    ],
    [
      "DEB-4BC62D92",
      7.210788028956243,
      41.14000443556478,
      142.31698301641063
    ],
    [
      "DEB-9D006ADA",
      73.08993105196146,
      153.75744093679788,
      392.0142860356709
    ],
    [
      "DEB-8D248870",
      -3.171902005049038,
      128.67617671272708,
      249.50975236742943
    ],
    [
      "DEB-6004BFD2",
      5.183467273684746,
      -111.84795246872258,
      618.2405224742124
    ],
    [
      "DEB-0E188D77",
      -32.493471696972655,
      29.335487212440416,
      170.46197400608253
    ],
    [
      "DEB-8A80BFB7",
      48.20980406277853,
      31.277355963942398,
      415.8277502952924
    ],
    [
      "DEB-F412C7AB",
      23.820070426204058,
      124.40265960265204,
      427.19564093483314
    ],
    [
      "DEB-33DCB86B",
      25.670157541164148,
      -90.18668206737306,
      616.9245606236864
    ],
    [
      "DEB-C75A1338",
      4.589128723643849,
      -1.0560336478423815,
      380.2152815708605
    ],
    [
      "DEB-A99661E3",
      -29.139885237027382,
      -19.543440262527092,
      793.9161829619879
    ],
    [
      "DEB-4DDC29C9",
      -46.52831494503799,
      -81.90337524988813,
      886.5627868766205
    ],
    [
      "DEB-B791FD12",
      13.6479676813195,
      35.10507487068367,
      447.47526632938025
    ],
    [
      "DEB-14ABCAEF",
      25.48232063944118,
      -32.85233025045745,
      652.0056151926892
    ],
    [
      "DEB-E779F972",
      -43.37512882474229,
      123.63683466403289,
      338.0563265498977
    ],
    [
      "DEB-B1AF94C8",
      58.90982074611507,
      125.06916139620164,
      685.5301002833339
    ],
    [
      "DEB-3047840A",
      12.191216889920872,
      111.29702343164112,
      787.9415230344375
    ],
    [
      "DEB-637CC45B",
      -19.404711521447684,
      -172.39530249807405,
      850.9795655659909
    ],
    [
      "DEB-805FE8C9",
      -31.8261289504421,
      -14.655284417435203,
      411.6385355165721
    ],
    [
      "DEB-F36637F0",
      -30.076165540706814,
      -45.19411066781068,
      387.28953685207125
    ],
    [
      "DEB-12AD269D",
      -48.10089309366066,
      -19.59997758016153,
      335.18218146345953
    ],
    [
      "DEB-D3AF017C",
      0.7772818101927467,
      101.50652388500387,
      200.7589941498445
    ],
    [
      "DEB-0B47ADBA",
      -5.521938232243859,
      32.27874375950468,
      898.596352719791
    ],
    [
      "DEB-4B987A29",
      -37.723740935508346,
      138.45761929507256,
      892.2796584575981
    ],
    [
      "DEB-27B90D17",
      36.99202153246656,
      109.3365414549562,
      800.7356962035028
    ],
    [
      "DEB-3542E25E",
      57.43696150141284,
      9.92115595369365,
      241.81069968753854
    ],
    [
      "DEB-56A77371",
      -17.2752218397846,
      171.724616876726,
      906.3285127997915
    ],
    [
      "DEB-FD07BA29",
      -18.531319438682683,
      -73.82646862652322,
      524.6824710726405
    ],
    [
      "DEB-48DC243B",
      -61.9093117621428,
      177.761514320957,
      575.8217343637962
    ],
    [
      "DEB-E4908038",
      67.64826491689776,
      -85.24116714720469,
      768.6275642094924
    ],
    [
      "DEB-001F8199",
      -35.45953954391673,
      155.95940900971982,
      867.408821678684
    ],
    [
      "DEB-875B4F76",
      -39.63149098590514,
      -132.32470457654574,
      384.5757859192245
    ],
    [
      "DEB-95ADCB54",
      2.674936257447868,
      1.9125567264493972,
      650.2696149740241
    ],
    [
      "DEB-D218EA6F",
      69.87001810227449,
      83.19322144974542,
      235.97692278588238
    ],
    [
      "DEB-375BF121",
      56.84269565000825,
      -153.66652634763096,
      807.8319052723409
    ],
    [
      "DEB-77CE693E",
      -8.629900034609715,
      -152.23535561074195,
      464.4007366207461
    ],
    [
      "DEB-13E88264",
      46.97689605189392,
      -122.51253297356008,
      678.1147267746674
    ],
    [
      "DEB-66D52437",
      -47.211735047118204,
      -107.27074248946408,
      396.96433963012896
    ],
    [
      "DEB-B00B1098",
      -42.23704225780005,
      -103.48220054442548,
      506.97286344960685
    ],
    [
      "DEB-BF9F0B57",
      45.933006941205846,
      152.5809249025183,
      133.1752360374694
    ],
    [
      "DEB-A279A5A7",
      13.580384497574544,
      79.55085194690992,
      231.73086944563602
    ],
    [
      "DEB-60A53D6E",
      -38.29838219142109,
      50.75300160722896,
      745.1970745060435
    ],
    [
      "DEB-2530D031",
      21.87947404041351,
      80.08481727864654,
      585.4882148354609
    ],
    [
      "DEB-F14066E9",
      -10.5769315922826,
      30.528887519057285,
      380.41215309115614
    ],
    [
      "DEB-2CB29C40",
      -66.58697738480852,
      16.691628153610278,
      530.2392558819256
    ],
    [
      "DEB-F90D8802",
      -25.726621480847605,
      -113.51718396724749,
      615.188986086494
    ],
    [
      "DEB-6EDE1981",
      -16.422391915238286,
      153.59375029807623,
      489.8513611965709
    ],
    [
      "DEB-933E83A4",
      -71.31510749963698,
      -47.808241419494436,
      587.5909501879605
    ],
    [
      "DEB-40C9BD7C",
      -57.12651163657874,
      -96.4324780784543,
      370.15286809244844
    ],
    [
      "DEB-E25380B7",
      19.62455679395199,
      -106.8751513679262,
      189.01494199172976
    ],
    [
      "DEB-31CFEF54",
      22.429073685284486,
      -35.38707135249632,
      405.444895842591
    ],
    [
      "DEB-B32F8104",
      32.10020188435927,
      -126.7330624197932,
      325.6521673845218
    ],
    [
      "DEB-6AC26277",
      -19.920393069840145,
      88.83383073973587,
      607.8735114047267
    ],
    [
      "DEB-123708B4",
      -8.16848666328267,
      144.00970765832457,
      334.40658783587423
    ],
    [
      "DEB-E3B7D5C5",
      -44.63672022244482,
      -103.35817735776571,
      532.0185574768402
    ],
    [
      "DEB-64BB5571",
      -13.282903965144671,
      -76.72096466496824,
      420.9231808560635
    ],
    [
      "DEB-024A25AB",
      31.91368472723395,
      -168.78236084506221,
      791.9418948263392
    ],
    [
      "DEB-6B29A57B",
      -45.36128358779029,
      73.88195049722957,
      654.2533422304687
    ],
    [
      "DEB-56099D77",
      43.61074966406494,
      -140.62704704225712,
      289.73067825020735
    ],
    [
      "DEB-6C522A7E",
      -26.4277168352829,
      115.94038776295412,
      263.9176223363047
    ],
    [
      "DEB-6BC6A435",
      62.181033939829085,
      54.64102967310058,
      759.8236360903775
    ],
    [
      "DEB-82034977",
      -25.56855585076715,
      -106.3723071281777,
      558.50167622545
    ],
    [
      "DEB-B0AF2D78",
      -20.135738194115426,
      -134.44271811927558,
      776.6873439112615
    ],
    [
      "DEB-E4B90EF3",
      -84.18614558747726,
      41.028739386164474,
      599.7833243377718
    ],
    [
      "DEB-B53DDFC0",
      34.08461878894047,
      -63.03284792898306,
      798.728847674598
    ],
    [
      "DEB-F5897106",
      -55.01937067738776,
      98.24768533346291,
      363.30413864994534
    ],
    [
      "DEB-251A1334",
      -41.8793121902437,
      172.5861220956503,
      557.2327420612073
    ],
    [
      "DEB-906D7932",
      -11.597821761932272,
      -176.74089710916888,
      797.7459320422495
    ],
    [
      "DEB-1863314E",
      -0.11980666487396241,
      -120.91095652534581,
      403.2323457456105
    ],
    [
      "DEB-54856B8E",
      -8.78652874178513,
      -39.514814849306774,
      418.8511383039486
    ],
    [
      "DEB-4F26575F",
      -50.71453096919533,
      40.661573312001444,
      139.55937562525833
    ],
    [
      "DEB-ED24AF14",
      12.352973879047017,
      59.99994687791455,
      323.55738870383357
    ],
    [
      "DEB-D4C074B0",
      -11.696059626680094,
      -13.154961513737687,
      336.89301829998203
    ],
    [
      "DEB-BF7B65FA",
      16.447546878025108,
      120.49676089541094,
      270.0145909023904
    ],
    [
      "DEB-A15C5414",
      -65.22802358462762,
      -53.11359111334471,
      718.9208521045412
    ],
    [
      "DEB-F363AAA1",
      -11.749091006913721,
      79.43652975385017,
      616.1098298895258
    ],
    [
      "DEB-C208AE79",
      7.433993775816346,
      0.8440004570957972,
      797.3312481862195
    ],
    [
      "DEB-F19F1A9C",
      3.8281783345026366,
      19.485833659015626,
      850.4637052655926
    ],
    [
      "DEB-321E1668",
      -24.052230788646927,
      0.9087967170590223,
      723.6870916304943
    ],
    [
      "DEB-CCAFFD1B",
      -7.497057359771791,
      -133.10763967503857,
      883.5883759542266
    ],
    [
      "DEB-4BA1674B",
      -13.352663303502565,
      -84.65325819541734,
      718.693214948471
    ],
    [
      "DEB-32F419FC",
      56.13982019465465,
      24.506912132986667,
      301.7739981244804
    ],
    [
      "DEB-A061FB1A",
      45.07535082262735,
      52.92149714980298,
      141.78316294186516
    ],
    [
      "DEB-33746F95",
      -24.424405546363268,
      78.96073029931665,
      513.8741046320056
    ],
    [
      "DEB-96D5134B",
      13.775634638195712,
      -72.63445953278242,
      515.4222579052484
    ],
    [
      "DEB-8D394C99",
      -47.22684258849649,
      109.00841015865191,
      497.11293258196656
    ],
    [
      "DEB-46BDDCB5",
      4.72162773877662,
      -28.12597927297203,
      395.01875497916626
    ],
    [
      "DEB-4FF2908B",
      24.510719334584998,
      158.2663455247631,
      457.9829387108193
    ],
    [
      "DEB-69561167",
      61.76040963064096,
      -26.602712853426432,
      790.6136289902015
    ],
    [
      "DEB-59174E8A",
      -12.019027685580468,
      -10.490505023658605,
      853.859616632767
    ],
    [
      "DEB-F98DB86B",
      16.300342648762264,
      128.30009741971048,
      866.4994563725959
    ],
    [
      "DEB-33174BC7",
      3.302630313580498,
      -133.94839980388667,
      457.41926008306837
    ],
    [
      "DEB-6CC54182",
      -7.46348697954575,
      -38.2300975229239,
      168.4041291634867
    ],
    [
      "DEB-838FDE2E",
      -7.829836694996666,
      21.830501577934164,
      338.5204797423539
    ],
    [
      "DEB-C2861655",
      -40.86461332319875,
      -48.39633584822599,
      174.13472258886213
    ],
    [
      "DEB-0F33214C",
      -46.91106698098095,
      -141.2188839443749,
      410.5730338310759
    ],
    [
      "DEB-6235CE11",
      -47.67889943336954,
      -3.4453341025754396,
      200.74736781833417
    ],
    [
      "DEB-A5B28A5D",
      10.887473030354798,
      -142.8199508359226,
      789.3180693591812
    ],
    [
      "DEB-B3D0C814",
      40.07764742535213,
      51.638004970685785,
      215.31736943275428
    ],
    [
      "DEB-264E41C4",
      4.11487822472927,
      -44.11732897532581,
      632.4473187812364
    ],
    [
      "DEB-FF5E05C3",
      15.328319351133887,
      130.2076720035001,
      438.3094707391292
    ],
    [
      "DEB-CC05FDA6",
      51.172837263419616,
      176.446184316468,
      462.41024542773266
    ],
    [
      "DEB-4904F960",
      -64.29392624079793,
      -62.10291144309181,
      454.9530327054499
    ],
    [
      "DEB-C580FE0A",
      -38.61074253314293,
      77.15578380353813,
      919.2619471187409
    ],
    [
      "DEB-04057C6A",
      53.99766105999828,
      -10.508957433652172,
      706.5011161365528
    ],
    [
      "DEB-31606209",
      -42.63901452898545,
      -14.059605576423941,
      151.25599560018054
    ],
    [
      "DEB-4E2A62AA",
      -2.1916745483823004,
      -86.60825752905346,
      879.8481330184468
    ],
    [
      "DEB-9AA72F42",
      -34.47965627667527,
      82.1712320602588,
      800.7195154288775
    ],
    [
      "DEB-4F7A2118",
      28.766997361178063,
      -174.44442541368986,
      582.9131798739372
    ],
    [
      "DEB-2CFADA2D",
      44.8222838984864,
      -130.20973193630056,
      669.5495380985294
    ],
    [
      "DEB-057F075D",
      -6.834288580703395,
      110.94428091296643,
      227.48867534568308
    ],
    [
      "DEB-EB8C2533",
      69.09340227903292,
      72.89764131419119,
      565.1101768611461
    ],
    [
      "DEB-FB86F26D",
      -10.356300606708723,
      -72.31257089820262,
      390.11066047254735
    ],
    [
      "DEB-15349528",
      -29.041920676939935,
      -16.912596464756795,
      240.08338255179933
    ],
    [
      "DEB-B2357135",
      40.763631805471796,
      -75.9332173114031,
      412.3326018221351
    ],
    [
      "DEB-7954F35B",
      -60.85770979261349,
      -117.80720707134398,
      191.00541746998806
    ],
    [
      "DEB-46748EC5",
      -0.25530248428700525,
      -47.94494094079,
      674.5353909891674
    ],
    [
      "DEB-37013199",
      -82.01230026876239,
      -5.349116282222624,
      636.6128594394431
    ],
    [
      "DEB-D6CA51B9",
      -43.502881451471616,
      -15.286086076786532,
      824.6889824993814
    ],
    [
      "DEB-8A8F37E6",
      -47.24345479334294,
      136.43096574720954,
      329.9163229200649
    ],
    [
      "DEB-6050E8B9",
      8.312300990635134,
      -162.80764190110673,
      303.25071939019654
    ],
    [
      "DEB-69C2C865",
      54.24764112227505,
      -169.5122984933709,
      853.7060441976218
    ],
    [
      "DEB-AB583B00",
      -29.265784905441294,
      53.13271335796523,
      659.9164508797239
    ],
    [
      "DEB-F10D3504",
      -72.23446109518555,
      167.1457058826646,
      526.9857524149884
    ],
    [
      "DEB-604CC09C",
      -33.024763205665344,
      -49.29842827340228,
      473.09044220724627
    ],
    [
      "DEB-3F4AA209",
      3.707985068197257,
      154.81177591203746,
      507.8038713377191
    ],
    [
      "DEB-F435784F",
      -27.853053172005552,
      48.745928340701276,
      873.9102117110524
    ],
    [
      "DEB-E9051547",
      -53.01790982899663,
      64.81629764555231,
      628.5124140897196
    ],
    [
      "DEB-28AEE1B5",
      32.240142055498254,
      38.27956485293877,
      807.0595333035972
    ],
    [
      "DEB-3F214969",
      -34.60902663992354,
      169.28141911461617,
      189.91238792022614
    ],
    [
      "DEB-27246B82",
      -65.76867087970813,
      127.34470853848799,
      442.24115687241283
    ],
    [
      "DEB-29DCC8D7",
      -32.024775634705186,
      169.85428647213672,
      924.5854081202724
    ],
    [
      "DEB-0BA005BA",
      17.476014334070516,
      -82.9439139735602,
      721.1447694980634
    ],
    [
      "DEB-0A71FD7A",
      51.65611203065751,
      -77.9092665060724,
      777.2227399683288
    ],
    [
      "DEB-0721AC4B",
      33.69767822150167,
      158.5853806519384,
      584.3472870420392
    ],
    [
      "DEB-4D315B83",
      -6.73586590321407,
      161.77558432422592,
      813.0779226096529
    ],
    [
      "DEB-1289B578",
      -31.973404316769653,
      -6.798749356122652,
      654.4556417630738
    ],
    [
      "DEB-D2ED9A4C",
      26.52200261199918,
      -159.5009222392947,
      584.4119138771521
    ],
    [
      "DEB-FC714B39",
      7.284934007350951,
      47.89431767605968,
      410.41267152612545
    ],
    [
      "DEB-B5FE68DA",
      -1.8609704355392904,
      -177.89983793540625,
      162.99762404418288
    ],
    [
      "DEB-FBDD6099",
      -9.368801582916443,
      -80.05216352232914,
      814.5815062877173
    ],
    [
      "DEB-EFDADEC3",
      -20.08810675432791,
      90.3247374384093,
      582.6834836755934
    ],
    [
      "DEB-E0D7E10F",
      57.97641895178225,
      -2.1164580369526464,
      401.79138869967755
    ],
    [
      "DEB-33F6DC84",
      15.695671603404259,
      176.45630400014278,
      499.32288063216583
    ],
    [
      "DEB-DA8D4086",
      -36.40070888447391,
      -155.41966032005377,
      780.0348623109367
    ],
    [
      "DEB-F72BF126",
      -16.71816350901332,
      41.38491137119402,
      515.1678107375965
    ],
    [
      "DEB-35E7B89D",
      61.65082698040022,
      -95.35027385377536,
      527.7806657447882
    ],
    [
      "DEB-7A9FE4E3",
      0.9720296169890033,
      -81.42133842742376,
      549.7275934792451
    ],
    [
      "DEB-3B9ADF39",
      -27.149031579971886,
      -161.33824541445023,
      407.2928142229448
    ],
    [
      "DEB-E4CA8BAB",
      -50.846439116369815,
      116.26653056278845,
      383.05500885555193
    ],
    [
      "DEB-60B2843C",
      -62.59678586153866,
      79.32650787944843,
      503.37503794042095
    ],
    [
      "DEB-CFC9BC9E",
      33.76772878392333,
      156.08521646881113,
      268.15088532823665
    ],
    [
      "DEB-BED0E526",
      -42.71011999706922,
      110.35564747690907,
      221.26310516123704
    ],
    [
      "DEB-525791E5",
      61.43937832883204,
      95.99011070542552,
      359.9110285434399
    ],
    [
      "DEB-E1790563",
      79.20746808678751,
      -107.7398404093564,
      744.092039131514
    ],
    [
      "DEB-14827E5A",
      -35.34426129848029,
      -52.018553341600935,
      316.7783159124674
    ],
    [
      "DEB-3A341001",
      12.768451352196916,
      -40.87110578756811,
      858.8376704345919
    ],
    [
      "DEB-08F26516",
      62.064119208493615,
      -79.8662393021498,
      538.3586776105249
    ],
    [
      "DEB-FFDDBD7F",
      -31.988603376379224,
      41.1050171225631,
      815.7475707794902
    ],
    [
      "DEB-F1235F0A",
      -81.3330544229927,
      29.59950482960792,
      707.4721035462044
    ],
    [
      "DEB-0CA0342E",
      5.078604565132937,
      12.28761399805569,
      509.400958897274
    ],
    [
      "DEB-46F03128",
      -13.097128125614416,
      175.00668728144157,
      426.23911602028784
    ],
    [
      "DEB-D0B73D5A",
      -73.27676796339071,
      143.6545792598702,
      126.3484740392787
    ],
    [
      "DEB-A615619D",
      71.16305833910157,
      152.70656327882512,
      697.1654086694789
    ],
    [
      "DEB-726608C8",
      -30.23390508320382,
      -8.501537979794612,
      630.9165797825544
    ],
    [
      "DEB-8A66F461",
      61.45773052505373,
      27.935412443779335,
      294.8552215573545
    ],
    [
      "DEB-89CB37EC",
      84.60727039909271,
      131.93126994020062,
      771.4584599831724
    ],
    [
      "DEB-08D29BC1",
      -50.81007893007171,
      -17.5092897163769,
      399.9796591150189
    ],
    [
      "DEB-7D3238BF",
      23.21273895165422,
      -84.96131995725767,
      466.4256667929849
    ],
    [
      "DEB-8770F0C8",
      -50.47833613143077,
      114.39792572052778,
      733.150692132419
    ],
    [
      "DEB-4A9934C6",
      -54.1035063244701,
      41.458472119386236,
      313.8578853041017
    ],
    [
      "DEB-BF116222",
      -47.06524351861434,
      -65.2604714646644,
      346.1821472566944
    ],
    [
      "DEB-6D204DB4",
      -11.397579002799404,
      -90.76937181423915,
      133.33407986499606
    ],
    [
      "DEB-6541B8EF",
      -43.655555787459924,
      -86.14673551702178,
      573.393705107831
    ],
    [
      "DEB-DE9C684E",
      -1.800708985077347,
      47.822679130791926,
      857.1890650554242
    ],
    [
      "DEB-28F2438B",
      -59.208363119746636,
      -161.83564895082066,
      606.3528508057952
    ],
    [
      "DEB-8708C923",
      34.665572575471145,
      -118.44032887685142,
      791.5576845124242
    ],
    [
      "DEB-EAD4CB70",
      6.630379589092655,
      -172.8428844639653,
      221.13755895697795
    ],
    [
      "DEB-5F4B3CC4",
      -31.314249371686355,
      103.37104447976094,
      840.7855974919012
    ],
    [
      "DEB-B7CB3159",
      -8.520138858958857,
      179.54287804606147,
      549.7032200475387
    ],
    [
      "DEB-A1FADD89",
      -34.544100187409505,
      -70.51693987852472,
      292.1175574662284
    ],
    [
      "DEB-C4226251",
      43.9847300229897,
      178.17963196386447,
      497.1331879427089
    ],
    [
      "DEB-C6A67634",
      36.67252144601019,
      -26.893353282859373,
      872.8292393960046
    ],
    [
      "DEB-3997A87F",
      -34.89667003328975,
      -37.875014382768704,
      827.5213672504124
    ],
    [
      "DEB-520A9428",
      -9.941325430317736,
      14.917770691515257,
      152.565973231538
    ],
    [
      "DEB-21B6E2C4",
      7.332390405021947,
      108.71991546423345,
      510.89552152950455
    ],
    [
      "DEB-3C6948EB",
      53.947624408272915,
      130.00476117981103,
      632.7857232378183
    ],
    [
      "DEB-1616510B",
      2.40340914157461,
      98.93824987650224,
      415.57821709895325
    ],
    [
      "DEB-8FA6A943",
      7.155365347723,
      -112.24355829573472,
      777.5107174466202
    ],
    [
      "DEB-859A237A",
      -18.30588755541889,
      117.79379360662156,
      747.3256142263599
    ],
    [
      "DEB-330E6649",
      28.119851470972325,
      -16.033786040803516,
      341.5484081071081
    ],
    [
      "DEB-5A12AEEB",
      -17.144799496632764,
      0.944794327352401,
      827.5342169585783
    ],
    [
      "DEB-D51E60C3",
      65.03052220777032,
      67.09171771916606,
      558.770030004478
    ],
    [
      "DEB-2B2DB96F",
      -33.519686064756954,
      158.85305480015552,
      555.2327137949651
    ],
    [
      "DEB-C35DA9AE",
      21.102521963158363,
      39.563614376934275,
      880.8398180992672
    ],
    [
      "DEB-CB20042E",
      -1.3785346157962217,
      151.10089033757848,
      407.256387434335
    ],
    [
      "DEB-905B7794",
      -37.835422202113826,
      -156.3415069659853,
      849.3643116027451
    ],
    [
      "DEB-B2E9361F",
      -13.4161863036175,
      12.28561466124903,
      462.51691148989084
    ],
    [
      "DEB-C2FE3577",
      28.027875608566756,
      143.10775240118306,
      565.9018237735254
    ],
    [
      "DEB-5B67634A",
      -53.56096139606069,
      13.037320131442844,
      913.4089893867504
    ],
    [
      "DEB-EEE5C24E",
      -22.371484993238948,
      -169.07808103936338,
      880.9470779007906
    ],
    [
      "DEB-7C13C105",
      -6.666803761583863,
      21.213189215170537,
      366.7887169419573
    ],
    [
      "DEB-70B56D04",
      48.52487685831539,
      -71.56052314515745,
      448.6221716528671
    ],
    [
      "DEB-B8436039",
      32.62429620495654,
      -46.1944489132191,
      655.1129114372361
    ],
    [
      "DEB-7994256D",
      31.60046662878247,
      14.834039174026941,
      773.8212852002462
    ],
    [
      "DEB-4815DB34",
      18.594630262579457,
      -51.57904696791776,
      765.8742074660076
    ],
    [
      "DEB-4070A1C6",
      50.40172886944959,
      112.3399108795644,
      305.0189095163296
    ],
    [
      "DEB-899AFFD9",
      53.445360657529,
      28.197943993641417,
      207.529449089654
    ],
    [
      "DEB-42948BC7",
      27.999988259730706,
      69.47569559637367,
      462.2069997880353
    ],
    [
      "DEB-1C1F0907",
      -47.69482167267539,
      -165.56680868356702,
      851.1111080783357
    ],
    [
      "DEB-68CEEC05",
      -1.9420503226403163,
      -5.596732221193436,
      537.2516457875008
    ],
    [
      "DEB-AE4654CC",
      -41.507204291627296,
      -109.77005128231518,
      413.67076782854383
    ],
    [
      "DEB-AEBAD3D6",
      49.71447897902119,
      136.23139755467813,
      789.5226525346034
    ],
    [
      "DEB-692058A4",
      43.35336616117438,
      64.56498704549993,
      342.7298126106343
    ],
    [
      "DEB-1018A966",
      -13.997775173634276,
      9.589824666799121,
      899.7397230178503
    ],
    [
      "DEB-8A51853A",
      18.559897902473775,
      -28.580267175261444,
      677.7183161424136
    ],
    [
      "DEB-7EC25FAB",
      -70.38494151099667,
      -100.53662247774224,
      815.6464009497668
    ],
    [
      "DEB-E0199377",
      26.276336805243364,
      -28.07894709174478,
      557.5308170426142
    ],
    [
      "DEB-850F42C3",
      -46.14598909687444,
      144.64153115136847,
      821.8618202925691
    ],
    [
      "DEB-38EB6684",
      42.70499649156928,
      178.6157763762793,
      888.137559913378
    ],
    [
      "DEB-C6A68D8C",
      66.46871112541582,
      -168.5956820214213,
      665.481897763596
    ],
    [
      "DEB-8B28759B",
      54.863100032673366,
      -7.93172692576342,
      662.6585529338408
    ],
    [
      "DEB-A89D51E8",
      -33.927361388986014,
      -115.29293688519334,
      382.91953171731075
    ],
    [
      "DEB-3F1188DF",
      -34.81947935053983,
      -161.5493049934009,
      782.9477298870679
    ],
    [
      "DEB-5D32368B",
      -4.65045421415243,
      85.2531489173826,
      196.54927662507998
    ],
    [
      "DEB-0B3B319E",
      -24.473922949848422,
      59.13837736000382,
      716.7805833249004
    ],
    [
      "DEB-5CA18FA5",
      -48.108297528122456,
      -64.98091344504628,
      213.88749129694497
    ],
    [
      "DEB-FF6A9827",
      0.17574715323644188,
      -37.670935088313946,
      806.1760911097736
    ],
    [
      "DEB-463F07A4",
      -28.87066441269467,
      152.33085234481118,
      463.34277513975576
    ],
    [
      "DEB-15132467",
      -55.23529280428201,
      -54.01849472870295,
      687.2230476670738
    ],
    [
      "DEB-F89F9706",
      40.97118467440958,
      -4.951505732557111,
      622.4816066201174
    ],
    [
      "DEB-6AAA931C",
      10.886847537501898,
      126.04565313410593,
      796.5967719232594
    ],
    [
      "DEB-47A686B0",
      -42.14348133320795,
      148.61141332586544,
      610.5502876238561
    ],
    [
      "DEB-3A99BAF6",
      -32.23935878455673,
      -101.74826877965224,
      466.1530010723509
    ],
    [
      "DEB-09393348",
      -24.32678536901648,
      -140.4225648987068,
      721.5662031687543
    ],
    [
      "DEB-5657A4C8",
      -29.264774412777466,
      -151.53409511653587,
      669.6639756155355
    ],
    [
      "DEB-E3F3C6A2",
      -31.778238429030072,
      -32.64630742559324,
      155.1727015954284
    ],
    [
      "DEB-86C90B30",
      62.09370418149372,
      120.82984253099778,
      625.7319190838307
    ],
    [
      "DEB-5F31BED3",
      55.898559913098595,
      -120.9848267742048,
      460.9664206309026
    ],
    [
      "DEB-45E48819",
      -79.46233437218811,
      121.00048512202635,
      242.25454710502436
    ],
    [
      "DEB-304A5061",
      43.61675264976606,
      -77.77915313804841,
      848.0030311154997
    ],
    [
      "DEB-BF4A183D",
      59.60433143715861,
      25.363000198310978,
      484.656654526113
    ],
    [
      "DEB-19751C91",
      -20.358325760226595,
      -93.58996523188343,
      626.3304562874673
    ],
    [
      "DEB-D81724AF",
      39.736075695213124,
      162.10331505310108,
      570.0422566089774
    ],
    [
      "DEB-629FE2C6",
      32.89531714881438,
      108.09042641597273,
      256.2811709501275
    ],
    [
      "DEB-87BBA8C3",
      -40.08634489021557,
      -32.34328480864831,
      562.4603983728312
    ],
    [
      "DEB-E619F2BD",
      8.908960842100411,
      -130.32822950782293,
      824.5479298304299
    ],
    [
      "DEB-B1FC5ABE",
      -43.344894655765586,
      -106.43672510232929,
      385.9877956754308
    ],
    [
      "DEB-7912DA37",
      -25.942569902612302,
      47.23492431890107,
      852.0437087430391
    ],
    [
      "DEB-91952805",
      30.597468296614895,
      73.17310030920268,
      465.92293752325895
    ],
    [
      "DEB-B9AD1BA7",
      -25.338581861946395,
      -144.36727533515943,
      802.5828156166026
    ],
    [
      "DEB-02363B6D",
      35.120012147408005,
      50.32101808442196,
      326.361994998103
    ],
    [
      "DEB-AF6058C3",
      62.8653594731003,
      -103.43372971712209,
      836.2982737860457
    ],
    [
      "DEB-741DEA15",
      -64.92512688092499,
      -153.13719967206092,
      345.9238932240969
    ],
    [
      "DEB-B597772F",
      -25.653570603806557,
      -105.31652335128594,
      495.6308683944726
    ],
    [
      "DEB-F32BAA30",
      -66.76165989931343,
      29.59131412868608,
      810.296945416655
    ],
    [
      "DEB-5F5C0D70",
      5.7035825257668815,
      179.4227952513624,
      513.0625739162651
    ],
    [
      "DEB-A8CB7726",
      50.027810627763,
      174.12968154611514,
      254.07162994591909
    ],
    [
      "DEB-008495FD",
      -37.08917848808081,
      139.32303979345568,
      120.67833607473494
    ],
    [
      "DEB-A19A24A4",
      27.62151747535687,
      67.5246895514204,
      386.98074377869216
    ],
    [
      "DEB-FA50A5BA",
      -44.34080408657475,
      -35.31146561243786,
      296.43664563925904
    ],
    [
      "DEB-3FE577D8",
      -66.50184768657769,
      175.42465619066456,
      133.93830407342648
    ],
    [
      "DEB-B27FBBD1",
      72.51164439889875,
      -34.89116582546064,
      291.40004205174864
    ],
    [
      "DEB-BC246388",
      12.244767845045025,
      151.63405229635603,
      444.5166145948033
    ],
    [
      "DEB-2DAE9C5F",
      -25.34888923837593,
      118.49865795772403,
      242.63511594121883
    ],
    [
      "DEB-D13EB529",
      -35.57514983553789,
      145.87726288358672,
      666.5362091088164
    ],
    [
      "DEB-FAA501FB",
      50.97044088993858,
      -54.304347295759705,
      820.775015742458
    ],
    [
      "DEB-641538D5",
      -25.232056738677823,
      178.14607571067802,
      578.618225197537
    ],
    [
      "DEB-34959082",
      16.854884357540595,
      -110.24684766571382,
      552.1192042496941
    ],
    [
      "DEB-2D914FA4",
      80.31548615685581,
      61.627392716630574,
      413.0376086578426
    ],
    [
      "DEB-BA5B1C88",
      37.874782799284674,
      57.5441294530394,
      715.5577166174453
    ],
    [
      "DEB-EDAA47F9",
      2.0600512265061672,
      62.468707660119975,
      718.8283840144677
    ],
    [
      "DEB-9ED86CDA",
      72.05121480099743,
      -120.31643950563883,
      445.1928154581001
    ],
    [
      "DEB-34BAD1F4",
      -29.505138987972114,
      -0.17574951159888752,
      661.765514980546
    ],
    [
      "DEB-D6339214",
      -6.90456800510859,
      -75.54020326851779,
      248.97138811384139
    ],
    [
      "DEB-F01EB3AF",
      38.945966317448224,
      16.13242938795641,
      722.7063704723305
    ],
    [
      "DEB-62662BFD",
      19.996824925433124,
      124.13686741887796,
      495.6094959804941
    ],
    [
      "DEB-E85FD8AF",
      -30.96647629312306,
      116.06239326210297,
      255.56430685160194
    ],
    [
      "DEB-164EBCBF",
      -50.75971973508992,
      -80.0612219165034,
      303.91802502750124
    ],
    [
      "DEB-20316DF1",
      -36.53238514915299,
      152.20684363210282,
      618.3498196407154
    ],
    [
      "DEB-D4302C20",
      -38.84231289509484,
      148.09401116321476,
      474.03579715958494
    ],
    [
      "DEB-92A1973F",
      4.333330849206629,
      45.88327789113733,
      131.45880682498955
    ],
    [
      "DEB-A904128A",
      -40.68936947988789,
      -76.63003421250527,
      898.0385820784477
    ],
    [
      "DEB-2EB0150F",
      15.864990357260758,
      86.63869364304877,
      655.8177050276881
    ],
    [
      "DEB-B647AF75",
      4.240465178056811,
      -4.373152759338944,
      661.4267595227393
    ],
    [
      "DEB-6850AD9E",
      -29.723424146619255,
      -63.98924316036079,
      693.2458007145487
    ],
    [
      "DEB-F8F29A2A",
      66.60736826806206,
      -89.7445680752201,
      544.9289841481132
    ],
    [
      "DEB-4CE2948E",
      -33.97976963668575,
      -95.53691538984701,
      405.75998705338225
    ],
    [
      "DEB-7757F286",
      -17.096256941126505,
      -56.8032242383979,
      701.1405917761422
    ],
    [
      "DEB-43565B96",
      -34.73001569196057,
      -124.22150404901403,
      524.5433264350904
    ],
    [
      "DEB-57298A56",
      -26.284466569744627,
      43.71099231079578,
      765.981420210479
    ],
    [
      "DEB-0AAE4671",
      -65.96309552869016,
      30.946308066758142,
      580.3901283977148
    ],
    [
      "DEB-634F7CD8",
      -26.775122397874537,
      91.71000340572766,
      192.41035757743157
    ],
    [
      "DEB-BCAECB01",
      37.246414187208366,
      0.4942409686938162,
      711.5838615530029
    ],
    [
      "DEB-04ACC58B",
      -46.20662470407192,
      49.25434852045463,
      126.1029957817118
    ],
    [
      "DEB-F3957CD8",
      -13.910326125872446,
      -7.307445211356635,
      727.4129877019104
    ],
    [
      "DEB-572990FE",
      37.762991540128446,
      164.28475119786813,
      262.6393154518555
    ],
    [
      "DEB-E6F59D59",
      -14.691672189381988,
      24.559280529494835,
      503.1991003178018
    ],
    [
      "DEB-5D79FD75",
      61.41526721208354,
      -166.8268856972166,
      727.007713045029
    ],
    [
      "DEB-536BE5B4",
      27.944969535643704,
      -167.52439785163958,
      748.2892769761747
    ],
    [
      "DEB-F4D2E33E",
      42.88965210919654,
      -166.17750999831065,
      752.5271659132422
    ],
    [
      "DEB-4CF6B602",
      29.169663205213855,
      -46.52594987555999,
      830.0293802573988
    ],
    [
      "DEB-E19A9BA9",
      9.857714877071764,
      -126.81830068914373,
      799.6775000256976
    ],
    [
      "DEB-5EB9A352",
      -7.020142380554388,
      -75.71602220215878,
      582.5783823219153
    ],
    [
      "DEB-B267E1F9",
      39.90974407969765,
      74.59733866684888,
      362.51968563322043
    ],
    [
      "DEB-BA60611B",
      13.963896471790884,
      144.4771479417983,
      140.0038062204867
    ],
    [
      "DEB-D727B321",
      37.398860239216575,
      81.94140534064198,
      911.7521015214979
    ],
    [
      "DEB-C9874F35",
      -57.62672123657648,
      -125.91010984485555,
      213.68498495907534
    ],
    [
      "DEB-4FF9D29F",
      19.976359928330226,
      56.07978549819625,
      864.3980807210864
    ],
    [
      "DEB-2FB35EFD",
      -39.13120474691296,
      -151.80663590318866,
      906.2311799239314
    ],
    [
      "DEB-B9305DB6",
      1.6049254568519389,
      137.7986202016607,
      446.9072026528165
    ],
    [
      "DEB-09E3D33E",
      -9.047468040568665,
      82.28442824474104,
      524.1685264593516
    ],
    [
      "DEB-C8E05884",
      -35.89695889037791,
      154.3125395606894,
      187.3906620820062
    ],
    [
      "DEB-35BD1381",
      -25.439233243929124,
      14.35740251441394,
      707.1055776420071
    ],
    [
      "DEB-55D81810",
      32.197816081698505,
      78.93065366858718,
      860.331654035278
    ],
    [
      "DEB-D6613615",
      0.6141313027065834,
      -133.59889208483065,
      258.02911362931627
    ],
    [
      "DEB-FF587CE5",
      53.804985731889225,
      29.52267517675187,
      337.8685741193549
    ],
    [
      "DEB-65038C86",
      -51.22852457657375,
      149.68699857441132,
      761.3678791584362
    ],
    [
      "DEB-34F0AAAF",
      32.13017240957601,
      167.73417318988507,
      138.74246208563818
    ],
    [
      "DEB-78E20087",
      -22.420199770132736,
      -173.9361152422227,
      711.648023618026
    ],
    [
      "DEB-9E370E5E",
      23.66078645706291,
      -95.0561265634863,
      310.94896138145486
    ],
    [
      "DEB-EAAA0667",
      -78.883194196372,
      -177.7928348634155,
      460.3030749380332
    ],
    [
      "DEB-A9C99981",
      29.87039759522447,
      -33.78715866174994,
      528.7836108363899
    ],
    [
      "DEB-F757C776",
      35.62002366432797,
      52.33996257821534,
      148.931674282122
    ],
    [
      "DEB-CDD58B8B",
      28.01303187363221,
      77.21285629447189,
      515.245896670046
    ],
    [
      "DEB-3A7C05ED",
      -45.989396371202766,
      -22.736321318802226,
      541.712806546394
    ],
    [
      "DEB-C376BF6C",
      -68.78456759247004,
      26.09403854649005,
      880.3078502731105
    ],
    [
      "DEB-A2B027C8",
      -6.311560898335106,
      -14.580388549474312,
      224.31969260026563
    ],
    [
      "DEB-FEF24BFB",
      8.636951661917458,
      156.85517015829416,
      878.4877144162938
    ],
    [
      "DEB-7ECC38A3",
      -11.12215510662544,
      179.7585660038873,
      724.3575046762262
    ],
    [
      "DEB-BEF8AEA2",
      23.567119525056683,
      -94.64080094456574,
      841.699718460588
    ],
    [
      "DEB-BD2E35D0",
      -33.51083490261105,
      44.55910902044511,
      912.4516144644667
    ],
    [
      "DEB-BF65DA56",
      -56.02654620618815,
      68.59749358069185,
      539.3347251237092
    ],
    [
      "DEB-E024F62E",
      -46.51694212270489,
      99.96821046754188,
      759.5275430895772
    ],
    [
      "DEB-CD17D438",
      -27.7610250552302,
      57.71272345393123,
      503.68641230889534
    ],
    [
      "DEB-9AA729AE",
      -28.421712914581203,
      107.4340637122281,
      278.71665118897727
    ],
    [
      "DEB-E0266C3D",
      67.45497714359209,
      -58.30497782431909,
      663.6009518768242
    ],
    [
      "DEB-6126FA6C",
      -1.1874713555223018,
      -25.750773368604776,
      616.6754752562392
    ],
    [
      "DEB-328C5582",
      44.60531784265876,
      172.24856733862836,
      266.10434450391676
    ],
    [
      "DEB-858EA8CC",
      26.348617078902265,
      101.38531509603453,
      827.2699931902289
    ],
    [
      "DEB-E3892E1A",
      -5.348782657993966,
      -76.48555988069687,
      604.0757521873256
    ],
    [
      "DEB-53C3C323",
      15.096123917936254,
      158.54282520946003,
      709.9464258756725
    ],
    [
      "DEB-439E37A5",
      -71.44489590689669,
      38.15641223740836,
      473.7243025699627
    ],
    [
      "DEB-BE698265",
      -46.73942827290705,
      53.74750553808567,
      577.9747121149876
    ],
    [
      "DEB-51B377E6",
      -44.48679957386459,
      69.5769711039546,
      710.3862713762692
    ],
    [
      "DEB-99898520",
      61.42163310915182,
      -15.969280834533016,
      573.3938571020562
    ],
    [
      "DEB-9D7EEC4D",
      35.12412779777326,
      -64.58145311311024,
      525.7280933172251
    ],
    [
      "DEB-8BDB85E5",
      -8.5003152651266,
      27.005090646833413,
      782.3743938466687
    ],
    [
      "DEB-62FC6C44",
      -0.637974433701517,
      -8.43118318307598,
      916.31729791629
    ],
    [
      "DEB-E1CCAF3A",
      -15.644253883290801,
      139.39974175940588,
      440.95153757772005
    ],
    [
      "DEB-B1A40778",
      8.259012513003302,
      10.536689015384042,
      414.10451201956494
    ],
    [
      "DEB-C674FBF5",
      8.933111097016512,
      117.42420493143176,
      596.3646222338457
    ],
    [
      "DEB-C02EE0FA",
      2.0078997863419095,
      125.44765289954357,
      707.235688985128
    ],
    [
      "DEB-1CEBCC1A",
      -42.65528335593259,
      -73.77258530297922,
      141.28727105755388
    ],
    [
      "DEB-C677633B",
      47.78487517336461,
      -31.543729555606706,
      582.668166035839
    ],
    [
      "DEB-4E76281A",
      16.846483890884656,
      -134.8787617364841,
      420.2330965964002
    ],
    [
      "DEB-334A7A68",
      -6.301711377092287,
      12.481473742005338,
      305.73054053249325
    ],
    [
      "DEB-041E4B0E",
      14.485460862477694,
      117.07577206188769,
      671.8052557898736
    ],
    [
      "DEB-920C6FBF",
      42.156895701410775,
      -5.386810460589481,
      216.34327185492293
    ],
    [
      "DEB-11F09B98",
      30.06962686035661,
      16.809523071984515,
      635.6121450544033
    ],
    [
      "DEB-10682539",
      -8.188201394072628,
      -51.992809969952454,
      416.6998324060869
    ],
    [
      "DEB-66F1C490",
      -5.992389610889774,
      -158.61375592604097,
      567.3417535603239
    ],
    [
      "DEB-907EAEC5",
      -12.193204773533369,
      -99.66059801004198,
      219.96096909109292
    ],
    [
      "DEB-4C36B361",
      -56.860867300804486,
      -45.807783537032726,
      172.0293399869197
    ],
    [
      "DEB-9637F6E6",
      28.711904627031444,
      142.94236959142572,
      361.19769590344094
    ],
    [
      "DEB-99D94BEE",
      1.861992440135136,
      -162.9156435706479,
      306.6658987291603
    ],
    [
      "DEB-F92222F5",
      59.51470904313736,
      -38.687578177728625,
      636.4598097666012
    ],
    [
      "DEB-4F19D1CE",
      -32.443674575943646,
      26.754685486816044,
      776.6665006874236
    ],
    [
      "DEB-0A3EC4CF",
      -50.89032976334471,
      -138.25900741029074,
      672.2208739150792
    ],
    [
      "DEB-C58B5A4E",
      -10.757198926501262,
      58.15506092257206,
      312.39090423721063
    ],
    [
      "DEB-2DD128E6",
      21.884929043508567,
      -105.16247696359147,
      481.4916236818872
    ],
    [
      "DEB-75169EF7",
      -34.668541213131036,
      -113.1367770613136,
      369.9016924832122
    ],
    [
      "DEB-0F648C14",
      47.66655808510345,
      -69.63118032117605,
      288.24647002080656
    ],
    [
      "DEB-708CD923",
      -26.235624763381463,
      -65.7917478828417,
      737.0961721177991
    ],
    [
      "DEB-6451C5F8",
      -35.532881950085326,
      -42.76302696066897,
      141.19227128036437
    ],
    [
      "DEB-101F782C",
      25.35570440417494,
      86.50214514783755,
      567.9815749216641
    ],
    [
      "DEB-C7509AC7",
      -12.503406640221636,
      139.82869375778836,
      843.5511450411177
    ],
    [
      "DEB-E9DE1DB7",
      40.85758870609612,
      -95.61419122340587,
      230.13989137506178
    ],
    [
      "DEB-7122F043",
      -18.135610103995745,
      122.41863914270806,
      493.4030429490422
    ],
    [
      "DEB-7C971784",
      -38.628286162117305,
      -90.08427390747103,
      398.598947793118
    ],
    [
      "DEB-E1C40D83",
      -6.814712601528208,
      -106.23879722095238,
      772.3662381081649
    ],
    [
      "DEB-F9D4C4A5",
      -39.81926403057227,
      -177.46895103140213,
      840.9977779597984
    ],
    [
      "DEB-6A1CEE07",
      -5.31452026845401,
      141.43890049821488,
      740.8688935542286
    ],
    [
      "DEB-5E81C79F",
      -36.14887364991248,
      -113.72241669696326,
      907.7607437699417
    ],
    [
      "DEB-7D7F6386",
      -61.95122457949463,
      27.446668151643586,
      840.8962555790176
    ],
    [
      "DEB-1C60DF92",
      30.68994300335155,
      -179.15474795944405,
      496.8805248709423
    ],
    [
      "DEB-E96A1B7B",
      -50.49527071096969,
      43.61870498327998,
      565.0468005879056
    ],
    [
      "DEB-BB8FC9BC",
      -32.61200380278895,
      -160.0814938261356,
      806.345385266065
    ],
    [
      "DEB-CB2EC402",
      37.41821466094669,
      -87.05160451989879,
      647.9265026032826
    ],
    [
      "DEB-FCA304D9",
      29.456412544295873,
      138.28592259829892,
      157.69275763303358
    ],
    [
      "DEB-4A3B8C96",
      -34.93122394109317,
      -96.0567794321078,
      170.6475453506555
    ],
    [
      "DEB-897BC92E",
      60.4086227922507,
      39.90592220693569,
      356.7465818446817
    ],
    [
      "DEB-8F40073B",
      19.24541922625707,
      94.901229324717,
      901.9873301346579
    ],
    [
      "DEB-10DFEED9",
      43.71276569338547,
      -53.41462030622309,
      313.1744724728951
    ],
    [
      "DEB-A444F39E",
      -10.267220499838075,
      -51.35693749744085,
      251.86947070974293
    ],
    [
      "DEB-98B049A4",
      2.0039936627564177,
      94.2670521392511,
      713.8887840257503
    ],
    [
      "DEB-5D74583D",
      -5.632876102286389,
      155.7141536648611,
      725.3020195741037
    ],
    [
      "DEB-720658CF",
      67.23271692839064,
      -173.43292999788412,
      210.39732049118174
    ],
    [
      "DEB-249D6AD1",
      19.368498553847154,
      35.52040801309138,
      398.05168082062846
    ],
    [
      "DEB-0DA4F4DA",
      -38.578568605901474,
      103.14589948029833,
      416.69645718373613
    ],
    [
      "DEB-8BF2AE14",
      21.921504443086636,
      -83.57409686444893,
      346.68820421264263
    ],
    [
      "DEB-E8D5B58C",
      57.07469942880233,
      -131.3573620549455,
      544.0526419980888
    ],
    [
      "DEB-2A39D7D0",
      43.20517611141631,
      22.28579355368845,
      691.0353830993472
    ],
    [
      "DEB-F54FF30D",
      -34.00955522801272,
      -61.37157586989268,
      736.2134381588521
    ],
    [
      "DEB-158B806F",
      56.88895886735871,
      -95.30716095677721,
      186.71695623999494
    ],
    [
      "DEB-3CE43FBA",
      -55.70412835364642,
      -155.36641755707504,
      899.4422464111694
    ],
    [
      "DEB-CFDF6AC1",
      8.265570931070169,
      -115.35745222189522,
      581.3816336815835
    ],
    [
      "DEB-DE256977",
      -39.574142728629376,
      24.917970004319898,
      604.9444515975529
    ],
    [
      "DEB-B3A06832",
      31.941905602313845,
      108.00529544033411,
      837.8058090227878
    ],
    [
      "DEB-FBF0238B",
      58.22830676758999,
      -74.75110183140697,
      440.3607629918288
    ],
    [
      "DEB-2240A235",
      10.616930013122378,
      -94.5094489694807,
      179.06976020825186
    ],
    [
      "DEB-56DE0C00",
      -61.743449397479644,
      -107.24779921019561,
      815.5980980630193
    ],
    [
      "DEB-922350C6",
      -2.1588913665652756,
      34.17695155499533,
      373.693048118158
    ],
    [
      "DEB-F88785A9",
      -72.87291455712237,
      -18.371873250494904,
      528.1865477847068
    ],
    [
      "DEB-BDE4469D",
      39.665729298047125,
      145.12706544402886,
      617.9375045684619
    ],
    [
      "DEB-4312CBF4",
      27.512135287377955,
      -80.19041149828084,
      188.17694363919782
    ],
    [
      "DEB-40A5566B",
      -12.59090213546607,
      -134.41707909993661,
      902.0754423165263
    ],
    [
      "DEB-84EECB4B",
      -15.989146297149327,
      -79.92340671105802,
      545.7208865665316
    ],
    [
      "DEB-D072E044",
      37.337917949805714,
      -176.42019239704777,
      773.2442955481874
    ],
    [
      "DEB-F567F89E",
      52.91561596636933,
      123.70757341720902,
      548.0535811350237
    ],
    [
      "DEB-7D0EBF28",
      27.504017536831814,
      158.04198448200148,
      253.53190644676033
    ],
    [
      "DEB-82BB6347",
      37.521404981064336,
      -157.86063440874375,
      519.990014332715
    ],
    [
      "DEB-AAA76737",
      0.6367668392274302,
      -63.085149228068694,
      541.8967460908561
    ],
    [
      "DEB-030C6A19",
      18.862804565592313,
      164.38999488576897,
      469.9858369792955
    ],
    [
      "DEB-85FDD52B",
      -74.86155809068599,
      23.17369256251582,
      395.08684902741334
    ],
    [
      "DEB-FE00C2EC",
      24.980438924185858,
      -160.398896826926,
      690.5993331481632
    ],
    [
      "DEB-08F15A5F",
      0.8249225219021651,
      47.87680440987849,
      290.0010890700314
    ],
    [
      "DEB-961FCC71",
      1.2980707989022198,
      170.80958219554145,
      323.05368081640336
    ],
    [
      "DEB-6C83ABF0",
      62.85327155546889,
      65.84257092489074,
      564.6411761250092
    ],
    [
      "DEB-7B298501",
      -23.54671559884565,
      -3.3703003466210304,
      225.28103897698475
    ],
    [
      "DEB-967C0AC8",
      48.40029575877709,
      -168.9250259503183,
      533.5763678275061
    ],
    [
      "DEB-11C2FDA0",
      41.61285415235334,
      126.63192466354583,
      796.0195163673725
    ],
    [
      "DEB-F0B3FE1F",
      35.34049600833769,
      -154.76711765999997,
      574.2705364360372
    ],
    [
      "DEB-4446E145",
      59.74061751091959,
      116.66817648351682,
      582.0480799606776
    ],
    [
      "DEB-094A6AC3",
      9.259697636004672,
      127.73761089082002,
      611.8996101054036
    ],
    [
      "DEB-232205F1",
      -40.56502492564722,
      -112.51088760607718,
      371.44552914251926
    ],
    [
      "DEB-E7F20805",
      -33.29694711547679,
      -34.08241568223067,
      711.5427842586005
    ],
    [
      "DEB-B9B7EA5F",
      36.51746505050935,
      -136.0303364996941,
      368.4956701713172
    ],
    [
      "DEB-1779A8D9",
      48.12389148516786,
      86.12063170958619,
      321.4445780316619
    ],
    [
      "DEB-61CC2915",
      12.210456076424478,
      142.24680197117928,
      625.2916358777866
    ],
    [
      "DEB-DF2E941B",
      18.118536824011436,
      -109.1508334855367,
      271.98483719794876
    ],
    [
      "DEB-CADFB696",
      15.2182799370099,
      -20.205590448371012,
      425.68005466846716
    ],
    [
      "DEB-2A06AA86",
      82.21484922157651,
      39.24832119342896,
      317.8029318292356
    ],
    [
      "DEB-94F94774",
      59.58665252525877,
      132.3173874202034,
      332.6018006825707
    ],
    [
      "DEB-8FFEF7E1",
      -43.14325625371877,
      122.84815775570385,
      504.44342126554693
    ],
    [
      "DEB-687E3798",
      36.92461988266047,
      -80.88823602359649,
      649.1188637196874
    ],
    [
      "DEB-1A64420F",
      9.465997628784796,
      15.690954858790867,
      807.1147335148689
    ],
    [
      "DEB-ADC505E1",
      17.275654264099995,
      76.55400826330781,
      325.14395418773165
    ],
    [
      "DEB-6108B567",
      -47.15737738521383,
      -140.7709360483706,
      330.39489885344665
    ],
    [
      "DEB-612C0373",
      10.778197762370413,
      -11.951559328285109,
      647.4277996470582
    ],
    [
      "DEB-81FF4114",
      -75.40222781978112,
      78.17092028689616,
      812.4062382427664
    ],
    [
      "DEB-729563BA",
      -56.07662592652684,
      -146.5931858605632,
      567.0440028707617
    ],
    [
      "DEB-6D45E269",
      72.10903241155337,
      132.90917858024096,
      697.7279158530264
    ],
    [
      "DEB-EC7A5CF7",
      36.786404743999235,
      33.190498608969804,
      675.9348244165585
    ],
    [
      "DEB-BDC0FD9F",
      51.490237033574594,
      65.72331073947515,
      655.8969702484319
    ],
    [
      "DEB-5894A303",
      -0.7798185203215796,
      41.387288466256294,
      891.7072484009595
    ],
    [
      "DEB-7C58E026",
      -2.551533065964713,
      24.01826150257187,
      236.7585245959317
    ],
    [
      "DEB-C97284FD",
      31.12770888532296,
      109.71804799010259,
      920.0568946016638
    ],
    [
      "DEB-253E7B5C",
      -7.561849664239108,
      158.74622391191576,
      570.9115320081546
    ],
    [
      "DEB-E7575849",
      36.6959843608622,
      106.23265801358666,
      865.0991194820708
    ],
    [
      "DEB-F30C990E",
      -55.14061516744765,
      -6.607603966095443,
      715.8325056407311
    ],
    [
      "DEB-8012AD54",
      -31.327129031109635,
      -22.09565039547378,
      422.19377056667054
    ],
    [
      "DEB-AD487B08",
      -25.452286992822973,
      178.04454474868083,
      317.47115061063687
    ],
    [
      "DEB-181ABF36",
      -46.03127082440812,
      29.35662693877161,
      275.9474059846416
    ],
    [
      "DEB-D3779F79",
      -73.15589427775835,
      165.205681019601,
      838.8506173558644
    ],
    [
      "DEB-5196BD85",
      -36.4477394227098,
      49.19715844697596,
      566.2669226570142
    ],
    [
      "DEB-B2ADEDE6",
      2.5509751921015704,
      116.62650462173718,
      673.8517099707196
    ],
    [
      "DEB-0712F7AD",
      83.31983223271696,
      171.34805733600413,
      664.2142778030266
    ],
    [
      "DEB-87645D72",
      -17.984431212215735,
      -111.24791126909385,
      153.51707663344223
    ],
    [
      "DEB-C0664671",
      -60.473055064536304,
      -100.03825114074213,
      733.1258320380421
    ],
    [
      "DEB-ADAABE28",
      8.233205004982057,
      26.17641836764907,
      320.058550711753
    ],
    [
      "DEB-BA776479",
      -50.41952485242738,
      -49.71077008408369,
      371.8276883230883
    ],
    [
      "DEB-1BCB3F52",
      -44.86748548476739,
      -27.994388218683525,
      547.8302134938231
    ],
    [
      "DEB-2DBD8E4A",
      27.110586688968542,
      60.167337937371336,
      778.0701632356104
    ],
    [
      "DEB-4E1494F5",
      -57.82026519640528,
      172.85040426910805,
      263.23980171607946
    ],
    [
      "DEB-BC850750",
      -63.579140303645545,
      23.191110950407726,
      878.2389257635868
    ],
    [
      "DEB-084ACF9F",
      -6.2963072131990145,
      -48.592883390048534,
      599.0085308318057
    ],
    [
      "DEB-680AE52E",
      60.796527181998655,
      -37.48213659600004,
      698.2764044364758
    ],
    [
      "DEB-BCB4960A",
      47.62757974204582,
      93.92727258466022,
      636.9329627404122
    ],
    [
      "DEB-930B8AF0",
      14.367798238458688,
      -136.5222987204267,
      560.3299932963555
    ],
    [
      "DEB-54B91C9A",
      22.115758628321714,
      -111.00726685337527,
      132.57533787311513
    ],
    [
      "DEB-75EBC1DB",
      -16.11271317403156,
      -125.73913627385016,
      482.5302497945331
    ],
    [
      "DEB-F31414CB",
      -52.41466055775542,
      19.480056280649208,
      914.6634460624073
    ],
    [
      "DEB-73C1A873",
      12.987813692917026,
      -36.45445616081657,
      758.200033777699
    ],
    [
      "DEB-58FA78D8",
      27.848778345351757,
      -83.12256838214422,
      612.9373770642615
    ],
    [
      "DEB-5FAEB0AF",
      63.976584019828834,
      79.69224868829632,
      560.6594115004873
    ],
    [
      "DEB-B0A9FB1B",
      -36.16405461729562,
      61.18470784125128,
      894.9856362751534
    ],
    [
      "DEB-6DEADCD5",
      -23.61333147070949,
      122.87060432906245,
      700.2284071519298
    ],
    [
      "DEB-ADCB5518",
      -25.67579294023993,
      -133.65018603358982,
      421.2044273338761
    ],
    [
      "DEB-B6785E68",
      69.52102900206677,
      -90.34286754360141,
      749.4872162692091
    ],
    [
      "DEB-8FDC6B63",
      -30.853943012044997,
      -4.076858244914896,
      473.6541600227065
    ],
    [
      "DEB-1826A62D",
      -45.79671871363779,
      -129.97657814263144,
      782.1003581850628
    ],
    [
      "DEB-C0357245",
      -15.506019231749049,
      -175.83654920873468,
      429.2541032419949
    ],
    [
      "DEB-54F08391",
      -74.53390394557883,
      26.15788892859068,
      387.1771774337467
    ],
    [
      "DEB-676323A1",
      -40.87065632889777,
      74.76438510227199,
      633.147221436675
    ],
    [
      "DEB-C5C5DDD1",
      50.18501988419579,
      127.88423371435607,
      519.3294126437668
    ],
    [
      "DEB-4CB89463",
      -23.262845862814867,
      -7.9769203348280815,
      820.322767083926
    ],
    [
      "DEB-10C6100D",
      1.4508973867259591,
      -161.93654788352,
      155.37651239839306
    ],
    [
      "DEB-30B5ABFC",
      -40.4167616052897,
      114.59703206760268,
      247.1509835334682
    ],
    [
      "DEB-8742F826",
      -81.54775187145333,
      30.07948286869667,
      914.8049600014319
    ],
    [
      "DEB-C77DE3F7",
      10.478263363089125,
      31.80383393563554,
      779.806192011617
    ],
    [
      "DEB-1B055A7B",
      -22.99494280283096,
      -54.52833422263178,
      206.70687645642374
    ],
    [
      "DEB-1936FE95",
      70.17905597418654,
      38.45136198794361,
      638.8529553344806
    ],
    [
      "DEB-359FC01C",
      51.71028091984824,
      -126.27842955592669,
      733.7983879233561
    ],
    [
      "DEB-8F5F547A",
      20.113577912118288,
      -58.34957228438684,
      219.34410989214302
    ],
    [
      "DEB-1899A54B",
      -78.19952621408108,
      -136.09274795495452,
      301.9278060979632
    ],
    [
      "DEB-1D9716EF",
      -58.29101398175871,
      130.18698271698833,
      655.102254197709
    ],
    [
      "DEB-079BEAD9",
      28.514236298041514,
      17.856719933427662,
      295.6250420504166
    ],
    [
      "DEB-C6E51BB4",
      61.96013552853273,
      88.31225230418487,
      843.8723128507554
    ],
    [
      "DEB-29C78B9E",
      -8.68120588140913,
      119.55460709124469,
      124.63032088885302
    ],
    [
      "DEB-2F5056EB",
      -2.040698151916849,
      50.834603087252994,
      805.9593389152378
    ],
    [
      "DEB-B038B39C",
      12.002051271203168,
      13.024449865612194,
      231.81039654401047
    ],
    [
      "DEB-D3E8DDD2",
      26.620300010469247,
      -154.19176594495252,
      245.9772450057999
    ],
    [
      "DEB-44ADFA39",
      11.351974042661059,
      -42.86589510859689,
      660.4432660196553
    ],
    [
      "DEB-AF1E7DFF",
      -34.8385144863929,
      -52.14523380723186,
      443.1210001075724
    ],
    [
      "DEB-E919EDD5",
      60.84886328167515,
      -59.719354126771236,
      722.8733123132215
    ],
    [
      "DEB-FD077D43",
      -27.265801139281855,
      -30.385371324761316,
      593.1918434658164
    ],
    [
      "DEB-AD95A521",
      51.091585114588234,
      -48.228130798981645,
      498.7873426532651
    ],
    [
      "DEB-2D17F961",
      0.6097523045373433,
      43.82496637637922,
      596.1310848806261
    ],
    [
      "DEB-0039CA02",
      -14.989082189943703,
      12.484452704938732,
      700.3469237959716
    ],
    [
      "DEB-08A3425B",
      -58.53746585404049,
      155.86873203469423,
      840.4909486086535
    ],
    [
      "DEB-F845B88E",
      57.49743298773342,
      160.78376242142897,
      270.4584681694032
    ],
    [
      "DEB-232FEE3B",
      -85.47423769291947,
      -172.93244917297525,
      838.1075431238969
    ],
    [
      "DEB-F3F720A0",
      -55.839355326291965,
      154.09990581065856,
      419.0672906474256
    ],
    [
      "DEB-31DEC421",
      -41.44704396332337,
      -86.7148451081198,
      274.025320273543
    ],
    [
      "DEB-64B393F8",
      30.83556984017464,
      -132.98155133657548,
      434.83305134595776
    ],
    [
      "DEB-320A3069",
      -3.1508274257691182,
      -142.00808631752807,
      206.44240965526387
    ],
    [
      "DEB-401BEECB",
      66.88814593526781,
      19.57004825531056,
      911.0803328175116
    ],
    [
      "DEB-9BA66757",
      -4.765209335747197,
      -13.166452586237446,
      692.8831032801936
    ],
    [
      "DEB-8CD64B94",
      -19.753410456329878,
      93.72424908917421,
      672.6596681834108
    ],
    [
      "DEB-FF43F4CF",
      4.638479862028903,
      -134.23869471097922,
      702.0032717643098
    ],
    [
      "DEB-863A033B",
      -37.13980183282954,
      -116.01380578580593,
      681.1102494032648
    ],
    [
      "DEB-C56856CF",
      -68.60664446070147,
      -174.9126129785015,
      430.58396080742295
    ],
    [
      "DEB-15233FAD",
      -26.48091713182934,
      140.29887050731372,
      672.6189630308991
    ],
    [
      "DEB-B692EC8C",
      9.810246207860322,
      125.64976529591661,
      487.10419884147177
    ],
    [
      "DEB-23B28B80",
      -40.68945484605879,
      -96.94394399280817,
      365.0011731516988
    ],
    [
      "DEB-AF18FE4C",
      -18.125468866842876,
      174.69426736361396,
      372.97646244729276
    ],
    [
      "DEB-3B620D0B",
      50.063548217806876,
      127.78817440208971,
      256.6147314846321
    ],
    [
      "DEB-7BB2CF91",
      -51.55574058087725,
      173.28442538054952,
      769.6014219290146
    ],
    [
      "DEB-0E0ADFF3",
      -23.895936048561197,
      76.13773522981984,
      677.7971821296724
    ],
    [
      "DEB-9DC9CA9B",
      -31.999903847286298,
      -66.68783176821859,
      705.9020499321214
    ],
    [
      "DEB-9AA472BA",
      32.64333618146897,
      -130.23535188588556,
      181.53293873427174
    ],
    [
      "DEB-523AB884",
      -54.366290890383205,
      125.83347467395085,
      241.15104374658495
    ],
    [
      "DEB-08D47187",
      46.43444811117044,
      -130.0618700075617,
      686.7311286318827
    ],
    [
      "DEB-81CDF8B4",
      -8.176807998002863,
      -96.2174921602312,
      533.3545022329245
    ],
    [
      "DEB-B3368BE6",
      61.690233935130514,
      -16.97843247777873,
      461.6745245476741
    ],
    [
      "DEB-D0421156",
      9.48218189737314,
      -160.99112171677876,
      552.8294071916198
    ],
    [
      "DEB-4953476B",
      -3.0985817715432926,
      173.5462600034693,
      808.6039095823708
    ],
    [
      "DEB-ABEFB13E",
      -29.820238726580843,
      -95.49494150157594,
      218.7765244846696
    ],
    [
      "DEB-D0C7DA88",
      29.399557556127768,
      -71.91634555702508,
      131.3178543088934
    ],
    [
      "DEB-F334FDD4",
      27.716801983423746,
      37.53520280951049,
      483.13321262825593
    ],
    [
      "DEB-0E270A8C",
      21.586702189239826,
      -11.221839484636595,
      762.7485270229199
    ],
    [
      "DEB-02A9D48D",
      26.97590068894644,
      -164.40067966659893,
      138.27354699214357
    ],
    [
      "DEB-18616E1A",
      70.5196313530734,
      -160.1637687791956,
      415.2197094158573
    ],
    [
      "DEB-3EA8C237",
      16.956592455318564,
      -62.76778695531336,
      221.4099349854814
    ],
    [
      "DEB-B9FFF27D",
      27.45492049679459,
      76.67814388402842,
      314.9374456281903
    ],
    [
      "DEB-2C8B6C5A",
      -21.58227055534674,
      -22.387019508878453,
      725.4038150721408
    ],
    [
      "DEB-7560D031",
      18.93877304643171,
      -69.01692895159584,
      128.93898049242125
    ],
    [
      "DEB-DA0C4597",
      59.301795420162975,
      26.059175703996225,
      676.9229640073509
    ],
    [
      "DEB-DD35EECA",
      -44.11892182741749,
      153.95911481625959,
      580.2136258221853
    ],
    [
      "DEB-FA5FB76E",
      2.8318692848899576,
      -165.32866801325054,
      814.1805844186156
    ],
    [
      "DEB-E73B98DD",
      -6.5451363875284505,
      -30.991702034656125,
      627.7558001388597
    ],
    [
      "DEB-6A264A4B",
      -56.30558151249606,
      136.25928262670038,
      546.737643475959
    ],
    [
      "DEB-86AFAE59",
      -51.70990825436457,
      -82.5055350255245,
      899.1590009665115
    ],
    [
      "DEB-155020AE",
      -48.08852876507211,
      -99.88571794880674,
      206.38456027197572
    ],
    [
      "DEB-B76F6F30",
      5.754828576743833,
      103.98651432618134,
      460.44510607434313
    ],
    [
      "DEB-16F0BE44",
      23.45046856661455,
      -118.56403427989014,
      405.44935918896044
    ],
    [
      "DEB-8C26464E",
      -34.66761378284534,
      -92.75907813105347,
      763.9325526965495
    ],
    [
      "DEB-8184E9AD",
      -0.1091391678515669,
      24.554348992402133,
      805.742108919997
    ],
    [
      "DEB-9C469794",
      20.314775150936363,
      34.32335024258591,
      520.6747459446342
    ],
    [
      "DEB-D2F8F2F9",
      38.735924283670855,
      -158.90549200343762,
      609.5666980207361
    ],
    [
      "DEB-A098147A",
      -78.56155992976952,
      162.70367563303046,
      338.5219886992172
    ],
    [
      "DEB-8059F174",
      7.469213585867404,
      167.56200292386663,
      578.4170257352926
    ],
    [
      "DEB-DF5A3504",
      21.92683055733504,
      17.665639853217,
      665.1733691494965
    ],
    [
      "DEB-80CC8D83",
      33.06586835715318,
      155.51627933030085,
      395.99488421539354
    ],
    [
      "DEB-A00995D0",
      -7.839099676007325,
      148.30363890963727,
      223.65406690257623
    ],
    [
      "DEB-B6D3A27F",
      -39.83454352774882,
      131.41094690969697,
      620.9578553008105
    ],
    [
      "DEB-BC6281CB",
      53.850736029297835,
      -153.3337494022397,
      457.5062174042223
    ],
    [
      "DEB-321DD09D",
      15.798495043005476,
      -101.48693289193889,
      774.1060918726826
    ],
    [
      "DEB-D7E6B8CB",
      33.08762352741378,
      55.26712756593403,
      899.3558226393134
    ],
    [
      "DEB-847BAE59",
      23.351335520730945,
      131.95368459677204,
      519.4457763315768
    ],
    [
      "DEB-6CC5FC50",
      32.77542642279232,
      46.79517272981991,
      794.8337277346127
    ],
    [
      "DEB-A8401530",
      46.6587148537817,
      -142.19529457193264,
      148.95572385346168
    ],
    [
      "DEB-FC2E372A",
      29.737614693237752,
      57.39982733733373,
      188.5686968535183
    ],
    [
      "DEB-B28B1F8C",
      -17.8134484748786,
      136.57548244535744,
      783.4089877890256
    ],
    [
      "DEB-0E2AD107",
      50.42564376882946,
      -166.99878183807658,
      187.85534596815523
    ],
    [
      "DEB-10B6B366",
      -2.897766247413029,
      -163.7836404668319,
      327.77940123665303
    ],
    [
      "DEB-300F525E",
      29.155777911649864,
      146.33438122949386,
      305.87013627600754
    ],
    [
      "DEB-2887664B",
      -74.52479198528415,
      170.01565034895975,
      555.3085672135112
    ],
    [
      "DEB-30BBA6EE",
      -12.367609934334189,
      -110.57621304091755,
      734.9900318224809
    ],
    [
      "DEB-FC27686A",
      -77.41275998467725,
      68.11558247255559,
      435.11573160647185
    ],
    [
      "DEB-6CFA8F7D",
      15.970096876700795,
      100.39924643971351,
      706.5715306961911
    ],
    [
      "DEB-C8C29420",
      49.621007169449776,
      -101.19061181748332,
      672.6133110565861
    ],
    [
      "DEB-DCAF67CD",
      59.402168310776034,
      152.90873633795184,
      185.91287789424587
    ],
    [
      "DEB-2C95977C",
      -14.172883496481685,
      -90.06552922796612,
      159.96184814338085
    ],
    [
      "DEB-FA93C4E1",
      -10.550418404560533,
      7.162139898033677,
      370.0310622966972
    ],
    [
      "DEB-62A190CD",
      16.727739413942768,
      -148.79921904294736,
      345.0806737713383
    ],
    [
      "DEB-3B750321",
      45.04531249080588,
      -108.3946934763761,
      359.23160666341937
    ],
    [
      "DEB-9FD18125",
      -50.492093403193564,
      148.82897574556424,
      377.8221681388932
    ],
    [
      "DEB-BC502415",
      61.158308932139676,
      158.61786389339602,
      568.2232722867147
    ],
    [
      "DEB-E50BE2E3",
      50.23812731094431,
      -119.1102895254823,
      726.6278888195966
    ],
    [
      "DEB-5764D8EE",
      -20.089038606986424,
      -59.31768453429179,
      148.63258136226705
    ],
    [
      "DEB-979E5545",
      -27.03325675808796,
      12.426037846430699,
      804.2785612137523
    ],
    [
      "DEB-88726777",
      -51.7463336274244,
      -49.43503415508184,
      365.590315452695
    ],
    [
      "DEB-AA37A83D",
      -0.1256001977392807,
      162.65400218741593,
      799.8641685791099
    ],
    [
      "DEB-9F35107F",
      -4.726745311208333,
      61.512056782035906,
      678.8929380621612
    ],
    [
      "DEB-486C1CC4",
      15.513634806843564,
      -124.54709924549051,
      293.04765845783095
    ],
    [
      "DEB-56F43797",
      74.56634983858264,
      146.60079341080257,
      489.69602032161765
    ],
    [
      "DEB-6589AAE1",
      74.80570171275295,
      6.370382740902269,
      373.2194320542003
    ],
    [
      "DEB-9F07410C",
      -71.74646867889705,
      161.10785664188023,
      535.7311301142945
    ],
    [
      "DEB-7FBD6E4F",
      -14.104833866661957,
      47.9084821918187,
      835.4325423190785
    ],
    [
      "DEB-2C74454F",
      25.925874006774393,
      161.082668634214,
      530.3650889598657
    ],
    [
      "DEB-6284CE65",
      -68.62069070233832,
      -132.12318306941287,
      256.1012646760264
    ],
    [
      "DEB-98A6423E",
      3.142411438364619,
      -161.23624562818424,
      752.3545107496066
    ],
    [
      "DEB-AB4E0AC8",
      4.785398930999668,
      126.55970501168757,
      417.6498790750202
    ],
    [
      "DEB-01D86297",
      -37.16150250879332,
      -134.84832286480565,
      412.1927170248182
    ],
    [
      "DEB-2910001D",
      62.661506904561335,
      -55.162856065961755,
      204.35727193471303
    ],
    [
      "DEB-A1D8842D",
      41.347711618024256,
      34.04736557576074,
      740.7328058490648
    ],
    [
      "DEB-1A5E9035",
      -53.574931808713025,
      154.90515788330617,
      384.90054998064716
    ],
    [
      "DEB-0816FA0F",
      -36.7082277032914,
      167.17450733985748,
      409.7275397716794
    ],
    [
      "DEB-A1AE63A7",
      -40.61310804551117,
      14.55226737130291,
      374.65420050483135
    ],
    [
      "DEB-E4DB77BE",
      -0.7248342769088298,
      -46.9500572007689,
      646.7472998214407
    ],
    [
      "DEB-5DF30678",
      68.06509935680674,
      -51.79882965075618,
      647.8776015626627
    ],
    [
      "DEB-FD9F739A",
      29.593101178018127,
      -51.67193034482149,
      296.2814882404173
    ],
    [
      "DEB-CFA4EFEE",
      -50.44080891226943,
      -48.51835390281855,
      226.5587706058095
    ],
    [
      "DEB-6ADC1EA2",
      37.7186873338359,
      175.89436155630102,
      374.507792500347
    ],
    [
      "DEB-512107FB",
      25.72794816575224,
      -17.828056465327794,
      684.5520125904104
    ],
    [
      "DEB-A87FD88F",
      77.8299368292249,
      -164.2821158962537,
      237.7165359120636
    ],
    [
      "DEB-B597C5C3",
      43.01281724921234,
      -81.75781313783187,
      442.0581961686257
    ],
    [
      "DEB-3AF95B07",
      -32.00928902268789,
      -3.494507145465958,
      244.17380123788917
    ],
    [
      "DEB-9CAF929C",
      44.418362136260775,
      -88.63598059164732,
      636.839784552868
    ],
    [
      "DEB-B479A942",
      -18.164175319440915,
      9.192449667012953,
      669.6272807578089
    ],
    [
      "DEB-0A464082",
      75.66998037766315,
      84.22483866534789,
      500.60512494871364
    ],
    [
      "DEB-04C152F3",
      -57.07128975853058,
      -38.34848267198122,
      585.6708678501982
    ],
    [
      "DEB-AED3421C",
      -79.30072336278222,
      -93.86086767654727,
      616.5279358141524
    ],
    [
      "DEB-197B664D",
      -33.5960394758317,
      -92.19419145557815,
      349.38572415299313
    ],
    [
      "DEB-972CD8C5",
      3.727425078629102,
      121.97660533261323,
      461.39628204299606
    ],
    [
      "DEB-651A84B9",
      -41.95407590049512,
      44.72257760176633,
      674.5256268108751
    ],
    [
      "DEB-C7E7D474",
      -7.465128243444104,
      -87.83537594502434,
      280.0855268682626
    ],
    [
      "DEB-E6F4EF8B",
      -28.26581892325706,
      -143.8830229047496,
      138.14757210835342
    ],
    [
      "DEB-87874B83",
      63.58301964547489,
      34.46857001325662,
      256.61369969883253
    ],
    [
      "DEB-78AB3FC8",
      77.55344080932005,
      -86.05906106979029,
      497.8342087982046
    ],
    [
      "DEB-0BCDB175",
      0.03806603107391722,
      -64.06260026623669,
      670.0209904790017
    ],
    [
      "DEB-D0EE4B27",
      54.72246513701715,
      21.974900197074284,
      665.4749728827974
    ],
    [
      "DEB-A251DFBB",
      -34.748147108173704,
      -100.72428050845666,
      747.2168917741383
    ],
    [
      "DEB-F5C9ECDA",
      -23.622059189914605,
      29.80812431026128,
      840.2584612541214
    ],
    [
      "DEB-B0906A66",
      30.355933935757843,
      63.51667208892756,
      677.2079121247752
    ],
    [
      "DEB-CA7BB3EB",
      -41.42611482521243,
      -104.77655844187633,
      694.1068560482254
    ],
    [
      "DEB-B121B8A5",
      79.99133132614256,
      67.1057845608444,
      158.83209049951893
    ],
    [
      "DEB-9E97C9B3",
      54.701698470641865,
      134.06837171041977,
      151.75589095764462
    ],
    [
      "DEB-080D09C7",
      -69.8489285075897,
      96.68727342616742,
      614.0428339222135
    ],
    [
      "DEB-1372EE3F",
      20.987490201984485,
      109.23544097271093,
      767.3337508540799
    ],
    [
      "DEB-0F643E30",
      -3.937835001795193,
      -16.91773312413471,
      538.5742096338563
    ],
    [
      "DEB-0BC2EB47",
      -41.55161705957343,
      -179.52953793206612,
      325.69593831144266
    ],
    [
      "DEB-F1FCCF81",
      -5.075457543288069,
      -174.58846563139863,
      685.3882142386119
    ],
    [
      "DEB-4FE4AAF1",
      5.464551613255505,
      -26.491906343792376,
      744.9320140624168
    ],
    [
      "DEB-E71996B3",
      -12.582598127465323,
      -96.92681371160367,
      300.8061338159614
    ],
    [
      "DEB-D4EFA659",
      37.85190880061318,
      -20.288159028721157,
      632.0336904497644
    ],
    [
      "DEB-12377C31",
      28.212053251385253,
      -137.61154782583915,
      264.8048983725721
    ],
    [
      "DEB-F0F59756",
      -33.711320721864475,
      -56.60066506054765,
      526.8071494497162
    ],
    [
      "DEB-4649C9D7",
      -30.76965034238699,
      14.967528679373723,
      758.4212868527611
    ],
    [
      "DEB-C9C6E7D1",
      -46.10961834394598,
      82.0898622305271,
      724.1081369344429
    ],
    [
      "DEB-DDA45651",
      14.225327640074385,
      59.48883841661922,
      632.1992168224288
    ],
    [
      "DEB-E06E14F3",
      -54.23427470853177,
      -50.602631986585365,
      911.4953838292422
    ],
    [
      "DEB-146CB568",
      11.258741660576362,
      169.5561167620829,
      619.8341628087528
    ],
    [
      "DEB-354AA545",
      30.789522235668663,
      63.04527105405205,
      168.08923319856876
    ],
    [
      "DEB-D889E7DC",
      -41.76621745284607,
      -114.05534538504936,
      853.6519061693643
    ],
    [
      "DEB-26E0A64D",
      20.9893900869168,
      92.65874529581535,
      575.3162044861065
    ],
    [
      "DEB-3631FA23",
      16.97110958175095,
      48.808604364484445,
      227.4632566215996
    ],
    [
      "DEB-A7F67A55",
      -34.60325123315564,
      152.9481457421523,
      445.7612989848876
    ],
    [
      "DEB-25A01C0F",
      -26.84917633087805,
      81.32188049087043,
      147.9086446950805
    ],
    [
      "DEB-18CDF5CD",
      15.896126556202887,
      -140.32777932876382,
      337.9501595582724
    ],
    [
      "DEB-38110672",
      -22.196322464458092,
      122.79426932532552,
      682.9324442570396
    ],
    [
      "DEB-E7DE0B34",
      -51.994506649058046,
      -67.10235773862273,
      203.46423054890238
    ],
    [
      "DEB-420838E1",
      51.45692279279108,
      -12.16083350579402,
      598.6440067577178
    ],
    [
      "DEB-99A6A270",
      -2.3967994632838225,
      112.54165833138853,
      603.4418902814123
    ],
    [
      "DEB-E595AE76",
      23.807549341864238,
      11.223792652583034,
      373.18205051353743
    ],
    [
      "DEB-C501111A",
      -60.49232636801042,
      73.69666450979763,
      300.9261446774817
    ],
    [
      "DEB-5B06EF4C",
      72.11543560494599,
      -56.601183547564446,
      668.5350625733572
    ],
    [
      "DEB-1EAA7307",
      -54.15205495607492,
      -97.42058919544634,
      614.0064488070357
    ],
    [
      "DEB-D5BF6945",
      -71.72888414811113,
      -113.4591889683039,
      300.5689552951535
    ],
    [
      "DEB-DF521C45",
      -36.77062303540146,
      64.34727756637747,
      123.96564837352071
    ],
    [
      "DEB-9CC594F3",
      -66.2265780371777,
      -133.16027647435823,
      418.42466695448456
    ],
    [
      "DEB-C97FEF69",
      -35.75646160899784,
      -31.7860957133147,
      864.8991190123152
    ],
    [
      "DEB-E768F597",
      -0.5018580461566053,
      -142.02599627118158,
      414.88331224790363
    ],
    [
      "DEB-54515D59",
      -5.574366225424089,
      78.0450051677558,
      507.70815709530143
    ],
    [
      "DEB-8189CF8F",
      69.20467515237868,
      139.90953948665108,
      801.0846298070783
    ],
    [
      "DEB-B689AC10",
      25.19889817848486,
      20.130718338463918,
      210.20542144137744
    ],
    [
      "DEB-06EB8218",
      29.26010707851744,
      145.44568441327323,
      304.1316243222236
    ],
    [
      "DEB-F8620404",
      -33.32207580285269,
      64.22600844569358,
      553.2253018482961
    ],
    [
      "DEB-922F21EE",
      64.01979407344344,
      142.93265032180895,
      561.7479106217952
    ],
    [
      "DEB-E091536C",
      68.02999640891971,
      22.345440608753265,
      560.0699461600971
    ],
    [
      "DEB-1306F589",
      -35.98088918953127,
      -126.94395175054008,
      479.00204551413117
    ],
    [
      "DEB-E22DC9B4",
      7.9870627017533735,
      -101.3117612223608,
      878.504550152662
    ],
    [
      "DEB-59FA8058",
      -54.37503258545179,
      -141.63997925020092,
      169.7885299984564
    ],
    [
      "DEB-240D2EAF",
      -43.45444592601737,
      -154.37061724659682,
      201.658088257931
    ],
    [
      "DEB-66FBB0F0",
      56.5704952372634,
      -70.72785169838802,
      213.46962327538222
    ],
    [
      "DEB-2A3C4953",
      25.235888757871656,
      124.58327642480724,
      596.6832256658554
    ],
    [
      "DEB-F414557E",
      -2.4634810459655134,
      139.86664748749192,
      691.5046340359504
    ],
    [
      "DEB-18D2EBB2",
      -17.795662977123694,
      -82.47798342606482,
      467.2893458866247
    ],
    [
      "DEB-DA197B81",
      -0.08512642385226042,
      -106.90142400143294,
      374.49385806362443
    ],
    [
      "DEB-FF56E17D",
      12.19514417074494,
      142.45245793036517,
      807.9979954267628
    ],
    [
      "DEB-BA7DF290",
      17.96178793999773,
      -6.790606670298788,
      532.0930915918343
    ],
    [
      "DEB-FCE8E2B3",
      49.1890808689353,
      -161.91602281647852,
      377.03205352751047
    ],
    [
      "DEB-B32236F2",
      25.22958019309193,
      117.65869509238416,
      593.9860799523385
    ],
    [
      "DEB-56192EBE",
      -20.93378956963006,
      17.245405814299293,
      617.1647560260099
    ],
    [
      "DEB-75656FE1",
      18.081387279649757,
      -153.87704651250377,
      235.24372689299253
    ],
    [
      "DEB-28E5A356",
      19.136315648543963,
      127.65589538025783,
      778.6260852131527
    ],
    [
      "DEB-BFA8B5CA",
      -6.1484250951199515,
      71.9038666485415,
      412.82524677579204
    ],
    [
      "DEB-1F671756",
      80.70807546691448,
      23.87999225559686,
      305.8639224119479
    ],
    [
      "DEB-3BCA1586",
      -20.215114140848588,
      87.23172367743804,
      757.0527541216115
    ],
    [
      "DEB-5ACE1683",
      -32.22180478434678,
      90.48930902404359,
      900.506618648139
    ],
    [
      "DEB-6532DD8F",
      -23.872822322035,
      -65.22266871414512,
      749.4851282710551
    ],
    [
      "DEB-5FB51C88",
      -31.452337700170503,
      -99.00706918454657,
      434.1051176782212
    ],
    [
      "DEB-9E7F760B",
      54.80010916551039,
      106.91259122760067,
      238.89496594914272
    ],
    [
      "DEB-35E0BC63",
      62.17574291616805,
      142.07497550890176,
      346.0535145935273
    ],
    [
      "DEB-555D2A67",
      13.03281748448188,
      -30.407125503931795,
      194.90337752967753
    ],
    [
      "DEB-BD369682",
      -4.771267815073562,
      -111.27282229149871,
      787.3434918664325
    ],
    [
      "DEB-A68DE9F0",
      -5.223179064960695,
      -33.81387454933378,
      394.10634979617043
    ],
    [
      "DEB-3CF900F4",
      -51.459870651252366,
      -131.98083171246233,
      607.3120012034369
    ],
    [
      "DEB-9D65CDF5",
      -38.59207248359404,
      131.8817069926629,
      503.79352830455264
    ],
    [
      "DEB-7C32B766",
      -67.55064521520201,
      -93.43120765850016,
      497.500042513916
    ],
    [
      "DEB-38CF6DC7",
      65.00452345082672,
      24.004637209532163,
      906.5887678833469
    ],
    [
      "DEB-FDDDFE70",
      3.3592964725908465,
      134.93713702862485,
      129.25859794692224
    ],
    [
      "DEB-50D34A43",
      -55.946321666050565,
      -47.38808737765179,
      172.91123594528563
    ],
    [
      "DEB-FA91F9F7",
      -32.17900161894895,
      9.647287840734544,
      617.0111750374435
    ],
    [
      "DEB-90B9C558",
      -43.69016258940635,
      -69.80873571703174,
      500.5943057424547
    ],
    [
      "DEB-E6721770",
      9.808634002981622,
      -161.2914786068041,
      736.1039314722575
    ],
    [
      "DEB-88AC4CFA",
      16.991490162518158,
      50.70027273268321,
      189.11328548242545
    ],
    [
      "DEB-3C434D2F",
      3.7376842263592,
      -115.32878421539053,
      453.0940164729682
    ],
    [
      "DEB-D258215A",
      -31.396837355585333,
      24.544334437494992,
      372.84218028169835
    ],
    [
      "DEB-EE0BA1BD",
      59.383812923144895,
      158.72009917510846,
      128.01866649843214
    ],
    [
      "DEB-A31EBEC7",
      38.28597362993111,
      179.7714507064727,
      381.3852254726462
    ],
    [
      "DEB-9B0C24A6",
      -23.505968187422447,
      -98.42209365909319,
      144.14630677335572
    ],
    [
      "DEB-6EA37316",
      59.31763243293744,
      31.37305462137197,
      362.60742544783625
    ],
    [
      "DEB-E44DF186",
      57.69105932675229,
      -107.32921848809744,
      857.9379497956506
    ],
    [
      "DEB-355F15B2",
      -47.9956446855966,
      -13.22529208654362,
      412.4145701554553
    ],
    [
      "DEB-AD534B0D",
      -10.196013275478654,
      168.25433805907332,
      634.1550459542505
    ],
    [
      "DEB-D429ED17",
      -66.13426801458449,
      -20.556702849980915,
      462.07045910940906
    ],
    [
      "DEB-6E876FE4",
      -12.080329443051626,
      164.9003463496108,
      620.3108685740217
    ],
    [
      "DEB-04C9BE1D",
      -1.7238659554778109,
      -81.04746108453848,
      877.2648798283144
    ],
    [
      "DEB-DA092771",
      13.206939018344174,
      -170.38313947019168,
      437.335364013511
    ],
    [
      "DEB-5FA68A6A",
      18.622868432274657,
      -4.501777127386127,
      405.0004152122465
    ],
    [
      "DEB-C6FA6F0E",
      -65.53939417677351,
      68.93796553684626,
      648.5479635656293
    ],
    [
      "DEB-E45A1B32",
      29.951748383234236,
      70.28710372043957,
      805.5476966736069
    ],
    [
      "DEB-2F57760E",
      -40.04376987640793,
      0.4653516515092304,
      478.5161064726499
    ],
    [
      "DEB-28359364",
      38.870050698991946,
      -52.89048287096069,
      476.3663594516356
    ],
    [
      "DEB-585730CD",
      29.279453082373713,
      -16.1151120363908,
      653.6228573006001
    ],
    [
      "DEB-C7A2ED4E",
      44.23355772739546,
      173.33446696233392,
      121.40145871839559
    ],
    [
      "DEB-438F2AAC",
      84.36318920713131,
      -36.374024256475714,
      857.2403794594948
    ],
    [
      "DEB-DB501739",
      17.391215557344935,
      101.85568177594041,
      212.7473527948232
    ],
    [
      "DEB-4F6C2461",
      39.27706556888924,
      64.37695184807366,
      698.0818687358342
    ],
    [
      "DEB-A0E4E0A4",
      2.754160835596707,
      175.23676815632376,
      376.65500625555615
    ],
    [
      "DEB-A6309453",
      -55.9673175667907,
      32.93249545796709,
      345.37021777373957
    ],
    [
      "DEB-C4F876A9",
      58.67001110626953,
      47.60609246771838,
      528.3995972215589
    ],
    [
      "DEB-EF99F9F5",
      -13.684615618133169,
      -62.63122419418041,
      270.8933601688068
    ],
    [
      "DEB-6764C50B",
      -59.62606395505206,
      148.74229966097437,
      232.2477093165171
    ],
    [
      "DEB-1AC71611",
      44.67502763182572,
      -38.21355656123152,
      460.1691660878532
    ],
    [
      "DEB-A1468CF1",
      -32.26831324908274,
      122.49365723261852,
      687.9078602099089
    ],
    [
      "DEB-0067A388",
      -26.78413841203625,
      -25.63477837143832,
      259.13214839076863
    ],
    [
      "DEB-3F8F623E",
      -16.939711840968073,
      46.850906905857066,
      550.3289979616629
    ],
    [
      "DEB-6C1FD3C8",
      50.450510994544466,
      167.48968167608723,
      426.5220446638168
    ],
    [
      "DEB-110718BC",
      -40.24030412672647,
      -62.84393163744273,
      435.8194589499117
    ],
    [
      "DEB-55D29F51",
      32.200341813676445,
      154.7653225063236,
      850.1549987464059
    ],
    [
      "DEB-D02DAC14",
      -41.385786175964846,
      -28.428093404043544,
      478.28847912384026
    ],
    [
      "DEB-F6368E1E",
      -14.111902608658786,
      107.2793119495053,
      805.9458903790819
    ],
    [
      "DEB-85979495",
      -1.0013433781011223,
      -64.62835981296752,
      662.815034507069
    ],
    [
      "DEB-09FA7D3B",
      -26.07365853348211,
      69.87363199463375,
      291.88121917923945
    ],
    [
      "DEB-53920B61",
      38.170369092642126,
      150.04719252352336,
      344.2154247801127
    ],
    [
      "DEB-0911537F",
      8.35100361834633,
      47.06635794098574,
      700.6527897552205
    ],
    [
      "DEB-DFD2F096",
      -37.814270670326025,
      -63.56272273393079,
      813.3141940092955
    ],
    [
      "DEB-529AD11F",
      3.606794108408703,
      114.07169697031595,
      267.96701242728886
    ],
    [
      "DEB-98C2E3CE",
      31.84335976332071,
      70.52951996227475,
      318.74728072259677
    ],
    [
      "DEB-F4264691",
      29.267228319562037,
      94.58040761889552,
      414.3572499912125
    ],
    [
      "DEB-2C9FEE23",
      20.33370552471921,
      -88.48027290780469,
      674.0133467182959
    ],
    [
      "DEB-49E65B10",
      -59.4045586144701,
      -16.176104458768886,
      898.4043365750767
    ],
    [
      "DEB-0DE7B992",
      78.11502130283849,
      6.0137220770845135,
      221.50518807417575
    ],
    [
      "DEB-3B213E56",
      17.34421975926422,
      30.399818119419223,
      170.0367619881963
    ],
    [
      "DEB-CFDEDE51",
      8.994213318395024,
      -44.767391374437956,
      918.4208536143551
    ],
    [
      "DEB-3BE95A67",
      -17.0978160018462,
      -35.58045486681701,
      238.6322049305827
    ],
    [
      "DEB-4ED0AA61",
      -70.82978366333273,
      95.13705525649951,
      709.609080231563
    ],
    [
      "DEB-A6CCE15F",
      -23.223531273658654,
      -119.62603903144961,
      501.250028180918
    ],
    [
      "DEB-20AB78B6",
      -1.7925190332218985,
      -1.6890166582590411,
      527.1745140579496
    ],
    [
      "DEB-DA4EE107",
      6.1125089186345045,
      122.1727977975721,
      380.06734708232034
    ],
    [
      "DEB-D5064753",
      6.410365357355469,
      -99.23138361227026,
      629.2032038028956
    ],
    [
      "DEB-C9F595C6",
      35.54418939214845,
      -119.12244094122674,
      416.0882805328629
    ],
    [
      "DEB-563237B7",
      21.9678147726424,
      -85.31804248169976,
      166.4753199862962
    ],
    [
      "DEB-70EE2BE9",
      4.2474400873649945,
      98.8097177441851,
      328.4987874206954
    ],
    [
      "DEB-29720C5D",
      73.66201509739875,
      -130.58829638977858,
      616.1911783801952
    ],
    [
      "DEB-6DCA6262",
      33.54261586492267,
      -160.43459063567676,
      295.2823355983228
    ],
    [
      "DEB-CF289636",
      -4.205089027230883,
      135.40877605964977,
      164.817473992558
    ],
    [
      "DEB-C38D8781",
      -39.86502889705705,
      141.02903620358748,
      361.5217823606372
    ],
    [
      "DEB-7D40A297",
      15.761386171944977,
      27.02844870425237,
      369.45538537109496
    ],
    [
      "DEB-1B175D0A",
      50.77060382330555,
      51.09921713207981,
      522.9722574812022
    ],
    [
      "DEB-46994D15",
      -62.38000976566597,
      10.999346568806795,
      278.27841668217843
    ],
    [
      "DEB-16A7250C",
      -57.233845390586474,
      165.04363470397547,
      878.4241900568477
    ],
    [
      "DEB-C1281405",
      51.226499160533606,
      122.43215170263565,
      750.6467339672581
    ],
    [
      "DEB-FA1646D6",
      16.41097689749813,
      -132.20167136961393,
      907.2517205774466
    ],
    [
      "DEB-473E32DC",
      -10.031432411120713,
      -84.04529426510608,
      514.6496350812149
    ],
    [
      "DEB-E999F66E",
      6.696098955095988,
      36.72464741695539,
      153.62596581800517
    ],
    [
      "DEB-106D3983",
      -0.3535499343485347,
      13.15007704122852,
      369.867453410453
    ],
    [
      "DEB-803E859A",
      -28.28744194140297,
      48.02854613872094,
      356.62459918815057
    ],
    [
      "DEB-2FC6ADA2",
      58.075391557703185,
      164.0769306829911,
      525.9522674563696
    ],
    [
      "DEB-A2CF205E",
      -52.465027189420645,
      96.15662421370986,
      182.42692450326285
    ],
    [
      "DEB-A404FD5E",
      -24.232973509019644,
      128.16297452044213,
      152.9828611286648
    ],
    [
      "DEB-FCBD0E5A",
      6.662634758876256,
      -128.5103390957611,
      835.7509776848465
    ],
    [
      "DEB-E64D4600",
      24.699125500467883,
      112.63879193954489,
      122.45847576631422
    ],
    [
      "DEB-D40CCAB7",
      42.58646038134109,
      -53.461757443070425,
      166.56598020824003
    ],
    [
      "DEB-DBBD6597",
      36.982005744874755,
      -80.40679701687695,
      423.17075823050436
    ],
    [
      "DEB-C416E5E4",
      12.882475052609172,
      28.44705476942194,
      733.1012886562912
    ],
    [
      "DEB-FA3F570C",
      -16.981223757973787,
      55.5046558201293,
      830.887043413366
    ],
    [
      "DEB-EC77CA60",
      -41.46891413037326,
      175.97625510980876,
      627.1122878207252
    ],
    [
      "DEB-F956FF43",
      1.9854516985450927,
      94.65649157039907,
      727.0611041632646
    ],
    [
      "DEB-92337001",
      -59.64967104832466,
      -112.87838657870951,
      463.00193076217056
    ],
    [
      "DEB-E3EFE85D",
      -2.217860862728574,
      -72.50441623985161,
      265.66616003828767
    ],
    [
      "DEB-8000606E",
      -5.203646046350122,
      110.90395124569265,
      474.66920231195763
    ],
    [
      "DEB-AFE02264",
      14.016989053615092,
      92.65875383789566,
      155.65295101134325
    ],
    [
      "DEB-38E8B61B",
      3.936009471783315,
      83.11708717878255,
      680.9668867035198
    ],
    [
      "DEB-3EB2FB78",
      17.553532804081488,
      57.82080407891881,
      478.51073918533166
    ],
    [
      "DEB-77DDBF93",
      1.383290790779315,
      -11.922279113725716,
      617.8244997162192
    ],
    [
      "DEB-C0517771",
      -70.53438259448347,
      99.15733515391888,
      620.4503299652388
    ],
    [
      "DEB-7B012140",
      18.05080112296202,
      -47.324781871549106,
      559.7380375330331
    ],
    [
      "DEB-953D40EF",
      37.72838120012989,
      -136.53860687962154,
      694.7353384874432
    ],
    [
      "DEB-33D1411E",
      7.666519026337804,
      -4.313243684072574,
      369.67715412801135
    ],
    [
      "DEB-31E72044",
      -20.207859578288254,
      158.94894278082913,
      221.56084987673512
    ],
    [
      "DEB-08CB73FF",
      13.386347426073257,
      128.64545245326462,
      332.71133021170317
    ],
    [
      "DEB-B4D2FC5D",
      29.02417663652853,
      -159.17604611354733,
      786.4983479691145
    ],
    [
      "DEB-9C1E5C03",
      -17.965215530170624,
      28.327600555527862,
      297.4957085295455
    ],
    [
      "DEB-A62ADC64",
      0.8207432636752496,
      164.19689132792737,
      376.5213831675146
    ],
    [
      "DEB-23DC84C2",
      -55.023268427318484,
      6.817214311991612,
      721.8759245636502
    ],
    [
      "DEB-07B22051",
      -12.962921967625066,
      -27.494068880118952,
      559.5411381580489
    ],
    [
      "DEB-7A88E989",
      7.528932331076882,
      -27.50193226956956,
      163.03946004682166
    ],
    [
      "DEB-F17938CF",
      64.92677932521758,
      39.95070045929902,
      208.0068468325244
    ],
    [
      "DEB-79270F20",
      -38.48125702741248,
      -31.299591029639785,
      224.82428821597478
    ],
    [
      "DEB-416F1D3B",
      12.296231383826575,
      17.771813943925928,
      237.01661521594997
    ],
    [
      "DEB-0DBB23FE",
      -7.111943983440437,
      34.51587713231946,
      487.0689373823843
    ],
    [
      "DEB-4E059623",
      -46.32839143479916,
      156.2805475510773,
      916.0379168113031
    ],
    [
      "DEB-0AD1FBDB",
      -23.891035007556972,
      -55.9823563191251,
      358.08010657439354
    ],
    [
      "DEB-754D1884",
      28.207842540095207,
      -116.3283406696455,
      557.7808912831251
    ],
    [
      "DEB-2FECE57D",
      -1.4353615925289567,
      -102.80807655552313,
      422.17365052852347
    ],
    [
      "DEB-0E4F4390",
      -39.89603545736519,
      -5.055536970397407,
      368.8251381384116
    ],
    [
      "DEB-EBA9ED14",
      6.102033602479714,
      -87.06195841041927,
      424.70484351163486
    ],
    [
      "DEB-5DCAB552",
      53.05775636688914,
      45.57067296219394,
      502.5357946306458
    ],
    [
      "DEB-C3B0A559",
      17.41654461943133,
      -23.164772740859686,
      383.3473656921542
    ],
    [
      "DEB-7E482C42",
      13.370992336187575,
      -14.5884257839748,
      241.12025824750253
    ],
    [
      "DEB-BE4EE14E",
      27.014509660841515,
      -4.389252155174596,
      240.09878762450535
    ],
    [
      "DEB-A7FCC1EE",
      9.00819513406362,
      144.15209031174837,
      262.70321922706717
    ],
    [
      "DEB-AED79931",
      -2.4036516348529755,
      122.80397630315136,
      837.2745690927695
    ],
    [
      "DEB-D55E58E4",
      -12.078867354309889,
      141.8104574361046,
      456.38560752253215
    ],
    [
      "DEB-0CCCF382",
      -28.01041155024572,
      -117.37469404875154,
      596.0155155846896
    ],
    [
      "DEB-306BEB52",
      -40.40815672650808,
      -121.04503330190454,
      320.80077387033725
    ],
    [
      "DEB-91D781BA",
      -6.7549389262669886,
      -90.07606810902118,
      751.090976221285
    ],
    [
      "DEB-70C9A2CB",
      41.115504800985164,
      -148.62516067581123,
      225.83136782877227
    ],
    [
      "DEB-46CA59A8",
      79.07951504996748,
      14.413236247028925,
      175.11717470954773
    ],
    [
      "DEB-43DE58BA",
      53.44981062531504,
      -7.839867294801577,
      194.58971615438168
    ],
    [
      "DEB-5BA96737",
      25.229286876589935,
      129.0918563411567,
      709.0893115674671
    ],
    [
      "DEB-2CD9DFDE",
      -27.91082851475188,
      -120.403262646074,
      484.50506747977124
    ],
    [
      "DEB-7F395BC2",
      -44.69782367169855,
      59.53737627352464,
      913.4209282879665
    ],
    [
      "DEB-AF065692",
      -18.429642004768795,
      129.53261736561558,
      898.1599775355608
    ],
    [
      "DEB-D97C36EB",
      55.58772721356651,
      111.44936942623242,
      384.9646753106035
    ],
    [
      "DEB-4AF26627",
      -17.515597156229504,
      109.8809986325802,
      853.1551526658086
    ],
    [
      "DEB-657953B8",
      27.401426425354426,
      96.55868191491271,
      486.98569845386555
    ],
    [
      "DEB-C7E379B7",
      9.13489147375727,
      -148.9841215117053,
      216.23743725250552
    ],
    [
      "DEB-4A4550A9",
      -43.32007777195141,
      -135.55902482329904,
      220.78829030202905
    ],
    [
      "DEB-644EE584",
      -32.96277076922978,
      139.15786897367835,
      595.2776059676407
    ],
    [
      "DEB-F18C6E4C",
      -9.62323349299311,
      50.370418052838325,
      437.18729007953607
    ],
    [
      "DEB-4D6BC4C7",
      -10.75078007920935,
      46.27608331688567,
      372.0668683045942
    ],
    [
      "DEB-63029A10",
      -17.360953066510334,
      147.79579159662592,
      650.4414128255276
    ],
    [
      "DEB-A004F9B9",
      6.880641490311837,
      118.297346367971,
      153.03537166285605
    ],
    [
      "DEB-6279D215",
      -65.95685124019985,
      -134.88730144271952,
      182.99106826197112
    ],
    [
      "DEB-302D21C6",
      77.45988148814995,
      -3.698626723729016,
      352.9888480393256
    ],
    [
      "DEB-A3AA7710",
      13.197457606700832,
      -106.3145083415915,
      331.7776400127477
    ],
    [
      "DEB-A51D8732",
      43.652388378597536,
      -173.82324815708628,
      706.1690494903551
    ],
    [
      "DEB-D734041A",
      27.06798073144256,
      -102.62124946059484,
      128.45408375174247
    ],
    [
      "DEB-72FC64DE",
      19.907779259769782,
      -35.51240513162066,
      382.532971087403
    ],
    [
      "DEB-0BBD3ABA",
      44.562556373189146,
      -54.44888118573292,
      769.0435373045475
    ],
    [
      "DEB-356DE437",
      -42.67176159566693,
      10.97296778478914,
      874.9326388714207
    ],
    [
      "DEB-D66F1B3A",
      -18.86023775955569,
      -139.82161896270333,
      570.4654415337718
    ],
    [
      "DEB-F551EB6A",
      -22.683757698640736,
      -33.212014040269906,
      499.2163304014193
    ],
    [
      "DEB-C4E65BDB",
      -7.760377454213638,
      -170.77813824207752,
      455.5226792566755
    ],
    [
      "DEB-EC72198A",
      -62.85550739703224,
      65.33516338897348,
      144.6942947640582
    ],
    [
      "DEB-B8333F20",
      -37.406199887607784,
      -13.459597206387631,
      569.3246226983729
    ],
    [
      "DEB-8914ED9D",
      -14.709524938843021,
      -20.27525174197546,
      347.6392169393612
    ],
    [
      "DEB-81926481",
      -33.21747339735194,
      -3.687590728611556,
      811.4933415437908
    ],
    [
      "DEB-684A1E46",
      7.468408935934157,
      36.49038042066108,
      155.10223162632792
    ],
    [
      "DEB-3165AB75",
      11.623577909866121,
      -87.41884126686006,
      353.05137813756755
    ],
    [
      "DEB-CC3FEAFB",
      14.132234089773345,
      -78.81588899518093,
      683.8915431545765
    ],
    [
      "DEB-CA116DBC",
      10.134433857161882,
      -170.82616081774503,
      129.46454227744198
    ],
    [
      "DEB-1E23DA4C",
      8.663933026841672,
      116.8752745984806,
      188.6204731968137
    ],
    [
      "DEB-9D3B0D71",
      -5.318448741511878,
      169.45911892407463,
      243.40046013083338
    ],
    [
      "DEB-02A260C7",
      -10.813448736596838,
      108.00065640760486,
      615.873070480915
    ],
    [
      "DEB-1CE31C4E",
      20.485034661102752,
      -117.55805210605745,
      631.0670445924652
    ],
    [
      "DEB-E258663C",
      -0.2840175571492158,
      -10.443060581797912,
      647.9583614158273
    ],
    [
      "DEB-753AE7B4",
      6.528020112106223,
      2.3771641605131637,
      620.4263889031417
    ],
    [
      "DEB-8F76D158",
      5.975253141055465,
      -25.977646516860197,
      819.2987895308042
    ],
    [
      "DEB-58F445D2",
      18.294133489572076,
      78.64474172631925,
      432.35388081883593
    ],
    [
      "DEB-3B53AE7C",
      -46.00343574268172,
      8.047479038587133,
      812.8576574680901
    ],
    [
      "DEB-497DECB1",
      -59.23065727288263,
      159.10041666420406,
      803.0388548547526
    ],
    [
      "DEB-278E26D9",
      19.79202994718084,
      -166.65979188108966,
      638.172629237587
    ],
    [
      "DEB-9B862D7F",
      1.3462798732955161,
      179.00105147020756,
      658.8865383769744
    ],
    [
      "DEB-BDD21F29",
      7.51775112979847,
      117.17420899051778,
      297.3293658010507
    ],
    [
      "DEB-FFF42041",
      45.11064633303616,
      82.47769237757325,
      399.56462896002813
    ],
    [
      "DEB-24375130",
      2.9954778929753503,
      -136.67292140803423,
      564.9540869360653
    ],
    [
      "DEB-4F81B804",
      5.709996094103186,
      160.20283276995903,
      433.42639642382255
    ],
    [
      "DEB-F57E7808",
      -35.36127066653998,
      -20.764626685614264,
      491.31485063987566
    ],
    [
      "DEB-11BFF175",
      -74.31473091821212,
      49.186319952157504,
      235.80845973307441
    ],
    [
      "DEB-F3281B11",
      25.23450979116068,
      -43.69895032877929,
      147.47705327278527
    ],
    [
      "DEB-4C73817E",
      6.331669649680882,
      -3.7705312249627108,
      711.5837348321775
    ],
    [
      "DEB-5AFA1597",
      -13.898822723869246,
      -51.62588031618826,
      528.2295292240588
    ],
    [
      "DEB-9FF99647",
      41.803517233833134,
      118.09857324338937,
      144.97193473518382
    ],
    [
      "DEB-0EB1AF45",
      9.99718373550508,
      -157.14350521151496,
      203.73637244846213
    ],
    [
      "DEB-0E780FB8",
      -20.615172765435133,
      145.76596007733423,
      500.51156455182263
    ],
    [
      "DEB-63D767EE",
      60.760191294279174,
      70.49146409775182,
      639.2685265213113
    ],
    [
      "DEB-151592C6",
      89.10510996897779,
      -138.41374563258736,
      215.28742087031242
    ],
    [
      "DEB-35070B2C",
      35.951701391332314,
      42.82124465097116,
      236.64571626736506
    ],
    [
      "DEB-96AA89BB",
      -66.10394167640594,
      136.71065513541856,
      699.5976349862394
    ],
    [
      "DEB-78B9DC5B",
      -34.5513204610151,
      52.798853013129325,
      131.3121381396495
    ],
    [
      "DEB-38E091B0",
      68.08607641207286,
      -39.90172306156028,
      167.09735661232207
    ],
    [
      "DEB-313ADDC0",
      35.79754042112756,
      -110.20354086806051,
      210.94245328685156
    ],
    [
      "DEB-E96ED6FE",
      -36.58960971857405,
      -18.48718531854055,
      230.70530772274742
    ],
    [
      "DEB-C1197A73",
      23.381406192121602,
      -157.9285578985793,
      824.9190031665003
    ],
    [
      "DEB-AAA15695",
      -7.92766125648012,
      112.49716579723237,
      820.7655024516807
    ],
    [
      "DEB-92DB901F",
      -6.043974169447827,
      69.81024434677676,
      283.0179239828194
    ],
    [
      "DEB-9A2A2A8F",
      -44.81468877837583,
      150.01563038289854,
      164.7829266161325
    ],
    [
      "DEB-9B66ED08",
      -87.22825153110166,
      119.52515412621028,
      832.5188152909041
    ],
    [
      "DEB-8DDEE711",
      66.52016394146474,
      69.48446373463159,
      301.7577394088985
    ],
    [
      "DEB-BF062F70",
      55.230271353426325,
      17.97911814316974,
      551.4227806468152
    ],
    [
      "DEB-75FCF8C4",
      18.616113863069643,
      38.60430145002531,
      224.59843238381745
    ],
    [
      "DEB-D6AC22A5",
      66.97598005431158,
      -77.72335851092444,
      281.73327002708356
    ],
    [
      "DEB-AB6A2BBF",
      -11.296747079343136,
      -142.68276732249473,
      674.5389631780436
    ],
    [
      "DEB-88EE638E",
      3.245846493850638,
      153.54858452373458,
      323.6080441435697
    ],
    [
      "DEB-C941E359",
      28.47602529051076,
      -51.81512116844454,
      230.9598304511601
    ],
    [
      "DEB-01C9BFEE",
      27.586790824370777,
      -48.426193704383365,
      693.3299915052603
    ],
    [
      "DEB-9746A729",
      -54.28703243797985,
      124.85799500197322,
      573.6437478258249
    ],
    [
      "DEB-37732E45",
      29.97464156827508,
      136.09472289010316,
      195.49925433143017
    ],
    [
      "DEB-683B26EF",
      -26.655578423257303,
      86.55342300911606,
      728.4782120365326
    ],
    [
      "DEB-AC277CBF",
      -72.84949954009697,
      -56.03524853484165,
      842.7883948323042
    ],
    [
      "DEB-A6F35C57",
      -44.75134874464557,
      95.03074453721595,
      134.86090373403385
    ],
    [
      "DEB-B077F44B",
      -35.02267356334471,
      157.2162499912065,
      565.2176576881593
    ],
    [
      "DEB-A09A4C26",
      11.727519793571354,
      -71.82081954664748,
      692.4774635411568
    ],
    [
      "DEB-EA51DACF",
      45.14090244512503,
      -156.81819953683768,
      512.5319770888373
    ],
    [
      "DEB-CE9897C6",
      -37.39649543836432,
      -55.409944060876455,
      249.32309249919945
    ],
    [
      "DEB-B99EA920",
      42.21806530713887,
      94.88306922341229,
      451.8499149592153
    ],
    [
      "DEB-5315B772",
      39.238909264090644,
      -113.93458996748446,
      248.20938324181316
    ],
    [
      "DEB-3B10C505",
      -5.863571125013328,
      -12.557479895608802,
      841.2096670021838
    ],
    [
      "DEB-A68982F5",
      -24.32602078096571,
      -117.17899819671727,
      446.3004281986923
    ],
    [
      "DEB-56641388",
      40.411083141091645,
      154.556405441025,
      513.8698574489545
    ],
    [
      "DEB-E0240D76",
      -80.11867473323609,
      58.19513151633238,
      332.5079488524243
    ],
    [
      "DEB-F2A0CA60",
      51.52765551917821,
      -6.480135068629833,
      662.2465970715521
    ],
    [
      "DEB-2DE30A1A",
      -20.757166096402063,
      29.889654472695465,
      483.4694638856281
    ],
    [
      "DEB-553C249A",
      -15.246711603875712,
      24.527758629904596,
      669.13380094483
    ],
    [
      "DEB-CBFC26AE",
      -52.92329389020415,
      125.95198049073126,
      258.1453145808455
    ],
    [
      "DEB-70BB0572",
      -51.70535012190196,
      5.024614951769037,
      209.16075965153505
    ],
    [
      "DEB-CFB94EDE",
      -30.670152451819042,
      -71.53377045377468,
      308.97868459163965
    ],
    [
      "DEB-409017EC",
      28.359974178375026,
      -160.72959130557055,
      692.5364618492413
    ],
    [
      "DEB-A7DAF63D",
      58.88093582884382,
      -26.607861358050165,
      128.97090162807945
    ],
    [
      "DEB-C2D7B28E",
      -57.97221758717634,
      -126.17011009637771,
      240.02609863247108
    ],
    [
      "DEB-92E09D34",
      60.695986281412154,
      -121.30233983072507,
      724.1705242123353
    ],
    [
      "DEB-05EB2DF0",
      -42.548040495384654,
      -174.80995769861053,
      549.5102388062978
    ],
    [
      "DEB-192C9224",
      11.653752645671204,
      32.82111548145016,
      623.0237553287598
    ],
    [
      "DEB-79946EF9",
      -40.33438435036386,
      -10.368396831963933,
      841.5166290893867
    ],
    [
      "DEB-79EDC0FD",
      -44.001011084484304,
      13.164323467771618,
      199.4670993406662
    ],
    [
      "DEB-A886958D",
      -57.292290026833264,
      0.09551396930324763,
      609.9755135384894
    ],
    [
      "DEB-50704162",
      45.273622224734666,
      -80.7411781961816,
      168.38721926747075
    ],
    [
      "DEB-2C140CEC",
      -76.60069054202964,
      -8.228751305846972,
      869.1805031608992
    ],
    [
      "DEB-88282F94",
      11.021836670065905,
      -90.09924195454732,
      460.08130253074705
    ],
    [
      "DEB-0D3EAE29",
      33.88102172061387,
      108.16710597561733,
      186.19962921657316
    ],
    [
      "DEB-17155271",
      47.512400811697965,
      73.72766881518145,
      764.0850117128348
    ],
    [
      "DEB-0268AC70",
      30.496980574606912,
      89.55985521587283,
      852.5971571670116
    ],
    [
      "DEB-7E171783",
      73.68945355303225,
      -127.58696640398725,
      270.2635036290294
    ],
    [
      "DEB-91FC3A02",
      69.32324303885675,
      -61.483385812942444,
      912.3981959733992
    ],
    [
      "DEB-438CDD90",
      61.8400671031486,
      -177.28848190984405,
      839.4280055285744
    ],
    [
      "DEB-83BDB85D",
      44.037670198290876,
      -61.65575827435558,
      165.65477377076877
    ],
    [
      "DEB-88330561",
      -80.19597047464941,
      21.571749969723445,
      659.2279366055081
    ],
    [
      "DEB-717B692B",
      -3.229963233767472,
      -17.23259922628152,
      884.3550348029257
    ],
    [
      "DEB-C69E3B60",
      -10.220148337629343,
      -135.22182871425383,
      854.9015469621754
    ],
    [
      "DEB-F35F696F",
      -57.50027091414646,
      56.26749105345045,
      874.5900654573661
    ],
    [
      "DEB-C1845119",
      -68.37588385209267,
      59.41913863967154,
      673.3494249079758
    ],
    [
      "DEB-086A7EC0",
      34.918620153951686,
      79.08897426607979,
      606.9550010298271
    ],
    [
      "DEB-A1BEB3E7",
      6.544271441045875,
      -143.006887127363,
      186.31646412410373
    ],
    [
      "DEB-E265C41F",
      16.74098522860122,
      -32.7230039524333,
      194.78544344184593
    ],
    [
      "DEB-6FC2D5A3",
      37.82738051664867,
      -88.02963047509691,
      601.913068830132
    ],
    [
      "DEB-C3127B01",
      -0.8452615313415525,
      -12.368357010549445,
      295.1346119594946
    ],
    [
      "DEB-BC899336",
      58.056754980774116,
      -88.32276678184269,
      404.119470100507
    ],
    [
      "DEB-768E56DD",
      -13.34019233115489,
      20.380883700554026,
      269.65694058877125
    ],
    [
      "DEB-E3BF62C0",
      -64.66516353667782,
      -117.15805118874016,
      845.1932309486792
    ],
    [
      "DEB-373559A0",
      42.188195289944,
      -160.95547398382269,
      308.28909031420517
    ],
    [
      "DEB-CDA487D1",
      40.70462149280555,
      -21.863647790001103,
      456.06925416214744
    ],
    [
      "DEB-6E23B11B",
      14.200470909333756,
      6.850541512428874,
      580.9602538020008
    ],
    [
      "DEB-CEC280C7",
      54.61008464288001,
      64.54334164624562,
      197.7200047340939
    ],
    [
      "DEB-4DE5651E",
      19.334553768114652,
      -33.637806366379806,
      560.1590528552715
    ],
    [
      "DEB-8CFA9EDE",
      -50.85965102537754,
      169.78809388194634,
      614.2894064238781
    ],
    [
      "DEB-AA42D279",
      27.888381065949925,
      148.47037395797423,
      533.2447774723478
    ],
    [
      "DEB-F55D3D7E",
      47.15410110851144,
      -32.343827297260425,
      341.79419356773815
    ],
    [
      "DEB-FFBF4C6E",
      -53.01397012445861,
      13.608685517026025,
      466.13103784356736
    ],
    [
      "DEB-10D43B0C",
      -44.45183942396905,
      94.31365452954583,
      557.8690738874548
    ],
    [
      "DEB-3CB53827",
      -52.00868752604848,
      91.79345097151506,
      303.53870249790634
    ],
    [
      "DEB-1D5ABBCF",
      13.577783778895867,
      -130.79949790369957,
      152.64223053436126
    ],
    [
      "DEB-107A03E9",
      -0.35535532317546914,
      167.53743498804457,
      537.2714981251465
    ],
    [
      "DEB-BFAA2931",
      -6.592672416996418,
      -119.78506181678055,
      834.2088619363976
    ],
    [
      "DEB-82D414AD",
      -58.99432984097053,
      99.76910520633415,
      294.8739576126536
    ],
    [
      "DEB-6FBF2628",
      -43.292452706477555,
      -134.46953597281475,
      524.8190010901471
    ],
    [
      "DEB-83F70501",
      -56.668470059727575,
      73.63532842695498,
      497.75973370248175
    ],
    [
      "DEB-DF275F0B",
      -4.903933305709902,
      -35.73152343145181,
      150.0067500023897
    ],
    [
      "DEB-0E745A04",
      -73.20782749218615,
      -166.18636655314054,
      138.95280483509123
    ],
    [
      "DEB-7AADEC24",
      55.37193958424421,
      5.4963395740993946,
      184.92203089653867
    ],
    [
      "DEB-23C92911",
      -27.29386369172963,
      167.1280984932368,
      716.910369564077
    ],
    [
      "DEB-54AA0ECC",
      -46.94660071387975,
      -99.8378280847906,
      911.8617191395651
    ],
    [
      "DEB-271577FD",
      38.6447280742563,
      118.79261214727623,
      391.7147077201853
    ],
    [
      "DEB-D021C7B1",
      -14.886326564800681,
      85.06143440817692,
      161.829126367933
    ],
    [
      "DEB-3810811B",
      -40.1665139858627,
      129.08310512344818,
      231.19729393470516
    ],
    [
      "DEB-B3662AE3",
      17.52743880883644,
      155.54151718310578,
      565.7927467977634
    ],
    [
      "DEB-DC946857",
      -64.89386189051125,
      67.14717813791606,
      726.585404011701
    ],
    [
      "DEB-184DF4A2",
      23.54555543368867,
      149.47527754087457,
      342.25132896608557
    ],
    [
      "DEB-16F4D112",
      23.011600475179257,
      -16.734471703832263,
      236.58805413288246
    ],
    [
      "DEB-49797E4E",
      -20.25266891844433,
      170.74706736552858,
      372.6969310507784
    ],
    [
      "DEB-58E4C6B8",
      27.625353247509693,
      44.42725511708444,
      820.9428682385878
    ],
    [
      "DEB-3ABACE04",
      -1.6223055434164249,
      100.49464367173653,
      191.59366169507848
    ],
    [
      "DEB-BE07AC8E",
      29.6151270263518,
      -75.03697863482687,
      268.9812863931511
    ],
    [
      "DEB-AA736BDA",
      9.304087704118148,
      98.82918553983026,
      269.96874527957243
    ],
    [
      "DEB-08759258",
      -13.603072308968901,
      44.695035942906976,
      226.32378214873006
    ],
    [
      "DEB-B6ECE31C",
      -34.04903231200087,
      -89.81246396211513,
      728.6940189348106
    ],
    [
      "DEB-8D1419B9",
      44.37042138092628,
      -52.54113297098625,
      196.59294120119284
    ],
    [
      "DEB-2BFF370F",
      -33.82538565714649,
      141.3264901239069,
      195.907331006375
    ],
    [
      "DEB-6A03C031",
      -31.665355782958773,
      -19.371774301290657,
      185.95572407617237
    ],
    [
      "DEB-EC50BF92",
      61.75969427303416,
      115.90522911793839,
      601.5550740287335
    ],
    [
      "DEB-9ECE27CB",
      14.208128202077647,
      82.7594112291052,
      907.2141215023721
    ],
    [
      "DEB-E137C223",
      41.95444205360641,
      167.30336020485944,
      792.8256036320363
    ],
    [
      "DEB-131759BC",
      -3.8175119954865235,
      23.49371533549006,
      236.1450307813102
    ],
    [
      "DEB-C46B3EDA",
      29.371521653697727,
      -163.42467860055072,
      628.7172305466947
    ],
    [
      "DEB-18BFAD6E",
      7.860254729030865,
      -47.4925917263039,
      811.7768001409831
    ],
    [
      "DEB-133E0ACA",
      9.849150339009913,
      106.08284727049676,
      419.5082280341421
    ],
    [
      "DEB-FCDF5ACC",
      16.962794586316573,
      -81.39834395028385,
      500.34364785918024
    ],
    [
      "DEB-6BD2BF0A",
      -75.77196979254941,
      153.65781009310717,
      265.7037622582602
    ],
    [
      "DEB-46B9EEE4",
      13.375506806141898,
      -72.15457227279674,
      334.1227422098809
    ],
    [
      "DEB-2C9A5E50",
      8.900885138765336,
      -138.2708967200862,
      690.0292681599103
    ],
    [
      "DEB-043786FC",
      -9.375062548147467,
      63.59823276545358,
      256.65609378407225
    ],
    [
      "DEB-7E8B1428",
      1.3362100846883858,
      -109.61691228738466,
      233.7551149167266
    ],
    [
      "DEB-BD79059F",
      -33.61485659472711,
      -73.225895953139,
      833.7802690346643
    ],
    [
      "DEB-8148C38B",
      -8.067205724864543,
      63.622653201168895,
      428.62924311335337
    ],
    [
      "DEB-DE868192",
      -34.7354791515307,
      58.57496066626907,
      716.929733439807
    ],
    [
      "DEB-4C651E5E",
      28.786203524749972,
      -68.32416379714144,
      247.06963903345968
    ],
    [
      "DEB-E87C3F31",
      -18.721046153542883,
      96.99140510312061,
      204.53836083061196
    ],
    [
      "DEB-E400041F",
      27.999391658338247,
      36.96870031608793,
      228.23956350941444
    ],
    [
      "DEB-6CFDB94E",
      36.213363487185504,
      144.35285775022402,
      269.11976846746165
    ],
    [
      "DEB-F483F658",
      19.820744418378325,
      -62.63938219544878,
      223.85162848248274
    ],
    [
      "DEB-143D4E74",
      -13.233114664219853,
      81.22767306476015,
      255.02988916140657
    ],
    [
      "DEB-8AFE5155",
      -37.11469029072595,
      11.36019142201456,
      486.38679430064076
    ],
    [
      "DEB-C1F745BF",
      32.795617317118236,
      -119.26080802635683,
      218.3974451025706
    ],
    [
      "DEB-83AC2DF0",
      26.182112999831602,
      -7.902901497685744,
      581.5697618165896
    ],
    [
      "DEB-76C9E60E",
      -17.03529267476643,
      -19.377681480903018,
      499.2618996565161
    ],
    [
      "DEB-CC0F052E",
      -36.86451710229154,
      -68.5593865037698,
      142.9830870852129
    ],
    [
      "DEB-73CD3C23",
      63.119496779090966,
      151.0138567033986,
      437.77837103109505
    ],
    [
      "DEB-CD26A6C4",
      60.380158159898585,
      134.5253889509546,
      790.9573388221888
    ],
    [
      "DEB-7CED6181",
      74.60974063625025,
      -150.28554252118403,
      587.5286078436757
    ],
    [
      "DEB-E7ED421E",
      -48.064213836183406,
      -58.21523628021455,
      204.8229588061431
    ],
    [
      "DEB-30957716",
      -30.419189127567293,
      -124.06432398982562,
      349.37120490975303
    ],
    [
      "DEB-D3932B8B",
      88.51103318577967,
      -19.193100693975975,
      794.6745680511413
    ],
    [
      "DEB-423F1B6D",
      -4.996704757695232,
      -138.85136217937753,
      792.9781208934628
    ],
    [
      "DEB-28A0C153",
      -85.78474728336575,
      26.80781184968401,
      242.850388408845
    ],
    [
      "DEB-9E7B5993",
      21.15743948561337,
      -74.72899468344353,
      550.7688959258485
    ],
    [
      "DEB-E695AD44",
      29.804588397159677,
      -4.670258108070789,
      803.1157582024262
    ],
    [
      "DEB-EFC653D5",
      -13.97685325941219,
      -141.9168330109483,
      452.3199625968018
    ],
    [
      "DEB-FF29542B",
      -65.33083921935564,
      -5.524288202522956,
      146.69585368970456
    ],
    [
      "DEB-78DD1D83",
      -12.478379818922072,
      25.262785391755408,
      472.39760953758196
    ],
    [
      "DEB-4C321EBF",
      -5.17454670750165,
      -25.880463692509405,
      812.2194271272128
    ],
    [
      "DEB-1794498F",
      -76.00360761020067,
      -8.35133140614262,
      695.7417739963821
    ],
    [
      "DEB-F4B3DF9A",
      65.17011099747505,
      -46.06767672987148,
      338.06028867340956
    ],
    [
      "DEB-2F2EE8A7",
      17.445529228775758,
      37.888852413959505,
      314.3414873455704
    ],
    [
      "DEB-6BD19050",
      10.36497858997519,
      136.16559624127225,
      581.0905720148767
    ],
    [
      "DEB-61856831",
      26.819446319946646,
      -163.2656712369112,
      836.6042906917346
    ],
    [
      "DEB-1B6FE662",
      61.80462951530687,
      -118.8641147380359,
      701.6959351672149
    ],
    [
      "DEB-88413E78",
      49.977133300488454,
      122.48492030905955,
      365.99626240063117
    ],
    [
      "DEB-3291AF56",
      44.671769911556275,
      151.83258506564638,
      744.3195590848554
    ],
    [
      "DEB-593A09EC",
      -65.49750459487682,
      56.23986718738789,
      552.9667552903265
    ],
    [
      "DEB-6B21B02C",
      -31.08274477520978,
      -170.75784880780208,
      395.97304122418336
    ],
    [
      "DEB-C10EF434",
      -27.937135687638644,
      110.26521702577787,
      352.0145332670836
    ],
    [
      "DEB-31FA8CF2",
      -1.8380618853916437,
      -163.83500827333103,
      920.7656619815152
    ],
    [
      "DEB-29182E01",
      37.438391705567874,
      8.07677168951319,
      876.4610682227858
    ],
    [
      "DEB-3BDD2A29",
      -35.87460646417729,
      55.98726585978445,
      333.42527491868714
    ],
    [
      "DEB-455E868B",
      -29.669785851835794,
      24.411654536827285,
      777.563593121582
    ],
    [
      "DEB-20A5F448",
      -34.56872520128262,
      116.25392890268618,
      720.7847855524624
    ],
    [
      "DEB-EF7BB6C4",
      60.82896345422462,
      -144.8007200567879,
      500.34240147907985
    ],
    [
      "DEB-C50D743A",
      -15.965299556243163,
      -169.2190894018965,
      709.435388780189
    ],
    [
      "DEB-8A99C4E8",
      45.84429043173897,
      -111.10580085869512,
      837.2734580445249
    ],
    [
      "DEB-79B49BE7",
      4.911167137855504,
      45.03272197153701,
      883.3895638735194
    ],
    [
      "DEB-EF76230A",
      14.267396707486228,
      -57.30345838598707,
      780.0949721385086
    ],
    [
      "DEB-0E1F182D",
      -21.918237156506,
      118.63334929795288,
      207.575480256226
    ],
    [
      "DEB-B41DA3DE",
      28.927122336240824,
      -110.62461393444255,
      379.8421042371301
    ],
    [
      "DEB-48F2988C",
      41.11172183651138,
      136.93958684336312,
      385.039489100227
    ],
    [
      "DEB-B1060D30",
      -48.2323954376438,
      -155.77488911685504,
      359.7372188692243
    ],
    [
      "DEB-3D00CA98",
      25.555202162407515,
      -138.83882869647238,
      681.9946773724032
    ],
    [
      "DEB-9DE11DFA",
      68.42319786994597,
      -150.87605069378375,
      582.4231329525855
    ],
    [
      "DEB-D35E798B",
      28.19001685755077,
      51.45063677929127,
      530.5267916867215
    ],
    [
      "DEB-87700C21",
      38.27694258616139,
      174.41225670765198,
      514.6306236913551
    ],
    [
      "DEB-7D0DF98C",
      -65.61124877601007,
      -60.60353719786896,
      427.03682133535403
    ],
    [
      "DEB-70675DA9",
      -57.08210645404196,
      -84.22701592639717,
      178.94966136997755
    ],
    [
      "DEB-95F31C4C",
      -38.24982358419796,
      83.90748639308488,
      753.4841939972675
    ],
    [
      "DEB-C3A34E8F",
      -66.73707961793023,
      101.38621420185547,
      405.7034947277016
    ],
    [
      "DEB-B9C04724",
      87.91720985561932,
      -157.27442639966083,
      381.56397467825354
    ],
    [
      "DEB-27AA8B1F",
      -58.37799663448097,
      64.11253517306085,
      634.1291479527154
    ],
    [
      "DEB-E49C6009",
      -1.863953033836171,
      -163.5661383632103,
      615.6793916734723
    ],
    [
      "DEB-0C614FF5",
      -71.38717532102349,
      -24.220204781888622,
      290.602085196796
    ],
    [
      "DEB-6BEB5256",
      37.86979475712739,
      -26.740493841112034,
      173.042835889044
    ],
    [
      "DEB-A4C0EC89",
      -4.107767356188824,
      157.72660063543702,
      536.1345253655227
    ],
    [
      "DEB-2C4CE295",
      4.882901648879074,
      -141.44195945199507,
      224.15408425675014
    ],
    [
      "DEB-DB3E5EE2",
      52.15451094002045,
      -73.24030644398297,
      471.50473358560976
    ],
    [
      "DEB-C49031F6",
      -47.48589062052657,
      -123.45375842254185,
      187.36665802332027
    ],
    [
      "DEB-5100B60A",
      -37.28707308477686,
      93.53002446650474,
      260.04524439170564
    ],
    [
      "DEB-54B99D03",
      6.415528420822547,
      123.77673948471966,
      288.59643327273716
    ],
    [
      "DEB-594C40AD",
      -0.9755213699952184,
      -13.352479545216882,
      246.31683022342168
    ],
    [
      "DEB-DB79BD56",
      15.307479432240115,
      43.264339888405296,
      844.6157894506396
    ],
    [
      "DEB-306811EC",
      54.029224771711704,
      -26.50601699598954,
      334.4860012185818
    ],
    [
      "DEB-775EEBDE",
      -21.455883304215533,
      -56.08043898733029,
      643.2166453294794
    ],
    [
      "DEB-3C1A2FC7",
      -61.632626105789406,
      38.35647968102617,
      901.8172816476372
    ],
    [
      "DEB-CC78FE10",
      -81.33808655419027,
      -1.7315076486450078,
      717.379747558999
    ],
    [
      "DEB-0EB56BC9",
      3.991937031768136,
      -150.50744930215814,
      666.973902151617
    ],
    [
      "DEB-73E3AF60",
      12.020219043584005,
      -124.82824661015232,
      842.8744633918122
    ],
    [
      "DEB-EBE4E619",
      -49.47943110167442,
      34.52922808388235,
      322.2186043345837
    ],
    [
      "DEB-8E113A28",
      43.30280495521454,
      -21.614052696723604,
      685.4806047843549
    ],
    [
      "DEB-EBC14B77",
      -66.4690726416803,
      119.51506950196945,
      736.4121451350566
    ],
    [
      "DEB-CA889968",
      6.261195618604436,
      -16.436705042414026,
      774.1967923549928
    ],
    [
      "DEB-1A21804B",
      22.31035460101986,
      12.969136105344173,
      144.9263824693753
    ],
    [
      "DEB-AC7F03EB",
      52.21979580330184,
      -83.97856697705187,
      783.6923030746293
    ],
    [
      "DEB-A34AB0E0",
      -70.37929017094673,
      -111.515629883227,
      741.9648878894795
    ],
    [
      "DEB-8153D9EF",
      -52.07674484435078,
      -39.668744095404406,
      134.36505264951302
    ],
    [
      "DEB-547CC345",
      -50.15073620806679,
      -41.93685741191979,
      755.8810657561353
    ],
    [
      "DEB-8BD69FE1",
      -15.48893658904461,
      130.09208211958972,
      506.31676253597925
    ],
    [
      "DEB-88E9B97A",
      -22.244962007574845,
      169.32050602785569,
      772.5229173008574
    ],
    [
      "DEB-0AB49D1C",
      4.303043452199231,
      -102.14302453367667,
      785.5128272114225
    ],
    [
      "DEB-B2B70E9F",
      28.402052570257506,
      -19.44365653299018,
      889.6882175745413
    ],
    [
      "DEB-9710552C",
      -53.283471003638724,
      179.71447470760933,
      715.5473759215083
    ],
    [
      "DEB-FA60D395",
      -8.138618049002114,
      15.966961815467766,
      707.8442564268998
    ],
    [
      "DEB-7FB0925D",
      25.89406368958392,
      13.666282601650087,
      753.6210819276466
    ],
    [
      "DEB-48D8A596",
      19.16482337495998,
      167.07603286326778,
      719.6168963793261
    ],
    [
      "DEB-C6667DAF",
      37.962196585011675,
      121.79488810319943,
      646.3028460758096
    ],
    [
      "DEB-D06DE24A",
      17.057489675121,
      138.5355938954982,
      132.20424348219876
    ],
    [
      "DEB-B150685E",
      -24.207174783030453,
      139.59365612471663,
      242.55886019914033
    ],
    [
      "DEB-4FB70BD4",
      37.284931348145335,
      80.75866071524845,
      747.5639900126353
    ],
    [
      "DEB-5028EBF7",
      6.847353917281664,
      106.53861916666449,
      540.124428759048
    ],
    [
      "DEB-3239F1DF",
      -6.049355806002996,
      71.69142300735254,
      251.25502613883873
    ],
    [
      "DEB-6CE1BA81",
      16.104925579332935,
      -114.13936946672472,
      136.4848040523484
    ],
    [
      "DEB-53E29BBA",
      29.39964385138157,
      -146.53100831590473,
      274.25422869362956
    ],
    [
      "DEB-C7256CA8",
      -4.70676257651159,
      -140.16087916786842,
      273.5979387027164
    ],
    [
      "DEB-46CD27B7",
      36.284677331948046,
      31.601438890374737,
      262.09156081870333
    ],
    [
      "DEB-B91A5205",
      -0.6473815766435124,
      -58.05545558152537,
      579.2633487253024
    ],
    [
      "DEB-AC093F26",
      40.47169180897328,
      -29.335459762100395,
      298.9907737697431
    ],
    [
      "DEB-125B381B",
      -5.937782660622305,
      -117.17305305483731,
      360.88245882085994
    ],
    [
      "DEB-D64A97D6",
      1.8920763655049668,
      89.06518491975955,
      821.6498697099105
    ],
    [
      "DEB-09B032D6",
      -48.752802358004764,
      113.30439964721634,
      802.8968509250617
    ],
    [
      "DEB-10AEFEAA",
      -6.5258121563581755,
      -153.2074436932753,
      420.55525428066994
    ],
    [
      "DEB-E7E11A09",
      -4.840422204763346,
      -144.25233463781228,
      365.0072646983281
    ],
    [
      "DEB-CFB1197A",
      -22.502267948418428,
      157.58003806315804,
      351.31985396210894
    ],
    [
      "DEB-7423FEE2",
      -10.833737795945787,
      -85.24132402949569,
      615.9379034709409
    ],
    [
      "DEB-0D5CC845",
      -75.15486430419884,
      72.7226038716316,
      611.2675338466242
    ],
    [
      "DEB-46A14FB5",
      21.081929886189883,
      -141.1486520090754,
      820.392532969975
    ],
    [
      "DEB-C807991A",
      26.968196087325204,
      79.12346786911336,
      451.6797360431319
    ],
    [
      "DEB-40266BC7",
      15.496554237136447,
      -150.19628437520223,
      554.0235694222056
    ],
    [
      "DEB-27482BF2",
      10.717565800472526,
      -129.8395179971869,
      558.3510485616362
    ],
    [
      "DEB-BA1523B8",
      66.49002790463959,
      -172.5644236474409,
      664.4484952493167
    ],
    [
      "DEB-277D6E4E",
      76.65098393139499,
      -132.5331956912759,
      636.158249122107
    ],
    [
      "DEB-666F6F35",
      31.795004691447357,
      119.83236103733724,
      555.0541843641031
    ],
    [
      "DEB-0BE55DD6",
      40.40651310365567,
      63.17205915860709,
      379.4320858922456
    ],
    [
      "DEB-B5D06EA6",
      -13.044794031807799,
      49.711024830473846,
      622.2213508903187
    ],
    [
      "DEB-D86DEB69",
      -37.68505510117363,
      60.684542974089744,
      427.38365903580325
    ],
    [
      "DEB-058A6419",
      -21.08762767685463,
      -97.15494206628478,
      712.8749091878326
    ],
    [
      "DEB-6DB6ADA2",
      59.13387984833964,
      -152.34344190850408,
      893.4390331419118
    ],
    [
      "DEB-7C6C92C8",
      -4.873674661609727,
      -51.81370980716321,
      623.9598310109195
    ],
    [
      "DEB-7C29A3F7",
      83.51710274634307,
      171.8919593895206,
      405.26049270027124
    ],
    [
      "DEB-B0655D05",
      23.891096677852303,
      -179.6951089105395,
      200.49792439961584
    ],
    [
      "DEB-1905440C",
      34.79328698851016,
      -95.20084605761504,
      409.9899885554414
    ],
    [
      "DEB-457B048D",
      -30.88047288282739,
      -158.37890728102792,
      759.1060296231799
    ],
    [
      "DEB-E6078B5D",
      -54.07105173713814,
      -26.32121801169689,
      499.6639226095931
    ],
    [
      "DEB-354F4031",
      -15.465257355075378,
      107.10853371227334,
      767.2612306515721
    ],
    [
      "DEB-60E5FF44",
      2.6192847112025315,
      -112.0989373993108,
      608.236172300818
    ],
    [
      "DEB-20A4F258",
      70.28806513778952,
      73.85660428609378,
      657.4848657359416
    ],
    [
      "DEB-5D2019DE",
      65.87483639585135,
      -136.47811635649364,
      648.591675300795
    ],
    [
      "DEB-76E89092",
      -1.7881368961423079,
      -48.613960798615224,
      727.5202054127849
    ],
    [
      "DEB-CA9DC56F",
      -65.04596549004407,
      -10.663338188615226,
      355.0717843872271
    ],
    [
      "DEB-633F7910",
      -27.40550170870337,
      158.34334005315608,
      252.0614961043184
    ],
    [
      "DEB-6ABFBB96",
      25.815186930421447,
      -19.433951601487,
      566.1773949074759
    ],
    [
      "DEB-0F8AF501",
      20.56491054093238,
      -172.51984295082158,
      231.52077674510292
    ],
    [
      "DEB-C0C0A1A8",
      -29.1934553175871,
      155.3960575666477,
      594.0037994467912
    ],
    [
      "DEB-D5F67BA5",
      -23.6014521251899,
      -42.927629972183766,
      618.038889916701
    ],
    [
      "DEB-EDA9316F",
      -11.152776642155356,
      -28.920303649616187,
      757.5288617571578
    ],
    [
      "DEB-4BB280AE",
      -22.197614324274983,
      -80.37541698956177,
      754.2215360452292
    ],
    [
      "DEB-97560441",
      48.982198046809415,
      54.651461842219135,
      538.7686570172627
    ],
    [
      "DEB-F8311282",
      77.74636843628613,
      -141.64059310696777,
      165.32797616965036
    ],
    [
      "DEB-0B6CA549",
      -26.18032127255434,
      43.01302721429828,
      679.5275535628934
    ],
    [
      "DEB-6C8DBBEF",
      -56.65085187456697,
      -94.74322773740933,
      623.7016603110424
    ],
    [
      "DEB-74DCF1B9",
      29.857088732399202,
      -144.60967813165556,
      591.6551141782402
    ],
    [
      "DEB-A97368DE",
      48.372825602563225,
      46.996009317701514,
      561.5348997097017
    ],
    [
      "DEB-E1EC6388",
      29.607232376228232,
      -164.152562778108,
      626.1693297070451
    ],
    [
      "DEB-736BEBA8",
      31.369947585897485,
      162.2357988052436,
      871.2877637488255
    ],
    [
      "DEB-3EB6249F",
      -28.597644272929806,
      -72.35116263762157,
      706.8362292419924
    ],
    [
      "DEB-AF7F7D6D",
      -16.182866073183376,
      -52.458405875815174,
      236.1857349938091
    ],
    [
      "DEB-AF5BD06C",
      -41.768227144690684,
      152.28118097833476,
      232.94074190597894
    ],
    [
      "DEB-C0052F46",
      -45.77573880462498,
      4.377929710982666,
      148.77323913747568
    ],
    [
      "DEB-5BA6EE07",
      -6.694510289277786,
      115.58527780244576,
      410.85402995773075
    ],
    [
      "DEB-DC40788E",
      62.783391623301725,
      61.425503563162906,
      288.15100891431575
    ],
    [
      "DEB-7EBCD4D7",
      6.299322154892189,
      -66.39374466902444,
      664.6124984607522
    ],
    [
      "DEB-7AF09E30",
      -74.70828005437497,
      105.19774687400614,
      154.68291220817628
    ],
    [
      "DEB-22962B72",
      7.8569081243255185,
      -75.45219031282592,
      489.8147125495034
    ],
    [
      "DEB-7C45A708",
      -63.349651058116834,
      -18.51600901176989,
      902.9960842552055
    ],
    [
      "DEB-393BFDE7",
      10.665786255127902,
      159.95467311770878,
      520.7340153179302
    ],
    [
      "DEB-EBA60F6D",
      14.512484641232778,
      -165.54479736611074,
      628.205780482227
    ],
    [
      "DEB-2AE5CD93",
      19.734302218858186,
      -128.87400542166114,
      280.8562317855567
    ],
    [
      "DEB-EB2BE38A",
      -51.028062588091004,
      -124.39025628637584,
      635.2788864171698
    ],
    [
      "DEB-321ABD64",
      21.986620284588607,
      -99.52489256031419,
      739.2481855849437
    ],
    [
      "DEB-7946F7BF",
      1.9784203107341864,
      -147.77714122403492,
      537.5498424338512
    ],
    [
      "DEB-8A230CBF",
      44.47965929718417,
      -139.12607038393642,
      658.352852931419
    ],
    [
      "DEB-97E348E5",
      42.06240924905119,
      -50.263315306780925,
      888.9665315776392
    ],
    [
      "DEB-E157587B",
      36.20326424505238,
      31.507585278294894,
      162.3265475521075
    ],
    [
      "DEB-5D16331C",
      32.8923891795392,
      -48.917934850603224,
      359.36020459407064
    ],
    [
      "DEB-46262B2F",
      -10.611366786487592,
      -50.122765052701006,
      153.48505107978235
    ],
    [
      "DEB-5B7AEE8D",
      -59.643957018567775,
      12.339017964985878,
      425.72284327150464
    ],
    [
      "DEB-F6BD6ACE",
      8.287346743094366,
      -122.43340190020184,
      544.6054974278786
    ],
    [
      "DEB-CE68AF2D",
      -23.403284134333575,
      -43.71809680752269,
      498.99031990379535
    ],
    [
      "DEB-50A119B9",
      33.48292469898324,
      -144.07795291297606,
      905.0827201288985
    ],
    [
      "DEB-AA121776",
      -31.696504020055592,
      -161.05332883037025,
      818.7759255704532
    ],
    [
      "DEB-667E6C2A",
      62.961944319920256,
      89.83393173358853,
      181.24904819734638
    ],
    [
      "DEB-179B686C",
      11.96030344816265,
      -67.50744580525188,
      471.33611093923264
    ],
    [
      "DEB-8CD7A83F",
      14.902800415940106,
      96.52539364750528,
      182.11247269419073
    ],
    [
      "DEB-67BA1AB5",
      65.8473492223092,
      152.59672025863264,
      620.4744709677971
    ],
    [
      "DEB-008EC7E0",
      73.58662616163107,
      -144.39025288731156,
      323.2016164600118
    ],
    [
      "DEB-082BEE3D",
      -13.601235494932139,
      -177.38818809634697,
      464.586328643818
    ],
    [
      "DEB-0E556B82",
      -36.50395252585634,
      89.83158152616998,
      508.74505461162516
    ],
    [
      "DEB-ABEC45FC",
      -18.184614772061245,
      -75.26882599129613,
      425.60292108069007
    ],
    [
      "DEB-37345ECD",
      -14.795232181724767,
      78.44937324272136,
      737.2601120107047
    ],
    [
      "DEB-4728A96F",
      38.51708661222202,
      -85.55288119988747,
      496.8440340403167
    ],
    [
      "DEB-48438444",
      33.33222806643554,
      -177.2693481995267,
      767.265331272275
    ],
    [
      "DEB-B858179C",
      67.35529395438692,
      -135.09161494194367,
      750.8116873755862
    ],
    [
      "DEB-76B8724E",
      -70.04186866653579,
      -9.39178993975869,
      612.8371076267867
    ],
    [
      "DEB-34629421",
      62.8285935982937,
      -91.72691120228454,
      423.15810008142216
    ],
    [
      "DEB-31F792FA",
      -2.6258726333480715,
      169.06291673238042,
      873.1675110089309
    ],
    [
      "DEB-90D1E1E7",
      -44.10845337354121,
      -101.32537975165509,
      523.8002732700324
    ],
    [
      "DEB-B68E03A9",
      2.0370691365081766,
      -87.74161539532707,
      441.55248311151536
    ],
    [
      "DEB-3D66D251",
      -75.48812114875544,
      14.170127958841833,
      876.1973261341664
    ],
    [
      "DEB-CF3BB9DC",
      -27.81458263388725,
      -88.92435680876635,
      375.80554607787053
    ],
    [
      "DEB-52BF0B41",
      -62.1971407146128,
      73.73332390409679,
      884.4030396497819
    ],
    [
      "DEB-317D36CC",
      -13.866464002107364,
      61.531516950174826,
      150.20615349732543
    ],
    [
      "DEB-C96FC056",
      -42.43843287667133,
      -82.00085321434524,
      624.0345992260227
    ],
    [
      "DEB-ACB2123D",
      34.074146722628115,
      -76.10028732881244,
      249.1165044132258
    ],
    [
      "DEB-43DA057D",
      70.14965464272784,
      79.05837658941957,
      274.55682364176755
    ],
    [
      "DEB-019C9AE0",
      -23.67764085727794,
      -66.61812283736903,
      279.9347460647796
    ],
    [
      "DEB-BEE891AC",
      9.892977576009171,
      -25.42578820829622,
      799.528446496759
    ],
    [
      "DEB-3A9FB358",
      -34.48113977122538,
      168.8554175275774,
      354.2193120194479
    ],
    [
      "DEB-50B11597",
      -34.694101786838026,
      34.35520480116809,
      325.73147609590796
    ],
    [
      "DEB-E4F73AE4",
      -50.823205572046035,
      19.96447508422747,
      894.2060381115889
    ],
    [
      "DEB-920BA6AF",
      32.54783509616496,
      49.006689174689896,
      779.1375257799173
    ],
    [
      "DEB-EFB62496",
      62.95632378960432,
      -16.002685549824015,
      258.8531183880059
    ],
    [
      "DEB-70E98823",
      26.239603641804976,
      55.33221938167353,
      261.93184223290154
    ],
    [
      "DEB-4FA8F0D6",
      -32.228506642697084,
      -162.16664583556064,
      386.6916236308771
    ],
    [
      "DEB-6E97465F",
      -18.53335560948715,
      -140.93193832020802,
      122.25330015248437
    ],
    [
      "DEB-C7B70032",
      -42.369265868872866,
      -40.06595055466231,
      750.3361413051998
    ],
    [
      "DEB-7149AA03",
      -31.79962549551299,
      -75.81332108994872,
      650.2762938291426
    ],
    [
      "DEB-36AE7BCA",
      -17.332008878583753,
      -115.26829628592742,
      286.7744151995439
    ],
    [
      "DEB-2594EFCF",
      -37.52351920664978,
      96.35838259197845,
      744.505327553291
    ],
    [
      "DEB-A9CE7B41",
      51.27961047883586,
      155.98458799561755,
      199.1043034740851
    ],
    [
      "DEB-DB571FF2",
      45.01469698387624,
      -13.275285515105512,
      348.66403110750616
    ],
    [
      "DEB-C6FDADE0",
      27.208056518106314,
      113.12618611706279,
      921.3789712830185
    ],
    [
      "DEB-A065AFE2",
      2.7021685325960063,
      -35.210540283412385,
      841.6972471229319
    ],
    [
      "DEB-CDCD54BA",
      20.955722330265694,
      165.59916726887937,
      437.03389774722837
    ],
    [
      "DEB-5F016D94",
      -42.83698467009623,
      -58.72455805512627,
      281.31627885167654
    ],
    [
      "DEB-425275DB",
      19.180729808100374,
      115.55753416673407,
      718.5881015239174
    ],
    [
      "DEB-41407246",
      -27.244070806381288,
      -3.130918591100535,
      782.4416538995811
    ],
    [
      "DEB-C7A2B844",
      -10.794566650143361,
      -151.0080643235056,
      142.19713856657745
    ],
    [
      "DEB-00C8B5F2",
      73.00219747624857,
      -96.70977969043008,
      353.1570952990396
    ],
    [
      "DEB-1D299CED",
      24.669168126243783,
      44.4333962632142,
      321.2659559738595
    ],
    [
      "DEB-6BF0BC9B",
      -15.007747899417705,
      -179.62902797353766,
      628.3363992043578
    ],
    [
      "DEB-E447357B",
      -58.59271128232728,
      -80.8763575050372,
      260.83779438304737
    ],
    [
      "DEB-91A2310E",
      58.29754578105067,
      143.56293667845034,
      382.7545012364244
    ],
    [
      "DEB-A05B37B1",
      -59.4522859584673,
      121.43988236114272,
      681.7271660079814
    ],
    [
      "DEB-A63D218C",
      -33.0346040155813,
      -86.62962311678713,
      665.7417285879364
    ],
    [
      "DEB-6744E464",
      -11.456476134130268,
      -13.81117583931361,
      192.6823429334454
    ],
    [
      "DEB-DACA9CD9",
      -71.70898585079406,
      -43.125212190854114,
      869.5953552262463
    ],
    [
      "DEB-A8567152",
      -31.11807837920105,
      -144.59758356875406,
      882.5461957421367
    ],
    [
      "DEB-37F594AB",
      -30.868326182116288,
      143.95481647109804,
      494.25642942942613
    ],
    [
      "DEB-D06364EF",
      -9.903202983841163,
      -40.196188330153994,
      753.7679550062267
    ],
    [
      "DEB-3C8398DB",
      49.58812663344943,
      133.14119498831752,
      361.91032852233184
    ],
    [
      "DEB-D1CD664B",
      22.787165366156035,
      -56.30487115564544,
      177.84731795670905
    ],
    [
      "DEB-94CBAD25",
      39.331459833997506,
      -87.11484532805065,
      250.2269063433132
    ],
    [
      "DEB-D534ACA0",
      -12.250301963146606,
      102.87334634918882,
      710.8860403365034
    ],
    [
      "DEB-02B887A5",
      -56.30734384808797,
      149.23030031381273,
      621.6118112565573
    ],
    [
      "DEB-635BEEE8",
      76.37991657285546,
      10.742571617357758,
      900.1592686338026
    ],
    [
      "DEB-FEF1E485",
      -7.800466796904339,
      -116.74272373180906,
      357.2407938780934
    ],
    [
      "DEB-3C4DBA56",
      33.08055969155598,
      83.65155496134918,
      320.20192581416813
    ],
    [
      "DEB-7160DF60",
      60.556357222443935,
      91.23583429565423,
      328.77592515320066
    ],
    [
      "DEB-6344AADA",
      -30.86755480807963,
      129.9217889064856,
      359.7443831921846
    ],
    [
      "DEB-90D0A362",
      53.20872661642804,
      170.3585269158955,
      568.5785126808796
    ],
    [
      "DEB-E12E6743",
      -47.567947797984004,
      137.7024496336909,
      419.0397016268262
    ],
    [
      "DEB-AB0E3B47",
      18.590623259239543,
      -29.831571831878765,
      151.63591949135935
    ],
    [
      "DEB-BD83C9B5",
      44.10719288678684,
      144.42096918043868,
      729.0322259535797
    ],
    [
      "DEB-4ECBB7C9",
      14.862491715826941,
      114.92771627104885,
      170.0919277502835
    ],
    [
      "DEB-E32937EA",
      59.21211313161346,
      -98.43792701119064,
      761.4140892458918
    ],
    [
      "DEB-E07AE7C1",
      -28.784822093875395,
      -177.37716459531345,
      577.4915401624357
    ],
    [
      "DEB-775019B3",
      -52.00399869414697,
      -88.43245744590764,
      766.7328540774697
    ],
    [
      "DEB-969699DE",
      -5.555170993457512,
      38.18267354723839,
      142.33286733147452
    ],
    [
      "DEB-BA4E6B7F",
      23.63090283332463,
      101.06636218562709,
      647.3532813232514
    ],
    [
      "DEB-D8E19DDE",
      0.5806172317065961,
      -134.71585885301081,
      380.0767820945948
    ],
    [
      "DEB-50D48857",
      23.011759477672136,
      170.11504921851687,
      267.8450921657168
    ],
    [
      "DEB-201FCD99",
      -38.876243678427684,
      -171.9306662462751,
      608.1153655543221
    ],
    [
      "DEB-B4170314",
      -10.987435486283063,
      -95.21120626702846,
      634.8584072304893
    ],
    [
      "DEB-6F6732DE",
      0.8325760241290143,
      -33.713679272648314,
      180.2405697787608
    ],
    [
      "DEB-F828028A",
      -24.809253287231698,
      -82.9664622980906,
      738.5718877040754
    ],
    [
      "DEB-86DDF031",
      -76.17326269120156,
      117.02906056029198,
      574.4026578287585
    ],
    [
      "DEB-046CAAA2",
      -54.202836454154806,
      178.44734639476664,
      495.8474363759042
    ],
    [
      "DEB-51B8090A",
      24.256765322541867,
      100.83679021548458,
      530.2227311404858
    ],
    [
      "DEB-3DCC285F",
      -51.15322543590603,
      -98.51313166795771,
      459.15208865548175
    ],
    [
      "DEB-FB17C3C2",
      -29.65606297491558,
      -113.69797140371553,
      196.02209493571445
    ],
    [
      "DEB-5671DACB",
      73.14104973470957,
      -166.56493324232628,
      232.51969804893452
    ],
    [
      "DEB-CB6553A9",
      47.933375759803525,
      -14.925657775793185,
      875.4994716108658
    ],
    [
      "DEB-06A82BF3",
      -5.016488238785435,
      -165.23528500352242,
      736.8524364331279
    ],
    [
      "DEB-66839B25",
      15.284352639745316,
      159.48365568315265,
      712.2326637784854
    ],
    [
      "DEB-9A82766A",
      46.87051327835355,
      -2.8724896509311755,
      630.4764457407173
    ],
    [
      "DEB-6073B696",
      -35.71977897264496,
      -149.2413591652211,
      349.64510809467356
    ],
    [
      "DEB-2642C44A",
      -35.28961108221595,
      -75.5102632745467,
      845.6438150798804
    ],
    [
      "DEB-71CF4AB8",
      -86.5482158269634,
      136.49371630993568,
      149.80179827534175
    ],
    [
      "DEB-DD3FA462",
      -24.22805982403002,
      -178.7296316681773,
      547.5196432929451
    ],
    [
      "DEB-DCF4C79B",
      -40.115506102036,
      37.20227512616852,
      391.52449343764874
    ],
    [
      "DEB-ED10B6B2",
      -40.487799544126325,
      131.29027864086427,
      416.3875554985907
    ],
    [
      "DEB-C442C523",
      -39.91630229433325,
      -13.88956932978287,
      846.1978171776009
    ],
    [
      "DEB-EA88DB0A",
      -30.712615454077177,
      -129.0279072137885,
      502.4375947804456
    ],
    [
      "DEB-8C1B24FC",
      -14.7497400700191,
      -123.85494083771431,
      465.0722374476645
    ],
    [
      "DEB-F4E1A536",
      18.832847189675995,
      27.911410430126686,
      511.0693707616001
    ],
    [
      "DEB-7397AC1D",
      -1.3608653792838383,
      127.71790421812135,
      141.6061650451784
    ],
    [
      "DEB-4CCE6A31",
      10.018792943875322,
      -162.87189798769202,
      468.694636816841
    ],
    [
      "DEB-EB858208",
      -41.41439976637998,
      -49.28728607464483,
      327.4006528929149
    ],
    [
      "DEB-0645443B",
      -29.114206351049447,
      72.45357388443945,
      781.8013700116599
    ],
    [
      "DEB-7E9E36D1",
      34.85667137672341,
      72.43351139767884,
      753.2037934151194
    ],
    [
      "DEB-78FF23CB",
      45.86566789759211,
      -141.01792100214075,
      517.8558634408255
    ],
    [
      "DEB-B6A417D4",
      -22.21692080298927,
      -164.75492006885528,
      181.98302169290855
    ],
    [
      "DEB-8E8CD079",
      53.29326685555031,
      150.3545481381195,
      730.9348071963368
    ],
    [
      "DEB-B416851B",
      18.969402065923333,
      -29.565774331482,
      918.7393249003262
    ],
    [
      "DEB-38FA322E",
      -28.260505117748046,
      -72.5918277645261,
      519.5627575578519
    ],
    [
      "DEB-44D2C0B7",
      -23.738229812918537,
      124.55083761303152,
      460.8957100907637
    ],
    [
      "DEB-134AA86C",
      47.380931036517005,
      177.94476686394972,
      634.0136963583291
    ],
    [
      "DEB-4A5EFFF7",
      -30.183358381408354,
      148.87893372559586,
      499.5833253477349
    ],
    [
      "DEB-159264DE",
      36.10891118872245,
      -118.44060551208479,
      228.95600269678744
    ],
    [
      "DEB-D1EAE1CF",
      -6.4327482908964235,
      80.66138898341825,
      135.54881637164453
    ],
    [
      "DEB-E6128C1F",
      63.499773929474514,
      1.2998281571177872,
      588.047215793993
    ],
    [
      "DEB-4BA2B619",
      -17.41691442095966,
      -78.41728430995693,
      590.8603325357153
    ],
    [
      "DEB-35FA4DDC",
      -12.020938864204085,
      107.0355517081972,
      724.5945384219831
    ],
    [
      "DEB-426AD870",
      20.274036968941186,
      109.49757175833817,
      181.0466978004315
    ],
    [
      "DEB-9FAAD07C",
      34.87114362734779,
      -108.74548276907345,
      380.3214486728566
    ],
    [
      "DEB-03E80EE3",
      -8.698944354926061,
      -57.45455568996415,
      426.27906423727563
    ],
    [
      "DEB-99E82872",
      2.820747977008799,
      -107.63668122506657,
      274.7982138141515
    ],
    [
      "DEB-D9DEABF3",
      -46.442303339013826,
      55.35423079887086,
      864.5293489412825
    ],
    [
      "DEB-7BED381B",
      -9.942257530619415,
      156.2188673891023,
      301.76547428468984
    ],
    [
      "DEB-8DD7CEE6",
      38.15443933565835,
      -178.42993819352358,
      841.6286244609873
    ],
    [
      "DEB-819AF573",
      52.28171428016905,
      -35.53470759324561,
      508.5580645077698
    ],
    [
      "DEB-135F9402",
      -47.97390988379026,
      59.97321963284385,
      784.2147687649795
    ],
    [
      "DEB-077AE88A",
      5.154285058170761,
      -136.1257514436359,
      482.63133633533744
    ],
    [
      "DEB-A24EDAF3",
      10.856634666534896,
      160.07193623931963,
      671.7589967481863
    ],
    [
      "DEB-F15D0B51",
      32.24613252752387,
      171.11192914569446,
      832.8599936980036
    ],
    [
      "DEB-2AECB654",
      37.36257228760371,
      -57.670982195377874,
      271.36192790111636
    ],
    [
      "DEB-AE214672",
      -18.353666978928832,
      130.20055028217763,
      232.28491576194574
    ],
    [
      "DEB-2EB03D20",
      -43.1294131777267,
      -14.013126283258664,
      564.3213331190636
    ],
    [
      "DEB-92849471",
      52.74731536106751,
      56.402086113842515,
      737.269701569162
    ],
    [
      "DEB-4F4E5A4F",
      0.4660521727265538,
      49.69876459785081,
      439.4737424315508
    ],
    [
      "DEB-05803069",
      30.769808093870623,
      -9.595792508709668,
      313.69852706889196
    ],
    [
      "DEB-0276122C",
      -25.572177323830868,
      -163.02821025128952,
      131.23500507775134
    ],
    [
      "DEB-E6C0204A",
      35.12485804115629,
      129.13813767319868,
      336.9891599818511
    ],
    [
      "DEB-DD183D83",
      18.001679748818248,
      40.99840408993391,
      874.8753688243942
    ],
    [
      "DEB-AA541D26",
      81.72407351863659,
      49.34338079481607,
      424.4644969583951
    ],
    [
      "DEB-2EE76376",
      14.153668872565616,
      -27.3422526872644,
      280.5315320346999
    ],
    [
      "DEB-8B57748E",
      70.67410803047675,
      117.27293658415216,
      566.9833497881946
    ],
    [
      "DEB-7C62B930",
      -7.343708649779625,
      148.18510381473104,
      239.29474525512614
    ],
    [
      "DEB-56984F7D",
      -5.464670403320829,
      -158.51381091038579,
      906.8840266755869
    ],
    [
      "DEB-E7B4D87A",
      -20.67141560714675,
      81.60089956068795,
      259.8328181953184
    ],
    [
      "DEB-AFE1D2BA",
      -34.76873683298172,
      -2.6140421505495577,
      794.9848185633991
    ],
    [
      "DEB-89140E57",
      -5.947279182655024,
      11.669594395781727,
      463.0506740585488
    ],
    [
      "DEB-AB0BFE2C",
      -3.471444355321993,
      64.49930699620151,
      882.9376022279121
    ],
    [
      "DEB-5B52A7CC",
      11.831299301712887,
      33.47662778718489,
      813.9683895760318
    ],
    [
      "DEB-5D21AEB7",
      -11.6983562886306,
      -145.64775527012318,
      143.61019380083144
    ],
    [
      "DEB-DFBB58F8",
      36.76794030275761,
      -112.52997826929922,
      823.87333898224
    ],
    [
      "DEB-38899464",
      13.87200236670748,
      156.37392661404618,
      670.6055152515346
    ],
    [
      "DEB-22604338",
      69.82319206927288,
      -42.97973186646438,
      308.86635353974
    ],
    [
      "DEB-26BD6BE3",
      -10.023846385592236,
      -177.2021061682755,
      897.6433359984285
    ],
    [
      "DEB-8638D0FF",
      27.64342277001308,
      124.33522963560067,
      271.1481541476214
    ],
    [
      "DEB-2EBDBA06",
      29.8421328944798,
      -134.22351313654457,
      820.293693354397
    ],
    [
      "DEB-9A2D0D61",
      -22.65848030415209,
      -108.6186169140029,
      864.9209666910701
    ],
    [
      "DEB-21172529",
      -24.08274357409168,
      -51.81782606559839,
      802.8487953258846
    ],
    [
      "DEB-0BB09E57",
      9.966806610147453,
      126.26281703246744,
      509.6826968767473
    ],
    [
      "DEB-4DEC88D8",
      37.90682083303106,
      64.274629265568,
      684.9282846366068
    ],
    [
      "DEB-634202C8",
      -68.513897192901,
      97.68024866372427,
      651.4955230928354
    ],
    [
      "DEB-8BD4A2D5",
      -2.7842862890767583,
      171.90666664452186,
      810.366953957282
    ],
    [
      "DEB-818DB2FE",
      -51.466931950415365,
      51.397150594371944,
      605.2262780820947
    ],
    [
      "DEB-98FDC313",
      0.760951617621005,
      -80.13199965924078,
      814.8153069737664
    ],
    [
      "DEB-B9D61A6D",
      39.60324036123878,
      -59.95642356068081,
      402.9241061323828
    ],
    [
      "DEB-6DEA4F3D",
      32.560116131601546,
      -137.86450040999233,
      696.1284459410572
    ],
    [
      "DEB-E36E1587",
      14.205884654103158,
      125.82506715178228,
      208.70135780925375
    ],
    [
      "DEB-8AC74CBC",
      15.16130430307514,
      14.073102891224977,
      793.3039393337085
    ],
    [
      "DEB-71237F24",
      -30.17776120022079,
      49.04021590017019,
      927.1599630503388
    ],
    [
      "DEB-1C772843",
      62.93423598845273,
      140.7096814761382,
      607.9283477242852
    ],
    [
      "DEB-DE3D6C44",
      21.56527964389896,
      77.02702838923794,
      721.4840646737812
    ],
    [
      "DEB-6A9F974A",
      39.296012286797385,
      34.91855326503019,
      844.0893666192833
    ],
    [
      "DEB-FEC55171",
      -47.66216039086223,
      36.6109672157062,
      353.23289686503176
    ],
    [
      "DEB-779DABD9",
      -12.139107422299851,
      -17.58632291126082,
      150.3329149502797
    ],
    [
      "DEB-B6A46209",
      -21.659635111808075,
      -11.109807038563213,
      782.4954727471431
    ],
    [
      "DEB-EC67E6F3",
      0.6082224422903174,
      113.94779914162837,
      574.6508227941849
    ],
    [
      "DEB-894B7E79",
      -9.876663604382587,
      -103.05818421677202,
      371.65966844093145
    ],
    [
      "DEB-13050B79",
      -87.77763820320405,
      106.43346449663046,
      213.21767733768775
    ],
    [
      "DEB-230ADC97",
      62.820952658509604,
      57.20386571042508,
      141.1396248561441
    ],
    [
      "DEB-86AAB1BE",
      -34.858179207675676,
      -70.37853441045388,
      724.522796569433
    ],
    [
      "DEB-9EF11233",
      -36.78775030359645,
      -60.38780640422058,
      144.1872398592741
    ],
    [
      "DEB-0AF3FB39",
      -16.46597786574987,
      -158.89404329532007,
      689.7067032740333
    ],
    [
      "DEB-1BF1588A",
      -15.986168177553948,
      -132.7325890778083,
      893.8914006909881
    ],
    [
      "DEB-941DCADA",
      -6.83083489115176,
      20.385951447645073,
      829.6198883120205
    ],
    [
      "DEB-8582CE0F",
      58.3384328079584,
      -34.409012384477116,
      218.78570723521352
    ],
    [
      "DEB-5CC7894F",
      29.782787983516183,
      108.07761612222309,
      792.2653798920055
    ],
    [
      "DEB-A3F2BD0F",
      -11.377234514924563,
      8.341414744897461,
      613.9399809282495
    ],
    [
      "DEB-29E6C0DD",
      -40.82913486295455,
      61.341231581741624,
      399.4935364695075
    ],
    [
      "DEB-57BE9540",
      72.56618617177594,
      141.90743812807355,
      355.3682795466266
    ],
    [
      "DEB-48C81AFB",
      -29.632857129805963,
      121.253113875672,
      412.6192987493969
    ],
    [
      "DEB-8098B488",
      -25.445931038452024,
      96.44354250093976,
      430.2717108025681
    ],
    [
      "DEB-B7C238DF",
      -9.242436115476675,
      -83.52018803487194,
      596.4299758495354
    ],
    [
      "DEB-4724F4CA",
      -52.92616611771712,
      107.97289469799288,
      887.0893809623749
    ],
    [
      "DEB-FE15563B",
      -12.347000251583884,
      103.50213632922511,
      749.1736927541233
    ],
    [
      "DEB-48F44ABC",
      -30.810374076109373,
      165.63264636978855,
      713.4760034411884
    ],
    [
      "DEB-410AB12E",
      22.156630327664413,
      5.175911712611078,
      742.4147944829092
    ],
    [
      "DEB-2B447B76",
      -5.970047038804406,
      -25.82527019880285,
      366.2355840472974
    ],
    [
      "DEB-4B618C20",
      4.4252091268773945,
      118.56905476365526,
      133.33380258463512
    ],
    [
      "DEB-63930E0D",
      -22.254967320656593,
      53.04494718002415,
      267.8470268247065
    ],
    [
      "DEB-D7234729",
      -67.91930086760196,
      -69.54931585062573,
      843.8976532009474
    ],
    [
      "DEB-E6B914BA",
      -68.58357159428209,
      -41.59886559145822,
      515.3980871509366
    ],
    [
      "DEB-CE5E593D",
      56.81018000056856,
      -161.9221705465646,
      453.5905857714406
    ],
    [
      "DEB-0048A433",
      -51.08743302744584,
      -85.90976207698776,
      219.98727439297363
    ],
    [
      "DEB-556AF121",
      22.326565439276116,
      10.896347187321245,
      591.3488841325016
    ],
    [
      "DEB-D82EB91B",
      9.923617289588442,
      33.816057894646,
      223.10723703491203
    ],
    [
      "DEB-23DB6A33",
      -23.751358958092315,
      123.40284309954185,
      790.0606258075632
    ],
    [
      "DEB-2E4E1E74",
      38.50183573810955,
      -128.51398166820587,
      319.74578924848083
    ],
    [
      "DEB-4432745B",
      -61.550151964771025,
      -47.013191259487414,
      555.6223931329232
    ],
    [
      "DEB-7287DA46",
      23.912049111009914,
      -23.020782894357666,
      788.8288951678651
    ],
    [
      "DEB-5568C2E1",
      31.75695671558372,
      -133.313459547276,
      123.45806586267372
    ],
    [
      "DEB-D4F2FD2A",
      21.739757727095995,
      176.18870944889795,
      203.36669291854105
    ],
    [
      "DEB-AD1B8D73",
      -47.34154089160786,
      178.5580913108935,
      603.8498208948977
    ],
    [
      "DEB-81827B00",
      65.88763625709983,
      -35.515255018273,
      296.56886053169546
    ],
    [
      "DEB-253D18B5",
      35.9046627358374,
      -92.08614534409594,
      778.8438484947628
    ],
    [
      "DEB-06B2AC18",
      -78.02987681287688,
      64.08249061837853,
      509.83477589711947
    ],
    [
      "DEB-81B12E49",
      -27.90843707228035,
      8.13223812037294,
      599.6819331278166
    ],
    [
      "DEB-0D6D3D73",
      40.789351306970595,
      62.708799635601174,
      217.675464070644
    ],
    [
      "DEB-316E3FEC",
      -67.13828382119655,
      111.39404119501407,
      528.6479188437861
    ],
    [
      "DEB-B525979F",
      -19.560688527841265,
      0.2860396835459097,
      211.27113589883902
    ],
    [
      "DEB-2A4993D6",
      -27.87542888059023,
      -117.45148531993888,
      766.7210482882501
    ],
    [
      "DEB-A2BD5DD7",
      36.22563908549238,
      -42.66733886647875,
      565.6666233343403
    ],
    [
      "DEB-5C91880D",
      -32.65953967170294,
      -112.15373905908811,
      586.7798574110811
    ],
    [
      "DEB-CCBF2F53",
      -26.784092861637177,
      148.06376994387037,
      464.2096610586141
    ],
    [
      "DEB-A29EF239",
      -60.77294348576438,
      -134.07991982407646,
      356.5546534236946
    ],
    [
      "DEB-17ABB26B",
      -7.737975011994272,
      70.56908527481207,
      552.436028428634
    ],
    [
      "DEB-791BAF8B",
      -21.223238185429846,
      64.93799829113752,
      142.38446870388634
    ],
    [
      "DEB-FAC7ECCD",
      46.34491333882251,
      72.48929641972924,
      464.3253155941784
    ],
    [
      "DEB-F5888F52",
      -17.71577476634141,
      -83.551552419012,
      429.2274655772944
    ],
    [
      "DEB-16D05A91",
      39.12343847724883,
      36.64299395847506,
      735.5868471382128
    ],
    [
      "DEB-5E52A33B",
      24.907879778667127,
      -13.862309054174752,
      223.91478911454578
    ],
    [
      "DEB-C8757C7E",
      -56.35698580130556,
      -155.05042784156018,
      677.1384844547038
    ],
    [
      "DEB-4869E38F",
      31.870612830739017,
      66.10115200105844,
      614.4502212016205
    ],
    [
      "DEB-4145B41F",
      -31.146908705189595,
      -69.78092249709772,
      810.6353682376102
    ],
    [
      "DEB-5C9C51A8",
      22.72005171130372,
      -149.01775605240417,
      378.1439898192557
    ],
    [
      "DEB-A991AAA2",
      -50.253095406004725,
      105.65129570939176,
      631.1552442329021
    ],
    [
      "DEB-82298AF1",
      13.234580460130099,
      6.151089896106672,
      803.4598645161086
    ],
    [
      "DEB-3B4AA6C1",
      55.8747476173885,
      17.996042386423948,
      330.36771686554675
    ],
    [
      "DEB-BF5351B5",
      60.07365019130386,
      -91.70987035502918,
      592.0411768402246
    ],
    [
      "DEB-56B23306",
      12.986268870185658,
      141.14766765165282,
      432.01978644256087
    ],
    [
      "DEB-F60B6CCC",
      -16.66877162082583,
      100.22122076991953,
      551.0593803917536
    ],
    [
      "DEB-05C87111",
      26.65557876652139,
      -148.2302437131463,
      910.8872372722817
    ],
    [
      "DEB-18631C34",
      35.265055538196066,
      47.08064769890672,
      738.7308177258374
    ],
    [
      "DEB-11D0A32F",
      -17.82087379527121,
      -115.46642262918424,
      484.4329056681918
    ],
    [
      "DEB-5024DAE3",
      55.29914181514849,
      -165.5488578120105,
      838.5219081273526
    ],
    [
      "DEB-F786C284",
      -49.545183252158694,
      -6.326512469052275,
      465.97266342340754
    ],
    [
      "DEB-67E5152E",
      53.97491116892237,
      112.35337713147626,
      656.3709364631604
    ],
    [
      "DEB-3769E6EC",
      -25.809392678104828,
      -92.02898295319176,
      748.6058447528121
    ],
    [
      "DEB-6DFA5BD2",
      -24.11977732670697,
      -76.88751536275211,
      817.4562073860388
    ],
    [
      "DEB-F2425795",
      -31.000429316813612,
      104.83980990776037,
      383.3612793051079
    ],
    [
      "DEB-D028A599",
      -45.12476854577306,
      145.18976346648407,
      183.38597706227392
    ],
    [
      "DEB-6F46DA1D",
      -59.77645244793483,
      -148.72498512267873,
      213.79635943770063
    ],
    [
      "DEB-7DE042DA",
      63.002190005096274,
      32.957137684826684,
      762.9297504937358
    ],
    [
      "DEB-7735FF69",
      49.96968798829435,
      84.78338954838753,
      414.01180517183366
    ],
    [
      "DEB-28BD1818",
      4.951872730927191,
      118.23739573831415,
      321.24251158764855
    ],
    [
      "DEB-7FBB2D1B",
      15.275535415497401,
      -28.76926861801569,
      271.12442504723276
    ],
    [
      "DEB-3262F875",
      -35.966419776563754,
      -174.30253119379114,
      525.019811639866
    ],
    [
      "DEB-27EF5549",
      -3.2732420887303824,
      97.5071874627898,
      233.41516310478528
    ],
    [
      "DEB-77E30A45",
      -9.415935614100375,
      -62.85542043507741,
      453.9107697409281
    ],
    [
      "DEB-A840E706",
      -13.37570747870884,
      133.08495785367654,
      894.781646366393
    ],
    [
      "DEB-5258F4D1",
      -38.89628601411733,
      97.7476807592437,
      673.9835101809476
    ],
    [
      "DEB-DBE07F5F",
      20.41568916939722,
      -18.36801748836145,
      184.1956373988396
    ],
    [
      "DEB-2260B78C",
      37.21052491710931,
      40.857414251968954,
      203.56779496364743
    ],
    [
      "DEB-8168DE8F",
      11.828450914975532,
      -103.65533535631658,
      246.11070593700333
    ],
    [
      "DEB-F5E8297D",
      -13.168484435264439,
      -133.3332019863493,
      549.0467687285409
    ],
    [
      "DEB-A11F3F7C",
      12.223669631034591,
      77.39743514548807,
      398.03270809104833
    ],
    [
      "DEB-5456DB56",
      37.31899824952208,
      98.67379629949615,
      405.31025888965996
    ],
    [
      "DEB-5DB8D9E8",
      17.004320223075666,
      -60.93988765052306,
      231.20113211676744
    ],
    [
      "DEB-5D8C1C27",
      -82.6393422844444,
      -9.671765090660513,
      199.04015042464198
    ],
    [
      "DEB-9B4F52D0",
      2.446068053719615,
      -46.99909599220776,
      782.1276103334258
    ],
    [
      "DEB-BB942818",
      -49.46242928456182,
      -115.25374910114141,
      889.3317961567191
    ],
    [
      "DEB-5285309A",
      -62.93262509398517,
      -2.6012543974419486,
      328.3908757532299
    ],
    [
      "DEB-8EBBDEBC",
      -35.44925455204301,
      -47.21100588559229,
      402.9949316885668
    ],
    [
      "DEB-E9C325B4",
      2.9011496699173085,
      -63.047215715553214,
      896.3144179316423
    ],
    [
      "DEB-73725FF7",
      40.48396317647547,
      -10.278761058805298,
      227.2542554988895
    ],
    [
      "DEB-22914135",
      -43.35796839793501,
      176.5120610623078,
      365.47357210617156
    ],
    [
      "DEB-514DD9F9",
      23.54340195464064,
      -107.5733768609625,
      272.57511619363777
    ],
    [
      "DEB-B30AE69B",
      -34.840992167774246,
      -161.6786423017865,
      835.9462691238041
    ],
    [
      "DEB-167DCC63",
      -18.46306377742582,
      -173.7005782029921,
      459.8140971802668
    ],
    [
      "DEB-25DD6D35",
      -59.764517009949216,
      86.61813250884974,
      857.8995334847541
    ],
    [
      "DEB-E8F9FCE4",
      -46.48686623314775,
      110.10982353188625,
      839.1974017891389
    ],
    [
      "DEB-D2DD169D",
      -59.38603968457402,
      -113.90737109782434,
      258.17996556886374
    ],
    [
      "DEB-ED67E716",
      -41.75972763372437,
      -77.40018407998464,
      350.9216068073156
    ],
    [
      "DEB-C85EBE46",
      39.362549334995194,
      137.4329477470897,
      194.9300512576392
    ],
    [
      "DEB-5BA56993",
      9.948791286260885,
      -149.0551281660905,
      313.6847582654
    ],
    [
      "DEB-7818D9F5",
      -1.3414674619130134,
      172.43969177531753,
      512.4544485168935
    ],
    [
      "DEB-6317AB71",
      -46.13136722032404,
      108.84734863823014,
      579.4248537197482
    ],
    [
      "DEB-D1C59BAC",
      19.421914534578637,
      -160.69687490244198,
      515.329196740101
    ],
    [
      "DEB-19D3F915",
      71.72956138105806,
      -86.77887559073812,
      411.7862743794458
    ],
    [
      "DEB-E6BD6EAE",
      -15.237596390644512,
      28.41314134807852,
      410.7670076225477
    ],
    [
      "DEB-0680E09B",
      -30.68450528009579,
      55.70703111546823,
      561.3755589456096
    ],
    [
      "DEB-0BFE37BF",
      14.665567921408911,
      68.8184423608303,
      341.66080180120116
    ],
    [
      "DEB-CC6508F6",
      -11.61302806025116,
      -164.39663289984074,
      385.4693515132285
    ],
    [
      "DEB-2FC542DD",
      -10.447806242707534,
      62.44749369598401,
      874.4129715716736
    ],
    [
      "DEB-FC8E0FCC",
      -37.452430855319825,
      52.178333215175414,
      328.7711909666277
    ],
    [
      "DEB-E36F8E9B",
      -67.70319758870579,
      11.143322077908483,
      364.20921882979746
    ],
    [
      "DEB-29B261D3",
      -44.408689627610066,
      -99.1794092738868,
      391.3430069328542
    ],
    [
      "DEB-1C389CD8",
      -15.823372287489319,
      35.21451179922864,
      145.53189569842652
    ],
    [
      "DEB-28A65AAC",
      30.45412801158123,
      -152.93008202312546,
      405.7743316999504
    ],
    [
      "DEB-89AC954B",
      -58.46836273760825,
      17.681226801894212,
      343.75479444504526
    ],
    [
      "DEB-658D9110",
      12.123947330620512,
      -128.57892384739844,
      549.3381890525816
    ],
    [
      "DEB-4AEAAC96",
      34.54947795028168,
      -93.1852950124715,
      722.4762050246682
    ],
    [
      "DEB-0E720DB8",
      3.8124153122063924,
      167.2144800508018,
      228.11000692859852
    ],
    [
      "DEB-AC518B86",
      0.9816373504746584,
      -85.42428602065405,
      825.9248900990478
    ],
    [
      "DEB-230D50DD",
      -16.16415594534525,
      -138.68073434350438,
      464.9495044431005
    ],
    [
      "DEB-01777BA0",
      79.57404159715793,
      142.97618543489403,
      741.848079877991
    ],
    [
      "DEB-45E18E58",
      -9.621397370533582,
      -153.2822122911985,
      465.71842056533205
    ],
    [
      "DEB-4733BA36",
      -31.0088874110088,
      68.81912912778574,
      261.19885867417815
    ],
    [
      "DEB-90737ABF",
      8.7329532449103,
      134.81030592571926,
      824.4300456681513
    ],
    [
      "DEB-580AD5D4",
      38.82504249712871,
      -165.65743546446623,
      661.504517212069
    ],
    [
      "DEB-E0D8E5E5",
      71.25706334221121,
      -115.08720756524873,
      741.9377935015382
    ],
    [
      "DEB-4AC198E5",
      -60.95953246870477,
      -151.10640692172973,
      430.8823307424518
    ],
    [
      "DEB-AD13C08E",
      22.271967327193757,
      104.06309602497984,
      916.2888150434947
    ],
    [
      "DEB-59BC5FA5",
      -26.732948932508172,
      129.04497609536446,
      915.9553000822743
    ],
    [
      "DEB-7DF7A65F",
      28.424327601028896,
      58.572997273012355,
      792.7649969925433
    ],
    [
      "DEB-588E1EA7",
      -0.052418302915473385,
      -44.71562917046561,
      390.92930067187535
    ],
    [
      "DEB-D95B5F90",
      0.20942055450638475,
      -156.11532305986472,
      701.4033872861619
    ],
    [
      "DEB-A9DCAB99",
      -28.37673923899215,
      116.91964756052259,
      631.3504811763578
    ],
    [
      "DEB-7EA52951",
      -63.46887873752352,
      -150.55806946390132,
      709.506672153364
    ],
    [
      "DEB-44E4A151",
      -60.85117644935644,
      39.52428376842632,
      571.1914452903166
    ],
    [
      "DEB-21F0DECB",
      -46.537568853794404,
      -24.67308240870909,
      516.6112974447678
    ],
    [
      "DEB-8D46197C",
      -45.39060375686571,
      -144.87507202114634,
      814.2909814669447
    ],
    [
      "DEB-68E07CEF",
      -9.666443021695493,
      121.36726522920978,
      224.188361416318
    ],
    [
      "DEB-2353BAE0",
      36.891198081827355,
      18.570831262425283,
      434.4039734273083
    ],
    [
      "DEB-E0004A18",
      -84.73317421835885,
      80.17841262820416,
      128.2668972854717
    ],
    [
      "DEB-08305F5F",
      -53.58141734336274,
      59.514035448523835,
      195.71702436168198
    ],
    [
      "DEB-E24E0249",
      -21.824681052111888,
      33.568459026114525,
      728.4135794491413
    ],
    [
      "DEB-F56EA73B",
      -30.918426351423133,
      34.369967854175215,
      667.4234215195711
    ],
    [
      "DEB-F041E7AB",
      -9.948599669110234,
      -155.87095703588062,
      715.8707368830046
    ],
    [
      "DEB-36A0815C",
      9.404759992323395,
      0.9414973669450686,
      553.2547780023078
    ],
    [
      "DEB-78A35ABF",
      -40.32442819597927,
      -95.81347429320437,
      627.8926377856997
    ],
    [
      "DEB-880DE57E",
      -23.816634825792644,
      -50.2671823787471,
      163.93615767926985
    ],
    [
      "DEB-65B6BC74",
      -28.256838368700983,
      -120.28139419389309,
      440.28271234403473
    ],
    [
      "DEB-5FA9D97E",
      -35.04550016248276,
      130.48197547538416,
      704.0609109447532
    ],
    [
      "DEB-F3C6706D",
      26.123504330697344,
      -131.0208258698959,
      569.1577091505769
    ],
    [
      "DEB-12A4EAA3",
      78.88581773476012,
      -9.586880379322375,
      409.8371628066434
    ],
    [
      "DEB-F01F5477",
      54.07147898481117,
      -57.52008705846662,
      879.1779570707331
    ],
    [
      "DEB-11AC5B8A",
      -5.662830605345869,
      -107.65485341383362,
      469.2406606279774
    ],
    [
      "DEB-EFFEBB0F",
      64.66394941954543,
      -147.418744004657,
      631.8069976410543
    ],
    [
      "DEB-155059D1",
      -22.00768101665805,
      -146.20042921000368,
      207.7395561040903
    ],
    [
      "DEB-8EBB834A",
      46.67504461283521,
      1.8246120587846884,
      259.78735122742455
    ],
    [
      "DEB-F823D901",
      73.87187541201861,
      21.376732761679484,
      339.3532565509131
    ],
    [
      "DEB-99EC3011",
      -36.644429984101144,
      -67.91343476603808,
      120.1011365471968
    ],
    [
      "DEB-956DB665",
      -53.84225275722469,
      -179.05785877915395,
      289.5293642660981
    ],
    [
      "DEB-274BF6D0",
      -71.58335546880457,
      126.24715197882753,
      691.5875793973364
    ],
    [
      "DEB-708BF32C",
      -42.16265046273946,
      -41.03367612459018,
      332.54948212670206
    ],
    [
      "DEB-FC167EB0",
      -41.830844663903996,
      -101.07853523207898,
      866.6200517387533
    ],
    [
      "DEB-A6D5C7D9",
      15.653611280285046,
      158.68807910058896,
      303.5153757860817
    ],
    [
      "DEB-E3DE6C19",
      -45.46693517621787,
      -137.99304052624558,
      669.5518479158618
    ],
    [
      "DEB-C1AD5703",
      -46.405953841613865,
      -151.6293422054583,
      231.5251929816386
    ],
    [
      "DEB-09EE08D9",
      62.32712973797063,
      60.31312900886839,
      273.82065997577774
    ],
    [
      "DEB-92411984",
      63.10922482487773,
      -69.48559060028018,
      246.90574240306705
    ],
    [
      "DEB-41C20FB1",
      4.085915359472239,
      -6.067351975192284,
      834.4175275489206
    ],
    [
      "DEB-4F2A3F23",
      14.493905438675057,
      -28.37440720998221,
      481.6955708487403
    ],
    [
      "DEB-D25C614D",
      -29.88096298628248,
      81.05709630432945,
      326.9458866693094
    ],
    [
      "DEB-7FD67CB6",
      18.018117136413007,
      -10.65102079406512,
      209.6913288514652
    ],
    [
      "DEB-512EDB1C",
      2.2256016451972713,
      76.60392268385532,
      341.73459001986885
    ],
    [
      "DEB-A948A080",
      -11.049373720802857,
      -34.6055165936352,
      883.1065682646686
    ],
    [
      "DEB-80344BC0",
      1.2044954131189423,
      -69.58315100636915,
      667.6725538195451
    ],
    [
      "DEB-9F0DF2D7",
      -29.312496073086653,
      -16.810531686004033,
      912.0457982946518
    ],
    [
      "DEB-5C145DE2",
      -26.173810474252885,
      -136.80897468476897,
      173.76377858129217
    ],
    [
      "DEB-232B8B79",
      38.183940207531606,
      149.31446267882507,
      821.3607223549507
    ],
    [
      "DEB-B83CC9FC",
      72.73019701074716,
      131.69724767282256,
      587.4234897703936
    ],
    [
      "DEB-7C63BB35",
      48.78233503689751,
      -78.79812590118676,
      452.17308723470705
    ],
    [
      "DEB-BD0CD5FB",
      -21.82954416574288,
      28.83007351920546,
      663.9261761800726
    ],
    [
      "DEB-8C53483E",
      -34.33999906857019,
      175.27153556170788,
      621.6638780088097
    ],
    [
      "DEB-6971B7F3",
      -62.91950686620006,
      130.39738591962924,
      522.5857620169909
    ],
    [
      "DEB-C7056F4B",
      -30.274641243760847,
      91.09821840774443,
      780.8478608644182
    ],
    [
      "DEB-419EBC3A",
      23.50364389838372,
      144.17628149085888,
      559.05211502767
    ],
    [
      "DEB-C476369D",
      -35.77492082109384,
      -102.60002660887473,
      202.49986312095007
    ],
    [
      "DEB-38B6DB30",
      54.69002864739304,
      0.7621028904717289,
      799.9641444312729
    ],
    [
      "DEB-52BAE19F",
      61.91822638694468,
      -43.802953036027766,
      578.6186162141084
    ],
    [
      "DEB-A7AB3A91",
      -13.04317012428261,
      126.62672578558903,
      452.957521458683
    ],
    [
      "DEB-6BE15906",
      38.86078817494682,
      72.25184553193495,
      332.57812008676046
    ],
    [
      "DEB-BE250440",
      34.999493570234684,
      136.34138905430035,
      420.55877793340096
    ],
    [
      "DEB-AC3255BB",
      -4.816902876748685,
      -95.28481780798644,
      411.81847364560053
    ],
    [
      "DEB-D4BAA888",
      -14.487185476390124,
      -91.13231629342077,
      306.817070867658
    ],
    [
      "DEB-7AC1C773",
      -9.175075156504393,
      -44.60702073409416,
      921.9895815616474
    ],
    [
      "DEB-338B9A93",
      56.949866245676326,
      81.3881409442926,
      750.8078062014465
    ],
    [
      "DEB-89AE4672",
      19.45938415523228,
      -40.145759852635514,
      412.9057815069018
    ],
    [
      "DEB-282D5A73",
      35.2713996249354,
      -178.53670290234615,
      364.6915550254207
    ],
    [
      "DEB-94759D99",
      -24.67380021278434,
      17.572642476481832,
      488.16698531179645
    ],
    [
      "DEB-A1F638ED",
      44.90888477305398,
      95.0832056829479,
      246.50150616886822
    ],
    [
      "DEB-2CFB54F1",
      -19.038453353610407,
      -79.45645143797954,
      152.16340825911175
    ],
    [
      "DEB-A4F7DF61",
      -43.72852262186458,
      -100.56349581643404,
      843.4613504839153
    ],
    [
      "DEB-6AE819D6",
      29.94543519744737,
      58.42982376364342,
      328.59351590293954
    ],
    [
      "DEB-E07A431C",
      2.3462036742869357,
      -6.231201655952969,
      894.9635221464378
    ],
    [
      "DEB-ED68A689",
      3.410758722272762,
      152.510493626749,
      730.0618511016883
    ],
    [
      "DEB-0246C40C",
      10.112061177245346,
      160.39211777127747,
      613.6562338325621
    ],
    [
      "DEB-A815EF7E",
      46.620643229058295,
      -167.4009942408976,
      701.2579232865983
    ],
    [
      "DEB-0DC01924",
      4.16698428353381,
      22.169763260356596,
      695.7541396994748
    ],
    [
      "DEB-03B319B7",
      27.831395406197927,
      -101.45475890910213,
      817.1927652688746
    ],
    [
      "DEB-CB889314",
      4.249735144507892,
      164.04355499065593,
      239.1122885807854
    ],
    [
      "DEB-17AE0E17",
      -12.075124494811055,
      -48.60923038286319,
      726.6254849028492
    ],
    [
      "DEB-E87C5C1E",
      80.56666540413156,
      -47.4393498362514,
      269.8238829819047
    ],
    [
      "DEB-CC7C2E32",
      -7.389199022179079,
      -52.5572536928892,
      559.8087441216067
    ],
    [
      "DEB-2DA545F3",
      -34.966772566402376,
      123.77547491525824,
      857.0827308571015
    ],
    [
      "DEB-8D88B956",
      30.20318750105955,
      166.52545197086826,
      865.1806743328689
    ],
    [
      "DEB-10EFEFF6",
      -12.980626501008969,
      -140.0591915351061,
      214.363646083013
    ],
    [
      "DEB-A9F62A02",
      -22.415585683922227,
      145.30378521324758,
      272.40688208822485
    ],
    [
      "DEB-921861A0",
      46.166391581100314,
      105.16846642484776,
      518.1510358109226
    ],
    [
      "DEB-1DD27DB2",
      -34.71730752379997,
      -12.265557700477036,
      257.2718273332912
    ],
    [
      "DEB-DEB390DE",
      -15.01936524253962,
      61.59008603025887,
      304.33159055426495
    ],
    [
      "DEB-72C54FC4",
      -2.9724062907873807,
      166.72263897690584,
      568.5415072265814
    ],
    [
      "DEB-DF81B110",
      5.389164116986996,
      -141.59539691258018,
      156.84269221129398
    ],
    [
      "DEB-E0E074F2",
      -25.690825606947303,
      -21.54709192635854,
      136.08977459471316
    ],
    [
      "DEB-C91D4A22",
      14.282329732252927,
      140.1788759283096,
      316.8476202770689
    ],
    [
      "DEB-AF567501",
      0.364115704134113,
      -3.1981400981258505,
      473.50613897414223
    ],
    [
      "DEB-11EB7006",
      -59.95199524155818,
      29.921126769662965,
      462.7055291545739
    ],
    [
      "DEB-6A2897A9",
      68.71631427749642,
      -162.13363401705575,
      302.7044539338676
    ],
    [
      "DEB-09931C37",
      -4.585168128270989,
      87.21049531266827,
      761.3925986600234
    ],
    [
      "DEB-8483DFA4",
      39.65579935933317,
      81.71886728787385,
      767.1281287969969
    ],
    [
      "DEB-3E82B045",
      -39.01810939277324,
      176.1206678185706,
      734.6037627826217
    ],
    [
      "DEB-60BFC50C",
      67.10629369895167,
      -101.03961030596874,
      390.8545639879876
    ],
    [
      "DEB-29D125DD",
      -55.26977606695192,
      -93.51419796177105,
      389.52184778275205
    ],
    [
      "DEB-90B8F7AC",
      -25.748217470534644,
      -174.95980771767674,
      612.0614662008284
    ],
    [
      "DEB-A387F3C6",
      -25.60050836070609,
      -142.58257048308883,
      125.6266781615277
    ],
    [
      "DEB-BC00D570",
      -55.77910541171681,
      -64.16866554826778,
      390.63006708247394
    ],
    [
      "DEB-16624AFB",
      -43.265248419111884,
      -102.51097838685602,
      329.45931226801986
    ],
    [
      "DEB-A7B93578",
      11.40721147924698,
      -95.29413437921733,
      849.2087065261685
    ],
    [
      "DEB-342170A4",
      -48.81211634451097,
      -171.43693440870248,
      380.4409115180615
    ],
    [
      "DEB-20CF9704",
      29.59771280895113,
      -112.00780009075962,
      421.9407864558434
    ],
    [
      "DEB-22D96835",
      1.650156539503713,
      -14.010691475334658,
      403.3737531955476
    ],
    [
      "DEB-14F68B72",
      46.53353458660691,
      14.878303908037962,
      722.0261113471024
    ],
    [
      "DEB-2104A7A9",
      18.17998246851014,
      -7.297873368038367,
      698.648185341568
    ],
    [
      "DEB-B0D0069D",
      -21.112032263487908,
      -77.59190312316214,
      323.17865774365964
    ],
    [
      "DEB-4B5B8E49",
      0.6337575728243718,
      -81.86475123283202,
      176.25172113772896
    ],
    [
      "DEB-D67AA50C",
      21.7458667313103,
      21.570484606369316,
      196.93666711173864
    ],
    [
      "DEB-AA75805B",
      -46.80002493479498,
      50.94043284264656,
      884.1886164586267
    ],
    [
      "DEB-EBB9A098",
      -24.586687056554844,
      -67.78808921739628,
      763.7144228029783
    ],
    [
      "DEB-F96006EB",
      -31.49411806112509,
      101.11677295464332,
      795.1964359961939
    ],
    [
      "DEB-079E8D9E",
      -59.83819136242005,
      -137.74570126693848,
      723.880159871298
    ],
    [
      "DEB-28190286",
      -66.440292151755,
      -36.25842813272454,
      403.369251014793
    ],
    [
      "DEB-6D248B7F",
      16.936938403935596,
      -19.227640927042636,
      341.74325496649726
    ],
    [
      "DEB-90AA48E7",
      53.2012203843045,
      64.4875193276246,
      587.452109742916
    ],
    [
      "DEB-89A1A56E",
      40.342395711966404,
      145.20472014761322,
      912.083417631854
    ],
    [
      "DEB-9D1F8799",
      -23.475415833791413,
      -30.58296876276104,
      750.0731998728997
    ],
    [
      "DEB-A5F7DE4F",
      81.19935953728123,
      58.03634943307978,
      766.474994771841
    ],
    [
      "DEB-895A32F3",
      2.2091604030056824,
      -41.45503794266412,
      161.04872081702342
    ],
    [
      "DEB-7892C7D7",
      -38.48977593397577,
      -144.53236272473237,
      247.28685117457917
    ],
    [
      "DEB-8F0A9B38",
      -64.6770141249517,
      -108.72369930751726,
      471.5982327087786
    ],
    [
      "DEB-B3A752E1",
      12.296448127444261,
      -136.8187936178695,
      794.9807272340358
    ],
    [
      "DEB-6C2E3639",
      -12.985717963924476,
      137.48414582345265,
      305.8534395983397
    ],
    [
      "DEB-B107B17D",
      -40.35235995067537,
      -117.36760662482081,
      748.0324870975755
    ],
    [
      "DEB-45BAC845",
      -7.005053305897537,
      -177.20622220080276,
      674.3665768588344
    ],
    [
      "DEB-E3235FC8",
      23.072609995040075,
      -156.39851832582056,
      423.6798158600486
    ],
    [
      "DEB-1103A39D",
      -61.71743628337455,
      93.74338978105655,
      412.13826372242966
    ],
    [
      "DEB-9BE784BE",
      48.35666280393118,
      120.93146910062302,
      496.27766265504306
    ],
    [
      "DEB-9A05C69D",
      -77.866499776985,
      84.22477675512481,
      320.753644231575
    ],
    [
      "DEB-FD3C7E85",
      21.573864721619938,
      178.33108115053554,
      856.9309279249564
    ],
    [
      "DEB-0E0574EF",
      41.97048007652947,
      38.76414406234096,
      714.2387497174759
    ],
    [
      "DEB-10A7E3AA",
      -28.1446869024249,
      128.55848228311902,
      333.4412023864006
    ],
    [
      "DEB-577236DB",
      23.51984991871813,
      175.42433649233968,
      608.3679962912802
    ],
    [
      "DEB-F1836E76",
      -9.71593733134098,
      144.39713005752103,
      169.60489081539254
    ],
    [
      "DEB-962C1C6D",
      31.020629235900618,
      -44.17109392964312,
      595.3429957180279
    ],
    [
      "DEB-FED7D819",
      51.88635349595554,
      -52.42899102532768,
      349.60429199742157
    ],
    [
      "DEB-80B3CEDD",
      49.73731678622797,
      74.40949663121526,
      715.90404161057
    ],
    [
      "DEB-74875E48",
      -6.890470055708663,
      43.54735165636661,
      523.3428308516495
    ],
    [
      "DEB-18CE0327",
      -58.529703972041474,
      -128.68446848754763,
      654.2602163711499
    ],
    [
      "DEB-EBD9F2D1",
      -17.83708687213578,
      76.63844317415119,
      366.48737401096787
    ],
    [
      "DEB-A404A6A6",
      -54.766396873795934,
      98.18800827406619,
      537.1242970865696
    ],
    [
      "DEB-054D0F48",
      61.343227839202534,
      58.651775980885645,
      357.9516530883002
    ],
    [
      "DEB-F9139E61",
      27.323597043422474,
      136.23729183892493,
      237.47078839966343
    ],
    [
      "DEB-CF6D2D41",
      -32.00566187165428,
      -73.91877717993117,
      778.8800454002994
    ],
    [
      "DEB-2B837DD2",
      68.39496506968428,
      148.97703631058735,
      626.3214450862906
    ],
    [
      "DEB-18899F81",
      50.029871333305486,
      146.85161238050523,
      593.8115980538605
    ],
    [
      "DEB-4DC634B0",
      15.115053908319545,
      -135.72764409196122,
      251.45898546957505
    ],
    [
      "DEB-0C804E8B",
      31.373455369411165,
      -137.57835721843978,
      887.4756126816028
    ],
    [
      "DEB-42885824",
      -6.317966565593501,
      83.6700038416829,
      829.7064846144212
    ],
    [
      "DEB-4161DA07",
      -19.977258926061594,
      -148.27976278649956,
      389.50385236046077
    ],
    [
      "DEB-6C77AA6B",
      -3.82642708931526,
      -114.39225492965404,
      387.0411310244499
    ],
    [
      "DEB-13945EC5",
      33.04753602985,
      -170.25770953224608,
      607.644739469989
    ],
    [
      "DEB-94CD0194",
      -8.30800981972992,
      -88.74875268801958,
      128.23562493263216
    ],
    [
      "DEB-13E8BAD3",
      10.3369204564451,
      -99.55304410022747,
      630.8170581915465
    ],
    [
      "DEB-0D3F3399",
      24.8902551522061,
      -12.8251554622502,
      157.17466900191448
    ],
    [
      "DEB-BB9C2DBB",
      -11.674787572693948,
      110.29911741311273,
      413.2794449160956
    ],
    [
      "DEB-34656FE3",
      10.459332758413266,
      -116.53763485852785,
      714.3528984080376
    ],
    [
      "DEB-C6771D9D",
      -21.716930916776835,
      -77.15840342364964,
      308.485696718104
    ],
    [
      "DEB-AAD55AED",
      -6.637381967551576,
      -88.431203920965,
      837.7608757368871
    ],
    [
      "DEB-0C919FD0",
      60.47510039531499,
      80.45620662849454,
      846.2707916625632
    ],
    [
      "DEB-F2351E1A",
      25.834355149121823,
      1.4627862499822508,
      834.3799329354697
    ],
    [
      "DEB-9D2A5904",
      -58.866837177790906,
      78.37681076964562,
      332.776887221321
    ],
    [
      "DEB-FDA59512",
      33.584297211491545,
      -76.40128487000568,
      822.9766984671242
    ],
    [
      "DEB-4B58524E",
      -35.910003131466766,
      -77.58991640401302,
      831.4230721352869
    ],
    [
      "DEB-E1086848",
      40.08238694229069,
      -149.68647083101212,
      848.9576153455819
    ],
    [
      "DEB-BC28EA76",
      39.30195261968845,
      13.418089550012015,
      816.9306201348818
    ],
    [
      "DEB-69AED79C",
      38.88791257636965,
      77.72204274225358,
      883.970751694671
    ],
    [
      "DEB-65E09CA1",
      31.024005390158095,
      16.14515166067857,
      822.9746493944667
    ],
    [
      "DEB-73879AA1",
      56.502578431142915,
      16.798303157408014,
      385.4789661741361
    ],
    [
      "DEB-742CD4E7",
      14.257474822179573,
      -13.451355959988186,
      535.6402330403043
    ],
    [
      "DEB-A6E9A2C1",
      2.788085863199706,
      75.69547371963141,
      819.7782083697002
    ],
    [
      "DEB-2D1CC21A",
      1.8428075833089423,
      -172.72126693121302,
      707.5004094998967
    ],
    [
      "DEB-42BBD5C5",
      14.639542916074902,
      -116.9792050595489,
      428.55624149873256
    ],
    [
      "DEB-24806A34",
      -0.9853141721152701,
      43.057981279165276,
      869.9567412782544
    ],
    [
      "DEB-F8970FD9",
      30.92311809472068,
      74.38241982359365,
      361.19625205328157
    ],
    [
      "DEB-ADE9E0E2",
      -20.926985572819984,
      85.04544761575585,
      700.3003344117051
    ],
    [
      "DEB-48F3798C",
      -24.623843446279945,
      148.30541452672597,
      759.6358903349619
    ],
    [
      "DEB-3C40F2ED",
      -15.979740640497914,
      -83.89319624926134,
      369.4640653701981
    ],
    [
      "DEB-DF5B6BC6",
      -58.76735294000452,
      -56.889900930912965,
      365.4705012017894
    ],
    [
      "DEB-94C45359",
      59.24985775951746,
      -21.276620532212046,
      700.8882859320174
    ],
    [
      "DEB-DD3F5F7C",
      7.7694620071645115,
      -169.59278210445382,
      197.36753083214717
    ],
    [
      "DEB-AEE7A025",
      -2.624370690298779,
      149.71950990106862,
      771.2178371390382
    ],
    [
      "DEB-C48A7023",
      13.514899582705395,
      70.86037146724324,
      837.974077832182
    ],
    [
      "DEB-5FDB5E10",
      -45.71580117747054,
      43.35489572979306,
      865.8977075728235
    ],
    [
      "DEB-667E9D68",
      -10.218055770205586,
      -3.422089317349249,
      773.9898829143904
    ],
    [
      "DEB-4D46C3D7",
      23.750564376233797,
      61.07652925944898,
      293.82926008079176
    ],
    [
      "DEB-A320CE6B",
      1.9268818990508476,
      -177.32864225914824,
      520.7542530022911
    ],
    [
      "DEB-3D50C8B6",
      53.824275139390906,
      30.237423059782337,
      780.7586487956878
    ],
    [
      "DEB-83E61BD2",
      65.77527757894511,
      5.329671503579495,
      880.1915090850625
    ],
    [
      "DEB-441EBD4C",
      14.065006819602123,
      -72.79833449423097,
      524.3141985631519
    ],
    [
      "DEB-B76E1C1C",
      -42.53290411715044,
      -12.630820059752596,
      760.3658857870405
    ],
    [
      "DEB-2BAFE55B",
      55.403181676426804,
      16.104022642758732,
      320.8124441579994
    ],
    [
      "DEB-14C8EA32",
      -19.21089062839716,
      22.313451126846246,
      651.2009595538866
    ],
    [
      "DEB-D7D023B2",
      -7.01901409904779,
      6.195428921994743,
      797.0373815499106
    ],
    [
      "DEB-A56EA21C",
      -55.532126161693974,
      54.692800826511856,
      450.29451851774957
    ],
    [
      "DEB-FEA7E268",
      -34.18449313721088,
      21.659294148400996,
      619.4751654033698
    ],
    [
      "DEB-AF1DAAF1",
      -9.242221294855957,
      -40.56215991329693,
      630.2454847210302
    ],
    [
      "DEB-2520F7CB",
      -34.33388037666771,
      -51.60663343904403,
      279.89346786292026
    ],
    [
      "DEB-47AFF6AF",
      -80.39515917235353,
      39.79894808385929,
      287.7256138790981
    ],
    [
      "DEB-D2F356AD",
      29.75728989965579,
      20.31500694780274,
      255.15920877851386
    ],
    [
      "DEB-FA0E6244",
      -35.162994376733714,
      -36.216361851709806,
      731.9585818166479
    ],
    [
      "DEB-1FAC8657",
      37.289359913336035,
      150.21190033655378,
      861.3327999052717
    ],
    [
      "DEB-B5FF6CEF",
      -39.251559083674564,
      94.02085683605908,
      795.5904769060744
    ],
    [
      "DEB-4C61133C",
      -66.19333560186878,
      -41.09039882824735,
      281.17386108668506
    ],
    [
      "DEB-8ACDCCF6",
      33.256067820990324,
      31.930873143404813,
      282.8395190216388
    ],
    [
      "DEB-95B510B5",
      46.245206177074934,
      -117.07784572087742,
      909.1421274033173
    ],
    [
      "DEB-A52A7802",
      70.19751621830585,
      71.15013933129215,
      270.50915003839964
    ],
    [
      "DEB-A36DFA1D",
      -69.03575071991504,
      -134.00610680904188,
      789.091840595308
    ],
    [
      "DEB-1CF316B1",
      -0.33765600860805445,
      -63.65126284121524,
      732.751473047817
    ],
    [
      "DEB-FED027A8",
      1.2056881309535683,
      157.57668412554887,
      778.4886966513868
    ],
    [
      "DEB-445F1F67",
      -54.52985817429678,
      -174.53654576584037,
      391.915578389473
    ],
    [
      "DEB-15112EF9",
      46.81824468511526,
      -106.66309864948519,
      532.5716368873782
    ],
    [
      "DEB-0ED3CC60",
      17.926810895902307,
      34.10844909049905,
      645.2088378695325
    ],
    [
      "DEB-C3900037",
      -52.566535687706484,
      93.64395576400065,
      884.6973168310888
    ],
    [
      "DEB-CBF5FB38",
      13.862283439192646,
      24.007542244547853,
      574.1477959784479
    ],
    [
      "DEB-9104D956",
      -38.297082824748905,
      -135.5939071312192,
      263.59501651654864
    ],
    [
      "DEB-A50E2A9B",
      59.83263403175828,
      139.49577494069214,
      666.8123472972293
    ],
    [
      "DEB-8B37A040",
      0.5475147258824941,
      69.24916821132372,
      707.456436245493
    ],
    [
      "DEB-CB19D96D",
      59.51646244782307,
      -102.19710670067644,
      912.9288890104763
    ],
    [
      "DEB-AF37F909",
      43.71005613511121,
      -10.817106927845439,
      837.7453437929098
    ],
    [
      "DEB-6AB30432",
      16.691061953985614,
      -22.69372218736933,
      450.8298880991242
    ],
    [
      "DEB-57B7DF40",
      -74.29144548894978,
      114.67694218889054,
      598.7251218893725
    ],
    [
      "DEB-1C7CC7B9",
      16.389012269551724,
      -161.20728027506445,
      424.5640451362415
    ],
    [
      "DEB-2017E680",
      11.937119951888064,
      -110.89754463853156,
      277.76957855123055
    ],
    [
      "DEB-8811A854",
      72.84295829612634,
      151.90781570781974,
      335.82331379454445
    ],
    [
      "DEB-5006B9A7",
      -14.23025029400304,
      -88.4877297158432,
      448.91618713141725
    ],
    [
      "DEB-89C6017C",
      12.282584545683632,
      105.55382776075886,
      249.7430448281002
    ],
    [
      "DEB-94A941B2",
      -24.79332122553563,
      -11.755060567413562,
      217.70322299531836
    ],
    [
      "DEB-E26799D8",
      -31.82539509764573,
      -29.226463722486848,
      257.2805092732269
    ],
    [
      "DEB-B15926C7",
      15.364355213534832,
      -24.301239095670102,
      821.2889186304901
    ],
    [
      "DEB-3C7FEA22",
      4.0312202307482305,
      21.081705821342826,
      604.7160327655956
    ],
    [
      "DEB-0F99DE84",
      50.686260310177,
      118.50188242082447,
      261.4866012741659
    ],
    [
      "DEB-4AFBA99E",
      -2.7335175861827676,
      62.79265422921415,
      698.0894614603358
    ],
    [
      "DEB-70EE7DAB",
      -38.9592348718108,
      -30.540151981290315,
      642.5354294512945
    ],
    [
      "DEB-F5A55EEC",
      -6.666485421874653,
      -146.22810826572356,
      775.9587860784168
    ],
    [
      "DEB-567A688B",
      -22.770563822841225,
      94.33794689328663,
      137.22785140095493
    ],
    [
      "DEB-D4F39FEA",
      -46.80551478084176,
      -56.975015211531165,
      285.9978934736246
    ],
    [
      "DEB-9CECF2D9",
      -13.012789371816261,
      -176.17878262826534,
      880.3334845134441
    ],
    [
      "DEB-4D1284A2",
      -81.27838314793159,
      -20.503673516037875,
      176.04793403201984
    ],
    [
      "DEB-9069D4D5",
      -68.14814882896333,
      107.7379034730652,
      144.55727534950893
    ],
    [
      "DEB-BBEDD93F",
      44.20466332396122,
      138.43298326100384,
      127.2386459478439
    ],
    [
      "DEB-93003C2C",
      28.621504591737622,
      0.7891838780795071,
      727.1482200308628
    ],
    [
      "DEB-0C78A30F",
      -63.14786890756517,
      56.47048166959211,
      228.72580458613902
    ],
    [
      "DEB-DA21A80C",
      6.681854850912509,
      -101.79783602444533,
      562.0513537603692
    ],
    [
      "DEB-7904472A",
      -10.315420155545757,
      168.07467226695175,
      478.53569534466897
    ],
    [
      "DEB-11BCEBCC",
      24.00705299713453,
      73.1794319691573,
      588.8672045630401
    ],
    [
      "DEB-65608B8C",
      -3.612517932797535,
      -36.328497013964274,
      858.2706989012559
    ],
    [
      "DEB-341EA136",
      -35.399266729895835,
      49.50975348420764,
      907.8971503578232
    ],
    [
      "DEB-2090F329",
      3.931191844276261,
      34.071855643484476,
      417.4704631642253
    ],
    [
      "DEB-3F5BBD62",
      20.092488725865962,
      123.44123103970982,
      655.9765150084713
    ],
    [
      "DEB-73E02BA1",
      -17.441762189527843,
      63.16610361129001,
      570.7478072495624
    ],
    [
      "DEB-FE9D9521",
      -36.3422836548295,
      93.9956622774176,
      207.63477643006536
    ],
    [
      "DEB-F0A9078C",
      47.35589023654153,
      -91.53787289643465,
      142.5739820652998
    ],
    [
      "DEB-3F84DEC5",
      -56.34061287968863,
      112.43783321983604,
      907.9117041113204
    ],
    [
      "DEB-0A2056BF",
      -44.021044449878914,
      125.2608839780388,
      161.68979483293515
    ],
    [
      "DEB-02D8C41B",
      47.66310358982553,
      -102.47374056153045,
      414.27011883844443
    ],
    [
      "DEB-277C244C",
      -42.48591660247271,
      -122.21526182168517,
      230.86301188460766
    ],
    [
      "DEB-A37E03EA",
      12.233033091980287,
      -127.86982567266206,
      647.6950905587764
    ],
    [
      "DEB-9FA4348E",
      52.27521237340275,
      -162.8094893395621,
      337.132782305418
    ],
    [
      "DEB-94E0342E",
      51.10392899936151,
      -68.09977347616102,
      186.1272415795802
    ],
    [
      "DEB-B8141008",
      -24.02331577536883,
      -76.35724530653873,
      234.65653988935355
    ],
    [
      "DEB-EDF3B0FA",
      -37.232289463619956,
      23.696759245908034,
      510.2879756453931
    ],
    [
      "DEB-87E09148",
      -42.21089305501623,
      -8.80207591850415,
      377.6954810785719
    ],
    [
      "DEB-F6586036",
      18.545779561048306,
      -126.40964909132725,
      335.24060634198395
    ],
    [
      "DEB-2487921B",
      71.88439346575547,
      32.76909806569753,
      766.0019468668752
    ],
    [
      "DEB-500B68F8",
      58.73860170958354,
      -99.88771531945355,
      771.7537266993422
    ],
    [
      "DEB-DA1321A6",
      9.059021544175613,
      39.12772922603548,
      332.5075349998806
    ],
    [
      "DEB-9DA848E8",
      -8.78154312501979,
      -99.28105477166125,
      352.3176114633079
    ],
    [
      "DEB-A3AE3DC6",
      30.38820671445942,
      -160.39325983695667,
      477.66883609124034
    ],
    [
      "DEB-1DAD2405",
      -41.444506102867564,
      -64.56418503442103,
      594.7791003661168
    ],
    [
      "DEB-430938FC",
      -5.909807047423409,
      -21.121950583409703,
      645.3985858073047
    ],
    [
      "DEB-19267918",
      58.9679752815262,
      -16.8383615423809,
      768.3183722910426
    ],
    [
      "DEB-C3A67852",
      33.80906504406958,
      137.942949538172,
      463.79858196355144
    ],
    [
      "DEB-3363339C",
      73.30520495666596,
      161.95263078303455,
      523.4087415186523
    ],
    [
      "DEB-6F718251",
      11.096994397684401,
      113.99440509650094,
      574.3264555776977
    ],
    [
      "DEB-6C318368",
      9.689190009566062,
      115.46201392538016,
      203.15263738009799
    ],
    [
      "DEB-B59EB1A7",
      33.46283969719393,
      18.964720316028018,
      404.79182098000456
    ],
    [
      "DEB-02E7BD73",
      43.04984058287623,
      -106.82438327988875,
      772.1421529828867
    ],
    [
      "DEB-58C7DAF8",
      -6.747479618527844,
      -154.54743022550647,
      171.20167822537587
    ],
    [
      "DEB-815FB48A",
      46.08395998648468,
      -164.46596116051654,
      769.6819338747873
    ],
    [
      "DEB-403B18B4",
      -5.595774227446165,
      -107.48255063513,
      417.6927036547995
    ],
    [
      "DEB-DB3E703A",
      13.315691577215715,
      120.936376669231,
      688.1768929524696
    ],
    [
      "DEB-29E90A79",
      61.15945415461572,
      156.99024788287727,
      771.5441844841334
    ],
    [
      "DEB-F65AF529",
      21.188236833286958,
      78.4203797473292,
      225.24319977083178
    ],
    [
      "DEB-1AE1607B",
      -15.804175127445905,
      -50.79977547893479,
      859.9110995736601
    ],
    [
      "DEB-BCF903C1",
      6.69216719666109,
      -39.67930068368064,
      605.4406332329436
    ],
    [
      "DEB-D7024904",
      39.9430977584971,
      121.24456076823951,
      887.8890913923578
    ],
    [
      "DEB-4B38BCAF",
      -30.24699059622961,
      73.64779121554389,
      221.1338670842306
    ],
    [
      "DEB-5E77D320",
      3.9996899073087624,
      -57.151895854708314,
      823.0716796763036
    ],
    [
      "DEB-436B73FF",
      57.390052153132686,
      175.52469252148148,
      639.2048170419284
    ],
    [
      "DEB-318AD3B9",
      2.130626574847855,
      -155.73777015786197,
      777.1351736345296
    ],
    [
      "DEB-33BD2CB0",
      50.47226480039343,
      -19.425276053792395,
      607.4208672097329
    ],
    [
      "DEB-D05F89CE",
      36.41037221969237,
      -88.76273710192143,
      372.0131081636082
    ],
    [
      "DEB-2F29357F",
      -62.68314662741514,
      -24.321172895559794,
      848.9463017796406
    ],
    [
      "DEB-DF3B0F87",
      24.131664575894735,
      -102.6264394076543,
      248.29792933911995
    ],
    [
      "DEB-DBC7A686",
      -0.5778421928542208,
      -44.99811547598725,
      264.7356101483492
    ],
    [
      "DEB-7D9C0CC7",
      -26.035523691095058,
      1.6422997800225398,
      654.7528945684307
    ],
    [
      "DEB-66E36AB4",
      -49.5174396408509,
      -49.033912311445064,
      281.3865453950666
    ],
    [
      "DEB-F1F3D51A",
      18.524209253578938,
      38.57674468921754,
      177.02197765152687
    ],
    [
      "DEB-2AF2E156",
      32.907880015962746,
      81.53180796472063,
      792.7115995998183
    ],
    [
      "DEB-AB6322A6",
      -4.343706177794691,
      90.62380375330758,
      899.6028797280387
    ],
    [
      "DEB-23A524AB",
      -38.955716816128984,
      -142.47864333370111,
      830.251303731643
    ],
    [
      "DEB-3B0E8D5A",
      45.75556201686868,
      29.936453895779565,
      746.10872338836
    ],
    [
      "DEB-F8B1923E",
      -64.69898098318909,
      -85.15770490228954,
      756.5012619037598
    ],
    [
      "DEB-B3DDD9C2",
      11.914357891353822,
      152.15924110831608,
      484.0632945724683
    ],
    [
      "DEB-F654D22E",
      58.87183089868374,
      109.65775165744287,
      438.6829970837234
    ],
    [
      "DEB-9E24FCE1",
      5.104186936184331,
      -126.04791157809306,
      909.6411683074393
    ],
    [
      "DEB-012DADF1",
      55.88536744726211,
      9.392811348058164,
      256.07851962307996
    ],
    [
      "DEB-7D67F6A4",
      22.837431166078638,
      -54.92742479756965,
      821.8216260421832
    ],
    [
      "DEB-D32736D1",
      24.01661653499797,
      -103.14246627374001,
      359.9203598527656
    ],
    [
      "DEB-FE70914F",
      25.568359667610356,
      -70.74520071553422,
      872.8372075203179
    ],
    [
      "DEB-A1B5E273",
      -25.308451366449727,
      18.339079060260413,
      244.92844380971565
    ],
    [
      "DEB-7DECE08B",
      6.574697267237751,
      47.873512617686984,
      156.15658882449043
    ],
    [
      "DEB-47281C42",
      -28.356295121040176,
      -156.01047979469638,
      592.6920819188881
    ],
    [
      "DEB-292EFFC0",
      -7.766798626378542,
      -152.51526587761558,
      274.2700550258496
    ],
    [
      "DEB-C95C4FA6",
      29.364545332344065,
      29.14463264142105,
      498.6639730674824
    ],
    [
      "DEB-68309CE1",
      75.05288676461021,
      -12.394356907319283,
      848.8711176339639
    ],
    [
      "DEB-72AA2623",
      -32.19532860267871,
      135.646064663411,
      206.3465504912856
    ],
    [
      "DEB-B9ACFE9A",
      21.471580984449044,
      92.40374832774188,
      265.4692974118461
    ],
    [
      "DEB-F12221C9",
      16.31632683017415,
      -71.60196662906853,
      331.50313366146565
    ],
    [
      "DEB-3FB613CF",
      36.42554340167283,
      109.86555721794652,
      368.2262071997693
    ],
    [
      "DEB-48866D1A",
      15.310332772954764,
      -156.19010491829556,
      219.73403705721194
    ],
    [
      "DEB-C8E7B173",
      1.3433529872029044,
      104.86118995239737,
      425.90955617637246
    ],
    [
      "DEB-472F227F",
      -11.177590830665153,
      68.6549039769057,
      546.578946517563
    ],
    [
      "DEB-D597EFE9",
      42.96429734360125,
      63.82354930867628,
      659.2589144006615
    ],
    [
      "DEB-8FAF33F2",
      -16.060950485826805,
      -21.90168826468703,
      303.38343770764004
    ],
    [
      "DEB-953B3994",
      83.28269052587541,
      18.56028588880554,
      419.27260386163107
    ],
    [
      "DEB-F3944CCF",
      32.2531717154605,
      126.30577516053671,
      847.1013202849854
    ],
    [
      "DEB-6C254B3B",
      -19.261354482020145,
      141.8157282308386,
      437.2437687725078
    ],
    [
      "DEB-6B1DE98F",
      -8.217638672382675,
      62.467924022095865,
      480.1653435086646
    ],
    [
      "DEB-141DDAB4",
      3.187083935116057,
      33.90399875312347,
      893.9321149676198
    ],
    [
      "DEB-BA551DF7",
      -1.7436276687067622,
      89.47948115857511,
      305.11396214330944
    ],
    [
      "DEB-E392B9AE",
      24.95226198953496,
      -135.0886920048297,
      123.24487836081425
    ],
    [
      "DEB-EBCBF6DB",
      -6.29495895045389,
      0.11042821393079978,
      325.8140783332392
    ],
    [
      "DEB-23AB9357",
      3.256118811553054,
      173.92418115690498,
      738.9455124955766
    ],
    [
      "DEB-914208AE",
      51.41303589013598,
      67.88710749528994,
      792.8517109959339
    ],
    [
      "DEB-640D6412",
      33.003613590203265,
      -74.96990987040125,
      441.4069289978552
    ],
    [
      "DEB-FEA11332",
      -23.25498649183963,
      95.62187962898139,
      334.33360038005776
    ],
    [
      "DEB-D5C2E6CB",
      -57.05879710467976,
      -12.999276498672284,
      688.5377594970496
    ],
    [
      "DEB-7CF3094A",
      -5.303666617191062,
      -35.126898465820155,
      692.3806277336089
    ],
    [
      "DEB-A1265988",
      -47.32142868498824,
      136.05998480684508,
      735.212128297092
    ],
    [
      "DEB-4680E64D",
      18.600395567170942,
      -157.57749159854018,
      495.69710360275167
    ],
    [
      "DEB-64E47F53",
      6.863675126169901,
      -117.70663436693164,
      231.86506183762322
    ],
    [
      "DEB-2967E371",
      -0.8692974038127368,
      -87.60622148135572,
      517.3580685154948
    ],
    [
      "DEB-61CF3FA1",
      45.52511460041238,
      78.93679842995225,
      330.8655033620453
    ],
    [
      "DEB-314903A0",
      -50.10158825832163,
      29.48564079899563,
      902.4934574682356
    ],
    [
      "DEB-79B3E25C",
      -51.26132609191276,
      8.976595425619358,
      491.0806927867152
    ],
    [
      "DEB-6F4ACB89",
      -28.011639164134568,
      54.44328630013399,
      290.8195893490465
    ],
    [
      "DEB-BF8A536F",
      -7.204257964211103,
      44.1553612406335,
      826.6172987095933
    ],
    [
      "DEB-CA526A8F",
      -37.15325706866481,
      164.3422758653252,
      430.63589990012406
    ],
    [
      "DEB-86BFFD5D",
      36.85273286442781,
      159.3432358568764,
      791.6101221093677
    ],
    [
      "DEB-560A19DC",
      -50.36110984349594,
      94.53915606534109,
      904.4021870987717
    ],
    [
      "DEB-FD228D58",
      -50.322054596428934,
      137.96634164197394,
      357.35279372040713
    ],
    [
      "DEB-55D5B25A",
      -1.1283398594132643,
      57.536982727546985,
      240.98824276180403
    ],
    [
      "DEB-698E180B",
      5.122020673125233,
      -37.57723271284096,
      454.30361843847186
    ],
    [
      "DEB-C8BFFE4A",
      61.17672962663985,
      102.87642804374262,
      518.6542933926839
    ],
    [
      "DEB-2C24DEC2",
      -16.630126596936208,
      -148.85661556214015,
      756.848758518533
    ],
    [
      "DEB-EAA9C502",
      -10.134283592609565,
      23.256940030255485,
      302.6532919406536
    ],
    [
      "DEB-7F597636",
      -56.18122972727374,
      153.21197676154065,
      546.4480523593393
    ],
    [
      "DEB-6FBFD908",
      52.24999662436346,
      -91.73369871325457,
      283.2324291704881
    ],
    [
      "DEB-805CA175",
      -17.830536143746667,
      169.4612663011027,
      745.0281014815246
    ],
    [
      "DEB-3DA5908B",
      -30.428987780568352,
      103.89304861818515,
      155.1762406998505
    ],
    [
      "DEB-00BFD95D",
      44.161636016109014,
      179.1002009001897,
      879.2311781640437
    ],
    [
      "DEB-5A99687C",
      -25.017198368640276,
      -52.86001540687563,
      902.9938923091968
    ],
    [
      "DEB-68B2A72F",
      -5.315071212468866,
      13.23042612417331,
      445.8881903334832
    ],
    [
      "DEB-C931E37D",
      -35.49471390177069,
      110.58817046554977,
      298.4458701588228
    ],
    [
      "DEB-46F7B98F",
      -46.41948116065893,
      -4.875250462949519,
      563.6635417063326
    ],
    [
      "DEB-E2BCFC06",
      -41.898263776165024,
      68.12255071501521,
      516.6226088734174
    ],
    [
      "DEB-042698BF",
      48.99306021074952,
      153.38386892490863,
      319.3051145347754
    ],
    [
      "DEB-248557A4",
      -8.585617839432064,
      12.477774363658613,
      601.9089363897192
    ],
    [
      "DEB-615F587E",
      19.40038310650645,
      -42.94445027170696,
      662.1564438799487
    ],
    [
      "DEB-1E7B701A",
      -35.6024404016292,
      -165.4305105246346,
      261.4757340617125
    ],
    [
      "DEB-0E2ACB3D",
      37.35926406815952,
      24.06356498343743,
      547.0297311774066
    ],
    [
      "DEB-D55DE939",
      65.00136931869676,
      -118.92335825237768,
      676.6108807171604
    ],
    [
      "DEB-34F91F04",
      59.46791587710967,
      112.75653212818179,
      151.22605966092397
    ],
    [
      "DEB-B60BBC6B",
      -32.94070166835242,
      52.23616457019613,
      664.3073656391898
    ],
    [
      "DEB-D296868A",
      38.521363303000975,
      -110.285458492576,
      824.84999478193
    ],
    [
      "DEB-91B76C84",
      15.313289299547256,
      44.7333779515971,
      230.60183485703783
    ],
    [
      "DEB-8C952F68",
      -67.59997527735801,
      -101.25544194096261,
      869.8015227758287
    ],
    [
      "DEB-1878022A",
      -52.69096872486691,
      -164.0396733093422,
      703.6673343810271
    ],
    [
      "DEB-DF79CDA9",
      -24.224224265081332,
      -148.46761955638843,
      588.108911007359
    ],
    [
      "DEB-186385A0",
      -11.907678455994066,
      160.01562149623777,
      343.75647221213876
    ],
    [
      "DEB-C30E7489",
      6.814918717859868,
      98.64866229651955,
      462.4012578267484
    ],
    [
      "DEB-F9423852",
      -68.26257760632608,
      145.48356098882786,
      226.43403336162464
    ],
    [
      "DEB-A37D8605",
      -29.61912108969663,
      134.4525113132464,
      857.207510897897
    ],
    [
      "DEB-A8016944",
      -13.883155045974435,
      158.07218238383902,
      405.25808074693214
    ],
    [
      "DEB-848F3516",
      -15.248454008291212,
      -159.78791797999796,
      288.5494086515682
    ],
    [
      "DEB-A8CD832D",
      -32.074114665146915,
      68.04824168493371,
      136.77151930834862
    ],
    [
      "DEB-D507F9CD",
      -79.45581766640343,
      39.874805107828394,
      740.5947691029178
    ],
    [
      "DEB-BFE1B935",
      44.14299047739578,
      -126.51589376754534,
      832.6993952275407
    ],
    [
      "DEB-580A82FE",
      -56.680119764064,
      116.74497795942035,
      916.8310568087345
    ],
    [
      "DEB-F0C7B48C",
      7.665523442862752,
      61.776250981509435,
      734.8990637195038
    ],
    [
      "DEB-E65F5601",
      32.22568603370056,
      -57.83247657703268,
      477.2045614591434
    ],
    [
      "DEB-5AB00DD3",
      22.403229623587364,
      123.42680388903217,
      902.1531297214306
    ],
    [
      "DEB-0B89031A",
      -46.64994734039781,
      130.1244789065216,
      486.6555094738542
    ],
    [
      "DEB-E521AEC7",
      -46.53059113772723,
      72.88698159122156,
      165.10830488978718
    ],
    [
      "DEB-9CE2967A",
      10.511535504475537,
      -76.47036376336861,
      730.6528548547631
    ],
    [
      "DEB-B8A04A2D",
      -37.21577816395631,
      75.73064312302219,
      204.92821165459736
    ],
    [
      "DEB-2F668380",
      -0.2241821066883665,
      143.82737804507218,
      646.0933012743644
    ],
    [
      "DEB-5B307641",
      38.81489549515288,
      -145.81829044086794,
      867.1378819536931
    ],
    [
      "DEB-904F3206",
      41.63147089678124,
      -136.0868498455677,
      775.2318243403251
    ],
    [
      "DEB-19C3AC21",
      24.81065384704744,
      24.864833613820135,
      635.6680738961741
    ],
    [
      "DEB-A4E1C7B7",
      1.462907085597749,
      -168.12868409706437,
      886.0090147968194
    ],
    [
      "DEB-864A1B6D",
      -55.71615338895796,
      67.78079125801241,
      570.463127160162
    ],
    [
      "DEB-504D3C82",
      -75.62402533636235,
      77.72719511420193,
      437.5988865079498
    ],
    [
      "DEB-BD8BBBB4",
      -9.015207414336901,
      38.734947218558744,
      567.0094732834405
    ],
    [
      "DEB-717E26B1",
      12.558819848117459,
      115.68480256458439,
      782.2651883897979
    ],
    [
      "DEB-12DBE566",
      -38.70949907538639,
      16.090333317833434,
      311.802521596479
    ],
    [
      "DEB-1FF13927",
      -11.256936262236996,
      141.2884351599209,
      254.93638281027324
    ],
    [
      "DEB-ADDA7958",
      37.80683834205752,
      -89.08445876476435,
      281.0158964879056
    ],
    [
      "DEB-886B51E6",
      70.25971480039372,
      -81.98042313163934,
      876.7867030910575
    ],
    [
      "DEB-3A13ED74",
      -21.126011381471802,
      -158.1789381248662,
      391.1463519306899
    ],
    [
      "DEB-141E07DB",
      64.81486343023245,
      -95.78286601279099,
      382.58158659238416
    ],
    [
      "DEB-49A74C04",
      -5.808030934781797,
      -28.843276341861305,
      168.3564264249926
    ],
    [
      "DEB-396D713E",
      2.3243062099880762,
      -118.27454166115172,
      545.0434134479774
    ],
    [
      "DEB-62EF4D26",
      -23.245270737370944,
      139.39260430031422,
      740.6500168070315
    ],
    [
      "DEB-501450C6",
      57.509102638513056,
      33.65211788253423,
      717.4644826195072
    ],
    [
      "DEB-B5B44565",
      21.41975750532465,
      -168.63899536220592,
      574.159661101774
    ],
    [
      "DEB-EF9CE3CF",
      -65.04880845436585,
      -88.33596736079214,
      875.2314253463255
    ],
    [
      "DEB-FBB88C51",
      33.74547564313207,
      86.13673521928585,
      563.9083956299046
    ],
    [
      "DEB-B8AA457F",
      44.82942126929475,
      -3.0894901969841193,
      794.1189628077218
    ],
    [
      "DEB-236741C8",
      48.68294679194151,
      -87.4582006832497,
      139.2837235502684
    ],
    [
      "DEB-0F5CBA4B",
      -32.68367368975272,
      162.27502259737196,
      293.9074587810319
    ],
    [
      "DEB-E5A39B46",
      0.8133686862363182,
      -97.51244276269384,
      482.4074924680126
    ],
    [
      "DEB-901B1129",
      43.17007086097171,
      -111.83943627266719,
      876.5418828777092
    ],
    [
      "DEB-445CFF68",
      -23.012782398120756,
      -152.57892953874148,
      912.7425718567911
    ],
    [
      "DEB-E5678157",
      35.798863236950616,
      -110.9716124421961,
      792.3427795969401
    ],
    [
      "DEB-3900757A",
      -34.658441540005605,
      157.89160389550366,
      133.18658583179604
    ],
    [
      "DEB-BEB147F5",
      -15.190386133479906,
      115.82423432760069,
      597.0185106968511
    ],
    [
      "DEB-C2A15DBC",
      -23.066690037962555,
      112.52915041092912,
      919.8625230396674
    ],
    [
      "DEB-49109C49",
      -51.139104753997565,
      -142.2709003267887,
      310.1926686160332
    ],
    [
      "DEB-BF39600E",
      19.92487390031767,
      148.85193466205087,
      705.3379956131203
    ],
    [
      "DEB-58162913",
      13.332627603731263,
      151.61854677916128,
      207.0322162412058
    ],
    [
      "DEB-046EFF27",
      69.31982044583879,
      102.44602156305605,
      658.3965557837728
    ],
    [
      "DEB-0D64C680",
      71.70012294887412,
      138.48837454313343,
      852.9177547560403
    ],
    [
      "DEB-CD74783C",
      46.92178565127886,
      -122.2553044644512,
      703.3386009836477
    ],
    [
      "DEB-6F87D83E",
      26.68660695105155,
      -4.604623686034019,
      494.2659721909986
    ],
    [
      "DEB-788F8BB4",
      -43.805753560920806,
      105.90814210383195,
      780.7558832294999
    ],
    [
      "DEB-EC909611",
      46.03760862918229,
      -68.41338142119832,
      268.1132573138657
    ],
    [
      "DEB-0189D6D7",
      11.975966171739975,
      26.654757531649473,
      218.67747857960694
    ],
    [
      "DEB-A5214B91",
      -24.591338255600387,
      149.40613346803778,
      350.6503513411453
    ],
    [
      "DEB-D1624190",
      -25.36386485969361,
      104.18978774417948,
      368.0143900900257
    ],
    [
      "DEB-3EB3895D",
      1.7459642027066287,
      39.074953379786756,
      340.4810552316567
    ],
    [
      "DEB-C218AB7B",
      -33.301949670454924,
      -94.57867642110853,
      696.7101572421825
    ],
    [
      "DEB-447F5741",
      -8.906807400042725,
      -4.284148190027559,
      370.9028588124347
    ],
    [
      "DEB-63E4E87B",
      22.904074778528663,
      36.59470412594829,
      317.46708552780547
    ],
    [
      "DEB-F752E479",
      55.613814099269824,
      176.19180916185294,
      750.0473655170872
    ],
    [
      "DEB-85C8A8F1",
      -65.83070215643225,
      -58.27391168669052,
      637.3947208650088
    ],
    [
      "DEB-B9380D37",
      -26.454112216301034,
      -129.22693887481384,
      136.51581464088213
    ],
    [
      "DEB-1692B1B5",
      -42.19239637375113,
      -111.77837167247718,
      574.182922499881
    ],
    [
      "DEB-7217ABE1",
      40.051530630036176,
      -89.29116988015483,
      723.0554014646796
    ],
    [
      "DEB-25D37F11",
      -71.45584865205662,
      10.493322748902854,
      909.2101672924
    ],
    [
      "DEB-ED48486F",
      -62.62313024355138,
      -110.13115119704058,
      660.590142629183
    ],
    [
      "DEB-B3E451CA",
      -35.31661547920816,
      -174.83599374792735,
      644.6512125095824
    ],
    [
      "DEB-4F947894",
      31.3806536363152,
      -30.507178144018585,
      366.9012667727884
    ],
    [
      "DEB-40DEAF13",
      -41.953671267595844,
      74.91612379175729,
      133.20746028825852
    ],
    [
      "DEB-CC6E0831",
      51.966853428477265,
      109.0404899084073,
      234.95748687381456
    ],
    [
      "DEB-A8BA0FA5",
      -10.822636908739657,
      -131.9009826372994,
      140.7711188027779
    ],
    [
      "DEB-7DF61517",
      -57.99617561296349,
      -79.88053754570439,
      668.9388585419647
    ],
    [
      "DEB-9BA5D534",
      -15.336392397175151,
      54.83051561748398,
      273.0479047839326
    ],
    [
      "DEB-22662709",
      23.51183161575394,
      -150.28380693104742,
      544.7118015539445
    ],
    [
      "DEB-734DE546",
      -45.596186910421174,
      54.72474541145092,
      334.0227636281097
    ],
    [
      "DEB-64911BA9",
      -55.79290148080419,
      -79.36729284055791,
      719.463226686159
    ],
    [
      "DEB-286B30D9",
      14.579287021060594,
      57.99270215306108,
      609.8992017174496
    ],
    [
      "DEB-1EC2B88A",
      76.52622730065016,
      66.2537479811864,
      673.4114913248959
    ],
    [
      "DEB-2C932405",
      20.043996205344214,
      -138.83582143611125,
      801.2179314466821
    ],
    [
      "DEB-7946DEF6",
      59.413975678220105,
      88.19106986674372,
      622.0716045303288
    ],
    [
      "DEB-6163E4EF",
      49.16261228422774,
      44.47686813396219,
      462.52506544592325
    ],
    [
      "DEB-690436D8",
      -39.44857982909478,
      15.73018030477619,
      667.7590408126744
    ],
    [
      "DEB-FBD172AF",
      -65.59601632601944,
      -149.38577963228127,
      134.74329104659319
    ],
    [
      "DEB-81362A51",
      -56.43424546617242,
      145.23561783788261,
      438.26933221134277
    ],
    [
      "DEB-8484472E",
      52.235704802984586,
      168.59591613085036,
      534.3857066360706
    ],
    [
      "DEB-9068E1C5",
      2.207710994554301,
      -135.52502636689317,
      760.166293622784
    ],
    [
      "DEB-56377145",
      66.74128790982199,
      96.6300044627916,
      610.875263672975
    ],
    [
      "DEB-AACB43FA",
      74.32424972446294,
      81.75236437579653,
      812.4555793392883
    ],
    [
      "DEB-700CB40F",
      -16.7127752162929,
      -73.3114538877788,
      397.6971537860254
    ],
    [
      "DEB-36C1F53D",
      3.926010630148292,
      -131.03051285570942,
      336.27739635050784
    ],
    [
      "DEB-D1250462",
      -75.0012534291935,
      76.89820742579045,
      741.3511950262518
    ],
    [
      "DEB-71AA1E73",
      79.4764258054332,
      61.39238100565736,
      723.2668045595974
    ],
    [
      "DEB-EDD391B9",
      -43.89133294540643,
      -124.48350443868725,
      648.4761171776872
    ],
    [
      "DEB-2D65FB5C",
      -31.37647388352569,
      -123.94133335746994,
      477.05227851986274
    ],
    [
      "DEB-102BDD2D",
      -73.24651654571564,
      -69.98805425734675,
      850.3906275090512
    ],
    [
      "DEB-541C07DB",
      -20.07130291082102,
      -33.77593573463258,
      838.6266527016251
    ],
    [
      "DEB-076841EC",
      -46.24287516130203,
      -117.65541248705817,
      552.7576573846791
    ],
    [
      "DEB-4860491A",
      -1.878406739741216,
      -104.4603526459262,
      688.3781469873611
    ],
    [
      "DEB-6DF4E180",
      -22.136084338964874,
      -78.44734048333561,
      736.0080517209071
    ],
    [
      "DEB-8CF85DB7",
      -29.43674910359867,
      -124.93367028220955,
      234.23656776791904
    ],
    [
      "DEB-F0F807E6",
      -17.884138531588473,
      120.14046387748634,
      909.7120151129238
    ],
    [
      "DEB-A3A2AEF3",
      46.012206459090336,
      -62.25443523991544,
      375.36896214129047
    ],
    [
      "DEB-84ECA5F2",
      -67.27642438308094,
      -50.824771281725425,
      360.4518603834158
    ],
    [
      "DEB-261A5456",
      -55.462326736041064,
      -163.18109848697958,
      192.10085171180344
    ],
    [
      "DEB-E71D1AE4",
      -38.80710806560795,
      -54.44503412898288,
      501.4961276690083
    ],
    [
      "DEB-88F20BEF",
      -28.78139141742038,
      20.629529290023086,
      578.2049740500906
    ],
    [
      "DEB-1D395FB1",
      60.37011377267025,
      -123.96248579287918,
      540.5968418652401
    ],
    [
      "DEB-1F1A5879",
      -42.251747255816,
      61.443885596148505,
      155.13141904991062
    ],
    [
      "DEB-B8491DC9",
      17.453623140116207,
      157.46879945550418,
      233.84270476753318
    ],
    [
      "DEB-3EF75AFC",
      -53.996614613367164,
      -64.03912529965454,
      534.1222719279676
    ],
    [
      "DEB-102D4E1E",
      -51.546319340105796,
      -92.19770830966193,
      190.0837715640355
    ],
    [
      "DEB-A49D7257",
      -12.724198658269252,
      119.16152778681844,
      191.7270938894444
    ],
    [
      "DEB-ACC2FDF8",
      22.95641972255856,
      81.2897966404581,
      545.5918489260375
    ],
    [
      "DEB-7D3D4A73",
      1.4638807482068323,
      75.88814888578005,
      254.21848078189396
    ],
    [
      "DEB-19809251",
      25.097119005555122,
      -78.11793031821627,
      600.3354534295577
    ],
    [
      "DEB-8509827B",
      16.398567805005147,
      30.081947977330735,
      770.0511906873144
    ],
    [
      "DEB-B6E94F5B",
      13.841637322587,
      -56.43715439987629,
      214.02067889190585
    ],
    [
      "DEB-38AF80F6",
      -45.32942139388745,
      -115.34566397335693,
      406.9573595019174
    ],
    [
      "DEB-40FCEC5E",
      -60.5209581695233,
      123.12242287654519,
      640.9258135400332
    ],
    [
      "DEB-D9664A55",
      0.009369145350876113,
      -143.10410062319752,
      823.1886394895109
    ],
    [
      "DEB-A5B3AA90",
      38.215072760350836,
      114.03691230459758,
      356.45052108370146
    ],
    [
      "DEB-B657F10C",
      -51.87962812153129,
      145.111655617147,
      867.9160256599316
    ],
    [
      "DEB-0C059E8B",
      -40.44910655475794,
      50.302397868455714,
      433.14191172871324
    ],
    [
      "DEB-B7539422",
      21.964835411348236,
      -36.56985404309988,
      283.8327991340666
    ],
    [
      "DEB-CB9CF155",
      58.50824829286344,
      72.93019830660663,
      238.650098220769
    ],
    [
      "DEB-AEE9F6DB",
      -23.984225385760247,
      110.65134877466654,
      806.086688458041
    ],
    [
      "DEB-6D742DBF",
      17.46892060286697,
      173.86767334515625,
      515.0920398959206
    ],
    [
      "DEB-C6BC51BE",
      6.179822597541172,
      -58.06948380430802,
      359.57703730744925
    ],
    [
      "DEB-1237AB96",
      -28.665760971418816,
      -47.82714673361557,
      732.970320345511
    ],
    [
      "DEB-0C92CDB7",
      -66.44644542205737,
      -10.299528110593874,
      790.727900406022
    ],
    [
      "DEB-0C9BF0C6",
      -18.016239562248302,
      106.8782263965088,
      133.11905349871267
    ],
    [
      "DEB-315AABB9",
      35.82106995027801,
      -120.26066662399023,
      886.4924510929823
    ],
    [
      "DEB-890026A2",
      -70.46830739139806,
      81.4885330345984,
      740.1805271542962
    ],
    [
      "DEB-02F1CEFB",
      -57.759351095622726,
      -55.00838004322675,
      709.7714241203421
    ],
    [
      "DEB-B16DAAF3",
      6.229125102875311,
      59.74310746455743,
      196.79385606894994
    ],
    [
      "DEB-FA90FC61",
      -36.17338670975048,
      67.77891858580378,
      635.9394347631878
    ],
    [
      "DEB-A1AAEE30",
      -70.27662282341502,
      10.965406083688743,
      275.79315587278506
    ],
    [
      "DEB-9593B2D1",
      -25.800334938964955,
      -122.21547149819347,
      543.513123299389
    ],
    [
      "DEB-594B03BC",
      -12.106292897275194,
      89.45444839564439,
      428.78303889486415
    ],
    [
      "DEB-A78F968A",
      -1.3102363530710197,
      17.054657487126494,
      582.9109289480475
    ],
    [
      "DEB-B616BA84",
      21.523179776318862,
      44.15907808543496,
      838.562947009731
    ],
    [
      "DEB-4A27E97C",
      24.987550351335962,
      -53.5883709331094,
      834.4686838372463
    ],
    [
      "DEB-C9812C50",
      -50.96177791607683,
      19.731305269214587,
      620.7632121742245
    ],
    [
      "DEB-51AB15D1",
      1.538663758183218,
      113.80201826019803,
      433.25929606108366
    ],
    [
      "DEB-48827CA6",
      21.253550844504776,
      118.41622776525485,
      679.1076473089879
    ],
    [
      "DEB-D8703595",
      21.543022198419248,
      -149.48406155117772,
      236.56943680684344
    ],
    [
      "DEB-E2CBD477",
      -21.697249957590227,
      -6.151738741885899,
      511.8816555310923
    ],
    [
      "DEB-17F04E03",
      -29.818470507158054,
      38.56269173999105,
      608.4206588832003
    ],
    [
      "DEB-731B33DA",
      -54.014114449238825,
      -177.3372832398387,
      341.4268751979307
    ],
    [
      "DEB-09F8229E",
      -12.534881013478781,
      82.1595488143297,
      153.7916584206705
    ],
    [
      "DEB-741B5EFB",
      47.83780518410885,
      -160.85035834375805,
      504.6282425943318
    ],
    [
      "DEB-7E0F6C37",
      10.057019283318485,
      107.03510799253053,
      603.3541299086155
    ],
    [
      "DEB-18473971",
      3.3074032326351666,
      52.058547881089424,
      766.5029403027766
    ],
    [
      "DEB-A9EE9CAB",
      -79.5462473216159,
      -8.86254238395848,
      645.410313024433
    ],
    [
      "DEB-6FB8E96D",
      -24.995299977292575,
      -12.501057657044992,
      418.6591160255721
    ],
    [
      "DEB-589589BF",
      3.4136695528977863,
      119.79137776491417,
      262.6959720138666
    ],
    [
      "DEB-D71AE3DE",
      32.574639585993694,
      -122.67936188274624,
      299.2970093158483
    ],
    [
      "DEB-2E2C6518",
      -32.59014960401777,
      -151.75300832991692,
      424.42990176496915
    ],
    [
      "DEB-799B26E9",
      -49.96909935054968,
      142.17062840902273,
      550.7779647555171
    ],
    [
      "DEB-6BC64C61",
      67.57538013791628,
      -140.06084821823433,
      396.51059505403737
    ],
    [
      "DEB-03250CFB",
      -38.932240007621736,
      -79.94880278677859,
      729.1268260850838
    ],
    [
      "DEB-409D8675",
      26.881223139921648,
      68.2219182672536,
      470.0557687828077
    ],
    [
      "DEB-5CB40A58",
      -40.9239651945024,
      52.5959990232211,
      709.0329032837817
    ],
    [
      "DEB-FD91CBC9",
      -40.85980688415732,
      18.7479320590894,
      545.1303985308887
    ],
    [
      "DEB-239A28E3",
      5.288276853744912,
      -99.99148634645881,
      692.6266804546331
    ],
    [
      "DEB-4B9CF05D",
      -19.49745487959224,
      48.27842654692489,
      865.0829922863086
    ],
    [
      "DEB-6EE02AB9",
      45.56805245758941,
      89.46590226213702,
      460.4862723478691
    ],
    [
      "DEB-2C29707B",
      -39.66624591347489,
      25.862620302739575,
      764.2890436046528
    ],
    [
      "DEB-ECE9E976",
      38.08307077580027,
      143.57307216509471,
      546.1717945067867
    ],
    [
      "DEB-B010DF4F",
      -36.35821442776136,
      9.208900564321628,
      893.1133770035549
    ],
    [
      "DEB-2E62B8B7",
      51.75185312610567,
      92.71071621890557,
      883.6169480805947
    ],
    [
      "DEB-2474288E",
      -28.60277673672429,
      -38.09736732732491,
      768.4239622228715
    ],
    [
      "DEB-5F1C295E",
      -6.130992536339937,
      116.72575979400162,
      779.7003434999433
    ],
    [
      "DEB-1B1E03F0",
      -7.598269087033118,
      -139.89797505542623,
      333.5136932594396
    ],
    [
      "DEB-E6FF4488",
      69.96322622579552,
      -19.75826280318609,
      289.95293587542164
    ],
    [
      "DEB-E97A0D1C",
      48.871180098674024,
      -122.96623554139339,
      403.1246237484447
    ],
    [
      "DEB-89DF1DF9",
      55.09082790996108,
      -82.43661761140166,
      485.6645503540558
    ],
    [
      "DEB-86A526EF",
      -61.209950400801276,
      67.96162317741158,
      584.6278359840171
    ],
    [
      "DEB-4CF07A7A",
      0.07764611846094532,
      3.874718025909208,
      480.1162975997886
    ],
    [
      "DEB-B0259471",
      6.113409818761122,
      -18.333513513895262,
      788.0483426359569
    ],
    [
      "DEB-1BF48C06",
      12.593382111229461,
      -138.90432209039122,
      123.15886900907572
    ],
    [
      "DEB-C587D647",
      -51.02525178710686,
      -167.7895469512252,
      474.07750620820934
    ],
    [
      "DEB-09F454A4",
      -7.784995041235755,
      174.1785408724058,
      791.3888075795612
    ],
    [
      "DEB-017DB0BF",
      -64.39233554934857,
      -121.4884286655245,
      273.73713695934293
    ],
    [
      "DEB-E78C722D",
      54.5663470348132,
      -146.90918607324022,
      249.1137165063301
    ],
    [
      "DEB-63B5A429",
      -0.3704170556524769,
      -128.58580275129881,
      315.41514521506997
    ],
    [
      "DEB-022CA71C",
      -49.0256370806315,
      13.789336811516339,
      552.8104595381892
    ],
    [
      "DEB-2DD84398",
      -3.1515292170046907,
      97.44049302089483,
      486.1591760312731
    ],
    [
      "DEB-126D4422",
      -54.1314004764485,
      92.34776703296139,
      430.4623438250346
    ],
    [
      "DEB-601CFCA2",
      21.254070750724118,
      48.61637666003378,
      469.41568458266374
    ],
    [
      "DEB-960BDAFE",
      -5.271816422116481,
      -31.116835650853947,
      483.922273058075
    ],
    [
      "DEB-49F15A64",
      -57.025342857741144,
      -88.52752120992729,
      439.76415275484123
    ],
    [
      "DEB-1D1CD26E",
      -9.838265062487062,
      -34.834586027337494,
      362.8885078408721
    ],
    [
      "DEB-2D8E1DA2",
      65.68737503404485,
      9.22905391169036,
      511.4785161321015
    ],
    [
      "DEB-CD48692C",
      46.57400438458376,
      158.88027851601734,
      842.0128147540008
    ],
    [
      "DEB-1880B7BF",
      -70.68130769343782,
      69.91225338920182,
      486.2753580791232
    ],
    [
      "DEB-65F28B0C",
      -11.176552622701836,
      161.01334014867507,
      749.7222808878278
    ],
    [
      "DEB-E177A6A8",
      0.05975778180051137,
      57.54722592619534,
      919.3118861175117
    ],
    [
      "DEB-D4ECB205",
      -49.7710847885501,
      -154.72696548006138,
      377.590093894436
    ],
    [
      "DEB-8A9E4433",
      -8.92462730642757,
      -36.801757347509515,
      850.4289772982356
    ],
    [
      "DEB-FCD5CD70",
      21.193157966606115,
      -129.89249251901148,
      882.7663774721104
    ],
    [
      "DEB-274691A4",
      -3.1951002255993664,
      137.41764593703078,
      351.45243210434637
    ],
    [
      "DEB-C2E46155",
      -53.56798150828327,
      -97.83296211646623,
      620.4416410452295
    ],
    [
      "DEB-3D275546",
      55.84854761571077,
      -122.29461637475933,
      653.614612845854
    ],
    [
      "DEB-29DB11AB",
      62.07183117540299,
      -160.8691178985027,
      279.6895917638167
    ],
    [
      "DEB-E91F2518",
      -35.63171894741999,
      9.812768172025924,
      527.4623836501751
    ],
    [
      "DEB-C2215058",
      26.64960564944416,
      -14.33494394871695,
      677.8000228784385
    ],
    [
      "DEB-78723B9E",
      5.252429985543267,
      -26.164002045450623,
      165.04361099322068
    ],
    [
      "DEB-92E10F2E",
      52.82220429083416,
      40.787970054223834,
      755.795471394943
    ],
    [
      "DEB-88E1F775",
      57.195991705230746,
      47.19388522918841,
      437.34548115365124
    ],
    [
      "DEB-3D23EE76",
      -44.78244191048072,
      137.61698825389354,
      204.72828128537185
    ],
    [
      "DEB-A3536128",
      39.73437578255565,
      -76.43678632847023,
      888.8891520932293
    ],
    [
      "DEB-FC53BEE0",
      70.59417352735255,
      144.4732313783427,
      208.84634771991023
    ],
    [
      "DEB-A68A3479",
      78.36043806540626,
      14.294925553753124,
      524.3610159424998
    ],
    [
      "DEB-2B6AED9E",
      16.716399457625112,
      76.74630799067012,
      900.1939993622827
    ],
    [
      "DEB-C88F6920",
      -22.938483349774035,
      -48.51190434088202,
      541.1382430865242
    ],
    [
      "DEB-23E4DBF9",
      -46.11240809241558,
      57.25689806652186,
      147.8971993629275
    ],
    [
      "DEB-C2502B8E",
      -28.072066304171084,
      175.02903094184737,
      498.02023680027014
    ],
    [
      "DEB-0E51C89F",
      73.8478385743818,
      79.9628449608417,
      243.34030024335243
    ],
    [
      "DEB-605A50AE",
      -5.931938546849404,
      -168.32725235144946,
      329.0129275627287
    ],
    [
      "DEB-BE0DA4C3",
      -22.640343063771294,
      31.295827459745915,
      853.613990055148
    ],
    [
      "DEB-B54CE829",
      56.10083899375188,
      77.46072663339706,
      172.28198151722245
    ],
    [
      "DEB-D5529261",
      47.34915612913499,
      -145.74272283318749,
      813.7203408577607
    ],
    [
      "DEB-4DBA70F0",
      -39.98568253079595,
      -129.33024908064706,
      888.6085276387585
    ],
    [
      "DEB-A638AF94",
      -43.29573935791761,
      21.21249952287665,
      571.7662046329588
    ],
    [
      "DEB-8D363193",
      42.806918825752305,
      73.79373393037369,
      140.26469310603989
    ],
    [
      "DEB-47DCD715",
      3.0320165819666993,
      159.91698178510808,
      903.5325045037289
    ],
    [
      "DEB-DCB7FA48",
      49.51677156002502,
      -29.914335207646037,
      893.0586883827609
    ],
    [
      "DEB-243D85B7",
      -49.39669580469562,
      -165.72560731521503,
      750.6325120155589
    ],
    [
      "DEB-9F7117A2",
      40.748496672394786,
      -105.08865395424289,
      231.0473419122618
    ],
    [
      "DEB-52183263",
      35.56302542783242,
      -143.51122548172526,
      439.46129861208465
    ],
    [
      "DEB-E81C4925",
      -7.45497740705625,
      131.75152432412102,
      406.50094241805255
    ],
    [
      "DEB-F8EEE77D",
      -3.407931940791424,
      139.52719754750552,
      580.3846734807412
    ],
    [
      "DEB-DC2A6961",
      -8.863425910016971,
      136.1395475682496,
      873.0081256661306
    ],
    [
      "DEB-9E989ED2",
      26.343334248655474,
      131.4339021179448,
      206.34901306758275
    ],
    [
      "DEB-C355A381",
      29.73313392070249,
      -11.119120077505775,
      150.27887705357352
    ],
    [
      "DEB-DF3889BD",
      -27.51279747768139,
      -114.64581629029318,
      156.22134449600162
    ],
    [
      "DEB-C3092FA8",
      -46.579182072786146,
      -64.6924082898558,
      193.77132955008346
    ],
    [
      "DEB-4EADB72D",
      -59.72022604033415,
      -138.8595496182909,
      642.7675055573609
    ],
    [
      "DEB-28C55C35",
      14.193379470977215,
      -21.109084106297647,
      477.92065899071895
    ],
    [
      "DEB-C93121C9",
      22.21008838269695,
      -148.1365613203949,
      481.83727184703184
    ],
    [
      "DEB-AF88E087",
      -9.129700669990644,
      -39.311041486997986,
      499.0207195804278
    ],
    [
      "DEB-EFD99E8A",
      -22.52986234205815,
      -128.31148687861054,
      913.3081622205291
    ],
    [
      "DEB-7B24B71C",
      -73.37026368331476,
      -141.03862662881193,
      910.4171758225475
    ],
    [
      "DEB-08090ADA",
      58.93425922852978,
      -57.54020933212326,
      661.1709347873611
    ],
    [
      "DEB-FDE9180E",
      2.6574909401283295,
      -133.1486720627422,
      231.59432242311232
    ],
    [
      "DEB-4FC1B3BC",
      -71.21224610092467,
      17.666845238149424,
      311.08095322161716
    ],
    [
      "DEB-8DCC62F3",
      -24.023287877420394,
      -147.29684736934146,
      496.45444663469334
    ],
    [
      "DEB-70BC3BE2",
      41.86307393737556,
      155.3802878099077,
      241.05010722747738
    ],
    [
      "DEB-A8A936BE",
      40.15201486886121,
      110.3260451278045,
      250.96055519579477
    ],
    [
      "DEB-23ACD936",
      36.85109805387936,
      -85.24589062918298,
      168.63817403617486
    ],
    [
      "DEB-7346F726",
      -37.84573425813851,
      34.51490574184368,
      748.5816921586393
    ],
    [
      "DEB-7EE71D92",
      -8.183961618890446,
      -135.76269282762712,
      908.7043699148435
    ],
    [
      "DEB-A7DCC9FC",
      -21.093526925834652,
      159.0788143958049,
      809.1341990511255
    ],
    [
      "DEB-C56EFAAD",
      -18.12169250856857,
      -126.56095576845898,
      602.8338822567757
    ],
    [
      "DEB-5F7B3685",
      -7.568339603725156,
      -14.538605218480864,
      372.29207251874413
    ],
    [
      "DEB-B8C8C2A3",
      -29.982898706509786,
      -144.2257799956397,
      752.4966065420685
    ],
    [
      "DEB-58C619A7",
      -12.374149086574016,
      89.31654691252844,
      701.7664986695927
    ],
    [
      "DEB-29773C42",
      -43.744597602300395,
      8.31721175043988,
      393.22480648419514
    ],
    [
      "DEB-721734D8",
      -52.66425040827974,
      10.6184492342549,
      404.75675074128776
    ],
    [
      "DEB-D4EC1651",
      -22.58198914059809,
      17.723030597902756,
      177.55076886964798
    ],
    [
      "DEB-106AA871",
      -6.159428982757656,
      -117.03037828049217,
      855.9930052797436
    ],
    [
      "DEB-50BB27AD",
      27.86387558311641,
      -104.98468445190836,
      765.2782171892668
    ],
    [
      "DEB-69B52A51",
      -80.77720958776062,
      -149.36454222619645,
      484.4819358199202
    ],
    [
      "DEB-CEAE663C",
      -60.08922691359443,
      89.85637706355637,
      146.66533963202073
    ],
    [
      "DEB-15F36977",
      -10.514076866495293,
      67.18195259397868,
      448.23904646847313
    ],
    [
      "DEB-CA1CCA34",
      69.27169850994511,
      106.56285883116936,
      841.7601255075178
    ],
    [
      "DEB-CD3B5CFE",
      78.68755093059224,
      15.53825905741249,
      593.6846387131527
    ],
    [
      "DEB-EBF591C0",
      -71.05368074258642,
      -23.917161980944257,
      156.1086294953884
    ],
    [
      "DEB-6D5B4F47",
      -50.98706855460826,
      27.891734997655387,
      489.89371910227874
    ],
    [
      "DEB-71502148",
      36.006838935757365,
      49.06144861863308,
      602.0757495473626
    ],
    [
      "DEB-FF07B2F3",
      25.021970462959437,
      26.513767417566683,
      472.5320206535471
    ],
    [
      "DEB-9788C0AE",
      -7.413028718752977,
      -131.56620002958715,
      449.171197558313
    ],
    [
      "DEB-C139A3A8",
      12.171375939728488,
      162.33519860751863,
      339.71389871698557
    ],
    [
      "DEB-524718D7",
      -84.53281450284206,
      35.35660596713498,
      288.2310096266374
    ],
    [
      "DEB-45F145C5",
      -21.748837728770507,
      -15.969297662810478,
      519.1287945518152
    ],
    [
      "DEB-E2452122",
      10.607420976070182,
      -173.83298249522372,
      542.0364799773188
    ],
    [
      "DEB-850F96D3",
      -52.98969567229527,
      49.20370584058008,
      790.9103571227934
    ],
    [
      "DEB-CC471F2D",
      -58.71720737702685,
      -0.5990351132568758,
      164.15481169307532
    ],
    [
      "DEB-1F746B86",
      20.020321721846706,
      -60.401390083061834,
      283.4083569202958
    ],
    [
      "DEB-ABFAB4E8",
      -30.352104040531394,
      5.496208043956218,
      712.8370117939803
    ],
    [
      "DEB-90F18D3B",
      19.22413342879523,
      87.96317449862754,
      157.49146186083271
    ],
    [
      "DEB-0EAEE39A",
      2.8624763323332374,
      -109.79205858287976,
      139.72859227478966
    ],
    [
      "DEB-D8BA40A7",
      29.871962988931408,
      -175.12874826804665,
      672.232181050158
    ],
    [
      "DEB-00C3F6C9",
      3.593838577993257,
      172.37554903644573,
      341.4564572931131
    ],
    [
      "DEB-FFB9B4FE",
      7.041058766025518,
      38.095414427731264,
      350.52031630398324
    ],
    [
      "DEB-F0FBC3C2",
      -22.659076843619296,
      -67.33591005183075,
      282.3308426352178
    ],
    [
      "DEB-F0359846",
      32.33138306648266,
      86.14299792702701,
      893.2097420823002
    ],
    [
      "DEB-E6BC7D5E",
      26.33353754582351,
      140.29016251414842,
      133.29855537737512
    ],
    [
      "DEB-473199F9",
      54.83688974079907,
      172.8235065707193,
      662.111076454833
    ],
    [
      "DEB-E6F59678",
      -3.161606631413707,
      55.15497608517165,
      923.6245230222557
    ],
    [
      "DEB-C5B99987",
      1.7396788171287252,
      78.09267105478298,
      456.7509646770113
    ],
    [
      "DEB-82496D3F",
      4.916011321058017,
      -102.22178981817412,
      378.0076250830152
    ],
    [
      "DEB-EE0E27E5",
      51.75264738194179,
      77.41802903709026,
      889.8778406083784
    ],
    [
      "DEB-236BCA09",
      18.857274840128948,
      138.3940486090981,
      849.2428542231692
    ],
    [
      "DEB-AC5BD84A",
      -20.43644211144534,
      149.66942739273023,
      586.6312839366792
    ],
    [
      "DEB-4AB5AB91",
      36.55942367923306,
      127.17047723866166,
      443.90311301599104
    ],
    [
      "DEB-28010A5D",
      -25.98347417000161,
      40.81636522407252,
      853.373171682133
    ],
    [
      "DEB-A99FCFFF",
      -28.88500363816433,
      101.56697099249477,
      767.684856300837
    ],
    [
      "DEB-C4CFCDA2",
      19.42126343782458,
      -2.1188234790856537,
      178.40376801597267
    ],
    [
      "DEB-A970B52C",
      36.22307298606192,
      128.6526228070352,
      586.5476941252955
    ],
    [
      "DEB-4F696ACA",
      -47.00287088284159,
      174.80065993834947,
      356.4883713490153
    ],
    [
      "DEB-5F2B3E5A",
      13.988213672028346,
      112.14623503545202,
      363.51777749211305
    ],
    [
      "DEB-0AFAEC74",
      -0.4620036186698273,
      -108.800884830098,
      572.3948555433071
    ],
    [
      "DEB-7385DCAD",
      6.038396973871874,
      -55.853227737415786,
      904.9594669947573
    ],
    [
      "DEB-C484DE3F",
      -16.75121437934613,
      93.07773062794796,
      609.5393014690499
    ],
    [
      "DEB-C693C39A",
      40.45680573963048,
      -157.5998348272427,
      667.5249103007436
    ],
    [
      "DEB-9345303D",
      -22.251484670991353,
      -86.27562302054204,
      270.0701569267276
    ],
    [
      "DEB-D7A0B626",
      55.71498889959007,
      -133.26137229116955,
      516.8516165272686
    ],
    [
      "DEB-AFD80E3A",
      -60.59775486940995,
      -28.477101245336655,
      180.20094338920444
    ],
    [
      "DEB-3ABC1BD6",
      66.60215593237028,
      2.9369181127555177,
      758.2949368808968
    ],
    [
      "DEB-6BC44404",
      27.669466689406793,
      106.35967581234772,
      703.6761266654457
    ],
    [
      "DEB-6C3A7520",
      -54.23155699667881,
      98.32733135524923,
      351.9089482660329
    ],
    [
      "DEB-FF8A16CB",
      12.121073534106475,
      -89.6541320971105,
      759.1066654099159
    ],
    [
      "DEB-25F1F0D3",
      -40.696397092791905,
      119.20453713200708,
      813.599819277938
    ],
    [
      "DEB-3E7E9E95",
      30.290108132227502,
      138.63207081019314,
      552.1771856661635
    ],
    [
      "DEB-459D6BD6",
      -52.49820891223085,
      85.6601909164036,
      501.0406566725387
    ],
    [
      "DEB-14E0B2D0",
      -5.888697783458975,
      -144.56484183809383,
      245.08137366619303
    ],
    [
      "DEB-A0260C92",
      17.56743892118935,
      -8.196212739615724,
      320.8629135311703
    ],
    [
      "DEB-A79058C3",
      -13.572416667812695,
      6.2157177654399,
      306.272374137262
    ],
    [
      "DEB-48CD7476",
      -62.99682287631234,
      -109.29977500553031,
      246.06203212859236
    ],
    [
      "DEB-C3D7DED3",
      -31.381988559903082,
      148.85522176260582,
      516.5116241956739
    ],
    [
      "DEB-8BA68B23",
      20.513275396450176,
      -122.7417063163687,
      164.45124563711215
    ],
    [
      "DEB-D82BBD6F",
      -48.166605228442975,
      -124.65806292044952,
      342.86794962930435
    ],
    [
      "DEB-68846B8A",
      -18.330958920756448,
      67.08625674333607,
      377.5529461654396
    ],
    [
      "DEB-68FB7A97",
      38.89931965110956,
      108.00359580174693,
      624.7736102949193
    ],
    [
      "DEB-8FBD786A",
      -9.14980673725759,
      -69.49976247769439,
      218.70437948893778
    ],
    [
      "DEB-A1F3383D",
      -41.45300656712438,
      -18.51606014535651,
      617.8452976001217
    ],
    [
      "DEB-204CED54",
      46.751667581639005,
      42.16039083916917,
      706.121909814412
    ],
    [
      "DEB-C04DDAE6",
      -11.588062151901628,
      165.81698672478896,
      873.8924674119435
    ],
    [
      "DEB-01C62573",
      -26.926110949919153,
      -24.83082453205564,
      879.0398875013643
    ],
    [
      "DEB-1831C93C",
      12.464421023258405,
      138.6578626926995,
      671.8764367964322
    ],
    [
      "DEB-6AC99923",
      -4.275583055697008,
      -87.7274365445166,
      300.12021012783316
    ],
    [
      "DEB-4384BE4C",
      -39.43610718886782,
      179.72630399510604,
      813.8944875825655
    ],
    [
      "DEB-05C453BB",
      21.279399250223992,
      95.19222182644845,
      870.8515228257065
    ],
    [
      "DEB-4430ABE8",
      33.97931514899308,
      -37.33296079682677,
      470.90768137133455
    ],
    [
      "DEB-843C3B08",
      0.0903616246336618,
      81.61004369759318,
      724.825970364388
    ],
    [
      "DEB-9F69D167",
      21.632969325645757,
      67.21627567973383,
      135.12483987620635
    ],
    [
      "DEB-1B225675",
      3.818142135687767,
      136.48745454511902,
      372.7911368157165
    ],
    [
      "DEB-1ECD0E3C",
      57.327837385544576,
      -3.0983985271734946,
      338.5247869974064
    ],
    [
      "DEB-2BC8803A",
      -6.69002578025402,
      -11.49084431162897,
      365.3492056934583
    ],
    [
      "DEB-359655AA",
      -64.20400001570441,
      26.244684913985324,
      825.0854994503215
    ],
    [
      "DEB-2A574470",
      57.69836354315227,
      -4.358397929659828,
      563.8740274551737
    ],
    [
      "DEB-B9E62988",
      -4.448850090462576,
      21.30029266387525,
      261.40647020427514
    ],
    [
      "DEB-781FAD6B",
      11.03047002948652,
      -177.1471175566419,
      784.3188353563883
    ],
    [
      "DEB-CD97CB30",
      5.857700579646978,
      -78.17052075609752,
      809.8108183277873
    ],
    [
      "DEB-22073129",
      -63.994769241317634,
      80.72465632205144,
      669.7091020174157
    ],
    [
      "DEB-946900BA",
      33.871594093670495,
      -144.39715006617735,
      915.1200178067702
    ],
    [
      "DEB-5F5CA0E7",
      56.28590753527683,
      -71.44725953803783,
      537.2475479515215
    ],
    [
      "DEB-102A8638",
      -10.264658724038192,
      -34.53275819882321,
      768.8956973015429
    ],
    [
      "DEB-0A3E27D2",
      -10.813562218140476,
      88.87966342929718,
      617.3684599021763
    ],
    [
      "DEB-C9A7EFE6",
      65.87094851436653,
      -171.0520538629124,
      251.861163401898
    ],
    [
      "DEB-56C63A74",
      17.40611282384374,
      141.590816515292,
      846.2420125470462
    ],
    [
      "DEB-A4106925",
      -36.611863261126466,
      -161.13906024091253,
      203.43134122620359
    ],
    [
      "DEB-7E08E41A",
      -35.877353676009605,
      157.2142074382771,
      331.46997455600103
    ],
    [
      "DEB-A77859A7",
      -38.87785128782453,
      59.849482298832214,
      142.5174691185448
    ],
    [
      "DEB-CCF2400D",
      -28.89798630271212,
      173.19280188041185,
      780.3523934626346
    ],
    [
      "DEB-C3A669AE",
      -11.22417427901762,
      -29.93643660587113,
      673.7168709639072
    ],
    [
      "DEB-AF175E75",
      16.928470951934663,
      -70.41570159536403,
      795.9578505080408
    ],
    [
      "DEB-247DA51C",
      -6.403450159018801,
      178.14025759433068,
      527.2064443840454
    ],
    [
      "DEB-BB2F8242",
      22.293996191871326,
      -7.16802151291823,
      444.09938294106905
    ],
    [
      "DEB-253D0DCF",
      -23.23660782492798,
      51.00018235398482,
      899.2870205446943
    ],
    [
      "DEB-E0E29959",
      -65.66470363018152,
      9.101043205067047,
      254.41221823086107
    ],
    [
      "DEB-4E5427F8",
      -28.770631989301325,
      6.255078929088104,
      129.73738307902113
    ],
    [
      "DEB-5B9BC517",
      -41.241899718522795,
      135.0947214129601,
      316.67580456191445
    ],
    [
      "DEB-CEB65F79",
      -66.64186991924593,
      -117.63582360853395,
      710.9557343756724
    ],
    [
      "DEB-208D3741",
      -37.277986243690634,
      -134.51530095633132,
      635.2342976747568
    ],
    [
      "DEB-44748F45",
      -18.870942197467805,
      94.49820006855516,
      744.3649908263033
    ],
    [
      "DEB-8BFB7CBC",
      1.179061052157703,
      -45.14403531174191,
      701.0828122500825
    ],
    [
      "DEB-E4920C42",
      18.856235756157485,
      116.40526104984319,
      706.1380930006171
    ],
    [
      "DEB-DC2BEE95",
      -48.16504070092632,
      80.64180764063661,
      539.8898665078004
    ],
    [
      "DEB-973BD765",
      -57.36308953995877,
      130.65272888237246,
      175.35140868405688
    ],
    [
      "DEB-0380650C",
      -64.85773981172215,
      16.920061699935292,
      810.6964090655729
    ],
    [
      "DEB-61452842",
      -7.205921477938619,
      20.95971458059627,
      572.1639480212925
    ],
    [
      "DEB-64FAB9FD",
      27.782933815452953,
      123.51287385725367,
      795.0679042667598
    ],
    [
      "DEB-3C0A55D5",
      7.487173299364953,
      -128.97846999710225,
      639.1276098601065
    ],
    [
      "DEB-DAD332DE",
      -83.88731383742251,
      145.11635173570963,
      714.4391443830054
    ],
    [
      "DEB-5591146C",
      50.396251131220744,
      32.69352058686033,
      484.17081108964885
    ],
    [
      "DEB-8DF23BEC",
      -29.46574700405287,
      -88.75500289167371,
      529.0777667518378
    ],
    [
      "DEB-7A49E4E0",
      -61.795133768596344,
      24.882171702370307,
      215.9155307453657
    ],
    [
      "DEB-4D4A9199",
      38.76816035344968,
      61.787667551731275,
      729.5284374819221
    ],
    [
      "DEB-728D3C56",
      29.720918595154615,
      86.73078832272523,
      784.6286698346448
    ],
    [
      "DEB-A5AFFD7A",
      -74.60993290157444,
      -45.52367469631343,
      732.4688747250839
    ],
    [
      "DEB-D6B3C2F7",
      -25.034608249155127,
      54.539155607457275,
      546.3241487784417
    ],
    [
      "DEB-EC222C87",
      9.892417866564257,
      -74.41871549598093,
      386.03383207063507
    ],
    [
      "DEB-E03A3020",
      49.92099619512615,
      -89.89845967948996,
      784.7395312734325
    ],
    [
      "DEB-8BF86501",
      -26.77317112530867,
      5.9710429512984415,
      195.84655196921813
    ],
    [
      "DEB-818E4B9C",
      -3.1638593896727367,
      79.38354968898719,
      686.6575470143262
    ],
    [
      "DEB-F812F3FF",
      -5.926154273363988,
      133.57660329824105,
      701.9951206783908
    ],
    [
      "DEB-39B94130",
      -30.19756518184665,
      -5.470837961373511,
      588.2360389355017
    ],
    [
      "DEB-612046DE",
      -13.576965932237814,
      29.3007845061798,
      355.0194576337599
    ],
    [
      "DEB-94CD8A8C",
      68.29731383453938,
      -92.0764431798972,
      775.797752309205
    ],
    [
      "DEB-D85A0A93",
      38.859834516632276,
      -177.69008684403093,
      590.5389052450964
    ],
    [
      "DEB-C4A272EC",
      -4.423213593469107,
      64.88590712016267,
      842.443357569563
    ],
    [
      "DEB-E776CFEA",
      33.801317698907916,
      48.1833176023963,
      916.7779775375448
    ],
    [
      "DEB-8E2209B8",
      19.532976020380755,
      -57.649873500198375,
      633.5904928168238
    ],
    [
      "DEB-BCC40066",
      5.999827353710244,
      -130.3892888254992,
      850.2813942769135
    ],
    [
      "DEB-5289C09F",
      -35.09921287916024,
      -9.984102744584156,
      186.3258313680044
    ],
    [
      "DEB-1F4F6CA4",
      16.33689233575581,
      -106.30859182566492,
      565.3304039048262
    ],
    [
      "DEB-11A0247C",
      23.807651772224446,
      11.954715958164204,
      839.0305278853384
    ],
    [
      "DEB-B4DCB188",
      -6.652241185716295,
      -28.17287828154778,
      521.4931852958725
    ],
    [
      "DEB-66DB8718",
      24.07173296352589,
      174.75175299270032,
      166.91579105253186
    ],
    [
      "DEB-DED419A0",
      84.65650884323684,
      111.08689936661186,
      432.2432259773577
    ],
    [
      "DEB-D4000A27",
      50.03269427092572,
      30.41321481453201,
      230.70782223289007
    ],
    [
      "DEB-061FD25D",
      -1.2891085217651062,
      -120.94618479307381,
      286.14981776078184
    ],
    [
      "DEB-411C551D",
      -16.04565602454776,
      99.96158299849392,
      726.8728372746773
    ],
    [
      "DEB-2B8E3037",
      12.44279950317158,
      -51.58526492638747,
      160.19140854234956
    ],
    [
      "DEB-ACF5DDD8",
      -76.39107260676286,
      -60.47808949133761,
      561.1712081769683
    ],
    [
      "DEB-53B314F4",
      27.651540997992928,
      -57.19236012129615,
      430.04010077690054
    ],
    [
      "DEB-44A290A7",
      61.02461897867187,
      0.5459330647002106,
      292.9727084019978
    ],
    [
      "DEB-7B9AA948",
      38.91631810386866,
      24.53676391808204,
      374.35862231680585
    ],
    [
      "DEB-8674C725",
      -35.17404035334198,
      110.26663968098127,
      125.24629298636864
    ],
    [
      "DEB-726DC085",
      -27.488395097887036,
      75.6487423151817,
      442.174216197197
    ],
    [
      "DEB-C5AC2863",
      63.88778835602056,
      82.89006999029328,
      196.75392069776353
    ],
    [
      "DEB-46EEEB98",
      -41.515144572615526,
      72.20437438462979,
      815.276584685238
    ],
    [
      "DEB-4952F79E",
      -30.29619012285419,
      -4.043612355295078,
      504.8328673865626
    ],
    [
      "DEB-D6732995",
      9.129012018716303,
      -84.95330594008513,
      607.5073611563203
    ],
    [
      "DEB-888AEED4",
      3.1389009267351105,
      49.34043970916934,
      726.6364577000841
    ],
    [
      "DEB-40981DBC",
      -18.212884984511764,
      -12.706322395746946,
      500.2617908341608
    ],
    [
      "DEB-D97D2C71",
      52.446017820524624,
      -163.51666239214956,
      849.862614227166
    ],
    [
      "DEB-B5BF26F8",
      27.135712464995944,
      75.31984044510894,
      431.9202452083464
    ],
    [
      "DEB-7785848F",
      8.053965386874957,
      -171.99268422650513,
      550.9701993398148
    ],
    [
      "DEB-4AEFC69E",
      60.50559443884662,
      176.58503568125806,
      321.23633691095347
    ],
    [
      "DEB-A7CE2399",
      18.597046120058856,
      71.56425970699141,
      599.8037709109276
    ],
    [
      "DEB-362C9AFC",
      -25.063059918221235,
      35.513867197638994,
      512.1234849253005
    ],
    [
      "DEB-1AAC0F70",
      -11.334409447536402,
      -117.77646140904139,
      366.44643907093996
    ],
    [
      "DEB-30F39881",
      61.103155959040414,
      -61.812706277231186,
      701.6343883830532
    ],
    [
      "DEB-0213464B",
      -31.27082818655389,
      30.282899338301217,
      510.2838527228805
    ],
    [
      "DEB-C672C3F4",
      9.526909535236012,
      -60.44535364612704,
      315.03527796372873
    ],
    [
      "DEB-A75C75C5",
      -35.77805951289223,
      -179.41769410128654,
      379.7727595557235
    ],
    [
      "DEB-A37080C3",
      -38.04793834459748,
      14.652712977071538,
      154.86740961353735
    ],
    [
      "DEB-49A1906E",
      -0.7692640241885912,
      130.22098357502543,
      450.31930056856345
    ],
    [
      "DEB-F41E1113",
      40.333837350091805,
      -64.03979165471517,
      653.2463062117968
    ],
    [
      "DEB-CCFCA16B",
      14.17883513534382,
      38.5123211853771,
      668.0306351095605
    ],
    [
      "DEB-523064AE",
      -22.945971989787346,
      140.36573549676697,
      544.1086460078232
    ],
    [
      "DEB-819BCB77",
      2.625395451425532,
      -90.8876915891807,
      408.8880248290534
    ],
    [
      "DEB-5797C9A9",
      -22.492338795820785,
      48.63875930940289,
      381.06882631778626
    ],
    [
      "DEB-469F6E89",
      -16.103047778544067,
      -26.51057640711762,
      337.1580293030229
    ],
    [
      "DEB-43BAE21C",
      -44.804666352486635,
      96.37557847611832,
      866.2118700486926
    ],
    [
      "DEB-E6371748",
      -10.81113476754915,
      -178.65412795889605,
      880.6469560334963
    ],
    [
      "DEB-AFF6B71D",
      -5.992703798958324,
      46.65937852904963,
      396.5774662722497
    ],
    [
      "DEB-A8CAA277",
      23.817100204443967,
      12.10774874377563,
      185.33323452700824
    ],
    [
      "DEB-C6822475",
      24.502180571504915,
      141.642581833064,
      644.5563679988054
    ],
    [
      "DEB-24D0550D",
      35.60856304478184,
      -154.62246828333858,
      786.7418095359462
    ],
    [
      "DEB-06BCAF23",
      13.01265292200112,
      28.518586333939847,
      772.4265760602993
    ],
    [
      "DEB-31E7BC6E",
      44.66448381459642,
      55.081552029468206,
      616.3870771404308
    ],
    [
      "DEB-6EA4F477",
      -25.478107554740102,
      64.42533464566588,
      380.30841093045365
    ],
    [
      "DEB-C88D7613",
      44.87771109960904,
      120.81216586906514,
      157.76380046272607
    ],
    [
      "DEB-2C4EA21E",
      -58.09577025058358,
      -164.07485969287774,
      388.20923572735137
    ],
    [
      "DEB-155B5ED7",
      -33.04856063324386,
      -79.05573546108653,
      875.648980908155
    ],
    [
      "DEB-E06B2DCE",
      26.752376420508565,
      2.686799005903319,
      278.38160140089985
    ],
    [
      "DEB-B2211703",
      -36.52458854903029,
      99.46699565341049,
      279.6151937793602
    ],
    [
      "DEB-6D1D8451",
      -52.96884519281696,
      -116.08645713563739,
      196.0824448292824
    ],
    [
      "DEB-26321B34",
      -6.215979088336774,
      -75.55218135639912,
      804.4195676886966
    ],
    [
      "DEB-DFA957CC",
      -25.063090903857965,
      -130.2425930123029,
      414.7769695062743
    ],
    [
      "DEB-C429DDC1",
      -17.610882709320787,
      -144.8312112916074,
      239.1792213844201
    ],
    [
      "DEB-73B2CC80",
      44.11166940856156,
      127.83290965458814,
      216.76885880790178
    ],
    [
      "DEB-9D1F2BB5",
      9.036312541350556,
      -166.561481064741,
      925.2711430509034
    ],
    [
      "DEB-4D4D7802",
      14.136223311782937,
      107.35399816746417,
      364.06667458869015
    ],
    [
      "DEB-610F6C31",
      45.65894893226358,
      -25.798411806260535,
      211.18097069329906
    ],
    [
      "DEB-5B131403",
      -26.0473155198817,
      137.42310199867148,
      473.94773049326614
    ],
    [
      "DEB-DE873E4D",
      39.199015131541024,
      -30.16144807205785,
      348.7987461360344
    ],
    [
      "DEB-E85326BB",
      53.496410729483635,
      -44.15297916872657,
      809.2831851453357
    ],
    [
      "DEB-8BE274C7",
      16.313591708535935,
      -170.89834127454648,
      622.579170349707
    ],
    [
      "DEB-199EC29B",
      83.70506926763,
      158.08563628400478,
      594.2276907967489
    ],
    [
      "DEB-4E93703F",
      -23.045982837480732,
      -67.1486957818191,
      557.8663916364458
    ],
    [
      "DEB-DEFA6658",
      1.2614129067762205,
      109.19734907708636,
      804.1315429207943
    ],
    [
      "DEB-AC5AD18E",
      18.624955418744925,
      16.0650653887847,
      398.790287533021
    ],
    [
      "DEB-41DD01E9",
      -44.610043020244326,
      -14.796768857876748,
      759.6743245276166
    ],
    [
      "DEB-F7ABB950",
      -82.33203465517673,
      -168.4165356357676,
      188.94456480895224
    ],
    [
      "DEB-7F28437B",
      -3.0340002947293283,
      -119.9204739039112,
      451.05753542684306
    ],
    [
      "DEB-0CC694AD",
      43.77373721548756,
      14.317330842292009,
      808.7739094137532
    ],
    [
      "DEB-B1D0A522",
      13.43082102201312,
      54.06918241930459,
      366.6049678565905
    ],
    [
      "DEB-41F73B7A",
      12.862906688052819,
      152.5071044641663,
      239.82197153921152
    ],
    [
      "DEB-1037E46B",
      29.88833395627003,
      46.25196067194664,
      401.3356536925385
    ],
    [
      "DEB-D9D1D69E",
      -31.674333506179323,
      -105.1419562294474,
      735.589239982366
    ],
    [
      "DEB-4ACEFA00",
      -74.54337295989674,
      79.0615557397874,
      427.17052231542584
    ],
    [
      "DEB-E3E737E9",
      51.56655774252884,
      164.6383161576358,
      723.0928421141034
    ],
    [
      "DEB-02BB1E7F",
      35.85866801554684,
      12.599915990669013,
      643.4733414501088
    ],
    [
      "DEB-2929899D",
      -71.94443227695913,
      84.39373652408122,
      213.14842902760847
    ],
    [
      "DEB-8E4D89C0",
      -70.74604566395543,
      28.787399938366725,
      522.8967418398151
    ],
    [
      "DEB-940F42C5",
      -0.5395136734848405,
      -128.92042702239044,
      541.6546800997376
    ],
    [
      "DEB-BD28ADB1",
      -36.58373318233788,
      -114.60163723249642,
      697.9178969561435
    ],
    [
      "DEB-D8938756",
      -52.04202119476271,
      -73.59853112313033,
      910.0862177302251
    ],
    [
      "DEB-1CC78D77",
      32.67964345425172,
      46.858767991364324,
      230.52938851727686
    ],
    [
      "DEB-4DBCB17E",
      -1.9669154898984265,
      -106.18393150724299,
      152.53740785359423
    ],
    [
      "DEB-16135563",
      -69.46676308322192,
      118.25077615124674,
      810.6253729123564
    ],
    [
      "DEB-B945DD36",
      -26.71689590335493,
      -161.91746376036943,
      408.39940440958253
    ],
    [
      "DEB-EB09B6B5",
      -2.2994841208355745,
      -152.26561452075904,
      666.4601480054698
    ],
    [
      "DEB-702E4E54",
      -67.16341396216606,
      125.15634670556662,
      234.45165157309475
    ],
    [
      "DEB-15822345",
      -32.56246844402729,
      -159.620255328318,
      332.73209363476053
    ],
    [
      "DEB-EDBF1521",
      44.116412427852865,
      -18.65092007393955,
      817.3722782700106
    ],
    [
      "DEB-1B60E5BF",
      33.4363090511163,
      -28.288230257267102,
      281.90029905875326
    ],
    [
      "DEB-89054123",
      -10.712158986994245,
      84.07203499734717,
      801.5488850239635
    ],
    [
      "DEB-DD2C39D9",
      -27.701462684462346,
      55.96855158335829,
      255.8478990194244
    ],
    [
      "DEB-03315A21",
      -37.60221794872182,
      -28.266637636895844,
      719.3638360458444
    ],
    [
      "DEB-77460EF6",
      22.69960995803703,
      47.207664106539504,
      873.40334572354
    ],
    [
      "DEB-69383E09",
      4.0871631318840995,
      138.79053084040788,
      635.3772966480674
    ],
    [
      "DEB-72AA959E",
      24.247165984442496,
      149.5444117419059,
      437.58319244497943
    ],
    [
      "DEB-E5FB6D42",
      -24.43516911560847,
      1.172330898366118,
      564.6444405754291
    ],
    [
      "DEB-5E64B562",
      -6.186724174585705,
      0.15533516559699184,
      836.0384964377672
    ],
    [
      "DEB-ECA376E7",
      27.335860699190608,
      -122.94202707055298,
      316.11259311589856
    ],
    [
      "DEB-B9AE536B",
      -44.63288394834798,
      28.288582073330694,
      829.3590771569143
    ],
    [
      "DEB-791FB5FC",
      -36.185115235012624,
      -76.77403917286418,
      796.2873868626293
    ],
    [
      "DEB-66A39B27",
      43.049418158515174,
      97.05807807571617,
      359.6439718834863
    ],
    [
      "DEB-9F54B637",
      -35.782574753670495,
      -108.27327987899466,
      703.8607853619105
    ],
    [
      "DEB-B9A7A5BA",
      -16.417985948429113,
      150.4856374122023,
      405.4972602641492
    ],
    [
      "DEB-DC526A07",
      55.52050497087913,
      -175.43975283614523,
      269.93042374195284
    ],
    [
      "DEB-30D44714",
      35.16781052324906,
      -89.04535330929538,
      791.0911430007718
    ],
    [
      "DEB-B848F529",
      30.59731119131562,
      -77.60223584081899,
      262.8247436554784
    ],
    [
      "DEB-B5E77E49",
      65.7968845563009,
      14.746895596684395,
      272.71231623212225
    ],
    [
      "DEB-229D31AA",
      -82.1031839462664,
      22.657765587796924,
      441.28482512076516
    ],
    [
      "DEB-D884E328",
      5.467485853875749,
      40.850265150686994,
      720.4884862073732
    ],
    [
      "DEB-2BF096F1",
      19.51389484855709,
      -60.532239662944065,
      774.1794026350772
    ],
    [
      "DEB-14D2725F",
      -27.94916807458458,
      -33.36090298106879,
      371.55521869555923
    ],
    [
      "DEB-9F083E79",
      -40.587220203191,
      20.62848966574224,
      380.9810106775867
    ],
    [
      "DEB-43A86BBA",
      -56.11764461342569,
      -35.180785918394186,
      710.0668997685189
    ],
    [
      "DEB-CBA1FD45",
      26.097737716629865,
      127.45495936220699,
      858.9047974939094
    ],
    [
      "DEB-4D2A8D3F",
      38.21336500385629,
      147.31865555504643,
      521.8998606893028
    ],
    [
      "DEB-3DC78528",
      -30.99604163783416,
      -149.6922987685216,
      347.9877721920111
    ],
    [
      "DEB-AE8BE505",
      -20.72619177896619,
      -57.860479393049005,
      284.8941656893312
    ],
    [
      "DEB-DEBDFFB7",
      80.96691175653275,
      64.40022551034482,
      353.52279605234526
    ],
    [
      "DEB-E7F6A24C",
      -59.67662632359404,
      12.321695876396957,
      833.3145459158131
    ],
    [
      "DEB-098D568D",
      -40.89883759200441,
      -45.1679452549794,
      448.9974855590417
    ],
    [
      "DEB-54246A3A",
      -70.14019126768785,
      -89.55375814354637,
      139.8122503905024
    ],
    [
      "DEB-12B7D81A",
      -1.254997399964494,
      -34.71465928251687,
      550.4547446076049
    ],
    [
      "DEB-EF7896DD",
      47.61920388660787,
      -121.82455029041775,
      163.08525725215168
    ],
    [
      "DEB-FA696AF2",
      -20.782029744586012,
      165.37198613263843,
      400.71460808503616
    ],
    [
      "DEB-78D57B14",
      -52.4600195157828,
      -104.31759036757165,
      283.68232011030886
    ],
    [
      "DEB-DD2F78A8",
      -22.093654873901865,
      122.81129782123568,
      425.34515704820114
    ],
    [
      "DEB-1CFCC2D2",
      12.497114598568317,
      46.693748679519814,
      669.3167626351924
    ],
    [
      "DEB-F925935B",
      56.972819646877014,
      -13.072603800783066,
      460.80960469138336
    ],
    [
      "DEB-4E568210",
      16.0118281847274,
      -5.342061430995539,
      552.6432477174585
    ],
    [
      "DEB-39C01014",
      -23.076751342489437,
      -112.66590958958638,
      627.7504778877101
    ],
    [
      "DEB-36AAA43F",
      40.71049514408729,
      1.623891335819569,
      397.8499720857071
    ],
    [
      "DEB-5EA93398",
      -34.25965085571211,
      165.77580128078296,
      850.8428529197163
    ],
    [
      "DEB-68423417",
      6.046765068406802,
      120.87063967475548,
      624.6856261135599
    ],
    [
      "DEB-EB40790F",
      -35.0137580379,
      -115.25307914948924,
      881.0594713427099
    ],
    [
      "DEB-748648A0",
      16.880515244991475,
      -168.46045753746375,
      470.58083809915206
    ],
    [
      "DEB-5146A671",
      7.794366773667974,
      -86.84966305905171,
      614.6098193312164
    ],
    [
      "DEB-1D550BF7",
      -1.8387664811428024,
      -76.18471424922414,
      479.27567545456077
    ],
    [
      "DEB-977FCD87",
      -10.236864097208175,
      -49.061332027450355,
      910.6629404841524
    ],
    [
      "DEB-F04160CB",
      -18.68933539626979,
      -155.01720910747784,
      426.53050170563984
    ],
    [
      "DEB-55A791CE",
      -49.52880749715663,
      -151.85129192406706,
      484.74754966986256
    ],
    [
      "DEB-514A6529",
      48.701055233137986,
      49.54457754347042,
      804.8556975530701
    ],
    [
      "DEB-C4516DB7",
      70.78663485278798,
      17.925623732076698,
      195.92100571583796
    ],
    [
      "DEB-F7C2216A",
      73.83520907519424,
      74.06436242074089,
      662.6536254679086
    ],
    [
      "DEB-633BE479",
      -1.293818943112211,
      69.75390209391925,
      197.71776810151096
    ],
    [
      "DEB-8FB6E68A",
      18.73366293595815,
      61.010315215876865,
      309.89206301916056
    ],
    [
      "DEB-B2A517D4",
      24.565548264408726,
      48.06870963317766,
      335.4672698553668
    ],
    [
      "DEB-88FDD7FD",
      31.51620055223573,
      71.81821048221715,
      468.0791414070809
    ],
    [
      "DEB-D3AAFB8B",
      4.284752802215079,
      113.7252112543819,
      432.10166821784605
    ],
    [
      "DEB-96AFB329",
      -16.2199028539235,
      -115.39337295384532,
      635.3425538825322
    ],
    [
      "DEB-F795E33A",
      53.360649082154524,
      69.1123342769788,
      605.8228418249437
    ],
    [
      "DEB-E2ACEF30",
      -24.209344198129855,
      -7.263557134074729,
      766.9586464624508
    ],
    [
      "DEB-B1DF3727",
      59.33268067229197,
      101.46622620869366,
      886.0222847777941
    ],
    [
      "DEB-543D5A0B",
      -7.3346999317588155,
      2.127609377758478,
      867.4971063389839
    ],
    [
      "DEB-F7490C56",
      -15.045803790403216,
      11.811603678775809,
      607.4067379616299
    ],
    [
      "DEB-69BB800E",
      10.007931084814597,
      -156.52031801148857,
      605.7118648291935
    ],
    [
      "DEB-6294F08E",
      -10.132488268656793,
      135.52381919281865,
      765.6575378534571
    ],
    [
      "DEB-FE484A12",
      -19.95149590821618,
      97.48298133017265,
      521.5944784724461
    ],
    [
      "DEB-60893091",
      37.34499025135306,
      -101.86521832507438,
      410.64305793264975
    ],
    [
      "DEB-37272A8D",
      33.1224091357568,
      -62.59446097587037,
      560.315018583201
    ],
    [
      "DEB-74152338",
      3.533990944480108,
      26.421362795611206,
      214.7886186486894
    ],
    [
      "DEB-05848CA5",
      13.048643513675737,
      -154.62379817513627,
      586.9593038791427
    ],
    [
      "DEB-71ED43A7",
      -14.190863636497522,
      -153.27066360404234,
      664.9673153046706
    ],
    [
      "DEB-DE250B5B",
      60.1479333180349,
      43.6071484730102,
      278.76013548586616
    ],
    [
      "DEB-04DDC809",
      21.266546657012498,
      155.00766246141282,
      250.14895884225461
    ],
    [
      "DEB-103F8342",
      -13.757701898133789,
      -170.37151780882974,
      827.0213829469712
    ],
    [
      "DEB-919685DC",
      -10.16110402078293,
      140.77881561429837,
      768.9006821056446
    ],
    [
      "DEB-905F0E22",
      -39.87299942404324,
      151.46060248287134,
      747.2221903110367
    ],
    [
      "DEB-4A2316C1",
      -29.45179634170262,
      13.643062318598057,
      604.4729128043027
    ],
    [
      "DEB-9A599DE1",
      -17.74551959128432,
      -55.732613378275765,
      404.61726819110027
    ],
    [
      "DEB-6A3CFDAA",
      43.24138272888839,
      53.44711051671119,
      874.521457849718
    ],
    [
      "DEB-E0BA01A9",
      -32.293979386448854,
      -179.08735023475583,
      742.1055288221651
    ],
    [
      "DEB-51B3B43C",
      78.14172479368455,
      119.94231413650006,
      671.2013496338168
    ],
    [
      "DEB-F1E9875F",
      6.716188337759402,
      54.73652021320854,
      900.8882173681905
    ],
    [
      "DEB-38A5E910",
      29.050234773434408,
      70.36908357206457,
      910.2161897016349
    ],
    [
      "DEB-CF3D7D2C",
      -0.31156012179056486,
      153.3760874917478,
      404.86929035203593
    ],
    [
      "DEB-4E190ED5",
      -18.190927915634656,
      -86.18215732965287,
      491.0243231742006
    ],
    [
      "DEB-EDDBD4E9",
      -70.16336053103119,
      -137.60560457351747,
      142.7137025592583
    ],
    [
      "DEB-6E06991D",
      80.41121948212901,
      -161.95574588651436,
      262.51148760835713
    ],
    [
      "DEB-77E3F1C4",
      -43.73255330094018,
      52.301628451555,
      586.4883719217869
    ],
    [
      "DEB-1321C0F2",
      38.247171549443124,
      47.729350684962874,
      644.9739777374643
    ],
    [
      "DEB-420853E7",
      60.70529468385519,
      -26.560889449156253,
      623.3440223020934
    ],
    [
      "DEB-9BCF93FE",
      16.499138818166596,
      45.89147759422278,
      857.3089624442337
    ],
    [
      "DEB-00D84B81",
      67.74289716795501,
      -105.26986537098848,
      653.0230008388344
    ],
    [
      "DEB-ED3C56C1",
      2.8379029185598825,
      19.397085648551556,
      269.9137690414209
    ],
    [
      "DEB-A3DEF33B",
      -30.221273862515005,
      83.90899382768393,
      587.0616122742549
    ],
    [
      "DEB-E0A7C0E7",
      -37.95856379212283,
      -54.77612712451644,
      337.7842597533918
    ],
    [
      "DEB-84DA1998",
      17.061289230018538,
      42.578355166117504,
      202.9569225255109
    ],
    [
      "DEB-D62CA919",
      -55.64398880933495,
      -78.45888600104679,
      441.5718210850564
    ],
    [
      "DEB-4A664C54",
      -65.73840080421016,
      -27.21510797196043,
      268.6773145379311
    ],
    [
      "DEB-9EA15643",
      -15.35527795237921,
      69.83887068675753,
      274.0275272371573
    ],
    [
      "DEB-DF985551",
      -60.139481449477714,
      -51.576229612134256,
      758.2463917911891
    ],
    [
      "DEB-C7852E2D",
      41.83250685034351,
      57.22364891576292,
      828.256783759597
    ],
    [
      "DEB-01D1618A",
      14.845836574037616,
      145.29772242693355,
      496.5698951310651
    ],
    [
      "DEB-92F5D749",
      25.00538613346456,
      33.27566742403839,
      333.9209646516865
    ],
    [
      "DEB-DB53C6C7",
      -58.356614522612894,
      49.49743287425796,
      386.0095988436324
    ],
    [
      "DEB-59EC6AE7",
      -10.97516718882611,
      42.055433527530305,
      689.9132321167226
    ],
    [
      "DEB-AE98FACC",
      53.93102698950579,
      -53.00593177471519,
      652.5270262522245
    ],
    [
      "DEB-991592BF",
      -43.71099037494779,
      -39.15496725998444,
      463.6366279704116
    ],
    [
      "DEB-BACA17BD",
      -23.78046223358624,
      -44.71216940895506,
      417.60263246391605
    ],
    [
      "DEB-3F95D2D2",
      -39.04437202688365,
      -48.52951914741659,
      292.5454892395228
    ],
    [
      "DEB-0FAD6D16",
      57.04368361220482,
      -71.93216201372384,
      513.2198319958225
    ],
    [
      "DEB-E74C516E",
      27.569953074659438,
      -165.11944544090156,
      287.17913582439996
    ],
    [
      "DEB-7A82C395",
      56.98140893377036,
      6.665764469457533,
      662.3705539000148
    ],
    [
      "DEB-BDC393A6",
      -32.14752418089994,
      110.25916793753163,
      360.25432886896215
    ],
    [
      "DEB-A3157982",
      -40.8557913646885,
      -83.21389229611074,
      762.1330837409769
    ],
    [
      "DEB-792A662D",
      -40.75126130830539,
      -106.76988804905235,
      549.485107536404
    ],
    [
      "DEB-50638422",
      43.420694841853454,
      -31.11418374980301,
      663.9416960206518
    ],
    [
      "DEB-4E979F95",
      -0.7201126284115794,
      54.28414469909556,
      666.2039627311624
    ],
    [
      "DEB-B9656715",
      47.00611193431167,
      -36.275619260997274,
      650.7877343364571
    ],
    [
      "DEB-F7C3D0A9",
      58.16307487275162,
      -80.44003955144312,
      822.3562813841581
    ],
    [
      "DEB-6AA9EA0A",
      -65.53412180335296,
      34.025206854314995,
      685.8798613097861
    ],
    [
      "DEB-D9F2F36F",
      -26.115867766462856,
      74.57263507099037,
      697.879051320815
    ],
    [
      "DEB-56370095",
      -50.60820215400208,
      90.28989205260282,
      813.0286422296203
    ],
    [
      "DEB-AACCE155",
      -17.008370366334024,
      -71.42430039169919,
      561.8432705723017
    ],
    [
      "DEB-91F78F3F",
      -18.080381044586208,
      -50.70008797169678,
      827.8305028743898
    ],
    [
      "DEB-EBD89000",
      -79.2965683531595,
      45.47334764937931,
      562.4214286390797
    ],
    [
      "DEB-DA3462BE",
      -3.618705817793334,
      146.46366201497545,
      221.13677845360144
    ],
    [
      "DEB-86EB28BB",
      11.234834060788403,
      -142.80454891242738,
      887.1215953354194
    ],
    [
      "DEB-3E4AFED2",
      15.632638675591158,
      -69.57949945703525,
      497.7660891155201
    ],
    [
      "DEB-08BC4AF7",
      49.154402554291245,
      -135.93200497699266,
      741.3789501492856
    ],
    [
      "DEB-0FF86C89",
      45.04904888497918,
      -17.997425929452064,
      401.5176087337377
    ],
    [
      "DEB-56CA5AD7",
      -28.608056200878465,
      -147.43418375439964,
      799.7544515211421
    ],
    [
      "DEB-2AA63A7A",
      -33.58584027823377,
      -98.72497868873411,
      345.66781479382644
    ],
    [
      "DEB-C8C6D3FF",
      50.63484722438347,
      166.28640583173637,
      649.7223072543375
    ],
    [
      "DEB-0F993A0D",
      32.60782471159271,
      166.32738121707973,
      914.4954252225707
    ],
    [
      "DEB-0DBAB002",
      -60.074030984997414,
      98.62548999149945,
      181.19123072854472
    ],
    [
      "DEB-6B4BF6AC",
      18.900242392221415,
      44.04000889775503,
      374.7728399048865
    ],
    [
      "DEB-E8F03FDF",
      54.06122250245883,
      60.84803925724516,
      124.092760557578
    ],
    [
      "DEB-FA682162",
      -22.47028445138794,
      -12.409209518148906,
      439.5608122591948
    ],
    [
      "DEB-54216950",
      11.164528205358309,
      138.8332634059684,
      475.69013617743167
    ],
    [
      "DEB-38F0FD46",
      -25.32607994948771,
      13.322457468238772,
      281.1374876906739
    ],
    [
      "DEB-A3385D1D",
      75.13605231969979,
      -166.49782478253226,
      638.8159623953916
    ],
    [
      "DEB-16463E7D",
      -71.07045634915664,
      -131.18429408930945,
      900.3156363183862
    ],
    [
      "DEB-752255FD",
      -49.41956108708061,
      120.19715874326526,
      567.3489583419332
    ],
    [
      "DEB-2F58C4BE",
      23.790264214269918,
      18.589164787203327,
      735.0603251491157
    ],
    [
      "DEB-86271A53",
      -41.997959347985486,
      -162.12363997374973,
      299.68455464389535
    ],
    [
      "DEB-9F0B5B76",
      31.11465910067021,
      -73.0780316266369,
      254.05627211636602
    ],
    [
      "DEB-127245F1",
      -1.3318874084367143,
      71.25706727489235,
      644.1841086256263
    ],
    [
      "DEB-96D46337",
      22.247507009341984,
      76.87061882174461,
      264.5048344856241
    ],
    [
      "DEB-2A3B81BD",
      -5.859778689712845,
      -35.52861117004945,
      495.54821115236246
    ],
    [
      "DEB-6C10829F",
      -7.357943032553955,
      56.290420323247616,
      788.1603320888826
    ],
    [
      "DEB-C71AC5D9",
      15.054141105493509,
      -134.74751883120257,
      223.06843511889292
    ],
    [
      "DEB-6CFE4A91",
      -39.020750920498976,
      -40.65811071157734,
      245.5333949262722
    ],
    [
      "DEB-50EE928F",
      -26.772006548048704,
      93.02360154061225,
      417.6891280142381
    ],
    [
      "DEB-02F96A68",
      15.365315049253574,
      7.494437520809528,
      887.9361714616089
    ],
    [
      "DEB-7C51E122",
      -30.832036764867055,
      -68.47938243895868,
      733.8658606865483
    ],
    [
      "DEB-3F07EC5E",
      -39.57501315572235,
      74.45282943823263,
      303.35885831188625
    ],
    [
      "DEB-D562EB04",
      -7.462704195377677,
      171.68011113138647,
      377.16456343914524
    ],
    [
      "DEB-32591B01",
      39.05121872646778,
      81.16782303771957,
      727.1033304370858
    ],
    [
      "DEB-6D370B1E",
      6.387697684643012,
      31.100470122596114,
      628.2931790875837
    ],
    [
      "DEB-56B84A56",
      -12.334516677792127,
      69.54286104128417,
      255.56693578517934
    ],
    [
      "DEB-41A49407",
      -50.226791192241954,
      67.99902312028719,
      226.89881637181588
    ],
    [
      "DEB-7AE4E1DA",
      -27.088344890802574,
      108.65023558553443,
      891.4529491999501
    ],
    [
      "DEB-794C8F01",
      -24.55358814309894,
      -173.68782711588906,
      618.5590433455727
    ],
    [
      "DEB-B47D2063",
      15.457593710657248,
      55.62614555446977,
      441.9333851366582
    ],
    [
      "DEB-FDC20F4A",
      31.402179534755458,
      136.0620929833192,
      304.25552043149037
    ],
    [
      "DEB-752E08D4",
      -53.994009534781824,
      73.23162950543214,
      474.3419354241905
    ],
    [
      "DEB-2405EC12",
      -2.0097685625475696,
      -38.38262185121487,
      846.9804268862408
    ],
    [
      "DEB-8B0B08E8",
      -5.9083642148238,
      115.97630626323323,
      163.20601431423347
    ],
    [
      "DEB-A8888E7B",
      -19.655325344289437,
      -165.8706995835705,
      832.2589141418348
    ],
    [
      "DEB-8BD1D4DB",
      -80.50397760768847,
      -129.5829709262466,
      577.9983884641397
    ],
    [
      "DEB-A39CAB7A",
      18.986519538341824,
      -137.62166752526613,
      421.4627914335142
    ],
    [
      "DEB-5C0AA9CA",
      -27.406427433169128,
      107.39502956844903,
      326.30770519476937
    ],
    [
      "DEB-371AA82D",
      7.457965339282502,
      -104.21656260459542,
      656.8614269855334
    ],
    [
      "DEB-2DD750F9",
      -6.497113498850389,
      38.91542023240186,
      155.3690059646524
    ],
    [
      "DEB-077F21C3",
      36.2017107039837,
      -33.8777060781719,
      354.3135501396273
    ],
    [
      "DEB-468D14DF",
      46.55274170716113,
      39.44322183631233,
      458.1436752920599
    ],
    [
      "DEB-F14199C3",
      16.5826142940471,
      -37.384710097666456,
      718.5354454924463
    ],
    [
      "DEB-33A25B28",
      -40.9524140506213,
      -165.4184849449583,
      848.6895139963162
    ],
    [
      "DEB-E2C05753",
      -3.112333369890218,
      178.30577407782704,
      433.5390968717529
    ],
    [
      "DEB-D7FA5F0D",
      -30.711580042310544,
      -59.98916186753242,
      759.8617741679473
    ],
    [
      "DEB-A751F748",
      -0.5945944642716599,
      14.344798728011273,
      323.50567185433374
    ],
    [
      "DEB-0B87A0A7",
      17.54545032077586,
      -124.44347205650963,
      241.36825639084873
    ],
    [
      "DEB-9B20E34D",
      -38.18749939948424,
      102.80495327147509,
      454.0763840560321
    ],
    [
      "DEB-63D47A13",
      -47.53208462682062,
      104.08262645161705,
      822.5677038334334
    ],
    [
      "DEB-EDAA3090",
      -4.386857892810974,
      178.02970581229428,
      754.9218855508207
    ],
    [
      "DEB-5B3123F2",
      -34.679168321985244,
      -54.309510076104296,
      373.5146916558897
    ],
    [
      "DEB-A05AE51F",
      -23.377933373287703,
      87.83630346736679,
      317.7094936084304
    ],
    [
      "DEB-34BC310D",
      -52.4794362014139,
      -86.36270131150225,
      159.56721870776437
    ],
    [
      "DEB-147DB2FC",
      -10.477182914572746,
      170.390163407032,
      889.5537460833702
    ],
    [
      "DEB-9BB627A8",
      -16.48002145142823,
      -29.128578951220202,
      774.6582907529082
    ],
    [
      "DEB-5D858947",
      32.95269931693092,
      152.30991323359527,
      254.2976583721238
    ],
    [
      "DEB-D5776807",
      -33.340341798391016,
      -39.65030960701694,
      487.8122279219615
    ],
    [
      "DEB-3032AC5A",
      14.91528921208682,
      93.15248038741994,
      815.9088123966412
    ],
    [
      "DEB-FD324A8E",
      -66.91034871183452,
      -176.83950461591343,
      158.47500949699315
    ],
    [
      "DEB-40FBB4A7",
      -68.48500305137932,
      149.00259717402668,
      294.09073559944227
    ],
    [
      "DEB-3CB606C7",
      5.964784191714882,
      158.5576920769252,
      167.53402928313153
    ],
    [
      "DEB-5593A246",
      39.885257822949086,
      105.84312876807687,
      505.92957006936285
    ],
    [
      "DEB-5D281E0D",
      41.59958143262116,
      -134.6169935553497,
      874.2422725468814
    ],
    [
      "DEB-F6A10359",
      45.10172777588328,
      -170.4667653354999,
      884.0491851071147
    ],
    [
      "DEB-B72DA3A6",
      -52.54563758652805,
      -120.8287575652492,
      603.4506211441385
    ],
    [
      "DEB-09A5EBC2",
      13.644343029462865,
      -85.59591804041456,
      597.3468460961349
    ],
    [
      "DEB-92E749C0",
      -17.47661710904902,
      -162.08717578846685,
      136.8534326111676
    ],
    [
      "DEB-EF5D8A62",
      -48.93911613325446,
      52.15132849901205,
      727.4754940145631
    ],
    [
      "DEB-FDE319E8",
      63.99435651517878,
      -132.91153345542347,
      126.48112781061809
    ],
    [
      "DEB-3635D992",
      -31.2795829994781,
      63.33076783487887,
      832.8868772283295
    ],
    [
      "DEB-5DB6E7C1",
      18.640538782106006,
      76.9014928671683,
      203.1707362142779
    ],
    [
      "DEB-04A841DD",
      -34.536044505130064,
      -80.33235740220512,
      567.4282128055956
    ],
    [
      "DEB-694586F8",
      -76.47075700427878,
      -29.739004845624887,
      351.41775902619156
    ],
    [
      "DEB-4BEBA346",
      7.345864053614947,
      37.65485138419761,
      381.6528218021176
    ],
    [
      "DEB-B86DE6DF",
      -36.321600143251736,
      71.3899782825305,
      232.53868762244565
    ],
    [
      "DEB-84935ABA",
      13.73196771628839,
      136.91657175113664,
      324.06254449200515
    ],
    [
      "DEB-D1372A41",
      54.23980527676081,
      138.99571765912083,
      175.1306720591847
    ],
    [
      "DEB-434E9AD9",
      -25.73959226425282,
      -36.05058273854506,
      776.678499233255
    ],
    [
      "DEB-8309D360",
      -43.676823419791724,
      -171.79022139232367,
      376.3141163513037
    ],
    [
      "DEB-ACAE73BE",
      -57.17377374400319,
      -33.31566692231186,
      426.774898046172
    ],
    [
      "DEB-97BC4AEB",
      -7.382723939086814,
      41.01456399160517,
      257.77093671809325
    ],
    [
      "DEB-BEF4D072",
      -11.304319344967487,
      102.34138448370155,
      123.2418880155692
    ],
    [
      "DEB-C19CCB76",
      -30.544548155177896,
      147.6538120324252,
      504.0429903575641
    ],
    [
      "DEB-8BB25F12",
      -82.6386325413492,
      -86.59710604029229,
      516.5599897443108
    ],
    [
      "DEB-59D694F2",
      45.996652586791576,
      -175.40556004499652,
      755.239267919409
    ],
    [
      "DEB-95B2CEFD",
      -17.80516311684952,
      -71.32271448724761,
      626.4161891537351
    ],
    [
      "DEB-9F8D923D",
      -0.9370094344718766,
      -43.806299869885954,
      557.5649686044626
    ],
    [
      "DEB-826133FC",
      -32.98191880412009,
      140.63521883655827,
      799.3780707117758
    ],
    [
      "DEB-C664CDF2",
      -25.867533765077063,
      139.04280599086556,
      147.26997026005574
    ],
    [
      "DEB-9C650478",
      -56.75204950566784,
      62.23525561495517,
      594.1014373302787
    ],
    [
      "DEB-DED77F16",
      44.440807029464914,
      -173.77719424406973,
      205.36112461022367
    ],
    [
      "DEB-381178F9",
      -43.70005298645693,
      -6.377591016286531,
      920.2182316381868
    ],
    [
      "DEB-A122FA2A",
      30.775780611592243,
      -151.5451954727055,
      447.71816136061443
    ],
    [
      "DEB-5EE5CABD",
      0.3578948756343463,
      -131.24064112873845,
      223.8149969602373
    ],
    [
      "DEB-979D1D90",
      16.01137514873164,
      -99.11163459248192,
      527.5165979766261
    ],
    [
      "DEB-4A81AAAE",
      19.25667992196957,
      -55.377722872068,
      553.3304985809182
    ],
    [
      "DEB-E9397B74",
      54.323917496529866,
      -149.20111005022255,
      228.17890719545176
    ],
    [
      "DEB-617E107B",
      -55.08385108027291,
      157.74419045694555,
      640.4053958302748
    ],
    [
      "DEB-21EB23C7",
      4.913111490863473,
      83.06830915696706,
      498.4093109725063
    ],
    [
      "DEB-270BAFEE",
      28.99954362043238,
      -79.97047791862124,
      831.3659330512128
    ],
    [
      "DEB-E33EF6B6",
      -7.478928819525368,
      95.23907037948285,
      853.477003681357
    ],
    [
      "DEB-89FF016C",
      -9.775726765314365,
      -92.29813769290986,
      487.2776394127941
    ],
    [
      "DEB-866D1552",
      8.106712846500693,
      8.251182025287806,
      887.230128428082
    ],
    [
      "DEB-8861C747",
      37.52437345236577,
      -60.28368976079445,
      363.6624328877624
    ],
    [
      "DEB-D542CDCF",
      -64.0352075975423,
      96.85513077596268,
      196.70632435586595
    ],
    [
      "DEB-5B9ABCED",
      -24.987411960948425,
      17.82523661341282,
      402.7167805863628
    ],
    [
      "DEB-DA2E1D14",
      -55.724896682781015,
      -110.86445410263872,
      181.03840384614978
    ],
    [
      "DEB-8743912B",
      13.140556252665531,
      159.6623707241935,
      512.9986812553725
    ],
    [
      "DEB-4FC7B3C1",
      22.8699709867727,
      -152.5197168073469,
      591.8584264768588
    ],
    [
      "DEB-0B2002F8",
      29.81666315353682,
      -74.39553233665355,
      275.76675886564044
    ],
    [
      "DEB-6BCB1053",
      -5.550302186816046,
      0.34854150532260914,
      331.05001328996786
    ],
    [
      "DEB-52F0E027",
      -36.08940196446329,
      165.79762363862307,
      888.1508984660522
    ],
    [
      "DEB-E8BC8254",
      -22.99775091506905,
      100.99366201792496,
      328.78932780778814
    ],
    [
      "DEB-5E45D3F8",
      -45.07427702818117,
      11.122037612859017,
      387.9430894436746
    ],
    [
      "DEB-EDB7D21E",
      -41.529043136081604,
      106.14208679897132,
      748.3278209782129
    ],
    [
      "DEB-2C537EC3",
      -54.466027956920755,
      -144.2256058536108,
      721.0335445832134
    ],
    [
      "DEB-487E31CF",
      28.2488400699073,
      -5.381289487753878,
      617.4559731995387
    ],
    [
      "DEB-282679EE",
      -4.536825336828239,
      -42.72224015331141,
      142.10095492933124
    ],
    [
      "DEB-CFB77BEF",
      -28.042057434076643,
      -27.017736136766693,
      501.49727402635835
    ],
    [
      "DEB-A2711741",
      16.021074025067406,
      0.3094464170063351,
      459.4830777498473
    ],
    [
      "DEB-52DCE04D",
      -53.0674740289788,
      -12.43438067199656,
      293.2795159023344
    ],
    [
      "DEB-7D5121E6",
      -54.79676487841671,
      10.947711054701205,
      893.2920891863687
    ],
    [
      "DEB-AB3070F9",
      4.616913852419951,
      -25.45909134821121,
      468.71698838067186
    ],
    [
      "DEB-3EE4D605",
      34.68921805988747,
      -158.33772001872933,
      533.7390828967864
    ],
    [
      "DEB-8F2AF564",
      -23.48537587768235,
      96.6174843771884,
      798.0549818956015
    ],
    [
      "DEB-B0AD2528",
      38.793343610842314,
      54.842137189554045,
      241.93305235059688
    ],
    [
      "DEB-21FE29AD",
      -29.517344617422637,
      176.94876378755615,
      619.8779925461549
    ],
    [
      "DEB-6C7A5FCE",
      36.93074095481328,
      14.015981904175588,
      555.1117779164324
    ],
    [
      "DEB-82DDBB9F",
      -23.113501344191555,
      -56.431077708881084,
      156.04207081157256
    ],
    [
      "DEB-C8B42DCB",
      -57.02622986339912,
      -86.11770900290907,
      339.18308041474575
    ],
    [
      "DEB-CF3D18FD",
      -24.197993373751345,
      138.51611191211148,
      727.6105943406756
    ],
    [
      "DEB-837F5515",
      41.0211416928568,
      53.170040584933396,
      369.79512829042505
    ],
    [
      "DEB-C220879D",
      -0.8509308057241101,
      -141.7191186902633,
      581.5877641968191
    ],
    [
      "DEB-480D729B",
      61.72979895698382,
      -135.9688921219768,
      262.9309349645873
    ],
    [
      "DEB-65335CD7",
      -65.843211919793,
      -39.223656931599365,
      566.8577478668103
    ],
    [
      "DEB-20637D54",
      -6.537752535244734,
      -106.74458980228829,
      198.96105210161386
    ],
    [
      "DEB-710C9E1B",
      17.38807036376062,
      84.46880772562936,
      388.96249458060447
    ],
    [
      "DEB-D21BEB8D",
      27.5073053025877,
      -88.6963546081671,
      214.6230179119566
    ],
    [
      "DEB-745597FE",
      -67.80593934629688,
      161.33418642425278,
      764.8258962138952
    ],
    [
      "DEB-D1490F45",
      -35.728981542356955,
      116.6279783765699,
      905.3911937959083
    ],
    [
      "DEB-1119EC3E",
      -21.728382963578234,
      173.91379955471112,
      871.9238489809604
    ],
    [
      "DEB-28D0FDDA",
      40.96681919730198,
      -88.58138919238289,
      525.6814147390169
    ],
    [
      "DEB-4BBC16FA",
      -21.430880861038737,
      15.089369836235907,
      145.7796911685664
    ],
    [
      "DEB-0D8F8D7D",
      40.86193973959178,
      73.5105127580637,
      363.47823006649287
    ],
    [
      "DEB-462C93FC",
      -71.26775189112043,
      -82.07242702257463,
      688.7758217987894
    ],
    [
      "DEB-E12AEBD9",
      55.87030285569407,
      -53.168381451895,
      251.4660773047308
    ],
    [
      "DEB-56905B57",
      39.95227050633546,
      -79.37175587714479,
      273.37379293515005
    ],
    [
      "DEB-695BC07B",
      -36.69249080137828,
      -149.40871528965354,
      693.2619660137407
    ],
    [
      "DEB-8422B29D",
      40.215282062463274,
      -77.40314421093652,
      389.2864716182339
    ],
    [
      "DEB-9AD36E64",
      38.37997842574851,
      -96.1310388576775,
      368.3370197161639
    ],
    [
      "DEB-520C06AC",
      6.129817187172406,
      -135.65952005774488,
      567.407463830742
    ],
    [
      "DEB-395DEDBB",
      -3.636749224149333,
      41.84969327282524,
      336.81750960239606
    ],
    [
      "DEB-A3E6E95D",
      23.07441498468133,
      -69.38081550187927,
      547.1298316768216
    ],
    [
      "DEB-62643624",
      -38.337696582976534,
      -93.71341038235317,
      723.5598800273792
    ],
    [
      "DEB-A3B706E1",
      -26.392564286116283,
      80.82662047027027,
      455.59388423866403
    ],
    [
      "DEB-67030B3C",
      40.28157246024779,
      -168.7680582071071,
      507.42235084638014
    ],
    [
      "DEB-F9DFFEE9",
      1.1177182797345424,
      -177.22056946461888,
      287.8346116756002
    ],
    [
      "DEB-638AE8D6",
      16.031609010525024,
      44.63925270152283,
      830.7242300452108
    ],
    [
      "DEB-360EAE46",
      54.24889524302097,
      6.7710481180668705,
      314.083619955396
    ],
    [
      "DEB-C798C459",
      -27.344040896995484,
      99.06941473567268,
      162.38831950870917
    ],
    [
      "DEB-081E8E39",
      -45.53541278698293,
      -48.45414152923013,
      174.1924398570045
    ],
    [
      "DEB-804FD141",
      -16.20326628647523,
      -81.04868375979004,
      515.6693019619788
    ],
    [
      "DEB-8D8CA25B",
      7.935385110708485,
      110.18324920136895,
      570.7048559576424
    ],
    [
      "DEB-0ACC4200",
      70.7671796282947,
      172.60312752546753,
      327.8369626527501
    ],
    [
      "DEB-F796242E",
      -55.36997264428851,
      -23.717774292262842,
      235.0462206391876
    ],
    [
      "DEB-7D5FF955",
      -48.11541162471789,
      49.82131219271475,
      578.7058686361424
    ],
    [
      "DEB-28AD8EC1",
      -32.34665699033399,
      89.021051835014,
      351.54712253582966
    ],
    [
      "DEB-EF7A23DC",
      -25.82640351421124,
      -45.333201596309486,
      657.7245031148886
    ],
    [
      "DEB-37CB7512",
      0.33094803687933855,
      -109.84716250914857,
      845.3968570482439
    ],
    [
      "DEB-8638CAE7",
      -37.678006065286716,
      137.9528021678407,
      476.18354486250246
    ],
    [
      "DEB-E842E639",
      12.795221201772355,
      146.3753554189904,
      564.3309946878562
    ],
    [
      "DEB-07EF7DF6",
      -71.23500313976436,
      -138.32389234311987,
      268.0991531711934
    ],
    [
      "DEB-1766989D",
      1.3783612702580248,
      -54.833421808492346,
      659.3234537655126
    ],
    [
      "DEB-32D861AF",
      24.421604042864704,
      102.09828619681306,
      757.8340623791528
    ],
    [
      "DEB-84AF5727",
      78.56738530582115,
      -158.4720644566434,
      824.5401450257032
    ],
    [
      "DEB-D01852EB",
      81.81988910921604,
      -145.89831746800593,
      714.2136583390975
    ],
    [
      "DEB-F7B2E979",
      -4.7519063812749085,
      -132.80624606249432,
      778.607502875564
    ],
    [
      "DEB-0E431DBB",
      -40.658139212245395,
      -81.62079050220424,
      580.2342828147976
    ],
    [
      "DEB-D3482EF5",
      -15.131192416028533,
      -18.865022996054392,
      752.5258380182249
    ],
    [
      "DEB-BE8769AD",
      20.43483887559489,
      29.22121258117915,
      674.1012755052188
    ],
    [
      "DEB-C071CE7B",
      -54.90480079482853,
      -34.425609939707286,
      854.8389096716937
    ],
    [
      "DEB-F3305BE1",
      -7.137332138999188,
      -128.65727456850263,
      710.5938817051929
    ],
    [
      "DEB-9A6EA8A0",
      -16.08025664269616,
      -140.95113988089304,
      675.2022647911399
    ],
    [
      "DEB-ED82DDF8",
      11.449835501989481,
      1.433945259951995,
      435.4156808243224
    ],
    [
      "DEB-7D271E9A",
      43.17284747467778,
      -66.45911781201497,
      645.3859026361897
    ],
    [
      "DEB-41483E5E",
      65.80391116202136,
      -105.3311075092955,
      435.8209769012992
    ],
    [
      "DEB-CD49B69B",
      -50.773367185424625,
      96.76167720098218,
      447.46514948349704
    ],
    [
      "DEB-8B2CA0A4",
      48.16554654761335,
      77.72058237043815,
      900.0347832239686
    ],
    [
      "DEB-276CF301",
      18.44651696066073,
      -43.32417099006935,
      304.74382245451125
    ],
    [
      "DEB-6463F4EA",
      8.662793303100663,
      158.616301957344,
      541.1430115140511
    ],
    [
      "DEB-89D99E9E",
      -65.6451837176341,
      -171.94373465711675,
      457.0150238661254
    ],
    [
      "DEB-A4B1CDF1",
      40.09374694325166,
      -5.455101289976362,
      716.2223103868273
    ],
    [
      "DEB-EB23294A",
      -47.71566635493421,
      -84.4774959548284,
      706.4353201916847
    ],
    [
      "DEB-40EEA881",
      -43.82883569263752,
      30.91927534423219,
      665.9689232247574
    ],
    [
      "DEB-2A223796",
      -52.840989665086354,
      -170.70448216719802,
      662.0505287741262
    ],
    [
      "DEB-28399990",
      -2.3549358423123867,
      143.450369122372,
      714.5352916362126
    ],
    [
      "DEB-4A5FF396",
      31.100234419218598,
      129.68322160738379,
      613.6554685287183
    ],
    [
      "DEB-F22821E2",
      27.105104050309716,
      137.77443461041645,
      192.3339753387163
    ],
    [
      "DEB-0CB61A38",
      30.548019346422922,
      65.22043729632232,
      660.0321708858082
    ],
    [
      "DEB-FDB4BE33",
      79.36815041839168,
      -160.4242446218568,
      718.1250601621214
    ],
    [
      "DEB-A52FAC36",
      59.696764184634866,
      -123.37799114314794,
      844.6528266367986
    ],
    [
      "DEB-BA4EE035",
      -19.759860888500008,
      38.63825523415943,
      679.0232466492935
    ],
    [
      "DEB-C63A8209",
      -28.25765171170382,
      -129.68599036550074,
      373.18624393744176
    ],
    [
      "DEB-5C4C1199",
      -18.15683989443136,
      -85.91515786522116,
      135.46749815990643
    ],
    [
      "DEB-C4209A55",
      -46.00769856325446,
      -85.29838738479248,
      353.8607363672345
    ],
    [
      "DEB-C535E5EC",
      0.5736347357902727,
      21.579101463750987,
      912.9280621827302
    ],
    [
      "DEB-2647D61B",
      9.995024869223364,
      -62.03095778475261,
      893.2220915978069
    ],
    [
      "DEB-C5127767",
      -17.980699184418075,
      -165.7250063975595,
      858.200705677008
    ],
    [
      "DEB-355BF995",
      -0.09191468480910292,
      -130.19014183029495,
      324.65115625792623
    ],
    [
      "DEB-8CA37022",
      69.81816184238092,
      -162.66296370777118,
      670.5472210563075
    ],
    [
      "DEB-7954C242",
      -1.3724885576698906,
      86.55939278745024,
      866.2728135005236
    ],
    [
      "DEB-99C4B1E3",
      -21.16615675532881,
      138.16575340541723,
      802.6802903160542
    ],
    [
      "DEB-989B46F0",
      15.045006872142727,
      -147.02921734293287,
      823.0173345690446
    ],
    [
      "DEB-8BABB78C",
      51.30956132287557,
      -47.86223445718667,
      288.0956241312888
    ],
    [
      "DEB-9E8407D3",
      -69.15910412217696,
      10.060481934022727,
      712.3710020126928
    ],
    [
      "DEB-A9D8B15A",
      11.942846213132405,
      145.80820244609686,
      649.3336867642065
    ],
    [
      "DEB-F43FF15E",
      -43.982187920289086,
      -22.798188080284973,
      215.35560018518754
    ],
    [
      "DEB-5D2366E2",
      20.33862392241063,
      19.242018965761037,
      829.9493108420857
    ],
    [
      "DEB-5C6AA117",
      16.089053353427122,
      -55.217448375530694,
      811.897741381902
    ],
    [
      "DEB-B83ED62C",
      -4.132205999403003,
      55.01500738038008,
      432.4770489734765
    ],
    [
      "DEB-065C7D13",
      43.80979742686291,
      -82.77729860810216,
      909.6831427957113
    ],
    [
      "DEB-B663C21C",
      -9.556400550050462,
      40.80047860582573,
      170.41497827164676
    ],
    [
      "DEB-2863C281",
      34.74669710433717,
      -32.987806416603526,
      859.4831254494529
    ],
    [
      "DEB-64895521",
      5.5820081394096235,
      18.80329658110407,
      346.9095999311994
    ],
    [
      "DEB-AB524960",
      -57.12472851041522,
      34.31448982068677,
      524.190820684541
    ],
    [
      "DEB-5D87ACF7",
      43.66147290964542,
      -127.42782335554625,
      365.472057758182
    ],
    [
      "DEB-E93B074C",
      53.0933925673781,
      76.7844820917814,
      328.2208616264488
    ],
    [
      "DEB-53654641",
      -45.365983651721784,
      100.74248689586778,
      314.22755819746817
    ],
    [
      "DEB-7CD5D973",
      -20.232945835780452,
      -158.9414930949598,
      163.60602641289734
    ],
    [
      "DEB-705ADCD2",
      -17.133525039882233,
      138.18807916028382,
      898.200313013549
    ],
    [
      "DEB-D2C84DE0",
      51.26390312214117,
      -133.51078209865958,
      798.999161069718
    ],
    [
      "DEB-B930E3CA",
      -9.728829923797095,
      -178.20199537467275,
      279.5619223331514
    ],
    [
      "DEB-88928B0C",
      26.17379141344632,
      -74.59673689346185,
      856.1426296698382
    ],
    [
      "DEB-4EBE5857",
      10.50446880465362,
      -74.7300174176211,
      337.2569699087844
    ],
    [
      "DEB-B142E102",
      -23.962414377835273,
      53.05496465852259,
      199.12311875739215
    ],
    [
      "DEB-3D4E1BD5",
      -30.245944147396546,
      78.7476429036325,
      242.38247913904343
    ],
    [
      "DEB-07EA4DA5",
      41.27294840787198,
      -64.3024338375725,
      725.3719078345903
    ],
    [
      "DEB-378430E6",
      7.683899122965537,
      142.37851820031563,
      648.4403987458882
    ],
    [
      "DEB-8A8F54D1",
      33.77002956204179,
      -148.8048506657845,
      628.1972582040917
    ],
    [
      "DEB-08BD26E3",
      -1.5936843942811376,
      111.80986696824169,
      124.69641090969799
    ],
    [
      "DEB-3DF3CEA6",
      -44.613219207602924,
      39.04985247782508,
      682.2713973412483
    ],
    [
      "DEB-DE73F72C",
      -21.912092775086546,
      164.45575844655235,
      231.01244987284008
    ],
    [
      "DEB-BBFFEFC3",
      13.707642607665637,
      103.75714053256267,
      339.8779891464728
    ],
    [
      "DEB-F208F910",
      -22.186728989175016,
      115.69156149071154,
      522.3164380682365
    ],
    [
      "DEB-06469107",
      19.156257749735207,
      48.278110755949484,
      317.91337786202166
    ],
    [
      "DEB-8BDFD94C",
      45.13274099505611,
      39.73815525052939,
      853.8292516719812
    ],
    [
      "DEB-0E10B035",
      43.369291399696586,
      -155.75327575297146,
      168.2867385498639
    ],
    [
      "DEB-E7CB7306",
      -37.8878005680486,
      -163.59573770789018,
      678.7296829621628
    ],
    [
      "DEB-3893456F",
      -58.92428717755086,
      -158.22779896745496,
      510.71986441003264
    ],
    [
      "DEB-C908A21D",
      -18.079322929537394,
      -31.476339676384413,
      328.3495747944544
    ],
    [
      "DEB-AD430C17",
      -67.72298446358919,
      -31.691579449017794,
      246.2657072681377
    ],
    [
      "DEB-5C06966C",
      -5.064295917212686,
      156.93360761377977,
      457.5790342981318
    ],
    [
      "DEB-4483397C",
      -1.2003831377733156,
      64.7955374543231,
      439.22256564928466
    ],
    [
      "DEB-3DD5D06A",
      -12.629415795777778,
      31.08547541082153,
      915.9468091784829
    ],
    [
      "DEB-F922D9AF",
      -2.4563617368326742,
      17.279285475025652,
      337.3821543882823
    ],
    [
      "DEB-581FF4D7",
      -62.1963570628528,
      -39.448562613569095,
      397.2686369985122
    ],
    [
      "DEB-8DD2FB59",
      40.9370059768697,
      -70.71971745230563,
      412.32728857269376
    ],
    [
      "DEB-E8BCEC71",
      -8.431007011322798,
      -70.75744630456757,
      406.6411229232772
    ],
    [
      "DEB-4659FFE3",
      -28.55449893496079,
      70.06087529044807,
      593.3209661331393
    ],
    [
      "DEB-E73B716C",
      13.719970708872959,
      152.5924024489485,
      500.6508193699883
    ],
    [
      "DEB-9C5F0D2B",
      34.27648969114582,
      148.24437559449746,
      383.0816223916754
    ],
    [
      "DEB-0B6D5573",
      37.14053842934981,
      -172.1129849103923,
      207.60930645608278
    ],
    [
      "DEB-C552D3AC",
      -6.495120968852616,
      -75.09525945089014,
      810.9125485289469
    ],
    [
      "DEB-389AE88D",
      -59.0703504355881,
      -69.67105178927608,
      732.5644201264931
    ],
    [
      "DEB-B555A0BF",
      27.111934220735343,
      80.32970726629175,
      270.3895627910533
    ],
    [
      "DEB-9D451C55",
      -18.663869466315315,
      -163.4043905956964,
      712.4981525345356
    ],
    [
      "DEB-8738DEBE",
      75.48657375301059,
      -139.577842550338,
      554.4774702367167
    ],
    [
      "DEB-2BD27140",
      -4.4210180458238,
      -125.6605440503678,
      448.51334729151677
    ],
    [
      "DEB-D7F81A96",
      -30.552621767432658,
      162.73190556432758,
      504.28299680570854
    ],
    [
      "DEB-90232322",
      63.68615672895844,
      -74.29468359357082,
      399.27292250895334
    ],
    [
      "DEB-0DD7B98B",
      58.87296741010149,
      -109.16647393787994,
      698.0126340817424
    ],
    [
      "DEB-AC398011",
      -34.31883821085884,
      -31.524685542627495,
      321.59363199882046
    ],
    [
      "DEB-5FAF34B9",
      -65.8956077750507,
      122.47173475088731,
      686.6461259337648
    ],
    [
      "DEB-001053EB",
      -35.5446332890345,
      -177.55312577745048,
      288.4004627921722
    ],
    [
      "DEB-13E9A664",
      76.20226989981835,
      -117.36278803482523,
      350.099550097465
    ],
    [
      "DEB-94EE046E",
      -52.76122531871769,
      140.60504036468646,
      708.8649766723211
    ],
    [
      "DEB-2B381DFB",
      50.71512544545283,
      41.54772128812688,
      376.2926421833663
    ],
    [
      "DEB-D8A697BF",
      47.14312234980114,
      85.0567775525169,
      628.9853420748932
    ],
    [
      "DEB-3D907617",
      -37.58351669292662,
      -10.431886942137455,
      238.38119696986814
    ],
    [
      "DEB-033596B6",
      -31.602357624924252,
      -173.87534337649734,
      649.2654817996954
    ],
    [
      "DEB-15651D2C",
      -2.6901701007241967,
      -49.06312379437791,
      719.8696824877134
    ],
    [
      "DEB-1B288BDE",
      41.1775158425004,
      17.474731881920533,
      267.6249983064836
    ],
    [
      "DEB-98EA1C83",
      38.99557740618549,
      169.00629389490288,
      180.02861588856013
    ],
    [
      "DEB-974CA9D5",
      61.98912472650124,
      -105.863008400656,
      636.0585046208525
    ],
    [
      "DEB-AFEC7493",
      -6.668835052181431,
      108.35751113048887,
      640.2148072132559
    ],
    [
      "DEB-161BCE5E",
      7.7741504354106405,
      -150.01589124653813,
      503.97791733992835
    ],
    [
      "DEB-7DA5B69F",
      7.256855723232193,
      78.22946738631188,
      289.74743148485686
    ],
    [
      "DEB-1C149DB4",
      -52.308382832900115,
      40.668581520899025,
      295.957894709245
    ],
    [
      "DEB-F08AD51B",
      62.3172590400089,
      113.6513840856027,
      526.1821334563365
    ],
    [
      "DEB-3C57AB68",
      -30.17251032261066,
      26.91967266182723,
      538.6011969389592
    ],
    [
      "DEB-E23B7CFD",
      38.297305617683726,
      171.51612092713017,
      310.4699436524652
    ],
    [
      "DEB-6D0886C8",
      -69.52514513132031,
      -59.89011521337353,
      307.14904381299857
    ],
    [
      "DEB-DE21A612",
      -52.75410902666253,
      91.47899305209211,
      276.975175954869
    ],
    [
      "DEB-ED27706F",
      14.502261024924195,
      -32.8316859956535,
      910.8854413888184
    ],
    [
      "DEB-DE09001A",
      -5.757993856670813,
      -7.725905306045891,
      500.24444242436493
    ],
    [
      "DEB-797A0C40",
      79.68068575344859,
      72.22531526492386,
      686.8956296906144
    ],
    [
      "DEB-8FE81E49",
      7.121323899591879,
      -41.23195505203889,
      807.4444946021722
    ],
    [
      "DEB-FE58578A",
      55.42044393017038,
      -144.63906941213725,
      355.4122772302735
    ],
    [
      "DEB-1A199C4F",
      -42.635605153446626,
      67.02459128300914,
      907.3883466000198
    ],
    [
      "DEB-7EE5058C",
      -59.322758021754424,
      78.9379681950306,
      743.6005002301581
    ],
    [
      "DEB-7FA088E7",
      13.363629815920014,
      -150.5274539706539,
      687.0723454426688
    ],
    [
      "DEB-EF495343",
      -72.1300136122815,
      157.82345070901417,
      741.0041272663993
    ],
    [
      "DEB-B1EDC8F6",
      -65.34149884654485,
      -137.67122794281266,
      709.2766995042184
    ],
    [
      "DEB-4F90C259",
      -6.6919916874681,
      43.24132264083083,
      144.44168307546624
    ],
    [
      "DEB-9D042928",
      -29.125217138872234,
      -31.187468311361954,
      439.63860275692423
    ],
    [
      "DEB-BDDFF470",
      4.6652768827662845,
      151.8255571998941,
      461.1940766591715
    ],
    [
      "DEB-A630CD4E",
      58.877639063493255,
      -148.7219745264874,
      870.3573208373109
    ],
    [
      "DEB-7598A7F8",
      -9.773674434992198,
      31.973906452930084,
      700.9309183275263
    ],
    [
      "DEB-9D6D8071",
      36.527827584717755,
      139.43781944398347,
      684.3022774946821
    ],
    [
      "DEB-761796DC",
      0.1253113533803182,
      -94.65344737198146,
      861.1398622459146
    ],
    [
      "DEB-3CCDC87B",
      -15.054208862502023,
      -97.59254680111484,
      568.6268773258971
    ],
    [
      "DEB-0FC28F8B",
      11.722034569977678,
      9.917059055669183,
      240.703799904285
    ],
    [
      "DEB-63AA1095",
      -33.513070041706364,
      45.23438021092711,
      154.37369125702298
    ],
    [
      "DEB-D31AE27A",
      33.74840463019313,
      -91.43489269296248,
      919.6814164734369
    ],
    [
      "DEB-8B594D3F",
      -58.99573414625294,
      -123.78468124492213,
      160.85204353246263
    ],
    [
      "DEB-955860E1",
      3.2174417908622965,
      112.4195619837202,
      471.0763259653322
    ],
    [
      "DEB-452247BB",
      -13.532517941917739,
      137.25118113653673,
      358.08941396652426
    ],
    [
      "DEB-8DDE3DBA",
      44.59380243564378,
      -122.96434351166525,
      662.3110020802023
    ],
    [
      "DEB-887E3453",
      53.709452619726996,
      171.6648458074415,
      849.4276826727773
    ],
    [
      "DEB-A5BFAB65",
      35.024501706511934,
      -29.07102343065277,
      130.4498692882553
    ],
    [
      "DEB-2C65857D",
      -58.25006530803996,
      -102.54698436263678,
      646.6554350937458
    ],
    [
      "DEB-FC2FB137",
      0.35033993694720644,
      154.95625531798396,
      872.2103636805632
    ],
    [
      "DEB-9E6CB1BA",
      -50.333355654896735,
      47.91174822417368,
      885.1567686126573
    ],
    [
      "DEB-2D4A83B1",
      -25.261695081378214,
      -128.5994846364701,
      290.73179065964905
    ],
    [
      "DEB-73C2B584",
      52.28459116288393,
      -105.84517104193398,
      204.1440383890149
    ],
    [
      "DEB-867C0AB6",
      5.993851159574554,
      -141.43514725511537,
      179.57242682035667
    ],
    [
      "DEB-CFCF302F",
      13.8309584628346,
      61.81517470620896,
      694.3834511284967
    ],
    [
      "DEB-5CE72266",
      53.88554614051533,
      -51.8761811240553,
      516.9761722354078
    ],
    [
      "DEB-0059B985",
      7.1703659249598175,
      126.32537308722397,
      304.98107192343105
    ],
    [
      "DEB-A82E3C75",
      51.876082652212645,
      -122.91627963359917,
      646.1279770713891
    ],
    [
      "DEB-900ABD46",
      31.68869558120676,
      101.10330614171231,
      297.13408226194224
    ],
    [
      "DEB-54C8D365",
      -19.64870167772181,
      -142.70456574805374,
      459.0419360437072
    ],
    [
      "DEB-D5FB3615",
      -52.69517134174332,
      167.48987023827607,
      864.2684293906605
    ],
    [
      "DEB-37238339",
      -5.926171485756046,
      177.5717854602014,
      900.0560929260828
    ],
    [
      "DEB-BA874FFE",
      25.6863215086642,
      4.063484925925098,
      765.2326732303854
    ],
    [
      "DEB-269ADE9B",
      -85.33571215350075,
      -25.158049847878015,
      472.606673361046
    ],
    [
      "DEB-917AD80E",
      55.02304894781274,
      -83.37637158760123,
      631.8016162110334
    ],
    [
      "DEB-C3BBE68E",
      -11.742910650796771,
      134.44930933826078,
      491.6070048896336
    ],
    [
      "DEB-1E62F019",
      -0.7273713052965994,
      -148.79359204827264,
      203.44641265543123
    ],
    [
      "DEB-5D7CE49E",
      30.81949569691484,
      -65.5429506821201,
      611.9067085677971
    ],
    [
      "DEB-8866B943",
      5.029951614477999,
      157.25885754844546,
      878.1195323006314
    ],
    [
      "DEB-EFA9883E",
      41.92910436875159,
      -40.80043802482295,
      668.1182177796691
    ],
    [
      "DEB-EDCF2461",
      12.495206591492002,
      -107.26664401444222,
      525.7376834504412
    ],
    [
      "DEB-DFE17857",
      -2.134436299909966,
      -25.971672230671878,
      188.46757057852392
    ],
    [
      "DEB-1341BE55",
      27.71952195355814,
      140.18828606769657,
      824.1280481587655
    ],
    [
      "DEB-60EC1F93",
      -47.716569921881565,
      157.8109212510662,
      724.1478240142269
    ],
    [
      "DEB-48C8E518",
      -63.77658648909066,
      -1.5908729445389944,
      875.9533897877345
    ],
    [
      "DEB-F4EE8EDA",
      33.23270212114959,
      36.2664931932356,
      806.3208510202503
    ],
    [
      "DEB-52E375D9",
      -9.17225469462997,
      176.1388503989849,
      483.7214585323618
    ],
    [
      "DEB-82114DA2",
      34.514358714301196,
      -171.27068688638656,
      745.1878620950329
    ],
    [
      "DEB-DB82627C",
      16.151120750049277,
      102.41029451293882,
      913.2009618374432
    ],
    [
      "DEB-B85A66B4",
      45.59920226473696,
      -155.3118569523919,
      896.0300077031443
    ],
    [
      "DEB-8C428F1C",
      -18.580792724103066,
      -12.931847525033632,
      210.12161909710994
    ],
    [
      "DEB-C9A34C93",
      50.85805534898203,
      7.048816130110688,
      440.06241966378093
    ],
    [
      "DEB-B52E97F0",
      2.0526156591964297,
      81.00162320887135,
      884.3995254288411
    ],
    [
      "DEB-9C8B74D7",
      22.361905248687854,
      -70.96959311385001,
      508.0258783724221
    ],
    [
      "DEB-5DA45A79",
      -55.65093005357093,
      -57.44470274192824,
      785.4889521067944
    ],
    [
      "DEB-0C6614AE",
      -22.502800967058885,
      -134.35127220715722,
      716.7006861447671
    ],
    [
      "DEB-0144189D",
      20.965381355946153,
      -83.89549360301416,
      168.99764180944203
    ],
    [
      "DEB-28377ABB",
      -1.197705839148425,
      91.09507929111994,
      594.7982265531164
    ],
    [
      "DEB-402D1847",
      -32.67206431114753,
      -96.63120862407129,
      624.2017261993942
    ],
    [
      "DEB-5BAA269B",
      -82.87742589110738,
      -117.97495180199218,
      639.5510821352436
    ],
    [
      "DEB-9DCBFBAA",
      15.134486538149856,
      153.18666212546862,
      200.82735299877277
    ],
    [
      "DEB-6B3C6806",
      31.366895377998297,
      37.08988784543911,
      358.96416090361254
    ],
    [
      "DEB-A9A98D7D",
      17.75046138104352,
      55.366275071202324,
      396.9123735423909
    ],
    [
      "DEB-DD0F926C",
      -23.892064323394898,
      -24.340894719178188,
      509.4420441076327
    ],
    [
      "DEB-F62992B0",
      -32.886207049480234,
      -11.660102543085115,
      131.85673346557996
    ],
    [
      "DEB-30D6FEAC",
      50.14337354573671,
      -45.91602370240537,
      488.80638844679015
    ],
    [
      "DEB-0AB83110",
      34.939212017811286,
      170.24929904161442,
      288.92258796412716
    ],
    [
      "DEB-AFAFB460",
      50.579744277127226,
      113.83934075889233,
      313.20953377631395
    ],
    [
      "DEB-311027A0",
      36.99333111512183,
      47.88842898018665,
      408.6137391368993
    ],
    [
      "DEB-69BCDD1E",
      -39.433598797038634,
      56.74319222511677,
      605.9850972695976
    ],
    [
      "DEB-B7078418",
      -4.829464690922125,
      34.08579836655024,
      310.72415956095665
    ],
    [
      "DEB-7A393616",
      58.13739526493899,
      -55.27620305169365,
      840.2639848610925
    ],
    [
      "DEB-220F200C",
      34.67566320100663,
      66.8172510687534,
      514.7575941418318
    ],
    [
      "DEB-9FDF0723",
      -18.15011144863463,
      -123.80297396678779,
      560.5265012991467
    ],
    [
      "DEB-C5FD29EA",
      -64.33635811658374,
      39.084971529597006,
      485.6656069950941
    ],
    [
      "DEB-23BB55C9",
      -23.2199522926566,
      -16.028793527776134,
      158.76143969828627
    ],
    [
      "DEB-475BBA18",
      61.266373329722775,
      104.92405812480675,
      670.3549223838436
    ],
    [
      "DEB-91F0CAB2",
      33.78087975787714,
      133.00572893411842,
      894.5851975612632
    ],
    [
      "DEB-FA0C855D",
      -1.983743853827971,
      58.37939539098329,
      300.1634846512461
    ],
    [
      "DEB-E79FD43F",
      61.89349923085371,
      -53.29516461379852,
      473.3040290871286
    ],
    [
      "DEB-E2451556",
      -21.0777854308901,
      115.48503821815093,
      271.16272959096204
    ],
    [
      "DEB-09AE36FC",
      -7.3533804579118875,
      50.82442056500464,
      813.6343730883882
    ],
    [
      "DEB-7FF4DC07",
      59.10253004915246,
      109.180163376351,
      162.4959513108779
    ],
    [
      "DEB-4C5E8898",
      20.513641298774438,
      82.6345988558737,
      685.6619426167072
    ],
    [
      "DEB-98753418",
      -7.6261088720039,
      175.34134188976984,
      867.0605225539048
    ],
    [
      "DEB-E365EA7D",
      73.89642351286352,
      -102.91220720133389,
      708.9076619426287
    ],
    [
      "DEB-1AF48E90",
      -62.84405688527745,
      151.04417417885168,
      362.1986005073377
    ],
    [
      "DEB-43294F37",
      -38.53228089926996,
      125.91026545357798,
      161.04807601727316
    ],
    [
      "DEB-D009F1A2",
      -21.51494843865576,
      27.312157370125835,
      826.3502473859489
    ],
    [
      "DEB-582ED4D1",
      -16.52022648656557,
      -57.867524184173895,
      918.9735440698723
    ],
    [
      "DEB-253296A6",
      49.21020466863348,
      -17.760493758356333,
      379.24679019009363
    ],
    [
      "DEB-AC75522E",
      51.96353630622033,
      147.3105518329246,
      379.51462885902674
    ],
    [
      "DEB-73DED06B",
      5.134962871829974,
      142.19462961603307,
      386.98115007244814
    ],
    [
      "DEB-67E16FC0",
      -3.706797725373284,
      1.5953876648046148,
      123.64067621085633
    ],
    [
      "DEB-6C1915FD",
      0.6584475471700281,
      -11.161514180506066,
      522.2112249416223
    ],
    [
      "DEB-857D1607",
      19.741850374470488,
      133.08974058919839,
      842.7753690311429
    ],
    [
      "DEB-FBF0D7DE",
      45.94726470823557,
      176.7431458483265,
      392.90934876646133
    ],
    [
      "DEB-DAD041C4",
      46.144332830665064,
      140.98903484012192,
      561.9649931938011
    ],
    [
      "DEB-AF2F997E",
      -51.002793178580305,
      -65.68861962603972,
      128.2687049263841
    ],
    [
      "DEB-C9EB1D8F",
      -4.386577566398641,
      -61.2819256543208,
      862.5099278434218
    ],
    [
      "DEB-E411B360",
      -6.228129592863354,
      42.47159548481776,
      680.5102474248997
    ],
    [
      "DEB-1D39AC8F",
      9.14589762111309,
      115.08919812295785,
      361.3663501060637
    ],
    [
      "DEB-62755184",
      -74.7009303608089,
      2.610160095345613,
      461.76865369440384
    ],
    [
      "DEB-03030C6F",
      -75.24431677242653,
      48.67439270577002,
      161.52900692820458
    ],
    [
      "DEB-B08B8AF5",
      -6.755317914698137,
      -71.88058106089545,
      622.1082555633338
    ],
    [
      "DEB-AE06EC47",
      -6.57902160069161,
      159.504325903962,
      406.3875488153262
    ],
    [
      "DEB-B068B260",
      -82.42877175203418,
      7.975756569115597,
      435.1385323028426
    ],
    [
      "DEB-99C6E182",
      -35.68862688504307,
      -172.05630764056696,
      531.7897395736318
    ],
    [
      "DEB-0AAA4338",
      -18.47675271737063,
      -132.13401016701923,
      557.014151041848
    ],
    [
      "DEB-65913FB1",
      23.465152146393923,
      31.98535546723745,
      335.00665741913963
    ],
    [
      "DEB-E858D785",
      -29.52469589483338,
      -176.12803968755415,
      561.7262644673083
    ],
    [
      "DEB-F5CDF676",
      50.27949116378874,
      80.31064235881256,
      747.7754850884758
    ],
    [
      "DEB-849CBD0A",
      5.712610718393852,
      -57.66048155120836,
      331.788527347956
    ],
    [
      "DEB-548366DC",
      -54.54037317574465,
      -47.458106565020344,
      194.67659447306687
    ],
    [
      "DEB-2BF55ECF",
      44.41827413093188,
      -40.49071024126884,
      780.9701232741618
    ],
    [
      "DEB-E8D8D377",
      41.164643869048106,
      -158.7088029267002,
      665.2351599079793
    ],
    [
      "DEB-40327993",
      6.974480392741632,
      -53.99060705674009,
      800.7886167573743
    ],
    [
      "DEB-DF563EEE",
      22.986776578376723,
      102.0202277977862,
      853.0619218305046
    ],
    [
      "DEB-C159A80F",
      24.886304753708217,
      -50.82428364312788,
      634.8430501501116
    ],
    [
      "DEB-7C733579",
      -41.31259300022824,
      -171.74093535516013,
      767.7578381379299
    ],
    [
      "DEB-C1099D46",
      -23.63377542595969,
      70.58483651416982,
      716.1146877239735
    ],
    [
      "DEB-4D077EAB",
      -1.5644197591323181,
      -29.003600677080755,
      743.1785337526944
    ],
    [
      "DEB-F520C18A",
      21.983120992707008,
      9.015132462419357,
      671.5996642960044
    ],
    [
      "DEB-5F92F78D",
      16.03348288725008,
      36.87244175423435,
      660.1477410454363
    ],
    [
      "DEB-0B761D9D",
      4.345308811016945,
      -142.43973426582605,
      801.4188054263695
    ],
    [
      "DEB-BF850F86",
      34.06969986478981,
      156.75806292894532,
      277.6460203035913
    ],
    [
      "DEB-75E7644E",
      47.69535282277189,
      99.41387145024997,
      623.8718262305847
    ],
    [
      "DEB-8006B8BB",
      -39.747841565267976,
      -132.86540841372283,
      427.63962796167925
    ],
    [
      "DEB-0753C53F",
      -44.79963148149617,
      -26.8431364371725,
      396.1872201546257
    ],
    [
      "DEB-86454BF0",
      -53.96437309121511,
      -10.543383705930895,
      618.9109428729498
    ],
    [
      "DEB-E65560E1",
      66.52057946696831,
      -33.300071275527145,
      336.65116553087955
    ],
    [
      "DEB-FCCE2A22",
      -68.71303217374712,
      -88.28340409453928,
      361.65462283283614
    ],
    [
      "DEB-8BC5477B",
      -2.0344315455073523,
      55.91603749270325,
      727.1528233904455
    ],
    [
      "DEB-F444709C",
      -30.896132628483823,
      35.66810778127909,
      808.4122868141149
    ],
    [
      "DEB-693B41C3",
      -19.853976103267737,
      -56.15726615596243,
      386.3418844828002
    ],
    [
      "DEB-AD270C02",
      -46.07002869457789,
      -50.990290371006,
      294.97299266220034
    ],
    [
      "DEB-1600CE01",
      -8.85113352379853,
      -132.49916217790647,
      430.8631042334391
    ],
    [
      "DEB-87311A27",
      -52.75371248541585,
      152.4649006661157,
      408.66253445540406
    ],
    [
      "DEB-608E8046",
      26.04424135307369,
      -98.18811346540065,
      176.65376128498065
    ],
    [
      "DEB-4CFB03F5",
      5.255728284380082,
      43.53664044426494,
      916.4232956392325
    ],
    [
      "DEB-7BAAF198",
      46.86506323842692,
      27.016411946659606,
      203.33319881524858
    ],
    [
      "DEB-F3FF8DC0",
      29.3152792381673,
      -71.02529724236393,
      707.3697642560628
    ],
    [
      "DEB-F36FB078",
      1.8670700378316711,
      15.088339066699302,
      432.41307250169484
    ],
    [
      "DEB-13405432",
      -15.374791033472476,
      29.079416951985685,
      310.878053329473
    ],
    [
      "DEB-9F180F80",
      -24.75169266222705,
      -17.39039564342429,
      761.158277558372
    ],
    [
      "DEB-7B3249BF",
      -79.10938816390163,
      -133.69625597894122,
      639.8085772482818
    ],
    [
      "DEB-72B7471A",
      51.21640965168,
      163.3814564227393,
      660.7438244782925
    ],
    [
      "DEB-1C938B5F",
      -7.0967436163196265,
      -80.55058900212968,
      802.3708414737621
    ],
    [
      "DEB-9995D21E",
      53.04193357012865,
      54.204967809056534,
      536.9824780938434
    ],
    [
      "DEB-3AC2A776",
      -41.237834154489974,
      -57.30892537328082,
      764.6356072202352
    ],
    [
      "DEB-CC5E01AA",
      -54.96712857981882,
      91.75060805657046,
      842.1252909034674
    ],
    [
      "DEB-C7BD9AE9",
      -29.266262157789768,
      -169.83468421985523,
      150.5291376922287
    ],
    [
      "DEB-A9F663AE",
      -32.032026979788306,
      135.81882977656304,
      788.5184033419237
    ],
    [
      "DEB-FAF21A70",
      3.5297701049416355,
      148.31993087317434,
      607.5808568775219
    ],
    [
      "DEB-B8230A9B",
      -42.47519032867833,
      140.05427258186933,
      474.51431976937783
    ],
    [
      "DEB-0A34B8B1",
      3.472177216831833,
      97.31682235764332,
      428.3118951968736
    ],
    [
      "DEB-88CCBB56",
      -46.11858064090284,
      -74.4173606661697,
      532.3508780698103
    ],
    [
      "DEB-51567499",
      -5.1587205680748935,
      128.35016059953088,
      259.99800265915655
    ],
    [
      "DEB-04C1B23E",
      -27.893970910882146,
      -157.53836856599855,
      445.7018535862653
    ],
    [
      "DEB-5FCAD2F7",
      34.236751566667145,
      138.77780423668295,
      387.0998025117542
    ],
    [
      "DEB-A443F879",
      -8.171776862892674,
      -106.41595844175727,
      874.9768256064672
    ],
    [
      "DEB-1EED8E54",
      -10.98949814151269,
      128.1043560135185,
      629.058781665135
    ],
    [
      "DEB-5590C9C2",
      -31.89836575376085,
      12.672861709021955,
      170.95450478427392
    ],
    [
      "DEB-44DEF8A1",
      -38.61518518775029,
      71.84379130516834,
      378.01936109262624
    ],
    [
      "DEB-26D710EA",
      -33.201315891045525,
      -117.12312964964109,
      858.895691758511
    ],
    [
      "DEB-C2256469",
      63.47533827054183,
      148.53715429473323,
      636.1706428967245
    ],
    [
      "DEB-8AA1DD0A",
      5.905679222495454,
      35.31184467759858,
      378.2156718673341
    ],
    [
      "DEB-9BEB42F0",
      46.47525507948518,
      56.36227424140504,
      863.4093766212409
    ],
    [
      "DEB-A6682B4B",
      -31.074049676692404,
      97.44665475992275,
      518.493183614336
    ],
    [
      "DEB-637FD1EF",
      -2.547755815219773,
      -165.9142914027138,
      838.4232429351687
    ],
    [
      "DEB-AD7D994A",
      19.803232751604263,
      25.836422631284538,
      623.6951982915807
    ],
    [
      "DEB-F8274C2F",
      -31.04811831326924,
      23.220914513425846,
      496.12180343856744
    ],
    [
      "DEB-9AE1FDF0",
      -15.236695975475,
      18.360828187052462,
      743.9930144828049
    ],
    [
      "DEB-95F21D89",
      -6.018110757478193,
      94.24764431601248,
      670.6007451700416
    ],
    [
      "DEB-3618722C",
      -50.581951327862235,
      -64.10073761611217,
      640.732712660164
    ],
    [
      "DEB-133BBC74",
      -7.281331683239668,
      -88.13038622129879,
      614.8906775321084
    ],
    [
      "DEB-8E6E88EA",
      11.574434350951805,
      -122.0771416754038,
      873.2781271328859
    ],
    [
      "DEB-398AA034",
      -27.547450289717823,
      58.128988537574315,
      482.81522800689345
    ],
    [
      "DEB-DFBE2FA6",
      -54.4849321743853,
      153.66503647791617,
      161.30210823188008
    ],
    [
      "DEB-D04B30D6",
      -49.519966791799256,
      -139.21733416258135,
      824.7221765471031
    ],
    [
      "DEB-1455D66A",
      49.290551140128144,
      36.93381107671932,
      271.35269122476984
    ],
    [
      "DEB-1B3090E0",
      3.3596718208193166,
      -19.707229798162054,
      174.00607079169367
    ],
    [
      "DEB-274E7E7C",
      -58.577815245620236,
      35.743050366001846,
      425.3664639043991
    ],
    [
      "DEB-5191AEB4",
      -19.721468079538496,
      127.71051622913706,
      537.1231396546609
    ],
    [
      "DEB-A052F4B7",
      42.913279950990905,
      127.49067247848514,
      170.330975802166
    ],
    [
      "DEB-DDF78AE1",
      -45.11817534139304,
      118.57369035835018,
      545.3831111145555
    ],
    [
      "DEB-5BD49CCB",
      41.3917684413377,
      128.37174576336585,
      471.28059326934
    ],
    [
      "DEB-96D1FCFC",
      65.0540068059541,
      -71.92758326290118,
      761.6298247406085
    ],
    [
      "DEB-E4A416E4",
      78.4254661434498,
      -105.39454354394822,
      406.86172580705625
    ],
    [
      "DEB-2F4AC253",
      54.16092740424555,
      -97.94552245424978,
      569.9298166968101
    ],
    [
      "DEB-CB0608B0",
      35.690156901259165,
      154.92850315472035,
      510.67098905018156
    ],
    [
      "DEB-7E019B5E",
      45.839383594322214,
      76.07874651684789,
      224.6187875610758
    ],
    [
      "DEB-AC2119EB",
      -58.05159191317536,
      -152.43575111239335,
      248.29985198789836
    ],
    [
      "DEB-9F5D6594",
      16.419904001432048,
      18.0581422046496,
      344.9211194354957
    ],
    [
      "DEB-BFC36BDB",
      70.58451108922885,
      108.41113236525396,
      535.7407333467299
    ],
    [
      "DEB-351C5256",
      -53.32300562992685,
      82.14712667149176,
      803.15791654437
    ],
    [
      "DEB-5D988110",
      53.438169866739464,
      39.384995426692974,
      129.2291796443269
    ],
    [
      "DEB-8403A57E",
      -10.023338275317547,
      70.94095081480961,
      457.45686161602134
    ],
    [
      "DEB-DBE3B822",
      13.246631861692784,
      174.15031758818782,
      576.8261118478167
    ],
    [
      "DEB-BB87CF7B",
      -33.582046653844294,
      -140.52534056178564,
      287.12821293731395
    ],
    [
      "DEB-0726F6E5",
      41.89040954981721,
      100.28783843687785,
      569.2236197644525
    ],
    [
      "DEB-EC622FDF",
      13.785953441662087,
      -164.6892867979657,
      204.32600424590055
    ],
    [
      "DEB-0DEF1A13",
      55.508863193743586,
      139.19734986724012,
      794.6495821185144
    ],
    [
      "DEB-6F3C2F83",
      -12.488541889425377,
      79.58962028550236,
      241.51839950292288
    ],
    [
      "DEB-053C707C",
      -21.17400565111949,
      43.82672199458293,
      602.8616354018568
    ],
    [
      "DEB-A5FFC2C1",
      -5.035133956326943,
      -28.4472779477359,
      747.9602474372641
    ],
    [
      "DEB-1F924C5C",
      -29.135147583392143,
      -136.69195342049596,
      148.85453905704253
    ],
    [
      "DEB-A711FEAB",
      19.237734355935075,
      114.33591912143396,
      745.7354354351337
    ],
    [
      "DEB-128E1010",
      13.606030836849492,
      78.09138094292736,
      906.0209966121029
    ],
    [
      "DEB-1E40FCDE",
      24.26882776323321,
      77.16762434382612,
      896.7652169589774
    ],
    [
      "DEB-4C1A9F68",
      -9.745900616918012,
      -23.818359469924115,
      855.2639719333156
    ],
    [
      "DEB-1928DA1B",
      -28.027425444517583,
      116.42350176231129,
      633.7094925080155
    ],
    [
      "DEB-72A7D002",
      28.071381925131615,
      127.11351823629849,
      712.158347129257
    ],
    [
      "DEB-E1FB078C",
      25.615846055351216,
      -33.24843592248726,
      825.7737931374504
    ],
    [
      "DEB-B3B9F9C9",
      -26.71433264169613,
      -89.72067852799634,
      374.13066293568136
    ],
    [
      "DEB-FEC6EC42",
      -29.82141903611741,
      147.101510953604,
      815.7325794210074
    ],
    [
      "DEB-18A32AFA",
      -74.35241629816099,
      -27.096404895512787,
      180.42608066188495
    ],
    [
      "DEB-2E5BBBE6",
      58.61042583557099,
      -90.87720808836949,
      279.0430769175364
    ],
    [
      "DEB-C71E949C",
      21.56339252341133,
      121.72550343671467,
      627.6544795635482
    ],
    [
      "DEB-5620C01A",
      -50.64113077560656,
      -39.10753341141127,
      797.5539591191791
    ],
    [
      "DEB-EB644C76",
      -44.70887728693811,
      97.0297278725552,
      487.21123353436906
    ],
    [
      "DEB-047534C6",
      7.249098349144822,
      -124.0053979056324,
      484.6369437811536
    ],
    [
      "DEB-BCE6568F",
      37.13582252467306,
      33.06657289857219,
      195.06631289525285
    ],
    [
      "DEB-A6215CC1",
      -33.041867791929576,
      -108.63420581704652,
      598.367135484631
    ],
    [
      "DEB-98790A75",
      47.843415038755886,
      153.501966184205,
      550.2518040018958
    ],
    [
      "DEB-04221278",
      45.43356151557895,
      39.03395801400514,
      289.36600695693414
    ],
    [
      "DEB-03F7044D",
      9.901446869338583,
      136.80421787396304,
      538.766464842196
    ],
    [
      "DEB-7DA430DF",
      -60.67700867983301,
      5.553738301411293,
      516.5782832931736
    ],
    [
      "DEB-9A13AB9E",
      8.707209987413666,
      -72.95892616081845,
      717.9630147656253
    ],
    [
      "DEB-0444B4BD",
      30.574919004520755,
      -146.39406818042326,
      677.7326871176465
    ],
    [
      "DEB-841EE9EB",
      9.541220685722793,
      106.99963606695066,
      784.5351464955856
    ],
    [
      "DEB-434DBE70",
      44.35736269346862,
      23.41395286951563,
      921.0853638509279
    ],
    [
      "DEB-28906F93",
      32.87430932694488,
      -167.85043439857026,
      343.3281448856078
    ],
    [
      "DEB-DC6822BA",
      31.596263515568754,
      -136.31190617644367,
      339.3084394350726
    ],
    [
      "DEB-AD25C35A",
      -27.731400459757744,
      13.554551071755514,
      361.98961686245275
    ],
    [
      "DEB-5FBD94B5",
      -54.9416250222889,
      -9.226124717927172,
      870.8189121546047
    ],
    [
      "DEB-C8323C3C",
      -23.772827512837647,
      79.77219270413595,
      639.1757434927376
    ],
    [
      "DEB-ACAEA9EF",
      -22.9886457316384,
      71.65906874366488,
      363.94408015055524
    ],
    [
      "DEB-60AAD7B7",
      34.277733093260935,
      58.95104991381642,
      788.0339321126676
    ],
    [
      "DEB-305D5885",
      -11.428979755486065,
      -157.59227314006745,
      171.79922635346156
    ],
    [
      "DEB-06E00020",
      9.478003742931586,
      -79.74155259727742,
      606.0683233234658
    ],
    [
      "DEB-54C3242F",
      -47.95857622949285,
      -152.46247897501505,
      504.4514082772421
    ],
    [
      "DEB-3086E014",
      -75.0509332626585,
      72.66187996715121,
      660.4920017352397
    ],
    [
      "DEB-9C169D4B",
      -20.344077654102797,
      79.18712238791701,
      871.6357450975374
    ],
    [
      "DEB-BEC42DC8",
      -51.05616401445222,
      49.952945004140865,
      918.474195237126
    ],
    [
      "DEB-ADF17E7B",
      -32.33888362483075,
      7.100933608923137,
      478.29875485179946
    ],
    [
      "DEB-B7CD3DD4",
      28.042761180504556,
      -159.1839011513315,
      734.3015952204696
    ],
    [
      "DEB-6C22E097",
      3.45805135912024,
      -12.238303618051411,
      434.4991490746779
    ],
    [
      "DEB-53E4BBB3",
      7.762565925522026,
      -40.48477037324953,
      831.8639143530991
    ],
    [
      "DEB-C92860AA",
      23.27796305778204,
      37.083028620960235,
      791.4691900015723
    ],
    [
      "DEB-D99BFC18",
      41.05402758748232,
      -1.878899233355414,
      256.82932282546244
    ],
    [
      "DEB-8D6E0B65",
      31.055796362825916,
      18.664460277805457,
      904.6161147586863
    ],
    [
      "DEB-8181B2EA",
      -8.563229373781446,
      -108.54676384765027,
      337.42717182132674
    ],
    [
      "DEB-2CC52804",
      48.313370790035165,
      120.33758409474996,
      835.946344596392
    ],
    [
      "DEB-F178E676",
      -38.821628820328684,
      -48.874769400297644,
      840.648157436739
    ],
    [
      "DEB-FC78F6EB",
      -39.70091209669722,
      158.14550537546833,
      301.6157884165632
    ],
    [
      "DEB-02146C2D",
      15.84152606149232,
      -50.589912833617085,
      370.4913899858675
    ],
    [
      "DEB-98C9754C",
      33.968521232695736,
      149.18582071808385,
      576.6366720547785
    ],
    [
      "DEB-56AA4BB5",
      42.44451378199354,
      -11.124717432695897,
      633.2758405635959
    ],
    [
      "DEB-C05BD86C",
      -21.549039446009306,
      156.33225554731015,
      871.2247152565487
    ],
    [
      "DEB-13623A06",
      7.385384251360871,
      44.48757218404254,
      423.2415275334406
    ],
    [
      "DEB-954E340E",
      36.55015780880633,
      -24.801019204158546,
      405.7983471585985
    ],
    [
      "DEB-5BC5DE7A",
      49.85938194689177,
      -164.55466896082976,
      164.59144281018052
    ],
    [
      "DEB-E1847076",
      21.445449807817866,
      -176.04593670801333,
      419.4608035600404
    ],
    [
      "DEB-7C385A10",
      14.841915740213667,
      -115.17684319829905,
      915.0311552065041
    ],
    [
      "DEB-968B0B9D",
      13.09109565041829,
      110.63775918892858,
      622.2650652371276
    ],
    [
      "DEB-0BA99321",
      -26.46540808139997,
      -27.92507444682887,
      402.2939145620012
    ],
    [
      "DEB-35F0798D",
      15.73739579426572,
      -102.67506255336797,
      772.5674560435946
    ],
    [
      "DEB-7FC8CC2E",
      64.47170729942155,
      19.988800969961485,
      276.91606711964596
    ],
    [
      "DEB-C776E51E",
      -39.2706922116538,
      61.578906705319945,
      174.86457680880085
    ],
    [
      "DEB-AB900A41",
      -5.403838874317169,
      139.80964296585228,
      855.0955856711071
    ],
    [
      "DEB-01111D50",
      46.69933935088112,
      -4.962165557004679,
      801.6625224944091
    ],
    [
      "DEB-4C102F08",
      28.38373297703541,
      -172.5915938543479,
      322.5744609916701
    ],
    [
      "DEB-277AC79A",
      -33.796070136794725,
      -173.0089161537374,
      312.23650338753123
    ],
    [
      "DEB-D6697134",
      -6.419551035950429,
      128.67686669347142,
      562.8007879908791
    ],
    [
      "DEB-13E44A27",
      -2.4289545219435036,
      -69.70736862068206,
      137.49792738841006
    ],
    [
      "DEB-810961D1",
      -45.15138147380365,
      12.691463377522773,
      636.8619291292107
    ],
    [
      "DEB-A3A300C3",
      -47.83597163856896,
      -27.28742418563132,
      801.4986838697278
    ],
    [
      "DEB-84E8A5CF",
      52.517206099461646,
      96.7407771991303,
      292.58523787896047
    ],
    [
      "DEB-C5262A49",
      -41.13181296100963,
      -135.57372297446662,
      320.2072855156757
    ],
    [
      "DEB-34DE6E2F",
      -67.74715400360937,
      -36.207648459690795,
      502.78134073709316
    ],
    [
      "DEB-23F0D196",
      -33.79199008776269,
      -40.637905025652714,
      255.6912709821163
    ],
    [
      "DEB-3CA2A6AC",
      59.29684739289326,
      128.68543264947039,
      351.20649734220206
    ],
    [
      "DEB-4617AA16",
      -24.30241024935612,
      105.70598277663684,
      231.48780715376142
    ],
    [
      "DEB-54F4ED38",
      52.03924519726185,
      81.43988335580755,
      623.2974377966357
    ],
    [
      "DEB-75D06469",
      -71.07425291548773,
      -83.32424258179341,
      266.7123630865726
    ],
    [
      "DEB-D87D4A94",
      13.829145089176134,
      113.79908379379687,
      497.6074669586369
    ],
    [
      "DEB-DFDDDB6A",
      -25.103801019132334,
      9.395667204783068,
      385.3725389368665
    ],
    [
      "DEB-422A35F4",
      15.23670833735108,
      46.27380791043213,
      867.1637767630864
    ],
    [
      "DEB-92D35A77",
      60.93261305591684,
      78.21354825012752,
      652.2892795477755
    ],
    [
      "DEB-580E4B07",
      -46.64988478033669,
      -24.189450610432118,
      141.90089419590004
    ],
    [
      "DEB-9BE8272C",
      -18.9007036418601,
      -59.76895918056902,
      804.4085117964196
    ],
    [
      "DEB-BC0021C9",
      -1.2872019017980727,
      -143.3302345835773,
      137.31067974504094
    ],
    [
      "DEB-6F4F83F6",
      -36.95730622958399,
      -163.43665874088217,
      828.0052442090591
    ],
    [
      "DEB-46D0D95D",
      -12.093138592449746,
      105.02062692392528,
      786.030462204727
    ],
    [
      "DEB-62579098",
      13.736194370097598,
      173.15829537036382,
      281.1678562107254
    ],
    [
      "DEB-E3D91B0E",
      19.553608312176866,
      119.13175245463192,
      648.7385308818784
    ],
    [
      "DEB-7AC104F0",
      38.173907829939616,
      -160.36381353386994,
      755.3230300682762
    ],
    [
      "DEB-B98605A4",
      53.3414759823751,
      47.53204783599856,
      707.6933721384848
    ],
    [
      "DEB-41E29737",
      -14.68981711303865,
      153.52040476294462,
      121.65108353320466
    ],
    [
      "DEB-9A82AEAD",
      -77.26312059937234,
      -167.0278168301929,
      420.529634509513
    ],
    [
      "DEB-C1413E2B",
      40.875206697849784,
      -71.70272930643401,
      153.11906585622273
    ],
    [
      "DEB-AF47FEAF",
      81.13549216502147,
      -103.66244792844013,
      749.6413742937184
    ],
    [
      "DEB-B3CDEA13",
      20.460362596314788,
      114.724398012762,
      432.92604459156246
    ],
    [
      "DEB-73679360",
      46.28293259257521,
      24.67734342665187,
      685.2174870952622
    ],
    [
      "DEB-828CF23E",
      -14.078061323428331,
      153.3133300869939,
      776.2811239019047
    ],
    [
      "DEB-3D51643F",
      13.11746333310859,
      43.56465346907952,
      332.26581848279693
    ],
    [
      "DEB-B82DDE83",
      25.64152506394084,
      -36.83918414764767,
      848.5370189077212
    ],
    [
      "DEB-B8ADEB2F",
      -24.943060282772347,
      -150.3154582767784,
      185.31983853373185
    ],
    [
      "DEB-F54DE102",
      16.187863988589065,
      150.98851606378258,
      291.4005503504168
    ],
    [
      "DEB-D2E5D00C",
      -4.945025243036366,
      -45.5955888477404,
      879.7268229186257
    ],
    [
      "DEB-1FA04479",
      -56.18944348878716,
      128.8850111133542,
      477.7422085685712
    ],
    [
      "DEB-B2FE2B48",
      35.057104426147774,
      -18.22514502088529,
      606.8751572453502
    ],
    [
      "DEB-940D1CB7",
      54.29899025141596,
      -156.21124478878104,
      661.2303018343673
    ],
    [
      "DEB-803B68E4",
      -69.5395980130648,
      27.201283463261234,
      312.1537002512541
    ],
    [
      "DEB-02A5386D",
      -30.97451917711453,
      -139.4252292202864,
      218.4662452389939
    ],
    [
      "DEB-0F770163",
      -45.58624417915874,
      59.06796004705794,
      762.3704122692152
    ],
    [
      "DEB-BE44891E",
      -4.776890504818044,
      -106.17360845092142,
      383.1581498100386
    ],
    [
      "DEB-73ADC2E2",
      -3.6361255116334443,
      -74.73225446169833,
      605.5324182949826
    ],
    [
      "DEB-A32A7D8C",
      -28.85737522043332,
      168.49776714750897,
      808.3957693931488
    ],
    [
      "DEB-29F37BF3",
      -25.88063751716655,
      -82.77065609752215,
      634.7035457531874
    ],
    [
      "DEB-66B7529E",
      41.23239584834217,
      115.52980474520865,
      269.67498935601725
    ],
    [
      "DEB-CE78A467",
      -25.306273373069324,
      -164.02377216352232,
      733.2286671469492
    ],
    [
      "DEB-CDA419E1",
      -27.459417788626535,
      -65.93318106196188,
      678.6027660098816
    ],
    [
      "DEB-8F1CE313",
      54.54408300058818,
      -107.82756223102359,
      557.6439233052242
    ],
    [
      "DEB-E20AA9FD",
      2.8850971237560157,
      98.30165432276516,
      702.4271575643152
    ],
    [
      "DEB-11EDC91B",
      -33.6617924104931,
      124.90569036504249,
      729.1164513866834
    ],
    [
      "DEB-B8ED6400",
      25.877596065053833,
      -173.3676963370288,
      469.0748002450846
    ],
    [
      "DEB-F729A6AF",
      84.87846990964137,
      114.56254088273865,
      646.6483487360538
    ],
    [
      "DEB-8D6448A4",
      50.96543531027346,
      168.30725802609373,
      859.6692058961289
    ],
    [
      "DEB-EFBA3690",
      -78.08601763580616,
      -72.54975930513073,
      761.1656283984221
    ],
    [
      "DEB-9D6D652F",
      17.925624786444548,
      -30.902242105851236,
      667.6544762759731
    ],
    [
      "DEB-E10CF5D8",
      -15.739535963475854,
      118.15146363242692,
      232.60237968269212
    ],
    [
      "DEB-92EC4891",
      25.963420886428633,
      136.5258651384347,
      731.494780961908
    ],
    [
      "DEB-D6812303",
      -20.383593304890024,
      -155.20880747542085,
      263.5370151659981
    ],
    [
      "DEB-FC5123E2",
      45.454553408861024,
      -38.12694997171575,
      287.1071512472208
    ],
    [
      "DEB-9C0ACCB4",
      -61.4787116689594,
      168.78344541040576,
      630.0426193216708
    ],
    [
      "DEB-A9FAEFB8",
      -31.46867220275721,
      -152.3904565613365,
      813.7829766482928
    ],
    [
      "DEB-349FC17A",
      20.32954468037783,
      110.9690484220036,
      891.0370999746947
    ],
    [
      "DEB-7E14914E",
      -1.3507979348061172,
      47.38562962392213,
      747.7954993371523
    ],
    [
      "DEB-145904C7",
      54.70215260428503,
      -166.41603207760522,
      133.81782988627128
    ],
    [
      "DEB-90214EBA",
      32.88979332222938,
      57.098252553502434,
      728.708832563173
    ],
    [
      "DEB-0587EFD2",
      -16.98871125748477,
      -120.69521606410386,
      139.37101085626728
    ],
    [
      "DEB-51E55920",
      17.622158182036845,
      -59.3389503302821,
      659.284759616432
    ],
    [
      "DEB-DC723923",
      -38.52782815035191,
      -148.4367528989829,
      385.6797136675459
    ],
    [
      "DEB-CA94F36B",
      -43.298801141652575,
      -146.51526906153987,
      794.5827480326343
    ],
    [
      "DEB-F4A32A30",
      -32.826525987122615,
      -159.8888884521028,
      669.7709438015327
    ],
    [
      "DEB-301E70D7",
      47.29794527874564,
      -51.83699780317983,
      286.0135929638618
    ],
    [
      "DEB-58E2C5D9",
      -35.89397534483283,
      59.88725846038692,
      478.9908469482025
    ],
    [
      "DEB-58368C9C",
      -29.77513264261101,
      16.94383709699869,
      759.2095641620854
    ],
    [
      "DEB-24CEBA77",
      22.25556355581686,
      161.6804005827107,
      309.3941816171018
    ],
    [
      "DEB-E6FA1DA7",
      -26.95997183123148,
      49.46813681516432,
      275.2564386157819
    ],
    [
      "DEB-762B624E",
      -22.678143681782306,
      87.44473796727212,
      355.2478300016037
    ],
    [
      "DEB-A39BBC41",
      -42.843097554541835,
      134.62370350960472,
      327.4325213101183
    ],
    [
      "DEB-D3969DEC",
      -18.83400602256796,
      7.992207566597523,
      769.5815741172191
    ],
    [
      "DEB-71171417",
      23.088547158229623,
      -170.20196857274917,
      446.5971911015022
    ],
    [
      "DEB-5F4BDE98",
      -52.44469961655781,
      89.47860232085124,
      519.0488941279054
    ],
    [
      "DEB-8C97AAC6",
      13.439461465224566,
      -57.856908152738555,
      721.4904735733035
    ],
    [
      "DEB-3205FCCF",
      37.463738879664824,
      -0.32946411301430334,
      500.6571442507511
    ],
    [
      "DEB-30A9AF12",
      7.593082335606321,
      128.86179143861796,
      207.32126046895337
    ],
    [
      "DEB-3FC13A7B",
      -15.225252603354981,
      -178.23342081561796,
      291.0399513051916
    ],
    [
      "DEB-96B5327C",
      -29.886507570758926,
      58.71886735622234,
      137.5048523420637
    ],
    [
      "DEB-16BE80F5",
      -56.68830016968443,
      -94.59986273896824,
      619.4420342157291
    ],
    [
      "DEB-690CBC48",
      35.35108730060443,
      -179.32580928574637,
      674.0707497112362
    ],
    [
      "DEB-134B2F5B",
      24.219625574504093,
      28.293966584451876,
      372.87920705918077
    ],
    [
      "DEB-A1F39279",
      37.818330624219804,
      141.2317559500502,
      271.317102314184
    ],
    [
      "DEB-99E5744C",
      47.182392838272456,
      127.00965520945705,
      493.97471858790504
    ],
    [
      "DEB-53A7CE3F",
      -4.566251975365004,
      30.38758463467657,
      667.4602736525212
    ],
    [
      "DEB-3DC5074B",
      -43.17901841889029,
      -92.06669688292342,
      826.7844735065628
    ],
    [
      "DEB-E4434693",
      -36.008825177576476,
      -112.31632063345222,
      892.7278647691073
    ],
    [
      "DEB-2B012A53",
      -18.984227038261405,
      33.52102083723045,
      609.258640953195
    ],
    [
      "DEB-2957C556",
      58.55048314267265,
      78.18240908184804,
      220.8308500783378
    ],
    [
      "DEB-FE432DA9",
      56.872911467974404,
      -99.23953535909644,
      329.7730132899778
    ],
    [
      "DEB-11B5E6DD",
      -32.46382179699245,
      73.03555848025248,
      799.5523448633476
    ],
    [
      "DEB-C2D0203C",
      -59.76355544489338,
      6.2251336978553535,
      263.9436548062531
    ],
    [
      "DEB-B9D2709F",
      -58.30757429874918,
      127.4704523292345,
      589.4959819292908
    ],
    [
      "DEB-DB97CE81",
      -20.84181525649057,
      71.45745620144474,
      474.3320603227785
    ],
    [
      "DEB-8C9E09C5",
      0.4030337123483161,
      14.72645270971113,
      454.45434073662
    ],
    [
      "DEB-414127D8",
      -56.07561681034044,
      -46.71148225519327,
      639.3155135186926
    ],
    [
      "DEB-0F1BDFB9",
      -51.72994828361334,
      -68.15734191506644,
      516.0549493738254
    ],
    [
      "DEB-589E921E",
      -39.534256388138665,
      -0.27819733686366954,
      604.8718773762375
    ],
    [
      "DEB-38BDEBA0",
      -19.59119376865129,
      66.78305841505232,
      568.0312330319775
    ],
    [
      "DEB-9640D72B",
      -3.7837743243497255,
      157.7603111290982,
      139.29826801538547
    ],
    [
      "DEB-F5DA81C0",
      27.224079976341642,
      47.70769063413052,
      643.488890362757
    ],
    [
      "DEB-4D9D965C",
      -31.06333554578811,
      25.192041741377874,
      859.3098164139546
    ],
    [
      "DEB-5C08D223",
      -64.72024588411402,
      177.9747899271781,
      738.5998332707759
    ],
    [
      "DEB-6EFCC1FA",
      34.87323605067536,
      146.86311580809894,
      585.2914943264004
    ],
    [
      "DEB-D0011EB2",
      -26.814800884886637,
      142.791535392491,
      161.10373123038516
    ],
    [
      "DEB-CDFCDA67",
      37.13393338269077,
      -141.8909561203108,
      919.6337562506305
    ],
    [
      "DEB-90C38650",
      -64.85760940529914,
      -112.38295056878046,
      705.0323176812917
    ],
    [
      "DEB-843169F4",
      -19.40629621851349,
      -33.14249836523926,
      915.5815441228069
    ],
    [
      "DEB-E5113FCC",
      -25.4648289124781,
      116.36460907088716,
      271.8816539306581
    ],
    [
      "DEB-B55F18D0",
      26.235312626717743,
      167.07773280233903,
      347.87787162958466
    ],
    [
      "DEB-AFB830A9",
      -49.77524933404747,
      13.606891634930276,
      617.9062112405127
    ],
    [
      "DEB-670951CC",
      -13.676155848019725,
      169.80647000036882,
      479.13005263508694
    ],
    [
      "DEB-10C479B2",
      4.228643075569553,
      127.86932607900036,
      229.63054805891989
    ],
    [
      "DEB-FF3D3CE0",
      63.55760281517112,
      -175.6084561683064,
      186.46960321850656
    ],
    [
      "DEB-9687EF97",
      18.807316757128774,
      142.19935436272132,
      149.26729123275163
    ],
    [
      "DEB-A51A48B1",
      -61.99650195903829,
      57.43934470800317,
      447.5066541876213
    ],
    [
      "DEB-B3B39632",
      -9.713065027567115,
      148.77457789166246,
      883.3487338473797
    ],
    [
      "DEB-E694A4CC",
      33.15719488555432,
      7.960612444573146,
      273.25327110893886
    ],
    [
      "DEB-688D75AD",
      -22.068857611886415,
      -37.81453848631181,
      588.832048827262
    ],
    [
      "DEB-DB4F79A3",
      -53.682090483707405,
      -39.418170753367725,
      239.15659030744155
    ],
    [
      "DEB-17CC4415",
      -18.269272561878328,
      92.93198707686358,
      882.2108786393937
    ],
    [
      "DEB-ACE2E8A0",
      -71.56916521119457,
      -53.821225600138135,
      351.9800472869965
    ],
    [
      "DEB-8723E3B7",
      -35.199825809110806,
      101.45215658163931,
      618.4254012434194
    ],
    [
      "DEB-9BEE4B4B",
      39.426723382208195,
      41.093927513450645,
      302.68111261071226
    ],
    [
      "DEB-2BDED613",
      -36.48392520950443,
      19.672333383692102,
      901.6106399244145
    ],
    [
      "DEB-5D3DF704",
      -62.77780120834695,
      28.84653339778357,
      863.5424576560754
    ],
    [
      "DEB-435E17EE",
      -47.618248848739896,
      37.85224489591596,
      890.6149800134708
    ],
    [
      "DEB-3EBD22D0",
      -26.796411114382796,
      -75.05912763563428,
      280.21736984764084
    ],
    [
      "DEB-4BD2DDF1",
      46.13660841100416,
      -96.32748549400344,
      281.1384745614487
    ],
    [
      "DEB-8E9D8164",
      -30.306430899578217,
      30.31502406583281,
      635.1706147238128
    ],
    [
      "DEB-EE5C0A38",
      -51.531781746272365,
      119.06546942170857,
      542.6412652152248
    ],
    [
      "DEB-0FF7D497",
      27.80635487766292,
      -101.75522336045144,
      860.1817236194729
    ],
    [
      "DEB-DFF12C88",
      -38.18356869793592,
      -172.4886377164737,
      208.28361042527376
    ],
    [
      "DEB-0F16D37F",
      -26.552586111928758,
      124.47834918665895,
      725.0424729677698
    ],
    [
      "DEB-E0077581",
      13.716383775550625,
      -15.501814907331626,
      330.81688559273243
    ],
    [
      "DEB-CD8D47D1",
      17.723900713197526,
      125.80018545639886,
      574.7370189867115
    ],
    [
      "DEB-97A18233",
      -55.583362223209065,
      -63.832287397982995,
      267.856044980741
    ],
    [
      "DEB-EAE27399",
      17.235733807954116,
      -43.842166261823216,
      125.73947117038551
    ],
    [
      "DEB-61F7250E",
      32.33507847419735,
      -139.91754179070102,
      519.390891750164
    ],
    [
      "DEB-30254176",
      -3.794449238160173,
      29.660951501016903,
      197.8384541306241
    ],
    [
      "DEB-F7C3B07B",
      37.603716580907246,
      174.1380757951172,
      413.23041663549066
    ],
    [
      "DEB-706C9D21",
      46.58266052376923,
      155.67055409925214,
      324.2165052905466
    ],
    [
      "DEB-6F181C23",
      -7.185865345349138,
      82.14692531449302,
      887.5828066057666
    ],
    [
      "DEB-3101E472",
      8.887715873186973,
      -153.52437052499673,
      699.5200529065978
    ],
    [
      "DEB-10570C74",
      12.359189306460552,
      -161.77364654281956,
      125.58238721414273
    ],
    [
      "DEB-4E1D5CC8",
      -47.68211477574871,
      -168.27955928914676,
      523.3427248905109
    ],
    [
      "DEB-F74944B2",
      40.2338714144662,
      46.94916829458391,
      693.8676388816348
    ],
    [
      "DEB-59EDB20E",
      -37.995126752140486,
      54.740958876561486,
      885.1338766220861
    ],
    [
      "DEB-822A3F12",
      11.714008652799443,
      -112.52359446672843,
      560.1801987352756
    ],
    [
      "DEB-29A8F71A",
      52.63870149981159,
      77.27405904763876,
      561.0877102350078
    ],
    [
      "DEB-AB22183D",
      23.14211827538652,
      -29.587260852377277,
      159.79898011097703
    ],
    [
      "DEB-2629B317",
      -22.859094398175696,
      123.42932749015861,
      705.0063500655624
    ],
    [
      "DEB-A14C3F42",
      -23.00893970241314,
      30.31930108905378,
      668.6057361759085
    ],
    [
      "DEB-1935B012",
      -5.453933669644814,
      -104.64578625729044,
      758.9339810295187
    ],
    [
      "DEB-3C41D96D",
      -11.329874945883025,
      99.44646362552903,
      784.5042541054927
    ],
    [
      "DEB-1514ABC7",
      40.956005429597404,
      69.08867809017025,
      912.7929692568268
    ],
    [
      "DEB-27A8974A",
      48.23126413319326,
      -91.59322623514394,
      540.8849830508925
    ],
    [
      "DEB-1308B8CA",
      -49.63542487236666,
      159.6209708694527,
      544.7678682013675
    ],
    [
      "DEB-26186328",
      -43.071336027346156,
      -92.41943057523623,
      246.4402321949583
    ],
    [
      "DEB-20A67F3E",
      -41.05892538002674,
      3.743979882891254,
      267.2527386186157
    ],
    [
      "DEB-B448088D",
      -29.110056892998035,
      142.67177197088012,
      303.17648888681015
    ],
    [
      "DEB-23782C80",
      28.51622053604762,
      -78.31411968900116,
      749.6296094229119
    ],
    [
      "DEB-8BDEE166",
      -43.27958377571521,
      102.01472647515253,
      198.78095119748014
    ],
    [
      "DEB-0B0BF5E8",
      -72.08046275548428,
      57.23338804196598,
      679.0557330454021
    ],
    [
      "DEB-4D44DB22",
      10.326330568911153,
      -148.88258165711824,
      416.61852141695636
    ],
    [
      "DEB-3673D547",
      71.81699747432761,
      167.09183230249488,
      752.6048961122606
    ],
    [
      "DEB-7701CA4C",
      -22.988765818849863,
      -164.6753753402334,
      681.6592055004685
    ],
    [
      "DEB-8638128C",
      -11.657116085592575,
      -36.64478580732435,
      281.15172177276963
    ],
    [
      "DEB-98C980AE",
      -31.74725267803855,
      164.0668283975127,
      151.4010215045164
    ],
    [
      "DEB-82B2466A",
      -24.248578536150283,
      -134.4934857100355,
      913.0677193630845
    ],
    [
      "DEB-45025DEC",
      -48.97950117623517,
      -46.15684564179093,
      481.32945991608085
    ],
    [
      "DEB-A075369B",
      42.804074405885416,
      84.68845958680063,
      351.39975151231647
    ],
    [
      "DEB-C3201C2B",
      -28.511780879854246,
      -110.56187070167212,
      449.7409807722079
    ],
    [
      "DEB-7D5A0DEB",
      -25.792282492311195,
      167.02606609137942,
      854.006771733767
    ],
    [
      "DEB-2E663790",
      17.985042089681592,
      -161.15502769627756,
      247.76984868400814
    ],
    [
      "DEB-5C91BB35",
      33.83127938526204,
      -6.9461209271564845,
      472.8274741049336
    ],
    [
      "DEB-A5D0BDAD",
      -38.09567152610524,
      23.374068129193713,
      336.77182694183466
    ],
    [
      "DEB-F331F639",
      -69.04440773829127,
      -67.57715777544546,
      908.9425785185895
    ],
    [
      "DEB-FA0EF10A",
      -50.08703623691584,
      163.5421124862382,
      512.4254624068872
    ],
    [
      "DEB-8C0D99DC",
      -47.15108037760532,
      33.53324117494008,
      537.4782862569446
    ],
    [
      "DEB-D9A0D278",
      -19.99415377857808,
      -107.71206394435549,
      745.2044977444275
    ],
    [
      "DEB-624F7EE9",
      8.500443129555988,
      -13.734353300895489,
      448.4461708906283
    ],
    [
      "DEB-1179FA7E",
      -19.439742056723855,
      57.47948802503187,
      637.0819662322501
    ],
    [
      "DEB-34EC0246",
      -27.380397765383844,
      -42.804585200226015,
      513.0993335810472
    ],
    [
      "DEB-40A653B4",
      -11.312540684298922,
      -23.12847881548056,
      242.10078799297116
    ],
    [
      "DEB-6E450030",
      41.90970030693221,
      -31.84608392223392,
      902.0121898575808
    ],
    [
      "DEB-493B8D70",
      80.05656631231562,
      -63.95551926499373,
      851.1858111839429
    ],
    [
      "DEB-06530ED5",
      31.51704129995837,
      -152.10943907150357,
      581.4747480123642
    ],
    [
      "DEB-60CAEC8B",
      -45.01432376207877,
      -64.99349483091723,
      446.89224329774333
    ],
    [
      "DEB-76E1F320",
      -25.32309603057595,
      -124.3743371951305,
      170.84479779463163
    ],
    [
      "DEB-494C95E2",
      -12.681612285918995,
      -85.96147245135239,
      922.9628390257258
    ],
    [
      "DEB-754EE9FD",
      -32.79346226367654,
      -138.22279263210999,
      795.6920115937064
    ],
    [
      "DEB-C21BCFA2",
      35.29606967573023,
      -29.425145671522337,
      603.246035662215
    ],
    [
      "DEB-B5D35D6A",
      -46.96597513807201,
      -4.219694444846237,
      251.41995391922228
    ],
    [
      "DEB-3D6F58C2",
      -52.89335345894247,
      82.87349904151172,
      848.7194949257455
    ],
    [
      "DEB-3D0BEB3D",
      -23.728219935237288,
      55.80835430720236,
      421.48497355118434
    ],
    [
      "DEB-BAA58EE9",
      20.63938494243443,
      -58.85240845699612,
      161.3406936925703
    ],
    [
      "DEB-7F9B2EC9",
      24.330044806754263,
      32.10002208108862,
      151.71190405473408
    ],
    [
      "DEB-58B7DEC8",
      36.62971978539271,
      107.79687113446282,
      782.6120199420047
    ],
    [
      "DEB-C2F58397",
      -3.7877305765552363,
      24.490479416582474,
      190.59315628939112
    ],
    [
      "DEB-16ADC0FB",
      -12.171540320268127,
      139.80262351014153,
      744.4965250138484
    ],
    [
      "DEB-27C9FF20",
      -49.452355081582304,
      -3.7937403027133825,
      164.58281067549342
    ],
    [
      "DEB-71CDC596",
      -27.94925312529141,
      -138.30623016575322,
      140.98215514830827
    ],
    [
      "DEB-2E72713B",
      -47.29868814296542,
      -175.0518841356593,
      266.526165762446
    ],
    [
      "DEB-3455040E",
      -11.044807579275174,
      165.19655852766738,
      372.7924341650687
    ],
    [
      "DEB-2EB3E273",
      -5.398965504452326,
      -158.6752892191229,
      540.7423672557525
    ],
    [
      "DEB-31088076",
      -12.209075759793505,
      126.51559080693627,
      580.2182896209051
    ],
    [
      "DEB-B30DB9B0",
      -52.626754937059715,
      19.950648996224665,
      686.8803621566549
    ],
    [
      "DEB-DD39FA64",
      -32.503859366221654,
      -83.88229574535447,
      297.2731442257782
    ],
    [
      "DEB-589F27C8",
      20.028273345423052,
      124.13808051869573,
      726.1335606971525
    ],
    [
      "DEB-84821287",
      -15.558566354602316,
      26.460769802821353,
      324.00080012142826
    ],
    [
      "DEB-6FF8E8E4",
      -61.15637835592243,
      -112.96630169235115,
      214.6920038068656
    ],
    [
      "DEB-392BFACC",
      65.56560265387111,
      87.9959078550256,
      409.54915683146646
    ],
    [
      "DEB-739FCE8D",
      9.065353955370682,
      -46.5253835735065,
      245.3659861982369
    ],
    [
      "DEB-B727A537",
      -23.940699251079472,
      -107.8254933000688,
      401.61918450944904
    ],
    [
      "DEB-5E079707",
      9.983346156868807,
      138.66693250124638,
      207.15187280614373
    ],
    [
      "DEB-6A2A01CA",
      68.74230227241681,
      -87.1079418835745,
      179.03801902572923
    ],
    [
      "DEB-613FF838",
      55.02982426222876,
      -47.93082930593055,
      729.2886523554571
    ],
    [
      "DEB-9C52B770",
      -9.297669670743343,
      24.279891462482443,
      824.7533182027746
    ],
    [
      "DEB-00FCFF14",
      52.91746700960148,
      -152.673115693743,
      324.4880668213991
    ],
    [
      "DEB-CA63F5D6",
      -39.9134113585921,
      89.98505244327735,
      385.3193492955588
    ],
    [
      "DEB-806ED946",
      58.435232308051816,
      138.57731701093485,
      581.9554091671307
    ],
    [
      "DEB-D0437929",
      40.42405175494483,
      64.56760188616131,
      672.6230641694319
    ],
    [
      "DEB-37D65605",
      51.763375868963976,
      162.01104983779547,
      554.8524446190104
    ],
    [
      "DEB-10287FE9",
      -19.631147463013868,
      108.00440363397122,
      198.49402968890718
    ],
    [
      "DEB-65E3DB2D",
      46.080250730052995,
      -70.34998995914013,
      690.7765691340855
    ],
    [
      "DEB-D2434957",
      -65.95483527764328,
      -83.71811411268078,
      380.794174004297
    ],
    [
      "DEB-578EEA79",
      37.8499855911446,
      162.50175490983924,
      768.6774285387773
    ],
    [
      "DEB-934069E9",
      9.283342563078381,
      -130.87818390498938,
      877.3555386813596
    ],
    [
      "DEB-353E7BC2",
      -10.230730783059997,
      -14.031599872744325,
      658.3370989601053
    ],
    [
      "DEB-5DF52FAD",
      2.406351133715301,
      52.777475051761165,
      440.5365995682996
    ],
    [
      "DEB-D97BD3DD",
      34.623251563392245,
      153.83691232544106,
      848.9433166546169
    ],
    [
      "DEB-68E952DD",
      -44.96805307103512,
      35.28187121547438,
      518.3798740031543
    ],
    [
      "DEB-D1A9557D",
      -2.6617203137464043,
      -65.19110177766565,
      471.17950541022765
    ],
    [
      "DEB-40D95B28",
      10.742939022330157,
      38.5391346318785,
      587.2580388250854
    ],
    [
      "DEB-C8ACEA92",
      -20.50956352629524,
      -36.608170968136925,
      314.06030624941013
    ],
    [
      "DEB-C8DBE4B1",
      -1.0444803479160534,
      23.602961247189203,
      790.849784071569
    ],
    [
      "DEB-5B0F0C57",
      38.83489340917057,
      -161.63673704593228,
      356.82305878026364
    ],
    [
      "DEB-F39EC762",
      2.9450229314049783,
      -124.32057234280606,
      380.3635913115104
    ],
    [
      "DEB-F53C2185",
      -39.823122699480926,
      148.80919322299385,
      310.1521820875005
    ],
    [
      "DEB-2E4565AC",
      -47.94017961503188,
      173.97135300373236,
      421.42719188592946
    ],
    [
      "DEB-9513522F",
      36.79841916914132,
      -136.14133586690022,
      505.6079040220675
    ],
    [
      "DEB-D862863A",
      -14.503619177205483,
      22.85865671797492,
      622.5293778377354
    ],
    [
      "DEB-53D690C8",
      -18.983267435611054,
      -154.02786864561418,
      430.56093864814375
    ],
    [
      "DEB-2FE25B31",
      -66.80007335233748,
      118.95250348060489,
      750.7009002196282
    ],
    [
      "DEB-443D18C9",
      -14.175523907644271,
      157.252288948462,
      278.8656765796395
    ],
    [
      "DEB-43EE18E2",
      2.7772620564407995,
      23.954997123437316,
      712.2311846688317
    ],
    [
      "DEB-3F00003B",
      30.385993073768883,
      -158.4593921349227,
      243.5029774712557
    ],
    [
      "DEB-87C7A96D",
      28.691332824440245,
      -106.4604323871937,
      371.367889678716
    ],
    [
      "DEB-0930382A",
      -31.763955908814243,
      -14.351693854541239,
      447.31613879012184
    ],
    [
      "DEB-9011D626",
      -18.262220733691578,
      109.63251569019323,
      884.0899900401664
    ],
    [
      "DEB-07FA90A7",
      -16.551014951325172,
      30.630460972217957,
      315.8483930727589
    ],
    [
      "DEB-048C78B5",
      -4.345670061133177,
      -43.3532947241195,
      597.8033202118249
    ],
    [
      "DEB-D6A435E4",
      8.60902263373868,
      95.27660226967329,
      130.56051352321265
    ],
    [
      "DEB-0E213670",
      -85.23596385453712,
      -109.45402562041289,
      244.7164542940618
    ],
    [
      "DEB-2391834B",
      28.073940789751802,
      -140.55715870970926,
      348.05158993131226
    ],
    [
      "DEB-958C6E9E",
      -54.944192478288485,
      157.49622717783262,
      131.5026465473111
    ],
    [
      "DEB-E8608281",
      5.172114319831597,
      -166.81717201131426,
      746.2819871480106
    ],
    [
      "DEB-BAE69421",
      -15.436090669352632,
      -166.47191148140465,
      211.1527386567659
    ],
    [
      "DEB-BEF3DF10",
      26.360946691231838,
      -131.64530002481433,
      267.8533350029011
    ],
    [
      "DEB-EFDA34A2",
      54.50082390561489,
      34.99005172803304,
      178.5962417670462
    ],
    [
      "DEB-963AEA60",
      -44.910905440112714,
      -56.23810125607721,
      290.2602118922905
    ],
    [
      "DEB-817FD068",
      -10.161175287607541,
      -6.70351513649529,
      613.1259530830057
    ],
    [
      "DEB-DE22E9C9",
      11.954529080854961,
      95.32642524244632,
      782.0083812340836
    ],
    [
      "DEB-98659C6B",
      15.82181749462075,
      16.54813708287156,
      521.0193654014602
    ],
    [
      "DEB-45B42CA4",
      32.31088213022726,
      100.05616626353947,
      802.8374869952559
    ],
    [
      "DEB-27D48ECE",
      2.9886813236873357,
      51.399010562417125,
      288.51426618565074
    ],
    [
      "DEB-304C9E91",
      -15.678436852229598,
      164.41915450578637,
      808.4081015869306
    ],
    [
      "DEB-6AB9D730",
      -46.179692650752735,
      -167.54322638488307,
      645.1956612657523
    ],
    [
      "DEB-24DE3D0B",
      -4.740756433619778,
      -109.93366352256344,
      586.5941322682984
    ],
    [
      "DEB-D364E009",
      -18.06467185679439,
      72.69813826866937,
      687.4968322416235
    ],
    [
      "DEB-59DB6F48",
      14.14558711393774,
      -46.11302254701351,
      723.5850464748646
    ],
    [
      "DEB-48E37AC7",
      72.06233294143365,
      -150.03097662680403,
      149.9778659294634
    ],
    [
      "DEB-9AB140F9",
      -40.96401833768484,
      -28.156157866450723,
      561.3499175884835
    ],
    [
      "DEB-91EF86E8",
      -26.437837592210062,
      -0.6571369329794635,
      834.8380012553707
    ],
    [
      "DEB-A784D39D",
      4.775032872423154,
      157.95984246724052,
      486.52951694802323
    ],
    [
      "DEB-1BF2810E",
      -43.334864602033356,
      -148.9617555290175,
      615.7068849902007
    ],
    [
      "DEB-6F898F63",
      53.403936193333024,
      163.11792691882002,
      340.16585286772533
    ],
    [
      "DEB-1AA9A29F",
      18.48128701574082,
      -23.35536045917271,
      815.0798742864181
    ],
    [
      "DEB-0262D491",
      41.656781305798894,
      153.00159259484894,
      877.565808808471
    ],
    [
      "DEB-504DBCAD",
      -38.2630547480933,
      19.356589841831845,
      218.07214651334107
    ],
    [
      "DEB-9F249511",
      -26.317454595545925,
      -72.17973163476171,
      835.9571879992036
    ],
    [
      "DEB-DFB2A879",
      38.405137624609,
      153.37492901632794,
      535.4466923187601
    ],
    [
      "DEB-ED821AFF",
      -71.17408076303472,
      -146.71761431555984,
      142.7349383331566
    ],
    [
      "DEB-E20C1485",
      -33.64433995891536,
      129.8069958406186,
      600.5864931045471
    ],
    [
      "DEB-0D53B52C",
      -18.25937783160841,
      -133.55466414317186,
      217.31639084019207
    ],
    [
      "DEB-F80D85FA",
      13.645176833555384,
      128.07615160231583,
      804.5826897267252
    ],
    [
      "DEB-45E2928A",
      8.146129060613047,
      116.16528285490467,
      330.07031069100594
    ],
    [
      "DEB-86884AC9",
      -81.2361227353577,
      9.4589598713538,
      752.9914764960422
    ],
    [
      "DEB-3694BE65",
      -44.77163091445769,
      -24.221520388777936,
      482.85670629360266
    ],
    [
      "DEB-00B672AE",
      76.54775508674639,
      118.74705602030276,
      322.6897338174813
    ],
    [
      "DEB-2F594471",
      5.383581078859578,
      -82.36914228980247,
      599.4646927060803
    ],
    [
      "DEB-41EFC828",
      57.116582375252925,
      -52.82825801045842,
      572.6575346210147
    ],
    [
      "DEB-D2B2CCBA",
      28.725291394486476,
      -68.29650044230732,
      773.0131870515006
    ],
    [
      "DEB-9D2A59B7",
      -28.226959016481707,
      79.30227993749307,
      362.7449700117022
    ],
    [
      "DEB-21B6D980",
      1.5068396684698444,
      65.1832977524101,
      636.5515061202932
    ],
    [
      "DEB-F794BA1A",
      7.374273268831392,
      34.39398897001919,
      248.78382935187255
    ],
    [
      "DEB-170D1FAE",
      30.507448194447214,
      108.08605751360311,
      886.2479246373005
    ],
    [
      "DEB-4B2046E8",
      52.08542243528637,
      158.78089770434943,
      220.4205408754633
    ],
    [
      "DEB-C6996D9C",
      -6.681674436514098,
      160.74974329373117,
      326.1766798377457
    ],
    [
      "DEB-BDA3702A",
      0.5630499700920953,
      -29.027865093346346,
      649.7619567512984
    ],
    [
      "DEB-AF4FC6CC",
      17.98275745671678,
      -10.042459422910175,
      784.5033047902925
    ],
    [
      "DEB-9655B0D5",
      17.02575859331338,
      -146.8919608061742,
      353.83144844285926
    ],
    [
      "DEB-99E85C1A",
      39.70744082262471,
      37.15231808552912,
      883.1804607854001
    ],
    [
      "DEB-E7E119D7",
      6.207562965402354,
      146.05004135378212,
      474.7793718996045
    ],
    [
      "DEB-351E3B50",
      -2.2219893613624313,
      153.5779500025336,
      284.1910279140593
    ],
    [
      "DEB-1F863CAE",
      41.83760067823515,
      69.77389243833478,
      844.1144112903676
    ],
    [
      "DEB-2F16042C",
      13.10345569280777,
      -100.29912269329988,
      531.1771284146153
    ],
    [
      "DEB-09B9397C",
      -4.657061808906746,
      9.613527498608791,
      660.3640056981276
    ],
    [
      "DEB-2B6EB210",
      -56.108948321831065,
      64.31079216625402,
      424.8048179935886
    ],
    [
      "DEB-7B0E09D8",
      7.416856000534169,
      -107.99240552449172,
      425.81551919197864
    ],
    [
      "DEB-AFCA63F3",
      -33.69671703087989,
      137.35322085749434,
      327.88714380213514
    ],
    [
      "DEB-51A8E238",
      21.020951365782533,
      14.394000058333313,
      386.75305649031543
    ],
    [
      "DEB-59AF57AB",
      -69.38535446315196,
      -35.63679361208437,
      236.36174284312438
    ],
    [
      "DEB-01E0336D",
      64.9261526916083,
      57.53766022886488,
      168.63065984577497
    ],
    [
      "DEB-1996F815",
      -74.26685025098914,
      165.51437080880476,
      335.3566903607925
    ],
    [
      "DEB-91004463",
      -7.956588180219527,
      31.2512099340832,
      124.64187706275789
    ],
    [
      "DEB-24FF3ECC",
      61.04030574244616,
      -84.98229097023439,
      144.5294645369113
    ],
    [
      "DEB-4501AB37",
      66.74914449175003,
      -170.02485100698698,
      331.59742304222436
    ],
    [
      "DEB-F6170B4E",
      60.905848495677816,
      -28.04802071976545,
      355.6614065226886
    ],
    [
      "DEB-90208A56",
      -32.76659505598175,
      -27.806826802898627,
      740.783719004994
    ],
    [
      "DEB-DC0C64AB",
      14.115785391525156,
      175.42541381685743,
      231.6045206906183
    ],
    [
      "DEB-9D95403D",
      -25.37692638624545,
      84.39226405907577,
      859.1253488205357
    ],
    [
      "DEB-B52999FB",
      -59.74487693273246,
      -94.87572429766591,
      156.9227150862489
    ],
    [
      "DEB-DB596515",
      30.57001914116369,
      79.59068185086066,
      900.8384180267612
    ],
    [
      "DEB-B151B5C1",
      40.560747461443796,
      158.89461115999183,
      512.2543257439929
    ],
    [
      "DEB-A2FC1DBA",
      -18.79300596536323,
      150.14819240071853,
      312.810881632543
    ],
    [
      "DEB-66352EE7",
      41.209518582367416,
      -135.98519259366864,
      718.048840005361
    ],
    [
      "DEB-E693BFB3",
      49.24293424998799,
      -155.83154209937828,
      288.58628243229396
    ],
    [
      "DEB-99A90FDE",
      39.8693688199347,
      110.34931696084051,
      712.9967459815098
    ],
    [
      "DEB-B31BEF46",
      23.570185132830595,
      34.45902157542019,
      562.8931768678958
    ],
    [
      "DEB-8409C8D1",
      80.17372164275548,
      88.7125178775646,
      692.5045870174617
    ],
    [
      "DEB-44A26B7E",
      49.11981273460587,
      28.741021347339146,
      512.729734525903
    ],
    [
      "DEB-F35206F3",
      32.4433906023331,
      45.21738493846955,
      744.5099736312513
    ],
    [
      "DEB-E86B11EA",
      7.375377655297528,
      -170.31022840248949,
      199.56611998444623
    ],
    [
      "DEB-6511F8A4",
      41.618326567392884,
      90.82777144796951,
      766.5642792467579
    ],
    [
      "DEB-1B867E52",
      -4.931482289526035,
      43.32685647331712,
      239.80196772228737
    ],
    [
      "DEB-D55CD61C",
      -29.88661683143791,
      -4.075122419288116,
      222.59311430612252
    ],
    [
      "DEB-F69ED12C",
      7.7685376885553765,
      27.76466946718659,
      926.986344764261
    ],
    [
      "DEB-439D83EE",
      -24.062115804702636,
      164.017668746824,
      449.1306077979907
    ],
    [
      "DEB-9C6FE47E",
      -37.75270634346671,
      -152.95633562680155,
      170.78727323300427
    ],
    [
      "DEB-656305B5",
      -46.78872318053972,
      -165.24163535608653,
      320.81634141629456
    ],
    [
      "DEB-7AF767DF",
      -33.93735289785045,
      -146.42700855847113,
      134.15218564279894
    ],
    [
      "DEB-145BE3B7",
      -25.430218012365184,
      4.814529397258904,
      745.3441937085454
    ],
    [
      "DEB-5ADEF6FC",
      -11.76713298874163,
      -98.2532718867852,
      559.6262421139927
    ],
    [
      "DEB-5A8D34BC",
      14.198293198723908,
      151.93090847195322,
      181.12840839364617
    ],
    [
      "DEB-16067907",
      -13.694010065684694,
      6.902775064822366,
      581.7773575114361
    ],
    [
      "DEB-73EB371A",
      11.742526295202909,
      -170.94865732709405,
      356.3642392057991
    ],
    [
      "DEB-0C751892",
      33.133150149526564,
      -67.19480670133332,
      595.2285668451277
    ],
    [
      "DEB-2DB76334",
      -24.132481812013765,
      164.44677944925465,
      820.4588913068183
    ],
    [
      "DEB-17494302",
      10.130748714013377,
      129.53605395690872,
      274.449385737631
    ],
    [
      "DEB-EC5997CF",
      55.87421259757536,
      11.772058832252766,
      846.3880006582322
    ],
    [
      "DEB-CFE10791",
      42.9386137250577,
      74.34932260589683,
      202.59577185051057
    ],
    [
      "DEB-6B864DE6",
      -40.11192965280447,
      27.43629109473699,
      700.2410329319509
    ],
    [
      "DEB-0DA61E07",
      -37.468465083135705,
      -146.55345377581392,
      526.5725253786395
    ],
    [
      "DEB-9DE70895",
      -19.936671529050162,
      18.515777038107526,
      898.0236631100006
    ],
    [
      "DEB-EBB87351",
      64.87495280578727,
      -86.55243861255114,
      667.6881331719069
    ],
    [
      "DEB-4C5CD811",
      -34.43328277588309,
      -154.19123276837726,
      542.5953433999384
    ],
    [
      "DEB-E65B1EC0",
      -35.36819126179319,
      152.01607750385944,
      246.3625788847121
    ],
    [
      "DEB-97323CAF",
      23.33998090072092,
      -55.31044868118854,
      290.3034980108887
    ],
    [
      "DEB-EBC2D575",
      42.27896205565958,
      -105.96399550504204,
      340.3209880452059
    ],
    [
      "DEB-C8BBF9E7",
      23.775350458386345,
      86.95208797468995,
      374.2438078216401
    ],
    [
      "DEB-CC537F84",
      -38.242868236782954,
      2.5883711937570677,
      528.4073627519019
    ],
    [
      "DEB-7E826335",
      -12.807832529408197,
      -129.93050891574327,
      196.25433881142635
    ],
    [
      "DEB-CF5041E2",
      -7.997021995310356,
      -122.60678983258373,
      312.29340069398586
    ],
    [
      "DEB-C2A049AC",
      40.36383974865691,
      169.36640530218554,
      829.482050294273
    ],
    [
      "DEB-531E5F44",
      -27.927690200237418,
      -75.22879032233676,
      832.0052400423137
    ],
    [
      "DEB-FC57FE77",
      34.80398571799841,
      100.65515992994457,
      300.82922678639807
    ],
    [
      "DEB-EE960CD0",
      -18.690840283811415,
      -20.75439911811013,
      403.40576767880975
    ],
    [
      "DEB-4D6BD474",
      -18.647964816382416,
      -94.28222667610255,
      293.77657912360155
    ],
    [
      "DEB-6F60CE03",
      -60.53384209159415,
      7.488518220302819,
      832.0674474364923
    ],
    [
      "DEB-4B14CF76",
      32.613176631829134,
      88.02258985534927,
      616.0234667351451
    ],
    [
      "DEB-1D95E156",
      -16.64004571294514,
      146.40352416107075,
      792.5781678834373
    ],
    [
      "DEB-3540B671",
      -57.53441693497015,
      49.90405346916227,
      608.6972385413428
    ],
    [
      "DEB-C8AE3BD5",
      -3.0094948778210706,
      140.6368931976246,
      682.491086561974
    ],
    [
      "DEB-E37C4A6C",
      -54.18101787814953,
      -18.524648350747942,
      884.9878074025064
    ],
    [
      "DEB-345FCAD0",
      63.5739449289363,
      -110.45268399759988,
      915.5742581274917
    ],
    [
      "DEB-F80D024C",
      -5.206779067534795,
      -32.5852684437376,
      379.38619287860183
    ],
    [
      "DEB-79D376C4",
      35.00070268411855,
      -41.51309126185712,
      199.29197045820092
    ],
    [
      "DEB-D23F8E8B",
      -72.5428974043791,
      -90.03402090589161,
      876.4391930616748
    ],
    [
      "DEB-D70119C4",
      -38.4600620238439,
      163.2688791854906,
      491.6379728464244
    ],
    [
      "DEB-70CAE28D",
      23.08217840664273,
      -84.44710006099724,
      501.11230993420395
    ],
    [
      "DEB-266D1A1F",
      47.548929248782706,
      24.632516302736573,
      531.7156921362694
    ],
    [
      "DEB-B9AF147A",
      47.62447584191978,
      111.15370511410542,
      399.88914242170085
    ],
    [
      "DEB-018FF511",
      -45.223477512266044,
      -54.28736843099482,
      204.20354369416418
    ],
    [
      "DEB-64FAAE5A",
      48.871908171346405,
      68.1797405315611,
      458.5675410074509
    ],
    [
      "DEB-E8508F6E",
      22.953345155105687,
      10.816225913158954,
      260.1192936116977
    ],
    [
      "DEB-0571A6CA",
      24.918362070662045,
      97.60800453420362,
      166.72644661627692
    ],
    [
      "DEB-5857B86F",
      26.01127699636091,
      -51.839744577511624,
      913.618914188929
    ],
    [
      "DEB-B4D0C1B8",
      14.410854727525322,
      37.15102209825073,
      258.7321526482274
    ],
    [
      "DEB-43C07736",
      -51.249990818606925,
      -176.85661268732616,
      484.20846604784674
    ],
    [
      "DEB-26C84E6B",
      54.9657623808657,
      152.46613842982242,
      538.065628293004
    ],
    [
      "DEB-02B71E8F",
      -28.02051524672735,
      51.48107268770993,
      131.72572455574664
    ],
    [
      "DEB-E98EF8EA",
      -56.178569852564706,
      -49.90585510120584,
      593.5435586074764
    ],
    [
      "DEB-C3B4A6AF",
      -54.797283353514054,
      12.081091683425486,
      430.733555295913
    ],
    [
      "DEB-1B14D738",
      -16.371183670916576,
      0.9253440675140145,
      833.8509004326588
    ],
    [
      "DEB-6D9EE558",
      8.288093211571447,
      41.62477414822177,
      534.2121413301729
    ],
    [
      "DEB-9C709B7B",
      28.11020488452091,
      -93.795583628983,
      894.4201538361995
    ],
    [
      "DEB-EA7E22D6",
      38.1589098173255,
      -50.791062103812244,
      783.0896083189691
    ],
    [
      "DEB-425995CC",
      58.20946754773121,
      -163.96443130496732,
      159.15255838442863
    ],
    [
      "DEB-FA26C020",
      -10.18872857670865,
      -52.954702088920435,
      877.2297391494058
    ],
    [
      "DEB-A00BA31B",
      59.6520920144371,
      6.2856525258151885,
      648.315491719296
    ],
    [
      "DEB-3D5A634C",
      14.442710658417527,
      -8.016098356099457,
      523.8772499344559
    ],
    [
      "DEB-A3A74D18",
      10.66713286815391,
      21.126016109051577,
      492.52834644653103
    ],
    [
      "DEB-92578145",
      30.675974600132854,
      77.20187579390935,
      893.2853313615142
    ],
    [
      "DEB-5D8869F0",
      -0.3287820999290459,
      147.49876085653898,
      283.72769608749786
    ],
    [
      "DEB-CFF758BD",
      -31.492433991919146,
      32.47049419826164,
      905.9543000431777
    ],
    [
      "DEB-D444AA83",
      1.897085835085228,
      94.77194140648626,
      695.4589338764617
    ],
    [
      "DEB-F33FB384",
      42.54097739196256,
      97.49958324600985,
      867.3919801851143
    ],
    [
      "DEB-6840ECF6",
      38.302122888802934,
      84.66623480193971,
      188.4795349637243
    ],
    [
      "DEB-6A655246",
      40.041995735640505,
      -76.91656421357689,
      591.5586738027177
    ],
    [
      "DEB-655539B9",
      -24.912884018798888,
      160.36638179996507,
      267.22867250042236
    ],
    [
      "DEB-B28601C7",
      -71.19108420795293,
      162.9558233101001,
      662.1803371663418
    ],
    [
      "DEB-2D6EA778",
      28.566477847251385,
      73.37704365850719,
      592.4776063621994
    ],
    [
      "DEB-CE352548",
      24.366917455248483,
      -143.20309225070505,
      130.16928936284603
    ],
    [
      "DEB-F25F72B2",
      80.78332763792515,
      88.76482346506063,
      477.2021427687223
    ],
    [
      "DEB-292AA741",
      2.722922002263169,
      55.53213494507532,
      339.44266220134705
    ],
    [
      "DEB-23A6A23F",
      14.475734590514346,
      -30.789348115333247,
      161.3045186602194
    ],
    [
      "DEB-F7CD8E55",
      45.97814425536017,
      140.0920580192311,
      872.0562255577679
    ],
    [
      "DEB-F5F9E4F7",
      0.9563000757430468,
      -165.63537192830825,
      709.2558441854517
    ],
    [
      "DEB-01DA6625",
      17.864852598103887,
      -40.91026954643307,
      797.7507602469759
    ],
    [
      "DEB-52D09952",
      35.29253475807526,
      -80.84921509168564,
      628.206612995109
    ],
    [
      "DEB-AA01B0C7",
      -30.915545962443776,
      19.042000505662145,
      141.61694098900261
    ],
    [
      "DEB-E4C91321",
      21.669013930374128,
      -67.79594496017233,
      161.41885312290833
    ],
    [
      "DEB-6D73694F",
      -0.41910049332569727,
      65.20972298627613,
      592.9016077391889
    ],
    [
      "DEB-2A43C057",
      57.82372110062673,
      -45.6463449652054,
      432.77706191964535
    ],
    [
      "DEB-AD0D0F35",
      -8.192262423776794,
      89.18778186013145,
      465.7396593175681
    ],
    [
      "DEB-ACB1075E",
      33.79201867962351,
      12.045990850625339,
      333.048753889183
    ],
    [
      "DEB-035ED102",
      5.2014632757119745,
      82.63758713258103,
      498.0029482185437
    ],
    [
      "DEB-5E8FB5FE",
      -31.427084942402118,
      -75.75400440145862,
      556.2964975816949
    ],
    [
      "DEB-4B6180DF",
      33.743882145719645,
      -142.32969199140578,
      314.1762981421325
    ],
    [
      "DEB-C7E32AB3",
      -22.096236568616693,
      54.62911993275688,
      308.16605045411234
    ],
    [
      "DEB-0BAE782B",
      -49.17389099830795,
      -133.80445875987047,
      885.6059585545127
    ],
    [
      "DEB-EB29D553",
      -54.983675991594644,
      -95.17856979585963,
      144.13311530777264
    ],
    [
      "DEB-374D5E1F",
      55.977210886227176,
      -9.94727754553678,
      597.334689604043
    ],
    [
      "DEB-66C5FE49",
      1.5592520190752015,
      111.77333831715197,
      727.2923142805339
    ],
    [
      "DEB-CBE73972",
      58.71519629850208,
      -154.21296700382365,
      322.95902076905895
    ],
    [
      "DEB-0FD0BD21",
      22.280026106005366,
      -3.906711652210559,
      409.1749294510164
    ],
    [
      "DEB-5EC6B912",
      23.643443683028416,
      61.263607016377435,
      175.47379727141742
    ],
    [
      "DEB-23E1C6A1",
      -36.231972961531,
      -104.15485614486539,
      615.3790975608044
    ],
    [
      "DEB-294B47B5",
      -39.22435890940004,
      -63.200727435565625,
      311.7165970696751
    ],
    [
      "DEB-1ED29870",
      -49.94003524600766,
      159.18883576269982,
      917.4217788372353
    ],
    [
      "DEB-5F44005F",
      -10.88973208273228,
      121.06275328236458,
      632.2307007631644
    ],
    [
      "DEB-CF3A725B",
      -35.47564593046023,
      -101.86872694505062,
      255.29154249963085
    ],
    [
      "DEB-84FBDA6C",
      16.914873296918746,
      -6.289834893119552,
      908.982930476177
    ],
    [
      "DEB-7F5635DA",
      15.800930157699003,
      -149.38997070642785,
      606.527790460781
    ],
    [
      "DEB-B82BC7BC",
      -58.73843812568849,
      -87.50882747233833,
      648.9976479720599
    ],
    [
      "DEB-43C821A4",
      48.922043200974905,
      56.92185885669795,
      647.7579436666674
    ],
    [
      "DEB-9D385D06",
      -31.257026948657085,
      9.130238121264322,
      776.4934881876497
    ],
    [
      "DEB-527CD36A",
      -67.14392955871482,
      -173.0627024156131,
      651.1746402149747
    ],
    [
      "DEB-93826991",
      20.156356651754965,
      -16.045979102155382,
      624.941243411793
    ],
    [
      "DEB-E4F274C6",
      40.918838321925655,
      131.11300775503142,
      256.8985289462289
    ],
    [
      "DEB-90BBE80C",
      3.791076717432118,
      -71.12901295355067,
      483.47388582084113
    ],
    [
      "DEB-16416C72",
      -49.460939452131974,
      -3.248201968888765,
      894.0895845672503
    ],
    [
      "DEB-C486B4D3",
      71.45409267784147,
      0.4750483087378234,
      746.125677721453
    ],
    [
      "DEB-BD5E9648",
      48.619213086188445,
      74.73560325383536,
      700.3958843463734
    ],
    [
      "DEB-8359DA43",
      5.062920111649441,
      175.45214669511228,
      316.98007183111895
    ],
    [
      "DEB-983D20AF",
      5.611237774287199,
      -78.36321096773634,
      884.8907244478241
    ],
    [
      "DEB-8DCEAB20",
      -67.63290403182789,
      -10.401360719016767,
      281.3430596863609
    ],
    [
      "DEB-10D2B2CA",
      8.225259029936533,
      -145.3057471635421,
      694.9998005415437
    ],
    [
      "DEB-BAB88EF1",
      14.254968441832277,
      108.95889941717543,
      449.48118611792324
    ],
    [
      "DEB-975BE7E1",
      -9.853158243450327,
      76.39931307395007,
      795.0407679289665
    ],
    [
      "DEB-3027D7C8",
      43.821765471576654,
      119.25416024389351,
      348.57192955739265
    ],
    [
      "DEB-4DFC7141",
      -31.23293608387102,
      -76.04979456807659,
      427.9140883544933
    ],
    [
      "DEB-36111AA3",
      -70.85412656326915,
      56.127855218819796,
      516.0366699924862
    ],
    [
      "DEB-020996D2",
      -47.40027181710717,
      -95.3429999286662,
      455.2917560379483
    ],
    [
      "DEB-FC489F78",
      -49.54049675892273,
      45.52009144163361,
      178.43042463295114
    ],
    [
      "DEB-1FF9B91B",
      43.61540833835667,
      36.28488924949652,
      539.3473178227441
    ],
    [
      "DEB-194FC384",
      -14.293834511859279,
      -42.20553227874072,
      465.8818651419524
    ],
    [
      "DEB-F19C6CA8",
      -45.19195925009122,
      -46.149459847378374,
      479.86872248884265
    ],
    [
      "DEB-EAD21746",
      -16.794322767172066,
      157.10823344666227,
      471.6348094357736
    ],
    [
      "DEB-AE440F13",
      4.338499363785206,
      -163.38075993474123,
      672.7561507600913
    ],
    [
      "DEB-34EAE619",
      10.420295595805843,
      -105.06814086335297,
      713.4443402777815
    ],
    [
      "DEB-61B238EB",
      12.892122758740872,
      -56.58850654020202,
      328.00996250825847
    ],
    [
      "DEB-303C0CA5",
      -46.17740689179146,
      -168.8964763701782,
      572.7299863408616
    ],
    [
      "DEB-754C52BF",
      35.71351580991306,
      160.3779388666462,
      790.7216724735836
    ],
    [
      "DEB-880452BF",
      9.945405944694741,
      2.0515073040065612,
      196.88512206220548
    ],
    [
      "DEB-5A58FEC4",
      -17.443583630210078,
      158.8038440944817,
      788.6404662534278
    ],
    [
      "DEB-A79175B7",
      -9.152936005050028,
      -144.74227865612542,
      818.962995765417
    ],
    [
      "DEB-3A927ADC",
      -32.418910770234426,
      113.63131968622767,
      807.4596157020915
    ],
    [
      "DEB-2FE0D593",
      -40.93234811109853,
      155.60405727463765,
      362.86055326497535
    ],
    [
      "DEB-B990CE5F",
      58.52095886210235,
      -13.67538439807925,
      192.34537260324942
    ],
    [
      "DEB-4FA9B910",
      -46.90120170392034,
      10.612603151341464,
      340.99236207977265
    ],
    [
      "DEB-FAFB0609",
      -25.050933868995294,
      -60.630746118657726,
      193.39194052018775
    ],
    [
      "DEB-ED7F7D8B",
      -10.538822749079344,
      171.67718793680194,
      382.14656615329477
    ],
    [
      "DEB-D3411697",
      -49.17897129316022,
      -77.98826219583461,
      693.0050441326621
    ],
    [
      "DEB-3B7E9A58",
      50.115848697871556,
      95.30361121263961,
      876.9202028903546
    ],
    [
      "DEB-A0D23B53",
      5.186677578563892,
      -44.147286884291326,
      871.0711455252485
    ],
    [
      "DEB-E1AFD2DE",
      25.945061231105754,
      90.36807513596042,
      745.964074075685
    ],
    [
      "DEB-E4C006AA",
      -7.686928274259259,
      -132.4490536900769,
      192.68905523389003
    ],
    [
      "DEB-D18EC72F",
      -57.17844396510219,
      -158.54919561143603,
      902.5391455045747
    ],
    [
      "DEB-24DB3ECA",
      -67.87153476441618,
      8.982979084812133,
      291.63776854319985
    ],
    [
      "DEB-5A77FB7B",
      71.56185614316576,
      115.42595331712343,
      241.45701797047604
    ],
    [
      "DEB-7E0A9561",
      70.3592204023676,
      -82.92055909254925,
      681.3414415639572
    ],
    [
      "DEB-14E580F8",
      -25.034195880346235,
      -58.19190433757239,
      744.6270821183562
    ],
    [
      "DEB-2BB345BA",
      -24.583316548298097,
      41.83401009809708,
      886.234083524334
    ],
    [
      "DEB-1114150D",
      -49.789123547161324,
      139.25254648379388,
      906.2635821017275
    ],
    [
      "DEB-2DA13EDC",
      -57.59148049816274,
      150.5613316654399,
      804.9163658094394
    ],
    [
      "DEB-D67993D2",
      29.258837119696643,
      -13.07970618562638,
      224.9991140067268
    ],
    [
      "DEB-E4E11C11",
      -66.49849444678959,
      149.02797655839132,
      720.4488084819659
    ],
    [
      "DEB-AC1B2CE9",
      26.288217603875587,
      -130.07657667525297,
      840.4532386005903
    ],
    [
      "DEB-BADC205F",
      -38.31000431708183,
      -139.58000458878558,
      177.46420215815579
    ],
    [
      "DEB-6290294A",
      28.9168140834285,
      -127.7530436135202,
      901.6439255572923
    ],
    [
      "DEB-18D93487",
      -51.27592363501428,
      70.8468699229287,
      761.1657156433475
    ],
    [
      "DEB-623840AE",
      32.281340807916,
      73.60256055658246,
      893.6926810150153
    ],
    [
      "DEB-A697B153",
      44.47603899844591,
      177.75853978974578,
      609.1358213271878
    ],
    [
      "DEB-25F08078",
      -23.925433053015574,
      -83.1447135031497,
      821.0176815176001
    ],
    [
      "DEB-4BA80E87",
      -37.73772502174556,
      -32.38364599650302,
      690.9038237541818
    ],
    [
      "DEB-89F643AA",
      6.968492317762207,
      159.258559093766,
      356.97817257120005
    ],
    [
      "DEB-248A7F37",
      -47.88949829068911,
      -10.017954970944508,
      885.6035151628848
    ],
    [
      "DEB-7AA9DFAA",
      -21.248420196498667,
      145.30560528040562,
      519.9854065194049
    ],
    [
      "DEB-E0E9A5F7",
      0.788575222516342,
      -111.15425130499045,
      237.6497759838494
    ],
    [
      "DEB-05421C6F",
      12.105950982296713,
      -39.36748653084512,
      418.3849819858842
    ],
    [
      "DEB-BE320E9D",
      50.05072728879808,
      -58.470445230723826,
      794.6213713068109
    ],
    [
      "DEB-4BE80AFB",
      48.302268662858154,
      -147.09906907332234,
      800.097924172167
    ],
    [
      "DEB-5F55450B",
      55.20344031425786,
      -107.68120699749088,
      536.7345007377962
    ],
    [
      "DEB-E6908501",
      56.88590317566155,
      87.21151812507385,
      892.3345373606762
    ],
    [
      "DEB-C1FF54B3",
      33.20787773063428,
      -95.81787735496593,
      661.3328625169106
    ],
    [
      "DEB-AD1EFD51",
      -46.327345991550665,
      41.807703467632194,
      440.3283695709988
    ],
    [
      "DEB-09C590D7",
      -23.567495703473476,
      -60.33098739371161,
      548.373481973832
    ],
    [
      "DEB-82BD516C",
      -58.35615865021225,
      -119.56587690370749,
      335.89141209134687
    ],
    [
      "DEB-29EAC21F",
      -38.74920647327176,
      141.491215413505,
      640.4271680983602
    ],
    [
      "DEB-0EC89D11",
      31.50218938196546,
      -9.49661800509966,
      749.5183680230657
    ],
    [
      "DEB-B0CEB245",
      31.74901334089208,
      -97.43920675086318,
      485.2986447511812
    ],
    [
      "DEB-B184795B",
      37.0947993455568,
      -165.6260397842151,
      452.66177491274084
    ],
    [
      "DEB-72098DB9",
      7.335075370531067,
      112.02176436482138,
      802.8459698327715
    ],
    [
      "DEB-6CE5C0B2",
      37.26893024735396,
      13.691200488391639,
      354.40347698592177
    ],
    [
      "DEB-06A3FEBB",
      -70.25895252057576,
      -134.8584856679578,
      577.8875485589879
    ],
    [
      "DEB-FB61E717",
      -4.220121079134542,
      132.60831417278948,
      775.1010566516707
    ],
    [
      "DEB-D30F07E2",
      -4.109637764535003,
      176.32065512186568,
      445.67957203574315
    ],
    [
      "DEB-ACBB4ECC",
      48.885783235771754,
      -138.23342867906456,
      817.5900909478441
    ],
    [
      "DEB-236F4C9B",
      -51.84924030629801,
      -19.048118935416824,
      190.01218249822614
    ],
    [
      "DEB-5B52E26A",
      46.82180739816919,
      108.42239558943011,
      592.472873564896
    ],
    [
      "DEB-6EE7AB84",
      -46.41077904306604,
      -29.814914891700738,
      334.0105907272773
    ],
    [
      "DEB-6EFC1146",
      -12.994883714839698,
      -2.1425552725341657,
      130.28600474011364
    ],
    [
      "DEB-945B1846",
      -24.879467614175468,
      26.54374527119384,
      143.41861495823468
    ],
    [
      "DEB-23524A00",
      13.99806294341855,
      124.16442663527214,
      393.18399041068733
    ],
    [
      "DEB-DDFB9079",
      56.857864140213856,
      -48.441933893442986,
      806.528225249006
    ],
    [
      "DEB-296DD8C0",
      -34.91300942459477,
      -90.4372474783328,
      790.1087900844705
    ],
    [
      "DEB-68D7D62C",
      70.04543576093504,
      38.72477790199009,
      416.1988219355371
    ],
    [
      "DEB-DCC9BA84",
      48.32274276787208,
      105.26503967094361,
      193.3295762997477
    ],
    [
      "DEB-BF830071",
      -17.3454760873033,
      -167.2215611198037,
      270.1724947217008
    ],
    [
      "DEB-0CEC8017",
      27.585470078525525,
      -72.4599886543378,
      717.2190427110236
    ],
    [
      "DEB-2647314C",
      8.68314692704831,
      -46.704541388462104,
      266.1017971449246
    ],
    [
      "DEB-625E7FAC",
      -8.586596483253,
      -128.397695744967,
      138.92237171044235
    ],
    [
      "DEB-D3A748E6",
      40.05025800476932,
      44.11294980529507,
      212.53819397017378
    ],
    [
      "DEB-980DBC98",
      -10.113193470758828,
      -28.975369964102637,
      387.2160514305533
    ],
    [
      "DEB-3E5BC82E",
      67.58692366937765,
      -36.01117690400648,
      887.265282586256
    ],
    [
      "DEB-81414BDC",
      -3.79265071336657,
      76.16559359625242,
      617.169774520793
    ],
    [
      "DEB-EBAA7648",
      27.8845072598886,
      89.23044497787535,
      702.4506186988974
    ],
    [
      "DEB-1D2012FF",
      -17.908214251011028,
      56.09470095957956,
      457.82004473501183
    ],
    [
      "DEB-BDAEF866",
      35.11822951148027,
      -48.697647601081805,
      771.8376019294228
    ],
    [
      "DEB-EC08CEDF",
      -19.019122418255716,
      100.58849073055922,
      307.5266937621009
    ],
    [
      "DEB-89F7DA99",
      19.892683220594385,
      -163.4577535059069,
      409.25069528491895
    ],
    [
      "DEB-1E75094A",
      5.053540005598709,
      89.4741002056424,
      878.254407551317
    ],
    [
      "DEB-82EFA947",
      -38.826237666008915,
      79.81935885512446,
      371.2422847603557
    ],
    [
      "DEB-03B4EA2D",
      -66.96348221254723,
      93.772106409762,
      593.0503285721343
    ],
    [
      "DEB-9CCDCFCC",
      9.765199665232254,
      -110.81691502956573,
      794.0628809369873
    ],
    [
      "DEB-E154207C",
      56.237028762019406,
      -75.74066566576953,
      909.5779824167075
    ],
    [
      "DEB-CBFD5501",
      74.42814573413739,
      14.018464612961084,
      587.2440235418135
    ],
    [
      "DEB-EA6C4F22",
      -21.4340368987706,
      100.25538613724093,
      810.3304826151407
    ],
    [
      "DEB-C96234D8",
      18.768368164293197,
      -133.28159826524396,
      876.5771532860226
    ],
    [
      "DEB-15514F9A",
      35.29361378332875,
      -50.39058475639731,
      707.2209476889066
    ],
    [
      "DEB-27E90385",
      -4.685735200419292,
      4.981681897283356,
      630.7081758836785
    ],
    [
      "DEB-40F03A71",
      -32.54330926931819,
      -86.8188431130091,
      298.94958930913253
    ],
    [
      "DEB-24C39ABF",
      -17.97020720783751,
      -61.724460247737376,
      895.8331348647953
    ],
    [
      "DEB-4CF7C769",
      -27.259049543945405,
      -73.34810987201497,
      696.7072179055149
    ],
    [
      "DEB-B150C62B",
      -56.51147920154047,
      -164.18027110447895,
      838.048908018427
    ],
    [
      "DEB-1C01B4D9",
      22.50731083956741,
      -158.719081663561,
      168.8274278919489
    ],
    [
      "DEB-626C175D",
      24.627091281495172,
      -25.635140428154067,
      884.614193975056
    ],
    [
      "DEB-150320F0",
      -62.416742402960026,
      95.11094109142604,
      563.552446320522
    ],
    [
      "DEB-B04FCD31",
      -56.62177728743193,
      -178.60175454442418,
      184.57810561609858
    ],
    [
      "DEB-644DC18D",
      -31.552068539613714,
      -54.33663241738161,
      587.1978151181465
    ],
    [
      "DEB-1D69A989",
      -19.797687375609684,
      55.443003844772164,
      597.2237229744915
    ],
    [
      "DEB-C1BF1DC8",
      -15.681445893697008,
      58.96294380238428,
      916.3962401992676
    ],
    [
      "DEB-32611586",
      -5.876807974666358,
      21.238173260256833,
      446.6215074592192
    ],
    [
      "DEB-CCD889AE",
      3.7582086614551837,
      1.88090452592058,
      822.1990441124735
    ],
    [
      "DEB-70C78F96",
      70.76543322745444,
      -171.2989886651231,
      327.726030548617
    ],
    [
      "DEB-AE7B4CDC",
      13.74652089399819,
      -130.10212501193237,
      272.6884383073102
    ],
    [
      "DEB-68E4CA63",
      -14.785477109295599,
      88.64531677388486,
      301.2464940790169
    ],
    [
      "DEB-7FC60198",
      46.812473964788694,
      -45.25419047051678,
      257.9316535322432
    ],
    [
      "DEB-C4209270",
      -21.663312540395754,
      179.38344815479056,
      647.7324215796343
    ],
    [
      "DEB-D33BFFDC",
      19.73534885314405,
      -59.35454974605384,
      195.45996360947538
    ],
    [
      "DEB-19F9C608",
      2.705858972841733,
      24.906583230262232,
      225.7575047243672
    ],
    [
      "DEB-848C3DFB",
      -3.0379960801353163,
      -0.4274017054448128,
      346.8734792043515
    ],
    [
      "DEB-B179A840",
      -47.13537011361846,
      -19.24184976193687,
      694.011364506242
    ],
    [
      "DEB-929F7554",
      -50.64477984762843,
      -143.97820689725614,
      695.6405355990682
    ],
    [
      "DEB-C4C75718",
      69.38131634102345,
      53.20392494189284,
      864.9196024437724
    ],
    [
      "DEB-91E946C4",
      -19.709254459012985,
      -150.76201985846086,
      641.881030524497
    ],
    [
      "DEB-81EDC23E",
      40.96533215813524,
      80.02086285839569,
      779.9977143638935
    ],
    [
      "DEB-4D1DFF22",
      -16.19722686698476,
      23.184993262468648,
      862.8301574876959
    ],
    [
      "DEB-1E09A17E",
      -5.876685783919807,
      167.22577654571637,
      180.95870803933303
    ],
    [
      "DEB-73844AF3",
      22.21640859955981,
      114.34952207574653,
      706.6849482242769
    ],
    [
      "DEB-600DC49F",
      -24.283184929975057,
      175.688888584135,
      824.6709280178056
    ],
    [
      "DEB-8F504548",
      2.2933195385243086,
      14.8061590815527,
      483.79641170863306
    ],
    [
      "DEB-80CD3B2D",
      53.88881010383137,
      143.6701003887044,
      179.34169707124693
    ],
    [
      "DEB-38B260CF",
      0.8275734484655826,
      51.10855194997484,
      873.5036783584565
    ],
    [
      "DEB-9A4742CA",
      -37.448554413856456,
      -65.70250515707178,
      191.388716120573
    ],
    [
      "DEB-61D60A7E",
      34.29719764294398,
      -15.902474184664511,
      160.95703652878
    ],
    [
      "DEB-4759FE42",
      59.189686154958544,
      16.4602087717281,
      523.1962012361637
    ],
    [
      "DEB-313CC046",
      15.82321705202564,
      -4.634408347447665,
      844.1647922660368
    ],
    [
      "DEB-AAB5A8B4",
      -25.670411519030957,
      -156.04443022999456,
      796.6074151570238
    ],
    [
      "DEB-C4AC71E9",
      -47.67099423145783,
      -11.597691888326407,
      434.3589762539186
    ],
    [
      "DEB-50A9354E",
      -51.56978155889621,
      -158.43482752652443,
      772.4407091973289
    ],
    [
      "DEB-22919472",
      -14.477520671405058,
      171.01982120708757,
      205.2583733066258
    ],
    [
      "DEB-B2BCF3C7",
      -27.608995138345886,
      -121.97024971160698,
      524.3027833382366
    ],
    [
      "DEB-3231C30E",
      -59.857856777643065,
      -55.485449855164156,
      918.2749728848676
    ],
    [
      "DEB-81081A7E",
      8.52951004800139,
      88.62755822645686,
      379.04294277044573
    ],
    [
      "DEB-07E828A1",
      29.57785469403365,
      -71.24507969553014,
      432.12042076291164
    ],
    [
      "DEB-4C89808F",
      80.44341541468982,
      -154.70909774437084,
      859.8935938341237
    ],
    [
      "DEB-FD6C882D",
      69.50079286652227,
      0.18093008201281158,
      581.3625419804775
    ],
    [
      "DEB-12D36AC1",
      -63.6587894383892,
      -104.64383538311985,
      176.70091186330228
    ],
    [
      "DEB-ACD5A496",
      -12.068926513942447,
      -115.19479463001551,
      812.2799684553584
    ],
    [
      "DEB-799B9723",
      16.839452939515915,
      -70.13966098278024,
      684.9706118004733
    ],
    [
      "DEB-F47EECC4",
      31.432241883200913,
      -155.5812828078036,
      150.51211584823068
    ],
    [
      "DEB-ABB55465",
      82.3307883606899,
      58.191840356372325,
      677.8833756064632
    ],
    [
      "DEB-100E3704",
      59.830160573359294,
      -56.566865897871644,
      584.4268775745122
    ],
    [
      "DEB-FD68ADEA",
      -47.02656861680466,
      -103.16148177770138,
      620.0175780875252
    ],
    [
      "DEB-7F358469",
      14.717602637295093,
      -149.4257276579088,
      588.0636459840016
    ],
    [
      "DEB-CC379EE7",
      6.602071979004559,
      -53.46501575861091,
      798.4833340546193
    ],
    [
      "DEB-E1E79E60",
      -17.89201924700307,
      -147.79302261261276,
      570.6790755603224
    ],
    [
      "DEB-33D3A641",
      21.96551479386396,
      -95.0982858210265,
      501.4022035946773
    ],
    [
      "DEB-DE2BB459",
      -66.688237589376,
      47.145223347317035,
      349.7206891470787
    ],
    [
      "DEB-1FABBE20",
      -45.74168945102449,
      142.69642385776754,
      136.98364515017602
    ],
    [
      "DEB-18BBF2A0",
      -66.70485160570219,
      23.3354271879743,
      283.5646508639029
    ],
    [
      "DEB-A04A5F3D",
      -71.70734752793945,
      44.38232614960948,
      128.83580003008228
    ],
    [
      "DEB-DCC67BBB",
      -39.28554341623895,
      -50.940169734299104,
      519.9858286737153
    ],
    [
      "DEB-8AAB2EA3",
      11.284204192500475,
      -59.18439756741449,
      431.6441139621056
    ],
    [
      "DEB-5D77D459",
      19.52696589614114,
      100.31312817534165,
      779.3039358929072
    ],
    [
      "DEB-D39794AE",
      -51.94074481302306,
      39.46261449851498,
      881.2607816127183
    ],
    [
      "DEB-E54B89CA",
      -34.44792677537423,
      114.61411892769418,
      139.8147668218071
    ],
    [
      "DEB-1227329B",
      -63.38188821226877,
      -74.15912684725468,
      432.76583588824906
    ],
    [
      "DEB-62C5C63C",
      -8.368261552563101,
      -63.95584561063074,
      583.5693350499996
    ],
    [
      "DEB-AD9A61BE",
      37.629533337293445,
      94.46646227220711,
      872.964042073314
    ],
    [
      "DEB-466F936E",
      10.000399128075502,
      140.29669920922396,
      455.8552045609931
    ],
    [
      "DEB-315D775B",
      54.46660794539685,
      -106.18499079244958,
      644.686112345601
    ],
    [
      "DEB-FCF28BBA",
      7.839718354064279,
      119.54343937474432,
      144.83123937723485
    ],
    [
      "DEB-0CC3802E",
      -22.58832034061997,
      -125.60918556592017,
      354.1842097761855
    ],
    [
      "DEB-CB89C4E0",
      42.86280416213586,
      63.504919093676854,
      649.694820946218
    ],
    [
      "DEB-246962D8",
      23.328412152763576,
      -19.743823355504897,
      732.647669142083
    ],
    [
      "DEB-85388129",
      22.172599292683746,
      5.257638301600293,
      340.5033214328605
    ],
    [
      "DEB-7F1D91DC",
      66.09524794984486,
      22.789156365144745,
      627.8290208259832
    ],
    [
      "DEB-93C719AA",
      -46.356011912622506,
      161.75169270223344,
      605.2656817793268
    ],
    [
      "DEB-6C001D3D",
      -3.9607892098614434,
      -66.85174894716701,
      636.6280850213552
    ],
    [
      "DEB-C51C00C3",
      32.80067521449406,
      -103.38433962630779,
      837.9628555520067
    ],
    [
      "DEB-898E8CB0",
      -36.08105380834576,
      -116.83697908344412,
      732.5683952499139
    ],
    [
      "DEB-FA368972",
      20.29068760667491,
      -53.91982700267834,
      831.3613792949545
    ],
    [
      "DEB-5679711C",
      -8.142310279464917,
      60.759510869104766,
      757.3600144440707
    ],
    [
      "DEB-ED71822D",
      27.100234407614913,
      -103.57200753207088,
      754.4133333191321
    ],
    [
      "DEB-DD544939",
      -77.04537500305953,
      103.27955608796022,
      656.8719320959481
    ],
    [
      "DEB-F27B2FC6",
      30.747318488995926,
      -119.92798308257606,
      912.8246244483553
    ],
    [
      "DEB-685BA6CD",
      50.71388987059857,
      -51.38339234050063,
      435.31650690584866
    ],
    [
      "DEB-476CBE1D",
      -24.592911805635836,
      25.37826350073351,
      828.4572592929298
    ],
    [
      "DEB-09B0350C",
      7.881399758799741,
      -53.42341594800896,
      337.845902295242
    ],
    [
      "DEB-1D806BA7",
      13.975586465385401,
      127.22520732969733,
      517.4868276728266
    ],
    [
      "DEB-7C96450D",
      34.62265402037641,
      -168.54702705674913,
      759.3163585378206
    ],
    [
      "DEB-B90B481B",
      -19.27101066895019,
      -90.73781662891714,
      123.00445764322285
    ],
    [
      "DEB-76B408EE",
      9.822183269772117,
      133.36697999720593,
      330.38444682589216
    ],
    [
      "DEB-91494E69",
      3.4660610754913983,
      -155.32777251158356,
      578.7244412980981
    ],
    [
      "DEB-46FA6CFE",
      38.18623501610819,
      -61.673292269427506,
      473.0175478857491
    ],
    [
      "DEB-F40BA417",
      -48.98253646111053,
      25.31305011356287,
      189.1260000024531
    ],
    [
      "DEB-7178641F",
      61.82848316543029,
      -130.18067858543762,
      755.4188958997102
    ],
    [
      "DEB-508F3222",
      32.1959417362288,
      -28.713544764702633,
      222.5065030770602
    ],
    [
      "DEB-9FEE91C4",
      -5.415122248582458,
      -179.88096502699707,
      263.0300423781646
    ],
    [
      "DEB-5856CE97",
      22.598014507518354,
      -50.80457487335103,
      169.69495993801502
    ],
    [
      "DEB-6F827C58",
      -14.356526268339437,
      -151.85156845952437,
      176.49072451314714
    ],
    [
      "DEB-0FF3AED3",
      -11.160396621817455,
      -141.2851593026517,
      188.42715886828046
    ],
    [
      "DEB-5D40BF6C",
      -52.298216842849556,
      -140.80630608414407,
      872.9293544138391
    ],
    [
      "DEB-FF3A3228",
      27.274265501359157,
      -156.26297451777558,
      746.8712058130368
    ],
    [
      "DEB-F46042EE",
      41.526654842841886,
      -27.35176402219579,
      851.6721148969582
    ],
    [
      "DEB-9BF69D91",
      -5.492645987855332,
      -38.96554531224969,
      808.1661582965917
    ],
    [
      "DEB-547B79A6",
      -36.193412900801356,
      27.15997378220716,
      587.5864824171404
    ],
    [
      "DEB-5BED8BE8",
      52.66625029077147,
      22.75725584740392,
      264.3434076096728
    ],
    [
      "DEB-4038B06B",
      -72.86085895457548,
      78.73026892932216,
      887.4722950091564
    ],
    [
      "DEB-C0504329",
      54.88935665007954,
      -118.94929042362864,
      530.565140288365
    ],
    [
      "DEB-173A854C",
      -18.283490707189642,
      54.530817928361884,
      709.4332642377476
    ],
    [
      "DEB-E60AC58D",
      19.023814843539345,
      59.78779823561529,
      377.19011079997745
    ],
    [
      "DEB-21C9CFEB",
      30.252784341695595,
      81.62307088397748,
      635.51304625166
    ],
    [
      "DEB-70089207",
      1.209490574365974,
      164.727192051863,
      871.8772763515499
    ],
    [
      "DEB-97FEEA57",
      22.531891478495652,
      18.579859440845226,
      843.4359465818179
    ],
    [
      "DEB-CEA1E952",
      -46.94457144920949,
      156.57300914201883,
      868.4438423019401
    ],
    [
      "DEB-6861DB62",
      -7.489013723481939,
      47.85434541063152,
      541.3189002642084
    ],
    [
      "DEB-ED1C3CD2",
      -34.71439312746232,
      5.632818814086472,
      385.0084817268071
    ],
    [
      "DEB-56B797CA",
      -40.79450575877013,
      30.410601003870298,
      578.0060830510438
    ],
    [
      "DEB-BD064DD4",
      11.49015067549929,
      -138.4168925700677,
      551.328914878467
    ],
    [
      "DEB-25EEA889",
      -47.445609139213644,
      -129.3990608194249,
      266.2352440600753
    ],
    [
      "DEB-380A3F86",
      -55.18407615752006,
      118.39601675404981,
      144.86100535306923
    ],
    [
      "DEB-0089A402",
      33.53891310811437,
      -40.89807780355116,
      691.2965910248658
    ],
    [
      "DEB-7481CDD7",
      -20.33239919098798,
      -115.39562386511341,
      771.0222572130915
    ],
    [
      "DEB-2EDA16E0",
      -85.41581504849944,
      36.21346273624307,
      772.3958114898078
    ],
    [
      "DEB-FF5895D7",
      56.48359864079639,
      -164.8909202081344,
      384.62126660017293
    ],
    [
      "DEB-A7F15543",
      -58.84985872739221,
      128.4069923967506,
      487.4953430357782
    ],
    [
      "DEB-F695666C",
      -53.12211433837665,
      -167.67289279588636,
      457.3740370977184
    ],
    [
      "DEB-6260A5E4",
      -2.4252545770845386,
      -11.583329726297169,
      352.16559416471046
    ],
    [
      "DEB-5800546A",
      11.53154680933136,
      -31.04608369505551,
      418.6077522597234
    ],
    [
      "DEB-FB112296",
      -20.248137437608484,
      -174.57653829302188,
      673.2247920343452
    ],
    [
      "DEB-F33B6B14",
      34.62893253442362,
      55.191422647293784,
      198.7534670812829
    ],
    [
      "DEB-47A54540",
      44.26120286786153,
      79.17877642500625,
      702.7561028960154
    ],
    [
      "DEB-31A4CAEB",
      5.324372642526873,
      -136.8517060200951,
      171.4974492538795
    ],
    [
      "DEB-EED0068B",
      -4.6613780591304526,
      42.995393753564635,
      496.2168347637671
    ],
    [
      "DEB-A030292A",
      -29.536658375637266,
      41.71648317506016,
      604.7850010765878
    ],
    [
      "DEB-4398A07C",
      18.57832786837334,
      -80.95031487373397,
      339.45249949773006
    ],
    [
      "DEB-4F596014",
      -37.183275179297084,
      -28.490931620794278,
      783.6804034401548
    ],
    [
      "DEB-914A7942",
      -40.594689232066564,
      -171.0153271201485,
      718.8234956285769
    ],
    [
      "DEB-344B8794",
      -50.24523029308105,
      -65.43023248418862,
      621.5900383811195
    ],
    [
      "DEB-C419E98A",
      -13.508047706826801,
      -14.322597617896669,
      160.90687015062122
    ],
    [
      "DEB-B5D2FFF4",
      16.896888763365485,
      -127.78638563441383,
      884.9550913850771
    ],
    [
      "DEB-29FFF391",
      -15.00170779330007,
      -136.05284554526,
      760.0539866889676
    ],
    [
      "DEB-A76FB077",
      -31.810468558732754,
      36.195804304725904,
      544.8602860029578
    ],
    [
      "DEB-9EBF2F8C",
      2.6877792141441446,
      118.19063960180965,
      619.9219089517755
    ],
    [
      "DEB-FBEBAEB5",
      72.64205811695302,
      104.19216301150563,
      124.7425802361704
    ],
    [
      "DEB-007C8B79",
      -70.97486754975482,
      -84.88141435416465,
      493.6571465380257
    ],
    [
      "DEB-55338F3A",
      -1.1223287611896906,
      138.42253022673236,
      320.16557041545275
    ],
    [
      "DEB-C2ED0AD8",
      -15.961204769813111,
      -62.1080297031348,
      457.3921343512484
    ],
    [
      "DEB-611F8486",
      -8.922476522227687,
      54.38986655134809,
      840.8307360121544
    ],
    [
      "DEB-D51E6E4B",
      -26.102940653246364,
      90.91123499835709,
      289.8752110158657
    ],
    [
      "DEB-A4557C33",
      35.262386488555144,
      -33.7460161275079,
      211.8065553986853
    ],
    [
      "DEB-18A3086A",
      23.546502017787283,
      156.923672418629,
      669.2737587623769
    ],
    [
      "DEB-09465318",
      -33.02579168655242,
      -163.7968301234605,
      283.3600296817458
    ],
    [
      "DEB-6BFADB17",
      15.37675625370716,
      11.42321520429372,
      714.5386171857026
    ],
    [
      "DEB-59B5A9B3",
      -45.30161904880268,
      -179.53898270290293,
      289.5803748025746
    ],
    [
      "DEB-3B208E44",
      -20.927289537351765,
      179.80592660974133,
      309.38908067193734
    ],
    [
      "DEB-59EA36CB",
      5.796032862809571,
      -62.7695810880561,
      590.4601548958663
    ],
    [
      "DEB-78D061B8",
      44.72863134193012,
      142.37174504625318,
      478.4475748412633
    ],
    [
      "DEB-E7D9A087",
      11.75265582277885,
      -170.6022232883134,
      368.8373262676896
    ],
    [
      "DEB-C2002645",
      9.654775157030027,
      -51.50929384665684,
      632.8446439542504
    ],
    [
      "DEB-6B38FB13",
      -28.959604329157422,
      -149.45733117091,
      708.2661429110067
    ],
    [
      "DEB-EDCCF261",
      9.571259520553237,
      48.67735150184666,
      330.90024668844853
    ],
    [
      "DEB-922275AA",
      12.384308223730791,
      37.42395237877711,
      831.3120876897165
    ],
    [
      "DEB-7AB11E36",
      38.79889003870309,
      -78.50700381981214,
      772.1661441044243
    ],
    [
      "DEB-A818BC51",
      35.34192518771074,
      -45.64218055686486,
      919.5912062878197
    ],
    [
      "DEB-6BB82C56",
      13.207219585987534,
      136.94486792663977,
      818.4172841950585
    ],
    [
      "DEB-3103761D",
      -64.44754344276369,
      140.55996780505174,
      296.2637040276695
    ],
    [
      "DEB-907D809D",
      25.738057336787644,
      173.56853411054414,
      745.1929304452588
    ],
    [
      "DEB-40A035ED",
      -4.645687522065304,
      171.77780215910664,
      837.1779723734426
    ],
    [
      "DEB-4B15410B",
      46.78274493693165,
      46.14834835585469,
      498.72563027114575
    ],
    [
      "DEB-97F368A9",
      -58.22802574856639,
      105.79198641489836,
      216.82141692317873
    ],
    [
      "DEB-64950EA4",
      9.084110139250182,
      -61.40017227945411,
      482.7017642223482
    ],
    [
      "DEB-2E6B4369",
      -52.19273978454876,
      159.62176461836506,
      614.1186506999129
    ],
    [
      "DEB-BBDD5235",
      -21.301312729249528,
      111.86076733646233,
      821.5494836082034
    ],
    [
      "DEB-55E70CAB",
      2.126976035020678,
      -145.13846732829276,
      226.97524234106822
    ],
    [
      "DEB-3B9644BD",
      -21.020502543674727,
      -85.20579726461926,
      898.3793685041228
    ],
    [
      "DEB-D4C6C5B4",
      -6.673306070632654,
      23.160330227163815,
      425.7358295860704
    ],
    [
      "DEB-674B85CC",
      -29.40957970764968,
      -146.31235364368166,
      268.3134666977894
    ],
    [
      "DEB-B37658FB",
      -42.971626262411384,
      -147.44534190118188,
      616.3881940376787
    ],
    [
      "DEB-A3528176",
      36.62499498987237,
      132.57558790827585,
      641.3728768042429
    ],
    [
      "DEB-DE840308",
      -2.4604430783308113,
      -133.17382637151368,
      665.4747201345817
    ],
    [
      "DEB-842DE2F0",
      -15.591238149829797,
      49.24852124065077,
      780.731679923184
    ],
    [
      "DEB-025CC0EC",
      -64.08381324902666,
      -44.987155219611616,
      359.83349605253716
    ],
    [
      "DEB-57FBE5D0",
      -27.301523407072185,
      109.68037837642474,
      294.0283046918794
    ],
    [
      "DEB-0D50DEB4",
      -30.30182137817851,
      -125.47190597933034,
      182.84119235305116
    ],
    [
      "DEB-A36BDED0",
      18.477724040713525,
      72.02935836905377,
      894.5865904411994
    ],
    [
      "DEB-5EBBFBE2",
      47.48342487156989,
      -41.111021495762685,
      131.12866253744687
    ],
    [
      "DEB-EC2BA690",
      4.083927947005427,
      103.67046711027137,
      191.2121488477478
    ],
    [
      "DEB-54C9D2B4",
      23.07560297109314,
      -34.0694076947952,
      855.0760858075564
    ],
    [
      "DEB-538E9D0A",
      -10.626070870004542,
      3.575330487342508,
      639.3963168332793
    ],
    [
      "DEB-11F81465",
      -23.464111510422672,
      133.61783997246178,
      895.3038045606672
    ],
    [
      "DEB-DEF5DC2F",
      -3.23754582133671,
      159.32263393582662,
      921.5950810526729
    ],
    [
      "DEB-41066475",
      -10.999405675054842,
      -169.5284670191478,
      353.26927034010714
    ],
    [
      "DEB-22D3564B",
      77.7055290187353,
      5.817294994274378,
      131.86441154574914
    ],
    [
      "DEB-4FE91814",
      -38.58121367581363,
      -53.84001085295511,
      735.5000564837683
    ],
    [
      "DEB-4FB3720B",
      55.64778332659465,
      69.15868933411907,
      734.993240123933
    ],
    [
      "DEB-CFE46DE0",
      65.13067094193245,
      -35.86334215145038,
      288.91448046927053
    ],
    [
      "DEB-44B0BF90",
      -31.344230151043973,
      47.8571898954147,
      799.1321671250462
    ],
    [
      "DEB-358EAD4F",
      -2.402869525698847,
      58.27308632147883,
      134.1715058909076
    ],
    [
      "DEB-8474EDE6",
      70.71819418810799,
      79.72941792274212,
      279.0605925486361
    ],
    [
      "DEB-852338C3",
      48.12516198330874,
      -101.1857841053009,
      343.74399798167815
    ],
    [
      "DEB-30C635B0",
      53.14562587624301,
      61.047002081369946,
      640.795702811497
    ],
    [
      "DEB-1A70B664",
      28.240112611634387,
      28.13479839006055,
      584.9415639580975
    ],
    [
      "DEB-B785FAAF",
      -12.572011469227471,
      -67.3733761052988,
      913.6614104194568
    ],
    [
      "DEB-8432A832",
      -65.30587561399041,
      -158.1549140482188,
      276.618921811978
    ],
    [
      "DEB-7DDE48FA",
      -26.67998379908434,
      -32.16266432115648,
      378.85267334151376
    ],
    [
      "DEB-D1DA5281",
      -41.81339430275519,
      -70.98297981556398,
      740.0790054378595
    ],
    [
      "DEB-323F8E56",
      23.16440135793862,
      -94.29576370560387,
      134.7632822652622
    ],
    [
      "DEB-C7F77EE8",
      15.877766320423252,
      153.45284578255226,
      856.1052928642393
    ],
    [
      "DEB-717467B2",
      56.94699301173016,
      -120.07382170108998,
      686.2997800919466
    ],
    [
      "DEB-D14DDFDF",
      -45.250348525397534,
      142.16993321696404,
      654.9375736506099
    ],
    [
      "DEB-8F8A81E0",
      12.854338022051957,
      -36.46728210023277,
      511.95612386922403
    ],
    [
      "DEB-61D2F115",
      47.12197757598942,
      139.81647991717574,
      666.6260718178828
    ],
    [
      "DEB-EDC311A7",
      -30.467140504599946,
      -14.718085134905824,
      177.7761913817494
    ],
    [
      "DEB-0CEA6BF8",
      -56.1535179235372,
      -6.01143190301396,
      182.1042242846297
    ],
    [
      "DEB-D7F49D07",
      -43.32449021441801,
      65.97537603344593,
      557.9384387805976
    ],
    [
      "DEB-00CDC681",
      -7.155726878835344,
      131.54188413023988,
      732.5297352766502
    ],
    [
      "DEB-14CEC4F8",
      65.81226646910308,
      -169.41395389218914,
      629.237306670454
    ],
    [
      "DEB-4B1BEF96",
      -25.483452407143968,
      -65.93633863588174,
      747.4950786233749
    ],
    [
      "DEB-D3325BDD",
      -27.272370287998246,
      -10.629269903955858,
      859.2380155421388
    ],
    [
      "DEB-4A4CF488",
      -49.553756282964095,
      141.81952258404382,
      434.9659322743146
    ],
    [
      "DEB-272031EC",
      14.055498275692626,
      98.05289382094728,
      758.9421177053891
    ],
    [
      "DEB-9AD20590",
      12.744089367664907,
      68.41271654406218,
      180.98307132799982
    ],
    [
      "DEB-24B70D88",
      -11.220480278633024,
      -7.964384736524551,
      766.2003813360552
    ],
    [
      "DEB-C826FA55",
      37.09881456723307,
      26.00816637135719,
      280.46632344878344
    ],
    [
      "DEB-47E37931",
      53.47765743002959,
      -125.21230457170132,
      287.6404063706259
    ],
    [
      "DEB-7F39F880",
      -6.194466876496664,
      -119.71997826588014,
      586.1808548166919
    ],
    [
      "DEB-7F7CCBD7",
      -13.475753009012834,
      -101.23115137516271,
      799.0893256307008
    ],
    [
      "DEB-D6C2ED81",
      22.400195468626624,
      142.28897376636698,
      341.2623304647186
    ],
    [
      "DEB-BB001DFC",
      23.04604991739586,
      35.423631116152706,
      138.2142320691255
    ],
    [
      "DEB-67CD16BB",
      -50.121447163570494,
      2.778157160465288,
      257.5857515687612
    ],
    [
      "DEB-0DF2991F",
      -39.401439382452764,
      -49.07763438012062,
      282.11812435048796
    ],
    [
      "DEB-2E59B042",
      -6.607269619949228,
      -62.495848229951925,
      263.07350165522803
    ],
    [
      "DEB-202B7CD6",
      -12.20953912239944,
      176.10011323116242,
      160.71461726787038
    ],
    [
      "DEB-FF6C1023",
      13.137961989178066,
      132.6817484108973,
      818.2197523499817
    ],
    [
      "DEB-E034778C",
      17.359328072608,
      88.43293886963042,
      456.2626545913281
    ],
    [
      "DEB-3A81ADFB",
      38.41894676501269,
      37.28452455375036,
      181.64846737383778
    ],
    [
      "DEB-E9F5BD67",
      9.415456645789927,
      -37.67119445651495,
      342.1963511210888
    ],
    [
      "DEB-AF673B66",
      -5.285198465164076,
      -8.936336566990054,
      762.2133646375687
    ],
    [
      "DEB-E4DE3471",
      58.514880968283165,
      14.511299148511014,
      510.12758326219773
    ],
    [
      "DEB-D6875BC5",
      40.18424565501225,
      -50.13655369684946,
      358.81472152453625
    ],
    [
      "DEB-BB179A71",
      38.063734316745276,
      120.05449643098433,
      348.4502500003464
    ],
    [
      "DEB-CE55E022",
      -14.338922004646543,
      -163.02849290895062,
      864.5697360877693
    ],
    [
      "DEB-9300E727",
      -12.905696942473158,
      -175.6495873475476,
      479.930183663957
    ],
    [
      "DEB-A93A6FD1",
      4.151537397250841,
      -78.84664803968691,
      636.7060289258452
    ],
    [
      "DEB-130A7C1E",
      -31.39405746013066,
      -108.75359581663983,
      824.7528100120962
    ],
    [
      "DEB-F50EC836",
      -25.47260076105011,
      106.19079172516993,
      725.9644797562105
    ],
    [
      "DEB-2F41507E",
      56.68775622871784,
      -110.37849834970709,
      796.0212669229313
    ],
    [
      "DEB-A2B59286",
      35.357090038562,
      174.91898354907983,
      160.8576982289942
    ],
    [
      "DEB-7321D3F7",
      -66.14287277035665,
      110.11172025367274,
      363.8759291853685
    ],
    [
      "DEB-7D5AFF70",
      26.111707284935186,
      -93.62389534378212,
      430.33391265634964
    ],
    [
      "DEB-D6977AE6",
      -42.31376293929647,
      38.56136358169261,
      225.59593316956307
    ],
    [
      "DEB-197FCD27",
      -0.8069688784264778,
      -127.27808955578091,
      512.0889942517169
    ],
    [
      "DEB-138F8CD6",
      -84.11858067897492,
      -159.06284973707602,
      324.03387369935444
    ],
    [
      "DEB-8927B30F",
      -8.636985839302948,
      -49.57418632647007,
      464.58485764094894
    ],
    [
      "DEB-A4D8D0CA",
      23.55526575176515,
      0.23886659287253306,
      137.26995624739084
    ],
    [
      "DEB-52E8DE25",
      -28.866634607099186,
      2.584419164636703,
      383.48386829062565
    ],
    [
      "DEB-21845DC4",
      74.72355423182128,
      116.95102949440934,
      781.0019463052149
    ],
    [
      "DEB-EDDC280A",
      13.121638539093619,
      -33.64503701109433,
      671.0065131605679
    ],
    [
      "DEB-62479A26",
      -1.6353081157563354,
      -96.74922432932371,
      529.159643442923
    ],
    [
      "DEB-472BA528",
      -10.216089008992803,
      28.33888716964016,
      481.41169509485917
    ],
    [
      "DEB-D845D73A",
      1.3949586834888494,
      -172.66592575293325,
      604.3695822983918
    ],
    [
      "DEB-5DC1AEFE",
      48.86321610790409,
      14.25838829049435,
      191.26826410012018
    ],
    [
      "DEB-96681AE2",
      35.576499298910235,
      -129.56596186857533,
      422.62225776836385
    ],
    [
      "DEB-3E67B318",
      -14.554457639562923,
      163.34095050982452,
      469.59453733503597
    ],
    [
      "DEB-67F6CE0C",
      -1.2736801532444524,
      174.77689025789186,
      427.10921053918446
    ],
    [
      "DEB-C219D0EA",
      73.20066998954529,
      -57.02218506864842,
      723.4078341543136
    ],
    [
      "DEB-1CCC0EF3",
      -4.5890390852751874,
      -51.72837640506432,
      243.40704746730353
    ],
    [
      "DEB-7BF9D666",
      -41.515938370299594,
      168.34994919252583,
      462.0195600883926
    ],
    [
      "DEB-50F16E9B",
      39.381623835615066,
      13.399324043320446,
      771.6551635908081
    ],
    [
      "DEB-DC68EFFE",
      17.961507277561157,
      54.38236073021196,
      333.7935898374153
    ],
    [
      "DEB-EE1FEAA0",
      14.950112586032457,
      -41.1818379297557,
      359.5807155135344
    ],
    [
      "DEB-273EA85D",
      -59.839124750865466,
      -2.912773456169339,
      229.69850233464058
    ],
    [
      "DEB-AE024BF7",
      40.86444713907304,
      174.1924438565855,
      911.0459192545077
    ],
    [
      "DEB-9A6765A3",
      25.581080463704687,
      32.48799273792505,
      151.23581840633233
    ],
    [
      "DEB-A052BC27",
      -38.39478431111982,
      150.9117857322311,
      448.3413484686462
    ],
    [
      "DEB-C2489C7D",
      11.35185765956669,
      94.14981069362744,
      258.95054914652064
    ],
    [
      "DEB-4F8AA705",
      -26.87218121529795,
      105.61700921793188,
      494.24572802172133
    ],
    [
      "DEB-E4654917",
      24.892451153405204,
      -177.50858252855966,
      594.8708298887077
    ],
    [
      "DEB-3011071A",
      -66.80381335048303,
      42.53834570993183,
      711.6178031983718
    ],
    [
      "DEB-07AA565C",
      -68.67634146096765,
      173.65439958335298,
      638.9560611864363
    ],
    [
      "DEB-2384663D",
      -77.46772083573804,
      52.54678307186146,
      614.8611495478144
    ],
    [
      "DEB-92AA1013",
      -48.9050544785309,
      -150.44712248654716,
      222.67654199788103
    ],
    [
      "DEB-90CD1223",
      -3.8530852858384446,
      103.93391722364939,
      160.72795670640335
    ],
    [
      "DEB-C4519962",
      -15.325590032490068,
      96.49754037518709,
      660.8472034023089
    ],
    [
      "DEB-7FAEF943",
      53.52545529204218,
      117.83581315364235,
      267.0284631137065
    ],
    [
      "DEB-7B0A19D8",
      30.478201401244135,
      -38.37099140982791,
      817.7223327091751
    ],
    [
      "DEB-A79E2E85",
      88.0917365647739,
      -44.578101919584356,
      581.6424498707693
    ],
    [
      "DEB-6FDBD3AD",
      -51.59669226344997,
      119.21668018521054,
      418.74987090352624
    ],
    [
      "DEB-45259CE6",
      -8.496837170636338,
      -120.37001670952374,
      318.4395980843219
    ],
    [
      "DEB-5F1619A9",
      12.775748941893568,
      113.49491008470791,
      856.8225514815667
    ],
    [
      "DEB-53876204",
      -15.408562119826115,
      -119.14251165220543,
      524.5601058586235
    ],
    [
      "DEB-5BE3C092",
      -3.9168583298082016,
      -17.846171099664403,
      452.10396363959444
    ],
    [
      "DEB-38B8552D",
      -75.83418092732163,
      66.01379258504106,
      759.0000995360379
    ],
    [
      "DEB-AD0D680A",
      19.99967026446174,
      -1.497753577354792,
      584.9399105538523
    ],
    [
      "DEB-E5796643",
      57.657986661183884,
      -59.796044825604376,
      151.5554935097898
    ],
    [
      "DEB-7A3BD45F",
      9.926670883392742,
      -95.81848494496667,
      819.4488305718687
    ],
    [
      "DEB-10F05EEC",
      19.761257553153285,
      139.3305372970384,
      178.7391707600891
    ],
    [
      "DEB-714BEFF8",
      -9.773929761637579,
      -165.9964416437349,
      162.22673754401785
    ],
    [
      "DEB-D3A6D1B2",
      -5.155879939558404,
      102.5729097997259,
      457.1289437630039
    ],
    [
      "DEB-A1DAC4A0",
      35.992646380737554,
      74.52041968228046,
      889.877100628165
    ],
    [
      "DEB-8A16CDE6",
      -32.55573701180018,
      139.1055451032625,
      548.2481961851281
    ],
    [
      "DEB-B9A058EC",
      50.05786670014593,
      -7.5516162414570065,
      873.8745885009321
    ],
    [
      "DEB-A949C581",
      13.552732843795514,
      -124.57923621608535,
      904.3772780053223
    ],
    [
      "DEB-7D5B9A0F",
      -0.04556872514868006,
      130.24292301300102,
      481.517302291807
    ],
    [
      "DEB-94178BCB",
      9.09258575150538,
      -79.61555242657614,
      622.8617080877411
    ],
    [
      "DEB-A11E0B26",
      28.346721561208074,
      26.97774720372418,
      453.03856177965736
    ],
    [
      "DEB-C9B42134",
      61.005998279520945,
      77.19383731880205,
      440.4443214688026
    ],
    [
      "DEB-6FE55526",
      22.113861374044173,
      -17.130076374130883,
      394.4125321129486
    ],
    [
      "DEB-0F6CA6B8",
      58.58196629184188,
      20.90257957382041,
      826.9237497572794
    ],
    [
      "DEB-3764B117",
      48.306326924188845,
      -88.6642897334588,
      813.9995568269806
    ],
    [
      "DEB-B7010FD0",
      -21.398775766883492,
      21.233452039919637,
      737.5349378587907
    ],
    [
      "DEB-FAE3A3E5",
      -11.802107687129782,
      -43.65555723993139,
      235.8943796051717
    ],
    [
      "DEB-F9F5BE5A",
      -34.24099460120625,
      151.23055849710667,
      850.378835754078
    ],
    [
      "DEB-F29244BB",
      -8.371328883846378,
      48.62299700689471,
      434.7515768512558
    ],
    [
      "DEB-907BC92B",
      3.1664198470302423,
      -143.45148997727577,
      920.4807988412704
    ],
    [
      "DEB-117292E7",
      4.708147108760353,
      -125.53396135992743,
      713.5412653298936
    ],
    [
      "DEB-AE7BF4A5",
      20.94693832399763,
      -61.5822415364958,
      619.279632984345
    ],
    [
      "DEB-58E1305A",
      -49.974540212649416,
      61.489007732896866,
      745.3151730692789
    ],
    [
      "DEB-01760068",
      -30.77970317885095,
      -41.519152489113516,
      394.4354854688645
    ],
    [
      "DEB-28B0AE75",
      2.8464140372772575,
      34.86089538915421,
      657.7623310300314
    ],
    [
      "DEB-E219B19D",
      -11.568559576649017,
      123.17025426580405,
      805.9204975348412
    ],
    [
      "DEB-2BA859E5",
      -48.58252938759105,
      -17.883673357266307,
      438.97610660390365
    ],
    [
      "DEB-7B0B8D9E",
      -32.92778365694922,
      -64.78060540417674,
      885.2751664881416
    ],
    [
      "DEB-9A9BB2E8",
      24.788654772434047,
      -170.88629198843716,
      286.43873799897483
    ],
    [
      "DEB-673AEAFD",
      -3.568679898190259,
      127.80514011193826,
      495.46366097498867
    ],
    [
      "DEB-301F71BD",
      -20.39027721668472,
      -164.7687382097035,
      637.1448434731137
    ],
    [
      "DEB-B30B5200",
      -11.734710474239964,
      -35.660671738113756,
      231.93509771614936
    ],
    [
      "DEB-1178EE75",
      -30.221809339972065,
      -126.70930048666322,
      212.73090773116473
    ],
    [
      "DEB-9E8E9720",
      -17.951928984787664,
      95.85224485170981,
      505.7670866681183
    ],
    [
      "DEB-708F29AA",
      -29.682253813566735,
      58.386784490698865,
      702.838747855677
    ],
    [
      "DEB-E2C0C9B7",
      -42.01783912747247,
      4.932274965632903,
      172.40970311875935
    ],
    [
      "DEB-D6467022",
      -9.007684491803133,
      -46.83263379613457,
      868.7109932810217
    ],
    [
      "DEB-23F05DB9",
      3.1227374423885026,
      -164.83348033985322,
      508.2818942724398
    ],
    [
      "DEB-6B1BD397",
      34.17085352717288,
      60.13966620727875,
      707.5695955830906
    ],
    [
      "DEB-AC668BD2",
      -9.536106828469313,
      56.6913934986435,
      420.4924676100336
    ],
    [
      "DEB-2B28080B",
      52.301136295071245,
      -34.41747930590197,
      341.5111440228802
    ],
    [
      "DEB-164723D3",
      -45.24151791940241,
      27.016514884951903,
      670.9923334090199
    ],
    [
      "DEB-F4B66203",
      22.19159381551908,
      -118.47222854592304,
      230.23693123455632
    ],
    [
      "DEB-F1FC0E46",
      -48.53213504160577,
      -34.57728290669582,
      403.27336925386044
    ],
    [
      "DEB-666A95D1",
      -9.66835235299954,
      11.43268305296118,
      124.32142526544612
    ],
    [
      "DEB-FC3AC1C4",
      -73.63237719311135,
      164.0458244470508,
      754.876499521095
    ],
    [
      "DEB-4A97554A",
      -5.614287093300208,
      -78.15593063590156,
      541.1328658466773
    ],
    [
      "DEB-148CCD2A",
      -9.77757860568486,
      10.77315884420995,
      823.1281006469499
    ],
    [
      "DEB-6E3DD24E",
      32.083195658342255,
      45.026417438478774,
      386.54470110525926
    ],
    [
      "DEB-473DCAF9",
      -24.740183199135473,
      36.20711456658471,
      863.1574487733778
    ],
    [
      "DEB-C63F4E26",
      34.402031794026925,
      -36.87631688825824,
      698.547622986107
    ],
    [
      "DEB-C8EEB931",
      39.58392192795542,
      119.98265648988092,
      222.99310349281768
    ],
    [
      "DEB-897EA752",
      -2.8968506731502677,
      161.758319714698,
      612.7673979127212
    ],
    [
      "DEB-1DB71FF6",
      25.25981541231226,
      -117.01448001477722,
      531.8688677673308
    ],
    [
      "DEB-72C62A66",
      29.37497813615737,
      -155.77120865981362,
      411.18327807553305
    ],
    [
      "DEB-9DB2238A",
      2.2797830307024953,
      -67.81533564804265,
      339.8605001877904
    ],
    [
      "DEB-3F5114DB",
      -27.316097328502124,
      151.6642287410862,
      682.6635477225254
    ],
    [
      "DEB-25301ADB",
      26.623517352347214,
      125.14401281118954,
      746.7417652788208
    ],
    [
      "DEB-94DAB3C6",
      -53.337340597560626,
      -159.7319371572424,
      631.3873680088454
    ],
    [
      "DEB-F278B3C0",
      -41.32277514714965,
      84.72000239521239,
      470.54526812895074
    ],
    [
      "DEB-6A47FC61",
      12.578435091366991,
      26.4178704132543,
      370.7409806012629
    ],
    [
      "DEB-A5EF6A9A",
      -29.30989881771152,
      -161.1911489104915,
      263.368148703702
    ],
    [
      "DEB-B773D377",
      -25.52738401838238,
      -175.42945096197232,
      750.7073547653572
    ],
    [
      "DEB-5152B406",
      -32.571516937580896,
      -77.01523437436744,
      150.97068331993705
    ],
    [
      "DEB-07A86E42",
      76.94631311244444,
      10.309885477577593,
      712.74839619055
    ],
    [
      "DEB-C6DCA147",
      -58.41739157245526,
      127.71147738767314,
      143.8596855040587
    ],
    [
      "DEB-A542CB40",
      28.842124579416012,
      -48.820623945756466,
      640.4884577284784
    ],
    [
      "DEB-85B0EEE4",
      -34.03525491846195,
      -85.29081777166734,
      209.10002421172976
    ],
    [
      "DEB-C890FB5E",
      -32.61631781507435,
      132.67394754479707,
      728.824978641921
    ],
    [
      "DEB-0A7F8DEF",
      2.769938357723369,
      -53.595796998608535,
      896.4661610507092
    ],
    [
      "DEB-B284BC7D",
      -16.81028589301171,
      52.9551864510705,
      740.7709701547046
    ],
    [
      "DEB-4972BA08",
      -21.127201211082596,
      -130.29000174715316,
      877.3546686073123
    ],
    [
      "DEB-92B95F72",
      -46.5456463663892,
      -38.15797445713151,
      176.3366301142114
    ],
    [
      "DEB-6C1E041F",
      -20.68279796694168,
      34.02361894074869,
      289.99735895365757
    ],
    [
      "DEB-8642F03C",
      51.95475887104395,
      159.66519660481936,
      903.4668815831246
    ],
    [
      "DEB-1EA76299",
      2.1269216914090516,
      -26.339676242392763,
      159.56211804334635
    ],
    [
      "DEB-F21CC272",
      20.53599013962412,
      -128.31358056982253,
      219.79155677579547
    ],
    [
      "DEB-A031A6E0",
      -19.63520673834423,
      132.81079033754324,
      390.3025843364767
    ],
    [
      "DEB-65FB3796",
      11.095901046252377,
      42.52613568226324,
      200.01065703027416
    ],
    [
      "DEB-FC29D5F9",
      16.718000650077876,
      -82.30783064982451,
      323.703321807815
    ],
    [
      "DEB-E822E8D7",
      23.708594947884862,
      69.14182648749227,
      761.4513945081208
    ],
    [
      "DEB-ED60D549",
      -80.59421394375171,
      -48.0646334903452,
      150.2013264152347
    ],
    [
      "DEB-B431FAE8",
      -31.9256291158501,
      84.2340854102382,
      504.0311385660598
    ],
    [
      "DEB-2D0FEC9D",
      1.3194533050832797,
      78.74104497999895,
      625.8650200854017
    ],
    [
      "DEB-DD918C74",
      23.056015391975,
      -13.684047506539418,
      354.3144077580173
    ],
    [
      "DEB-ED2C8EAE",
      60.86831478203264,
      15.582050810994728,
      843.4170581618873
    ],
    [
      "DEB-7B7959AA",
      67.96519800820565,
      94.4512777236291,
      209.24907233535214
    ],
    [
      "DEB-17EE96B5",
      35.59258332981937,
      -101.04454205643611,
      820.3420523466921
    ],
    [
      "DEB-B7EE39B9",
      -15.62985741297636,
      -170.48952928285513,
      869.4380184871261
    ],
    [
      "DEB-2F1FC7D6",
      44.056777239482486,
      56.12164629149389,
      256.4590698592674
    ],
    [
      "DEB-58592A5C",
      39.26505634740142,
      45.67901649305583,
      894.7772665770053
    ],
    [
      "DEB-4BA41309",
      -18.751683249693514,
      41.78275515124297,
      357.04628703728395
    ],
    [
      "DEB-E69D6B3E",
      -54.8070917466153,
      -131.83345736810716,
      433.2662970120191
    ],
    [
      "DEB-F9EE4BFB",
      -23.5027935570353,
      128.613345090709,
      467.79171267865877
    ],
    [
      "DEB-5A10AD46",
      -35.072316247517335,
      -92.14340845263811,
      715.182179061746
    ],
    [
      "DEB-269BBCEB",
      80.63122528076748,
      12.58287735554029,
      271.69344011750945
    ],
    [
      "DEB-FC49EC34",
      73.17039185431675,
      -164.6553520374574,
      324.0832402030819
    ],
    [
      "DEB-DF564C76",
      -80.95007740038875,
      24.702118117669972,
      616.6410807657294
    ],
    [
      "DEB-E269B48A",
      58.29276669811041,
      -103.940142246205,
      414.154370807727
    ],
    [
      "DEB-8CCB853E",
      -47.08655931072454,
      113.11311904049148,
      645.6552535648489
    ],
    [
      "DEB-5E36C496",
      45.859275973104914,
      -1.8324464726617475,
      871.4681931134037
    ],
    [
      "DEB-6297D7CF",
      -19.047742711693974,
      149.19300486416782,
      567.0736242942339
    ],
    [
      "DEB-842519F8",
      -10.571162162890174,
      41.59067070294504,
      780.2132334555181
    ],
    [
      "DEB-AE0800E3",
      -37.930026142403754,
      -120.66129865914634,
      905.2215740952461
    ],
    [
      "DEB-D037FDD9",
      -26.38940076013219,
      67.64207161988499,
      324.642423039355
    ],
    [
      "DEB-71A3C843",
      49.02057556150155,
      159.71709384109863,
      673.5654203839495
    ],
    [
      "DEB-BDF5B707",
      22.27374274278842,
      -71.66060711089759,
      517.3255110914461
    ],
    [
      "DEB-A2BF96CB",
      -44.30112622205581,
      -169.4435062170372,
      850.5048362829721
    ],
    [
      "DEB-DCDC2DF7",
      20.404643436153297,
      29.962516826149905,
      852.6948514193828
    ],
    [
      "DEB-DB2980B7",
      -39.04086279087583,
      -111.46363410650082,
      677.9512459290172
    ],
    [
      "DEB-7B88F0E7",
      -54.91781612178481,
      -46.37068815425309,
      269.9822381603781
    ],
    [
      "DEB-BF59B50F",
      -30.953479293202644,
      34.21570858208668,
      692.5200270847618
    ],
    [
      "DEB-5A71A213",
      -19.082978497705838,
      -19.540037200400082,
      418.7660444107805
    ],
    [
      "DEB-5C581DA6",
      35.577998062367676,
      37.88476886061907,
      422.7785646807315
    ],
    [
      "DEB-015C0B11",
      34.72760266148256,
      -45.875815611238295,
      764.5657720057825
    ],
    [
      "DEB-F6798416",
      -29.08886373535251,
      111.79752590565363,
      383.5047032359698
    ],
    [
      "DEB-DC86D803",
      -16.86891314816641,
      25.59899892698459,
      851.545878661932
    ],
    [
      "DEB-F63DD128",
      -3.1219719760574836,
      -146.1142929531452,
      779.1913284966731
    ],
    [
      "DEB-1522B625",
      45.80633489631671,
      62.938995977757656,
      329.1160681475503
    ],
    [
      "DEB-70B57230",
      -14.962805868847155,
      174.52280545107678,
      155.49137861843428
    ],
    [
      "DEB-AC86CF6F",
      -21.562427437621338,
      -43.9970297221391,
      723.5682069001841
    ],
    [
      "DEB-2724A911",
      17.77706853833217,
      -93.66431294160988,
      761.4499966083586
    ],
    [
      "DEB-37B12DF0",
      50.108825553672574,
      -130.38441917403978,
      707.3184605041724
    ],
    [
      "DEB-390BC439",
      27.638630837236654,
      -46.684687957783,
      183.12001866129322
    ],
    [
      "DEB-415231B7",
      -8.971709586833251,
      150.89067176388727,
      657.4304458522774
    ],
    [
      "DEB-25260C10",
      1.3847968860360096,
      161.97716115259013,
      718.3031516893707
    ],
    [
      "DEB-A2FC5B5C",
      22.34460338707968,
      -66.5707725177231,
      923.4828928244578
    ],
    [
      "DEB-C12C1E86",
      16.145824812576603,
      62.87237923692154,
      183.67399164495964
    ],
    [
      "DEB-B6667F8E",
      50.11623825713669,
      94.49138270330202,
      188.89004995587584
    ],
    [
      "DEB-EAC6A12D",
      -19.831617944864824,
      93.86454128514225,
      830.4419289874622
    ],
    [
      "DEB-B517F572",
      -14.70580836174789,
      36.45270711797766,
      764.9921602928789
    ],
    [
      "DEB-04B03E8D",
      18.93110177100069,
      -134.4564749323784,
      892.0997475709892
    ],
    [
      "DEB-5D0A6710",
      15.335697040329581,
      -23.341370152918614,
      671.3294786020751
    ],
    [
      "DEB-894F6F0B",
      41.088533963192795,
      -114.4262740365268,
      352.17608711897265
    ],
    [
      "DEB-38942087",
      -64.97984646149786,
      138.85823927464764,
      644.6454888947701
    ],
    [
      "DEB-07C53EFA",
      83.89135498337879,
      127.48106611064732,
      405.1628362942711
    ],
    [
      "DEB-899AC8FE",
      -29.953242697203027,
      173.79625269441132,
      195.86622786556745
    ],
    [
      "DEB-3C4914C8",
      17.00667148796338,
      -40.05972750363145,
      260.24731607079866
    ],
    [
      "DEB-FC71B19F",
      24.69751332176966,
      -49.0633680493165,
      503.2190901389922
    ],
    [
      "DEB-1F6F876C",
      -4.1883142027378275,
      -28.111770000620247,
      894.918802631566
    ],
    [
      "DEB-781046D4",
      12.488210065188749,
      -10.199278577978692,
      382.148323614927
    ],
    [
      "DEB-D2C2AFA8",
      14.702661407666664,
      -13.151493438067178,
      396.9983724655867
    ],
    [
      "DEB-72C0FCCA",
      -60.0009881583791,
      135.4946456552569,
      435.8752239397372
    ],
    [
      "DEB-F6A732A4",
      -3.4716196631278082,
      79.06745443841123,
      210.68821823028975
    ],
    [
      "DEB-EA36C7C0",
      14.498424184123323,
      -158.0890623487953,
      700.8749957568507
    ],
    [
      "DEB-E155D10C",
      20.576985952553645,
      55.03355340806697,
      418.2627038704695
    ],
    [
      "DEB-490B120F",
      -51.83486828641057,
      120.24308697390748,
      676.646173554298
    ],
    [
      "DEB-62AD9948",
      25.583369516200577,
      -140.05418615132845,
      799.0852134938896
    ],
    [
      "DEB-79558CE2",
      72.79994206161389,
      -97.54709380944507,
      306.3821676932248
    ],
    [
      "DEB-2955CA14",
      -60.38091238606092,
      -20.476244878508748,
      596.3206316838277
    ],
    [
      "DEB-E579B82F",
      -75.96635238664821,
      72.12862323821993,
      580.6521930953959
    ],
    [
      "DEB-32650D15",
      28.137934339131203,
      -86.38459123354765,
      630.2683762761881
    ],
    [
      "DEB-EBC46E9E",
      -27.18399509390233,
      -152.04935540535084,
      224.2914607507828
    ],
    [
      "DEB-AE6AC0D8",
      36.45148127031846,
      -173.07670415364169,
      200.35754858424025
    ],
    [
      "DEB-1977ECC5",
      36.25126305439803,
      -129.30396975834762,
      411.9942736560088
    ],
    [
      "DEB-088A408F",
      -23.341030916513937,
      -121.2972526293443,
      283.3208403079807
    ],
    [
      "DEB-00EC8A02",
      51.72767093010304,
      -157.17639470584203,
      544.2402912046964
    ],
    [
      "DEB-66237C13",
      -15.934980884009104,
      118.78436146910032,
      890.1454410183869
    ],
    [
      "DEB-94584F3F",
      -12.029541358949151,
      111.27584322554085,
      327.5472014864408
    ],
    [
      "DEB-CF08927E",
      -25.38296015212322,
      -135.8065981269886,
      682.2568834659487
    ],
    [
      "DEB-E55D6E96",
      -80.27884889936155,
      170.1326759386638,
      806.260260599468
    ],
    [
      "DEB-19BD8ABD",
      -28.301418609685577,
      -85.69567285598617,
      810.387500341214
    ],
    [
      "DEB-E60FB807",
      18.08758729925075,
      81.68096576660884,
      708.6012249981613
    ],
    [
      "DEB-B696CCB6",
      -10.624861741180766,
      5.686671562878379,
      756.9328757576477
    ],
    [
      "DEB-1CA230E5",
      21.616908432748566,
      19.064999844983273,
      188.92033183569583
    ],
    [
      "DEB-E98D3929",
      13.444773572635917,
      -35.23403277117102,
      880.1976548759794
    ],
    [
      "DEB-57379DF5",
      12.570395021927625,
      -6.113761853843496,
      449.25151944781373
    ],
    [
      "DEB-AFEC0DDB",
      -27.54297444350484,
      -152.61128386144256,
      192.4680302924462
    ],
    [
      "DEB-50BAF4AA",
      8.82467538544237,
      41.71221419602977,
      588.6805893463015
    ],
    [
      "DEB-669C398E",
      -34.20673400430142,
      -51.81012782411836,
      893.9322910871078
    ],
    [
      "DEB-C6BD7750",
      -72.37015334063206,
      134.36108799122093,
      509.26810704826676
    ],
    [
      "DEB-27FB8B87",
      -19.198322414947345,
      118.90007763037836,
      855.3343662961424
    ],
    [
      "DEB-FD810043",
      47.438318719967185,
      -117.21292680446764,
      533.7099173137776
    ],
    [
      "DEB-B4F1D942",
      -7.036719480093372,
      107.72305107144327,
      813.1948517171068
    ],
    [
      "DEB-A9606C00",
      -1.0627700518011582,
      179.3931819847029,
      880.1769700123114
    ],
    [
      "DEB-3028CE84",
      43.21852183588344,
      -67.91332183254136,
      345.9866982294061
    ],
    [
      "DEB-79D5F7CE",
      29.542168689015714,
      -159.3421490377388,
      871.9186370778498
    ],
    [
      "DEB-DA8132A8",
      15.520450318894444,
      -22.937773579240066,
      163.26553030641026
    ],
    [
      "DEB-796C0F9F",
      -17.678654049323814,
      22.239267870527843,
      805.2261087164225
    ],
    [
      "DEB-8D6AD613",
      9.658776763889408,
      -152.1524139440338,
      657.1457486598856
    ],
    [
      "DEB-5A9DB40A",
      -3.994642559648027,
      -19.328764338744467,
      160.24474300697966
    ],
    [
      "DEB-ACE4010C",
      31.46264119024597,
      -43.794103814960216,
      768.4798431917616
    ],
    [
      "DEB-B757E852",
      -39.49010470905745,
      -125.65525150650964,
      535.7458886748245
    ],
    [
      "DEB-DA88B6F2",
      32.336350561458644,
      50.22456914666548,
      335.1436099412922
    ],
    [
      "DEB-D28A8166",
      69.67210815441906,
      21.883598802621805,
      374.20551685365444
    ],
    [
      "DEB-BADB395C",
      -11.9159151377446,
      175.76908153051417,
      215.25556085274457
    ],
    [
      "DEB-1D1DA6B7",
      8.998436338534558,
      55.42957334103219,
      284.5330417624227
    ],
    [
      "DEB-67A249FB",
      60.77580738195402,
      94.91259379313732,
      575.4395934912791
    ],
    [
      "DEB-49927B84",
      2.326680497923238,
      140.7387151151328,
      837.9725778266611
    ],
    [
      "DEB-4728890B",
      35.35169196236915,
      -177.8752066684127,
      774.5863012179243
    ],
    [
      "DEB-EFCC0C6E",
      -43.13113081004686,
      -70.60499700767782,
      295.29585509796834
    ],
    [
      "DEB-FF024977",
      -47.19381548543251,
      -104.42590574164691,
      788.9746630101472
    ],
    [
      "DEB-EF3A2CE2",
      30.67495457132759,
      48.150855576460415,
      705.3438387997303
    ],
    [
      "DEB-05F3C1E1",
      61.45677673414217,
      21.783216190202193,
      272.69721703927826
    ],
    [
      "DEB-8982092E",
      45.849364406504904,
      92.77578114694546,
      638.6162394947314
    ],
    [
      "DEB-11E891EA",
      47.67322008925851,
      30.71209292193879,
      529.00975109505
    ],
    [
      "DEB-FC46558F",
      -15.532394864935283,
      175.2815215813002,
      342.7572556864843
    ],
    [
      "DEB-92969B28",
      -63.61327854277898,
      -134.7863136078391,
      799.7141844758908
    ],
    [
      "DEB-35E1D5C6",
      -22.996304360209603,
      84.22856828381491,
      646.3693209220555
    ],
    [
      "DEB-CCBE4B37",
      -76.32536383090849,
      -9.919622191527143,
      873.9852960098624
    ],
    [
      "DEB-A2CEDAA9",
      39.52301231361871,
      86.47492597363313,
      209.42036412456673
    ],
    [
      "DEB-A38B6473",
      -41.25487129596986,
      21.467248138381073,
      747.5435414058456
    ],
    [
      "DEB-7E50B9B3",
      25.82182243851855,
      -164.23359940733246,
      574.382891513721
    ],
    [
      "DEB-4880EB2B",
      29.483971504387483,
      114.42964774166822,
      854.7078740599527
    ],
    [
      "DEB-A9ABEF57",
      35.01219647083301,
      -87.26613400372783,
      191.1112726932206
    ],
    [
      "DEB-24B24C43",
      -1.2409768932365515,
      91.57755999380859,
      845.4744456193112
    ],
    [
      "DEB-C225B3F1",
      18.75827799746512,
      -73.69888541256027,
      771.8496849935746
    ],
    [
      "DEB-1FE7D449",
      -32.155200475773995,
      35.95517195903436,
      822.8884009626363
    ],
    [
      "DEB-B85B01ED",
      11.276549367568464,
      150.22025115012613,
      633.9026620000004
    ],
    [
      "DEB-7479CF5B",
      -45.52165777146732,
      -98.84744088330002,
      436.0100002906429
    ],
    [
      "DEB-0EB8680B",
      -10.299056342626546,
      -10.617400404771216,
      799.766846339875
    ],
    [
      "DEB-6C2233E3",
      50.939522213729255,
      -27.357334128039696,
      733.2548469023659
    ],
    [
      "DEB-187FBD1E",
      -15.095090902528971,
      74.82251558196462,
      634.6342164010402
    ],
    [
      "DEB-7F2F2F2A",
      -27.6703885545027,
      70.10231246126902,
      427.5759179018751
    ],
    [
      "DEB-4E8DD221",
      47.36926048200937,
      36.53458395623871,
      377.4465895357289
    ],
    [
      "DEB-5454E509",
      21.588985782984913,
      171.01199624969755,
      269.39410266501545
    ],
    [
      "DEB-CE9C5270",
      -53.52455655855073,
      -169.70143692183873,
      885.8567710640536
    ],
    [
      "DEB-5E9B6467",
      -30.71764060898088,
      -23.279929350479115,
      152.72936339221906
    ],
    [
      "DEB-0A5EA8BF",
      -4.942630562030895,
      -42.306126903102566,
      735.6356502683138
    ],
    [
      "DEB-F547C7B9",
      -18.020841985865527,
      -22.48626682774379,
      413.17219635749916
    ],
    [
      "DEB-A8B13120",
      58.94561265201502,
      73.57412613195594,
      904.9516911746541
    ],
    [
      "DEB-D28BEE1C",
      -44.70987833999069,
      95.12844356249576,
      242.29745976615868
    ],
    [
      "DEB-D6FD222C",
      -15.74968536285265,
      -177.67650759295933,
      908.6684748241678
    ],
    [
      "DEB-53E28ACD",
      -8.536819280128855,
      -149.6678588171451,
      220.8177065535856
    ],
    [
      "DEB-534B2359",
      -53.33377535098633,
      119.24264619108308,
      240.4509675578347
    ],
    [
      "DEB-640B0E8E",
      -14.95399027254338,
      -132.33899863584764,
      612.9220558200423
    ],
    [
      "DEB-A484F4FB",
      43.12569069537738,
      -56.41172018884833,
      755.9465754635394
    ],
    [
      "DEB-ABA5743F",
      -17.66911139760171,
      -151.6072776974366,
      592.4367526819578
    ],
    [
      "DEB-7D5749C4",
      -39.881443209099636,
      101.98065546289631,
      735.5824576050418
    ],
    [
      "DEB-268E7E7C",
      -5.900660791345082,
      151.6704718385067,
      662.0594272261151
    ],
    [
      "DEB-7A98B9AB",
      -18.918874957553133,
      -129.9296837921293,
      853.3392607401283
    ],
    [
      "DEB-9E8FA89D",
      75.39592281051435,
      44.3318747591002,
      407.22255148825116
    ],
    [
      "DEB-6D87AF78",
      37.27150466742365,
      -128.27450284681825,
      170.3669180761226
    ],
    [
      "DEB-B2A2FBC6",
      2.9582580841051684,
      -126.31664722411189,
      408.6352338158367
    ],
    [
      "DEB-9D5FC53B",
      54.3419125288735,
      -85.96469060735821,
      622.266929964354
    ],
    [
      "DEB-C94545FF",
      -73.38596708758224,
      174.64743017339669,
      851.7517834727514
    ],
    [
      "DEB-08FD86B4",
      7.449712335398778,
      -0.17047309649788842,
      835.789284947311
    ],
    [
      "DEB-064C19ED",
      -33.905760929477125,
      -95.55909283097408,
      287.79708512742945
    ],
    [
      "DEB-FD980729",
      23.111141449109574,
      -52.122596729229436,
      563.1983517332656
    ],
    [
      "DEB-8A434EF5",
      76.02083483773474,
      -45.62414991106666,
      260.2540689240441
    ],
    [
      "DEB-0C1BDA64",
      -47.68712004847249,
      -171.06507505349842,
      568.3908915158108
    ],
    [
      "DEB-FD2EAAAB",
      -48.779996781283394,
      6.903659815292986,
      739.28372942022
    ],
    [
      "DEB-F0856044",
      -6.237241063111182,
      60.53076877726774,
      916.4212536383702
    ],
    [
      "DEB-BECF5C50",
      -9.045079222227693,
      72.83623716041407,
      837.176772421838
    ],
    [
      "DEB-726E5EA3",
      7.555966933068574,
      119.9005085937114,
      436.4109180995101
    ],
    [
      "DEB-6AB333FF",
      41.30181451371893,
      -94.58329014485435,
      594.8292864738696
    ],
    [
      "DEB-0045D6FE",
      26.981012760503308,
      -17.839557267384507,
      662.0690154820177
    ],
    [
      "DEB-AE0A1F72",
      20.106175377230674,
      80.98968881035591,
      845.6094058992767
    ],
    [
      "DEB-7DBE8C64",
      33.01282612546843,
      154.09526474053305,
      509.54933060140866
    ],
    [
      "DEB-97E25065",
      -29.609329039301397,
      121.10892913847066,
      470.49911193654225
    ],
    [
      "DEB-718FAE57",
      22.015666030041174,
      97.8544532020902,
      915.8998975524164
    ],
    [
      "DEB-6ECCBCF8",
      47.153707462978716,
      144.41663514413634,
      916.7454165264089
    ],
    [
      "DEB-CD6EC0A1",
      17.098750678045946,
      -168.64191116359558,
      220.3928206347673
    ],
    [
      "DEB-B645A292",
      20.19835625256758,
      -66.85968995878194,
      352.29653801646964
    ],
    [
      "DEB-F9D17681",
      -19.941276108210875,
      -89.7555722845947,
      172.07034654819836
    ],
    [
      "DEB-9DA38B51",
      23.30810803361866,
      -146.57242278396717,
      351.25840033364693
    ],
    [
      "DEB-A02E12A0",
      -10.517140366135251,
      -90.37205332977035,
      733.1927805703253
    ],
    [
      "DEB-3804C8DE",
      -18.51534866624253,
      111.78976632363145,
      188.69107123673075
    ],
    [
      "DEB-8010F9C6",
      -62.50248870890503,
      100.85365758632688,
      616.3274833761989
    ],
    [
      "DEB-ADF17E29",
      63.74903323964492,
      -38.15839393154969,
      144.06646811000883
    ],
    [
      "DEB-2F676A2B",
      -51.72736022690513,
      83.62913518177862,
      172.18953244470777
    ],
    [
      "DEB-F3D0BEB3",
      -25.415290128141518,
      -82.02467943684982,
      828.5509442380935
    ],
    [
      "DEB-26B19790",
      52.24394701964681,
      -141.84708680890566,
      436.1522041048165
    ],
    [
      "DEB-337506CD",
      -7.765117284644641,
      -70.68643380109476,
      582.0600262227026
    ],
    [
      "DEB-2B67F8AF",
      0.3403644627695131,
      -135.33876181916114,
      467.6615397454689
    ],
    [
      "DEB-A05A8C9E",
      -79.02943064674766,
      -111.03825805671256,
      295.5506791412845
    ],
    [
      "DEB-CC831509",
      4.389955751279164,
      177.5317244994627,
      327.9217292439944
    ],
    [
      "DEB-A636C295",
      25.00489137610963,
      170.49273044049966,
      672.9358798152962
    ],
    [
      "DEB-DD3A60F3",
      -27.897416270627982,
      -110.58660411525669,
      392.66649830967526
    ],
    [
      "DEB-F633B524",
      -33.63062494121133,
      -91.09416316933572,
      170.1652574230693
    ],
    [
      "DEB-D7E113B6",
      60.99406488425505,
      162.0386368076532,
      905.578777261785
    ],
    [
      "DEB-AF581950",
      -44.50679093875688,
      -56.514339194527444,
      151.96793322453686
    ],
    [
      "DEB-344E4D77",
      -86.99029859125909,
      131.5670150378799,
      693.0959509411305
    ],
    [
      "DEB-9C52BF71",
      7.634736177454562,
      121.0972657938837,
      269.6199720296381
    ],
    [
      "DEB-78A77C03",
      -6.451848715270738,
      -21.184885155810182,
      393.0195739798701
    ],
    [
      "DEB-5A4E9137",
      41.8185094619365,
      -102.35966116991221,
      741.9789451774222
    ],
    [
      "DEB-D96B6D7B",
      -33.045626709581185,
      -177.54601248839106,
      154.45896090410042
    ],
    [
      "DEB-D0952A57",
      6.202848939581827,
      74.92344919779654,
      337.78543635659844
    ],
    [
      "DEB-98F73F20",
      -29.65639560651412,
      -158.6853906517536,
      802.4815722611966
    ],
    [
      "DEB-4DE1F937",
      -59.614121389277976,
      168.98105713540485,
      264.49367565006287
    ],
    [
      "DEB-7240F7BE",
      -4.593892205954739,
      -101.5231562744928,
      598.1718552166449
    ],
    [
      "DEB-9FFEFC85",
      -70.34746455453195,
      -58.7326511406248,
      530.4138248252348
    ],
    [
      "DEB-06DA79EB",
      50.56407354010606,
      -39.03972630965445,
      260.649000643969
    ],
    [
      "DEB-A2D0294F",
      -40.82602801987768,
      50.448429016222214,
      832.8077451679383
    ],
    [
      "DEB-93DBB31B",
      6.334635143111145,
      52.64203233524895,
      613.3130596023238
    ],
    [
      "DEB-643F6649",
      70.3561263327118,
      77.94973127092601,
      670.2085204831073
    ],
    [
      "DEB-B29697A7",
      -26.586455245876888,
      38.25883682068293,
      705.4653382936694
    ],
    [
      "DEB-978FDF1C",
      -8.13241841978352,
      18.173663417431005,
      847.9352395288388
    ],
    [
      "DEB-8E5D650F",
      -70.7003258234602,
      -73.16957459118916,
      732.4827034099317
    ],
    [
      "DEB-BE892D4F",
      -47.71207712019294,
      -56.57024254439914,
      737.9450355805666
    ],
    [
      "DEB-7FB23178",
      -0.20208978337625494,
      33.00703413118888,
      536.908746503128
    ],
    [
      "DEB-F7B9082D",
      -7.128002442585016,
      78.27677396631773,
      503.7322977134445
    ],
    [
      "DEB-F1A30530",
      5.5987312373723235,
      36.72768467566618,
      143.28574852055226
    ],
    [
      "DEB-BE043A9B",
      -30.159286021617003,
      -50.44987042205347,
      781.0831335041494
    ],
    [
      "DEB-16FC012F",
      -60.61803717852122,
      -81.76086355281738,
      338.9828621190427
    ],
    [
      "DEB-13F21472",
      -49.11226405055365,
      -29.737116553706514,
      554.8841324879422
    ],
    [
      "DEB-A3A34BC9",
      43.02192118374628,
      -58.84381511435767,
      317.6942185949256
    ],
    [
      "DEB-69BE5944",
      -31.48436589480734,
      -177.36617475501038,
      331.910795500522
    ],
    [
      "DEB-2614F88F",
      76.83860283969089,
      -144.10010863379014,
      204.0949690685793
    ],
    [
      "DEB-B7AF060E",
      -3.7783109299154085,
      -69.732288413159,
      215.36985014797938
    ],
    [
      "DEB-6F3088B8",
      29.259615543977976,
      160.27964195411144,
      677.3502891919861
    ],
    [
      "DEB-5730BE9B",
      -56.700344981954295,
      -169.2342609336477,
      150.3791715265088
    ],
    [
      "DEB-58A5E280",
      61.78549173446998,
      -88.2033689176218,
      186.75985936369307
    ],
    [
      "DEB-35A9CF86",
      18.947764133037953,
      -99.02698620031636,
      208.037347518155
    ],
    [
      "DEB-6B67EEB9",
      64.28302943711354,
      17.602967912986383,
      577.2564283085685
    ],
    [
      "DEB-80A648FE",
      21.162796454767133,
      110.44045558170437,
      389.94460256430466
    ],
    [
      "DEB-E6C51609",
      7.321741741758183,
      13.896339444277602,
      582.1187827838703
    ],
    [
      "DEB-15915E79",
      -54.61536150779492,
      26.650017259570724,
      519.5124042263733
    ],
    [
      "DEB-6DAA441A",
      -39.734172003990764,
      20.32515328512187,
      442.68893773657055
    ],
    [
      "DEB-BB48FBC8",
      -58.10314344798134,
      -50.48911998861693,
      191.15016290687709
    ],
    [
      "DEB-7F1A3FDB",
      24.9517202370129,
      22.007624685007077,
      370.63566342394824
    ],
    [
      "DEB-C0387F3B",
      -11.944622183742144,
      -10.126954051246113,
      272.34162541874684
    ],
    [
      "DEB-86125F05",
      -36.94552548175929,
      -76.19040381137104,
      600.3171584748152
    ],
    [
      "DEB-AD9452DA",
      -42.19701642875124,
      -170.63903907253555,
      471.67302788588677
    ],
    [
      "DEB-F39BB1B6",
      49.91501963119455,
      56.080531529607576,
      156.56576445864175
    ],
    [
      "DEB-6A846D29",
      -41.06790774711322,
      171.34416578213168,
      600.6321623330532
    ],
    [
      "DEB-D76EC3E3",
      67.78077984191464,
      -144.4724423243999,
      793.830134253807
    ],
    [
      "DEB-8F8E5021",
      53.61765144644989,
      -107.50636087138346,
      351.4765177097397
    ],
    [
      "DEB-AFE2B49B",
      5.87417388664947,
      -93.97788512168712,
      228.4281818648924
    ],
    [
      "DEB-04B6ACB6",
      -24.246030523722705,
      22.139583334631116,
      408.7445287130058
    ],
    [
      "DEB-F5F5D227",
      17.418651215127685,
      -75.04112768147321,
      390.04943137709597
    ],
    [
      "DEB-12A16F15",
      -13.857364958383291,
      168.20196009040328,
      214.35886893092174
    ],
    [
      "DEB-88242B51",
      38.74843158589451,
      80.48231111990638,
      198.0557650211058
    ],
    [
      "DEB-6D815AA7",
      -1.471888196324724,
      -143.64690682180412,
      531.1724626689038
    ],
    [
      "DEB-30A2DE9C",
      58.429441595507484,
      -6.363676911657114,
      330.085832800376
    ],
    [
      "DEB-A496040A",
      20.381133505638793,
      67.13314707781893,
      254.0657608317515
    ],
    [
      "DEB-6137814B",
      1.466892036752219,
      64.71534825986647,
      406.3471348990506
    ],
    [
      "DEB-A3F6AD46",
      49.35280128900856,
      -62.36361793613173,
      728.6961490698377
    ],
    [
      "DEB-169B16A4",
      -68.14209810525011,
      4.227162257632676,
      785.5555665036272
    ],
    [
      "DEB-663EF1F1",
      72.56957385992051,
      -133.75511852783046,
      436.6403477795757
    ],
    [
      "DEB-FDE6E8C7",
      0.8428202674858225,
      -160.62927356648075,
      272.978895523388
    ],
    [
      "DEB-ECE15381",
      -2.0320671591844426,
      139.00363213020526,
      867.3715983225075
    ],
    [
      "DEB-8A250A35",
      -35.49572215927063,
      -178.1126263393739,
      590.5311298941442
    ],
    [
      "DEB-6884E31C",
      -65.00540450856855,
      30.06130860587532,
      271.7493541035228
    ],
    [
      "DEB-FDF87A7B",
      -11.938099271020715,
      -51.12885873240628,
      200.32976765989588
    ],
    [
      "DEB-A4B4E4E0",
      -45.13241963372919,
      -117.9039269383822,
      899.3162819960289
    ],
    [
      "DEB-5E258FB2",
      73.11614993914114,
      -98.72778559529432,
      487.36457290124144
    ],
    [
      "DEB-EB1B8975",
      35.567872810683944,
      52.59229841245138,
      463.4019364299875
    ],
    [
      "DEB-AD1A9910",
      58.141035099490374,
      -54.768606878965024,
      517.8742584488782
    ],
    [
      "DEB-36E72C11",
      6.877455606962664,
      115.15797088436244,
      440.5177051244518
    ],
    [
      "DEB-3BB996B2",
      23.38192050505468,
      -120.92223489512072,
      464.45172356022886
    ],
    [
      "DEB-783E9BEF",
      -45.324230765893105,
      96.31020901649764,
      919.7906543617173
    ],
    [
      "DEB-06DCCE55",
      5.7203843083517105,
      -4.082166256223695,
      697.2130679649681
    ],
    [
      "DEB-50E86E72",
      -8.830743116302129,
      175.1081333024433,
      592.4542612557998
    ],
    [
      "DEB-49AEBDF1",
      -71.77431010077882,
      -32.441234073574485,
      902.8313060110422
    ],
    [
      "DEB-0983498E",
      -34.739894897259596,
      38.10899858514271,
      661.1918112045105
    ],
    [
      "DEB-7276636C",
      22.42193125834646,
      -82.07492031919467,
      873.8963574807067
    ],
    [
      "DEB-C2C04C41",
      20.31481444302333,
      -160.983732888867,
      545.6310155715546
    ],
    [
      "DEB-B8E258AD",
      -64.32347720955578,
      -112.0813381729621,
      163.5075039088597
    ],
    [
      "DEB-6732922C",
      75.24057358807809,
      137.80874837712975,
      597.6216890596979
    ],
    [
      "DEB-DADB390C",
      -38.460227270542745,
      8.45711845081568,
      481.9155062472237
    ],
    [
      "DEB-75CBAC03",
      -14.792920525381053,
      47.165502670986,
      280.8584391931972
    ],
    [
      "DEB-64E4CBBA",
      -21.354383621733398,
      -84.09028536915783,
      166.83896655876833
    ],
    [
      "DEB-862410E6",
      32.84366942992799,
      -67.423965037898,
      429.2194058539726
    ],
    [
      "DEB-232BAF60",
      32.50885569288665,
      -163.0309863469673,
      507.43978732856067
    ],
    [
      "DEB-34FAA0A4",
      38.922879688194136,
      169.64899411826667,
      594.9917192181983
    ],
    [
      "DEB-F30E7A17",
      79.43482089484844,
      -79.02067839427168,
      277.1892945123882
    ],
    [
      "DEB-D451C390",
      72.36540485625638,
      46.82168171615551,
      895.5848223766379
    ],
    [
      "DEB-51813DCE",
      30.19361448607247,
      20.584936058253476,
      495.66746496771793
    ],
    [
      "DEB-61F39955",
      -40.512278376949965,
      37.259277145049914,
      496.59917639413925
    ],
    [
      "DEB-09BE01BD",
      16.636925838999513,
      -137.81950007448273,
      755.3148823801803
    ],
    [
      "DEB-B7FB5B5D",
      -69.70845878968652,
      -168.3110775809138,
      637.2962409950824
    ],
    [
      "DEB-923DA74E",
      -54.749884656896896,
      130.6297152546282,
      448.0994495977893
    ],
    [
      "DEB-9F02BC7C",
      -54.73642784274584,
      10.309906123264163,
      709.6973876512329
    ],
    [
      "DEB-8A72B158",
      3.3162294696466024,
      123.47386644375908,
      342.23167833366733
    ],
    [
      "DEB-1DC49688",
      -29.605876575170235,
      174.05722727950254,
      800.5218564116512
    ],
    [
      "DEB-235DE54F",
      -12.554929149848968,
      35.0265710244543,
      287.66432317405906
    ],
    [
      "DEB-6EEDB41E",
      10.72820760523171,
      -12.203050162087266,
      810.5416014986813
    ],
    [
      "DEB-5F5597B1",
      -63.61087096489824,
      108.31792589706127,
      745.7124557351581
    ],
    [
      "DEB-632D08FE",
      -2.147475310674332,
      158.40582016270395,
      782.5076131924725
    ],
    [
      "DEB-B1166FB9",
      62.995409809654674,
      108.58852611454584,
      878.2111823540554
    ],
    [
      "DEB-DD7557D6",
      -24.33241356020588,
      -176.32631962041398,
      477.59098324570004
    ],
    [
      "DEB-97F2DF02",
      -23.132963924153803,
      147.03827052347273,
      670.4228453032956
    ],
    [
      "DEB-9755B5CD",
      -28.26865877122161,
      46.374873450854416,
      196.23926560524433
    ],
    [
      "DEB-5F819171",
      23.456793242413813,
      21.940425632728825,
      644.1471118626232
    ],
    [
      "DEB-DD86D5CB",
      46.17696681174286,
      148.12394777327486,
      887.9388458558224
    ],
    [
      "DEB-2402802A",
      -6.417914552968251,
      23.05771909670662,
      543.6568545834944
    ],
    [
      "DEB-5B1ECF2C",
      -50.555944673242614,
      162.10321361843467,
      623.9499062232089
    ],
    [
      "DEB-1D1BD5E2",
      27.05874238048855,
      110.775604307977,
      537.0090019575555
    ],
    [
      "DEB-E3E3944B",
      -46.98910535737244,
      -111.6974080955069,
      791.7463875362628
    ],
    [
      "DEB-E3ADD5A5",
      19.713451596033117,
      70.04760041414916,
      404.6689766584577
    ],
    [
      "DEB-60AAC71A",
      5.626705574151143,
      89.18939019850116,
      202.47497416706483
    ],
    [
      "DEB-C6AD320C",
      38.03614097167115,
      -117.41818201540165,
      837.2952730709449
    ],
    [
      "DEB-8B51C163",
      20.42450576124452,
      87.60357219604256,
      517.4041291062103
    ],
    [
      "DEB-AB3DC20F",
      -55.64353825850504,
      174.20170165351072,
      640.8749449272646
    ],
    [
      "DEB-9A9FC84D",
      -42.54787483335943,
      -98.04167543446727,
      281.63905705906654
    ],
    [
      "DEB-26E8FB78",
      -30.983005907475118,
      62.92403912948902,
      782.8379874799912
    ],
    [
      "DEB-C5DE989C",
      -38.523261833269096,
      -144.89109025076465,
      212.1052227493119
    ],
    [
      "DEB-B2E5809E",
      12.844482561860262,
      -175.82047982735344,
      143.59664599035568
    ],
    [
      "DEB-EF22CAC0",
      -36.153626601480134,
      1.9359943714065821,
      487.3151645640337
    ],
    [
      "DEB-92A5CC41",
      52.457189754719636,
      8.925266213616874,
      748.2117687708469
    ],
    [
      "DEB-3B7D4457",
      16.52059257921257,
      165.61070762420368,
      562.5998929521884
    ],
    [
      "DEB-CECAEE81",
      -12.59260827283848,
      121.13652653526316,
      769.0092512503079
    ],
    [
      "DEB-0F6F0B8D",
      11.487461044606276,
      145.89618800279106,
      806.033963048254
    ],
    [
      "DEB-EC364E7A",
      42.265472356461615,
      -124.49720427865712,
      452.76424068839333
    ],
    [
      "DEB-B80E5808",
      47.82942707350007,
      10.428473364940237,
      703.4049911302518
    ],
    [
      "DEB-F6F1B496",
      -6.600369466303332,
      -17.459286957145174,
      242.7762648278358
    ],
    [
      "DEB-B4E0C7CE",
      56.57308433061379,
      -66.01989270953852,
      514.1124121304838
    ],
    [
      "DEB-51A73712",
      -23.296501116814966,
      -33.16298300653152,
      376.25728621224425
    ],
    [
      "DEB-A9C4612A",
      -29.064110431039346,
      20.983506498164708,
      588.2529439231603
    ],
    [
      "DEB-A37CE4A6",
      -38.30134993391287,
      -37.19918014483528,
      838.0239644914836
    ],
    [
      "DEB-03835942",
      -15.741024740709156,
      82.86579016681951,
      458.76505815715245
    ],
    [
      "DEB-77B3229B",
      85.1645855190418,
      -22.351796280860427,
      246.0776690536477
    ],
    [
      "DEB-EAB28837",
      -77.93428569326635,
      129.4270143535452,
      873.7502470729478
    ],
    [
      "DEB-9011457C",
      -6.2243000360400424,
      -36.96801391780353,
      202.41295226830607
    ],
    [
      "DEB-8967D775",
      58.19407016941388,
      37.48312461976786,
      806.5587398151265
    ],
    [
      "DEB-20EB2A25",
      47.45056062134853,
      -155.05132776787715,
      619.8019325596943
    ],
    [
      "DEB-D4E8F450",
      -29.974015103059124,
      166.49428488645475,
      358.4091044208335
    ],
    [
      "DEB-DF4927E5",
      58.684086922354126,
      54.650509101151584,
      638.0262855306091
    ],
    [
      "DEB-3845F7EF",
      -58.167939801354606,
      27.159289549566882,
      536.2212938288158
    ],
    [
      "DEB-5713A9E9",
      -28.691453055508756,
      77.5794421452344,
      305.99202361011885
    ],
    [
      "DEB-CDA65EAB",
      1.1152199718073976,
      130.22584776746294,
      301.09497125201597
    ],
    [
      "DEB-999C4388",
      5.37299241260844,
      -57.74517101667055,
      725.4740253281116
    ],
    [
      "DEB-57BCB0D2",
      40.17528249387913,
      -147.9796398112031,
      538.1612403428071
    ],
    [
      "DEB-42B77111",
      -30.126609126190058,
      138.18916750463845,
      900.8950052062
    ],
    [
      "DEB-DACF2FAC",
      -17.155885864671987,
      140.5126642865603,
      406.3212915530039
    ],
    [
      "DEB-068E6937",
      -3.7930109420589133,
      34.041037460652134,
      846.1803881283713
    ],
    [
      "DEB-3EC7837C",
      -54.451557642053,
      -147.33567585188254,
      130.19418604200382
    ],
    [
      "DEB-EB2A2F11",
      -0.21393878757583204,
      -17.059371054304044,
      562.0749137139082
    ],
    [
      "DEB-6529F47D",
      -40.89598317751829,
      -151.77685844308058,
      864.4968812171282
    ],
    [
      "DEB-0E452E62",
      -29.771761230761122,
      -153.93221833565667,
      468.31513635190277
    ],
    [
      "DEB-002614CF",
      -78.36842033255193,
      -102.98948231561666,
      637.6268198334765
    ],
    [
      "DEB-2A18C489",
      -6.836926643546193,
      -124.07355215477814,
      912.9708938001322
    ],
    [
      "DEB-EB24334E",
      71.95316736856901,
      22.860022467823633,
      729.6739056271244
    ],
    [
      "DEB-64022BBC",
      14.874589236397497,
      -71.08868221866332,
      468.44786737685627
    ],
    [
      "DEB-F5B76C93",
      9.159078176351052,
      139.9945136909149,
      304.82651351716777
    ],
    [
      "DEB-F843009D",
      -31.59157474050044,
      -49.186372856010365,
      243.1231259104643
    ],
    [
      "DEB-22B2FDBA",
      70.79111806431567,
      -110.08804066309432,
      149.26203540656388
    ],
    [
      "DEB-B4C6B2CC",
      43.25269744726702,
      -22.51087319213275,
      341.61426282896264
    ],
    [
      "DEB-F6D2E207",
      15.454808575863442,
      -3.4009277228706547,
      849.5604273269673
    ],
    [
      "DEB-04F33B90",
      2.025672579233895,
      100.18844622686713,
      137.30697493658772
    ],
    [
      "DEB-89717B34",
      20.979200251887743,
      177.54905304911063,
      662.6612039901165
    ],
    [
      "DEB-8D02F935",
      -6.445016770244172,
      136.62659083341808,
      728.7739078015611
    ],
    [
      "DEB-979B7AEC",
      52.01819314949839,
      102.83510015823641,
      761.9024367327438
    ],
    [
      "DEB-32B64C87",
      31.01038636967365,
      -77.7679264143019,
      442.2452294055229
    ],
    [
      "DEB-72BACE28",
      -44.329913545791946,
      154.62669633239577,
      306.70598914079073
    ],
    [
      "DEB-CF4CD556",
      -15.11233483388648,
      166.84575372351262,
      855.0533142004042
    ],
    [
      "DEB-AA855E7B",
      -45.15391883381841,
      12.519713534336926,
      792.4989438156499
    ],
    [
      "DEB-AC95A548",
      38.72910431161271,
      -179.17147008795615,
      203.53287239272504
    ],
    [
      "DEB-43CE70D5",
      -57.334521239822635,
      -134.72980627733773,
      557.5967611453934
    ],
    [
      "DEB-A960EB12",
      47.866799065371794,
      96.86629211186555,
      283.8350933194479
    ],
    [
      "DEB-5CAA8596",
      -0.541563602888156,
      -104.42305339006403,
      923.8783240692965
    ],
    [
      "DEB-5C438CEA",
      -14.699225895635859,
      -179.81043185057936,
      179.17144440751326
    ],
    [
      "DEB-312DA3AD",
      3.2371616493428967,
      -7.7354451385928975,
      236.68305406093714
    ],
    [
      "DEB-50954C2F",
      -11.394950718602448,
      38.96948067990836,
      201.80391815490293
    ],
    [
      "DEB-E75641FF",
      2.7963140202648646,
      179.22320013097345,
      738.6227268024422
    ],
    [
      "DEB-0D054E01",
      22.86245943576519,
      -9.991435878835185,
      468.46498052135485
    ],
    [
      "DEB-365E14FB",
      -76.19920768039049,
      -152.4460491716531,
      173.45762334733445
    ],
    [
      "DEB-2250EF90",
      9.267911312124522,
      -145.45953450373423,
      382.5257897764268
    ],
    [
      "DEB-2DEA88E0",
      -21.106422718919614,
      -1.2776808419191699,
      734.694163225653
    ],
    [
      "DEB-49CA38E6",
      26.344522155930065,
      -10.225735338736179,
      889.4571409793843
    ],
    [
      "DEB-64139841",
      29.481990446811203,
      -138.1560947765441,
      517.1388854238121
    ],
    [
      "DEB-DDC1A7CB",
      5.771892550966798,
      112.47634106756861,
      841.7566373087357
    ],
    [
      "DEB-70C2D62A",
      -21.76618058253478,
      -78.78573551069418,
      233.25118392338663
    ],
    [
      "DEB-A0C0B024",
      -10.853736297583387,
      38.07817490073704,
      799.9111192029122
    ],
    [
      "DEB-A0296E48",
      -34.38127943924522,
      -132.8498731432432,
      533.0854580288978
    ],
    [
      "DEB-AEDD4821",
      39.819282426153755,
      -51.24692566169565,
      771.2024235612598
    ],
    [
      "DEB-5DBF0AD7",
      -17.92283919624625,
      -61.65803378049125,
      550.0200469080237
    ],
    [
      "DEB-FF931CDE",
      -12.36858313209417,
      -165.9526558193091,
      692.2639392593755
    ],
    [
      "DEB-B179E461",
      34.91478582656809,
      132.77049840277405,
      482.581998859112
    ],
    [
      "DEB-7D53134A",
      55.459912653211994,
      -109.29804408481833,
      319.6097245621713
    ],
    [
      "DEB-1DF6B5FD",
      -40.257899945652625,
      -23.283841107918775,
      377.15378364503886
    ],
    [
      "DEB-69E36E4D",
      -8.727540971951735,
      79.7145981385522,
      777.6924641880532
    ],
    [
      "DEB-8983DCD9",
      12.02762411129645,
      119.39770484948146,
      462.10501544198996
    ],
    [
      "DEB-826F7332",
      -41.9591724751635,
      137.29613833140166,
      728.7442795247534
    ],
    [
      "DEB-E3046FCC",
      29.60846532730873,
      -167.32700512402863,
      817.5208706476215
    ],
    [
      "DEB-76287409",
      -58.66651961057616,
      -153.3820288001726,
      661.3378441580835
    ],
    [
      "DEB-D34114DC",
      20.407684724418342,
      -9.184034039190054,
      529.4561121300048
    ],
    [
      "DEB-A7C8354A",
      1.7268375445433157,
      169.10592302579786,
      241.27351901875136
    ],
    [
      "DEB-7D3C4CA2",
      -35.9177168747955,
      -4.550881371220207,
      451.6796234168078
    ],
    [
      "DEB-18CD5D78",
      7.113900782388524,
      2.7549837999817757,
      911.9591268720014
    ],
    [
      "DEB-61E5E9FD",
      -28.610147942254518,
      -69.54026375058186,
      655.691714143074
    ],
    [
      "DEB-10C71B18",
      43.20766651929006,
      -19.86146899585896,
      503.0957268180782
    ],
    [
      "DEB-4109BC3D",
      83.77650661914338,
      21.3235952631116,
      476.02176188326484
    ],
    [
      "DEB-FF2083EE",
      59.15972597926779,
      -33.93127075322269,
      801.1257170628987
    ],
    [
      "DEB-42CD3611",
      -40.816513580952,
      40.33362466309268,
      520.3145919470644
    ],
    [
      "DEB-5A5F4802",
      6.349477066684698,
      159.65003668903188,
      751.1270739345728
    ],
    [
      "DEB-AE5CE713",
      -20.609880617984537,
      -142.97235097388932,
      466.6618029933197
    ],
    [
      "DEB-B039D39B",
      4.198310680715576,
      11.39362405921153,
      477.5365064202824
    ],
    [
      "DEB-72FCA8C9",
      46.44372531177431,
      14.469589033113735,
      864.1974174141769
    ],
    [
      "DEB-B534D632",
      -3.3516029982343296,
      -24.526787572673193,
      534.534955173146
    ],
    [
      "DEB-CC8303C9",
      -27.52896535207032,
      124.57836963627992,
      433.2155157177385
    ],
    [
      "DEB-8FD9427F",
      -27.018411208867736,
      65.92424663577935,
      394.8205085604759
    ],
    [
      "DEB-DF0F9FB7",
      52.75387870545812,
      34.425774184659595,
      626.9466514435389
    ],
    [
      "DEB-FB2A4DA5",
      51.04235076332448,
      5.2686681278540375,
      186.38132623041292
    ],
    [
      "DEB-DCEF3F86",
      27.955531002010183,
      -1.5602108415712603,
      270.36408036892226
    ],
    [
      "DEB-618F03FA",
      3.371529071032055,
      58.971296154595265,
      454.24117035248673
    ],
    [
      "DEB-211F985A",
      -31.49455400714054,
      28.727096598364323,
      723.2644095653623
    ],
    [
      "DEB-BE71C83C",
      59.13373403457627,
      129.14885091265265,
      652.0569253588737
    ],
    [
      "DEB-A4B95066",
      -40.9949999745923,
      -23.94439171578636,
      879.5824927330841
    ],
    [
      "DEB-D1DAE66C",
      46.74545705577652,
      109.84778759726096,
      429.9457916354968
    ],
    [
      "DEB-6EC8D455",
      -70.56152053458145,
      -7.061456216294115,
      800.8068357800921
    ],
    [
      "DEB-E140138D",
      -19.708070872891025,
      1.3504164092035869,
      281.99011129303835
    ],
    [
      "DEB-024B7288",
      2.556444759897131,
      142.26165827751723,
      615.6565205006773
    ],
    [
      "DEB-F36B5E07",
      -16.72065849685366,
      31.485377593633633,
      266.81305557977976
    ],
    [
      "DEB-65D1A4C9",
      41.298036296208295,
      23.345647899262968,
      291.7518742759121
    ],
    [
      "DEB-3347CCD6",
      25.521230335289527,
      70.70942739338847,
      895.8002928836686
    ],
    [
      "DEB-DC0D0715",
      2.216285265046554,
      2.622151426453555,
      479.6919811967873
    ],
    [
      "DEB-ED99D00B",
      -58.81413198724467,
      8.219646520722158,
      729.4662617807426
    ],
    [
      "DEB-1A549BDD",
      31.78374760486344,
      147.1690635635572,
      166.0658362067661
    ],
    [
      "DEB-B68851E6",
      9.686415644586386,
      177.57385262194913,
      731.5476964014724
    ],
    [
      "DEB-896FC1DB",
      -79.85365084766447,
      -32.96037637122998,
      514.3526532502092
    ],
    [
      "DEB-BFDDBE7C",
      31.40566583163609,
      89.50252620757324,
      431.0206886132164
    ],
    [
      "DEB-F9702150",
      50.88347131650028,
      -152.51112692461015,
      914.0113527743306
    ],
    [
      "DEB-42DE40ED",
      -24.71066855800267,
      179.395845705975,
      531.7915734997669
    ],
    [
      "DEB-CDD9CA13",
      42.40856207851484,
      -73.56046258481763,
      468.15579711899136
    ],
    [
      "DEB-9F3CBA40",
      12.67892255293132,
      89.23605101996687,
      884.7435952870046
    ],
    [
      "DEB-37E0AD19",
      4.275123275535726,
      -142.15876239988242,
      841.5494945567389
    ],
    [
      "DEB-BD594F60",
      -16.401046864483252,
      -90.75082372216052,
      740.105845746054
    ],
    [
      "DEB-DA1F2BE6",
      -0.4358068485666496,
      -92.69190509054584,
      211.92473488188352
    ],
    [
      "DEB-A5C2E188",
      -12.29767419009991,
      -82.8440416264924,
      147.57990568168407
    ],
    [
      "DEB-4031E797",
      -50.15811833138671,
      -117.0977565168825,
      312.51933985534015
    ],
    [
      "DEB-C1BA301A",
      -58.514606301400384,
      144.91334713903285,
      668.5593268445691
    ],
    [
      "DEB-B75D6466",
      -12.057318639575362,
      -33.32475878757558,
      806.4871592778045
    ],
    [
      "DEB-79D38878",
      -20.59354034186972,
      -58.749703495407616,
      610.8350480548061
    ],
    [
      "DEB-E0AAA895",
      -60.7607372930349,
      136.89208685196624,
      342.54133975426976
    ],
    [
      "DEB-D58A2057",
      -58.433973727437184,
      61.910999315659325,
      632.1305206665947
    ],
    [
      "DEB-2BFCFD02",
      -16.598264257042107,
      -127.69101915461886,
      247.89533093667342
    ],
    [
      "DEB-60672C94",
      -28.58221067783343,
      -172.50538165052626,
      533.3640307143269
    ],
    [
      "DEB-3A7A2019",
      -27.04410023087027,
      -35.53171452285946,
      675.7066567854563
    ],
    [
      "DEB-CE2994AA",
      29.95354034895981,
      -19.863654961018966,
      398.93844582274505
    ],
    [
      "DEB-8CBA8B7B",
      -11.297831272644553,
      72.39521874594492,
      247.51135105053527
    ],
    [
      "DEB-AD31DC1B",
      84.85128123193316,
      -158.22391276446572,
      713.4467776309084
    ],
    [
      "DEB-9587AC1F",
      63.20666918450074,
      -115.48344782538308,
      576.5998313583341
    ],
    [
      "DEB-46BB6701",
      15.876083456759744,
      111.74124344685637,
      349.02075756317845
    ],
    [
      "DEB-C2872E46",
      -39.256442656556644,
      80.11948077153158,
      349.2199692327031
    ],
    [
      "DEB-650410C3",
      33.480891683834535,
      154.3385065613155,
      882.4719838817718
    ],
    [
      "DEB-158F1501",
      -52.37657892801447,
      163.07186755912468,
      370.3119293865848
    ],
    [
      "DEB-32CB4B6F",
      69.98224838052646,
      -143.04454638969648,
      320.6958271734484
    ],
    [
      "DEB-5AEAC518",
      -22.16386210523608,
      -140.36305382636186,
      169.35587091460002
    ],
    [
      "DEB-06EBEF24",
      3.229312507219076,
      55.09489521609727,
      395.794600639334
    ],
    [
      "DEB-7907B738",
      -45.95220453754522,
      93.93877147853499,
      141.4643548908616
    ],
    [
      "DEB-59D8A75B",
      -50.500440300985126,
      -122.5826270069251,
      734.0284310274865
    ],
    [
      "DEB-63592CEA",
      -20.26985703608375,
      90.1682216213858,
      706.6663994504543
    ],
    [
      "DEB-8BD37E7F",
      -66.80274114719245,
      -103.19838414552541,
      204.73958200388552
    ],
    [
      "DEB-9432EF7D",
      30.64284445738351,
      -121.55716852918971,
      687.3111333262532
    ],
    [
      "DEB-CFEBA6EC",
      16.296071793085105,
      -67.2067782845523,
      518.2968537859579
    ],
    [
      "DEB-FAAB279A",
      60.877313898132186,
      -69.67459382331378,
      574.5028573894033
    ],
    [
      "DEB-3A974E55",
      -43.35394897057326,
      -36.56035574009692,
      914.4842426096593
    ],
    [
      "DEB-2A919298",
      -9.92735087381864,
      -30.341641177802874,
      819.5859420210436
    ],
    [
      "DEB-1E6D85EF",
      -16.739779445363485,
      41.72650188385676,
      758.308238325656
    ],
    [
      "DEB-C2EB8B1A",
      -67.86014209595356,
      131.0581945443993,
      693.278428903528
    ],
    [
      "DEB-5CF49DF7",
      18.986385954285346,
      -47.881694214020364,
      623.0516511450605
    ],
    [
      "DEB-1E9F06AF",
      2.843551381380296,
      23.132932748258334,
      497.15794427361925
    ],
    [
      "DEB-4C90E388",
      -38.92296833610473,
      111.47430475250708,
      523.1637989089095
    ],
    [
      "DEB-B5239245",
      39.73695454094542,
      71.71082550891325,
      910.5882007140344
    ],
    [
      "DEB-1C09C7AE",
      -77.2635574379594,
      -62.763906959382986,
      445.80213090228335
    ],
    [
      "DEB-FDFE5CED",
      62.1363346127057,
      159.6884063111988,
      587.2094370500645
    ],
    [
      "DEB-8DE52FCD",
      -0.08113433232426596,
      30.604022574650404,
      837.438397891312
    ],
    [
      "DEB-E55A66F7",
      1.7676370693347339,
      126.37319386514184,
      182.4187304345005
    ],
    [
      "DEB-113AFAC2",
      -16.51802608609217,
      -80.24150758936592,
      177.62132114145516
    ],
    [
      "DEB-C4E7A9F5",
      6.2377792564862915,
      133.55049368031234,
      483.69336327689507
    ],
    [
      "DEB-46FBBB6E",
      -6.757126629685687,
      -4.564048126703329,
      641.6163404414283
    ],
    [
      "DEB-CF69DFA9",
      15.041281397910033,
      -89.30623278854605,
      570.3536302528373
    ],
    [
      "DEB-3662F2E1",
      -12.11674626253773,
      -20.33088716668991,
      200.89766218122622
    ],
    [
      "DEB-0C543E1D",
      27.373366433207014,
      -99.7768354405136,
      463.0529149240165
    ],
    [
      "DEB-50D84C90",
      36.37847509250611,
      -43.339644901568434,
      252.3610273210861
    ],
    [
      "DEB-FD63EC62",
      -43.41287031731804,
      161.6488856309944,
      791.1894535642468
    ],
    [
      "DEB-4893B00A",
      -41.84631489396423,
      -62.10203495258143,
      478.81868433273576
    ],
    [
      "DEB-83AF93E7",
      15.531238161508638,
      26.366797870709217,
      741.1563218673691
    ],
    [
      "DEB-1E0CDB86",
      -17.909203231230673,
      -32.001353399218274,
      584.3744261820975
    ],
    [
      "DEB-0CB35016",
      3.109968272715228,
      142.70390310893868,
      473.3360789612907
    ],
    [
      "DEB-B74DBC09",
      12.207037303777907,
      -8.26364076881813,
      605.5973012031136
    ],
    [
      "DEB-743E1388",
      47.82882244820628,
      -41.534896015876726,
      551.0723935135165
    ],
    [
      "DEB-2DCFF285",
      -74.4035288281949,
      -105.40808338954879,
      610.7519445045336
    ],
    [
      "DEB-FCEB1650",
      0.4865428375222231,
      112.96669846724625,
      684.0436111952567
    ],
    [
      "DEB-EFEC0DED",
      -70.31676317893803,
      152.4361909150863,
      795.458407351467
    ],
    [
      "DEB-B357EF66",
      49.09454598003329,
      50.07150558111124,
      513.2863683123715
    ],
    [
      "DEB-A160933B",
      24.00016439123758,
      -115.26021722889217,
      623.2480708743933
    ],
    [
      "DEB-EF758960",
      -55.003170294871424,
      -63.095664024190015,
      697.7423399804347
    ],
    [
      "DEB-B5477D47",
      -62.29474237386124,
      64.64734593005873,
      205.3419299779507
    ],
    [
      "DEB-94BD0A1E",
      -28.24128610068239,
      166.03426478511787,
      457.07259238621737
    ],
    [
      "DEB-DB946E36",
      16.79392248918222,
      -67.51356473282841,
      667.342140908414
    ],
    [
      "DEB-3AC87551",
      66.17268080304096,
      64.07455274104814,
      679.1095495109812
    ],
    [
      "DEB-081035A5",
      -19.15881683175888,
      24.80352350508895,
      477.42435838440906
    ],
    [
      "DEB-4F8D0EBC",
      16.81744545059724,
      -36.08958994410987,
      414.9532726334819
    ],
    [
      "DEB-33737F3B",
      -35.78016495014944,
      -71.81326386683708,
      127.02010825477464
    ],
    [
      "DEB-9DD931A6",
      20.22945085831101,
      -17.74266912572484,
      553.410300511131
    ],
    [
      "DEB-D71FC721",
      -13.627795550029807,
      24.991633402654163,
      393.7805548057604
    ],
    [
      "DEB-8A7BBCEF",
      2.341481671804986,
      -132.7975949020692,
      903.9227137990929
    ],
    [
      "DEB-754786F6",
      71.07391385921113,
      139.52585342591362,
      530.0235503890353
    ],
    [
      "DEB-D54E8D46",
      -6.879942281759328,
      -66.82321626409434,
      457.58183239326445
    ],
    [
      "DEB-13E5DAF8",
      62.38804986688019,
      14.172423643931603,
      762.7750540267552
    ],
    [
      "DEB-A542DBA9",
      -44.8286364024981,
      150.7529973101242,
      723.3010371495075
    ],
    [
      "DEB-02F53446",
      -4.637000416856526,
      70.43745393604283,
      339.1588139361147
    ],
    [
      "DEB-7CAFF20B",
      -66.59189075609665,
      -96.54123804857102,
      787.3321119152524
    ],
    [
      "DEB-F16DC749",
      -8.131059438203176,
      74.75190225483696,
      265.55051695097427
    ],
    [
      "DEB-7EE9EDDF",
      41.755257284967314,
      20.465409902466238,
      799.8010105462399
    ],
    [
      "DEB-A38EDC0B",
      12.533172544555741,
      -83.99606030705301,
      787.412693596938
    ],
    [
      "DEB-05BC0304",
      46.82843438340814,
      -81.26724194654005,
      406.8049908641351
    ],
    [
      "DEB-9A79F3D0",
      -69.61167112568803,
      97.9533856376686,
      878.2660712559073
    ],
    [
      "DEB-49977FC0",
      67.04867354933087,
      -103.84024234983987,
      284.9905285098512
    ],
    [
      "DEB-3A65A9A1",
      -9.68890505660934,
      13.984789157703803,
      507.36625342616844
    ],
    [
      "DEB-287F2E9D",
      -17.94623074802399,
      -132.2727850155645,
      261.6949323520921
    ],
    [
      "DEB-FFD0C743",
      -0.21445431165677417,
      -92.63042941965213,
      791.0186844280843
    ],
    [
      "DEB-7295BB67",
      64.76052573214812,
      -107.32533604454552,
      861.6111875643765
    ],
    [
      "DEB-B269A823",
      -1.8994020545360941,
      70.00716418025759,
      367.19883273575397
    ],
    [
      "DEB-1B4338BB",
      -19.315431503045968,
      24.75090876118279,
      773.8897425144569
    ],
    [
      "DEB-F9722F6B",
      -62.80568409863145,
      -74.3656474607084,
      565.2612430724712
    ],
    [
      "DEB-33345036",
      -9.266421662213652,
      -114.29675078329363,
      425.7630625729216
    ],
    [
      "DEB-40F71EF9",
      -57.43946284906533,
      -14.099459104148664,
      534.1100702537015
    ],
    [
      "DEB-20F20082",
      54.699275136962385,
      57.5893928428356,
      710.2756165925857
    ],
    [
      "DEB-536D6BFB",
      -10.581024301453965,
      -58.42004290755787,
      414.6726799331627
    ],
    [
      "DEB-E068E1A9",
      -65.09577088204563,
      157.08461090822874,
      447.8467419833969
    ],
    [
      "DEB-F48C6F5B",
      -3.9065628979110185,
      124.830167465026,
      469.99132833151725
    ],
    [
      "DEB-D0747A1F",
      1.1323835068900843,
      -31.983864429821725,
      861.4272594176346
    ],
    [
      "DEB-E5CBBFBE",
      23.69216731103812,
      119.76272854908012,
      751.1411651561293
    ],
    [
      "DEB-41268F4E",
      -26.997585414724917,
      75.0114523273719,
      642.8196463674112
    ],
    [
      "DEB-81216FA1",
      -13.339905864205218,
      0.685383281853444,
      309.0399330289465
    ],
    [
      "DEB-0F8F41D9",
      12.79298925354949,
      -68.65665229871793,
      498.5470402318697
    ],
    [
      "DEB-E331BE3E",
      20.577379886453482,
      126.36545914832256,
      748.2817045228066
    ],
    [
      "DEB-E538D5E2",
      54.62083974771772,
      61.96698211109604,
      180.7865361671138
    ],
    [
      "DEB-57D231E4",
      8.316050616565557,
      144.4604612608791,
      319.2053945043899
    ],
    [
      "DEB-DB1C2F33",
      11.985513576317516,
      160.84960970017136,
      126.263195951522
    ],
    [
      "DEB-7159893B",
      -64.2722838828464,
      45.710675933197706,
      325.1622399144635
    ],
    [
      "DEB-B8A8B51D",
      -19.013622454097376,
      -161.11411209115963,
      841.9568479277323
    ],
    [
      "DEB-C6DDDFF2",
      -30.985887088128102,
      119.32273822238292,
      300.4350770174442
    ],
    [
      "DEB-43C0950F",
      -56.4435899740578,
      4.579000241731185,
      391.4477860847237
    ],
    [
      "DEB-6EA36125",
      -49.278589963718574,
      -161.96508321900708,
      535.8499212194929
    ],
    [
      "DEB-42A9DCEF",
      6.281190182985171,
      -120.44232928578865,
      247.43597694225537
    ],
    [
      "DEB-D9F9BCFA",
      31.941096056592684,
      -172.86527868253862,
      307.2283885208435
    ],
    [
      "DEB-13474730",
      3.2637268785009033,
      92.18760970579875,
      481.6239424595242
    ],
    [
      "DEB-1EE3BA9C",
      -18.283541547690348,
      -107.73211002702011,
      172.49192565470457
    ],
    [
      "DEB-4FEA03CC",
      18.37761596520441,
      142.61518391353826,
      154.442256994751
    ],
    [
      "DEB-E0B9C55A",
      38.07344524681403,
      -102.43302220630589,
      470.29308019080963
    ],
    [
      "DEB-343F85FB",
      -28.260454806165278,
      -179.85553966804537,
      768.8483999172122
    ],
    [
      "DEB-E447B1F7",
      -39.019338230032204,
      173.06161207526043,
      906.937626963434
    ],
    [
      "DEB-3FBAD851",
      -43.52352322952078,
      81.66294584172219,
      865.5256061060709
    ],
    [
      "DEB-53BB44AC",
      -61.105244595574476,
      -86.22091886171371,
      506.295408361475
    ],
    [
      "DEB-7EE7CE12",
      28.752100604145415,
      23.238389517917295,
      506.35222923849597
    ],
    [
      "DEB-643FC007",
      -48.87155513016418,
      -33.597664981995976,
      131.68977311165781
    ],
    [
      "DEB-B144EE2E",
      0.28316295387271084,
      15.989992201987741,
      521.2880878785045
    ],
    [
      "DEB-F9D79E6C",
      3.2654510580853113,
      168.90512164975928,
      796.5025353723768
    ],
    [
      "DEB-4DB1F08F",
      -18.251545105618913,
      -127.17780715601049,
      870.5564288374208
    ],
    [
      "DEB-E4D1A4AC",
      24.882153559283502,
      27.538314901138442,
      201.1250818319022
    ],
    [
      "DEB-E3C08CBC",
      -32.7492358888629,
      81.12020642162014,
      449.6924409858275
    ],
    [
      "DEB-5E90B7AD",
      -5.329386762583496,
      -13.479118252469657,
      631.578708811011
    ],
    [
      "DEB-AC03DC65",
      40.72633457510628,
      5.467230007541861,
      751.8009725414413
    ],
    [
      "DEB-C25A43DF",
      -73.93759131066008,
      154.95239383601074,
      717.1442412347997
    ],
    [
      "DEB-11654A00",
      -11.530997649678914,
      39.91279968989831,
      643.0287553195558
    ],
    [
      "DEB-FE7A97A9",
      62.21928876799617,
      86.7599320019225,
      659.8462714513562
    ],
    [
      "DEB-38CC89B1",
      -34.8882173156885,
      163.6320499522332,
      791.6792611087394
    ],
    [
      "DEB-051312B3",
      35.79930696419079,
      -46.069434084859445,
      260.86842826412794
    ],
    [
      "DEB-B4B63139",
      -20.138615627074536,
      76.47506499833389,
      698.5080424380094
    ],
    [
      "DEB-0B1A43BF",
      -62.30295700210725,
      34.55811741935678,
      540.8954628059564
    ],
    [
      "DEB-046B4230",
      18.781811299439426,
      -145.75685040405196,
      247.13935995658903
    ],
    [
      "DEB-3F093E6A",
      -21.46541753692815,
      -135.79369274513405,
      666.8368270848641
    ],
    [
      "DEB-A2CECB61",
      -46.62763414646592,
      -142.9111481755823,
      213.66173680696193
    ],
    [
      "DEB-3278EB0E",
      38.4926759409519,
      -10.99777168760521,
      802.3809865504418
    ],
    [
      "DEB-C440C2B5",
      24.19036744295788,
      -167.80950908505932,
      870.0247489476096
    ],
    [
      "DEB-84C64CDD",
      5.057210339285651,
      -20.28246369975216,
      390.2649358205099
    ],
    [
      "DEB-0DAF9B07",
      9.739933162782144,
      47.947877103403684,
      580.713128860677
    ],
    [
      "DEB-AD6735B4",
      -68.48387884158899,
      -124.00555146858377,
      382.2798095417784
    ],
    [
      "DEB-662CB0E2",
      45.184451574745495,
      -90.42188013831198,
      127.6697483601165
    ],
    [
      "DEB-6756A755",
      -60.090406238287834,
      -157.77966053216346,
      871.1348773757773
    ],
    [
      "DEB-562D2535",
      36.01200500248327,
      128.91029439394563,
      172.77114708918543
    ],
    [
      "DEB-CCA9D45C",
      -39.15787199317645,
      -6.147789308328351,
      132.19360283510468
    ],
    [
      "DEB-487EA6BB",
      32.94695570831682,
      -149.07048304374706,
      872.3209722049023
    ],
    [
      "DEB-8FBB914D",
      -20.939263387846037,
      -85.55486149729394,
      295.7460592451307
    ],
    [
      "DEB-098BA3EC",
      42.10197307219319,
      -108.14095411438468,
      742.9345071939742
    ],
    [
      "DEB-5D8DB62A",
      -70.81452538994667,
      119.9878132683232,
      166.77387128506325
    ],
    [
      "DEB-798048FD",
      16.118621148296395,
      -58.63678257037376,
      703.482100712562
    ],
    [
      "DEB-A087AA77",
      -52.45046153980496,
      153.23605808084733,
      301.16383528153074
    ],
    [
      "DEB-1CD14BD4",
      -15.05182709686473,
      -162.4829835852507,
      437.4604155857678
    ],
    [
      "DEB-D846C012",
      24.114029639462256,
      69.67621886011061,
      325.58673861609896
    ],
    [
      "DEB-94250F66",
      5.519048664742246,
      -21.162755200036752,
      751.0554053604783
    ],
    [
      "DEB-636C126C",
      4.611310391160958,
      -7.628843588792698,
      459.94036651675833
    ],
    [
      "DEB-62F6F5AF",
      80.80556617764435,
      95.78279411134385,
      725.1142266719871
    ],
    [
      "DEB-9D010967",
      -21.472032129839977,
      -133.9534496028483,
      603.847812310385
    ],
    [
      "DEB-26AE6735",
      24.12529530029079,
      141.8638937663955,
      423.04911099965193
    ],
    [
      "DEB-B534441F",
      22.10504160024487,
      24.22171029443002,
      547.4917486035656
    ],
    [
      "DEB-FCE8BE1A",
      -52.97130568722567,
      35.77006949984958,
      192.20192366745232
    ],
    [
      "DEB-D861CFB9",
      13.262509554738855,
      114.74564916473524,
      927.33448133401
    ],
    [
      "DEB-CCCB6DD1",
      3.8336665201529008,
      100.56311874486374,
      864.4292546941006
    ],
    [
      "DEB-D66D3205",
      -33.60651541754809,
      94.64965267720108,
      463.4831130550356
    ],
    [
      "DEB-E6D4F90B",
      -4.986531656720701,
      124.38640538400882,
      668.8982728084193
    ],
    [
      "DEB-C3C5D72B",
      -0.4127598454964528,
      23.7520625694129,
      151.24899088077382
    ],
    [
      "DEB-BC19EDAF",
      -16.848542017248516,
      146.26690162817266,
      361.2389628313449
    ],
    [
      "DEB-149C8A21",
      30.53848902002804,
      -135.52990542141222,
      203.36678400060646
    ],
    [
      "DEB-7C2E8E44",
      23.272053743180564,
      104.75815804145148,
      308.791876723787
    ],
    [
      "DEB-1D9DF49E",
      -27.906208235227556,
      -150.17291254625084,
      853.031571648371
    ],
    [
      "DEB-35642FBF",
      -8.989724150684909,
      -43.615473830896825,
      123.73200279048251
    ],
    [
      "DEB-570F5498",
      52.84310039207968,
      36.45308948665261,
      811.3130699166086
    ],
    [
      "DEB-29C1E086",
      43.83357527013289,
      101.9313809944638,
      766.0607498798709
    ],
    [
      "DEB-856093BB",
      41.85336597159665,
      -69.87469072850568,
      414.55666260828457
    ],
    [
      "DEB-60C3962C",
      -9.089285920181613,
      -13.613696531573341,
      186.72445307156977
    ],
    [
      "DEB-EEAD9A24",
      2.5296026423735287,
      48.497367789936966,
      542.8543023247703
    ],
    [
      "DEB-FFA76C88",
      -59.41662063767138,
      -93.60018341918189,
      562.503284282081
    ],
    [
      "DEB-CFCCD125",
      14.704430839560208,
      167.06265189482033,
      214.55333722067462
    ],
    [
      "DEB-8A908201",
      -49.39002510856517,
      -94.26432636250736,
      173.9806640061479
    ],
    [
      "DEB-DDFBAD40",
      -3.9128361677247523,
      -72.65591493269955,
      646.8225995667326
    ],
    [
      "DEB-A3A94F8C",
      14.502149843136396,
      -113.61456414382405,
      528.5747794689496
    ],
    [
      "DEB-B7F8812B",
      -13.806633081709117,
      143.0141034035704,
      636.4667326743065
    ],
    [
      "DEB-817B0248",
      48.365188258743224,
      91.60060328960289,
      225.86935772647848
    ],
    [
      "DEB-243C9A1C",
      -36.239403264078206,
      48.37568145061804,
      655.156081366833
    ],
    [
      "DEB-2AA52547",
      -22.163728441183626,
      23.54751647021445,
      840.1121956686202
    ],
    [
      "DEB-3A457B41",
      -4.404658004466225,
      179.6542399641947,
      357.1018089044301
    ],
    [
      "DEB-7259C1AB",
      31.04353136535587,
      143.21872381508624,
      446.418219476529
    ],
    [
      "DEB-3213D76D",
      70.99472733851412,
      -91.32544877093945,
      340.3860036947517
    ],
    [
      "DEB-AC63E3DE",
      -76.82000935089766,
      90.77303385146402,
      154.65870165565593
    ],
    [
      "DEB-C62E4DC4",
      -28.313749668858826,
      -138.99346723672855,
      525.5794273036336
    ],
    [
      "DEB-8B37B683",
      19.271932475342464,
      -16.237522052195242,
      399.4755480520489
    ],
    [
      "DEB-68CD45CB",
      -11.141722133284942,
      65.84025235248735,
      489.29875833403094
    ],
    [
      "DEB-5AB3FB41",
      -17.402192345324096,
      85.09134995978553,
      278.6590291630073
    ],
    [
      "DEB-95793D6B",
      -35.25226844526449,
      -82.33296662356422,
      374.8731955557014
    ],
    [
      "DEB-EE67EC00",
      15.851939294692182,
      -33.1010069773035,
      324.6349454548881
    ],
    [
      "DEB-B3696478",
      6.8050730738297105,
      50.707711181729636,
      211.19128451592223
    ],
    [
      "DEB-F2CD9493",
      4.061797961407226,
      -114.00631683467253,
      125.38449903530454
    ],
    [
      "DEB-FADD71C3",
      -15.546834429412698,
      157.71220634435483,
      759.2957336602003
    ],
    [
      "DEB-3F7D1BA1",
      -32.93744791868045,
      173.46689495721802,
      601.3894001282943
    ],
    [
      "DEB-2EDA8605",
      -75.42474917567577,
      54.825582618772955,
      485.3725378183908
    ],
    [
      "DEB-CEC8F1FA",
      1.725600823943304,
      34.998239636937406,
      834.4160966949466
    ],
    [
      "DEB-D905E929",
      -21.741599997550278,
      -84.68853133909514,
      559.1332097758695
    ],
    [
      "DEB-BC8C9D64",
      -45.912220968488015,
      -71.49618852838165,
      374.6977948973954
    ],
    [
      "DEB-1BB09D44",
      -58.26605855820658,
      94.05098579346595,
      806.9120772302722
    ],
    [
      "DEB-413B1B4F",
      -75.88762096897293,
      -166.54457034435197,
      161.4020916392974
    ],
    [
      "DEB-42EE404E",
      10.607865350072636,
      26.129860701044016,
      493.5786150824624
    ],
    [
      "DEB-148E793B",
      -17.049754071726873,
      -110.88988850684315,
      627.6879125143496
    ],
    [
      "DEB-52D075E8",
      42.08404314700871,
      -141.49268630903686,
      472.7939146684439
    ],
    [
      "DEB-47A9100E",
      -64.89941819994347,
      37.30757327779549,
      836.048421361671
    ],
    [
      "DEB-C069C80F",
      14.538203454552963,
      -173.16399895956297,
      612.1252581102408
    ],
    [
      "DEB-DACAB9ED",
      -8.356328199839146,
      -154.45138075113255,
      828.3824417364112
    ],
    [
      "DEB-FE1DF510",
      -21.839469492864616,
      46.54048008798983,
      378.08565904209536
    ],
    [
      "DEB-029BFD6D",
      29.955548475234387,
      -125.32515732304157,
      209.16868219513617
    ],
    [
      "DEB-F8C34C43",
      -9.041369426157546,
      -152.61947269531277,
      925.8204254041193
    ],
    [
      "DEB-652210E7",
      -18.746594518657282,
      157.42410327961713,
      879.0773311586318
    ],
    [
      "DEB-4400419C",
      -19.95437770202129,
      121.03682383594146,
      354.6466864781778
    ],
    [
      "DEB-3277512B",
      -30.764181539828904,
      54.53407550607378,
      465.9821827044934
    ],
    [
      "DEB-7B6FA11F",
      -20.45347223575899,
      59.119570100871485,
      209.08812975194633
    ],
    [
      "DEB-940B011E",
      -1.872103990800253,
      -97.93647330096705,
      524.5541339448173
    ],
    [
      "DEB-3938FAB8",
      -62.296212484084364,
      -139.4008790227917,
      509.46343905773574
    ],
    [
      "DEB-C65F938A",
      22.91398038354686,
      -31.23379833214411,
      287.6076918668259
    ],
    [
      "DEB-D02F510E",
      14.742886744186341,
      -26.384046022419437,
      184.24573873501595
    ],
    [
      "DEB-C34F5753",
      19.83911293283956,
      -76.26629060340453,
      772.8046492043704
    ],
    [
      "DEB-E6B2FF80",
      -55.23399924490274,
      -101.2676694423567,
      917.2413751605291
    ],
    [
      "DEB-5C13049C",
      37.64605627059106,
      85.47984258016184,
      531.6147965394621
    ],
    [
      "DEB-0AFCE731",
      -23.501082975047993,
      26.822238114506874,
      438.8757501960581
    ],
    [
      "DEB-9795FA62",
      47.5918113604964,
      73.23874668456247,
      796.130332439694
    ],
    [
      "DEB-F38FCB37",
      -32.61543039685176,
      -109.34197516977694,
      854.3421387634316
    ],
    [
      "DEB-63F608E1",
      -57.63725046105685,
      114.33992676053875,
      295.4843761549464
    ],
    [
      "DEB-0F5583C5",
      18.110030335279728,
      136.75174936351976,
      175.80850593693867
    ],
    [
      "DEB-656B632E",
      -40.40162013669504,
      -88.83092342501065,
      615.7754710891159
    ],
    [
      "DEB-F4B175E5",
      42.480975279782754,
      69.22476948660682,
      888.4435241490846
    ],
    [
      "DEB-E046E5AF",
      29.810368874725512,
      129.31808495409996,
      563.1664734278611
    ],
    [
      "DEB-C4EE51CD",
      13.844922424103624,
      3.7398450707172866,
      154.91995910518017
    ],
    [
      "DEB-00F24446",
      -17.07721149273632,
      65.44193162676441,
      471.96837394184695
    ],
    [
      "DEB-B7E2897F",
      5.7358339868198165,
      174.2840090824476,
      168.7867804876587
    ],
    [
      "DEB-FAA3B48E",
      -31.421922895699105,
      -12.039913241336587,
      645.2745063384164
    ],
    [
      "DEB-4B5C9DEB",
      16.76143650683201,
      157.64936925658122,
      599.458846609833
    ],
    [
      "DEB-EC5E1856",
      21.880776813040388,
      45.4200821437116,
      829.5401140636186
    ],
    [
      "DEB-C624EF40",
      75.85964645223217,
      41.4655701090288,
      328.4430947869314
    ],
    [
      "DEB-575494CD",
      -6.353637697792417,
      36.668177730293586,
      129.97262513158603
    ],
    [
      "DEB-30521549",
      -53.04377263675678,
      52.92681124302017,
      178.4669155931333
    ],
    [
      "DEB-B7A8859F",
      -28.458729154065054,
      64.26798761719688,
      765.8699801964876
    ],
    [
      "DEB-8D08AAD2",
      -29.934610153128503,
      177.30499107878262,
      837.9257336830269
    ],
    [
      "DEB-658FB07E",
      31.20411067041379,
      -82.87043080332236,
      387.2354952499318
    ],
    [
      "DEB-69530C2F",
      9.816568997637757,
      105.203777141582,
      546.9518019372863
    ],
    [
      "DEB-36FF0792",
      -12.723952270990743,
      19.13685749259454,
      756.3000664218334
    ],
    [
      "DEB-D089BCE8",
      16.504685229464133,
      -160.51700801452589,
      897.8869514907101
    ],
    [
      "DEB-0BC80E7C",
      -19.20791346206346,
      -75.86660312368184,
      671.490443673526
    ],
    [
      "DEB-4D09E10F",
      5.229012057840911,
      -134.35919478167247,
      868.2609446211236
    ],
    [
      "DEB-F849E6E6",
      -42.67624174812563,
      -50.64641377539936,
      745.1718612352188
    ],
    [
      "DEB-34DA2BBA",
      48.01840556563051,
      -11.822427072575941,
      195.093976680585
    ],
    [
      "DEB-17060411",
      -16.353173662549672,
      41.17219437410517,
      716.1781165613884
    ],
    [
      "DEB-66F9CD24",
      -50.12038966411037,
      -15.562238825334468,
      614.4759290907969
    ],
    [
      "DEB-A3502B1C",
      51.928159167008175,
      160.95099855727736,
      317.4354527377918
    ],
    [
      "DEB-F71170EF",
      67.92354273726106,
      149.16874635556323,
      257.319203843208
    ],
    [
      "DEB-BADB30AC",
      -32.57292695799736,
      33.529282009107625,
      470.7554038342296
    ],
    [
      "DEB-24E628CE",
      2.7048125614970515,
      -127.7146435070365,
      568.2621823690906
    ],
    [
      "DEB-7A49E8BE",
      -49.33934930838237,
      126.01794214377296,
      222.42825772491506
    ],
    [
      "DEB-945F0BCA",
      2.480915450830887,
      37.78029407047549,
      392.52176944751955
    ],
    [
      "DEB-EEFAB808",
      -46.56997607185426,
      64.93206128045215,
      686.419707298106
    ],
    [
      "DEB-033B3B1F",
      -41.81572063216775,
      -155.60152796852987,
      862.6752954753974
    ],
    [
      "DEB-40A9CAA2",
      27.11814688610126,
      147.81685781968392,
      225.36952502099848
    ],
    [
      "DEB-BFA3B369",
      -34.448856609803535,
      95.07883083568949,
      746.6645612525617
    ],
    [
      "DEB-E0897DAD",
      -0.042202163439318485,
      -5.129378440378312,
      159.26097665039742
    ],
    [
      "DEB-F9F888F4",
      30.847427385506446,
      98.3821761983839,
      728.1558224697319
    ],
    [
      "DEB-67F6EC90",
      58.464257306540944,
      -65.02843558150298,
      357.06300083942097
    ],
    [
      "DEB-05C82082",
      -67.80312726244527,
      -19.076985209339306,
      284.590736375445
    ],
    [
      "DEB-503D037D",
      -55.11822225073563,
      91.26581750950771,
      659.9448697273956
    ],
    [
      "DEB-F151929B",
      24.64791344654928,
      98.57655147681703,
      164.82445896965237
    ],
    [
      "DEB-0E2A5201",
      9.082651637296964,
      147.4454211085739,
      214.30651867586312
    ],
    [
      "DEB-BE452110",
      47.517739258219315,
      105.02699245039973,
      214.4164941738245
    ],
    [
      "DEB-D482640F",
      -8.89344970728752,
      73.05456301216455,
      865.4785985211129
    ],
    [
      "DEB-A17C7549",
      -53.73541121431151,
      -32.3400369571065,
      557.6874210471924
    ],
    [
      "DEB-54BF177B",
      -8.251442401321313,
      -103.05843536821072,
      794.5572791796849
    ],
    [
      "DEB-4830CB25",
      72.19664530305738,
      61.62548156097465,
      245.7785115299912
    ],
    [
      "DEB-366B1275",
      -31.45764095462456,
      -177.6494960790245,
      155.43404190418005
    ],
    [
      "DEB-CEAD95F7",
      42.10932188917769,
      -147.97847307904573,
      577.6109676634696
    ],
    [
      "DEB-A4B5677D",
      67.97259173121783,
      -69.1469452572297,
      761.9860534976742
    ],
    [
      "DEB-4BA20EE2",
      -69.85342206514751,
      115.69930400871006,
      710.5611307351983
    ],
    [
      "DEB-977AE6D3",
      52.603563178241735,
      -106.22597067673208,
      775.9582110791907
    ],
    [
      "DEB-72EAE6EB",
      -13.403474994825373,
      173.07386090778613,
      756.425104326474
    ],
    [
      "DEB-7761B057",
      -34.29716473431073,
      -57.62840812180268,
      290.77993758053617
    ],
    [
      "DEB-447B3F94",
      1.1308843509389943,
      -44.879657436513035,
      423.8377647203488
    ],
    [
      "DEB-E5040EF8",
      73.97095415871013,
      118.25940140865815,
      653.9564118937715
    ],
    [
      "DEB-1B91E977",
      13.99177097039535,
      -1.1259419162825464,
      691.2341205979455
    ],
    [
      "DEB-FED76AE8",
      -22.6959673301453,
      7.513861404216653,
      157.76149123938285
    ],
    [
      "DEB-A6B82082",
      8.936221479401446,
      2.145921140817489,
      560.3975220750199
    ],
    [
      "DEB-05395CB4",
      36.22486203852696,
      14.486969184148116,
      430.079855992426
    ],
    [
      "DEB-62CAB916",
      10.979934106479943,
      -76.03305197944688,
      789.332909289692
    ],
    [
      "DEB-36527708",
      -44.35771711005982,
      170.34784821971272,
      687.7574248706405
    ],
    [
      "DEB-A66FEDC2",
      30.017509176585108,
      -112.67012792628458,
      669.1833673130504
    ],
    [
      "DEB-792CF855",
      15.685637557264108,
      -68.59588532716944,
      284.5638548224515
    ],
    [
      "DEB-6554C224",
      -54.957098451761176,
      15.358455664383646,
      446.625457844445
    ],
    [
      "DEB-04D649F6",
      0.19476681508820204,
      105.87136581231397,
      577.9597745180126
    ],
    [
      "DEB-A6986517",
      15.142159276103703,
      -150.5442400859303,
      787.6667405893913
    ],
    [
      "DEB-7CC586AB",
      18.770339191285817,
      -162.0296655297563,
      920.6741605848756
    ],
    [
      "DEB-915AADD6",
      -21.80052870719242,
      -126.08411078740703,
      629.1465658315292
    ],
    [
      "DEB-E99D2CB5",
      -17.94341468681615,
      67.70886900265742,
      600.5830251555371
    ],
    [
      "DEB-3CB370F4",
      -77.88269548050933,
      -45.83554483153814,
      252.34120634964802
    ],
    [
      "DEB-780A1C33",
      11.938563906446472,
      132.79453894648472,
      574.4917068311124
    ],
    [
      "DEB-C5CA880B",
      -34.758132713991884,
      -80.93725784113126,
      558.8619882451621
    ],
    [
      "DEB-10A02BCE",
      4.0805910583865215,
      -62.5295757404277,
      527.8958201484074
    ],
    [
      "DEB-EA08E2AD",
      -77.76464060931198,
      -158.29125170794816,
      157.53527657103496
    ],
    [
      "DEB-3166D065",
      -13.481275430459242,
      -0.5654298881866473,
      466.17822050316863
    ],
    [
      "DEB-1D13237D",
      -9.725490751943928,
      165.12159960590472,
      658.2382330536766
    ],
    [
      "DEB-784D99E4",
      -75.46971461569099,
      109.6816036018541,
      915.0896015578901
    ],
    [
      "DEB-0BC9C41A",
      -25.669291920808,
      150.70439066886252,
      790.2782490591326
    ],
    [
      "DEB-B54FC3B1",
      12.052630518716729,
      -89.05627000745143,
      455.8169392094587
    ],
    [
      "DEB-B1ABD07A",
      39.53904547500757,
      -152.19967717656837,
      619.6464078825666
    ],
    [
      "DEB-900FCA04",
      25.550509553602666,
      153.5850387279765,
      655.3612395317396
    ],
    [
      "DEB-19D910CC",
      39.713393997594935,
      88.5820031094213,
      853.9837510398484
    ],
    [
      "DEB-E45329A0",
      30.58496184462741,
      -24.809001508893687,
      851.1668214425908
    ],
    [
      "DEB-206B36B1",
      31.00874659027942,
      104.49829804141818,
      567.1815293865666
    ],
    [
      "DEB-5AD59B50",
      47.29648671243103,
      -127.58982539541775,
      748.1846909190153
    ],
    [
      "DEB-7F69A030",
      50.52075552110644,
      -137.70872193554723,
      804.8603987238694
    ],
    [
      "DEB-B4F365E1",
      14.33348968610105,
      88.56836880810333,
      274.017635403653
    ],
    [
      "DEB-F3A76E61",
      -5.111405309112893,
      149.18769435139103,
      245.1211292197222
    ],
    [
      "DEB-646F050B",
      -42.612721266136944,
      -33.7522288477964,
      466.3188766230105
    ],
    [
      "DEB-7AABDA94",
      -38.916785384157045,
      64.37300476341402,
      613.4094278993134
    ],
    [
      "DEB-6622BA69",
      67.17179994367898,
      91.24972150574106,
      457.4957060455163
    ],
    [
      "DEB-49AFEFD1",
      36.02903516242002,
      -51.70582721176663,
      125.67533519102653
    ],
    [
      "DEB-F9EA96D8",
      14.766899936615319,
      149.53851398912968,
      697.200704462266
    ],
    [
      "DEB-987C71A9",
      -26.6635156655492,
      -61.76953337120123,
      910.9962025148643
    ],
    [
      "DEB-3AEED41D",
      -25.63282836815331,
      -140.1003394578828,
      630.370003273657
    ],
    [
      "DEB-8E7DFC99",
      33.44636592369168,
      -31.483410940054398,
      749.0439505417826
    ],
    [
      "DEB-5647E42D",
      37.506431721804304,
      140.6792443943318,
      368.701126665821
    ],
    [
      "DEB-CFA3AB0C",
      -50.96699509471642,
      113.6021613028787,
      896.3600033105804
    ],
    [
      "DEB-E7F9B459",
      15.014032926248545,
      -50.65806281784398,
      134.61806894662095
    ],
    [
      "DEB-25A8236A",
      -71.741146978317,
      138.86903389233055,
      764.9624916853763
    ],
    [
      "DEB-0F4586BA",
      13.88512244935192,
      -158.83403371501953,
      187.9590624052962
    ],
    [
      "DEB-AE05CA76",
      28.663095273525233,
      -75.43028145624145,
      630.3634133624255
    ],
    [
      "DEB-2E8486C8",
      6.320112671688809,
      -47.06657090826042,
      878.427305252485
    ],
    [
      "DEB-72379410",
      6.9474708706555255,
      97.693663207521,
      160.07798463305244
    ],
    [
      "DEB-CED47D11",
      -13.404155221607658,
      -39.26716477551475,
      466.23028948162846
    ],
    [
      "DEB-E9AF6C4C",
      46.36892961467768,
      168.86447498553167,
      524.395891569875
    ],
    [
      "DEB-3B9DE868",
      4.33290843926299,
      -10.978449532188108,
      288.97661543023605
    ],
    [
      "DEB-07CCCA34",
      -12.913995354213116,
      -143.6889691826937,
      795.1748871328255
    ],
    [
      "DEB-6BB381B6",
      -30.621977812288243,
      66.33351153362173,
      622.8690561301246
    ],
    [
      "DEB-ACB078BD",
      -62.411713748591026,
      -79.26373247899016,
      887.2978100211758
    ],
    [
      "DEB-8A106045",
      -6.774146846289315,
      -58.71001740671923,
      371.4684695285823
    ],
    [
      "DEB-993E20D5",
      46.90861601683775,
      -3.2992973483128574,
      151.99831681650812
    ],
    [
      "DEB-ABC31B4D",
      31.15505609767761,
      -119.73972248086946,
      496.7060901553441
    ],
    [
      "DEB-AA8E4489",
      22.04268585798284,
      -54.20212432992513,
      341.15235481970285
    ],
    [
      "DEB-CE1EA53C",
      -2.825967208756923,
      148.68987164638858,
      826.7326560362271
    ],
    [
      "DEB-C4D87295",
      43.56717420126687,
      -66.11124249323557,
      831.4497658462051
    ],
    [
      "DEB-BFD66ECE",
      75.19285711628501,
      -21.796742109383974,
      660.8287518061979
    ],
    [
      "DEB-FF2CC0E6",
      -45.99078698029679,
      110.08582759872195,
      615.5692277358912
    ],
    [
      "DEB-E2E446A2",
      -10.067727460399777,
      6.813773014784509,
      180.9491683455608
    ],
    [
      "DEB-2DEA19C9",
      30.84110548078586,
      -178.1167987140433,
      294.73493986216454
    ],
    [
      "DEB-6BAA08CD",
      10.787435894251212,
      -67.12435874300517,
      785.929532168353
    ],
    [
      "DEB-959D21CC",
      61.36108396123333,
      59.58937163953549,
      327.94663146912626
    ],
    [
      "DEB-13FF448C",
      56.118503467211745,
      110.08744088182607,
      860.1361650906083
    ],
    [
      "DEB-DDFCD92B",
      69.96536361997114,
      75.355322237796,
      386.4687888627377
    ],
    [
      "DEB-D3F8A932",
      -11.98314838891268,
      -160.19818422004286,
      185.7757688086458
    ],
    [
      "DEB-4A14C5F3",
      34.44611259364229,
      -159.67837475582684,
      268.634815018524
    ],
    [
      "DEB-9E41C069",
      6.131703883609242,
      123.960204004552,
      773.9610795379449
    ],
    [
      "DEB-F9FDF438",
      62.33931837664377,
      -70.22062066807459,
      255.18132697866167
    ],
    [
      "DEB-65C2568C",
      19.876334545140914,
      -141.122049983463,
      257.8331118711012
    ],
    [
      "DEB-87FBD19D",
      -17.23799701168602,
      -160.85615896007246,
      751.5417124278656
    ],
    [
      "DEB-E6089F35",
      13.979484145070671,
      15.705687072829114,
      517.9506469047046
    ],
    [
      "DEB-7ACED3AA",
      55.88664231166931,
      6.053450958387072,
      365.4396033585672
    ],
    [
      "DEB-5D0C8455",
      28.17848934704445,
      -126.89479629546817,
      315.9063703701604
    ],
    [
      "DEB-A5E46CE9",
      11.880916109384986,
      92.05931214355542,
      177.4225356559973
    ],
    [
      "DEB-A7AB80A0",
      63.98734658408738,
      -28.867060301685097,
      677.7118450025027
    ],
    [
      "DEB-836130B3",
      51.66609585876036,
      143.67888947384995,
      182.0147416195614
    ],
    [
      "DEB-FDE85687",
      58.26828436418822,
      22.929414759605294,
      760.4178949606376
    ],
    [
      "DEB-A6A1C18A",
      14.675530399171056,
      -108.05236372768687,
      271.9701158796888
    ],
    [
      "DEB-1494486C",
      -19.57145918985409,
      -24.660429164561297,
      267.58145339398925
    ],
    [
      "DEB-13B50F53",
      -1.524824180038371,
      -89.15563529186294,
      276.72052849930697
    ],
    [
      "DEB-7ABC5BC7",
      10.67279268673707,
      125.90904355584159,
      774.3144271197643
    ],
    [
      "DEB-BCB88369",
      -42.32850129692333,
      128.58736136605717,
      619.270534104071
    ],
    [
      "DEB-3E3641C5",
      -58.09978259958728,
      -6.814165511039475,
      625.9419049484759
    ],
    [
      "DEB-B26DB3B9",
      -66.87932136087221,
      -88.95726765503088,
      558.9395023633533
    ],
    [
      "DEB-E5D8B20F",
      -7.185988174973573,
      -129.38532935022482,
      421.39781924052295
    ],
    [
      "DEB-FA7CF4EC",
      -13.383045720904187,
      105.838369364707,
      865.1568563346718
    ],
    [
      "DEB-D88E9E7A",
      24.851848678500858,
      83.53408484676532,
      379.9438227410774
    ],
    [
      "DEB-1D5C1BBE",
      -38.756735197846105,
      -55.988114510113476,
      764.2263489902343
    ],
    [
      "DEB-D0F05A09",
      36.37883662343564,
      -77.512083126778,
      541.0726949975042
    ],
    [
      "DEB-F0E92F40",
      31.710146192916365,
      -54.283725669435434,
      632.6973120501743
    ],
    [
      "DEB-F438391A",
      -19.37192957754444,
      63.52497947456128,
      581.0487092700478
    ],
    [
      "DEB-3BFFF46B",
      -7.76723856510099,
      -35.51069948656908,
      542.2044093535324
    ],
    [
      "DEB-FBE2F304",
      49.00987968632514,
      140.5423499255477,
      411.0544070233582
    ],
    [
      "DEB-2DA1CF53",
      -24.0551160986524,
      179.25881638792728,
      787.5095329256346
    ],
    [
      "DEB-C4AAEC77",
      -59.9783243439906,
      110.34119478684958,
      880.9597128679598
    ],
    [
      "DEB-517C3AFE",
      22.465254447469306,
      32.49643169675012,
      488.76892320131356
    ],
    [
      "DEB-DA680D5A",
      -35.18910429781441,
      -113.48959659480072,
      771.5681104422665
    ],
    [
      "DEB-4E346353",
      6.49902662985144,
      63.343092522984804,
      557.963965642728
    ],
    [
      "DEB-BF08E69E",
      60.739187265269585,
      90.1624752446987,
      567.8833158781645
    ],
    [
      "DEB-5FB24DB0",
      18.99965295728451,
      83.42147678777663,
      490.10519617680893
    ],
    [
      "DEB-79B2A780",
      75.82795943728551,
      -138.37274796553382,
      369.2313569831913
    ],
    [
      "DEB-F8CD978D",
      30.206471924674457,
      152.1455749291071,
      813.3044881589158
    ],
    [
      "DEB-BEEBA02C",
      -72.21433852571877,
      101.91813887875972,
      853.725922979509
    ],
    [
      "DEB-3DE80C9F",
      13.371181351078864,
      -146.35616205458462,
      317.7803357308467
    ],
    [
      "DEB-4EC476E5",
      13.658846276754245,
      -62.22913775617658,
      838.4847021487976
    ],
    [
      "DEB-F725D625",
      70.269386124313,
      -135.11683046796662,
      166.98356667534426
    ],
    [
      "DEB-BB4A6549",
      -35.39385243195499,
      18.20104275523694,
      643.6597270431694
    ],
    [
      "DEB-DB278886",
      22.977353001828995,
      172.8144081326122,
      912.6478954511549
    ],
    [
      "DEB-EB62557E",
      -59.566361621048145,
      86.54433342060675,
      213.67052071796206
    ],
    [
      "DEB-E22BBFC9",
      -23.73580050961684,
      80.75617645599166,
      565.8335887051635
    ],
    [
      "DEB-15412545",
      -30.109781356117544,
      -56.19359207955494,
      444.439994832861
    ],
    [
      "DEB-0526A34A",
      -7.917680047379661,
      -166.47180262676906,
      791.6743044205668
    ],
    [
      "DEB-90B11FAE",
      -25.114576978430684,
      -140.1727166027576,
      804.1235300115059
    ],
    [
      "DEB-658F6953",
      -62.64508798213279,
      -43.94638380960666,
      281.98763854694334
    ],
    [
      "DEB-F55B8178",
      -44.923803602719886,
      -139.6496808605396,
      636.7442910640275
    ],
    [
      "DEB-8A804ACE",
      -42.259550681876426,
      2.766553628467878,
      286.16158387124324
    ],
    [
      "DEB-F76F28AB",
      -47.62953562019552,
      150.18327037180208,
      475.9895245779435
    ],
    [
      "DEB-191E1568",
      -21.163112727293086,
      -155.3899473401184,
      747.5845404521115
    ],
    [
      "DEB-1665D88F",
      36.37816427256503,
      -175.31551992611,
      157.4805955489437
    ],
    [
      "DEB-65F1A7BE",
      49.65815375233422,
      41.060078109379944,
      776.884548076755
    ],
    [
      "DEB-5B743456",
      51.74086188991455,
      64.06483142681974,
      264.14438009447986
    ],
    [
      "DEB-5E850F45",
      7.228708828108383,
      72.17649162193118,
      249.0579271127899
    ],
    [
      "DEB-64615B0C",
      -15.019947653765392,
      -149.87966016197203,
      482.13560691977455
    ],
    [
      "DEB-0B606A1D",
      -19.38658328595363,
      135.23907080823943,
      430.58080580918977
    ],
    [
      "DEB-BF54B1C1",
      9.018800466644386,
      -48.92540386873518,
      897.9331429091362
    ],
    [
      "DEB-6D14B0C8",
      25.379646562349325,
      2.8378500093286063,
      860.8606121720622
    ],
    [
      "DEB-4D0433DB",
      -13.296779368170238,
      -159.92745269828956,
      500.31503675576096
    ],
    [
      "DEB-E0DA62A7",
      31.422467123111005,
      115.1215649918035,
      736.4224882210538
    ],
    [
      "DEB-EF47135C",
      -9.065878992471646,
      58.50061768396506,
      490.1926160093135
    ],
    [
      "DEB-DB46B369",
      2.2112991687073302,
      -153.39244445109722,
      696.2775281991526
    ],
    [
      "DEB-3B9BC521",
      20.65843128797232,
      -6.370142636920982,
      381.1722268480844
    ],
    [
      "DEB-96801096",
      26.103764660239726,
      22.930068615686334,
      631.3090307648572
    ],
    [
      "DEB-CE44645A",
      5.372291164107096,
      -59.92494636709979,
      744.9009071131513
    ],
    [
      "DEB-8B693806",
      -16.872652777527005,
      -176.1235865415093,
      258.1169043928285
    ],
    [
      "DEB-22A58851",
      -40.78092382503274,
      75.65506028590023,
      722.8482376817374
    ],
    [
      "DEB-C47C4B0D",
      36.27106165547071,
      153.85071689941452,
      503.61022489779316
    ],
    [
      "DEB-8CFE43C5",
      -33.28876757858249,
      -96.7771695088598,
      647.136132500319
    ],
    [
      "DEB-D1045B06",
      -35.97353766675709,
      19.253466764925605,
      654.8073125457695
    ],
    [
      "DEB-09D99742",
      -61.66317374250074,
      -26.231982389715206,
      330.26394044903464
    ],
    [
      "DEB-ABCED24C",
      -58.97007182508833,
      -64.39635837370255,
      712.1174435298481
    ],
    [
      "DEB-CD700C78",
      -23.18727345329119,
      -119.2516094882434,
      622.295489763721
    ],
    [
      "DEB-3358F230",
      -54.02155296079517,
      -140.82144124739423,
      502.77121103155423
    ],
    [
      "DEB-E94B67FA",
      48.10934808739884,
      44.90240271348143,
      898.7862766387007
    ],
    [
      "DEB-1E90F6AF",
      -51.19625553277339,
      176.1368606585106,
      626.547366130596
    ],
    [
      "DEB-67086929",
      28.178857751300946,
      68.2390155526199,
      551.5495369368628
    ],
    [
      "DEB-3949CB59",
      50.87817693195769,
      150.81625554033198,
      234.5637566188998
    ],
    [
      "DEB-82B35649",
      8.341929073315088,
      70.72018966165712,
      401.6830083139612
    ],
    [
      "DEB-B49EF8FC",
      39.84299489910849,
      -31.494023424576962,
      496.8359931776977
    ],
    [
      "DEB-518D0F8C",
      -74.69105736307505,
      160.17066744888174,
      502.30908352937786
    ],
    [
      "DEB-EB351228",
      10.760526503638182,
      117.59221119024292,
      129.3067265602558
    ],
    [
      "DEB-FE64C41B",
      -0.9070974329003173,
      -101.48897126340914,
      301.9142259655209
    ],
    [
      "DEB-CD0BA577",
      61.83545777163313,
      29.851982245135517,
      709.2273572603472
    ],
    [
      "DEB-BBE5A006",
      -45.35694080482789,
      -132.1224868613771,
      326.9344316063425
    ],
    [
      "DEB-24E8D3B5",
      -1.1468538896628966,
      96.80234196878871,
      342.3474451011407
    ],
    [
      "DEB-186082F5",
      -31.609368355542745,
      -65.314197005174,
      905.7231612030446
    ],
    [
      "DEB-0E81F5F4",
      17.745259180401735,
      49.50820695320351,
      184.02401737030232
    ],
    [
      "DEB-526B4DE6",
      11.94144293795511,
      -142.03012508215508,
      174.54926910024642
    ],
    [
      "DEB-EF590AEE",
      -13.37940214533747,
      -35.39586382955,
      350.3715857528896
    ],
    [
      "DEB-342F9C5D",
      -77.59903502697969,
      -135.18872826393425,
      548.528833973528
    ],
    [
      "DEB-1D69308F",
      78.2668325945241,
      123.00889853628071,
      851.2847803038048
    ],
    [
      "DEB-398CD513",
      -7.172820798200132,
      152.82314874079498,
      801.6247040130729
    ],
    [
      "DEB-E0A796AE",
      -67.52076497964269,
      -84.22283226756004,
      265.4108625592926
    ],
    [
      "DEB-C13C9188",
      66.99318114492091,
      4.703689689464016,
      176.23215172515393
    ],
    [
      "DEB-CA349E4A",
      26.478758991414317,
      -29.407591089380595,
      362.84252316217044
    ],
    [
      "DEB-EC468B12",
      -13.506589477319965,
      -107.09678689021078,
      249.75711470480746
    ],
    [
      "DEB-BEB082D4",
      -12.151429269800317,
      -31.372959470275955,
      402.8202548824911
    ],
    [
      "DEB-EF6FC65A",
      -60.979401148854585,
      -133.9280433778896,
      644.5498545273949
    ],
    [
      "DEB-DBE268FA",
      32.29175784181892,
      76.54610694566755,
      893.671040305011
    ],
    [
      "DEB-5690900E",
      -23.33068674950444,
      -100.47338468393414,
      172.1443813174883
    ],
    [
      "DEB-49AC159D",
      -63.49463147426522,
      -147.84483494957965,
      451.08921483384347
    ],
    [
      "DEB-89900C70",
      1.3057378865602,
      71.64908980705891,
      540.2833841342508
    ],
    [
      "DEB-BDE7C474",
      49.86243052211567,
      -138.10153894593276,
      849.4352595545379
    ],
    [
      "DEB-139CCCE2",
      -1.1130799680299197,
      139.6837190699156,
      641.0024654268955
    ],
    [
      "DEB-85B857FB",
      -27.554961573945643,
      114.46633851510359,
      646.0114455791827
    ],
    [
      "DEB-D5695D0F",
      21.253220717438285,
      179.71777289629446,
      856.1603321005987
    ],
    [
      "DEB-AEF9CA88",
      -4.2280066379373356,
      -63.81461034151324,
      586.9934155008432
    ],
    [
      "DEB-74390471",
      42.38378883133922,
      24.646765644470086,
      757.0841722559135
    ],
    [
      "DEB-C7B4EDA2",
      -12.585420260681527,
      -38.73567323166417,
      663.6182119976793
    ],
    [
      "DEB-2A7CF9CF",
      -55.3184734528767,
      -66.93794900973838,
      825.3755737364963
    ],
    [
      "DEB-21CFD879",
      -6.05588188531289,
      109.19165980024131,
      547.3837772680017
    ],
    [
      "DEB-11944B68",
      -2.765655154090708,
      85.6925642514157,
      747.0631391331008
    ],
    [
      "DEB-773139D5",
      -1.6270876472238416,
      -113.90591375752136,
      730.898383364166
    ],
    [
      "DEB-2187BD2E",
      20.5624853354368,
      51.53452010023389,
      833.372734903719
    ],
    [
      "DEB-6728751B",
      42.524144854967126,
      35.00781205547224,
      615.9456039559591
    ],
    [
      "DEB-3FC948B1",
      47.705222591134586,
      -69.69339615464484,
      153.91903148940128
    ],
    [
      "DEB-0BDBDA6F",
      -20.69722403445974,
      -128.38688361675787,
      580.5194594453551
    ],
    [
      "DEB-FC749925",
      -56.313278184455896,
      93.00630728136196,
      211.53359457692204
    ],
    [
      "DEB-FB1BC8C5",
      -70.91546489156866,
      -63.49826821608213,
      155.3149510545927
    ],
    [
      "DEB-103CA32E",
      6.571266438494612,
      -141.9910089871184,
      638.7600637748174
    ],
    [
      "DEB-9E47D0C6",
      -30.00830787667619,
      30.01868447943737,
      188.24634446807977
    ],
    [
      "DEB-5135209D",
      -63.11251153098927,
      -55.37521480415726,
      199.7621288603532
    ],
    [
      "DEB-CBE0FB07",
      9.5773081390097,
      160.6510467472681,
      363.3882256302013
    ],
    [
      "DEB-DB8E7AA1",
      -30.57719899068489,
      -136.45440006506954,
      595.6683751393002
    ],
    [
      "DEB-99D07565",
      -50.55880439119034,
      61.2630436165128,
      540.0598910038216
    ],
    [
      "DEB-D140A23F",
      -2.378598635566434,
      -127.80270825356568,
      703.969890837423
    ],
    [
      "DEB-CE61FFA1",
      1.1018983176003547,
      -176.80712638767653,
      430.4682989472567
    ],
    [
      "DEB-28CD77EA",
      0.8858112807833411,
      2.6754523208652143,
      683.5318645357729
    ],
    [
      "DEB-4E527C00",
      38.794666792487234,
      -3.035981773597566,
      506.24270605883976
    ],
    [
      "DEB-462F325C",
      -27.65096030828715,
      119.65527014750286,
      885.4837529546021
    ],
    [
      "DEB-46950F03",
      61.418455807292176,
      -142.63019389815824,
      606.0863497758482
    ],
    [
      "DEB-0120DEFC",
      35.85364487674822,
      124.00590746494221,
      219.23350046355154
    ],
    [
      "DEB-7C7698AD",
      68.8100934893244,
      85.20567480070532,
      712.6403743107858
    ],
    [
      "DEB-B6ED1CB6",
      -68.59056704962282,
      -95.73370242130206,
      242.52520253879902
    ],
    [
      "DEB-34875097",
      -29.173044032467978,
      -160.38993963606708,
      372.48692717028825
    ],
    [
      "DEB-A5202A40",
      29.954675943371907,
      -173.69816356690225,
      362.6095238537182
    ],
    [
      "DEB-99F3AAC2",
      -33.96275962380728,
      19.340836214053486,
      399.8937429082116
    ],
    [
      "DEB-5FF798F8",
      -23.55246445313339,
      -150.83891032925885,
      498.128318982006
    ],
    [
      "DEB-803849F0",
      -47.49189426991906,
      -116.95110820082394,
      657.1601082412199
    ],
    [
      "DEB-EA970480",
      36.529778158808774,
      108.17849881804088,
      923.3307573088105
    ],
    [
      "DEB-9E7C6076",
      53.01894021181093,
      137.9152410690008,
      212.18844401280148
    ],
    [
      "DEB-1801D761",
      -8.823492568893299,
      -71.33370174548385,
      699.751336585392
    ],
    [
      "DEB-66F60894",
      20.35544365540164,
      -172.34939866509993,
      371.3739694830674
    ],
    [
      "DEB-8613716C",
      -49.945881981713185,
      143.60649625906515,
      268.8410826018626
    ],
    [
      "DEB-B01CFD35",
      -82.19112187792315,
      20.139667625250706,
      906.4141616788938
    ],
    [
      "DEB-2BD8E7E9",
      53.200617562426245,
      -27.870613356347675,
      133.49184257262277
    ],
    [
      "DEB-BA0B9729",
      -72.06794632873311,
      -158.05901225918964,
      370.93014209879675
    ],
    [
      "DEB-0BAFF973",
      3.787865580256669,
      119.54069054304358,
      596.9511443712036
    ],
    [
      "DEB-C16D1426",
      -39.933591034070915,
      -147.42710422189612,
      371.4956164584455
    ],
    [
      "DEB-05091B99",
      58.6840937692578,
      -138.9334787570469,
      359.6124744296585
    ],
    [
      "DEB-2FEEE211",
      -46.23037555227048,
      100.75830528126487,
      125.00369129182855
    ],
    [
      "DEB-AA247059",
      -40.75418246615331,
      -90.46232948938822,
      765.8932186375641
    ],
    [
      "DEB-706AB59D",
      53.42625062605432,
      43.177650215819554,
      748.3195458636765
    ],
    [
      "DEB-B1DFBE7C",
      49.99183485287035,
      176.01421205813276,
      847.8890569169298
    ],
    [
      "DEB-D2014430",
      1.2279406344448809,
      -135.06252322624397,
      812.4347475535587
    ],
    [
      "DEB-7BD4781C",
      64.73594980629542,
      162.39485889484612,
      349.92598603902115
    ],
    [
      "DEB-42B0C7AF",
      33.206056508741185,
      111.72254902843166,
      194.75702954781627
    ],
    [
      "DEB-D628FB83",
      -57.15873349226337,
      -70.51520919551629,
      625.2821687030528
    ],
    [
      "DEB-043760B4",
      15.542456243610726,
      1.9584037223373125,
      733.3619854045182
    ],
    [
      "DEB-B491D7D9",
      -35.7560264992584,
      -17.04342023087428,
      289.3225491024141
    ],
    [
      "DEB-1F030C98",
      56.67958876478392,
      -13.381527499873105,
      142.5704453045064
    ],
    [
      "DEB-6C6FF8D0",
      -49.062143429530146,
      128.92800944268802,
      145.799029971884
    ],
    [
      "DEB-C468A330",
      57.0767914463119,
      -136.49317084423095,
      772.6104940704463
    ],
    [
      "DEB-26635144",
      -13.804323852914521,
      -174.52716754067902,
      837.1504121793678
    ],
    [
      "DEB-0DC02131",
      -27.51438933810138,
      -112.8654665411834,
      927.1276225696247
    ],
    [
      "DEB-30BDFF4E",
      17.701549571293242,
      5.49736884255993,
      527.2441193087016
    ],
    [
      "DEB-3C02120A",
      68.6017573182467,
      172.61205095378935,
      444.2804824960276
    ],
    [
      "DEB-2E58120D",
      10.936404538346267,
      -38.00256926380003,
      737.9532376601155
    ],
    [
      "DEB-D87D8F45",
      21.589271114335475,
      -13.056341293503055,
      329.359206239792
    ],
    [
      "DEB-FBE28B27",
      27.522805947815904,
      51.27347281284644,
      329.9032564178351
    ],
    [
      "DEB-3917FED6",
      14.62311450813356,
      86.21602416559388,
      617.6715636866647
    ],
    [
      "DEB-96127243",
      42.6342850987442,
      -97.88607261273263,
      913.067505820175
    ],
    [
      "DEB-F2D4D780",
      67.46524348490938,
      -102.59525558689066,
      341.9521296045623
    ],
    [
      "DEB-4D8771E6",
      68.36036617316333,
      -40.376981114285186,
      374.4705606391208
    ],
    [
      "DEB-76974F85",
      8.488756946600816,
      36.737365809169255,
      221.49180704300397
    ],
    [
      "DEB-3AA58AB8",
      12.837212471718695,
      17.770401795074537,
      454.33949060711893
    ],
    [
      "DEB-BA332145",
      24.38429514003219,
      -122.64345970056041,
      431.3965780924036
    ],
    [
      "DEB-1044FAB6",
      -63.928282948870994,
      -110.39868047261794,
      648.079303671343
    ],
    [
      "DEB-B52A4DEA",
      -74.0013420218193,
      -58.89965969516282,
      209.95082438760437
    ],
    [
      "DEB-FB850347",
      -12.850252730828558,
      100.00556043142592,
      644.0526462813341
    ],
    [
      "DEB-D0FC0A4F",
      26.38147572383439,
      3.290033843078232,
      359.27342362881427
    ],
    [
      "DEB-5921561F",
      2.1193913137204574,
      -135.76604682276692,
      341.53683363136497
    ],
    [
      "DEB-40B87A0D",
      -22.77864179500423,
      -33.04546309272045,
      155.89569374592156
    ],
    [
      "DEB-FDE2884E",
      -70.69141449103566,
      17.47832168131011,
      462.91348194765214
    ],
    [
      "DEB-FE620D4E",
      -43.415588286308555,
      -55.37398109791843,
      609.9061959344035
    ],
    [
      "DEB-43605DBA",
      67.00328401380777,
      149.34618081826565,
      309.02330412967785
    ],
    [
      "DEB-09C86C84",
      -57.172720129695826,
      -142.05724297564623,
      673.2291372672726
    ],
    [
      "DEB-AA17F394",
      40.36189516662858,
      -44.044937964623436,
      444.3217910189296
    ],
    [
      "DEB-30B37B6A",
      -13.45184152547601,
      72.78104480935468,
      666.0557283344988
    ],
    [
      "DEB-F48A7B34",
      25.385408744484323,
      -135.59986716160267,
      484.294365649931
    ],
    [
      "DEB-4BD571C8",
      -50.23040370895685,
      -119.7838356682835,
      627.7792226213414
    ],
    [
      "DEB-42FAA7B2",
      19.860661421976612,
      124.67519163548515,
      714.0633783334697
    ],
    [
      "DEB-D54EC5D2",
      -57.20160507350824,
      -140.18292581721272,
      894.2108314401466
    ],
    [
      "DEB-D0310D3B",
      -3.3986975804295008,
      -163.02957663544686,
      720.2980683098704
    ],
    [
      "DEB-EEFC0089",
      36.454943561135096,
      51.57335249062918,
      438.42537949636153
    ],
    [
      "DEB-971B9F44",
      31.19031784296817,
      6.723712171191455,
      178.54601806061964
    ],
    [
      "DEB-BEE6DA99",
      -66.94811119338998,
      153.44223841111625,
      660.1895430716386
    ],
    [
      "DEB-D63C2058",
      -42.392346670773414,
      -62.19937692561819,
      328.8764726940126
    ],
    [
      "DEB-BD2EACB3",
      60.242591719053905,
      -118.8680404835322,
      399.0138136307578
    ],
    [
      "DEB-10E11483",
      -21.95950973124965,
      -134.19181118296893,
      378.69744935294966
    ],
    [
      "DEB-1358E96F",
      28.636994817536593,
      148.88751847242682,
      581.4360253548011
    ],
    [
      "DEB-D86A6768",
      52.070954125502695,
      153.60859969961157,
      741.2584563525534
    ],
    [
      "DEB-873F0308",
      10.730067908316146,
      58.46681075919421,
      780.425951297425
    ],
    [
      "DEB-B8543131",
      -22.287899287779542,
      53.42761111832657,
      294.6318390375818
    ],
    [
      "DEB-042420E1",
      14.473799278929592,
      -52.16358292656751,
      425.479528013243
    ],
    [
      "DEB-4ECAAD4D",
      -81.06523087797694,
      -2.5705080546799857,
      797.9658997538954
    ],
    [
      "DEB-B5BC7D8B",
      14.770461330663736,
      -19.646369601576314,
      740.1015262955216
    ],
    [
      "DEB-E068609D",
      -55.51903527783397,
      -87.97472338560725,
      797.1804233212406
    ],
    [
      "DEB-11746304",
      -27.931675102607695,
      -70.3121004911792,
      714.6531831343482
    ],
    [
      "DEB-50CBF497",
      -27.91386707304129,
      -94.47881351607307,
      121.80187428700538
    ],
    [
      "DEB-27AF4C01",
      24.86335607594535,
      -73.69956525704852,
      856.5466632063954
    ],
    [
      "DEB-F5766DBF",
      -36.89118664776818,
      -31.390643570917,
      370.34225825157955
    ],
    [
      "DEB-AB2512ED",
      42.17677256850362,
      118.31279745130597,
      435.2691258662235
    ],
    [
      "DEB-5026EA33",
      -27.989974422869633,
      -145.48345295774988,
      480.62243741157
    ],
    [
      "DEB-BA1D4AB1",
      43.38935592577931,
      56.67468015675309,
      769.5850657520559
    ],
    [
      "DEB-042AC009",
      -65.38155641560276,
      -44.19942321005342,
      878.8006465137441
    ],
    [
      "DEB-67D83031",
      -62.3731823912524,
      -106.60296646927833,
      172.53823748696868
    ],
    [
      "DEB-D61908E7",
      0.8649290214389819,
      110.14297525737518,
      294.56149854866726
    ],
    [
      "DEB-52122DA4",
      -13.098265268533146,
      -71.55315493018246,
      529.8688780490611
    ],
    [
      "DEB-7208BB94",
      -40.22850831321389,
      92.81908616794921,
      625.6817757941726
    ],
    [
      "DEB-29D8F62B",
      10.432466767270203,
      -151.7928565345003,
      202.3176971038547
    ],
    [
      "DEB-4559E3FD",
      56.58641345299809,
      167.99720174699152,
      334.4136141440031
    ],
    [
      "DEB-99CD75D8",
      39.598845088349144,
      -30.570490102339146,
      619.3347225347579
    ],
    [
      "DEB-9FDCA511",
      50.780358811387224,
      82.54728161359532,
      650.3303740867768
    ],
    [
      "DEB-C983FA8F",
      -39.894694652745706,
      -70.16895756353398,
      128.56147764432808
    ],
    [
      "DEB-887D8292",
      -24.76081970345125,
      -34.35998091521864,
      547.0157026058532
    ],
    [
      "DEB-29E5BF37",
      4.3376987049081555,
      -158.40880155089272,
      152.9377595384267
    ],
    [
      "DEB-FB063B46",
      55.88263556960923,
      78.31709184933086,
      548.9294662556576
    ],
    [
      "DEB-994380AD",
      20.081654374458264,
      34.40137084300855,
      520.8233690261104
    ],
    [
      "DEB-0AD78FB3",
      -21.496834982721715,
      63.39402613188983,
      262.17276423426756
    ],
    [
      "DEB-BEDC37BA",
      25.104057371617667,
      73.23324663530221,
      138.42224530453495
    ],
    [
      "DEB-9A0ADA05",
      37.04817768587937,
      0.7944044697015029,
      472.4249605865498
    ],
    [
      "DEB-7B26D947",
      53.20352769477964,
      -128.6222272085395,
      315.07822549752655
    ],
    [
      "DEB-B6C9893E",
      25.239988201114947,
      -45.13267900766016,
      464.0453352414461
    ],
    [
      "DEB-B39F7C0A",
      10.58745017108512,
      -30.440602872496278,
      754.3953736459998
    ],
    [
      "DEB-7626EEA8",
      -0.3748343909999082,
      -127.92149467624968,
      863.0662762974016
    ],
    [
      "DEB-E404FA1B",
      1.3613569565731112,
      -116.62187947145235,
      877.3334175775344
    ],
    [
      "DEB-7ABAE643",
      -4.290301342766793,
      -30.562958053287794,
      826.7869154596447
    ],
    [
      "DEB-850214BB",
      75.47419769667157,
      -127.79114881101745,
      543.7915953516313
    ],
    [
      "DEB-A4F03196",
      -1.4043865480378095,
      -106.35152491721846,
      249.30080833127158
    ],
    [
      "DEB-7F612E09",
      61.946118271088125,
      -121.97448967271453,
      524.1580199088121
    ],
    [
      "DEB-450A01B3",
      44.63870445385729,
      106.07925228386486,
      641.5703864203815
    ],
    [
      "DEB-160CE68C",
      -11.139583801907357,
      62.895133396818466,
      800.1399512485386
    ],
    [
      "DEB-829BFC73",
      -67.46766090512074,
      82.04157659760443,
      182.13221674216675
    ],
    [
      "DEB-3CAD1D67",
      -1.6379164781378002,
      27.748765626786778,
      851.4351946448905
    ],
    [
      "DEB-336E7299",
      55.92560160491619,
      -119.44179210020789,
      578.731824544072
    ],
    [
      "DEB-F3189205",
      -50.54681934924008,
      -146.96285234970065,
      276.9526144235888
    ],
    [
      "DEB-658CAE5E",
      -11.48652367026002,
      159.63667913258394,
      510.5607458295872
    ],
    [
      "DEB-8BE89ECB",
      -23.14974384762463,
      -161.52609537952821,
      220.36011639186654
    ],
    [
      "DEB-3A9AD68D",
      53.43879809608822,
      -27.226340902655803,
      859.5204019449229
    ],
    [
      "DEB-E3BF9754",
      37.239413151688204,
      -118.26715703403995,
      726.9561494589225
    ],
    [
      "DEB-9CC0ADB9",
      28.838437253813584,
      -162.29543708864637,
      911.3085027728193
    ],
    [
      "DEB-7763F09C",
      21.909122914540212,
      -53.441824330232805,
      694.3956439408457
    ],
    [
      "DEB-F649CA49",
      -13.834685146366763,
      -162.942078133947,
      414.4376345039791
    ],
    [
      "DEB-6DFD997D",
      -33.739292554024544,
      20.287759199478163,
      584.8145701509402
    ],
    [
      "DEB-4BC51864",
      -12.467428758645134,
      -67.94743191691636,
      579.9622006121017
    ],
    [
      "DEB-174E1871",
      31.647161093518015,
      -11.57305181903595,
      515.4373335204209
    ],
    [
      "DEB-654107BC",
      -11.046251262463853,
      174.61893407474147,
      334.9103644691713
    ],
    [
      "DEB-67AEA745",
      -2.105007775495405,
      -92.30633662752344,
      642.7376407741722
    ],
    [
      "DEB-0872721F",
      -1.9446427997484217,
      93.86589114541692,
      505.6480120297192
    ],
    [
      "DEB-CBAB57BE",
      -14.479324156869064,
      -13.391711205038582,
      539.9980666781976
    ],
    [
      "DEB-EB3A1388",
      36.364049607653804,
      48.559761333484126,
      762.6940177880188
    ],
    [
      "DEB-DF0640F8",
      56.083365565136056,
      74.60272811340329,
      506.81865496325827
    ],
    [
      "DEB-57E75569",
      -71.38564742171117,
      81.85553970435187,
      820.9472585490557
    ],
    [
      "DEB-E3E87EE7",
      -63.32186437145404,
      130.94936030385392,
      806.7448996848907
    ],
    [
      "DEB-1846ADDA",
      -21.94669839569806,
      174.644257692474,
      711.7530827351375
    ],
    [
      "DEB-257D276D",
      33.532435813148446,
      -172.42315364416734,
      210.01670302427465
    ],
    [
      "DEB-3D8E3680",
      -17.105455402696904,
      132.6990430818922,
      123.70848526299505
    ],
    [
      "DEB-77AC3BC2",
      -33.561673420462284,
      -84.27105765517788,
      827.2680575771074
    ],
    [
      "DEB-41D7D898",
      -32.29519024426028,
      144.69299758218887,
      911.5874695699486
    ],
    [
      "DEB-5BBA45A4",
      73.70960320257711,
      178.3004414191421,
      831.0541769187639
    ],
    [
      "DEB-6C134232",
      39.071541293798546,
      125.1279202712338,
      763.7410069884863
    ],
    [
      "DEB-1FA073DD",
      2.899095492102207,
      13.790403340339722,
      831.8459491962267
    ],
    [
      "DEB-3C345B59",
      26.16535256097657,
      -167.6542025161074,
      133.42935776512513
    ],
    [
      "DEB-1BA03740",
      70.42765999538521,
      154.42598863296962,
      830.2321688015772
    ],
    [
      "DEB-C7563F07",
      45.02390558049226,
      -33.935903801167306,
      656.1244163096044
    ],
    [
      "DEB-5E08E2DA",
      -48.385828394285305,
      -79.89818520691485,
      131.8478263732377
    ],
    [
      "DEB-6FBF8FE3",
      22.80691790329434,
      102.438315631953,
      617.6670869895715
    ],
    [
      "DEB-61EE035D",
      4.124049887110277,
      -95.46033959773808,
      405.4585027431849
    ],
    [
      "DEB-45F4A9C5",
      30.746990359448404,
      117.95687283979494,
      508.10945140414333
    ],
    [
      "DEB-21656103",
      -52.27384563631583,
      83.05968843574819,
      611.9755784895442
    ],
    [
      "DEB-2A41502B",
      30.173671764796943,
      -70.2619299619841,
      285.5596548052745
    ],
    [
      "DEB-D2917E53",
      64.15700890756465,
      92.476667691837,
      779.4766993167696
    ],
    [
      "DEB-750D4380",
      19.803865183184534,
      86.58419790325961,
      727.2899821843166
    ],
    [
      "DEB-B5CB25F2",
      27.072187044042714,
      11.013486358914477,
      541.8517375990077
    ],
    [
      "DEB-C618DE82",
      -39.764549067835006,
      -59.094297730896116,
      203.67657313879226
    ],
    [
      "DEB-083AB2E1",
      -46.466281670253466,
      21.019972772215308,
      431.2601658830672
    ],
    [
      "DEB-A39DB177",
      59.89149558408243,
      166.7492007385188,
      341.7637589980768
    ],
    [
      "DEB-A5980A91",
      -34.69316561238214,
      -98.27075566283102,
      367.4299615748896
    ],
    [
      "DEB-3ABFCAB6",
      -34.83131897110453,
      162.96755943934812,
      696.5102719262159
    ],
    [
      "DEB-9E341067",
      12.760149223003019,
      44.28993273091458,
      193.52768801869206
    ],
    [
      "DEB-6EF99D33",
      29.908653698827088,
      -158.29045229035793,
      493.0619861672276
    ],
    [
      "DEB-0D9FD4D8",
      -45.83478070915748,
      155.93551321767043,
      234.52661299734245
    ],
    [
      "DEB-2C35F697",
      -17.80924636365176,
      -73.14088616838383,
      870.5307444482114
    ],
    [
      "DEB-F70E0ECC",
      -38.40387907240409,
      -122.39460954740959,
      750.4069231628046
    ],
    [
      "DEB-34A39FB2",
      -35.352933947574634,
      -118.8994972048578,
      343.13151439455396
    ],
    [
      "DEB-7B54046C",
      47.00499205549723,
      23.592325883861676,
      361.92839761228606
    ],
    [
      "DEB-178CAFBF",
      -35.230417996726885,
      -42.85147158672517,
      362.53271581786794
    ],
    [
      "DEB-E88F9C52",
      -54.979402020127,
      96.2545246237377,
      742.3159279721567
    ],
    [
      "DEB-F951F2E8",
      -0.8851837718826564,
      -85.48909409254456,
      563.1076417102668
    ],
    [
      "DEB-25002B4B",
      -11.431663251700012,
      159.9843345794878,
      699.2466472503602
    ],
    [
      "DEB-60996833",
      5.072051230185635,
      -41.50282328458642,
      300.835745282885
    ],
    [
      "DEB-D0E500FA",
      11.411799505197244,
      80.92864709510039,
      333.2528749025123
    ],
    [
      "DEB-1812519E",
      -23.365552236185223,
      -20.444958782252233,
      358.4009022191758
    ],
    [
      "DEB-109E1A75",
      1.1938065069539316,
      179.5962213139954,
      183.3947028609391
    ],
    [
      "DEB-1B9CDAEF",
      25.929726365168936,
      32.94977654572359,
      451.2837264638356
    ],
    [
      "DEB-49F3E8F9",
      -9.077814437935038,
      89.4429248777367,
      809.9626015260501
    ],
    [
      "DEB-3FFB6387",
      34.840703050710914,
      168.18061288044498,
      425.98049536643975
    ],
    [
      "DEB-40F8E1FA",
      68.18672878480784,
      101.32794944064655,
      816.0845483613284
    ],
    [
      "DEB-3FF8975D",
      19.71159207927141,
      -135.73534040628303,
      742.6658313792814
    ],
    [
      "DEB-756FE66F",
      73.41211850507635,
      4.155856146723796,
      547.6351500301635
    ],
    [
      "DEB-0E59732C",
      43.70031393381348,
      -81.64360045894631,
      546.3680680978696
    ],
    [
      "DEB-319169BE",
      -0.4878816115677213,
      150.50290938309683,
      251.94301424341484
    ],
    [
      "DEB-50DDD584",
      17.100536418408986,
      96.62167156999801,
      482.33732835580486
    ],
    [
      "DEB-C68ADA35",
      -21.649669427747515,
      -101.45100563419957,
      690.9435331061004
    ],
    [
      "DEB-DCC8EBF7",
      -51.94566843868172,
      -35.25435842290634,
      478.2995248054249
    ],
    [
      "DEB-5439E93D",
      11.663913062559226,
      107.29370344418966,
      646.0802297574837
    ],
    [
      "DEB-89298143",
      -56.0899790027406,
      179.75360054534568,
      871.1126919992439
    ],
    [
      "DEB-70E6C368",
      -39.238030944128276,
      129.33927605559032,
      514.4999673947896
    ],
    [
      "DEB-8D8E4965",
      17.839001397123077,
      128.91791861829088,
      893.1896085131893
    ],
    [
      "DEB-F66EB4F0",
      25.425180321076592,
      156.01840229702592,
      851.811780653582
    ],
    [
      "DEB-BD12F789",
      -19.61681505768934,
      -134.58686045570738,
      293.42106118577794
    ],
    [
      "DEB-E28F7EE5",
      -64.90498622253594,
      99.93900663262296,
      618.5324747402565
    ],
    [
      "DEB-167A0BCE",
      53.68679996544045,
      -120.1362411245387,
      847.0125457392378
    ],
    [
      "DEB-9E71183C",
      -6.866274529971113,
      -119.65015244615304,
      775.6940038673674
    ],
    [
      "DEB-C536C062",
      14.126076934722354,
      -117.70458266115506,
      549.0036948128545
    ],
    [
      "DEB-6B3D8E78",
      -72.80201665121952,
      162.06587917410798,
      366.02551927371223
    ],
    [
      "DEB-5E4DC18C",
      21.678397407133144,
      106.86705689216349,
      268.35385782578214
    ],
    [
      "DEB-E2F3A172",
      -1.8351277466769853,
      161.44613607655478,
      440.0720904386326
    ],
    [
      "DEB-1FD5B763",
      -17.952016514417387,
      -179.21605970815648,
      537.1189259101939
    ],
    [
      "DEB-0B81F25D",
      -26.56251686944893,
      46.699061254682235,
      676.3892287547505
    ],
    [
      "DEB-C8EB315D",
      12.928813072215792,
      132.52772571354393,
      760.4081681802099
    ],
    [
      "DEB-C856110F",
      -21.867428722564934,
      -47.735432040657635,
      780.1810292865948
    ],
    [
      "DEB-5340A8DF",
      -7.050168835754589,
      -76.19589749836751,
      152.95057678916237
    ],
    [
      "DEB-F6D85414",
      -14.5909424576221,
      -98.34420482992437,
      196.01115943206332
    ],
    [
      "DEB-E765BF09",
      33.55493830252666,
      39.872421887186604,
      800.2994409848452
    ],
    [
      "DEB-AB4E4419",
      -23.727909901083304,
      51.350624818185985,
      854.3441442986496
    ],
    [
      "DEB-95C92A95",
      23.20607197369273,
      -153.53823600459918,
      210.3528367230665
    ],
    [
      "DEB-4AE734E4",
      -18.773891534663576,
      -166.56519884636685,
      688.8641935729866
    ],
    [
      "DEB-B14AB6CF",
      -64.15487334933863,
      105.8805696532679,
      169.54514899953665
    ],
    [
      "DEB-6A3330D7",
      -41.96343423598144,
      -8.79149197501561,
      469.9509714670494
    ],
    [
      "DEB-8893F501",
      29.044651680015747,
      -43.25697171913766,
      535.9385787811261
    ],
    [
      "DEB-C07B3C7A",
      47.77004838503808,
      -41.802628339979286,
      491.946424204295
    ],
    [
      "DEB-2545CA07",
      61.23983666571617,
      -76.91351967198064,
      651.8330764487619
    ],
    [
      "DEB-79EB1E2F",
      83.04787394705426,
      73.77803155554224,
      630.0118001230785
    ],
    [
      "DEB-475AE60B",
      15.757952847398116,
      144.58092546383614,
      623.2810889675102
    ],
    [
      "DEB-A57B1FC4",
      -5.132949442091056,
      24.126628375039765,
      867.5396396981687
    ],
    [
      "DEB-79B2E115",
      -10.275937196761772,
      -80.90106500701164,
      164.83269804877727
    ],
    [
      "DEB-3D8CFED9",
      -37.6748254209576,
      46.958792149206694,
      292.4932989815561
    ],
    [
      "DEB-70D40C6B",
      52.527009531598175,
      8.225938926741366,
      754.0324122648608
    ],
    [
      "DEB-82CC3684",
      34.22883541422965,
      -87.74843400779028,
      679.2258001807486
    ],
    [
      "DEB-29487F7C",
      -77.72573564458901,
      11.858725208391155,
      397.5407760624803
    ],
    [
      "DEB-FDB70C33",
      -35.9631737169749,
      77.23398052167731,
      485.45958262900604
    ],
    [
      "DEB-C41C24E4",
      -79.22317991804309,
      -175.00019444389255,
      802.225957549922
    ],
    [
      "DEB-699E335C",
      -37.57666234033121,
      45.91214546156159,
      497.77578085494224
    ],
    [
      "DEB-2A120633",
      -55.804730943429526,
      -160.014481874134,
      401.18425786804346
    ],
    [
      "DEB-0FEB4EAB",
      30.277492544666572,
      30.64510115258138,
      896.1563853673952
    ],
    [
      "DEB-89B6D2E7",
      -34.755733052840235,
      -79.10240679348503,
      198.53127422488978
    ],
    [
      "DEB-315E13BA",
      9.081218762838633,
      -90.41855293942317,
      709.3131796409361
    ],
    [
      "DEB-22935A8D",
      -39.7169650509995,
      -30.302973382097314,
      913.9011870038812
    ],
    [
      "DEB-BEF43250",
      -52.056508659482674,
      -116.95002594651208,
      699.9795326211943
    ],
    [
      "DEB-7BAD7B21",
      -65.22901263958069,
      87.50503144773236,
      758.8636906268357
    ],
    [
      "DEB-089E63CE",
      -42.31958854042248,
      60.59250868073927,
      751.2274814901075
    ],
    [
      "DEB-7CA03FB1",
      -51.38417145203444,
      -142.51686355920356,
      585.2737210788773
    ],
    [
      "DEB-34006806",
      -14.356082030228794,
      1.3579920049988135,
      264.6818106549863
    ],
    [
      "DEB-ACF3B0AB",
      -39.34414789144876,
      27.897290564033575,
      691.2197679404753
    ],
    [
      "DEB-356E6EE5",
      -3.6936888408491377,
      -123.60746340003533,
      871.3113311039788
    ],
    [
      "DEB-AD5CE5BD",
      -8.044896758956751,
      121.18486461407763,
      229.21825624011672
    ],
    [
      "DEB-18BD7F8F",
      -82.36410941501981,
      40.08932497176789,
      280.93264458160047
    ],
    [
      "DEB-7B8FC9B9",
      -13.95166178850571,
      18.66592955299621,
      596.7173529032252
    ],
    [
      "DEB-276F42DB",
      -43.92987029798427,
      -12.921853018386079,
      235.5515438962666
    ],
    [
      "DEB-363BA251",
      4.81048061009129,
      52.05256758081061,
      172.20746446995054
    ],
    [
      "DEB-BD62D9B1",
      21.351774223122014,
      -157.5781923689437,
      419.58562707329384
    ],
    [
      "DEB-B92B0039",
      -42.95561270940802,
      -113.01174810831503,
      439.89633795492136
    ],
    [
      "DEB-2B824573",
      -64.86121896308735,
      148.0822296139694,
      747.315359735755
    ],
    [
      "DEB-C32A0AAE",
      -23.48006655829795,
      -148.23510075725704,
      740.8839743146773
    ],
    [
      "DEB-37F5BE58",
      -35.7648660072338,
      -75.41009454628349,
      270.20727467238885
    ],
    [
      "DEB-EA6266C2",
      21.10169046870623,
      -152.56224977646332,
      519.8543056878216
    ],
    [
      "DEB-09FF644A",
      -65.8615343651278,
      -115.43088563249175,
      594.2360091778473
    ],
    [
      "DEB-82F3B83A",
      1.370651538247916,
      -19.611203613917425,
      909.8563996370121
    ],
    [
      "DEB-52AC64FA",
      -30.871486691386743,
      -177.9750719156952,
      522.9559792356813
    ],
    [
      "DEB-987B6AC4",
      -24.35488491169692,
      153.84550550536088,
      300.50697638442216
    ],
    [
      "DEB-799C9EFF",
      -63.81402273735264,
      79.20048705404656,
      377.4591278566486
    ],
    [
      "DEB-CD42E787",
      -14.994503679817607,
      132.65542714754662,
      518.0678773066711
    ],
    [
      "DEB-3449BAA2",
      40.585712366962866,
      -62.88362453245563,
      504.80296663109493
    ],
    [
      "DEB-E9E1082B",
      -17.498518666514233,
      101.44180194953931,
      365.1798393384752
    ],
    [
      "DEB-58A99DED",
      22.82136271963508,
      113.58372349124372,
      183.75196749123188
    ],
    [
      "DEB-2D207AF5",
      -11.280359772866559,
      -66.51765831291955,
      374.8065248834246
    ],
    [
      "DEB-1ACAC0E2",
      -22.01098820510073,
      -58.07496094488208,
      915.4521283196291
    ],
    [
      "DEB-1FF4CA0A",
      15.155036003675631,
      38.670531405757394,
      350.8459813706586
    ],
    [
      "DEB-C61CF135",
      43.781097806386015,
      -45.496167678613766,
      717.796317302762
    ],
    [
      "DEB-CE3702B0",
      -36.77319941250433,
      -127.06235296882919,
      491.6594669311298
    ],
    [
      "DEB-0FAEFD3F",
      -11.759108494947265,
      -140.0363299924409,
      395.22461409132484
    ],
    [
      "DEB-9A687829",
      -72.69448049066948,
      89.63166197227703,
      371.764917245785
    ],
    [
      "DEB-692B5C76",
      -25.846697835636526,
      -30.63023217624199,
      325.0945027638645
    ],
    [
      "DEB-09022127",
      -11.138702920139009,
      78.00211414256873,
      519.3601283569224
    ],
    [
      "DEB-F2A035C4",
      -26.64140721267038,
      -48.073891752161,
      912.9614097376252
    ],
    [
      "DEB-8EEFE044",
      -41.225944313885805,
      145.89931035368943,
      680.4823181084221
    ],
    [
      "DEB-20F47F07",
      28.250522567559344,
      65.45956801357977,
      580.7282372753816
    ],
    [
      "DEB-FB34C6AD",
      14.807661245799085,
      -126.74216949188721,
      732.218108398969
    ],
    [
      "DEB-E819D4BE",
      -40.773799538744456,
      135.22121155392634,
      854.4057893474246
    ],
    [
      "DEB-5EA96DBE",
      -70.17055572157867,
      7.884330974334483,
      881.0763187303392
    ],
    [
      "DEB-B20812EB",
      -45.41457545360849,
      -166.797292802404,
      389.348894748543
    ],
    [
      "DEB-F4989182",
      -16.190167857981926,
      142.38865893394507,
      165.7274425813066
    ],
    [
      "DEB-4D40A03C",
      -8.374660210329587,
      15.243013738337286,
      451.3127573477823
    ],
    [
      "DEB-D016360C",
      26.580044981896716,
      122.88280800294369,
      399.37301014110017
    ],
    [
      "DEB-1E2BC5D9",
      17.60997011923153,
      -104.69280189826014,
      785.6286523228555
    ],
    [
      "DEB-50E64A85",
      45.44994175428128,
      -45.33115308769089,
      622.2496074192777
    ],
    [
      "DEB-011A1E06",
      -1.6356426673147386,
      11.43817580263485,
      746.8596751608247
    ],
    [
      "DEB-D223F00F",
      -42.84518045526099,
      149.12834327042629,
      127.81963342999734
    ],
    [
      "DEB-69B946DA",
      -62.10688600911202,
      49.504537467810145,
      761.1232768486307
    ],
    [
      "DEB-3746ECCB",
      -41.61461789458146,
      -68.56790420854642,
      559.858121881417
    ],
    [
      "DEB-59A39E23",
      84.44810802972972,
      55.257330365625776,
      538.2239040458808
    ],
    [
      "DEB-7CB83405",
      53.638089345118026,
      66.0863272913589,
      153.1578510776235
    ],
    [
      "DEB-77339C02",
      -2.7994285756080877,
      37.957619725433865,
      294.8260927732672
    ],
    [
      "DEB-FBDF9873",
      -60.96595452020151,
      52.83692386181643,
      892.2225715118802
    ],
    [
      "DEB-1E784F8D",
      -45.26463524212529,
      35.816478776262294,
      168.94675082790582
    ],
    [
      "DEB-CAB606AA",
      -19.410442513882234,
      -41.327390831894405,
      162.64514514057282
    ],
    [
      "DEB-DEF0EF24",
      24.004120866566225,
      81.0600401298789,
      521.2514372365295
    ],
    [
      "DEB-63FCBF67",
      -35.15256345987176,
      -140.05772403351403,
      431.7097565225249
    ],
    [
      "DEB-1560D003",
      -19.322181859029996,
      -141.0284274505739,
      334.41233859814656
    ],
    [
      "DEB-CC8E3486",
      34.10725394001537,
      -26.96955400816891,
      526.1341743155926
    ],
    [
      "DEB-BBE6DE6A",
      27.789568406471282,
      -132.41368503860537,
      275.7024046267816
    ],
    [
      "DEB-990C8A25",
      -38.711727703715844,
      64.13714317475386,
      331.00964864639445
    ],
    [
      "DEB-FD8ACDCA",
      1.54425075153848,
      -173.3646751017711,
      489.5340084462787
    ],
    [
      "DEB-C30AB436",
      2.5388102150189673,
      -31.520492598672362,
      515.8163918447071
    ],
    [
      "DEB-C3538A76",
      -46.88084767289826,
      -105.0619309380472,
      888.4310092342093
    ],
    [
      "DEB-C7E689D1",
      36.3562198133584,
      -31.791148938771794,
      658.8182895122691
    ],
    [
      "DEB-811DF232",
      51.59603206281048,
      -159.51478337802524,
      340.2967560719608
    ],
    [
      "DEB-327C0049",
      10.17673759530102,
      24.670650399762195,
      262.4962897488467
    ],
    [
      "DEB-851F8B69",
      -22.8298029542564,
      -151.19535648286174,
      170.24470512888547
    ],
    [
      "DEB-50CB54A1",
      12.009554164607673,
      -13.362503706885208,
      627.9295496130544
    ],
    [
      "DEB-8E74D5C3",
      -54.13532766629265,
      -120.09664221186107,
      404.4767414391263
    ],
    [
      "DEB-7646AA31",
      41.01271730115443,
      12.042050364207467,
      153.53858718056472
    ],
    [
      "DEB-72BEF926",
      -50.81637875355781,
      -95.78201905653626,
      820.0236425952089
    ],
    [
      "DEB-F94B9443",
      -37.452133011172926,
      -63.83375274726944,
      257.787094117135
    ],
    [
      "DEB-72EE0D53",
      -36.2217977494028,
      -142.66373237572463,
      583.2192096480085
    ],
    [
      "DEB-850EE153",
      7.278475208959234,
      75.95596886990593,
      651.1179829860548
    ],
    [
      "DEB-1B815915",
      -61.872145425410274,
      63.21138335022945,
      791.7487842879918
    ],
    [
      "DEB-3F5F080B",
      -26.040553543749496,
      148.74011941663858,
      232.47019386778538
    ],
    [
      "DEB-2A23BD21",
      -24.88622279812178,
      -174.41387172933076,
      516.9728635916117
    ],
    [
      "DEB-633790B8",
      -2.5820430531815095,
      179.2066852437174,
      823.2033843729387
    ],
    [
      "DEB-382275F1",
      -54.79787028004641,
      -159.2094899883217,
      772.9760994411199
    ],
    [
      "DEB-4AFF85A5",
      -53.89867159376037,
      -159.79002949709215,
      715.2995035399426
    ],
    [
      "DEB-EBCFADC8",
      14.389548864982833,
      -103.60434942216614,
      779.1740814719851
    ],
    [
      "DEB-4EA25FA7",
      -34.292583602601965,
      -175.64412143769496,
      564.4492328610813
    ],
    [
      "DEB-23E4573C",
      -10.145708267665318,
      -135.94914181603409,
      393.9727278066821
    ],
    [
      "DEB-488E2812",
      -22.027868464596605,
      98.27729791832536,
      610.921453341949
    ],
    [
      "DEB-AA6A53DE",
      -13.566095482449727,
      -27.607219812469076,
      407.26094101458784
    ],
    [
      "DEB-0D83B087",
      59.56883415276378,
      22.561724772540085,
      785.9695124052278
    ],
    [
      "DEB-6761AE8E",
      -33.76838798111422,
      -36.999978587460625,
      725.4071656430478
    ],
    [
      "DEB-6C9C2954",
      -28.161799644116897,
      54.73954915263531,
      677.9030906262851
    ],
    [
      "DEB-CC2F4BCC",
      -65.91066386616211,
      -88.86476775714806,
      600.4166720366557
    ],
    [
      "DEB-6F10E878",
      34.53173889778894,
      119.03739255705598,
      586.4933438292674
    ],
    [
      "DEB-817DC100",
      -3.5863502341745743,
      -43.7648303986566,
      147.68035464533295
    ],
    [
      "DEB-70970D9D",
      17.940841086556862,
      -73.51257280730076,
      152.8661174157687
    ],
    [
      "DEB-ED99132D",
      -20.48549892920913,
      -20.66095458565333,
      588.1190581520577
    ],
    [
      "DEB-6E0E2C8D",
      31.484731760978615,
      26.54665990783087,
      237.46982402505637
    ],
    [
      "DEB-46197FED",
      22.710788815266994,
      -82.7362239089317,
      784.5234585068611
    ],
    [
      "DEB-8208911C",
      -39.53689722661142,
      -158.40647299610742,
      855.4910019004974
    ],
    [
      "DEB-20945317",
      -43.6166546843841,
      85.98446834808995,
      762.7527961303776
    ],
    [
      "DEB-50A86536",
      -6.53202040988137,
      -159.93372120063455,
      506.4764977076411
    ],
    [
      "DEB-79E9C121",
      -33.115923280937,
      168.70858772495336,
      686.333185325595
    ],
    [
      "DEB-FFED35EE",
      9.563651808625515,
      107.37821800759181,
      656.9827811842624
    ],
    [
      "DEB-1F5B0579",
      -41.77928211172865,
      -138.73691834990203,
      509.1865284812375
    ],
    [
      "DEB-ED218B1E",
      37.34538066012253,
      96.82855201126893,
      635.6821143814086
    ],
    [
      "DEB-AF7B1F7D",
      70.41485842617611,
      76.59045121026688,
      527.6000409717826
    ],
    [
      "DEB-EAC70332",
      44.10201308167606,
      -177.33719765318978,
      717.6517947984794
    ],
    [
      "DEB-7E8B4D9E",
      -18.82722251601562,
      13.723520647764792,
      902.8537335215451
    ],
    [
      "DEB-1648CE96",
      -8.255384158044569,
      -49.11118397121819,
      857.9704025608544
    ],
    [
      "DEB-9A4A72BF",
      -48.976958973803185,
      66.76531723381528,
      831.5003813125923
    ],
    [
      "DEB-58757D13",
      -14.95457411861879,
      72.57964558554198,
      183.06345253545896
    ],
    [
      "DEB-8092658A",
      -35.08088900106628,
      152.7620634165764,
      699.1430074034242
    ],
    [
      "DEB-6D755F0F",
      12.94279202717775,
      37.44492353085857,
      513.721514073688
    ],
    [
      "DEB-04771C28",
      -50.98641667895746,
      101.94294160290987,
      707.8790149587885
    ],
    [
      "DEB-5BAC5581",
      20.479622115316236,
      34.17872256984932,
      165.71394985145798
    ],
    [
      "DEB-86AF169E",
      -61.73549142140862,
      99.17050511695432,
      273.12671538685936
    ],
    [
      "DEB-F232907E",
      -23.564458013080948,
      81.32193273004614,
      287.92757373869335
    ],
    [
      "DEB-5F02B220",
      47.460307187932806,
      140.7619504265626,
      215.9704756197807
    ],
    [
      "DEB-3FA950B4",
      -11.510501048535858,
      -87.54484928422816,
      203.58849597860808
    ],
    [
      "DEB-F02BC0EC",
      34.72864229942587,
      130.21141681576728,
      680.6403560061535
    ],
    [
      "DEB-2CFFF414",
      48.36304499149792,
      -161.11238514433552,
      132.73496556082318
    ],
    [
      "DEB-9028B319",
      -50.899715935913896,
      158.37696679504901,
      122.62217916044665
    ],
    [
      "DEB-02B69113",
      34.32132745050026,
      73.06590910979897,
      276.42543049528285
    ],
    [
      "DEB-FBC4A330",
      -9.630411845844263,
      -21.972965508582668,
      551.8928105081122
    ],
    [
      "DEB-37E8C1EF",
      42.34515448354215,
      -163.37878411296182,
      894.9137936798306
    ],
    [
      "DEB-36CFDED2",
      10.221656781794534,
      -6.9116160383528085,
      429.21109157246065
    ],
    [
      "DEB-F4DD32A5",
      -3.2536829784024635,
      158.68388603877165,
      650.965449615358
    ],
    [
      "DEB-284FA992",
      -46.55794848850573,
      68.12787556222385,
      734.3406315008351
    ],
    [
      "DEB-4C503CA8",
      -22.51491617689858,
      -16.318263475749823,
      827.7031425827536
    ],
    [
      "DEB-4E07A85C",
      -84.41321935058923,
      -120.42804969000797,
      423.7016998879617
    ],
    [
      "DEB-BAEF0F21",
      -49.1148787321853,
      16.27390047482465,
      580.5577198894953
    ],
    [
      "DEB-C2AA49A8",
      -15.168568180003174,
      44.84231225032627,
      635.9996915243782
    ],
    [
      "DEB-E3BD0DB7",
      20.604285765146983,
      125.8794534698061,
      744.649044629653
    ],
    [
      "DEB-79811624",
      12.182715481122896,
      66.52495890223838,
      552.5949434969707
    ],
    [
      "DEB-FA5C4C15",
      3.8049770007084938,
      -44.0059485615091,
      444.95709227713814
    ],
    [
      "DEB-0947EF5F",
      36.73451203065283,
      -83.12148955024998,
      269.28707144492637
    ],
    [
      "DEB-9FB6BE1D",
      -29.544647909316563,
      -46.69013274808589,
      315.02097480030716
    ],
    [
      "DEB-F2909B77",
      -45.486062551104546,
      -176.86259461927926,
      344.2871553079958
    ],
    [
      "DEB-DBB12DE2",
      -55.167891015945706,
      -22.83717113699866,
      683.634179747246
    ],
    [
      "DEB-4AC8702F",
      -26.518610647077914,
      133.40489965257888,
      148.14059894600177
    ],
    [
      "DEB-5E76E5CD",
      -72.12837565025184,
      57.835814753326744,
      719.7556189763309
    ],
    [
      "DEB-A29EE5F4",
      42.33114685892376,
      -143.1012714781051,
      195.95039405896114
    ],
    [
      "DEB-611D875C",
      -7.14989486206486,
      -10.480777050625608,
      151.5884752266502
    ],
    [
      "DEB-4DA3764E",
      -26.396701533885917,
      53.103002430197755,
      808.1427148693101
    ],
    [
      "DEB-FA47164A",
      -20.499523520446015,
      99.78865377519017,
      481.2510201785344
    ],
    [
      "DEB-AFEAD649",
      80.78363725343254,
      -4.912869342698578,
      552.7756916150456
    ],
    [
      "DEB-DC4C0624",
      -33.29761629824769,
      -122.10643704137733,
      436.4274019109225
    ],
    [
      "DEB-556210C6",
      -10.815288712117297,
      167.58971564260258,
      732.3561145854637
    ],
    [
      "DEB-79B352FD",
      -1.6160860722960955,
      44.60116931570843,
      407.6383723617455
    ],
    [
      "DEB-8094CABF",
      45.506877324405835,
      -174.19945261158347,
      136.29661295502865
    ],
    [
      "DEB-5CC4BDB7",
      -44.82291034353027,
      -170.97944216080364,
      916.5995085236054
    ],
    [
      "DEB-A2F7FBD1",
      14.258553136093408,
      -164.23316983740284,
      392.55832708178514
    ],
    [
      "DEB-9F1B2C45",
      24.030954312733545,
      -50.504271311407656,
      213.17336471778708
    ],
    [
      "DEB-65F18469",
      36.807355058231096,
      78.29342626617324,
      320.2052587930948
    ],
    [
      "DEB-2BB6CBE3",
      -46.618428940150665,
      176.9105317489523,
      283.1909340793145
    ],
    [
      "DEB-9D3ABBD5",
      -9.018409351365102,
      -34.35564740256114,
      224.47729494140003
    ],
    [
      "DEB-C7CDA70C",
      59.73920781780341,
      102.60753936315207,
      432.9553959237164
    ],
    [
      "DEB-66A2B1D9",
      54.32893820249912,
      -58.585969847312626,
      411.7885548007498
    ],
    [
      "DEB-1C361A28",
      37.6334170731407,
      142.10210451716853,
      286.38654737988236
    ],
    [
      "DEB-7B47D910",
      -53.67529772698134,
      27.962151601297784,
      424.1690307687759
    ],
    [
      "DEB-182BBB92",
      -1.652584866870616,
      36.756965581316585,
      845.7651911683179
    ],
    [
      "DEB-151B3D01",
      -32.96303111846005,
      -107.910831696092,
      521.9400508247354
    ],
    [
      "DEB-5C1798B2",
      5.997503496459096,
      -112.54314343540005,
      767.2384412816509
    ],
    [
      "DEB-8B0E2F84",
      34.06729774615929,
      114.58405380860236,
      495.4948773283613
    ],
    [
      "DEB-ECA03829",
      62.17267912175869,
      106.45487473660945,
      767.1657252791947
    ],
    [
      "DEB-C76F7AD4",
      66.37744931845683,
      20.075841053077095,
      783.9363201780434
    ],
    [
      "DEB-88FADD49",
      -43.541999983547164,
      -20.713297690667297,
      296.5263717834423
    ],
    [
      "DEB-C9FE3CB8",
      -5.301282763982117,
      -61.287765979434496,
      360.37943763185194
    ],
    [
      "DEB-025053A1",
      40.248220075518766,
      -113.87021201575388,
      874.401550463479
    ],
    [
      "DEB-FC0EEDC1",
      -40.356506059528314,
      153.19109122627384,
      865.8631671664698
    ],
    [
      "DEB-851EC5E8",
      -31.020455157626632,
      74.19879617379917,
      587.3936181481185
    ],
    [
      "DEB-21F7C2E5",
      -14.146141997620942,
      -163.25715964625851,
      733.497800893766
    ],
    [
      "DEB-3155CBAC",
      39.57519671112299,
      78.5494981163122,
      301.6733020903266
    ],
    [
      "DEB-9F7CBBE5",
      28.056426697619322,
      -87.13717373212427,
      629.6760566965859
    ],
    [
      "DEB-32BB9D3E",
      48.868313578576675,
      62.26281495944871,
      764.9288409783612
    ],
    [
      "DEB-22E30FFD",
      -7.26257903612884,
      143.07999670698584,
      403.1264671764966
    ],
    [
      "DEB-DF3908E6",
      -23.542994737543534,
      34.05154724321765,
      621.3677867292881
    ],
    [
      "DEB-9B5E0ACF",
      55.27207639185254,
      45.850084342537414,
      209.93975181529913
    ],
    [
      "DEB-E45FF235",
      -63.731245427034594,
      151.29205816431295,
      744.3027185152596
    ],
    [
      "DEB-F11DAA54",
      -17.60498756241008,
      63.19948510684776,
      826.6216562909485
    ],
    [
      "DEB-E2543A3E",
      19.604888862338555,
      46.95097885839801,
      318.1306486752246
    ],
    [
      "DEB-6EDC9B32",
      70.089596601472,
      -30.217923598948122,
      897.7689812589078
    ],
    [
      "DEB-99B7D142",
      -3.278921306647022,
      121.59157553030829,
      595.3402345686545
    ],
    [
      "DEB-EE1310F9",
      12.867392404846251,
      -176.12407884517023,
      797.7227362093245
    ],
    [
      "DEB-C54F48B0",
      -11.792554326629366,
      -154.0676369434963,
      471.88094502354215
    ],
    [
      "DEB-2882EF53",
      -3.823250682806652,
      -99.7237532681551,
      415.05541831837854
    ],
    [
      "DEB-DC2EDF1C",
      9.171263782204695,
      -25.39828355819206,
      758.9929430355687
    ],
    [
      "DEB-D375AAF2",
      78.84439515265791,
      -26.797579713508732,
      851.8089614447026
    ],
    [
      "DEB-861026C3",
      -69.95474803106312,
      -101.93521186842028,
      527.0550272814462
    ],
    [
      "DEB-B2FC27E9",
      -10.295914891071167,
      72.7669374936395,
      757.2166078233013
    ],
    [
      "DEB-670F2902",
      -14.475709263306877,
      66.54441886184303,
      372.13632606670217
    ],
    [
      "DEB-26989A01",
      -39.640859551560425,
      175.8996331219896,
      365.6753890164009
    ],
    [
      "DEB-0EB22885",
      -10.22808572109276,
      163.92797020317667,
      400.1202257259283
    ],
    [
      "DEB-1B53DC0D",
      5.452870953006427,
      89.81372639986353,
      263.8583356338222
    ],
    [
      "DEB-DA707ADC",
      -11.258637883760029,
      -45.79015704832397,
      129.91368975211117
    ],
    [
      "DEB-D4B80377",
      46.48368594983044,
      25.74082443373569,
      174.2605252243793
    ],
    [
      "DEB-5C741C5F",
      -68.1943113891236,
      48.307335510683956,
      288.376132376804
    ],
    [
      "DEB-4683C493",
      -25.673966364619528,
      86.0962339877042,
      732.9691340345626
    ],
    [
      "DEB-8AC960CC",
      51.86928988045777,
      -88.92011458565567,
      903.6102510720184
    ],
    [
      "DEB-58CEE936",
      53.0058396129006,
      67.493926612134,
      715.9576643369137
    ],
    [
      "DEB-9D04B87E",
      -1.4609615034232464,
      -150.86675930965632,
      541.6053041287096
    ],
    [
      "DEB-C122DB88",
      59.728400741884656,
      -113.61860735088051,
      844.149994438053
    ],
    [
      "DEB-7E7803CD",
      68.70848229255431,
      46.09749219021719,
      689.5234825123434
    ],
    [
      "DEB-2110A647",
      -71.01986918578878,
      178.28353480464258,
      424.2398227426893
    ],
    [
      "DEB-58198B58",
      50.146479328814195,
      -117.0354902492127,
      499.47637791640955
    ],
    [
      "DEB-4FB86217",
      2.2649719561728063,
      -31.86584683209548,
      473.6575794138025
    ],
    [
      "DEB-0FCE5501",
      -18.233892264679277,
      19.160901087396656,
      388.9166704427844
    ],
    [
      "DEB-DC38A0D6",
      -12.948187194929892,
      107.77108498674323,
      491.5276582220704
    ],
    [
      "DEB-1F5FC83A",
      20.761665563397806,
      18.08832912794341,
      251.64578840548347
    ],
    [
      "DEB-64D0C2AB",
      -14.417940200552595,
      -50.05436160197453,
      883.0444963129121
    ],
    [
      "DEB-3678FBDB",
      -48.71945742841971,
      35.87979667976871,
      243.6592073283
    ],
    [
      "DEB-294E8D18",
      -42.13510298031476,
      -107.46898429698511,
      157.33469691225218
    ],
    [
      "DEB-0251E19C",
      1.9142792090296448,
      139.69203167601356,
      555.5643178368191
    ],
    [
      "DEB-D7BAA36E",
      30.01025180352044,
      161.8015422178002,
      206.56388632862217
    ],
    [
      "DEB-B8E8A324",
      34.66751235191683,
      -137.34308685996217,
      912.2440311734208
    ],
    [
      "DEB-5A810185",
      -62.86124514469419,
      -78.2630907772527,
      598.6905374007092
    ],
    [
      "DEB-ADF71C4F",
      53.70765513068036,
      -133.7143006562538,
      282.21824928136084
    ],
    [
      "DEB-6CC599CF",
      -2.8008822848827073,
      133.33694470484036,
      420.0945158496743
    ],
    [
      "DEB-BB67ABBD",
      -26.79196063576789,
      -172.9780081692647,
      866.4828073142899
    ],
    [
      "DEB-210CA286",
      2.8749623172459633,
      145.2930982066814,
      137.13170760120192
    ],
    [
      "DEB-F9DCB0C6",
      51.317888471181384,
      55.46371056073989,
      326.8654535384767
    ],
    [
      "DEB-D2694E18",
      -25.768748975649395,
      21.592040597811614,
      530.2691105889417
    ],
    [
      "DEB-59EF4270",
      -35.74120141697214,
      149.1921657909383,
      623.2074230871822
    ],
    [
      "DEB-745DAAB3",
      33.54734507785963,
      -167.02393789119185,
      797.3971328660264
    ],
    [
      "DEB-7C3647EB",
      -28.51128977934354,
      -100.4736744658003,
      272.8128550370657
    ],
    [
      "DEB-A4AEB6D8",
      -18.96442311671134,
      -123.23585911885466,
      662.3630831606779
    ],
    [
      "DEB-71A9339F",
      -60.78686595069251,
      -32.5806662002203,
      559.3400130202945
    ],
    [
      "DEB-D4FC2049",
      6.32770365578643,
      50.022298449348376,
      368.4504184107918
    ],
    [
      "DEB-2C70DD93",
      -52.627565804635694,
      -157.68894827442872,
      687.4353220418398
    ],
    [
      "DEB-0C4BC184",
      -14.506235688778844,
      121.9087049557625,
      898.8685798921642
    ],
    [
      "DEB-F303FAFB",
      43.40995139289359,
      -146.64669864648587,
      334.96508468013417
    ],
    [
      "DEB-6A7A1493",
      8.673203689846702,
      -168.59949434039058,
      244.84942088228217
    ],
    [
      "DEB-72EDFB1B",
      6.8256516125832665,
      -25.673778819123502,
      140.63986407555058
    ],
    [
      "DEB-345D5287",
      71.63422137128768,
      73.30360098182072,
      455.3291857759423
    ],
    [
      "DEB-344E6B7F",
      -15.172486621154263,
      -50.964438852174744,
      180.56910789533504
    ],
    [
      "DEB-72ED59CE",
      43.99612290755774,
      164.39189718192497,
      244.19556375126103
    ],
    [
      "DEB-4B51A963",
      16.111426820154946,
      -19.159395092862624,
      141.75670056986564
    ],
    [
      "DEB-FAF142F1",
      -35.90215701381603,
      -116.00935483719387,
      521.0351525684855
    ],
    [
      "DEB-74EB678C",
      -14.35815689240538,
      32.15176561959523,
      211.8486160800603
    ],
    [
      "DEB-A359F616",
      11.668800400834153,
      -30.73358325503525,
      736.368019512629
    ],
    [
      "DEB-102EE1AA",
      9.62066128751296,
      -44.10149622437692,
      214.26215071021852
    ],
    [
      "DEB-F444C2E6",
      8.317816918393124,
      157.03027010868797,
      474.0866977593623
    ],
    [
      "DEB-D1836541",
      -18.13980853636955,
      -88.64196174848202,
      840.8807513111724
    ],
    [
      "DEB-0CEC3CF5",
      66.88575799942426,
      23.521433500938098,
      608.5034257665184
    ],
    [
      "DEB-85D6E196",
      79.1801565764907,
      16.217011391179913,
      449.2231908034919
    ],
    [
      "DEB-A46794B2",
      52.68060225605925,
      -4.188784368228463,
      833.0265878589416
    ],
    [
      "DEB-22912158",
      -36.30509396012238,
      110.90497724594192,
      734.1631341896009
    ],
    [
      "DEB-870D1C60",
      51.08364646592354,
      -151.6072336417102,
      799.902831230148
    ],
    [
      "DEB-DB864378",
      2.4215986260857747,
      -155.44788081535887,
      315.74982482258474
    ],
    [
      "DEB-A18710F4",
      21.98514459361806,
      -135.68066333020414,
      826.2418362691151
    ],
    [
      "DEB-FB2983AD",
      -29.106037099505752,
      126.32585910360163,
      568.8902318037235
    ],
    [
      "DEB-163DDEF6",
      -72.36478123851288,
      -166.81985809694547,
      678.3011098475099
    ],
    [
      "DEB-8951D64D",
      -1.7902154010786415,
      -14.071042848181765,
      311.3972815670422
    ],
    [
      "DEB-58979289",
      -22.175624992160937,
      141.1342257763543,
      479.53601145951507
    ],
    [
      "DEB-AAE442B4",
      0.9331833353359329,
      35.14189767358781,
      474.9990070069816
    ],
    [
      "DEB-5B518459",
      63.306844004829856,
      71.36057629485205,
      516.3290146955123
    ],
    [
      "DEB-833EE67C",
      -54.25415224106034,
      6.642320807905073,
      301.5823971378559
    ],
    [
      "DEB-B0D818DA",
      -17.251718750881984,
      -108.72492801729342,
      538.119013337734
    ],
    [
      "DEB-ECC90C23",
      54.456171184286035,
      26.936891590872808,
      753.8336206158883
    ],
    [
      "DEB-EBE2C448",
      -15.733130914469019,
      127.49353886345284,
      325.4227358970629
    ],
    [
      "DEB-7CE8DC82",
      62.159837759009875,
      78.13934454416577,
      743.3796950170545
    ],
    [
      "DEB-90B3C9B3",
      -24.723989937177205,
      13.114291522857187,
      547.7333910461966
    ],
    [
      "DEB-CDDBB739",
      -21.402845162037558,
      -62.520365397585934,
      477.7383751050238
    ],
    [
      "DEB-057CE81D",
      27.58820925981662,
      149.97005352540432,
      868.5575949776276
    ],
    [
      "DEB-4CE2C75D",
      34.47255477869612,
      -142.14115783165536,
      287.03415944936296
    ],
    [
      "DEB-5DAD8422",
      19.84230317734984,
      29.57796815112633,
      375.5304257000671
    ],
    [
      "DEB-E3C89056",
      2.7745828205727645,
      15.717274070902619,
      472.6445527552596
    ],
    [
      "DEB-F20FCFE0",
      1.6462829972927406,
      40.66519702014685,
      212.3615874980951
    ],
    [
      "DEB-53083527",
      -45.76162892802732,
      19.619976772856766,
      231.2016405511995
    ],
    [
      "DEB-9424E3D3",
      42.17841186648194,
      -84.88841363015791,
      444.2124537159525
    ],
    [
      "DEB-82E56363",
      59.83206659403864,
      9.294394100866501,
      344.4930399108234
    ],
    [
      "DEB-990FDA06",
      25.100126533360605,
      95.39141688803372,
      510.55090563429894
    ],
    [
      "DEB-618CA469",
      54.0625818719108,
      92.90050521688376,
      301.30912539975634
    ],
    [
      "DEB-2FF73897",
      17.84397669964567,
      -141.5065765531529,
      560.9964977538857
    ],
    [
      "DEB-8042D9F5",
      -13.317518898872278,
      148.0584077110691,
      553.5468019838227
    ],
    [
      "DEB-1F5A8DB4",
      -66.57484708435223,
      -84.24219898705374,
      904.506325299295
    ],
    [
      "DEB-CE64B9BD",
      -10.184915501283559,
      99.766857450385,
      125.29607120680339
    ],
    [
      "DEB-781AFCB3",
      -49.42548195308513,
      29.193272003150582,
      582.6396193631826
    ],
    [
      "DEB-324FB4CF",
      26.083738715093745,
      -146.7787161877923,
      472.1615271485389
    ],
    [
      "DEB-09AC9979",
      -51.455294755887145,
      -33.33706487387041,
      626.0864633785459
    ],
    [
      "DEB-A9968B7B",
      36.168011783241134,
      -63.638541256945864,
      398.05259687907255
    ],
    [
      "DEB-7C47236B",
      -42.53486651585065,
      178.98682387188148,
      519.5912024970112
    ],
    [
      "DEB-76BDDA52",
      -30.43358773389719,
      -23.60607809629504,
      509.50424983263383
    ],
    [
      "DEB-7C62DAD2",
      -42.3484389665722,
      178.99369036097255,
      337.40016516407195
    ],
    [
      "DEB-36469FF0",
      29.363046022021425,
      169.47829163875173,
      551.35555764743
    ],
    [
      "DEB-9C95FDB4",
      17.382271146894574,
      101.51371111466814,
      194.0745582230602
    ],
    [
      "DEB-698B90C5",
      -53.0221525389949,
      174.77032397330544,
      587.1606698273881
    ],
    [
      "DEB-A1C17CD2",
      -40.981527112615474,
      167.51700996898265,
      418.9862718805007
    ],
    [
      "DEB-8A048AA6",
      -6.688865055141027,
      -133.14928719763876,
      893.3781958253649
    ],
    [
      "DEB-21CBC654",
      34.38139675223139,
      -176.4893643583547,
      787.097919668714
    ],
    [
      "DEB-7367F3D2",
      33.01741650939848,
      133.8712232828374,
      373.4178845945398
    ],
    [
      "DEB-BB5DF5C0",
      -44.48867277131146,
      -42.32153830445896,
      158.13965581273624
    ],
    [
      "DEB-B214848A",
      15.033483322486699,
      -17.75299553202353,
      744.8639978711744
    ],
    [
      "DEB-0557BEB3",
      14.252218953111129,
      179.08124081351028,
      658.0052168056818
    ],
    [
      "DEB-127289C9",
      22.296472690641203,
      121.6560456251919,
      251.15135561724674
    ],
    [
      "DEB-38C8394C",
      36.611519166308156,
      24.657600979707492,
      584.2413231209948
    ],
    [
      "DEB-DA0B9897",
      -74.17709958203449,
      73.86096518261716,
      457.8773235011831
    ],
    [
      "DEB-48E7BA58",
      17.115723831605422,
      71.15868020616948,
      453.4747286198535
    ],
    [
      "DEB-B47E9A05",
      54.08633422855571,
      -64.02387798001027,
      422.6850955402051
    ],
    [
      "DEB-EB065358",
      4.7390079292751714,
      71.37532274406244,
      182.18610083059866
    ],
    [
      "DEB-5100802F",
      10.59948416174969,
      2.666565710998208,
      824.7639555444475
    ],
    [
      "DEB-CE542F22",
      -41.10489986948819,
      70.23939815687805,
      872.1255145928808
    ],
    [
      "DEB-B89375F1",
      -56.687751072725966,
      -120.16636367996608,
      384.6827806696974
    ],
    [
      "DEB-4B48A971",
      -41.45462439716161,
      -179.05827200475403,
      247.7462488506626
    ],
    [
      "DEB-4431F30B",
      19.10968045499105,
      132.895735906516,
      716.7414762130775
    ],
    [
      "DEB-9322099A",
      -9.23010283975354,
      36.06220314092291,
      843.0415056765041
    ],
    [
      "DEB-E4822CAA",
      0.853870900828098,
      -24.097663383727976,
      471.09414073805783
    ],
    [
      "DEB-629B5BCF",
      10.655406575061942,
      -98.81317017377309,
      129.9121031859995
    ],
    [
      "DEB-41378890",
      -18.97247517273283,
      -179.02625469405953,
      332.4285757217476
    ],
    [
      "DEB-957A3514",
      -24.268829398898212,
      -32.610209134580344,
      680.835761107468
    ],
    [
      "DEB-62D8A328",
      -61.42369651030224,
      48.79637391865044,
      489.10443360986756
    ],
    [
      "DEB-9A2680E0",
      26.452624869508174,
      -174.6693803278895,
      461.79164237643636
    ],
    [
      "DEB-3B9CC409",
      -11.379962110722305,
      -14.530883151854004,
      831.7080050898321
    ],
    [
      "DEB-B0277E10",
      -18.685345559632744,
      73.70183248574347,
      883.7788190858746
    ],
    [
      "DEB-E515C883",
      37.15472228117822,
      82.51838506269235,
      740.1533273631794
    ],
    [
      "DEB-983EC9E7",
      5.208921483869723,
      -171.73402042741384,
      888.8863522404899
    ],
    [
      "DEB-59077E41",
      -60.96240947930513,
      13.471860756206034,
      692.2422086661363
    ],
    [
      "DEB-CE257966",
      42.3749680381185,
      39.098784804687,
      197.69255972164865
    ],
    [
      "DEB-3619B64C",
      43.035006792089646,
      -60.36028916272644,
      257.21493325795564
    ],
    [
      "DEB-17B8CFC7",
      58.091554076657765,
      108.8228357108365,
      889.1680125878656
    ],
    [
      "DEB-8A69FFF2",
      -39.12015159537351,
      -129.67062856205848,
      304.3030098531617
    ],
    [
      "DEB-A09C3C39",
      -8.684635430504432,
      -146.70727639270055,
      823.9735641657935
    ],
    [
      "DEB-36D184F3",
      -2.9763630842976667,
      134.14275170417838,
      422.0624298626717
    ],
    [
      "DEB-8AD8B2E8",
      -6.497369869599557,
      94.4527951766445,
      220.31503110746962
    ],
    [
      "DEB-A0E9A6AB",
      -18.561974431141167,
      -177.80963532661286,
      331.64903944664
    ],
    [
      "DEB-B27F7626",
      52.92868526565155,
      -89.98987252195819,
      334.6567275314601
    ],
    [
      "DEB-72E56037",
      -35.82090570421237,
      -144.10076387912142,
      560.1887877004465
    ],
    [
      "DEB-D7746C0C",
      -1.6135973319719359,
      178.86087034667426,
      559.7831920423132
    ],
    [
      "DEB-51EF005A",
      25.884039397219215,
      -149.48989815975867,
      713.6193019871962
    ],
    [
      "DEB-FD15598F",
      -42.46971000206889,
      -158.36849012328648,
      588.6610114583227
    ],
    [
      "DEB-8F4AA331",
      49.391009076458595,
      172.46176413142376,
      705.9101401168209
    ],
    [
      "DEB-B001B02B",
      17.215124548581816,
      158.30314212757753,
      435.7207131790565
    ],
    [
      "DEB-6E1CB33A",
      59.40350750549116,
      39.8020078774757,
      561.1003707111504
    ],
    [
      "DEB-79FC4799",
      5.568637531050279,
      25.883247039969323,
      679.0926210681173
    ],
    [
      "DEB-7736A469",
      45.879695542659164,
      -22.80183347963649,
      208.72293153375358
    ],
    [
      "DEB-3D626710",
      -68.54065681791967,
      -179.41793882591168,
      819.726693883028
    ],
    [
      "DEB-8057E54B",
      -36.209020609747014,
      -16.61110153020106,
      487.3070079432064
    ],
    [
      "DEB-BF8DE6B5",
      67.97327335607832,
      -99.62279495708128,
      458.8766262895997
    ],
    [
      "DEB-270A655D",
      -55.86071323283573,
      -44.67951577963383,
      451.6388823502475
    ],
    [
      "DEB-BEE79D44",
      -8.957807741088242,
      -97.7047620883827,
      233.71129671383642
    ],
    [
      "DEB-B0E7521C",
      39.35308266459324,
      -143.65485770489872,
      469.9221252384832
    ],
    [
      "DEB-69EF738D",
      -11.907346016758975,
      157.82205896007474,
      401.31342738919466
    ],
    [
      "DEB-9CFBAA93",
      14.316374024687704,
      -21.43496350764127,
      149.78693044028387
    ],
    [
      "DEB-D8D553BE",
      -28.260065588651507,
      91.54608470010736,
      352.32537886083355
    ],
    [
      "DEB-2EF051DC",
      -2.018231000748311,
      -2.9507998272685363,
      583.1554792422094
    ],
    [
      "DEB-4702DE08",
      41.053336124212,
      -70.85999495361887,
      383.4549850425228
    ],
    [
      "DEB-7B1DEC93",
      7.685743608205468,
      163.7132238354657,
      718.897055925072
    ],
    [
      "DEB-17738C46",
      -70.18685170069196,
      139.63548549050458,
      437.19907569152565
    ],
    [
      "DEB-0D5DA43C",
      50.03753404101378,
      -126.45907094349252,
      820.7189457603363
    ],
    [
      "DEB-2DCE4C8D",
      15.598635446353752,
      76.36659057596931,
      490.8220300441699
    ],
    [
      "DEB-2CCB192D",
      -17.993229000843694,
      -132.6188549958726,
      209.5947247592676
    ],
    [
      "DEB-0E102292",
      -8.164670879654027,
      20.2414175645969,
      913.0595202225504
    ],
    [
      "DEB-5C6DFA55",
      14.59051990708659,
      -168.64570298044512,
      663.4405213862392
    ],
    [
      "DEB-228D9AFF",
      -2.8968135621378015,
      100.31723737766596,
      628.01105861204
    ],
    [
      "DEB-BA3E8FEB",
      13.98403552072344,
      143.96466474928673,
      880.8844071665153
    ],
    [
      "DEB-430B1E7A",
      77.2713046302545,
      -78.38435468731466,
      517.2326054581708
    ],
    [
      "DEB-AA68731D",
      -40.42287232174773,
      35.834568805389175,
      811.7509871607726
    ],
    [
      "DEB-4C472074",
      -15.230584325722635,
      -82.66512294589816,
      347.33159981147855
    ],
    [
      "DEB-6D420A12",
      8.08448576519463,
      178.4028599067288,
      399.89572932514056
    ],
    [
      "DEB-5F68046B",
      -17.951805996525458,
      64.92845786337459,
      167.9200439446886
    ],
    [
      "DEB-38F7A782",
      -27.009083075637157,
      51.038979372819476,
      279.3743754670277
    ],
    [
      "DEB-4E8E5D70",
      49.14156732352226,
      -138.2098132572927,
      545.5119080423756
    ],
    [
      "DEB-93D26BA3",
      -55.75818711405101,
      164.25916952451084,
      875.4837667627553
    ],
    [
      "DEB-9732ADAF",
      -15.539057182066546,
      -68.37037035890536,
      712.4216627634678
    ],
    [
      "DEB-D919CD40",
      9.185264921011653,
      -70.91124313415798,
      251.052612523049
    ],
    [
      "DEB-428AEB3D",
      5.7402273852948955,
      -117.81605714401515,
      726.6585060952875
    ],
    [
      "DEB-BF8F0080",
      29.20698239988776,
      11.865274767696182,
      431.1185458401951
    ],
    [
      "DEB-7EC1015E",
      37.644947172355145,
      -160.93135079738875,
      824.6065758268378
    ],
    [
      "DEB-AEA0495E",
      -59.06311881872166,
      155.3654416928802,
      258.1691978989402
    ],
    [
      "DEB-DC72598E",
      17.282773530675936,
      -139.17081140672974,
      792.1240838968506
    ],
    [
      "DEB-6621BFB8",
      40.13571713779146,
      -39.68075630011173,
      452.0784113903619
    ],
    [
      "DEB-275F028A",
      39.731437113990204,
      121.91477749856406,
      912.563640290231
    ],
    [
      "DEB-12FAC2DC",
      -5.292952791676368,
      75.19300197540939,
      226.19902213877594
    ],
    [
      "DEB-FB11B380",
      -22.541115573453258,
      -177.5267476739917,
      191.8780225438104
    ],
    [
      "DEB-DB53B41E",
      64.06912993392793,
      -91.9841576271514,
      903.1874887472795
    ],
    [
      "DEB-7CE990B3",
      49.531375323367,
      114.0106947435585,
      658.125422986709
    ],
    [
      "DEB-1991F9D7",
      75.18269858763988,
      48.87781292310602,
      496.10992631709087
    ],
    [
      "DEB-818D221B",
      -1.1389643726019725,
      -174.9312696720325,
      613.0104016487994
    ],
    [
      "DEB-8728137F",
      67.45032492860364,
      160.8793898606676,
      494.04219553811527
    ],
    [
      "DEB-BF2154EC",
      14.218151673126455,
      37.358140120579016,
      160.18911206891062
    ],
    [
      "DEB-CF4EF2DF",
      -47.404649249137115,
      -154.64749266524717,
      612.9542077803217
    ],
    [
      "DEB-AC3FDEF0",
      -19.991059667312527,
      33.9233289792325,
      671.8371965984552
    ],
    [
      "DEB-BE3B799B",
      15.345816687266359,
      -15.420035594619131,
      468.72223554834727
    ],
    [
      "DEB-F7D22691",
      -66.35511927975864,
      95.76596958379464,
      879.8000992300813
    ],
    [
      "DEB-7401BEB3",
      -37.78659524766125,
      179.3777107126023,
      261.466759796268
    ],
    [
      "DEB-0E8DDF68",
      -3.995209518945327,
      -170.48349913449334,
      427.47930849882414
    ],
    [
      "DEB-A9F64E95",
      66.71799658844573,
      137.9011664761406,
      319.7176555904307
    ],
    [
      "DEB-FB1BF6CA",
      -32.149702588296954,
      -124.58434958151182,
      775.9463855356435
    ],
    [
      "DEB-CE60AA65",
      -39.56908141807493,
      102.09418690277158,
      598.1284849043313
    ],
    [
      "DEB-E0390A07",
      -10.58672326979847,
      47.499173877837144,
      906.4019949143049
    ],
    [
      "DEB-A86BAA35",
      23.68971882407035,
      -101.73922110312455,
      787.7100109350013
    ],
    [
      "DEB-534938B4",
      -25.78342557636004,
      -37.48499657896025,
      267.90137964756013
    ],
    [
      "DEB-C38BDD1B",
      42.27288530842922,
      83.83996308413242,
      237.70992346640833
    ],
    [
      "DEB-646CBB51",
      28.285584520051547,
      -130.4226735266357,
      216.4426244770575
    ],
    [
      "DEB-0E50A894",
      -31.62253609714148,
      -6.138287201533346,
      177.36336301245046
    ],
    [
      "DEB-D2745458",
      -55.26213291989717,
      -77.37675969021082,
      834.4137351997806
    ],
    [
      "DEB-6252166D",
      -28.50463046897158,
      -118.53075332207476,
      343.62534845970276
    ],
    [
      "DEB-19C48365",
      -9.774271819209067,
      147.0072171402799,
      675.0277845012106
    ],
    [
      "DEB-08F1C102",
      2.160747431413085,
      -141.8984986686533,
      504.17248611566265
    ],
    [
      "DEB-851E7675",
      8.080082483882007,
      24.0719320234971,
      856.5562847985293
    ],
    [
      "DEB-30B3AE3C",
      -33.75984129674732,
      108.56686516374872,
      131.84867930181736
    ],
    [
      "DEB-B6ACAD4D",
      30.456900776084503,
      105.09993151151849,
      442.9036050126924
    ],
    [
      "DEB-465F5235",
      -25.821171348903253,
      -121.3769018189115,
      767.8619326798689
    ],
    [
      "DEB-18A73945",
      -73.35644046320351,
      -55.939078151677606,
      349.1533690267697
    ],
    [
      "DEB-6A3C71E9",
      66.41501817531386,
      -125.67523615504518,
      168.72540155469142
    ],
    [
      "DEB-9AECF66E",
      46.61114093472287,
      -100.0195652122635,
      738.1063070858081
    ],
    [
      "DEB-8E61BF44",
      20.867536718777487,
      90.43266099745703,
      484.0197161402548
    ],
    [
      "DEB-0BC92B6D",
      -21.071150787914437,
      77.87025911915696,
      924.5183673075835
    ],
    [
      "DEB-7E89EC0D",
      24.308367408247676,
      -73.59362486403998,
      142.36705405888642
    ],
    [
      "DEB-C2C5129D",
      -23.527352068905465,
      104.63887090143149,
      879.3292130932332
    ],
    [
      "DEB-4876A9BD",
      -53.764682598448154,
      -13.320844132711471,
      345.5097640255253
    ],
    [
      "DEB-EDF5771B",
      11.560878822604767,
      -46.812878131721824,
      733.461277188957
    ],
    [
      "DEB-08F4D561",
      -62.061913649083884,
      46.92195601674554,
      617.0577120824573
    ],
    [
      "DEB-FE36B170",
      44.104746121081796,
      93.09711899782491,
      334.6262006004845
    ],
    [
      "DEB-E13247A3",
      77.99359671916706,
      -129.5881811945713,
      360.8549055724807
    ],
    [
      "DEB-E7F81451",
      45.04679833825776,
      -145.56908483348727,
      376.9803158542745
    ],
    [
      "DEB-44031F84",
      71.6237003178456,
      132.8282385754615,
      878.5993368819245
    ],
    [
      "DEB-51E5C6F6",
      9.521606486070576,
      40.84422279946665,
      617.4691699863033
    ],
    [
      "DEB-820A6186",
      45.45514486446185,
      24.13103832498845,
      880.9637232973928
    ],
    [
      "DEB-417B8D7C",
      46.53315534788508,
      163.62747014616644,
      692.2994783202239
    ],
    [
      "DEB-F4621733",
      -14.26359405087331,
      61.081604413202435,
      425.26928956520715
    ],
    [
      "DEB-66E0CC79",
      -11.121526594948293,
      21.956504740285812,
      790.0694814384406
    ],
    [
      "DEB-02A0DA1C",
      14.192399232543623,
      64.6145508681383,
      714.1894103766181
    ],
    [
      "DEB-3FAFB165",
      -69.01336594176627,
      121.34040428441388,
      266.31489319762295
    ],
    [
      "DEB-37B2E98A",
      -43.77393172961338,
      125.8135813620376,
      500.7795291088005
    ],
    [
      "DEB-4C807911",
      -52.25374199324131,
      175.89414497326752,
      396.0102110844491
    ],
    [
      "DEB-F0EE3C23",
      -76.33868453948463,
      140.87387834314504,
      499.964375401436
    ],
    [
      "DEB-93D8671E",
      21.013471156457022,
      -120.2904411527199,
      807.583799759359
    ],
    [
      "DEB-9A7249A3",
      -27.791547914772863,
      -10.82106766825178,
      529.5901162097553
    ],
    [
      "DEB-8CD45133",
      -1.6134836304849218,
      -155.55808113189534,
      662.988718279852
    ],
    [
      "DEB-EBD3DA65",
      -38.959792912899125,
      111.86816776765507,
      583.5589738418312
    ],
    [
      "DEB-1E490D65",
      -43.506757551209425,
      76.7165517423518,
      362.3410088039236
    ],
    [
      "DEB-5213CEE8",
      13.115216840222963,
      -150.8221612964623,
      342.48472788611434
    ],
    [
      "DEB-989595B7",
      16.65600396063098,
      -132.0098992904475,
      594.6429065954599
    ],
    [
      "DEB-5C67640C",
      -84.901255247866,
      -42.50545272652417,
      799.73452009423
    ],
    [
      "DEB-066E3E0D",
      28.029545441927727,
      -63.42620842100143,
      283.08953409956484
    ],
    [
      "DEB-B7F3BD46",
      -17.931856820891145,
      -17.59808460991367,
      710.3336413747156
    ],
    [
      "DEB-FF0B0605",
      58.362509512517576,
      153.05288509966795,
      330.07868432888245
    ],
    [
      "DEB-A735782A",
      55.49160308679891,
      110.1659743585121,
      916.2487023164049
    ],
    [
      "DEB-99ECBF5E",
      -19.86566666105364,
      -120.04641993894572,
      454.4063938259078
    ],
    [
      "DEB-AE0954CA",
      35.99983213820127,
      -144.31735827159497,
      191.08170020846865
    ],
    [
      "DEB-72C13607",
      -35.184758180035786,
      -83.31088975720796,
      769.2295132225199
    ],
    [
      "DEB-D66E1FC9",
      23.895564253130722,
      51.23630342576836,
      122.62913761347863
    ],
    [
      "DEB-8737FBFD",
      -40.75624198048298,
      112.13623039612041,
      274.94788102865914
    ],
    [
      "DEB-29141EF7",
      -19.82523308189962,
      22.886336874258294,
      835.0733335767072
    ],
    [
      "DEB-4444A3FD",
      51.6244417244541,
      21.541034237555987,
      246.28454456209238
    ],
    [
      "DEB-E3BEFD28",
      3.8935954631824603,
      66.84095902561803,
      544.826156998819
    ],
    [
      "DEB-C9F195BD",
      34.658447687832336,
      -47.14701606929424,
      637.3351087842275
    ],
    [
      "DEB-232FD9E8",
      -12.654297641758067,
      -43.8410413130845,
      817.9161885571593
    ],
    [
      "DEB-A0A95118",
      -33.7602514748529,
      -117.78134924905903,
      752.0009748948787
    ],
    [
      "DEB-53251994",
      17.332728140806235,
      -7.173089936248778,
      439.63734491815194
    ],
    [
      "DEB-B276BAD7",
      38.80600139641389,
      -161.90936205241147,
      645.6279842713966
    ],
    [
      "DEB-0FB4261A",
      -36.81503898318552,
      76.66421729420247,
      566.7170740220754
    ],
    [
      "DEB-CA4C8915",
      35.1194110790481,
      58.18618125831106,
      147.65836810394012
    ],
    [
      "DEB-9A4A77A3",
      -13.724673666673604,
      -135.8799194130437,
      348.56893328774095
    ],
    [
      "DEB-7460DDED",
      -25.60682877135214,
      -140.78724199135695,
      897.2933080845023
    ],
    [
      "DEB-B10ED7DF",
      -1.480477967933848,
      -128.53042886019898,
      743.5184177928213
    ],
    [
      "DEB-6549F7BA",
      -59.55409938864141,
      78.02910017985732,
      550.0698018628118
    ],
    [
      "DEB-92C9BF64",
      -58.364245172157176,
      163.23842195478974,
      153.0196745676958
    ],
    [
      "DEB-98E960B8",
      43.05383915822496,
      87.6102527707069,
      352.573770379101
    ],
    [
      "DEB-4A3B88CD",
      -84.28738034520768,
      108.02715636509902,
      404.78624898550333
    ],
    [
      "DEB-365D92A9",
      21.811033499635663,
      -72.45915785528085,
      428.44182361183266
    ],
    [
      "DEB-307EE5A2",
      -10.48148141370866,
      -130.33209693717927,
      908.3054291458875
    ],
    [
      "DEB-C82A8758",
      26.028941912435272,
      -142.651598951976,
      224.51334639867764
    ],
    [
      "DEB-4C93D531",
      12.337506025142833,
      78.5489000772226,
      618.1704682046757
    ],
    [
      "DEB-2CA029F7",
      -0.4771138197469129,
      178.35459996349556,
      330.664961177381
    ],
    [
      "DEB-61DFEC8E",
      -25.965248774489076,
      -41.164409987722806,
      367.844392031142
    ],
    [
      "DEB-660CB70F",
      -48.7745147199517,
      131.04998912725523,
      895.1138474244344
    ],
    [
      "DEB-3667936A",
      -69.07595966501627,
      -4.11247710865992,
      406.64181457611176
    ],
    [
      "DEB-937A19B9",
      14.287939042690455,
      -57.57156636506932,
      591.7358749950363
    ],
    [
      "DEB-0DEBBCD1",
      32.578309596108504,
      161.94434614529231,
      151.64656339704015
    ],
    [
      "DEB-42B16D28",
      -27.864843160127972,
      19.885861436835384,
      688.599107858844
    ],
    [
      "DEB-022B28F5",
      -34.13262386663977,
      -67.11907605203074,
      642.5983983463957
    ],
    [
      "DEB-110C6D99",
      31.758980330717915,
      -124.834086043062,
      588.8348657865508
    ],
    [
      "DEB-26BB6563",
      -9.298686235601819,
      104.19144782975955,
      896.1427740371319
    ],
    [
      "DEB-0492FE5C",
      -2.005926114267166,
      93.94392199446217,
      268.14589185260684
    ],
    [
      "DEB-61484D10",
      -60.136004592646415,
      -100.79638647919589,
      485.39545989859744
    ],
    [
      "DEB-DEF327D0",
      -21.758542831336005,
      -78.25946856571333,
      445.8085548424824
    ],
    [
      "DEB-F92DA106",
      -47.223548225209385,
      -55.56382182514265,
      793.6804706098737
    ],
    [
      "DEB-677AF852",
      36.26175903025596,
      145.5458210680258,
      784.4031804275219
    ],
    [
      "DEB-312A2796",
      -56.82294926859928,
      114.6865155782764,
      389.5717943086702
    ],
    [
      "DEB-5149A869",
      61.539455192140636,
      92.58261768656475,
      587.6524534445371
    ],
    [
      "DEB-844122D7",
      13.65557824098516,
      22.71359660709199,
      416.17033812520185
    ],
    [
      "DEB-30C7E4A9",
      5.309997229355175,
      -45.20160671686754,
      679.6827031624125
    ],
    [
      "DEB-9E95AD73",
      55.933183641551786,
      -54.44269019364796,
      860.7857521768474
    ],
    [
      "DEB-E5FE3BBB",
      -3.681555744311082,
      128.40815453359582,
      382.2989384858929
    ],
    [
      "DEB-41D76E29",
      -28.259515749396137,
      135.4067709549664,
      871.3410933165978
    ],
    [
      "DEB-76C2E606",
      15.862115036965564,
      25.378102815742743,
      816.9885874109523
    ],
    [
      "DEB-DDB90A72",
      -23.81681631351763,
      -10.770476405738986,
      612.9751149646099
    ],
    [
      "DEB-34C0908F",
      -40.11508021126915,
      -17.105594552255525,
      307.63278218432515
    ],
    [
      "DEB-C4FCE5A4",
      2.797707104085889,
      119.25787696486995,
      794.8896461239401
    ],
    [
      "DEB-031753FB",
      11.292265568020799,
      44.845273282545065,
      695.499910130502
    ],
    [
      "DEB-98AE69E0",
      43.353022519648604,
      -141.8719644348385,
      874.8988456373781
    ],
    [
      "DEB-57BB70A0",
      17.724418497431902,
      -37.19117884908747,
      276.9348373052917
    ],
    [
      "DEB-41A4E939",
      11.59947284502178,
      -4.573142696391535,
      501.4052082375474
    ],
    [
      "DEB-9FBE28E1",
      30.585916212910014,
      141.77996273106106,
      666.4031042372344
    ],
    [
      "DEB-4656E330",
      13.487800741267826,
      178.88319696171644,
      895.3979602414483
    ],
    [
      "DEB-9713D2FF",
      -18.146311962094657,
      23.33568261621427,
      818.2396370251709
    ],
    [
      "DEB-3181E9A5",
      46.43174417862717,
      77.84383005507011,
      247.92857032707798
    ],
    [
      "DEB-BD943174",
      -38.788114336956944,
      -37.6087588149466,
      164.08908893684657
    ],
    [
      "DEB-6347925F",
      -23.06578312358454,
      151.5589842881762,
      327.9634158587387
    ],
    [
      "DEB-9AAC8870",
      37.106313537285764,
      -95.7340376394336,
      591.7567588100064
    ],
    [
      "DEB-76DD1975",
      28.80093634139401,
      48.423249308409034,
      810.2335048144741
    ],
    [
      "DEB-077FF325",
      -73.0040682937851,
      29.815140165161502,
      476.6778348780299
    ],
    [
      "DEB-F7B23B4F",
      53.31291207124103,
      1.8817223356455177,
      324.71415212236843
    ],
    [
      "DEB-4353CED1",
      28.35171411951817,
      -115.57887972332801,
      370.30761875660664
    ],
    [
      "DEB-1006F930",
      -45.617401533899944,
      132.8213019751941,
      522.7254282149133
    ],
    [
      "DEB-3D4E389C",
      8.762719608978166,
      149.9591727160253,
      677.6247543636482
    ],
    [
      "DEB-16FCCB37",
      -21.31753322415048,
      -116.87519296286536,
      926.7302914255497
    ],
    [
      "DEB-604B03EE",
      -44.81891903411828,
      63.41328957125438,
      248.1979167922309
    ],
    [
      "DEB-5FF929B1",
      -2.074487226593526,
      36.83414884117621,
      229.10718281531263
    ],
    [
      "DEB-EAA938BA",
      49.001000940487096,
      82.54128338116536,
      527.0770385570386
    ],
    [
      "DEB-2E0EC5F3",
      52.82403565562732,
      -30.142048531327017,
      619.4453489422785
    ],
    [
      "DEB-9FDCBD8D",
      -28.96601256023061,
      -117.59324255816753,
      175.74185490141917
    ],
    [
      "DEB-DB6AA989",
      19.32816695388972,
      -26.550041904789857,
      420.81944716665566
    ],
    [
      "DEB-5FC416AD",
      -42.49884920784905,
      75.19539722352854,
      449.4819719502975
    ],
    [
      "DEB-BFD12711",
      -19.43321503883317,
      -141.86428988195135,
      681.7181736381199
    ],
    [
      "DEB-3646DE81",
      13.0325989897299,
      -143.88183260413496,
      812.2018972969181
    ],
    [
      "DEB-A79E54F1",
      76.9057253646829,
      -121.73826978277283,
      906.9595398394231
    ],
    [
      "DEB-F6AE8407",
      -10.800907780788526,
      -164.16048279639176,
      366.49403209624506
    ],
    [
      "DEB-7785A47C",
      -27.192206133364053,
      -69.92801328973445,
      342.3569211338281
    ],
    [
      "DEB-BEB82140",
      -41.31829685057171,
      -11.649188201188084,
      736.2212923482311
    ],
    [
      "DEB-BCE27C79",
      46.261034956889,
      175.75932569243446,
      793.5782765116901
    ],
    [
      "DEB-EB425249",
      -21.292993187472288,
      -97.47327797459045,
      613.5787276264919
    ],
    [
      "DEB-0A22DA06",
      14.369545985540213,
      -81.23367637724816,
      695.227320418082
    ],
    [
      "DEB-837FD46A",
      -4.93652199102923,
      -23.836343678725783,
      702.6601734265596
    ],
    [
      "DEB-7ACAB000",
      -41.86999732643164,
      17.89743165419954,
      443.371328623748
    ],
    [
      "DEB-EEFA62B3",
      -53.93177708834012,
      -179.97640984590737,
      211.75335593094678
    ],
    [
      "DEB-D393C298",
      14.762213384397336,
      -61.23735459422706,
      623.708066272904
    ],
    [
      "DEB-CA9AF24C",
      -17.16473231019132,
      36.07309853160115,
      629.4850974589308
    ],
    [
      "DEB-6CE38FCC",
      -51.251912707283005,
      30.703040099735937,
      392.5432676889395
    ],
    [
      "DEB-E60D24AE",
      27.270588439603376,
      -158.70770186735362,
      717.6125106070267
    ],
    [
      "DEB-B43E8C48",
      -17.34376389244913,
      97.32233899041017,
      132.4171573870417
    ],
    [
      "DEB-1E64A876",
      -3.2966923889645448,
      -126.18275738544106,
      401.92056237167435
    ],
    [
      "DEB-FB34C236",
      31.73483718986097,
      -155.86462982551012,
      504.6356906124329
    ],
    [
      "DEB-4D9EA4F7",
      -30.752983519148643,
      -7.925366171482081,
      775.4443541231949
    ],
    [
      "DEB-A1F93FF0",
      55.08114643879643,
      -75.86877612312813,
      765.4792159543085
    ],
    [
      "DEB-0C453337",
      -5.610250699319403,
      -48.555483167363214,
      911.2252882182047
    ],
    [
      "DEB-7AAA1697",
      -20.981951933121312,
      -5.211566615585281,
      251.41279144919008
    ],
    [
      "DEB-81608B06",
      46.336638572770454,
      -77.56348876787041,
      140.86332288284575
    ],
    [
      "DEB-F25FA6F7",
      10.64066632216957,
      10.635495851607702,
      722.3906750312108
    ],
    [
      "DEB-E9C8678B",
      51.39597948327123,
      92.26097178948943,
      343.3700431704028
    ],
    [
      "DEB-7AB3B425",
      8.151270763862636,
      -30.480954485751944,
      246.15293797291633
    ],
    [
      "DEB-82BFEE3D",
      -4.536236995476173,
      -1.233886510976665,
      602.8736411988975
    ],
    [
      "DEB-58371D2E",
      -62.023005846101206,
      109.64125826540892,
      342.0046101210937
    ],
    [
      "DEB-9E97C775",
      -0.28391071152520414,
      132.51332163866664,
      561.0304514445907
    ],
    [
      "DEB-A6420E07",
      28.08535770974036,
      -55.51192034874196,
      242.39202829461556
    ],
    [
      "DEB-42161CFF",
      69.40144544913935,
      -18.714112874234637,
      321.2137940617695
    ],
    [
      "DEB-62CE5860",
      -11.556773644469436,
      -68.1553729208121,
      194.68942489806705
    ],
    [
      "DEB-ED210892",
      1.5617562541325205,
      14.595974170668658,
      444.8581291400624
    ],
    [
      "DEB-05CACB62",
      79.16356366581083,
      -26.757560490612992,
      439.4493512290901
    ],
    [
      "DEB-B8684753",
      -14.76713201358114,
      106.28364248356927,
      432.2567088267542
    ],
    [
      "DEB-5AD99336",
      -23.58885938831769,
      6.040204619027062,
      573.8377063109056
    ],
    [
      "DEB-B1F5732B",
      -62.77521529867368,
      21.37019223685278,
      426.9403893864901
    ],
    [
      "DEB-C3D16B39",
      12.087082705036751,
      166.7731797860185,
      309.36896702471404
    ],
    [
      "DEB-408A43E7",
      -20.329708805368764,
      -156.9754098123123,
      385.73668315738996
    ],
    [
      "DEB-C3F98C36",
      13.92114809401482,
      -42.86514709982073,
      905.9178664825522
    ],
    [
      "DEB-E580758B",
      36.45897219793652,
      61.97551223676795,
      612.6965136092795
    ],
    [
      "DEB-43A0FD4F",
      20.720585742966186,
      -157.6861734287891,
      380.81683609376887
    ],
    [
      "DEB-C1837FD0",
      -10.253081283292294,
      164.1596321285205,
      872.290745036189
    ],
    [
      "DEB-4721BE98",
      19.727006637352538,
      -41.30368139032571,
      553.5386226609535
    ],
    [
      "DEB-ADC45AE8",
      12.946715247541775,
      18.031069017346315,
      604.9460331177679
    ],
    [
      "DEB-A801A5AF",
      -69.14329055736117,
      53.68431553752392,
      840.3629555655116
    ],
    [
      "DEB-FAC14DC9",
      19.44142657324373,
      37.09526454683879,
      352.9242172962295
    ],
    [
      "DEB-42AC11B7",
      6.988298396095569,
      -88.45002626777185,
      587.1769956942808
    ],
    [
      "DEB-0D22C1E3",
      -17.52125445966743,
      161.8363741071173,
      405.61207307373934
    ],
    [
      "DEB-7844090D",
      -82.41417878511687,
      42.058380888901134,
      699.3450654720536
    ],
    [
      "DEB-6BEB9425",
      -12.018317412239643,
      -50.866582392217076,
      848.5819987361447
    ],
    [
      "DEB-092C9C44",
      44.55668451429215,
      -117.8370043606043,
      851.6014007360063
    ],
    [
      "DEB-CB15133B",
      18.392471698787894,
      45.453447171674355,
      506.2851389449979
    ],
    [
      "DEB-C86A2238",
      -21.514939793663977,
      -14.777138366525655,
      527.96346961584
    ],
    [
      "DEB-1F3D3091",
      12.382644880519477,
      103.38722975267122,
      587.5129306591425
    ],
    [
      "DEB-C30C3C80",
      -77.02879730517265,
      139.1978166285504,
      663.7893986844238
    ],
    [
      "DEB-870CCC01",
      66.2015385848479,
      27.34720203926434,
      332.2531857472977
    ],
    [
      "DEB-3674E118",
      33.01290967912441,
      2.9740804906820695,
      462.66292745838473
    ],
    [
      "DEB-7C4F0BFF",
      63.102042222697875,
      72.08249036848497,
      473.04016688739557
    ],
    [
      "DEB-95AFA32A",
      46.05336810406956,
      177.4554627315599,
      212.92545397615868
    ],
    [
      "DEB-931F38C5",
      -14.586866414165328,
      -94.9933868670829,
      293.52591709727767
    ],
    [
      "DEB-5803BCDB",
      5.140491238489193,
      120.36120352739036,
      212.29918810055187
    ],
    [
      "DEB-1DEED319",
      2.7123462146215047,
      -137.28915372498878,
      750.7126274728626
    ],
    [
      "DEB-29AD9783",
      -26.346103214937806,
      -25.485460243042432,
      328.3355366733949
    ],
    [
      "DEB-605DE202",
      30.75342555684282,
      14.930969404014013,
      516.3212168498831
    ],
    [
      "DEB-F18E9C60",
      43.25776043386734,
      80.3737944809778,
      419.4824665695305
    ],
    [
      "DEB-B4B3E0E5",
      1.7275363536908503,
      -169.29382999503576,
      414.24960973862744
    ],
    [
      "DEB-E6A06238",
      -5.893672791281025,
      99.64936436681829,
      193.3301034911865
    ],
    [
      "DEB-BC83466F",
      9.27563787982268,
      47.05495680997934,
      859.8844002787746
    ],
    [
      "DEB-F12A077A",
      -45.75189743683574,
      116.97280886257079,
      752.0562768293885
    ],
    [
      "DEB-DED81F01",
      -72.12963937589802,
      -123.64128835493878,
      834.4770521101236
    ],
    [
      "DEB-96831BDB",
      -21.438043540358716,
      86.20314750316402,
      434.03517363336687
    ],
    [
      "DEB-316B3824",
      38.38827807184852,
      -143.88410464285639,
      814.1926207511851
    ],
    [
      "DEB-6880AB95",
      8.300633173084588,
      -152.880472448478,
      521.6220277744333
    ],
    [
      "DEB-FAC4D477",
      -34.56882768180331,
      62.7581445165617,
      127.42438452681927
    ],
    [
      "DEB-EAE51BA1",
      -36.6691684578397,
      -117.22964515531265,
      407.49886558689195
    ],
    [
      "DEB-0BB13FB9",
      -45.67430208942125,
      91.15795133148565,
      370.6469661631281
    ],
    [
      "DEB-31F6E35A",
      -42.22650179606032,
      159.85336642477552,
      177.30359362809213
    ],
    [
      "DEB-8C3D2CF1",
      16.248202685766298,
      -53.134156706212266,
      877.5292807255355
    ],
    [
      "DEB-FEF2BBCB",
      38.65754082566646,
      -46.82578333308269,
      131.75896930757517
    ],
    [
      "DEB-D05FBA0C",
      0.3018380513023121,
      130.4392229697998,
      495.9810790639003
    ],
    [
      "DEB-F533807C",
      -4.490044763711609,
      -172.11794269789945,
      124.40852279497267
    ],
    [
      "DEB-759271BB",
      49.22539239904325,
      -38.25291628303404,
      201.16548484252507
    ],
    [
      "DEB-126A6F16",
      54.46514862370166,
      -113.4766609930197,
      666.7257194827453
    ],
    [
      "DEB-A0D3E138",
      43.016935979392784,
      140.53929858111283,
      605.6566931313628
    ],
    [
      "DEB-66CA6E08",
      -78.5791386076369,
      -146.50432830436523,
      527.5957817227281
    ],
    [
      "DEB-4633A629",
      -23.699487769267844,
      -162.1871858096808,
      634.2495910483713
    ],
    [
      "DEB-94BDA28E",
      -3.7271004094736493,
      -150.44643883148734,
      287.43092185858495
    ],
    [
      "DEB-B1FD0067",
      52.34324044645679,
      -97.68726066693912,
      756.9668240223
    ],
    [
      "DEB-30E6DEA4",
      -19.051845351338176,
      165.40860860298034,
      470.8988315998695
    ],
    [
      "DEB-C411FC07",
      55.64680252312079,
      -175.1897293789239,
      670.832222748495
    ],
    [
      "DEB-B29D497F",
      40.64076698660246,
      124.5056847213531,
      510.7069984405116
    ],
    [
      "DEB-C8C47011",
      -26.138710992936694,
      19.36923687615535,
      705.7031270534062
    ],
    [
      "DEB-1DB93BD4",
      -3.7546269619746413,
      52.346217534315144,
      843.649247143524
    ],
    [
      "DEB-D281E07B",
      60.2741195217879,
      108.66307356257126,
      736.6125168411345
    ],
    [
      "DEB-C0D88D85",
      -40.50765963424393,
      61.426787042669595,
      208.04148496282505
    ],
    [
      "DEB-87765265",
      37.999734203781266,
      110.56296507773403,
      336.320038776661
    ],
    [
      "DEB-C1E3F815",
      -31.085749141490094,
      -53.02075589065392,
      786.7111654230912
    ],
    [
      "DEB-8D4C78F5",
      -7.075355337884712,
      -117.52343849197105,
      781.3646362403915
    ],
    [
      "DEB-5B1CA6AA",
      48.3305269154241,
      170.9407663065683,
      772.7083054056147
    ],
    [
      "DEB-72C489B6",
      -8.234109319592452,
      48.47069039010938,
      906.6785436480777
    ],
    [
      "DEB-5A06F73D",
      -23.549770258207815,
      167.46940172614407,
      815.4587524682374
    ],
    [
      "DEB-28612028",
      -14.264190119851776,
      -9.246927654867914,
      391.0294124693346
    ],
    [
      "DEB-7040036D",
      -11.480762513140563,
      -128.08581408666004,
      203.56072423692785
    ],
    [
      "DEB-B2478E86",
      -13.924256679231297,
      -144.4669649422723,
      799.7048717926973
    ],
    [
      "DEB-AF5CADC2",
      -11.814548896202236,
      107.65331311754413,
      857.7302516182508
    ],
    [
      "DEB-B7091CB1",
      46.652343681443455,
      -171.9207305182774,
      722.9109963098417
    ],
    [
      "DEB-F223C552",
      -23.06099101112617,
      174.79678563798993,
      625.8609986966849
    ],
    [
      "DEB-5E22411A",
      8.18272828818108,
      -63.392204078138086,
      354.9563784033671
    ],
    [
      "DEB-F3E93D0D",
      -38.41142227682969,
      -112.99951847530315,
      440.02424752435945
    ],
    [
      "DEB-212B0910",
      -82.10478933956516,
      155.55428839887267,
      354.83768974880695
    ],
    [
      "DEB-68B5DF88",
      79.87881934047118,
      -7.392412250190239,
      592.3177982198922
    ],
    [
      "DEB-C90C2DCB",
      31.23505099346356,
      -66.83993946512024,
      350.539077059846
    ],
    [
      "DEB-33018C9E",
      -43.460347415207984,
      29.257391869076752,
      265.6332808716743
    ],
    [
      "DEB-F7431573",
      34.45139775121419,
      -124.61355115943134,
      552.1448140339935
    ],
    [
      "DEB-F39CC3E8",
      -0.8016960762125935,
      79.62953386808726,
      720.6184779273472
    ],
    [
      "DEB-746C1C11",
      43.933272902959594,
      -124.45674809530342,
      124.19053068584253
    ],
    [
      "DEB-B42F6278",
      37.22313407487182,
      -149.704541128777,
      656.3452530557934
    ],
    [
      "DEB-358A906F",
      2.9514546469437155,
      173.35740520728646,
      791.8223233829885
    ],
    [
      "DEB-1FC35A9B",
      -61.81681657746417,
      -18.86844209268952,
      244.65373903188538
    ],
    [
      "DEB-DF0829FD",
      -4.633757441206908,
      151.75700400589565,
      198.31148914073856
    ],
    [
      "DEB-D353FDD7",
      0.37297853928604296,
      81.33128267941385,
      789.0426812055657
    ],
    [
      "DEB-624AEEC0",
      -25.761990205573092,
      24.842905137612565,
      767.5878913187953
    ],
    [
      "DEB-CA54480C",
      -5.616973775230174,
      64.64248685638783,
      845.2098789210677
    ],
    [
      "DEB-DCC10738",
      -54.73864030748554,
      -51.2931384567602,
      455.3286174520081
    ],
    [
      "DEB-829BA23D",
      -6.079549882141009,
      46.02172770541522,
      791.7512829197558
    ],
    [
      "DEB-C15C6265",
      -25.884366487560108,
      149.47851151516647,
      140.15482273722137
    ],
    [
      "DEB-7B0B4079",
      -17.061290136093522,
      -97.79759335631893,
      742.9354311307361
    ],
    [
      "DEB-CC13AC2A",
      -49.20978251531396,
      37.57277640238355,
      878.4665991229895
    ],
    [
      "DEB-4C431F97",
      -38.00683770202896,
      152.71834797143035,
      289.54312039672095
    ],
    [
      "DEB-EA940C25",
      -35.46475629904692,
      134.81660503898735,
      345.7739910221844
    ],
    [
      "DEB-A4848CAC",
      48.86704705739748,
      -92.72602978677324,
      377.6341948474601
    ],
    [
      "DEB-CA3FAA3D",
      -17.08060508578288,
      -68.05553341201103,
      209.89446655174743
    ],
    [
      "DEB-66024094",
      39.25614640268688,
      142.23952614596047,
      341.2754852607486
    ],
    [
      "DEB-BFC62DE3",
      31.921540464017085,
      -94.93088816145568,
      709.7413903262568
    ],
    [
      "DEB-ECC70AF2",
      36.17614959330468,
      -125.91927079987457,
      573.9105039593787
    ],
    [
      "DEB-A3B3F55C",
      44.053679972027176,
      -174.71837058019491,
      650.8949825807258
    ],
    [
      "DEB-1EADB711",
      2.0624366602660786,
      148.94665523552152,
      663.5604435548303
    ],
    [
      "DEB-C3654636",
      41.15419803866305,
      -146.1592243931883,
      261.8834096116516
    ],
    [
      "DEB-B00DDEE5",
      14.212721553979646,
      49.5201171215879,
      859.9398219055947
    ],
    [
      "DEB-A981ECD4",
      9.011671110405604,
      13.457681505538122,
      336.0287019655998
    ],
    [
      "DEB-9AC306D7",
      -15.008577030160708,
      -33.59125100607408,
      494.75536816336535
    ],
    [
      "DEB-E54ABFB1",
      -46.586323011951514,
      -166.29609460474887,
      260.31973592724444
    ],
    [
      "DEB-CB7BB29D",
      -16.335331369750428,
      136.65416339819848,
      357.45412184689394
    ],
    [
      "DEB-E571C3B6",
      -58.99050568438555,
      86.52640645603553,
      132.4519048142638
    ],
    [
      "DEB-B9238609",
      12.46993362068168,
      153.90452682589927,
      759.8833382440926
    ],
    [
      "DEB-B738C06E",
      40.54580640304557,
      105.90755257564219,
      327.92367266051315
    ],
    [
      "DEB-F80C5F8C",
      -33.72543184746355,
      49.68219074184645,
      521.4970577841732
    ],
    [
      "DEB-F29FD4F5",
      52.00750932839642,
      -129.6494455749306,
      868.7700263318648
    ],
    [
      "DEB-684AC4E2",
      0.6194824622372381,
      98.86432843903118,
      194.05671383072513
    ],
    [
      "DEB-DB76EA58",
      -19.12309604578319,
      -154.32102078997676,
      155.97606858453491
    ],
    [
      "DEB-5C8E53BD",
      48.08973492024468,
      -124.14596883597765,
      462.20994557503036
    ],
    [
      "DEB-B2971966",
      -12.862521232689396,
      -71.75398331475778,
      739.9014954252416
    ],
    [
      "DEB-8EDBA347",
      -11.373948255589918,
      -17.64827060797673,
      398.99861745699127
    ],
    [
      "DEB-663BE76C",
      30.8485978883297,
      -2.229384134377736,
      573.6211835050408
    ],
    [
      "DEB-FE24787A",
      -6.842490254329656,
      -118.10838922110621,
      859.7012713412769
    ],
    [
      "DEB-9658B2FD",
      81.39590543187516,
      -177.19384786643135,
      632.8936587027274
    ],
    [
      "DEB-9F1CD202",
      -31.558476684767115,
      115.66957926859527,
      128.07920058685795
    ],
    [
      "DEB-33C240C9",
      37.27388673163989,
      -98.4608572991233,
      172.21098212067955
    ],
    [
      "DEB-DEB5B338",
      -2.5995989225281777,
      7.055753062927902,
      313.7127750319887
    ],
    [
      "DEB-901707D0",
      1.736911145498411,
      -30.35911558480384,
      407.7877028831026
    ],
    [
      "DEB-A044215D",
      6.257409231429754,
      -78.8959080855542,
      879.940508592591
    ],
    [
      "DEB-0FB4BD18",
      -34.29969942980729,
      54.72853360987512,
      771.40197118798
    ],
    [
      "DEB-61C0D5EC",
      75.18153783926488,
      60.011511789202004,
      670.7625670456828
    ],
    [
      "DEB-842F6985",
      56.917753870114915,
      -0.7263989054176876,
      243.2720724758983
    ],
    [
      "DEB-ED9D6526",
      -36.97168121431076,
      84.84779727790671,
      698.1871375369401
    ],
    [
      "DEB-380CD972",
      -9.205107779579041,
      158.0874632160019,
      311.5530164267402
    ],
    [
      "DEB-27B88B88",
      32.932305511789686,
      84.36745840906015,
      337.1180291733708
    ],
    [
      "DEB-A4897A87",
      11.799873336170371,
      -76.84609698779042,
      794.9364748780463
    ],
    [
      "DEB-06DAA346",
      86.34067990671227,
      -160.16546479491598,
      459.01997657506126
    ],
    [
      "DEB-D0E9C999",
      54.48863661941177,
      6.626837993018024,
      292.61163871011286
    ],
    [
      "DEB-D4A708B0",
      -53.536200553689696,
      36.54784545855398,
      376.4998917183757
    ],
    [
      "DEB-4CCC2A11",
      -49.67455515851859,
      -80.9143318727293,
      523.3452029534274
    ],
    [
      "DEB-2ED59DD6",
      78.16190456428849,
      108.040700130353,
      184.02584828585623
    ],
    [
      "DEB-0B6BC1FA",
      -71.94548786357791,
      -163.17106551225305,
      462.7752760469248
    ],
    [
      "DEB-43FF0B80",
      39.19184010092348,
      107.66460522641971,
      680.3900253336906
    ],
    [
      "DEB-581FDFF3",
      -6.140292484769417,
      -85.23351666088797,
      510.1561508177738
    ],
    [
      "DEB-330A3323",
      28.585059278343223,
      115.49661642314857,
      323.36961035366585
    ],
    [
      "DEB-A461046C",
      68.77484399303935,
      142.6744989855524,
      696.1318101010474
    ],
    [
      "DEB-B18E1A0B",
      -73.9337003612098,
      57.50053098070816,
      631.9107882889057
    ],
    [
      "DEB-99C3530B",
      -85.85766919222539,
      -103.91746323818558,
      401.6319427474036
    ],
    [
      "DEB-3255BC82",
      -1.3218856812804864,
      74.61957420829934,
      471.8390537486448
    ],
    [
      "DEB-8162542B",
      -7.112638163082217,
      -14.847225369447216,
      761.7938684770706
    ],
    [
      "DEB-F66ACE1A",
      -47.03212474106512,
      99.04172709533896,
      646.7058695664236
    ],
    [
      "DEB-937485CF",
      27.94754867592109,
      -137.80612673520562,
      564.1846810029283
    ],
    [
      "DEB-90CB893C",
      3.710410453577923,
      -88.38880445483471,
      480.68784622558087
    ],
    [
      "DEB-BF854200",
      -15.368232767950673,
      88.86249885836843,
      500.84411404639104
    ],
    [
      "DEB-5EB1EB6B",
      3.884491038736389,
      170.16772154312318,
      706.3930835387837
    ],
    [
      "DEB-6988942F",
      -35.997663416926876,
      -93.47094775451238,
      307.7313794728998
    ],
    [
      "DEB-B551C199",
      12.359146697607377,
      -173.70370309688172,
      432.3982191201285
    ],
    [
      "DEB-B1201CEA",
      15.067479669037835,
      -7.8602915707379095,
      355.5320808206343
    ],
    [
      "DEB-F6A8266C",
      -25.368734623706985,
      58.23047310931226,
      842.4901627011641
    ],
    [
      "DEB-5EA2217A",
      -67.52926236820521,
      -14.81094261655801,
      894.4298772087741
    ],
    [
      "DEB-745E43E6",
      6.544075138496149,
      32.10054500911733,
      594.7968759415471
    ],
    [
      "DEB-5208F652",
      6.768035232892067,
      -135.08829305840783,
      362.68663905361063
    ],
    [
      "DEB-2258E8AB",
      -3.0474731863012345,
      5.882772125479219,
      534.2649912483057
    ],
    [
      "DEB-493B1084",
      -55.75386214830002,
      -13.656933406368928,
      152.75642243306265
    ],
    [
      "DEB-59751721",
      -15.535898594095109,
      144.56381391268323,
      530.546412734473
    ],
    [
      "DEB-EEDA24AB",
      -60.263330355217214,
      -29.10542938542356,
      871.2933637701635
    ],
    [
      "DEB-37A94664",
      27.08635103316917,
      36.53183461582832,
      266.6472971580606
    ],
    [
      "DEB-86ED1A6A",
      -12.827115748043829,
      -132.07385318610707,
      561.0526797104394
    ],
    [
      "DEB-425946AC",
      20.651986213238533,
      26.119039704173282,
      841.1090552419628
    ],
    [
      "DEB-4168E35E",
      55.65960323465354,
      73.15326080262896,
      189.62820777165416
    ],
    [
      "DEB-E86DC489",
      32.02518502006779,
      -35.37150907177218,
      751.9153682862116
    ],
    [
      "DEB-8B3B2887",
      30.50971563203937,
      151.74522380040614,
      793.2269594985437
    ],
    [
      "DEB-E8B3723F",
      -59.76917003965729,
      -39.17957435994084,
      448.35453642135235
    ],
    [
      "DEB-7CE72621",
      15.068437255345739,
      137.50655043128543,
      283.67832447780347
    ],
    [
      "DEB-38F6485D",
      -52.16142374703781,
      74.4242158409401,
      696.0522946908222
    ],
    [
      "DEB-62F83298",
      -57.88207903818354,
      117.81481705549986,
      444.0543858584024
    ],
    [
      "DEB-B6DC72BE",
      -4.65771255454356,
      52.33986562788846,
      559.7922797684469
    ],
    [
      "DEB-7FA4F41A",
      -5.055056201544583,
      -131.37875712459564,
      757.0364670630343
    ],
    [
      "DEB-D1B7713D",
      -41.10188758171723,
      -40.366827298342514,
      184.8978343059507
    ],
    [
      "DEB-12B3C8B8",
      -64.05490076957572,
      -127.28115993814424,
      705.0365059283349
    ],
    [
      "DEB-D2D0AA27",
      18.6869117705241,
      12.90278121228842,
      478.0904159663469
    ],
    [
      "DEB-F511D599",
      34.478380186333986,
      -55.8208569407035,
      674.0935203423378
    ],
    [
      "DEB-B6E1B2F3",
      33.723036310588455,
      122.34991042864127,
      518.8347374708219
    ],
    [
      "DEB-4BAFB789",
      -1.4411511170011635,
      119.98163380645586,
      447.507598167731
    ],
    [
      "DEB-3EF0F0F3",
      10.873414408380002,
      -19.71475312353292,
      353.4894215481172
    ],
    [
      "DEB-C7F9B57E",
      -2.817938526869114,
      113.53674404852384,
      678.5750016235024
    ],
    [
      "DEB-AA9436AF",
      19.954292758406638,
      27.233167431548914,
      769.1139458367688
    ],
    [
      "DEB-C881D953",
      9.603222096808334,
      38.295244369611396,
      366.14923905326486
    ],
    [
      "DEB-26AC9DAB",
      -52.00272039741495,
      176.9824362834651,
      170.5378391170525
    ],
    [
      "DEB-F428DA40",
      10.882144600313291,
      47.19933792973486,
      783.8440037795208
    ],
    [
      "DEB-FD2D37C0",
      30.12701122276209,
      172.17476058840438,
      613.1719778424504
    ],
    [
      "DEB-2A92A3AD",
      74.40186109049327,
      112.03025207609419,
      641.7952527417765
    ],
    [
      "DEB-F301E9CA",
      -9.597588448567986,
      42.15592539225448,
      304.03904681696895
    ],
    [
      "DEB-5EDBB0ED",
      70.56605338897973,
      -21.390999628820197,
      875.0443392168472
    ],
    [
      "DEB-1FC09FFA",
      -65.76255512072856,
      96.96469517739192,
      350.3910383653856
    ],
    [
      "DEB-FB5197DC",
      33.722204028785384,
      -142.61619512510757,
      814.7277169105419
    ],
    [
      "DEB-E07CDB8F",
      -24.7706944077477,
      -101.09081732593133,
      197.7124674874167
    ],
    [
      "DEB-7ECFEC4B",
      -55.30982117715902,
      -166.44051056167396,
      438.86481129972435
    ],
    [
      "DEB-A004852F",
      -20.437987029500558,
      32.22003643399489,
      807.3018210783439
    ],
    [
      "DEB-31B8908D",
      -13.235776536618793,
      -139.0047198066238,
      705.8842738085305
    ],
    [
      "DEB-F4009D8D",
      56.099324733188816,
      -8.515178914701377,
      226.59034435672038
    ],
    [
      "DEB-37691C6A",
      63.14102472016197,
      82.9354824716042,
      469.35555051659594
    ],
    [
      "DEB-30601803",
      27.488107427613627,
      -36.91001492136946,
      277.0704544898117
    ],
    [
      "DEB-07F22AA7",
      -72.57948121082897,
      160.5340861188508,
      875.3271137957954
    ],
    [
      "DEB-1E0C3387",
      60.16723646623126,
      46.9090933492564,
      439.15609904964913
    ],
    [
      "DEB-20FC0ADF",
      -32.06123814981828,
      -36.07419437482628,
      626.1468358538013
    ],
    [
      "DEB-30805D55",
      -2.5066157154858577,
      -75.08796855647893,
      300.52718501659456
    ],
    [
      "DEB-A380455D",
      -14.02229569204932,
      178.88529378733932,
      492.8011248145431
    ],
    [
      "DEB-33DC0032",
      -66.45763129137313,
      154.07435435951763,
      601.9612605286666
    ],
    [
      "DEB-94D9D2EE",
      -54.543646016965724,
      61.045752727168924,
      441.10137316368764
    ],
    [
      "DEB-11BC20B8",
      40.17834904837173,
      -179.0786249732014,
      567.014458182537
    ],
    [
      "DEB-9E0C2AFB",
      -13.081951588810707,
      -150.62528290388516,
      649.8067136283726
    ],
    [
      "DEB-08DE6A53",
      -6.327215318015953,
      100.20311107632065,
      719.6964784086558
    ],
    [
      "DEB-37344389",
      -54.43916097320231,
      -167.76160940724296,
      506.2273729792587
    ],
    [
      "DEB-0EDE050F",
      40.83424333778892,
      95.13650683196384,
      861.5261391142203
    ],
    [
      "DEB-D2AE462B",
      -55.697436191882296,
      61.05935810793786,
      894.7172390874703
    ],
    [
      "DEB-99AD0429",
      34.98940295304263,
      150.1960731767081,
      670.4649998319492
    ],
    [
      "DEB-0E535592",
      18.88529982677584,
      57.65059383679055,
      519.3568994674861
    ],
    [
      "DEB-06AF5989",
      54.770295299469595,
      160.43157911342465,
      841.989531737876
    ],
    [
      "DEB-09955AD7",
      -44.51743031129384,
      6.20743241600988,
      884.1602403721645
    ],
    [
      "DEB-12CA5D41",
      23.8143299111379,
      94.71443912940067,
      526.7257916577419
    ],
    [
      "DEB-0F13298E",
      29.139136472153687,
      108.37509350791294,
      518.7619033449182
    ],
    [
      "DEB-4ECF81FA",
      -38.11088279604755,
      -16.843479019245155,
      929.7688720649339
    ],
    [
      "DEB-9C61B3D5",
      20.778117849182483,
      11.341677092801216,
      778.5166790366256
    ],
    [
      "DEB-65C4E01F",
      -35.572504595560346,
      -134.79208296876251,
      197.41068678069587
    ],
    [
      "DEB-AB170A74",
      22.545920106250044,
      -94.34764150863377,
      155.34307815574266
    ],
    [
      "DEB-C8C0DFE2",
      17.518239000998406,
      -179.69781905139462,
      350.4229872931137
    ],
    [
      "DEB-67FE91C3",
      60.08987168949408,
      -137.84384001919992,
      405.5825336968337
    ],
    [
      "DEB-A82EC4C9",
      -5.616404135808427,
      -3.335575571704736,
      397.72376261181853
    ],
    [
      "DEB-B057B27D",
      35.63318623814886,
      31.47139762062116,
      291.3329219688176
    ],
    [
      "DEB-E5E2DD33",
      -3.9743500697912517,
      -31.628670438328946,
      829.4925647901
    ],
    [
      "DEB-FEADCB2B",
      -31.934730649534455,
      42.75323432536569,
      159.36252704758772
    ],
    [
      "DEB-FB4984FF",
      -21.85809150526391,
      -36.073049321566394,
      164.4330827534268
    ],
    [
      "DEB-9374D313",
      20.062486280752747,
      127.23153962417226,
      125.15001682588718
    ],
    [
      "DEB-B2F8BC88",
      15.879984151968669,
      -4.899901750493389,
      793.7481717536348
    ],
    [
      "DEB-BB706BB2",
      11.789173883273717,
      44.32410688126547,
      892.0509895528767
    ],
    [
      "DEB-058C8E58",
      -47.391026306765674,
      -146.90427414054562,
      263.5956853593934
    ],
    [
      "DEB-0C8F669B",
      -13.030112718734793,
      -72.27917666241595,
      262.3663069226859
    ],
    [
      "DEB-F6EB3336",
      -61.9567091382284,
      -121.79331057522069,
      233.53667514046447
    ],
    [
      "DEB-B12AC6DF",
      -27.62313641185901,
      -151.2370200669083,
      434.979314314518
    ],
    [
      "DEB-80B5D21E",
      44.915786042087134,
      -39.24892600601203,
      457.5339400746461
    ],
    [
      "DEB-85466C99",
      -38.842105121157054,
      45.867715111694956,
      919.8828065614662
    ],
    [
      "DEB-2D7EBCDA",
      1.0271722142128286,
      2.9814297740192433,
      316.15821744482673
    ],
    [
      "DEB-FD63C07E",
      -26.915516998168393,
      -49.73012082027961,
      445.01975962424785
    ],
    [
      "DEB-E7A04727",
      7.345762069835954,
      79.48910071241563,
      389.692739782462
    ],
    [
      "DEB-6A67E90D",
      -48.1089019245694,
      128.67224766689918,
      326.25339750570583
    ],
    [
      "DEB-9025E7AB",
      -42.79365100844048,
      15.573827799065832,
      911.8465649035925
    ],
    [
      "DEB-162B27E2",
      0.21617434473629205,
      130.1966691559872,
      208.98595967829078
    ],
    [
      "DEB-07185C61",
      -36.86359148671636,
      -94.92149361066653,
      158.3171157464194
    ],
    [
      "DEB-0229D25A",
      -25.701332055678986,
      150.43304586931657,
      851.4575798211572
    ],
    [
      "DEB-13E140B6",
      24.624998693805843,
      -109.80245576424032,
      804.4586606337007
    ],
    [
      "DEB-37694330",
      24.414049011432752,
      87.06667211839017,
      836.7546732037081
    ],
    [
      "DEB-C89F06EA",
      -46.49998620837322,
      -127.4790451051914,
      646.2039578604881
    ],
    [
      "DEB-1B0CD967",
      -9.817864211447471,
      105.41235588684438,
      223.6329441834023
    ],
    [
      "DEB-29B68E9C",
      -6.507773526066579,
      134.39296352081197,
      679.7209855743349
    ],
    [
      "DEB-E50312E6",
      -4.042546786253405,
      -47.726248262675014,
      906.7232008887331
    ],
    [
      "DEB-99BCF562",
      -0.06384196470373327,
      17.134207994609717,
      606.4954406985908
    ],
    [
      "DEB-59915B2B",
      56.86778357361161,
      161.40642023653737,
      812.9399971994371
    ],
    [
      "DEB-E7411AE5",
      2.0016447107163713,
      -11.189445197296362,
      619.6377483025017
    ],
    [
      "DEB-69E839C2",
      -16.628729240165708,
      101.31042714944293,
      187.64336813499358
    ],
    [
      "DEB-DF7C5431",
      23.311320616916166,
      71.28643722171644,
      611.0600760074904
    ],
    [
      "DEB-4441DC5C",
      51.13871832837084,
      133.62186027885787,
      464.2995431811278
    ],
    [
      "DEB-9C972AE0",
      -19.48214526676435,
      -59.630244188057624,
      936.0258524692772
    ],
    [
      "DEB-624AE359",
      -38.27661866168159,
      -122.14967550629417,
      547.4414189596137
    ],
    [
      "DEB-F9898D7B",
      23.46477445681573,
      -41.63317312616792,
      455.35229338322824
    ],
    [
      "DEB-18299E1C",
      -51.590724538061025,
      -164.15327839965067,
      757.5296931110888
    ],
    [
      "DEB-82123072",
      38.26724939544944,
      168.1408333992571,
      716.0903295694025
    ],
    [
      "DEB-DB933871",
      -3.2761595950406455,
      -111.71574923502766,
      306.9400637543549
    ],
    [
      "DEB-1A311F79",
      -40.1414705584441,
      -138.8508911193751,
      550.8006908573125
    ],
    [
      "DEB-378C3570",
      11.136371482623362,
      -157.66271807837535,
      877.694617121133
    ],
    [
      "DEB-EA59E780",
      17.257138187664466,
      -58.8314213078815,
      528.338280934131
    ],
    [
      "DEB-FC8E3D3D",
      -14.8108858882162,
      -74.43085542372889,
      578.178488991507
    ],
    [
      "DEB-8836C68E",
      -29.085869580908778,
      -58.938420222986615,
      220.51738944201588
    ],
    [
      "DEB-7AF5B5B4",
      -30.407574944404956,
      167.9950555089024,
      602.0766140522583
    ],
    [
      "DEB-26D3E387",
      -45.09349546457366,
      90.9337575259566,
      766.3489638837154
    ],
    [
      "DEB-FA3B12D1",
      50.60627288591947,
      -99.43646996908444,
      800.2159516690826
    ],
    [
      "DEB-4BF7A965",
      -41.41191019939291,
      179.4814213880661,
      625.1156438498037
    ],
    [
      "DEB-EB79D353",
      -13.040947835978312,
      51.143283687866735,
      613.3126081292503
    ],
    [
      "DEB-8BC92F48",
      32.472947332066774,
      -142.6428350730321,
      900.2306115377814
    ],
    [
      "DEB-CC4392A9",
      -14.550678193090725,
      11.04914469538373,
      136.85361068662132
    ],
    [
      "DEB-7A233EF8",
      5.132008952627365,
      116.36689923544117,
      473.042491578728
    ],
    [
      "DEB-E7DC55C9",
      -26.849882507485223,
      40.912931890003236,
      812.4422535776184
    ],
    [
      "DEB-5A8E07B3",
      -10.494797387884931,
      49.293410219053754,
      438.41918429984344
    ],
    [
      "DEB-BBD8D546",
      -2.532254736809988,
      -5.724718285640713,
      515.5376547460573
    ],
    [
      "DEB-2D4555FB",
      -34.132487468823406,
      153.07484614187305,
      375.06668625675866
    ],
    [
      "DEB-256C6523",
      64.30633129243792,
      -167.35263248294666,
      784.9637218269809
    ],
    [
      "DEB-B6FDDDE7",
      61.866329594719154,
      -92.33656235275697,
      462.2794204776246
    ],
    [
      "DEB-631BCC02",
      27.04101600710614,
      -160.99718487651742,
      329.335084477706
    ],
    [
      "DEB-3D18F883",
      7.229153688385759,
      69.01989576690336,
      292.2192589368278
    ],
    [
      "DEB-2C1F32D1",
      -45.73401640020743,
      84.30516080434877,
      456.2234869818167
    ],
    [
      "DEB-CC3F2167",
      -47.571685397723094,
      -13.338167565135466,
      341.4008372767985
    ],
    [
      "DEB-FDEE0A4B",
      -17.426218660425704,
      -174.0830546564245,
      593.8390036532546
    ],
    [
      "DEB-1F7B8800",
      -0.8187685430835552,
      10.359360364469667,
      160.18231168524017
    ],
    [
      "DEB-31496A7E",
      52.02999777428305,
      157.72389490219425,
      342.00346282222927
    ],
    [
      "DEB-0B7A3080",
      -30.25819870949274,
      -169.98685080482161,
      724.0448067098159
    ],
    [
      "DEB-E83FBF35",
      -29.81147635861273,
      12.590105465110874,
      589.4718644875411
    ],
    [
      "DEB-CF4DAF2D",
      -17.3791170653266,
      132.28188200952064,
      581.5935651920518
    ],
    [
      "DEB-854A8E70",
      -28.132262643171536,
      40.619818741023686,
      278.7447809455334
    ],
    [
      "DEB-953321B2",
      -56.818891341950604,
      46.03116201617815,
      498.4128703785782
    ],
    [
      "DEB-D6B7FE8A",
      23.456211375715473,
      55.266577195407024,
      269.85281946227497
    ],
    [
      "DEB-E6E08C2B",
      -29.760873205512752,
      74.89682898683088,
      810.1852346940659
    ],
    [
      "DEB-214EE844",
      -13.184918055225534,
      86.30370468762904,
      845.6523955188268
    ],
    [
      "DEB-5B561657",
      -17.058255585094997,
      27.568259936245894,
      273.5526310816722
    ],
    [
      "DEB-FD0F2D87",
      44.61675588227992,
      37.93967881817737,
      718.917529888824
    ],
    [
      "DEB-09CAC988",
      69.64744038944073,
      -55.59707838343952,
      377.22538199282644
    ],
    [
      "DEB-E94A9622",
      -0.40883148824913623,
      -23.723920309866248,
      613.3718668293986
    ],
    [
      "DEB-DA8D6B04",
      -21.83137546461752,
      -56.25314051560075,
      801.2018747139973
    ],
    [
      "DEB-24981732",
      -8.056421218560232,
      -12.927169690639495,
      330.14350586216005
    ],
    [
      "DEB-595FD045",
      -50.359158295158466,
      -178.88035502847617,
      221.32873592005944
    ],
    [
      "DEB-347F2A3C",
      43.50452500310298,
      139.84778448094733,
      733.9952668789338
    ],
    [
      "DEB-CE267F8A",
      -84.11115654530943,
      115.1556236903973,
      453.08162719431493
    ],
    [
      "DEB-6D7584DB",
      8.354750314986703,
      -157.94863911507755,
      155.63830693256205
    ],
    [
      "DEB-3CFC6F7C",
      21.244106762876214,
      40.50244814678753,
      230.4098422721254
    ],
    [
      "DEB-D55B379B",
      43.616748311858906,
      87.25817143371076,
      172.91790239284092
    ],
    [
      "DEB-5812EBE3",
      53.828433944661064,
      36.33421335185971,
      884.856752745809
    ],
    [
      "DEB-56D7DDC5",
      -6.819036296289801,
      98.59180128505457,
      695.6638535414313
    ],
    [
      "DEB-5EF75397",
      24.117942461150996,
      -60.7773033939658,
      460.5201546821472
    ],
    [
      "DEB-4F6C04C5",
      -4.015129895662955,
      -46.90013478601529,
      451.68487210917465
    ],
    [
      "DEB-DAB86070",
      -19.189157680115134,
      20.398960519335038,
      693.3162529793535
    ],
    [
      "DEB-D5EE1470",
      37.58102495819584,
      23.060294301873128,
      489.7994331202808
    ],
    [
      "DEB-FFC572D5",
      -57.040540613202126,
      -123.07073452736687,
      564.4661911086014
    ],
    [
      "DEB-A847AE03",
      45.45077081912414,
      137.8114046040475,
      753.0210733533904
    ],
    [
      "DEB-CA2794BC",
      -32.040740372486646,
      -143.12191611368013,
      911.2956849840766
    ],
    [
      "DEB-9B5665AD",
      15.088370640985367,
      50.5504756637305,
      700.422362224338
    ],
    [
      "DEB-E716D9AD",
      51.68841182864805,
      -12.852844022680307,
      485.43684188901534
    ],
    [
      "DEB-DA0C76B2",
      12.499693798167138,
      8.854479479174564,
      391.6627007142897
    ],
    [
      "DEB-E595107A",
      -31.48513150126325,
      -170.01209458175794,
      488.868512766805
    ],
    [
      "DEB-72C8F7FE",
      47.986359828981605,
      40.014323015191124,
      489.17659539149736
    ],
    [
      "DEB-EC5C13EB",
      16.136380786983207,
      -5.879541482493486,
      434.1952705947433
    ],
    [
      "DEB-F3F8D53D",
      4.093211547611527,
      -84.30684728455597,
      677.8127572860776
    ],
    [
      "DEB-A26316B5",
      -51.15429408158666,
      -152.436125582545,
      805.7778768093249
    ],
    [
      "DEB-131FFADB",
      30.340390671370443,
      80.90224253643616,
      355.68365839575563
    ],
    [
      "DEB-B6A7CC5C",
      22.423109396722822,
      8.44158066796851,
      780.0524566583008
    ],
    [
      "DEB-3ED2BE43",
      0.5222790663881953,
      -178.91572482313353,
      158.19377803249336
    ],
    [
      "DEB-A7467086",
      28.16680044804891,
      108.74742623382787,
      169.84691560142164
    ],
    [
      "DEB-EFC20137",
      34.792649512170065,
      -81.01793387112684,
      494.5994054072362
    ],
    [
      "DEB-3F87E13C",
      -21.754264309693685,
      -139.2728494453213,
      244.14317478511657
    ],
    [
      "DEB-0DC394CE",
      -59.70430013358813,
      35.0210741248726,
      812.7712500197613
    ],
    [
      "DEB-48D46883",
      -29.61150587562073,
      -137.5946151825279,
      155.65033747818143
    ],
    [
      "DEB-79222B06",
      60.00761823049916,
      -22.89038093964573,
      861.7154580080114
    ],
    [
      "DEB-41127D1A",
      -50.59271800909988,
      -14.153997750562818,
      665.4100359733466
    ],
    [
      "DEB-D1326631",
      -7.38460407733747,
      41.440984051602726,
      659.0654851147428
    ],
    [
      "DEB-6E97953E",
      -38.57374913036429,
      114.06789319426488,
      219.41862188014784
    ],
    [
      "DEB-98035B7F",
      40.617240631481465,
      179.3587859429997,
      311.92549787736607
    ],
    [
      "DEB-791E9E30",
      13.712808930169432,
      -12.25980736093141,
      447.57092594811365
    ],
    [
      "DEB-A7981084",
      20.861556869701893,
      -105.02482706731062,
      355.3833364845941
    ],
    [
      "DEB-F8E6AC4E",
      -12.10183373466097,
      172.44850607129464,
      728.4820055388382
    ],
    [
      "DEB-0B38FD27",
      -46.8784093365218,
      -123.0498944045307,
      812.6219887391799
    ],
    [
      "DEB-1E50FDFF",
      -16.43506441323218,
      4.494258142326864,
      552.9736064722083
    ],
    [
      "DEB-33A37BC1",
      -18.617342684157954,
      23.930056112580555,
      671.1462550497272
    ],
    [
      "DEB-16D6D986",
      -20.74350123531577,
      -11.749023604307157,
      524.4527837812029
    ],
    [
      "DEB-6739EE2B",
      -5.712336912616974,
      -123.9823604519431,
      542.0417461979105
    ],
    [
      "DEB-51789B60",
      20.508226695599774,
      73.99757591575104,
      487.6331284963926
    ],
    [
      "DEB-61EA1959",
      44.68234805588118,
      56.29386542859727,
      692.6013469053578
    ],
    [
      "DEB-7FECDDD1",
      9.502139394253653,
      151.46854814513986,
      907.0533246222285
    ],
    [
      "DEB-BE5DA1B9",
      -60.590928360001996,
      -54.60013397834048,
      804.1207509366277
    ],
    [
      "DEB-16104663",
      38.3123160646843,
      -55.44638539054472,
      792.1695294799129
    ],
    [
      "DEB-6BCCAC3E",
      -81.97229432306224,
      103.1236677999004,
      824.3394327964888
    ],
    [
      "DEB-28729BC2",
      -3.8214156510275616,
      -165.67360510974666,
      628.1744031992221
    ],
    [
      "DEB-AFACD64D",
      -48.14057661047764,
      -31.2098246245727,
      470.2943075844296
    ],
    [
      "DEB-86032915",
      -1.873062697928388,
      -26.08499180486035,
      131.03540092783078
    ],
    [
      "DEB-AE11F6F4",
      31.045532430520733,
      56.10230943429602,
      611.3001066193756
    ],
    [
      "DEB-9B28471F",
      -46.64148407357118,
      159.97827180371158,
      868.716712323393
    ],
    [
      "DEB-E226B97F",
      9.623584993713704,
      -85.44524589319651,
      275.29909382150527
    ],
    [
      "DEB-30D2E550",
      -42.29677189721789,
      174.56131566908073,
      163.8232802363782
    ],
    [
      "DEB-59E5435B",
      -24.185718027839705,
      -44.90803586385,
      798.8403882619805
    ],
    [
      "DEB-BA3826AC",
      -4.36153754774274,
      43.28065954261641,
      556.6448717828916
    ],
    [
      "DEB-60E85116",
      12.43875971688959,
      128.21907437221932,
      554.7942910556221
    ],
    [
      "DEB-1F83512C",
      -31.994041275642733,
      -47.36362384067639,
      873.2004581579204
    ],
    [
      "DEB-3BAD3EAB",
      -17.71354440384464,
      26.497101537573112,
      848.1504162559904
    ],
    [
      "DEB-3B53DF7D",
      13.045668325202909,
      14.89000408031384,
      393.8051590238565
    ],
    [
      "DEB-C26A27A2",
      -11.290867499784305,
      -132.00480299456729,
      261.9819266071836
    ],
    [
      "DEB-305ABE68",
      32.54468699140496,
      112.72342904771679,
      436.4982736486327
    ],
    [
      "DEB-8E6F8391",
      -5.756395041915076,
      113.11980480621234,
      749.5046879385472
    ],
    [
      "DEB-A08C0C81",
      15.748886364625118,
      -158.57145644235266,
      284.8000461839665
    ],
    [
      "DEB-72CE0727",
      -8.743215160896712,
      -87.60772812893993,
      235.886892941121
    ],
    [
      "DEB-0CE55B33",
      43.62648574890043,
      -115.17150148224786,
      375.056027207268
    ],
    [
      "DEB-86B35F40",
      2.9681340419320934,
      161.22748653406978,
      168.21176366609234
    ],
    [
      "DEB-BC5D8549",
      37.94833976036927,
      163.18979515105906,
      131.8731122516474
    ],
    [
      "DEB-68C35F83",
      -41.22718753775436,
      158.27642994797176,
      209.93440718962302
    ],
    [
      "DEB-29E5DC3C",
      -4.750584868518542,
      -76.32912725329294,
      560.1967942476176
    ],
    [
      "DEB-9FA88415",
      10.836216266455741,
      -62.601606637045066,
      343.4338564827267
    ],
    [
      "DEB-AAF81D79",
      75.66036906063205,
      -104.39973840999261,
      409.7041594955599
    ],
    [
      "DEB-5E12BDF3",
      36.3823994641414,
      6.864653461151244,
      583.2646527790466
    ],
    [
      "DEB-E8BBF9B4",
      53.4570715428599,
      94.56828296773233,
      663.2345839242162
    ],
    [
      "DEB-45004A24",
      -3.0935842888176412,
      130.55663354683796,
      850.488464618411
    ],
    [
      "DEB-88105063",
      -39.537564868832256,
      -160.96840228975492,
      862.6134989492448
    ],
    [
      "DEB-EAA15833",
      26.030388482056043,
      -158.21468811399782,
      242.88802120366927
    ],
    [
      "DEB-06C1691E",
      58.04950641888634,
      -50.952819380964584,
      259.53095735280203
    ],
    [
      "DEB-2FAB7ED1",
      -69.62931089938928,
      93.66597384957765,
      181.4387493874665
    ],
    [
      "DEB-DE2F0732",
      -67.21348938708773,
      -120.89136072901445,
      306.4333403706505
    ],
    [
      "DEB-57874DCB",
      26.25476417730937,
      169.44113910739455,
      176.57684821208295
    ],
    [
      "DEB-43E26E38",
      19.44018065421565,
      -122.65418919985366,
      458.44220248795773
    ],
    [
      "DEB-69E32FFE",
      -7.627694676098904,
      12.173699827851891,
      913.7776717645856
    ],
    [
      "DEB-535BA80B",
      -55.44312117418085,
      28.880455172211708,
      401.6130835326094
    ],
    [
      "DEB-0DE09725",
      11.207531213529139,
      -171.94495186877458,
      432.6495805029517
    ],
    [
      "DEB-0DF4A0E7",
      30.675305486202536,
      178.6965123763733,
      562.2423666498089
    ],
    [
      "DEB-D2C0DA61",
      36.49566066994404,
      59.387172195298255,
      851.9853787031097
    ],
    [
      "DEB-90494DF4",
      -59.06527711417366,
      162.72287670025557,
      758.2310803959881
    ],
    [
      "DEB-C9D5ED89",
      -9.618600250091141,
      140.40067999329435,
      191.66241266675752
    ],
    [
      "DEB-626E5B65",
      -29.095388104647586,
      159.26930594840567,
      570.2705627160649
    ],
    [
      "DEB-88AA404C",
      -34.15386507358657,
      163.23705254212047,
      173.0523377252175
    ],
    [
      "DEB-967D8B17",
      -25.606205567164306,
      139.74637847925237,
      694.2423239648833
    ],
    [
      "DEB-FAF03B76",
      -60.47270923799582,
      -34.17768367412374,
      211.89368717241814
    ],
    [
      "DEB-06E83896",
      5.545367478701787,
      48.17242737838595,
      412.9506588313543
    ],
    [
      "DEB-8387AA88",
      -35.33557064979159,
      -162.144437723456,
      923.2255071828276
    ],
    [
      "DEB-83FE1A8F",
      -43.85887881183809,
      -120.34749463486135,
      295.3554673692279
    ],
    [
      "DEB-DB57A6DD",
      61.14439713953241,
      29.0275278955214,
      472.074224719232
    ],
    [
      "DEB-8DC50788",
      0.3566837096046293,
      26.108830061961488,
      148.23427169446222
    ],
    [
      "DEB-546A3929",
      -29.608175380871952,
      137.72219413805163,
      402.2604770430771
    ],
    [
      "DEB-A4CD93D4",
      -20.617552396629176,
      130.98824916864154,
      348.64690638360844
    ],
    [
      "DEB-324EB52C",
      -50.55421673505357,
      60.806594148415876,
      907.179758759472
    ],
    [
      "DEB-9103E8F6",
      52.626544432081744,
      121.2344039555272,
      778.4923783326267
    ],
    [
      "DEB-8F55F8B2",
      -42.16578861703864,
      -172.39071253363133,
      557.2388882731402
    ],
    [
      "DEB-B170628A",
      -38.87734466460413,
      -132.61608241366443,
      177.5367766692807
    ],
    [
      "DEB-F911E86A",
      -2.291982705200662,
      116.42935627503066,
      382.93423880879527
    ],
    [
      "DEB-F0C9326E",
      13.216773336296542,
      -74.62605167162637,
      317.83874703956735
    ],
    [
      "DEB-7AB5A444",
      33.586464332751056,
      -108.45525627195327,
      810.2621418418275
    ],
    [
      "DEB-4B2416F5",
      13.908647316330415,
      -49.1068386348389,
      583.8506632263015
    ],
    [
      "DEB-79CF1CAB",
      -43.528896599567005,
      70.7447064246087,
      561.5001854061229
    ],
    [
      "DEB-17C30A46",
      -2.6917122382443366,
      14.261307654252958,
      697.0328367219927
    ],
    [
      "DEB-6AEBEE7F",
      -60.40950671308757,
      97.84475013101813,
      761.4530512615183
    ],
    [
      "DEB-D9F51436",
      14.003053720540485,
      146.0387284143014,
      226.93265734025226
    ],
    [
      "DEB-EEAD05E4",
      41.62084773729931,
      -159.78145882661715,
      884.1079098409582
    ],
    [
      "DEB-00D52B76",
      -50.556964429939605,
      -64.74542972508215,
      253.75514643465067
    ],
    [
      "DEB-DD51FB63",
      14.338951283262546,
      23.549367889212537,
      474.8462998434097
    ],
    [
      "DEB-7F9C2A81",
      -20.063962665045658,
      21.29367554847679,
      560.0227911545335
    ],
    [
      "DEB-6EC28E18",
      -12.094638848764907,
      -77.50319042086838,
      256.64627968306195
    ],
    [
      "DEB-EE7BA8EA",
      -13.722865644550382,
      108.17637255270098,
      818.3181217210149
    ],
    [
      "DEB-37BB9C1E",
      -9.006241320499502,
      -109.08277073079925,
      690.7465573271465
    ],
    [
      "DEB-5A9907E5",
      1.5426539356843747,
      176.18271246533237,
      529.8496305716071
    ],
    [
      "DEB-DD1E6C04",
      22.16319698696899,
      139.62845585309714,
      825.3798842601755
    ],
    [
      "DEB-DD3BC0C2",
      -29.53085819011883,
      -52.311217112173885,
      783.3382208255325
    ],
    [
      "DEB-4846415A",
      49.27493134114321,
      -61.092028856394556,
      260.109954488672
    ],
    [
      "DEB-89E7C8FE",
      38.384029794411,
      -169.30223407446437,
      404.05055128956246
    ],
    [
      "DEB-DFCDE404",
      -12.069250240035014,
      -102.5524434844455,
      379.97267110259054
    ],
    [
      "DEB-ED526583",
      27.65074607935534,
      -139.563346594392,
      814.688059125323
    ],
    [
      "DEB-7B61FFD2",
      -6.419261955290087,
      -120.27966943564212,
      914.751374221737
    ],
    [
      "DEB-92A70C9B",
      -54.31273591175744,
      -121.1210232559687,
      268.6335452408439
    ],
    [
      "DEB-94B29B0F",
      67.65903731633921,
      -119.09551881587724,
      853.962752293326
    ],
    [
      "DEB-8945141E",
      48.180353335820826,
      -131.63088440571232,
      333.8261467521679
    ],
    [
      "DEB-EB3889A8",
      0.12579703120422656,
      126.2765647960548,
      162.66027478205888
    ],
    [
      "DEB-F45677BA",
      0.5479271718145805,
      -125.61175794533375,
      232.16145198235427
    ],
    [
      "DEB-F9010A0C",
      11.657586774827674,
      117.13760915010015,
      246.80727986879174
    ],
    [
      "DEB-867516B9",
      -33.79349379538782,
      103.33131233102077,
      409.19276317015647
    ],
    [
      "DEB-28FBA54F",
      34.126606534890314,
      -29.90168563117507,
      365.1988192348781
    ],
    [
      "DEB-CEDBE63E",
      -6.515995287112692,
      -123.2004612554143,
      320.5169092629603
    ],
    [
      "DEB-7CDA610D",
      -30.507263547056667,
      -168.42880657566977,
      892.897610285022
    ],
    [
      "DEB-DF73237A",
      -68.63325114007186,
      -176.43191377042132,
      322.5715638746633
    ],
    [
      "DEB-1FEEE2D3",
      -38.18195841543103,
      -147.7877927436017,
      727.6052736146548
    ],
    [
      "DEB-79B209C4",
      -81.07687433578464,
      39.26342898205335,
      603.0392786134034
    ],
    [
      "DEB-C6975576",
      15.2113312615952,
      151.72422766113746,
      886.1299515868932
    ],
    [
      "DEB-CFD3C7E1",
      46.899942277061804,
      -51.22769835001856,
      646.5035985361046
    ],
    [
      "DEB-4567DF1E",
      33.92158865649651,
      103.73865888270966,
      386.05191400610875
    ],
    [
      "DEB-307E77EE",
      19.54802177172919,
      177.73608420575243,
      191.59617315770083
    ],
    [
      "DEB-6FDD5831",
      -41.17674996570711,
      60.43519893018753,
      324.21376663667706
    ],
    [
      "DEB-8E7B08D6",
      -2.603494037018148,
      98.22245160531534,
      825.8395081663411
    ],
    [
      "DEB-8EFBC361",
      -0.027627179498795396,
      103.87930253435026,
      779.7659468251422
    ],
    [
      "DEB-E43BD9A8",
      -13.246235176256446,
      90.03735039506925,
      777.1074051980077
    ],
    [
      "DEB-2B16E9E4",
      -57.59479082918142,
      -163.04673946182652,
      859.749855691648
    ],
    [
      "DEB-91DC6BF4",
      -15.594847469013787,
      -2.0125541348624956,
      879.4864146323298
    ],
    [
      "DEB-ED1719B5",
      -42.4687882301596,
      -106.39833319821508,
      528.7591915126504
    ],
    [
      "DEB-83C7C372",
      -25.15727880731721,
      149.80601500801447,
      268.96911378261666
    ],
    [
      "DEB-E79CE8F4",
      -44.67355384014299,
      -98.55973008319297,
      280.5375796227945
    ],
    [
      "DEB-5B59110C",
      -39.89817103366441,
      -154.49100160845384,
      559.6178101349224
    ],
    [
      "DEB-C725EF65",
      11.578371221946629,
      -58.894528622625224,
      227.29615008235942
    ],
    [
      "DEB-3E642411",
      11.432960000138507,
      80.33005300385196,
      234.04045462871363
    ],
    [
      "DEB-0BEC58B4",
      46.0535780466081,
      -112.43851488028072,
      911.180667673214
    ],
    [
      "DEB-F3300524",
      52.38388432570102,
      -0.41381784983221653,
      646.8687766379007
    ],
    [
      "DEB-85382210",
      65.49792178911144,
      151.72582552763183,
      247.3315478986824
    ],
    [
      "DEB-8F0A76A2",
      51.17544384536844,
      36.38152249179857,
      684.0520514105638
    ],
    [
      "DEB-169A75F6",
      59.949729904430804,
      -179.99487154896042,
      505.10892814957333
    ],
    [
      "DEB-DCE241B6",
      -33.39542897149797,
      164.49339828723134,
      250.2072944655938
    ],
    [
      "DEB-7EB90840",
      -61.958176886020475,
      -57.786463564334994,
      574.17053030028
    ],
    [
      "DEB-6E8608B2",
      21.060807727571056,
      35.5776691981667,
      210.42969964470103
    ],
    [
      "DEB-815D3765",
      13.952662883046644,
      18.0098891214495,
      915.3678308608623
    ],
    [
      "DEB-25066797",
      21.432102805850935,
      -70.0873962859492,
      463.7637388304929
    ],
    [
      "DEB-86351E7E",
      26.916862732563914,
      178.31353321111757,
      734.3163124731454
    ],
    [
      "DEB-1CCC2465",
      -74.82925889143527,
      106.9827973296234,
      747.1153515904844
    ],
    [
      "DEB-D8295531",
      -32.02469737952786,
      -172.5938566197932,
      398.2743418207974
    ],
    [
      "DEB-7FEF8F6E",
      37.14737891427598,
      -140.63848313695757,
      351.67324400790403
    ],
    [
      "DEB-F37D7F69",
      -37.63291517144109,
      -19.39267301962475,
      546.4250249060733
    ],
    [
      "DEB-6784E6BB",
      -10.272542485887783,
      37.22223163634788,
      886.643473991423
    ],
    [
      "DEB-117A98E1",
      -12.924227000727834,
      -145.77749327328624,
      569.770047525988
    ],
    [
      "DEB-5BE02630",
      7.042165910016996,
      66.49384414269788,
      786.4111576995747
    ],
    [
      "DEB-6F8FF7F9",
      -7.4377769387395585,
      88.12674133992694,
      481.0392059951355
    ],
    [
      "DEB-DB7A90CC",
      -33.82622751188945,
      -56.871549258581304,
      516.856289052841
    ],
    [
      "DEB-743D92FD",
      40.36823076670307,
      -117.4223467582758,
      619.6213178864537
    ],
    [
      "DEB-D36BED56",
      -66.55475662858161,
      -73.16835250646473,
      852.0672398822335
    ],
    [
      "DEB-AFB7400E",
      22.234888809141854,
      75.49737444383672,
      612.3633845508803
    ],
    [
      "DEB-8AD76332",
      -59.40472523644012,
      13.165835831076961,
      632.1382651327394
    ],
    [
      "DEB-FE9AF0CA",
      -14.763278565730728,
      -24.778330828142202,
      148.940979013405
    ],
    [
      "DEB-39A6A3AC",
      -9.016284954485512,
      137.7173324417664,
      273.7057388364519
    ],
    [
      "DEB-62BECB36",
      13.613597411113956,
      145.69332156802315,
      701.842827532384
    ],
    [
      "DEB-27DD53CA",
      -58.58385307195165,
      165.44517539448844,
      266.0141321703759
    ],
    [
      "DEB-D45873A9",
      4.1080225890447775,
      -124.05251791128721,
      218.3689526664475
    ],
    [
      "DEB-CDD404A5",
      -29.20910453189418,
      121.38587209877372,
      576.7581804655811
    ],
    [
      "DEB-4271B90A",
      -11.35881914344994,
      116.77622755046481,
      602.3885527118882
    ],
    [
      "DEB-6E4A5441",
      38.96459546585778,
      136.0988233873089,
      127.64169586616663
    ],
    [
      "DEB-CB0B8B52",
      21.913544104793907,
      -41.498235248306564,
      150.1234204168577
    ],
    [
      "DEB-5A13BA43",
      -11.582413452990172,
      -24.260270637806947,
      564.7935244876116
    ],
    [
      "DEB-32308E41",
      31.79541201033616,
      -133.4448844122578,
      306.0095808826509
    ],
    [
      "DEB-627EB34E",
      -6.794575679146948,
      -103.78569356770173,
      732.9858610766314
    ],
    [
      "DEB-240EAAC8",
      -4.489262734775685,
      45.4380152102809,
      359.71188716442794
    ],
    [
      "DEB-D2525A88",
      26.762335757297183,
      152.8873670388995,
      222.67742379047468
    ],
    [
      "DEB-12042095",
      -35.47314251062436,
      -149.1900471174082,
      276.8993353425667
    ],
    [
      "DEB-4B0CB3D4",
      23.541410461214973,
      -59.91444396451724,
      838.9647689437943
    ],
    [
      "DEB-130CD57C",
      34.45245365109417,
      -144.71942124060138,
      428.9001143311816
    ],
    [
      "DEB-D7BEB059",
      -79.89949513596595,
      105.47629622897179,
      743.5242344918024
    ],
    [
      "DEB-A9FD93D9",
      2.4958732655426332,
      76.32472155209454,
      900.4518655901002
    ],
    [
      "DEB-7EC0B1B3",
      -51.46261389511876,
      135.94161589017588,
      205.15219989901925
    ],
    [
      "DEB-F4AAB1F2",
      -46.69038111388518,
      -44.01066558730638,
      416.4627367442763
    ],
    [
      "DEB-381AF15B",
      -54.61078364635971,
      9.63957841503233,
      595.9727346068084
    ],
    [
      "DEB-FC7E30E8",
      -62.43584712918373,
      48.490157979733276,
      225.62760963618257
    ],
    [
      "DEB-36590057",
      23.36985930267054,
      -140.23997585203276,
      828.3845806807776
    ],
    [
      "DEB-3E2ECF3B",
      -10.614966667190322,
      -87.88753211654671,
      294.830169147398
    ],
    [
      "DEB-AA03138A",
      -31.62573918948681,
      -84.65627092637541,
      604.5304589378711
    ],
    [
      "DEB-9C5E8BAE",
      40.43980436783297,
      -148.14123903695858,
      546.4327738193606
    ],
    [
      "DEB-25420120",
      11.320104927224774,
      -88.14126005471817,
      746.6095934356445
    ],
    [
      "DEB-226B018F",
      -16.451645623837283,
      -45.66895237412118,
      428.40322052876854
    ],
    [
      "DEB-1141EDB2",
      -66.8198343371287,
      -26.426347473908045,
      610.3482998086138
    ],
    [
      "DEB-489EDF94",
      22.15042951822052,
      -114.82462603869833,
      583.7110116149706
    ],
    [
      "DEB-D00CB354",
      12.195565172800453,
      67.93814402600987,
      755.7139834329992
    ],
    [
      "DEB-178914F2",
      -54.444368566554566,
      66.09209614661852,
      657.1826348101367
    ],
    [
      "DEB-361F3C73",
      -34.20306510474905,
      62.796733145180205,
      769.2578798279492
    ],
    [
      "DEB-11601897",
      -31.853463188804813,
      158.50053937199388,
      517.6538175979204
    ],
    [
      "DEB-ADCBE1E6",
      28.075524782281033,
      119.08208099880457,
      322.29370957200535
    ],
    [
      "DEB-4767459A",
      -2.2110887627804754,
      -60.43014595723432,
      385.22545551184794
    ],
    [
      "DEB-48899811",
      14.236557025486697,
      117.90036011325724,
      199.5856806462507
    ],
    [
      "DEB-2027AA55",
      -12.093139590953692,
      -56.79051634671405,
      487.7185297488895
    ],
    [
      "DEB-6112D15E",
      2.4772744604664076,
      -18.668979090781402,
      600.3898766817119
    ],
    [
      "DEB-289FECFF",
      19.296177959819577,
      142.2821092790397,
      623.2957425594295
    ],
    [
      "DEB-D4FD743F",
      -61.63074007776208,
      21.47177754835414,
      624.8923968689805
    ],
    [
      "DEB-53BD3CDE",
      6.228168046514217,
      -45.41172231984653,
      184.38711702399723
    ],
    [
      "DEB-2859640D",
      -13.766559475810473,
      -64.8164436344637,
      287.0176593455517
    ],
    [
      "DEB-7973CBAF",
      32.54943218580329,
      -145.18253994558998,
      785.4677101794905
    ],
    [
      "DEB-A8422301",
      -58.13280396232526,
      -49.17185140635042,
      540.4098167894463
    ],
    [
      "DEB-86E9EC02",
      29.644697753753444,
      63.45330420302541,
      254.7578057488463
    ],
    [
      "DEB-7B26149D",
      -49.22002684792331,
      179.89183549559903,
      441.8936315871715
    ],
    [
      "DEB-1B677EB9",
      -88.23476829715233,
      -65.70862807865805,
      646.4616120320215
    ],
    [
      "DEB-522B2485",
      -12.665982404362659,
      137.02919925879584,
      295.8043151868633
    ],
    [
      "DEB-7619CCB5",
      54.48218534173476,
      28.093968760398226,
      638.731360237156
    ],
    [
      "DEB-EDA8C2D2",
      -48.064865996172685,
      171.33947698425277,
      200.60281428201415
    ],
    [
      "DEB-CFF92111",
      -22.980631862011283,
      -119.91612429990113,
      255.36040057145692
    ],
    [
      "DEB-10E8FF47",
      -39.523808173504,
      139.34821408847546,
      405.7069597776954
    ],
    [
      "DEB-3F1B0D9F",
      -8.229627354685563,
      -93.53004620195968,
      870.1217338778597
    ],
    [
      "DEB-E8EDE4A1",
      3.606502696579762,
      148.61317577457157,
      648.5595822183632
    ],
    [
      "DEB-F247D0DD",
      14.274998381642368,
      100.31383253345903,
      862.1785914680731
    ],
    [
      "DEB-567774CE",
      63.286133720264594,
      -63.751096032797456,
      545.8291008868064
    ],
    [
      "DEB-2AD6F565",
      17.510416948324366,
      28.27835782671834,
      670.5007097486896
    ],
    [
      "DEB-8B587306",
      -30.361542495502665,
      -98.47503107797299,
      511.73946908179914
    ],
    [
      "DEB-E3F76E2A",
      32.19208663792988,
      138.46042861662823,
      660.4144843369613
    ],
    [
      "DEB-433F8860",
      48.912678458126884,
      53.26310683529053,
      645.2586349855419
    ],
    [
      "DEB-63AC0697",
      51.76468149201131,
      135.2366322031671,
      893.2410504736072
    ],
    [
      "DEB-28B68E13",
      -37.04812130951363,
      166.83992019728842,
      672.3194175432227
    ],
    [
      "DEB-3E8013AA",
      40.34394874227309,
      122.89833269362133,
      635.1300247588997
    ],
    [
      "DEB-8C0770D7",
      67.17007674183837,
      39.39482131246499,
      204.60408260812528
    ],
    [
      "DEB-A983C07A",
      -30.030492516884575,
      -24.52269357794811,
      633.7299338958628
    ],
    [
      "DEB-EEB9ABFB",
      50.27121262047885,
      -129.54804548462153,
      915.2870003412154
    ],
    [
      "DEB-D46F7578",
      -11.935940286796693,
      76.43363551952058,
      123.37649753937603
    ],
    [
      "DEB-731823B1",
      -41.57300262671832,
      -170.38038950040587,
      649.5493252926108
    ],
    [
      "DEB-57A71C1D",
      -32.12753199474592,
      120.06655881632813,
      664.2558319799136
    ],
    [
      "DEB-9D5DFB83",
      0.947105168764415,
      -15.294025638548272,
      482.2896644364064
    ],
    [
      "DEB-D7CB867D",
      -40.33039471025278,
      71.08024710972379,
      681.0060996551065
    ],
    [
      "DEB-B056EEF6",
      75.80843548977397,
      -34.915470100722075,
      629.1850260122874
    ],
    [
      "DEB-A6774BCD",
      76.11659834714757,
      -118.67229185573721,
      691.0270792133042
    ],
    [
      "DEB-341F2DB0",
      77.88372807845377,
      78.49336744296892,
      636.5472017234679
    ],
    [
      "DEB-99D932B3",
      38.49732816651501,
      -146.42128634520907,
      638.5243098979454
    ],
    [
      "DEB-FD4D5640",
      -43.760601575418704,
      9.717991343762742,
      435.55188133949014
    ],
    [
      "DEB-A8BBFD6D",
      83.480059674706,
      -77.1468228003474,
      310.57143102781356
    ],
    [
      "DEB-FC55A3E9",
      -32.25782295214941,
      -146.2245494820242,
      394.1433576627278
    ],
    [
      "DEB-F1440E77",
      -16.108665403383476,
      -168.62258987107205,
      650.6896630675346
    ],
    [
      "DEB-ACD6BCC8",
      52.25733447167639,
      -167.0813748743338,
      636.9369758828734
    ],
    [
      "DEB-F547B0D8",
      -10.013943560087128,
      -57.752077875301616,
      260.5575584085627
    ],
    [
      "DEB-404E1430",
      -18.560772430867754,
      2.2170571025743513,
      369.4566696455122
    ],
    [
      "DEB-0A92E743",
      22.962795001280938,
      -179.41543912474575,
      574.4505016244111
    ],
    [
      "DEB-22F9A704",
      -8.173323613465577,
      35.46037429042337,
      781.9155854704495
    ],
    [
      "DEB-9047A9F0",
      45.72867105193491,
      95.07736715466496,
      254.20722783902875
    ],
    [
      "DEB-F43D8F42",
      -80.87261937923705,
      18.945914110862255,
      622.6853502618114
    ],
    [
      "DEB-D0BF4CEF",
      -38.042923996606056,
      -6.53540224264337,
      694.837212093953
    ],
    [
      "DEB-045626C2",
      -48.56084981345321,
      -9.498340488247973,
      184.01877503250398
    ],
    [
      "DEB-A8967298",
      57.93184600280088,
      -128.88980656092656,
      385.54624292775407
    ],
    [
      "DEB-91F3CA8B",
      20.00470412896859,
      -134.2625006219179,
      515.3320999258631
    ],
    [
      "DEB-98CCCBFD",
      78.56837541160927,
      -122.85157515564043,
      730.0324071653959
    ],
    [
      "DEB-72BCE389",
      -5.491778072063338,
      -141.55669796023403,
      263.601837252515
    ],
    [
      "DEB-500697BD",
      15.90037246242418,
      162.2043026570069,
      187.04363100354476
    ],
    [
      "DEB-A7DD8544",
      22.043958609490275,
      -11.87998228918509,
      731.5219193258035
    ],
    [
      "DEB-7AC8DB61",
      -31.365945748857143,
      87.14013554608579,
      400.29706620625893
    ],
    [
      "DEB-FF79194C",
      -65.00156542870774,
      -1.2775540539225891,
      426.9446604090999
    ],
    [
      "DEB-0762F3A0",
      39.96829263072535,
      10.479146067267754,
      775.0376002551684
    ],
    [
      "DEB-5B39FC1A",
      32.48283642349977,
      147.5833733941277,
      787.4554924962913
    ],
    [
      "DEB-19A3D135",
      0.6875352240786858,
      -9.729366241854104,
      536.1180687815931
    ],
    [
      "DEB-18C4C930",
      -17.318149139696562,
      -59.84706808696185,
      755.8712189823082
    ],
    [
      "DEB-FD18D504",
      -53.4672639996773,
      -130.93799313685668,
      616.8125911469269
    ],
    [
      "DEB-DD2BF9DE",
      -32.863406336253554,
      129.83815532555326,
      871.5403765221963
    ],
    [
      "DEB-4E88A9D1",
      24.919773670036697,
      122.05580002638507,
      123.84703798248393
    ],
    [
      "DEB-8DA93BAF",
      58.68574594866838,
      110.4933173429836,
      504.09586667280564
    ],
    [
      "DEB-3D13FB0F",
      -42.26530759459024,
      160.65519636265245,
      902.6708152897863
    ],
    [
      "DEB-5A36FEE1",
      -48.63470679394159,
      -86.94442247480255,
      609.2341303376452
    ],
    [
      "DEB-F1348920",
      -20.471358481843076,
      -70.67358790038313,
      170.34305051025603
    ],
    [
      "DEB-A1C006A2",
      46.57137210267577,
      153.67054650933363,
      202.21286995588252
    ],
    [
      "DEB-BB349A24",
      5.608051745477643,
      -121.61312700878932,
      891.3798266665744
    ],
    [
      "DEB-C886E846",
      -9.099588951812478,
      -153.74131185525155,
      175.83622196816214
    ],
    [
      "DEB-83FCDFB5",
      -73.88375816706514,
      157.553044947982,
      192.92202678527337
    ],
    [
      "DEB-9DAAD722",
      -11.161588064978282,
      -83.09403610951288,
      649.2919246941756
    ],
    [
      "DEB-F6E4A4CF",
      40.04852229471332,
      16.101932055138718,
      196.86006169181292
    ],
    [
      "DEB-09CA4782",
      47.633926187158245,
      -158.30283157074672,
      471.1408851608994
    ],
    [
      "DEB-FE469EE9",
      42.21146364615365,
      107.10981127933134,
      656.9419698950105
    ],
    [
      "DEB-379A9A9F",
      -60.324158334992866,
      -123.19785711162214,
      866.8486512506433
    ],
    [
      "DEB-5A495666",
      -17.47880400997274,
      150.85873081375118,
      461.39200951719977
    ],
    [
      "DEB-19ED541E",
      -9.352771720040476,
      -159.07856322427972,
      162.32807675282857
    ],
    [
      "DEB-6EAC5CB0",
      37.922611266492,
      158.6528949469797,
      390.94093004766637
    ],
    [
      "DEB-1BBA6C66",
      62.3573844449501,
      51.81335929755411,
      859.4834964804531
    ],
    [
      "DEB-A1D7E991",
      30.176002202390805,
      -14.184892272277235,
      486.235157885666
    ],
    [
      "DEB-AC0014A1",
      60.990596111761064,
      98.37034035424858,
      677.7628001774519
    ],
    [
      "DEB-4AFFA0A1",
      40.74742726368465,
      26.890727122800875,
      259.8083667936289
    ],
    [
      "DEB-F23061E3",
      82.90912542636352,
      -112.28789652385258,
      690.3837413238425
    ],
    [
      "DEB-B88DEED7",
      41.2925688963154,
      178.75541873870367,
      358.5627265376679
    ],
    [
      "DEB-0EE75161",
      -16.117476002326246,
      -28.72912549185284,
      888.1575182431625
    ],
    [
      "DEB-119430F6",
      -36.95621179505831,
      4.843573146168367,
      892.386262187496
    ],
    [
      "DEB-E48BAEC3",
      -42.62617917759108,
      165.18964184841747,
      197.06037746218317
    ],
    [
      "DEB-205D1359",
      -2.6970168741916307,
      -13.33182109458207,
      373.48575674443146
    ],
    [
      "DEB-F555982B",
      -53.99298158831928,
      166.10761712988457,
      447.09628986156895
    ],
    [
      "DEB-809F04C0",
      8.631853797256104,
      127.87376920636589,
      915.1565405427455
    ],
    [
      "DEB-BE86554A",
      52.375376780894044,
      -122.93237728600799,
      860.8847449705572
    ],
    [
      "DEB-A952FAE0",
      40.06424432092646,
      -36.19643342347454,
      318.9160543573653
    ],
    [
      "DEB-E36DA825",
      25.154751735510455,
      -82.94481146042438,
      867.6132538620641
    ],
    [
      "DEB-BAC31666",
      64.93327001973631,
      -105.42431451894814,
      442.2812038199436
    ],
    [
      "DEB-3AA418A1",
      -28.202781879910958,
      50.15015780238937,
      900.1028225892187
    ],
    [
      "DEB-4BE00A51",
      30.26158045025436,
      118.6627461657205,
      283.13288681835274
    ],
    [
      "DEB-456C5F45",
      -28.589163223916756,
      -176.53212928867396,
      160.70982681513215
    ],
    [
      "DEB-6BF88084",
      19.148834400193614,
      -156.17256494500455,
      167.65182480873773
    ],
    [
      "DEB-A0BE1F1D",
      10.772592813012508,
      -103.4389420709467,
      563.0654659743277
    ],
    [
      "DEB-27B9CEAB",
      16.49723507501266,
      -19.024392168544253,
      833.927123297015
    ],
    [
      "DEB-3C9C71BC",
      72.43027748993592,
      91.91332987162495,
      246.43305739664174
    ],
    [
      "DEB-EACD4974",
      18.208739277655607,
      -97.15401441870047,
      822.7277537418859
    ],
    [
      "DEB-66F30820",
      -41.99352570419818,
      -34.10968678451381,
      601.9734717594902
    ],
    [
      "DEB-866B6E19",
      20.67982558142226,
      -23.182574987473245,
      480.3231417117986
    ],
    [
      "DEB-FD77C1E5",
      -29.86539737432882,
      60.801973238913114,
      665.163070016416
    ],
    [
      "DEB-B7AE1B45",
      67.16498077189486,
      -12.419472962580665,
      703.5373245571482
    ],
    [
      "DEB-EE9F1619",
      -18.77271572479409,
      -168.16879023977086,
      754.8169004836991
    ],
    [
      "DEB-159171E2",
      7.2185553786479515,
      33.231260155061015,
      181.76876008580075
    ],
    [
      "DEB-0D1DDFDC",
      -7.4766565870902,
      -42.630594225571826,
      178.1626759319688
    ],
    [
      "DEB-E87107DE",
      42.34869916002483,
      106.40152640579805,
      498.73041882096004
    ],
    [
      "DEB-11F1B0BD",
      80.015682701085,
      83.5413532613076,
      853.0949043615155
    ],
    [
      "DEB-9F660978",
      16.299304030872477,
      99.4411517896312,
      478.66502022368695
    ],
    [
      "DEB-7B65752A",
      64.30367601238441,
      69.66062293922721,
      687.2090925463635
    ],
    [
      "DEB-93BDC11D",
      -16.019843190383316,
      8.877965180646887,
      437.298753634901
    ],
    [
      "DEB-722CD92B",
      -32.954765992238485,
      -0.6440395641199186,
      710.7180718507161
    ],
    [
      "DEB-9AC654B1",
      -74.49731387255365,
      21.459476553542714,
      585.1967946095183
    ],
    [
      "DEB-819EBAB5",
      -2.1010487353898504,
      49.054789443978436,
      193.8312451930433
    ],
    [
      "DEB-7054B94F",
      -15.290965503861344,
      -23.87575326178541,
      826.5884289530459
    ],
    [
      "DEB-E6225B4B",
      37.83324805253361,
      67.33458095489684,
      701.0489232620066
    ],
    [
      "DEB-084C0968",
      41.77801540564883,
      35.78058398658618,
      734.9234791407507
    ],
    [
      "DEB-B39A4B31",
      17.391676818518892,
      70.90372510479617,
      621.2612473992776
    ],
    [
      "DEB-F2058DF4",
      -42.50326631542618,
      159.48239342373552,
      238.36329900561395
    ],
    [
      "DEB-E57B47DE",
      -37.11788458682639,
      83.72309892334115,
      671.2620830702144
    ],
    [
      "DEB-B9A33666",
      -52.2066457013216,
      -109.50352465620183,
      460.2481666484973
    ],
    [
      "DEB-27EC2DD8",
      -30.95324358741118,
      -111.28545492456759,
      626.1647973750332
    ],
    [
      "DEB-CF252D1B",
      45.70082942998962,
      -70.45468897253866,
      137.75612476361403
    ],
    [
      "DEB-E9EA7814",
      -30.07826932230674,
      -58.248264398696364,
      653.2014887294499
    ],
    [
      "DEB-0E87FA1B",
      0.9200907450674685,
      -143.9475007068188,
      731.5151993850859
    ],
    [
      "DEB-165E2A7A",
      -16.56401668174775,
      78.29419392934739,
      635.5271377551617
    ],
    [
      "DEB-8763FF9B",
      -12.329962867024108,
      -159.94857121209498,
      791.4607512426619
    ],
    [
      "DEB-627A25F7",
      41.911667467858216,
      107.64292392023256,
      611.1297366826093
    ],
    [
      "DEB-8EEDAF22",
      54.110347185821226,
      -14.48099520590708,
      851.1042419283212
    ],
    [
      "DEB-C143440F",
      3.3078899612400963,
      -72.93199327431236,
      617.9359111466874
    ],
    [
      "DEB-548F2CB0",
      -20.81056355905902,
      -98.80126376324215,
      382.77122698809217
    ],
    [
      "DEB-83CEED7F",
      47.230262980523825,
      49.401440347406705,
      669.6388855313644
    ],
    [
      "DEB-17229A2C",
      -8.662609644056479,
      33.077585106589865,
      831.197195069446
    ],
    [
      "DEB-3584079B",
      -53.21331125424952,
      -111.91846141618367,
      677.9501459937419
    ],
    [
      "DEB-62BE0963",
      -36.28613384072862,
      68.66191463616791,
      236.3673943990516
    ],
    [
      "DEB-678A3007",
      6.627205903353171,
      136.9413226129027,
      486.7696344493361
    ],
    [
      "DEB-BA60A227",
      -9.622790761841776,
      7.1603965182832106,
      160.39102706254107
    ],
    [
      "DEB-072A12B4",
      -5.955359320752071,
      -116.05880741340336,
      720.3702354089719
    ],
    [
      "DEB-THREAT-01",
      8.425812755648609e-05,
      0.0001685162551133366,
      421.89300003676453
    ]
  ],
  "maneuvers": []
}

  ≡ƒôì SAT-ALPHA-04 position: lat=0.0000, lon=0.0000
  Γ¢╜ Fuel: 50.0 kg

ΓÅ▒∩╕Å  Simulating 10 seconds...

============================================================
  Step 3: Simulate Step (10s)  [HTTP 200]
============================================================
{
  "status": "STEP_COMPLETE",
  "new_timestamp": "2026-03-12T08:00:10.000Z",
  "collisions_detected": 0,
  "maneuvers_executed": 0
}

  Γ£à No collision detected (objects may have diverged)
  Γä╣∩╕Å  No maneuver executed

  ≡ƒôì SAT-ALPHA-04 after: lat=0.0000, lon=0.6454
  Γ¢╜ Fuel after: 50.0000 kg (was 50.0)

≡ƒôí Testing manual maneuver schedule (PS format)...

============================================================
  Step 6: Maneuver Schedule (2-burn sequence)  [HTTP 200]
============================================================
{
  "status": "SCHEDULED",
  "validation": {
    "ground_station_los": false,
    "sufficient_fuel": true,
    "projected_mass_remaining_kg": 44.54416170054867
  }
}

============================================================
  ≡ƒÅü TEST COMPLETE
============================================================
